Java HotSpot(TM) 64-Bit Server VM (25.77-b03) for linux-amd64 JRE (1.8.0_77-b03), built on Mar 20 2016 22:00:46 by "java_re" with gcc 4.3.0 20080428 (Red Hat 4.3.0-8)
Memory: 4k page, physical 263567124k(200793640k free), swap 0k(0k free)
CommandLine flags: -XX:CMSInitiatingOccupancyFraction=75 -XX:ErrorFile=/data01/var/log/hadoop/hdfs/hs_err_pid%p.log -XX:InitialHeapSize=193273528320 -XX:MaxHeapSize=193273528320 -XX:MaxNewSize=15032385536 -XX:MaxTenuringThreshold=6 -XX:NewSize=15032385536 -XX:OldPLABSize=16 -XX:ParallelGCThreads=8 -XX:+PrintGC -XX:+PrintGCDateStamps -XX:+PrintGCDetails -XX:+PrintGCTimeStamps -XX:+UseCMSInitiatingOccupancyOnly -XX:+UseConcMarkSweepGC -XX:+UseParNewGC 
2018-04-13T01:24:03.535+0800: 2.531: [GC (CMS Initial Mark) [1 CMS-initial-mark: 0K(174063616K)] 2583708K(187275712K), 0.0449715 secs] [Times: user=0.04 sys=0.00, real=0.04 secs] 
2018-04-13T01:24:03.580+0800: 2.576: [CMS-concurrent-mark-start]
2018-04-13T01:24:03.830+0800: 2.826: [CMS-concurrent-mark: 0.250/0.250 secs] [Times: user=0.30 sys=0.23, real=0.25 secs] 
2018-04-13T01:24:03.831+0800: 2.827: [CMS-concurrent-preclean-start]
2018-04-13T01:24:04.093+0800: 3.089: [CMS-concurrent-preclean: 0.262/0.262 secs] [Times: user=0.32 sys=0.01, real=0.27 secs] 
2018-04-13T01:24:04.093+0800: 3.089: [CMS-concurrent-abortable-preclean-start]
 CMS: abort preclean due to time 2018-04-13T01:24:10.222+0800: 9.218: [CMS-concurrent-abortable-preclean: 4.911/6.129 secs] [Times: user=5.82 sys=2.04, real=6.13 secs] 
2018-04-13T01:24:10.222+0800: 9.218: [GC (CMS Final Remark) [YG occupancy: 7952425 K (13212096 K)]2018-04-13T01:24:10.222+0800: 9.218: [Rescan (parallel) , 8.9620166 secs]2018-04-13T01:24:19.184+0800: 18.180: [weak refs processing, 0.0000301 secs]2018-04-13T01:24:19.184+0800: 18.180: [class unloading, 0.0035887 secs]2018-04-13T01:24:19.188+0800: 18.184: [scrub symbol table, 0.0026617 secs]2018-04-13T01:24:19.190+0800: 18.187: [scrub string table, 0.0004892 secs][1 CMS-remark: 0K(174063616K)] 7952425K(187275712K), 8.9695088 secs] [Times: user=63.08 sys=6.86, real=8.97 secs] 
2018-04-13T01:24:19.192+0800: 18.188: [CMS-concurrent-sweep-start]
2018-04-13T01:24:19.192+0800: 18.188: [CMS-concurrent-sweep: 0.000/0.000 secs] [Times: user=0.00 sys=0.00, real=0.00 secs] 
2018-04-13T01:24:19.192+0800: 18.188: [CMS-concurrent-reset-start]
2018-04-13T01:24:20.703+0800: 19.699: [GC (Allocation Failure) 2018-04-13T01:24:20.703+0800: 19.699: [ParNew: 11744128K->684007K(13212096K), 14.7386461 secs] 11744128K->6975468K(187275712K), 14.7388342 secs] [Times: user=108.30 sys=8.05, real=14.74 secs] 
2018-04-13T01:24:36.450+0800: 35.447: [CMS-concurrent-reset: 1.222/17.259 secs] [Times: user=111.73 sys=10.43, real=17.25 secs] 
2018-04-13T01:25:19.420+0800: 78.416: [GC (Allocation Failure) 2018-04-13T01:25:19.420+0800: 78.416: [ParNew: 12428135K->1280548K(13212096K), 3.6996944 secs] 18719596K->7572009K(187275712K), 3.6998180 secs] [Times: user=26.76 sys=2.59, real=3.70 secs] 
2018-04-13T01:25:26.953+0800: 85.949: [GC (Allocation Failure) 2018-04-13T01:25:26.953+0800: 85.949: [ParNew: 13024676K->1467968K(13212096K), 2.7500144 secs] 19316137K->8425619K(187275712K), 2.7501011 secs] [Times: user=21.24 sys=0.67, real=2.75 secs] 
2018-04-13T01:25:33.210+0800: 92.206: [GC (Allocation Failure) 2018-04-13T01:25:33.210+0800: 92.206: [ParNew: 13212096K->1125319K(13212096K), 2.4598863 secs] 20169747K->9488560K(187275712K), 2.4599820 secs] [Times: user=10.73 sys=2.81, real=2.46 secs] 
2018-04-13T01:25:42.299+0800: 101.295: [GC (Allocation Failure) 2018-04-13T01:25:42.299+0800: 101.295: [ParNew: 12869447K->859662K(13212096K), 1.1979219 secs] 21232688K->9993973K(187275712K), 1.1980011 secs] [Times: user=8.02 sys=0.50, real=1.20 secs] 
2018-04-13T01:25:47.039+0800: 106.035: [GC (Allocation Failure) 2018-04-13T01:25:47.039+0800: 106.035: [ParNew: 12603790K->1160645K(13212096K), 1.2923135 secs] 21738101K->11040083K(187275712K), 1.2924096 secs] [Times: user=7.83 sys=0.73, real=1.30 secs] 
2018-04-13T01:25:51.515+0800: 110.511: [GC (Allocation Failure) 2018-04-13T01:25:51.515+0800: 110.511: [ParNew: 12904773K->1065132K(13212096K), 1.1443032 secs] 22784211K->11719505K(187275712K), 1.1443943 secs] [Times: user=7.72 sys=0.42, real=1.14 secs] 
2018-04-13T01:25:55.847+0800: 114.843: [GC (Allocation Failure) 2018-04-13T01:25:55.847+0800: 114.843: [ParNew: 12809260K->946710K(13212096K), 1.1537742 secs] 23463633K->12352694K(187275712K), 1.1539663 secs] [Times: user=7.80 sys=0.40, real=1.15 secs] 
2018-04-13T01:26:00.284+0800: 119.280: [GC (Allocation Failure) 2018-04-13T01:26:00.284+0800: 119.280: [ParNew: 12690838K->1296612K(13212096K), 1.8498503 secs] 24096822K->13438033K(187275712K), 1.8499358 secs] [Times: user=10.22 sys=3.54, real=1.85 secs] 
2018-04-13T01:26:09.976+0800: 128.972: [GC (Allocation Failure) 2018-04-13T01:26:09.976+0800: 128.972: [ParNew: 13040740K->1153310K(13212096K), 1.4065255 secs] 25182161K->14072903K(187275712K), 1.4065995 secs] [Times: user=8.85 sys=1.27, real=1.41 secs] 
2018-04-13T01:26:14.761+0800: 133.757: [GC (Allocation Failure) 2018-04-13T01:26:14.761+0800: 133.757: [ParNew: 12897438K->1147302K(13212096K), 1.1868902 secs] 25817031K->14830428K(187275712K), 1.1869715 secs] [Times: user=7.91 sys=0.57, real=1.19 secs] 
2018-04-13T01:26:18.950+0800: 137.946: [GC (Allocation Failure) 2018-04-13T01:26:18.950+0800: 137.946: [ParNew: 12891430K->1256836K(13212096K), 1.1631040 secs] 26574556K->15716255K(187275712K), 1.1631750 secs] [Times: user=7.89 sys=0.40, real=1.17 secs] 
2018-04-13T01:26:23.103+0800: 142.099: [GC (Allocation Failure) 2018-04-13T01:26:23.103+0800: 142.099: [ParNew: 13000964K->1269115K(13212096K), 1.2026817 secs] 27460383K->16512048K(187275712K), 1.2027602 secs] [Times: user=8.29 sys=0.41, real=1.20 secs] 
2018-04-13T01:26:27.330+0800: 146.326: [GC (Allocation Failure) 2018-04-13T01:26:27.330+0800: 146.326: [ParNew: 13013243K->1072283K(13212096K), 1.3678588 secs] 28256176K->17094672K(187275712K), 1.3679496 secs] [Times: user=7.78 sys=2.16, real=1.37 secs] 
2018-04-13T01:26:34.311+0800: 153.307: [GC (Allocation Failure) 2018-04-13T01:26:34.311+0800: 153.307: [ParNew: 12816411K->1175915K(13212096K), 1.2252463 secs] 28838800K->17983539K(187275712K), 1.2253482 secs] [Times: user=8.08 sys=0.68, real=1.23 secs] 
2018-04-13T01:26:38.487+0800: 157.483: [GC (Allocation Failure) 2018-04-13T01:26:38.487+0800: 157.483: [ParNew: 12920043K->1072649K(13212096K), 1.1819344 secs] 29727667K->18659099K(187275712K), 1.1820296 secs] [Times: user=7.81 sys=0.63, real=1.18 secs] 
2018-04-13T01:26:42.678+0800: 161.674: [GC (Allocation Failure) 2018-04-13T01:26:42.678+0800: 161.674: [ParNew: 12816777K->1434098K(13212096K), 1.1626797 secs] 30403227K->19780315K(187275712K), 1.1627845 secs] [Times: user=7.70 sys=0.44, real=1.16 secs] 
2018-04-13T01:26:46.769+0800: 165.765: [GC (Allocation Failure) 2018-04-13T01:26:46.769+0800: 165.765: [ParNew: 13178226K->982382K(13212096K), 1.1853854 secs] 31524443K->20128469K(187275712K), 1.1854924 secs] [Times: user=7.99 sys=0.41, real=1.19 secs] 
gc.log-201804130124