Java HotSpot(TM) 64-Bit Server VM (25.77-b03) for linux-amd64 JRE (1.8.0_77-b03), built on Mar 20 2016 22:00:46 by "java_re" with gcc 4.3.0 20080428 (Red Hat 4.3.0-8)
Memory: 4k page, physical 263567124k(200793640k free), swap 0k(0k free)
CommandLine flags: -XX:CMSInitiatingOccupancyFraction=75 -XX:ErrorFile=/data01/var/log/hadoop/hdfs/hs_err_pid%p.log -XX:InitialHeapSize=193273528320 -XX:MaxHeapSize=193273528320 -XX:MaxNewSize=15032385536 -XX:MaxTenuringThreshold=6 -XX:NewSize=15032385536 -XX:OldPLABSize=16 -XX:ParallelGCThreads=8 -XX:+PrintGC -XX:+PrintGCDateStamps -XX:+PrintGCDetails -XX:+PrintGCTimeStamps -XX:+UseCMSInitiatingOccupancyOnly -XX:+UseConcMarkSweepGC -XX:+UseParNewGC 
2018-04-13T01:24:03.535+0800: 2.531: [GC (CMS Initial Mark) [1 CMS-initial-mark: 0K(174063616K)] 2583708K(187275712K), 0.0449715 secs] [Times: user=0.04 sys=0.00, real=0.04 secs] 
2018-04-13T01:24:03.580+0800: 2.576: [CMS-concurrent-mark-start]
2018-04-13T01:24:03.830+0800: 2.826: [CMS-concurrent-mark: 0.250/0.250 secs] [Times: user=0.30 sys=0.23, real=0.25 secs] 
2018-04-13T01:24:03.831+0800: 2.827: [CMS-concurrent-preclean-start]
2018-04-13T01:24:04.093+0800: 3.089: [CMS-concurrent-preclean: 0.262/0.262 secs] [Times: user=0.32 sys=0.01, real=0.27 secs] 
2018-04-13T01:24:04.093+0800: 3.089: [CMS-concurrent-abortable-preclean-start]
 CMS: abort preclean due to time 2018-04-13T01:24:10.222+0800: 9.218: [CMS-concurrent-abortable-preclean: 4.911/6.129 secs] [Times: user=5.82 sys=2.04, real=6.13 secs] 
2018-04-13T01:24:10.222+0800: 9.218: [GC (CMS Final Remark) [YG occupancy: 7952425 K (13212096 K)]2018-04-13T01:24:10.222+0800: 9.218: [Rescan (parallel) , 8.9620166 secs]2018-04-13T01:24:19.184+0800: 18.180: [weak refs processing, 0.0000301 secs]2018-04-13T01:24:19.184+0800: 18.180: [class unloading, 0.0035887 secs]2018-04-13T01:24:19.188+0800: 18.184: [scrub symbol table, 0.0026617 secs]2018-04-13T01:24:19.190+0800: 18.187: [scrub string table, 0.0004892 secs][1 CMS-remark: 0K(174063616K)] 7952425K(187275712K), 8.9695088 secs] [Times: user=63.08 sys=6.86, real=8.97 secs] 
2018-04-13T01:24:19.192+0800: 18.188: [CMS-concurrent-sweep-start]
2018-04-13T01:24:19.192+0800: 18.188: [CMS-concurrent-sweep: 0.000/0.000 secs] [Times: user=0.00 sys=0.00, real=0.00 secs] 
2018-04-13T01:24:19.192+0800: 18.188: [CMS-concurrent-reset-start]
2018-04-13T01:24:20.703+0800: 19.699: [GC (Allocation Failure) 2018-04-13T01:24:20.703+0800: 19.699: [ParNew: 11744128K->684007K(13212096K), 14.7386461 secs] 11744128K->6975468K(187275712K), 14.7388342 secs] [Times: user=108.30 sys=8.05, real=14.74 secs] 
2018-04-13T01:24:36.450+0800: 35.447: [CMS-concurrent-reset: 1.222/17.259 secs] [Times: user=111.73 sys=10.43, real=17.25 secs] 
2018-04-13T01:25:19.420+0800: 78.416: [GC (Allocation Failure) 2018-04-13T01:25:19.420+0800: 78.416: [ParNew: 12428135K->1280548K(13212096K), 3.6996944 secs] 18719596K->7572009K(187275712K), 3.6998180 secs] [Times: user=26.76 sys=2.59, real=3.70 secs] 
2018-04-13T01:25:26.953+0800: 85.949: [GC (Allocation Failure) 2018-04-13T01:25:26.953+0800: 85.949: [ParNew: 13024676K->1467968K(13212096K), 2.7500144 secs] 19316137K->8425619K(187275712K), 2.7501011 secs] [Times: user=21.24 sys=0.67, real=2.75 secs] 
2018-04-13T01:25:33.210+0800: 92.206: [GC (Allocation Failure) 2018-04-13T01:25:33.210+0800: 92.206: [ParNew: 13212096K->1125319K(13212096K), 2.4598863 secs] 20169747K->9488560K(187275712K), 2.4599820 secs] [Times: user=10.73 sys=2.81, real=2.46 secs] 
2018-04-13T01:25:42.299+0800: 101.295: [GC (Allocation Failure) 2018-04-13T01:25:42.299+0800: 101.295: [ParNew: 12869447K->859662K(13212096K), 1.1979219 secs] 21232688K->9993973K(187275712K), 1.1980011 secs] [Times: user=8.02 sys=0.50, real=1.20 secs] 
2018-04-13T01:25:47.039+0800: 106.035: [GC (Allocation Failure) 2018-04-13T01:25:47.039+0800: 106.035: [ParNew: 12603790K->1160645K(13212096K), 1.2923135 secs] 21738101K->11040083K(187275712K), 1.2924096 secs] [Times: user=7.83 sys=0.73, real=1.30 secs] 
2018-04-13T01:25:51.515+0800: 110.511: [GC (Allocation Failure) 2018-04-13T01:25:51.515+0800: 110.511: [ParNew: 12904773K->1065132K(13212096K), 1.1443032 secs] 22784211K->11719505K(187275712K), 1.1443943 secs] [Times: user=7.72 sys=0.42, real=1.14 secs] 
2018-04-13T01:25:55.847+0800: 114.843: [GC (Allocation Failure) 2018-04-13T01:25:55.847+0800: 114.843: [ParNew: 12809260K->946710K(13212096K), 1.1537742 secs] 23463633K->12352694K(187275712K), 1.1539663 secs] [Times: user=7.80 sys=0.40, real=1.15 secs] 
2018-04-13T01:26:00.284+0800: 119.280: [GC (Allocation Failure) 2018-04-13T01:26:00.284+0800: 119.280: [ParNew: 12690838K->1296612K(13212096K), 1.8498503 secs] 24096822K->13438033K(187275712K), 1.8499358 secs] [Times: user=10.22 sys=3.54, real=1.85 secs] 
2018-04-13T01:26:09.976+0800: 128.972: [GC (Allocation Failure) 2018-04-13T01:26:09.976+0800: 128.972: [ParNew: 13040740K->1153310K(13212096K), 1.4065255 secs] 25182161K->14072903K(187275712K), 1.4065995 secs] [Times: user=8.85 sys=1.27, real=1.41 secs] 
2018-04-13T01:26:14.761+0800: 133.757: [GC (Allocation Failure) 2018-04-13T01:26:14.761+0800: 133.757: [ParNew: 12897438K->1147302K(13212096K), 1.1868902 secs] 25817031K->14830428K(187275712K), 1.1869715 secs] [Times: user=7.91 sys=0.57, real=1.19 secs] 
2018-04-13T01:26:18.950+0800: 137.946: [GC (Allocation Failure) 2018-04-13T01:26:18.950+0800: 137.946: [ParNew: 12891430K->1256836K(13212096K), 1.1631040 secs] 26574556K->15716255K(187275712K), 1.1631750 secs] [Times: user=7.89 sys=0.40, real=1.17 secs] 
2018-04-13T01:26:23.103+0800: 142.099: [GC (Allocation Failure) 2018-04-13T01:26:23.103+0800: 142.099: [ParNew: 13000964K->1269115K(13212096K), 1.2026817 secs] 27460383K->16512048K(187275712K), 1.2027602 secs] [Times: user=8.29 sys=0.41, real=1.20 secs] 
2018-04-13T01:26:27.330+0800: 146.326: [GC (Allocation Failure) 2018-04-13T01:26:27.330+0800: 146.326: [ParNew: 13013243K->1072283K(13212096K), 1.3678588 secs] 28256176K->17094672K(187275712K), 1.3679496 secs] [Times: user=7.78 sys=2.16, real=1.37 secs] 
2018-04-13T01:26:34.311+0800: 153.307: [GC (Allocation Failure) 2018-04-13T01:26:34.311+0800: 153.307: [ParNew: 12816411K->1175915K(13212096K), 1.2252463 secs] 28838800K->17983539K(187275712K), 1.2253482 secs] [Times: user=8.08 sys=0.68, real=1.23 secs] 
2018-04-13T01:26:38.487+0800: 157.483: [GC (Allocation Failure) 2018-04-13T01:26:38.487+0800: 157.483: [ParNew: 12920043K->1072649K(13212096K), 1.1819344 secs] 29727667K->18659099K(187275712K), 1.1820296 secs] [Times: user=7.81 sys=0.63, real=1.18 secs] 
2018-04-13T01:26:42.678+0800: 161.674: [GC (Allocation Failure) 2018-04-13T01:26:42.678+0800: 161.674: [ParNew: 12816777K->1434098K(13212096K), 1.1626797 secs] 30403227K->19780315K(187275712K), 1.1627845 secs] [Times: user=7.70 sys=0.44, real=1.16 secs] 
2018-04-13T01:26:46.769+0800: 165.765: [GC (Allocation Failure) 2018-04-13T01:26:46.769+0800: 165.765: [ParNew: 13178226K->982382K(13212096K), 1.1853854 secs] 31524443K->20128469K(187275712K), 1.1854924 secs] [Times: user=7.99 sys=0.41, real=1.19 secs] 
2018-04-13T01:26:50.915+0800: 169.912: [GC (Allocation Failure) 2018-04-13T01:26:50.916+0800: 169.912: [ParNew: 12726510K->1430273K(13212096K), 1.2063275 secs] 31872597K->21366135K(187275712K), 1.2064172 secs] [Times: user=8.19 sys=0.40, real=1.21 secs] 
2018-04-13T01:26:55.051+0800: 174.047: [GC (Allocation Failure) 2018-04-13T01:26:55.051+0800: 174.047: [ParNew: 13174401K->965043K(13212096K), 1.2328618 secs] 33110263K->21710870K(187275712K), 1.2329535 secs] [Times: user=7.79 sys=0.96, real=1.23 secs] 
2018-04-13T01:27:00.865+0800: 179.861: [GC (Allocation Failure) 2018-04-13T01:27:00.865+0800: 179.861: [ParNew: 12709171K->1450432K(13212096K), 1.2613856 secs] 33454998K->23002372K(187275712K), 1.2614776 secs] [Times: user=8.08 sys=0.94, real=1.26 secs] 
2018-04-13T01:27:06.467+0800: 185.463: [GC (Allocation Failure) 2018-04-13T01:27:06.467+0800: 185.463: [ParNew: 13194560K->971819K(13212096K), 1.1858196 secs] 34746500K->23336042K(187275712K), 1.1859056 secs] [Times: user=7.80 sys=0.64, real=1.19 secs] 
2018-04-13T01:27:10.582+0800: 189.578: [GC (Allocation Failure) 2018-04-13T01:27:10.582+0800: 189.578: [ParNew: 12715947K->1458449K(13212096K), 1.2083934 secs] 35080170K->24632890K(187275712K), 1.2084873 secs] [Times: user=7.98 sys=0.61, real=1.20 secs] 
2018-04-13T01:27:14.712+0800: 193.708: [GC (Allocation Failure) 2018-04-13T01:27:14.712+0800: 193.708: [ParNew: 13202577K->969205K(13212096K), 1.1776300 secs] 36377018K->24949733K(187275712K), 1.1777259 secs] [Times: user=7.96 sys=0.41, real=1.17 secs] 
2018-04-13T01:27:18.822+0800: 197.818: [GC (Allocation Failure) 2018-04-13T01:27:18.822+0800: 197.818: [ParNew: 12713333K->1461068K(13212096K), 1.2312159 secs] 36693861K->26254106K(187275712K), 1.2313258 secs] [Times: user=8.25 sys=0.50, real=1.23 secs] 
2018-04-13T01:27:23.020+0800: 202.017: [GC (Allocation Failure) 2018-04-13T01:27:23.021+0800: 202.017: [ParNew: 13205196K->975938K(13212096K), 1.3175468 secs] 37998234K->26583204K(187275712K), 1.3176526 secs] [Times: user=8.01 sys=0.57, real=1.32 secs] 
2018-04-13T01:27:27.272+0800: 206.269: [GC (Allocation Failure) 2018-04-13T01:27:27.273+0800: 206.269: [ParNew: 12720066K->1467968K(13212096K), 1.1883384 secs] 38327332K->27916596K(187275712K), 1.1884395 secs] [Times: user=7.97 sys=0.43, real=1.18 secs] 
2018-04-13T01:27:31.441+0800: 210.437: [GC (Allocation Failure) 2018-04-13T01:27:31.441+0800: 210.437: [ParNew: 13212096K->1008469K(13212096K), 1.1931643 secs] 39660724K->28299706K(187275712K), 1.1932518 secs] [Times: user=8.07 sys=0.39, real=1.20 secs] 
2018-04-13T01:27:35.566+0800: 214.562: [GC (Allocation Failure) 2018-04-13T01:27:35.566+0800: 214.562: [ParNew: 12752597K->1467968K(13212096K), 1.2230879 secs] 40043834K->29585815K(187275712K), 1.2232063 secs] [Times: user=8.19 sys=0.46, real=1.22 secs] 
2018-04-13T01:27:39.728+0800: 218.724: [GC (Allocation Failure) 2018-04-13T01:27:39.729+0800: 218.725: [ParNew: 13212096K->990964K(13212096K), 1.3240273 secs] 41329943K->29932746K(187275712K), 1.3241205 secs] [Times: user=8.01 sys=1.54, real=1.33 secs] 
2018-04-13T01:27:44.927+0800: 223.923: [GC (Allocation Failure) 2018-04-13T01:27:44.927+0800: 223.923: [ParNew: 12735092K->1286807K(13212096K), 1.5447735 secs] 41676874K->31043850K(187275712K), 1.5448485 secs] [Times: user=9.49 sys=1.81, real=1.55 secs] 
2018-04-13T01:27:50.709+0800: 229.705: [GC (Allocation Failure) 2018-04-13T01:27:50.709+0800: 229.705: [ParNew: 13030935K->1467968K(13212096K), 1.2855164 secs] 42787978K->32046556K(187275712K), 1.2855967 secs] [Times: user=8.50 sys=0.70, real=1.29 secs] 
2018-04-13T01:27:54.974+0800: 233.971: [GC (Allocation Failure) 2018-04-13T01:27:54.974+0800: 233.971: [ParNew: 13212096K->1010964K(13212096K), 1.2551192 secs] 43790684K->32406154K(187275712K), 1.2551850 secs] [Times: user=8.04 sys=0.82, real=1.25 secs] 
2018-04-13T01:27:59.186+0800: 238.182: [GC (Allocation Failure) 2018-04-13T01:27:59.186+0800: 238.182: [ParNew: 12755092K->1467968K(13212096K), 1.2468147 secs] 44150282K->33685777K(187275712K), 1.2468979 secs] [Times: user=8.37 sys=0.46, real=1.25 secs] 
2018-04-13T01:28:03.392+0800: 242.388: [GC (Allocation Failure) 2018-04-13T01:28:03.392+0800: 242.388: [ParNew: 13212096K->986629K(13212096K), 1.2132726 secs] 45429905K->34024385K(187275712K), 1.2133497 secs] [Times: user=8.02 sys=0.54, real=1.21 secs] 
2018-04-13T01:28:07.549+0800: 246.545: [GC (Allocation Failure) 2018-04-13T01:28:07.549+0800: 246.545: [ParNew: 12730757K->1467968K(13212096K), 1.2044004 secs] 45768513K->35327534K(187275712K), 1.2044944 secs] [Times: user=8.01 sys=0.46, real=1.21 secs] 
2018-04-13T01:28:11.693+0800: 250.689: [GC (Allocation Failure) 2018-04-13T01:28:11.693+0800: 250.689: [ParNew: 13212096K->985624K(13212096K), 1.1643657 secs] 47071662K->35666231K(187275712K), 1.1644528 secs] [Times: user=7.71 sys=0.52, real=1.16 secs] 
2018-04-13T01:28:15.813+0800: 254.809: [GC (Allocation Failure) 2018-04-13T01:28:15.813+0800: 254.809: [ParNew: 12729752K->1467968K(13212096K), 1.1907897 secs] 47410359K->36965632K(187275712K), 1.1908522 secs] [Times: user=7.95 sys=0.48, real=1.19 secs] 
2018-04-13T01:28:19.959+0800: 258.956: [GC (Allocation Failure) 2018-04-13T01:28:19.960+0800: 258.956: [ParNew: 13212096K->982068K(13212096K), 1.2057524 secs] 48709760K->37298491K(187275712K), 1.2058241 secs] [Times: user=7.64 sys=0.60, real=1.21 secs] 
2018-04-13T01:28:24.106+0800: 263.102: [GC (Allocation Failure) 2018-04-13T01:28:24.106+0800: 263.102: [ParNew: 12726196K->1467968K(13212096K), 1.1788068 secs] 49042619K->38603964K(187275712K), 1.1788845 secs] [Times: user=7.93 sys=0.40, real=1.18 secs] 
2018-04-13T01:28:28.210+0800: 267.206: [GC (Allocation Failure) 2018-04-13T01:28:28.210+0800: 267.206: [ParNew: 13212096K->980129K(13212096K), 1.1719421 secs] 50348092K->38931337K(187275712K), 1.1720111 secs] [Times: user=7.86 sys=0.42, real=1.18 secs] 
2018-04-13T01:28:32.355+0800: 271.351: [GC (Allocation Failure) 2018-04-13T01:28:32.355+0800: 271.351: [ParNew: 12724257K->1461593K(13212096K), 1.1955467 secs] 50675465K->40223841K(187275712K), 1.1956327 secs] [Times: user=8.07 sys=0.42, real=1.19 secs] 
2018-04-13T01:28:36.517+0800: 275.513: [GC (Allocation Failure) 2018-04-13T01:28:36.517+0800: 275.513: [ParNew: 13205721K->977136K(13212096K), 1.1778840 secs] 51967969K->40555035K(187275712K), 1.1780924 secs] [Times: user=7.88 sys=0.44, real=1.18 secs] 
2018-04-13T01:29:15.202+0800: 314.198: [GC (Allocation Failure) 2018-04-13T01:29:15.202+0800: 314.198: [ParNew: 12721264K->1467968K(13212096K), 5.7660721 secs] 52299163K->43169171K(187275712K), 5.7661471 secs] [Times: user=38.63 sys=4.57, real=5.76 secs] 
2018-04-13T01:30:00.038+0800: 359.034: [GC (Allocation Failure) 2018-04-13T01:30:00.038+0800: 359.034: [ParNew: 13212096K->1467968K(13212096K), 7.3922699 secs] 54913299K->46519540K(187275712K), 7.3923584 secs] [Times: user=50.52 sys=4.62, real=7.39 secs] 
2018-04-13T01:30:55.448+0800: 414.444: [GC (Allocation Failure) 2018-04-13T01:30:55.448+0800: 414.444: [ParNew: 13212096K->1467968K(13212096K), 11.4528111 secs] 58263668K->51525988K(187275712K), 11.4529403 secs] [Times: user=77.33 sys=6.76, real=11.46 secs] 
2018-04-13T01:31:32.903+0800: 451.899: [GC (Allocation Failure) 2018-04-13T01:31:32.903+0800: 451.899: [ParNew: 13212096K->1448846K(13212096K), 2.4822741 secs] 63270116K->52578784K(187275712K), 2.4825886 secs] [Times: user=16.90 sys=1.59, real=2.48 secs] 
2018-04-13T01:31:39.386+0800: 458.382: [GC (CMS Initial Mark) [1 CMS-initial-mark: 51129938K(174063616K)] 57231778K(187275712K), 0.2670101 secs] [Times: user=1.72 sys=0.09, real=0.27 secs] 
2018-04-13T01:31:39.653+0800: 458.649: [CMS-concurrent-mark-start]
2018-04-13T01:31:48.993+0800: 467.989: [GC (Allocation Failure) 2018-04-13T01:31:48.993+0800: 467.989: [ParNew: 13192974K->1250701K(13212096K), 1.0498163 secs] 64322912K->52380639K(187275712K), 1.0502728 secs] [Times: user=7.49 sys=0.85, real=1.05 secs] 
2018-04-13T01:31:52.080+0800: 471.076: [GC (Allocation Failure) 2018-04-13T01:31:52.080+0800: 471.076: [ParNew: 12994829K->762778K(13212096K), 1.4895243 secs] 64124767K->52593054K(187275712K), 1.4899635 secs] [Times: user=9.28 sys=1.62, real=1.49 secs] 
2018-04-13T01:31:55.891+0800: 474.887: [GC (Allocation Failure) 2018-04-13T01:31:55.891+0800: 474.887: [ParNew: 12506906K->203426K(13212096K), 0.5022307 secs] 64337182K->52033701K(187275712K), 0.5026556 secs] [Times: user=3.99 sys=0.01, real=0.51 secs] 
2018-04-13T01:31:58.666+0800: 477.662: [GC (Allocation Failure) 2018-04-13T01:31:58.666+0800: 477.662: [ParNew: 11947554K->105374K(13212096K), 0.5265004 secs] 63777829K->51935649K(187275712K), 0.5269070 secs] [Times: user=4.12 sys=0.05, real=0.53 secs] 
2018-04-13T01:32:01.769+0800: 480.765: [GC (Allocation Failure) 2018-04-13T01:32:01.770+0800: 480.766: [ParNew: 11849502K->89977K(13212096K), 0.6350328 secs] 63679777K->51920252K(187275712K), 0.6354325 secs] [Times: user=3.81 sys=1.24, real=0.64 secs] 
2018-04-13T01:32:05.495+0800: 484.491: [GC (Allocation Failure) 2018-04-13T01:32:05.495+0800: 484.491: [ParNew: 11834105K->97528K(13212096K), 0.5032921 secs] 63664380K->51927804K(187275712K), 0.5036631 secs] [Times: user=4.00 sys=0.01, real=0.50 secs] 
2018-04-13T01:32:10.797+0800: 489.793: [CMS-concurrent-mark: 26.214/31.144 secs] [Times: user=137.81 sys=18.34, real=31.14 secs] 
2018-04-13T01:32:10.798+0800: 489.794: [CMS-concurrent-preclean-start]
2018-04-13T01:32:13.278+0800: 492.274: [CMS-concurrent-preclean: 2.240/2.480 secs] [Times: user=3.46 sys=0.18, real=2.48 secs] 
2018-04-13T01:32:13.279+0800: 492.275: [CMS-concurrent-abortable-preclean-start]
 CMS: abort preclean due to time 2018-04-13T01:32:18.383+0800: 497.379: [CMS-concurrent-abortable-preclean: 5.095/5.104 secs] [Times: user=6.55 sys=0.41, real=5.11 secs] 
2018-04-13T01:32:18.384+0800: 497.380: [GC (CMS Final Remark) [YG occupancy: 4034664 K (13212096 K)]2018-04-13T01:32:18.384+0800: 497.380: [Rescan (parallel) , 0.2927305 secs]2018-04-13T01:32:18.677+0800: 497.673: [weak refs processing, 0.0001305 secs]2018-04-13T01:32:18.677+0800: 497.673: [class unloading, 0.0222116 secs]2018-04-13T01:32:18.699+0800: 497.696: [scrub symbol table, 0.0057974 secs]2018-04-13T01:32:18.705+0800: 497.701: [scrub string table, 0.0009236 secs][1 CMS-remark: 51830275K(174063616K)] 55864940K(187275712K), 0.3240711 secs] [Times: user=2.36 sys=0.01, real=0.32 secs] 
2018-04-13T01:32:18.709+0800: 497.705: [CMS-concurrent-sweep-start]
2018-04-13T01:32:36.123+0800: 515.120: [CMS-concurrent-sweep: 17.396/17.415 secs] [Times: user=18.25 sys=2.69, real=17.42 secs] 
2018-04-13T01:32:36.124+0800: 515.120: [CMS-concurrent-reset-start]
2018-04-13T01:32:36.996+0800: 515.992: [CMS-concurrent-reset: 0.870/0.872 secs] [Times: user=0.63 sys=0.36, real=0.87 secs] 
2018-04-13T01:34:40.088+0800: 639.084: [GC (Allocation Failure) 2018-04-13T01:34:40.088+0800: 639.084: [ParNew: 11841656K->54435K(13212096K), 2.4467150 secs] 54170012K->42392877K(187275712K), 2.4471244 secs] [Times: user=16.79 sys=2.65, real=2.45 secs] 
2018-04-13T01:39:40.136+0800: 939.132: [GC (Allocation Failure) 2018-04-13T01:39:40.136+0800: 939.132: [ParNew: 11798563K->72671K(13212096K), 2.1459814 secs] 54137005K->42411126K(187275712K), 2.1464567 secs] [Times: user=16.32 sys=0.79, real=2.15 secs] 
2018-04-13T01:43:36.768+0800: 1175.764: [GC (Allocation Failure) 2018-04-13T01:43:36.768+0800: 1175.764: [ParNew: 11816799K->265682K(13212096K), 2.9290043 secs] 54155254K->42604166K(187275712K), 2.9293737 secs] [Times: user=19.78 sys=3.48, real=2.93 secs] 
2018-04-13T01:44:26.102+0800: 1225.098: [GC (Allocation Failure) 2018-04-13T01:44:26.102+0800: 1225.098: [ParNew: 12009810K->1017461K(13212096K), 3.4696196 secs] 54348294K->43355955K(187275712K), 3.4699724 secs] [Times: user=24.95 sys=2.69, real=3.47 secs] 
2018-04-13T01:45:18.297+0800: 1277.293: [GC (Allocation Failure) 2018-04-13T01:45:18.297+0800: 1277.293: [ParNew: 12761589K->1122675K(13212096K), 4.4112565 secs] 55100083K->44156072K(187275712K), 4.4115862 secs] [Times: user=28.68 sys=4.11, real=4.41 secs] 
2018-04-13T01:46:13.394+0800: 1332.390: [GC (Allocation Failure) 2018-04-13T01:46:13.394+0800: 1332.390: [ParNew: 12866803K->1192762K(13212096K), 2.2812948 secs] 55900200K->44226159K(187275712K), 2.2816534 secs] [Times: user=14.78 sys=3.42, real=2.28 secs] 
2018-04-13T01:47:05.493+0800: 1384.489: [GC (Allocation Failure) 2018-04-13T01:47:05.493+0800: 1384.489: [ParNew: 12936890K->1021588K(13212096K), 2.2896708 secs] 55970287K->44605077K(187275712K), 2.2900206 secs] [Times: user=14.94 sys=2.80, real=2.29 secs] 
2018-04-13T01:47:57.806+0800: 1436.802: [GC (Allocation Failure) 2018-04-13T01:47:57.806+0800: 1436.802: [ParNew: 12765716K->694479K(13212096K), 2.0779764 secs] 56349205K->44277967K(187275712K), 2.0783427 secs] [Times: user=14.39 sys=2.16, real=2.08 secs] 
2018-04-13T01:48:59.957+0800: 1498.953: [GC (Allocation Failure) 2018-04-13T01:48:59.957+0800: 1498.953: [ParNew: 12438607K->710732K(13212096K), 2.0995161 secs] 56022095K->44294221K(187275712K), 2.0998882 secs] [Times: user=14.19 sys=2.57, real=2.10 secs] 
2018-04-13T01:51:41.437+0800: 1660.433: [GC (Allocation Failure) 2018-04-13T01:51:41.437+0800: 1660.433: [ParNew: 12454860K->374036K(13212096K), 2.2915352 secs] 56038349K->43957525K(187275712K), 2.2919162 secs] [Times: user=15.27 sys=2.99, real=2.29 secs] 
2018-04-13T01:57:44.940+0800: 2023.936: [GC (Allocation Failure) 2018-04-13T01:57:44.940+0800: 2023.936: [ParNew: 12118164K->477755K(13212096K), 1.8697720 secs] 55701653K->44061244K(187275712K), 1.8701541 secs] [Times: user=11.91 sys=2.96, real=1.87 secs] 
2018-04-13T02:01:55.569+0800: 2274.565: [GC (Allocation Failure) 2018-04-13T02:01:55.569+0800: 2274.565: [ParNew: 12221883K->309853K(13212096K), 1.5872076 secs] 55805372K->43963371K(187275712K), 1.5875771 secs] [Times: user=9.86 sys=2.65, real=1.59 secs] 
2018-04-13T02:05:43.092+0800: 2502.088: [GC (Allocation Failure) 2018-04-13T02:05:43.093+0800: 2502.089: [ParNew: 12053981K->264120K(13212096K), 1.5248673 secs] 55707499K->43984429K(187275712K), 1.5252454 secs] [Times: user=9.42 sys=2.58, real=1.52 secs] 
2018-04-13T02:10:58.887+0800: 2817.883: [GC (Allocation Failure) 2018-04-13T02:10:58.887+0800: 2817.883: [ParNew: 12008248K->200204K(13212096K), 1.6402470 secs] 55728557K->43985093K(187275712K), 1.6406222 secs] [Times: user=10.46 sys=2.48, real=1.64 secs] 
2018-04-13T02:13:48.125+0800: 2987.121: [GC (Allocation Failure) 2018-04-13T02:13:48.125+0800: 2987.121: [ParNew: 11944293K->140233K(13212096K), 1.6516728 secs] 55729181K->43984229K(187275712K), 1.6520774 secs] [Times: user=9.04 sys=3.98, real=1.65 secs] 
2018-04-13T02:16:42.916+0800: 3161.912: [GC (Allocation Failure) 2018-04-13T02:16:42.917+0800: 3161.913: [ParNew: 11884361K->58829K(13212096K), 1.1494772 secs] 55728357K->43944305K(187275712K), 1.1498802 secs] [Times: user=6.87 sys=2.23, real=1.15 secs] 
2018-04-13T02:18:56.124+0800: 3295.120: [GC (Allocation Failure) 2018-04-13T02:18:56.124+0800: 3295.120: [ParNew: 11802957K->32871K(13212096K), 1.0259686 secs] 55688433K->43920029K(187275712K), 1.0263733 secs] [Times: user=6.58 sys=1.56, real=1.02 secs] 
2018-04-13T02:21:43.935+0800: 3462.931: [GC (Allocation Failure) 2018-04-13T02:21:43.936+0800: 3462.932: [ParNew: 11776999K->33193K(13212096K), 1.1955316 secs] 55664157K->43922556K(187275712K), 1.1959103 secs] [Times: user=7.64 sys=1.88, real=1.20 secs] 
2018-04-13T02:24:01.721+0800: 3600.717: [GC (Allocation Failure) 2018-04-13T02:24:01.722+0800: 3600.718: [ParNew: 11777321K->48661K(13212096K), 0.9908536 secs] 55666684K->43939147K(187275712K), 0.9912192 secs] [Times: user=5.43 sys=2.44, real=0.99 secs] 
2018-04-13T02:25:47.570+0800: 3706.567: [GC (Allocation Failure) 2018-04-13T02:25:47.571+0800: 3706.567: [ParNew: 11792789K->58713K(13212096K), 1.1167315 secs] 55683275K->43950896K(187275712K), 1.1170958 secs] [Times: user=6.11 sys=2.75, real=1.12 secs] 
2018-04-13T02:28:17.100+0800: 3856.097: [GC (Allocation Failure) 2018-04-13T02:28:17.101+0800: 3856.097: [ParNew: 11802841K->74347K(13212096K), 0.8701920 secs] 55695024K->43967549K(187275712K), 0.8705313 secs] [Times: user=5.23 sys=1.67, real=0.87 secs] 
2018-04-13T02:33:41.236+0800: 4180.232: [GC (Allocation Failure) 2018-04-13T02:33:41.236+0800: 4180.232: [ParNew: 11818475K->67618K(13212096K), 1.2136962 secs] 55711677K->43962237K(187275712K), 1.2140424 secs] [Times: user=7.73 sys=1.91, real=1.21 secs] 
2018-04-13T02:36:35.605+0800: 4354.601: [GC (Allocation Failure) 2018-04-13T02:36:35.606+0800: 4354.602: [ParNew: 11811746K->82207K(13212096K), 1.1681474 secs] 55706365K->43977811K(187275712K), 1.1684830 secs] [Times: user=6.93 sys=2.36, real=1.17 secs] 
2018-04-13T02:39:08.350+0800: 4507.346: [GC (Allocation Failure) 2018-04-13T02:39:08.350+0800: 4507.346: [ParNew: 11826335K->87588K(13212096K), 1.0652514 secs] 55721939K->43984859K(187275712K), 1.0655920 secs] [Times: user=5.83 sys=2.62, real=1.07 secs] 
2018-04-13T02:41:50.881+0800: 4669.877: [GC (Allocation Failure) 2018-04-13T02:41:50.881+0800: 4669.877: [ParNew: 11831716K->81332K(13212096K), 1.3039037 secs] 55728987K->43983018K(187275712K), 1.3042613 secs] [Times: user=7.09 sys=3.23, real=1.31 secs] 
2018-04-13T02:44:42.239+0800: 4841.235: [GC (Allocation Failure) 2018-04-13T02:44:42.240+0800: 4841.236: [ParNew: 11825460K->80654K(13212096K), 0.9521242 secs] 55727146K->43986890K(187275712K), 0.9524887 secs] [Times: user=5.46 sys=2.06, real=0.96 secs] 
2018-04-13T02:47:12.766+0800: 4991.762: [GC (Allocation Failure) 2018-04-13T02:47:12.767+0800: 4991.763: [ParNew: 11824782K->111348K(13212096K), 1.1176851 secs] 55731018K->44021231K(187275712K), 1.1180448 secs] [Times: user=6.69 sys=2.13, real=1.12 secs] 
2018-04-13T02:48:08.967+0800: 5047.963: [GC (Allocation Failure) 2018-04-13T02:48:08.967+0800: 5047.963: [ParNew: 11855476K->88523K(13212096K), 0.5973688 secs] 55765359K->44003225K(187275712K), 0.5977350 secs] [Times: user=4.18 sys=0.54, real=0.60 secs] 
2018-04-13T02:48:42.268+0800: 5081.264: [GC (Allocation Failure) 2018-04-13T02:48:42.268+0800: 5081.264: [ParNew: 11832651K->80164K(13212096K), 0.7681964 secs] 55747353K->43996644K(187275712K), 0.7686166 secs] [Times: user=4.58 sys=1.49, real=0.77 secs] 
2018-04-13T02:49:03.269+0800: 5102.266: [GC (Allocation Failure) 2018-04-13T02:49:03.270+0800: 5102.266: [ParNew: 11824292K->94650K(13212096K), 0.6108363 secs] 55740772K->44013935K(187275712K), 0.6112513 secs] [Times: user=4.14 sys=0.70, real=0.61 secs] 
2018-04-13T02:49:56.195+0800: 5155.191: [GC (Allocation Failure) 2018-04-13T02:49:56.195+0800: 5155.191: [ParNew: 11838778K->71378K(13212096K), 0.7765374 secs] 55758063K->43997692K(187275712K), 0.7769501 secs] [Times: user=4.74 sys=1.40, real=0.78 secs] 
2018-04-13T02:55:14.816+0800: 5473.813: [GC (Allocation Failure) 2018-04-13T02:55:14.817+0800: 5473.813: [ParNew: 11815506K->46379K(13212096K), 1.1931733 secs] 55741820K->43982375K(187275712K), 1.1935417 secs] [Times: user=7.42 sys=2.03, real=1.19 secs] 
2018-04-13T02:56:03.930+0800: 5522.926: [GC (Allocation Failure) 2018-04-13T02:56:03.930+0800: 5522.926: [ParNew: 11790507K->36601K(13212096K), 0.7067888 secs] 55726503K->43974891K(187275712K), 0.7071546 secs] [Times: user=4.63 sys=0.99, real=0.71 secs] 
2018-04-13T02:57:55.541+0800: 5634.537: [GC (Allocation Failure) 2018-04-13T02:57:55.541+0800: 5634.537: [ParNew: 11780729K->54353K(13212096K), 1.1567090 secs] 55719019K->43995697K(187275712K), 1.1571163 secs] [Times: user=5.71 sys=3.48, real=1.16 secs] 
2018-04-13T03:02:55.161+0800: 5934.157: [GC (Allocation Failure) 2018-04-13T03:02:55.161+0800: 5934.157: [ParNew: 11798481K->75172K(13212096K), 1.3861199 secs] 55739825K->44016658K(187275712K), 1.3865178 secs] [Times: user=8.04 sys=2.97, real=1.39 secs] 
2018-04-13T03:04:41.715+0800: 6040.711: [GC (Allocation Failure) 2018-04-13T03:04:41.715+0800: 6040.711: [ParNew: 11819300K->63438K(13212096K), 0.7811032 secs] 55760786K->44005014K(187275712K), 0.7814614 secs] [Times: user=4.77 sys=1.45, real=0.78 secs] 
2018-04-13T03:10:44.307+0800: 6403.303: [GC (Allocation Failure) 2018-04-13T03:10:44.307+0800: 6403.303: [ParNew: 11807566K->62822K(13212096K), 1.0323769 secs] 55749142K->44004625K(187275712K), 1.0327424 secs] [Times: user=7.07 sys=1.15, real=1.03 secs] 
2018-04-13T03:12:10.520+0800: 6489.516: [GC (Allocation Failure) 2018-04-13T03:12:10.521+0800: 6489.517: [ParNew: 11806950K->57552K(13212096K), 0.7507456 secs] 55748753K->44001343K(187275712K), 0.7511051 secs] [Times: user=4.75 sys=1.21, real=0.76 secs] 
2018-04-13T03:16:42.124+0800: 6761.120: [GC (Allocation Failure) 2018-04-13T03:16:42.124+0800: 6761.120: [ParNew: 11801680K->62483K(13212096K), 1.0632650 secs] 55745471K->44007284K(187275712K), 1.0636201 secs] [Times: user=6.98 sys=1.47, real=1.06 secs] 
2018-04-13T03:18:44.879+0800: 6883.875: [GC (Allocation Failure) 2018-04-13T03:18:44.880+0800: 6883.876: [ParNew: 11806611K->86210K(13212096K), 0.9815272 secs] 55751412K->44038011K(187275712K), 0.9818922 secs] [Times: user=6.80 sys=0.97, real=0.99 secs] 
2018-04-13T03:20:57.434+0800: 7016.430: [GC (Allocation Failure) 2018-04-13T03:20:57.434+0800: 7016.430: [ParNew: 11830338K->82897K(13212096K), 0.9544831 secs] 55782139K->44036772K(187275712K), 0.9548427 secs] [Times: user=5.64 sys=1.94, real=0.95 secs] 
2018-04-13T03:23:04.314+0800: 7143.310: [GC (Allocation Failure) 2018-04-13T03:23:04.314+0800: 7143.310: [ParNew: 11827025K->82873K(13212096K), 0.8410417 secs] 55780900K->44037423K(187275712K), 0.8414209 secs] [Times: user=5.58 sys=1.11, real=0.84 secs] 
2018-04-13T03:24:32.570+0800: 7231.566: [GC (Allocation Failure) 2018-04-13T03:24:32.571+0800: 7231.567: [ParNew: 11827001K->83440K(13212096K), 0.8739962 secs] 55781551K->44040094K(187275712K), 0.8743763 secs] [Times: user=5.61 sys=1.34, real=0.88 secs] 
2018-04-13T03:25:14.157+0800: 7273.153: [GC (Allocation Failure) 2018-04-13T03:25:14.157+0800: 7273.153: [ParNew: 11827568K->78108K(13212096K), 0.6952937 secs] 55784222K->44035465K(187275712K), 0.6956678 secs] [Times: user=4.59 sys=0.93, real=0.70 secs] 
2018-04-13T03:27:40.724+0800: 7419.720: [GC (Allocation Failure) 2018-04-13T03:27:40.724+0800: 7419.720: [ParNew: 11822236K->93583K(13212096K), 0.9884636 secs] 55779593K->44053100K(187275712K), 0.9888443 secs] [Times: user=5.76 sys=2.07, real=0.99 secs] 
2018-04-13T03:29:58.410+0800: 7557.406: [GC (Allocation Failure) 2018-04-13T03:29:58.410+0800: 7557.406: [ParNew: 11837711K->64482K(13212096K), 0.8464825 secs] 55797228K->44038493K(187275712K), 0.8468589 secs] [Times: user=5.77 sys=0.94, real=0.85 secs] 
2018-04-13T03:31:53.416+0800: 7672.412: [GC (Allocation Failure) 2018-04-13T03:31:53.417+0800: 7672.413: [ParNew: 11808610K->50061K(13212096K), 0.9639411 secs] 55782621K->44025439K(187275712K), 0.9643167 secs] [Times: user=5.24 sys=2.42, real=0.96 secs] 
2018-04-13T03:34:19.256+0800: 7818.252: [GC (Allocation Failure) 2018-04-13T03:34:19.256+0800: 7818.252: [ParNew: 11794189K->48004K(13212096K), 0.9173312 secs] 55769567K->44026398K(187275712K), 0.9177199 secs] [Times: user=6.19 sys=1.10, real=0.92 secs] 
2018-04-13T03:35:02.124+0800: 7861.120: [GC (Allocation Failure) 2018-04-13T03:35:02.124+0800: 7861.120: [ParNew: 11792132K->37677K(13212096K), 0.6085819 secs] 55770526K->44018244K(187275712K), 0.6089629 secs] [Times: user=4.19 sys=0.65, real=0.61 secs] 
2018-04-13T03:39:44.457+0800: 8143.453: [GC (Allocation Failure) 2018-04-13T03:39:44.457+0800: 8143.453: [ParNew: 11781805K->49194K(13212096K), 1.2652153 secs] 55762372K->44029896K(187275712K), 1.2655988 secs] [Times: user=8.08 sys=1.97, real=1.27 secs] 
2018-04-13T03:40:47.700+0800: 8206.696: [GC (Allocation Failure) 2018-04-13T03:40:47.700+0800: 8206.696: [ParNew: 11793322K->65171K(13212096K), 0.7677280 secs] 55774024K->44047597K(187275712K), 0.7681261 secs] [Times: user=4.75 sys=1.35, real=0.77 secs] 
2018-04-13T03:42:13.439+0800: 8292.435: [GC (Allocation Failure) 2018-04-13T03:42:13.439+0800: 8292.435: [ParNew: 11809299K->86087K(13212096K), 0.9332923 secs] 55791725K->44072058K(187275712K), 0.9336695 secs] [Times: user=5.82 sys=1.59, real=0.94 secs] 
2018-04-13T03:42:52.679+0800: 8331.675: [GC (Allocation Failure) 2018-04-13T03:42:52.679+0800: 8331.675: [ParNew: 11830215K->87336K(13212096K), 0.6888196 secs] 55816186K->44074675K(187275712K), 0.6892213 secs] [Times: user=4.25 sys=1.22, real=0.69 secs] 
2018-04-13T03:47:24.633+0800: 8603.629: [GC (Allocation Failure) 2018-04-13T03:47:24.633+0800: 8603.629: [ParNew: 11831464K->89741K(13212096K), 1.3698586 secs] 55818803K->44077615K(187275712K), 1.3702765 secs] [Times: user=8.77 sys=2.09, real=1.37 secs] 
2018-04-13T03:50:08.242+0800: 8767.238: [GC (Allocation Failure) 2018-04-13T03:50:08.242+0800: 8767.238: [ParNew: 11833869K->92071K(13212096K), 1.3003225 secs] 55821743K->44080383K(187275712K), 1.3007118 secs] [Times: user=7.85 sys=2.48, real=1.30 secs] 
2018-04-13T03:50:50.204+0800: 8809.200: [GC (Allocation Failure) 2018-04-13T03:50:50.204+0800: 8809.200: [ParNew: 11836199K->83288K(13212096K), 0.6652647 secs] 55824511K->44075245K(187275712K), 0.6656594 secs] [Times: user=4.06 sys=1.22, real=0.66 secs] 
2018-04-13T03:54:19.771+0800: 9018.767: [GC (Allocation Failure) 2018-04-13T03:54:19.771+0800: 9018.767: [ParNew: 11827416K->77218K(13212096K), 0.9296415 secs] 55819373K->44080657K(187275712K), 0.9300690 secs] [Times: user=6.50 sys=0.87, real=0.93 secs] 
2018-04-13T03:55:06.020+0800: 9065.016: [GC (Allocation Failure) 2018-04-13T03:55:06.020+0800: 9065.016: [ParNew: 11821346K->60941K(13212096K), 0.7757008 secs] 55824785K->44066587K(187275712K), 0.7760979 secs] [Times: user=4.60 sys=1.55, real=0.78 secs] 
2018-04-13T03:55:36.984+0800: 9095.980: [GC (Allocation Failure) 2018-04-13T03:55:36.984+0800: 9095.980: [ParNew: 11805069K->72029K(13212096K), 0.6021118 secs] 55810715K->44078220K(187275712K), 0.6025126 secs] [Times: user=4.24 sys=0.56, real=0.60 secs] 
2018-04-13T03:56:39.557+0800: 9158.553: [GC (Allocation Failure) 2018-04-13T03:56:39.557+0800: 9158.553: [ParNew: 11816157K->62515K(13212096K), 0.7715148 secs] 55822348K->44073552K(187275712K), 0.7718964 secs] [Times: user=4.80 sys=1.32, real=0.77 secs] 
2018-04-13T03:58:49.797+0800: 9288.793: [GC (Allocation Failure) 2018-04-13T03:58:49.797+0800: 9288.793: [ParNew: 11806335K->48287K(13212096K), 0.9916314 secs] 55817373K->44064062K(187275712K), 0.9920451 secs] [Times: user=6.48 sys=1.40, real=0.99 secs] 
2018-04-13T04:00:04.889+0800: 9363.885: [GC (Allocation Failure) 2018-04-13T04:00:04.889+0800: 9363.885: [ParNew: 11792415K->64584K(13212096K), 0.8612918 secs] 55808190K->44080795K(187275712K), 0.8616877 secs] [Times: user=5.31 sys=1.53, real=0.86 secs] 
2018-04-13T04:04:33.107+0800: 9632.103: [GC (Allocation Failure) 2018-04-13T04:04:33.107+0800: 9632.103: [ParNew: 11808712K->58551K(13212096K), 1.1160150 secs] 55824923K->44078307K(187275712K), 1.1164186 secs] [Times: user=7.27 sys=1.60, real=1.12 secs] 
2018-04-13T04:08:29.489+0800: 9868.485: [GC (Allocation Failure) 2018-04-13T04:08:29.489+0800: 9868.485: [ParNew: 11802679K->70357K(13212096K), 1.0051485 secs] 55822435K->44090753K(187275712K), 1.0055641 secs] [Times: user=6.60 sys=1.37, real=1.01 secs] 
2018-04-13T04:09:19.369+0800: 9918.365: [GC (Allocation Failure) 2018-04-13T04:09:19.369+0800: 9918.365: [ParNew: 11814485K->64751K(13212096K), 0.7681670 secs] 55834881K->44085274K(187275712K), 0.7685805 secs] [Times: user=5.37 sys=0.75, real=0.77 secs] 
2018-04-13T04:09:52.646+0800: 9951.642: [GC (Allocation Failure) 2018-04-13T04:09:52.646+0800: 9951.642: [ParNew: 11808879K->69106K(13212096K), 0.7137328 secs] 55829402K->44089861K(187275712K), 0.7141374 secs] [Times: user=4.45 sys=1.22, real=0.71 secs] 
2018-04-13T04:15:46.241+0800: 10305.237: [GC (Allocation Failure) 2018-04-13T04:15:46.241+0800: 10305.237: [ParNew: 11813234K->49593K(13212096K), 1.0730094 secs] 55833989K->44084898K(187275712K), 1.0733863 secs] [Times: user=7.50 sys=1.02, real=1.08 secs] 
2018-04-13T04:18:35.167+0800: 10474.163: [GC (Allocation Failure) 2018-04-13T04:18:35.167+0800: 10474.163: [ParNew: 11793721K->49069K(13212096K), 1.0934300 secs] 55829026K->44084700K(187275712K), 1.0937986 secs] [Times: user=5.76 sys=2.93, real=1.09 secs] 
2018-04-13T04:21:14.647+0800: 10633.643: [GC (Allocation Failure) 2018-04-13T04:21:14.647+0800: 10633.643: [ParNew: 11793197K->83309K(13212096K), 0.7927105 secs] 55828828K->44120988K(187275712K), 0.7931390 secs] [Times: user=5.10 sys=1.15, real=0.79 secs] 
2018-04-13T04:22:41.538+0800: 10720.534: [GC (Allocation Failure) 2018-04-13T04:22:41.538+0800: 10720.534: [ParNew: 11827437K->73829K(13212096K), 0.8534059 secs] 55865116K->44113257K(187275712K), 0.8538050 secs] [Times: user=6.10 sys=0.69, real=0.86 secs] 
2018-04-13T04:26:17.377+0800: 10936.373: [GC (Allocation Failure) 2018-04-13T04:26:17.377+0800: 10936.373: [ParNew: 11817957K->79242K(13212096K), 1.2868661 secs] 55857385K->44118818K(187275712K), 1.2872788 secs] [Times: user=6.66 sys=3.58, real=1.29 secs] 
2018-04-13T04:26:59.261+0800: 10978.257: [GC (Allocation Failure) 2018-04-13T04:26:59.261+0800: 10978.257: [ParNew: 11823370K->72841K(13212096K), 0.6958872 secs] 55862946K->44112590K(187275712K), 0.6962958 secs] [Times: user=4.36 sys=1.16, real=0.70 secs] 
2018-04-13T04:27:41.283+0800: 11020.279: [GC (Allocation Failure) 2018-04-13T04:27:41.283+0800: 11020.279: [ParNew: 11816969K->83274K(13212096K), 0.7810169 secs] 55856718K->44125556K(187275712K), 0.7814318 secs] [Times: user=4.85 sys=1.38, real=0.78 secs] 
2018-04-13T04:28:42.021+0800: 11081.017: [GC (Allocation Failure) 2018-04-13T04:28:42.022+0800: 11081.018: [ParNew: 11827381K->64721K(13212096K), 0.6961505 secs] 55869663K->44124546K(187275712K), 0.6965619 secs] [Times: user=4.00 sys=1.50, real=0.69 secs] 
2018-04-13T04:31:20.339+0800: 11239.335: [GC (Allocation Failure) 2018-04-13T04:31:20.339+0800: 11239.335: [ParNew: 11808849K->53701K(13212096K), 1.0143826 secs] 55868674K->44114856K(187275712K), 1.0147948 secs] [Times: user=6.01 sys=2.03, real=1.02 secs] 
2018-04-13T04:32:45.870+0800: 11324.866: [GC (Allocation Failure) 2018-04-13T04:32:45.871+0800: 11324.867: [ParNew: 11797829K->44100K(13212096K), 0.7324747 secs] 55858984K->44106768K(187275712K), 0.7328766 secs] [Times: user=5.11 sys=0.71, real=0.74 secs] 
2018-04-13T04:35:51.451+0800: 11510.447: [GC (Allocation Failure) 2018-04-13T04:35:51.451+0800: 11510.447: [ParNew: 11788228K->82736K(13212096K), 1.2231655 secs] 55850896K->44148955K(187275712K), 1.2235706 secs] [Times: user=6.42 sys=3.30, real=1.23 secs] 
2018-04-13T04:40:27.634+0800: 11786.630: [GC (Allocation Failure) 2018-04-13T04:40:27.634+0800: 11786.630: [ParNew: 11826864K->85682K(13212096K), 1.2201413 secs] 55893083K->44153009K(187275712K), 1.2205497 secs] [Times: user=7.52 sys=2.15, real=1.22 secs] 
2018-04-13T04:42:02.012+0800: 11881.008: [GC (Allocation Failure) 2018-04-13T04:42:02.012+0800: 11881.008: [ParNew: 11829810K->80347K(13212096K), 0.9570538 secs] 55897137K->44148270K(187275712K), 0.9574462 secs] [Times: user=6.64 sys=0.97, real=0.95 secs] 
2018-04-13T04:43:20.677+0800: 11959.673: [GC (Allocation Failure) 2018-04-13T04:43:20.677+0800: 11959.673: [ParNew: 11824475K->79860K(13212096K), 0.9591230 secs] 55892398K->44149788K(187275712K), 0.9595234 secs] [Times: user=5.40 sys=2.22, real=0.96 secs] 
2018-04-13T04:46:48.713+0800: 12167.709: [GC (Allocation Failure) 2018-04-13T04:46:48.713+0800: 12167.709: [ParNew: 11823988K->72035K(13212096K), 1.0646084 secs] 55893916K->44143206K(187275712K), 1.0649694 secs] [Times: user=6.45 sys=1.98, real=1.06 secs] 
2018-04-13T04:50:19.241+0800: 12378.237: [GC (Allocation Failure) 2018-04-13T04:50:19.241+0800: 12378.237: [ParNew: 11816163K->80777K(13212096K), 1.0857870 secs] 55887334K->44152379K(187275712K), 1.0862162 secs] [Times: user=7.22 sys=1.39, real=1.09 secs] 
2018-04-13T04:50:54.697+0800: 12413.694: [GC (Allocation Failure) 2018-04-13T04:50:54.698+0800: 12413.694: [ParNew: 11824905K->96401K(13212096K), 0.7944211 secs] 55896507K->44175098K(187275712K), 0.7948495 secs] [Times: user=5.21 sys=1.09, real=0.80 secs] 
2018-04-13T04:51:33.885+0800: 12452.881: [GC (Allocation Failure) 2018-04-13T04:51:33.886+0800: 12452.882: [ParNew: 11840529K->75570K(13212096K), 0.7659316 secs] 55919226K->44161798K(187275712K), 0.7663515 secs] [Times: user=4.75 sys=1.32, real=0.77 secs] 
2018-04-13T04:54:43.571+0800: 12642.568: [GC (Allocation Failure) 2018-04-13T04:54:43.572+0800: 12642.568: [ParNew: 11819698K->58071K(13212096K), 1.2483852 secs] 55905926K->44147271K(187275712K), 1.2487902 secs] [Times: user=8.83 sys=1.10, real=1.24 secs] 
2018-04-13T04:57:44.330+0800: 12823.326: [GC (Allocation Failure) 2018-04-13T04:57:44.330+0800: 12823.326: [ParNew: 11802199K->62627K(13212096K), 1.1359154 secs] 55891399K->44152757K(187275712K), 1.1363455 secs] [Times: user=7.07 sys=1.95, real=1.14 secs] 
2018-04-13T05:00:47.569+0800: 13006.565: [GC (Allocation Failure) 2018-04-13T05:00:47.570+0800: 13006.566: [ParNew: 11806755K->72518K(13212096K), 0.9375577 secs] 55896885K->44165761K(187275712K), 0.9379862 secs] [Times: user=6.33 sys=1.12, real=0.94 secs] 
2018-04-13T05:01:47.743+0800: 13066.739: [GC (Allocation Failure) 2018-04-13T05:01:47.743+0800: 13066.739: [ParNew: 11816646K->56749K(13212096K), 0.7258922 secs] 55909889K->44154781K(187275712K), 0.7263154 secs] [Times: user=4.91 sys=0.87, real=0.72 secs] 
2018-04-13T05:06:45.168+0800: 13364.165: [GC (Allocation Failure) 2018-04-13T05:06:45.169+0800: 13364.165: [ParNew: 11800877K->66534K(13212096K), 1.3180971 secs] 55898909K->44165165K(187275712K), 1.3184747 secs] [Times: user=8.01 sys=2.45, real=1.32 secs] 
2018-04-13T05:07:35.519+0800: 13414.515: [GC (Allocation Failure) 2018-04-13T05:07:35.519+0800: 13414.515: [ParNew: 11810662K->76028K(13212096K), 0.6592248 secs] 55909293K->44174841K(187275712K), 0.6596719 secs] [Times: user=4.88 sys=0.36, real=0.66 secs] 
2018-04-13T05:08:06.363+0800: 13445.359: [GC (Allocation Failure) 2018-04-13T05:08:06.363+0800: 13445.359: [ParNew: 11820156K->71882K(13212096K), 0.7048186 secs] 55918969K->44172332K(187275712K), 0.7051951 secs] [Times: user=4.15 sys=1.45, real=0.70 secs] 
2018-04-13T05:12:36.736+0800: 13715.732: [GC (Allocation Failure) 2018-04-13T05:12:36.736+0800: 13715.732: [ParNew: 11816010K->52574K(13212096K), 0.9224256 secs] 55916460K->44168935K(187275712K), 0.9228680 secs] [Times: user=6.14 sys=1.14, real=0.92 secs] 
2018-04-13T05:17:05.362+0800: 13984.358: [GC (Allocation Failure) 2018-04-13T05:17:05.362+0800: 13984.358: [ParNew: 11796702K->31047K(13212096K), 0.9984939 secs] 55913063K->44149025K(187275712K), 0.9989117 secs] [Times: user=6.69 sys=1.24, real=0.99 secs] 
2018-04-13T05:19:05.827+0800: 14104.823: [GC (Allocation Failure) 2018-04-13T05:19:05.828+0800: 14104.824: [ParNew: 11775175K->56480K(13212096K), 0.9149177 secs] 55893153K->44174714K(187275712K), 0.9153017 secs] [Times: user=5.79 sys=1.47, real=0.92 secs] 
2018-04-13T05:23:42.054+0800: 14381.050: [GC (Allocation Failure) 2018-04-13T05:23:42.054+0800: 14381.050: [ParNew: 11800608K->69445K(13212096K), 1.1975618 secs] 55918842K->44189419K(187275712K), 1.1979641 secs] [Times: user=7.25 sys=2.24, real=1.20 secs] 
2018-04-13T05:26:06.887+0800: 14525.883: [GC (Allocation Failure) 2018-04-13T05:26:06.888+0800: 14525.884: [ParNew: 11813573K->113716K(13212096K), 0.9532004 secs] 55933547K->44234243K(187275712K), 0.9536288 secs] [Times: user=6.35 sys=1.21, real=0.95 secs] 
2018-04-13T05:26:27.066+0800: 14546.063: [GC (Allocation Failure) 2018-04-13T05:26:27.067+0800: 14546.063: [ParNew: 11857844K->124220K(13212096K), 0.7920916 secs] 55978371K->44245235K(187275712K), 0.7924954 secs] [Times: user=5.59 sys=0.70, real=0.79 secs] 
2018-04-13T05:27:16.020+0800: 14595.016: [GC (Allocation Failure) 2018-04-13T05:27:16.020+0800: 14595.016: [ParNew: 11868348K->98114K(13212096K), 0.6677041 secs] 55989363K->44220741K(187275712K), 0.6681361 secs] [Times: user=4.69 sys=0.62, real=0.67 secs] 
2018-04-13T05:32:50.092+0800: 14929.088: [GC (Allocation Failure) 2018-04-13T05:32:50.092+0800: 14929.088: [ParNew: 11842242K->66171K(13212096K), 1.1782197 secs] 55964869K->44190308K(187275712K), 1.1785702 secs] [Times: user=7.88 sys=1.48, real=1.17 secs] 
2018-04-13T05:35:31.610+0800: 15090.606: [GC (Allocation Failure) 2018-04-13T05:35:31.610+0800: 15090.606: [ParNew: 11810299K->54077K(13212096K), 0.7106750 secs] 55934436K->44194407K(187275712K), 0.7110546 secs] [Times: user=4.64 sys=0.96, real=0.71 secs] 
2018-04-13T05:36:48.046+0800: 15167.042: [GC (Allocation Failure) 2018-04-13T05:36:48.046+0800: 15167.042: [ParNew: 11798205K->49299K(13212096K), 0.7043802 secs] 55938535K->44194517K(187275712K), 0.7048006 secs] [Times: user=5.01 sys=0.57, real=0.70 secs] 
2018-04-13T05:38:29.522+0800: 15268.518: [GC (Allocation Failure) 2018-04-13T05:38:29.522+0800: 15268.518: [ParNew: 11793427K->86835K(13212096K), 0.9760968 secs] 55938645K->44234151K(187275712K), 0.9765172 secs] [Times: user=5.72 sys=2.04, real=0.97 secs] 
2018-04-13T05:40:23.058+0800: 15382.054: [GC (Allocation Failure) 2018-04-13T05:40:23.058+0800: 15382.054: [ParNew: 11830963K->84276K(13212096K), 0.7561352 secs] 55978279K->44231835K(187275712K), 0.7565521 secs] [Times: user=4.87 sys=1.13, real=0.76 secs] 
2018-04-13T05:40:57.990+0800: 15416.986: [GC (Allocation Failure) 2018-04-13T05:40:57.990+0800: 15416.986: [ParNew: 11828404K->86571K(13212096K), 0.8160761 secs] 55975963K->44234619K(187275712K), 0.8164498 secs] [Times: user=5.49 sys=0.99, real=0.82 secs] 
2018-04-13T05:41:44.547+0800: 15463.543: [GC (Allocation Failure) 2018-04-13T05:41:44.548+0800: 15463.544: [ParNew: 11830699K->87965K(13212096K), 0.6777382 secs] 55978747K->44240014K(187275712K), 0.6781527 secs] [Times: user=4.23 sys=1.14, real=0.68 secs] 
2018-04-13T05:44:18.546+0800: 15617.542: [GC (Allocation Failure) 2018-04-13T05:44:18.546+0800: 15617.542: [ParNew: 11832093K->87598K(13212096K), 1.0164657 secs] 55984142K->44241328K(187275712K), 1.0168647 secs] [Times: user=6.92 sys=1.13, real=1.02 secs] 
2018-04-13T05:48:42.608+0800: 15881.604: [GC (Allocation Failure) 2018-04-13T05:48:42.608+0800: 15881.604: [ParNew: 11831726K->69480K(13212096K), 0.9637111 secs] 55985456K->44223598K(187275712K), 0.9641238 secs] [Times: user=6.88 sys=0.78, real=0.97 secs] 
2018-04-13T05:49:44.855+0800: 15943.851: [GC (Allocation Failure) 2018-04-13T05:49:44.855+0800: 15943.851: [ParNew: 11813608K->58786K(13212096K), 0.8248308 secs] 55967726K->44223654K(187275712K), 0.8252591 secs] [Times: user=5.21 sys=1.32, real=0.82 secs] 
2018-04-13T05:52:45.300+0800: 16124.296: [GC (Allocation Failure) 2018-04-13T05:52:45.301+0800: 16124.297: [ParNew: 11802914K->55451K(13212096K), 0.9043590 secs] 55967782K->44223460K(187275712K), 0.9048709 secs] [Times: user=5.98 sys=1.19, real=0.91 secs] 
2018-04-13T05:55:55.096+0800: 16314.092: [GC (Allocation Failure) 2018-04-13T05:55:55.096+0800: 16314.092: [ParNew: 11799579K->63888K(13212096K), 1.0352267 secs] 55967588K->44233593K(187275712K), 1.0356305 secs] [Times: user=6.50 sys=1.74, real=1.04 secs] 
2018-04-13T05:56:20.201+0800: 16339.197: [GC (Allocation Failure) 2018-04-13T05:56:20.201+0800: 16339.197: [ParNew: 11808016K->84178K(13212096K), 0.6688415 secs] 55977721K->44254848K(187275712K), 0.6692666 secs] [Times: user=4.08 sys=1.24, real=0.67 secs] 
2018-04-13T06:00:42.187+0800: 16601.183: [GC (Allocation Failure) 2018-04-13T06:00:42.188+0800: 16601.184: [ParNew: 11828306K->73189K(13212096K), 1.0991738 secs] 55998976K->44246475K(187275712K), 1.0995883 secs] [Times: user=7.21 sys=1.53, real=1.10 secs] 
2018-04-13T06:02:04.866+0800: 16683.862: [GC (Allocation Failure) 2018-04-13T06:02:04.866+0800: 16683.862: [ParNew: 11817317K->72865K(13212096K), 0.7353717 secs] 55990603K->44250154K(187275712K), 0.7357743 secs] [Times: user=5.25 sys=0.57, real=0.74 secs] 
2018-04-13T06:07:52.726+0800: 17031.722: [GC (Allocation Failure) 2018-04-13T06:07:52.726+0800: 17031.722: [ParNew: 11816993K->64680K(13212096K), 1.0890958 secs] 55994282K->44242559K(187275712K), 1.0895073 secs] [Times: user=7.61 sys=1.04, real=1.09 secs] 
2018-04-13T06:10:35.121+0800: 17194.117: [GC (Allocation Failure) 2018-04-13T06:10:35.121+0800: 17194.117: [ParNew: 11808808K->58421K(13212096K), 1.2575517 secs] 55986687K->44238369K(187275712K), 1.2579686 secs] [Times: user=7.29 sys=2.72, real=1.26 secs] 
2018-04-13T06:11:49.165+0800: 17268.161: [GC (Allocation Failure) 2018-04-13T06:11:49.165+0800: 17268.161: [ParNew: 11802549K->79131K(13212096K), 0.7936729 secs] 55982497K->44260914K(187275712K), 0.7940840 secs] [Times: user=5.32 sys=0.98, real=0.79 secs] 
2018-04-13T06:13:35.792+0800: 17374.788: [GC (Allocation Failure) 2018-04-13T06:13:35.792+0800: 17374.788: [ParNew: 11823259K->59510K(13212096K), 0.9796691 secs] 56005042K->44249257K(187275712K), 0.9800661 secs] [Times: user=6.64 sys=1.13, real=0.98 secs] 
2018-04-13T06:14:20.493+0800: 17419.489: [GC (Allocation Failure) 2018-04-13T06:14:20.493+0800: 17419.489: [ParNew: 11803638K->41403K(13212096K), 0.7259772 secs] 55993385K->44238394K(187275712K), 0.7263900 secs] [Times: user=4.23 sys=1.53, real=0.72 secs] 
2018-04-13T06:17:48.607+0800: 17627.603: [GC (Allocation Failure) 2018-04-13T06:17:48.608+0800: 17627.604: [ParNew: 11785531K->32970K(13212096K), 0.9292160 secs] 55982522K->44230282K(187275712K), 0.9296384 secs] [Times: user=6.17 sys=1.22, real=0.93 secs] 
2018-04-13T06:19:45.543+0800: 17744.539: [GC (Allocation Failure) 2018-04-13T06:19:45.544+0800: 17744.540: [ParNew: 11777098K->49172K(13212096K), 0.8689507 secs] 55974410K->44248625K(187275712K), 0.8693396 secs] [Times: user=6.12 sys=0.79, real=0.87 secs] 
2018-04-13T06:24:09.870+0800: 18008.866: [GC (Allocation Failure) 2018-04-13T06:24:09.870+0800: 18008.866: [ParNew: 11793300K->76684K(13212096K), 1.2319157 secs] 55992753K->44277358K(187275712K), 1.2322922 secs] [Times: user=6.77 sys=3.02, real=1.24 secs] 
2018-04-13T06:25:03.770+0800: 18062.766: [GC (Allocation Failure) 2018-04-13T06:25:03.771+0800: 18062.767: [ParNew: 11820812K->88040K(13212096K), 0.7275540 secs] 56021486K->44289034K(187275712K), 0.7279723 secs] [Times: user=4.65 sys=1.12, real=0.73 secs] 
2018-04-13T06:27:45.722+0800: 18224.718: [GC (Allocation Failure) 2018-04-13T06:27:45.722+0800: 18224.718: [ParNew: 11832168K->81526K(13212096K), 0.8472703 secs] 56033162K->44283163K(187275712K), 0.8476861 secs] [Times: user=5.14 sys=1.58, real=0.84 secs] 
2018-04-13T06:30:31.459+0800: 18390.455: [GC (Allocation Failure) 2018-04-13T06:30:31.459+0800: 18390.455: [ParNew: 11825654K->81838K(13212096K), 0.9722427 secs] 56027291K->44283652K(187275712K), 0.9726446 secs] [Times: user=6.49 sys=1.24, real=0.98 secs] 
2018-04-13T06:32:43.382+0800: 18522.378: [GC (Allocation Failure) 2018-04-13T06:32:43.382+0800: 18522.378: [ParNew: 11825966K->66436K(13212096K), 0.8739104 secs] 56027780K->44269878K(187275712K), 0.8743446 secs] [Times: user=5.76 sys=1.19, real=0.87 secs] 
2018-04-13T06:36:45.058+0800: 18764.054: [GC (Allocation Failure) 2018-04-13T06:36:45.059+0800: 18764.055: [ParNew: 11810564K->61284K(13212096K), 1.1003203 secs] 56014006K->44281073K(187275712K), 1.1007572 secs] [Times: user=7.20 sys=1.50, real=1.10 secs] 
2018-04-13T06:39:45.569+0800: 18944.566: [GC (Allocation Failure) 2018-04-13T06:39:45.570+0800: 18944.566: [ParNew: 11805412K->45309K(13212096K), 0.7983243 secs] 56025201K->44268905K(187275712K), 0.7987510 secs] [Times: user=5.53 sys=0.81, real=0.80 secs] 
2018-04-13T06:41:38.430+0800: 19057.426: [GC (Allocation Failure) 2018-04-13T06:41:38.430+0800: 19057.426: [ParNew: 11789437K->55838K(13212096K), 1.0621837 secs] 56013033K->44279707K(187275712K), 1.0625957 secs] [Times: user=5.90 sys=2.53, real=1.07 secs] 
2018-04-13T06:42:06.705+0800: 19085.701: [GC (Allocation Failure) 2018-04-13T06:42:06.706+0800: 19085.702: [ParNew: 11799966K->64445K(13212096K), 0.5430621 secs] 56023835K->44292901K(187275712K), 0.5434724 secs] [Times: user=4.05 sys=0.24, real=0.54 secs] 
2018-04-13T06:43:32.596+0800: 19171.592: [GC (Allocation Failure) 2018-04-13T06:43:32.596+0800: 19171.592: [ParNew: 11808573K->49463K(13212096K), 1.0701744 secs] 56037029K->44282198K(187275712K), 1.0705955 secs] [Times: user=6.07 sys=2.44, real=1.07 secs] 
2018-04-13T06:45:54.048+0800: 19313.045: [GC (Allocation Failure) 2018-04-13T06:45:54.049+0800: 19313.045: [ParNew: 11793591K->66542K(13212096K), 0.8863380 secs] 56026326K->44299549K(187275712K), 0.8867491 secs] [Times: user=5.39 sys=1.63, real=0.89 secs] 
2018-04-13T06:49:11.632+0800: 19510.628: [GC (Allocation Failure) 2018-04-13T06:49:11.632+0800: 19510.628: [ParNew: 11810670K->79914K(13212096K), 0.9094030 secs] 56043677K->44314403K(187275712K), 0.9098286 secs] [Times: user=5.96 sys=1.24, real=0.91 secs] 
2018-04-13T06:49:48.705+0800: 19547.701: [GC (Allocation Failure) 2018-04-13T06:49:48.705+0800: 19547.701: [ParNew: 11824042K->92678K(13212096K), 0.7581778 secs] 56058531K->44328893K(187275712K), 0.7585853 secs] [Times: user=5.07 sys=0.95, real=0.76 secs] 
2018-04-13T06:52:24.496+0800: 19703.492: [GC (Allocation Failure) 2018-04-13T06:52:24.497+0800: 19703.493: [ParNew: 11836806K->70558K(13212096K), 0.9119299 secs] 56073021K->44311105K(187275712K), 0.9123438 secs] [Times: user=5.65 sys=1.58, real=0.91 secs] 
2018-04-13T06:53:49.037+0800: 19788.033: [GC (Allocation Failure) 2018-04-13T06:53:49.037+0800: 19788.033: [ParNew: 11814686K->53940K(13212096K), 0.8684646 secs] 56055233K->44295055K(187275712K), 0.8688801 secs] [Times: user=5.34 sys=1.54, real=0.87 secs] 
2018-04-13T06:59:25.503+0800: 20124.499: [GC (Allocation Failure) 2018-04-13T06:59:25.503+0800: 20124.499: [ParNew: 11798068K->57578K(13212096K), 1.1389038 secs] 56039183K->44299503K(187275712K), 1.1393051 secs] [Times: user=7.70 sys=1.36, real=1.14 secs] 
2018-04-13T07:02:06.455+0800: 20285.451: [GC (Allocation Failure) 2018-04-13T07:02:06.455+0800: 20285.451: [ParNew: 11801706K->64352K(13212096K), 0.9785235 secs] 56043631K->44315829K(187275712K), 0.9789287 secs] [Times: user=6.11 sys=1.65, real=0.98 secs] 
2018-04-13T07:06:49.091+0800: 20568.087: [GC (Allocation Failure) 2018-04-13T07:06:49.091+0800: 20568.087: [ParNew: 11808480K->119963K(13212096K), 1.2293053 secs] 56059957K->44375127K(187275712K), 1.2297706 secs] [Times: user=8.21 sys=1.51, real=1.23 secs] 
2018-04-13T07:08:42.979+0800: 20681.976: [GC (Allocation Failure) 2018-04-13T07:08:42.980+0800: 20681.976: [ParNew: 11864091K->94720K(13212096K), 0.8497378 secs] 56119255K->44350334K(187275712K), 0.8501631 secs] [Times: user=5.75 sys=1.02, real=0.85 secs] 
2018-04-13T07:09:34.343+0800: 20733.339: [GC (Allocation Failure) 2018-04-13T07:09:34.343+0800: 20733.339: [ParNew: 11838848K->62342K(13212096K), 0.6035726 secs] 56094462K->44319307K(187275712K), 0.6040183 secs] [Times: user=4.01 sys=0.78, real=0.60 secs] 
2018-04-13T07:13:36.274+0800: 20975.270: [GC (Allocation Failure) 2018-04-13T07:13:36.274+0800: 20975.270: [ParNew: 11806470K->71849K(13212096K), 1.0024804 secs] 56063435K->44329230K(187275712K), 1.0028945 secs] [Times: user=6.49 sys=1.48, real=1.00 secs] 
2018-04-13T07:15:31.514+0800: 21090.510: [GC (Allocation Failure) 2018-04-13T07:15:31.514+0800: 21090.510: [ParNew: 11815977K->76556K(13212096K), 0.7550919 secs] 56073358K->44335619K(187275712K), 0.7555210 secs] [Times: user=5.35 sys=0.63, real=0.75 secs] 
2018-04-13T07:18:02.826+0800: 21241.822: [GC (Allocation Failure) 2018-04-13T07:18:02.826+0800: 21241.822: [ParNew: 11820684K->63656K(13212096K), 0.9425860 secs] 56079747K->44333429K(187275712K), 0.9430106 secs] [Times: user=6.43 sys=1.05, real=0.94 secs] 
2018-04-13T07:19:00.901+0800: 21299.897: [GC (Allocation Failure) 2018-04-13T07:19:00.901+0800: 21299.897: [ParNew: 11807784K->57206K(13212096K), 0.8719232 secs] 56077557K->44333564K(187275712K), 0.8723465 secs] [Times: user=5.52 sys=1.42, real=0.88 secs] 
2018-04-13T07:19:51.015+0800: 21350.011: [GC (Allocation Failure) 2018-04-13T07:19:51.015+0800: 21350.011: [ParNew: 11801334K->61960K(13212096K), 0.6778916 secs] 56077692K->44339454K(187275712K), 0.6783208 secs] [Times: user=4.33 sys=1.06, real=0.68 secs] 
2018-04-13T07:21:42.760+0800: 21461.756: [GC (Allocation Failure) 2018-04-13T07:21:42.760+0800: 21461.756: [ParNew: 11806088K->47549K(13212096K), 0.9115325 secs] 56083582K->44325189K(187275712K), 0.9119367 secs] [Times: user=5.62 sys=1.62, real=0.92 secs] 
2018-04-13T07:23:05.741+0800: 21544.737: [GC (Allocation Failure) 2018-04-13T07:23:05.742+0800: 21544.738: [ParNew: 11791677K->54514K(13212096K), 0.8842549 secs] 56069317K->44335358K(187275712K), 0.8846666 secs] [Times: user=5.61 sys=1.41, real=0.88 secs] 
2018-04-13T07:24:52.236+0800: 21651.232: [GC (Allocation Failure) 2018-04-13T07:24:52.236+0800: 21651.232: [ParNew: 11798642K->64459K(13212096K), 0.9956961 secs] 56079486K->44352472K(187275712K), 0.9960777 secs] [Times: user=5.44 sys=2.45, real=1.00 secs] 
2018-04-13T07:27:49.946+0800: 21828.942: [GC (Allocation Failure) 2018-04-13T07:27:49.946+0800: 21828.942: [ParNew: 11808587K->69404K(13212096K), 1.2053711 secs] 56096600K->44359666K(187275712K), 1.2059965 secs] [Times: user=7.21 sys=2.34, real=1.21 secs] 
2018-04-13T07:30:13.771+0800: 21972.768: [GC (Allocation Failure) 2018-04-13T07:30:13.772+0800: 21972.768: [ParNew: 11813532K->73780K(13212096K), 1.0228228 secs] 56103794K->44365043K(187275712K), 1.0232294 secs] [Times: user=5.62 sys=2.51, real=1.02 secs] 
2018-04-13T07:34:06.732+0800: 22205.728: [GC (Allocation Failure) 2018-04-13T07:34:06.732+0800: 22205.728: [ParNew: 11817908K->74078K(13212096K), 1.0683466 secs] 56109171K->44366462K(187275712K), 1.0687558 secs] [Times: user=6.75 sys=1.74, real=1.06 secs] 
2018-04-13T07:37:21.391+0800: 22400.387: [GC (Allocation Failure) 2018-04-13T07:37:21.391+0800: 22400.388: [ParNew: 11818206K->100451K(13212096K), 0.9438257 secs] 56110590K->44393467K(187275712K), 0.9442229 secs] [Times: user=5.58 sys=1.90, real=0.94 secs] 
2018-04-13T07:40:25.521+0800: 22584.517: [GC (Allocation Failure) 2018-04-13T07:40:25.521+0800: 22584.517: [ParNew: 11844579K->95314K(13212096K), 1.1722081 secs] 56137595K->44389785K(187275712K), 1.1725961 secs] [Times: user=7.81 sys=1.49, real=1.18 secs] 
2018-04-13T07:41:25.963+0800: 22644.959: [GC (Allocation Failure) 2018-04-13T07:41:25.963+0800: 22644.959: [ParNew: 11839442K->89957K(13212096K), 0.7473074 secs] 56133913K->44393596K(187275712K), 0.7477157 secs] [Times: user=4.51 sys=1.40, real=0.74 secs] 
2018-04-13T07:42:43.314+0800: 22722.310: [GC (Allocation Failure) 2018-04-13T07:42:43.315+0800: 22722.311: [ParNew: 11834085K->101665K(13212096K), 0.7268572 secs] 56137724K->44409108K(187275712K), 0.7272615 secs] [Times: user=4.62 sys=1.12, real=0.73 secs] 
2018-04-13T07:44:25.622+0800: 22824.618: [GC (Allocation Failure) 2018-04-13T07:44:25.623+0800: 22824.619: [ParNew: 11845793K->106611K(13212096K), 0.8655886 secs] 56153236K->44416525K(187275712K), 0.8659973 secs] [Times: user=5.26 sys=1.62, real=0.86 secs] 
2018-04-13T07:45:44.401+0800: 22903.397: [GC (Allocation Failure) 2018-04-13T07:45:44.401+0800: 22903.397: [ParNew: 11848757K->83906K(13212096K), 0.7822069 secs] 56158670K->44396112K(187275712K), 0.7826399 secs] [Times: user=5.14 sys=1.07, real=0.79 secs] 
2018-04-13T07:49:02.889+0800: 23101.885: [GC (Allocation Failure) 2018-04-13T07:49:02.889+0800: 23101.885: [ParNew: 11828034K->83562K(13212096K), 1.0647260 secs] 56140240K->44398078K(187275712K), 1.0651402 secs] [Times: user=6.73 sys=1.73, real=1.07 secs] 
2018-04-13T07:51:31.076+0800: 23250.072: [GC (Allocation Failure) 2018-04-13T07:51:31.076+0800: 23250.072: [ParNew: 11827690K->71798K(13212096K), 0.8649043 secs] 56142206K->44390446K(187275712K), 0.8652906 secs] [Times: user=5.88 sys=0.98, real=0.87 secs] 
2018-04-13T07:52:09.662+0800: 23288.658: [GC (Allocation Failure) 2018-04-13T07:52:09.662+0800: 23288.658: [ParNew: 11815926K->69705K(13212096K), 0.7822632 secs] 56134574K->44396308K(187275712K), 0.7826863 secs] [Times: user=4.66 sys=1.54, real=0.78 secs] 
2018-04-13T07:54:11.812+0800: 23410.808: [GC (Allocation Failure) 2018-04-13T07:54:11.812+0800: 23410.808: [ParNew: 11813833K->55924K(13212096K), 0.7584735 secs] 56140436K->44384606K(187275712K), 0.7588875 secs] [Times: user=4.45 sys=1.57, real=0.75 secs] 
2018-04-13T07:56:26.764+0800: 23545.760: [GC (Allocation Failure) 2018-04-13T07:56:26.764+0800: 23545.760: [ParNew: 11800052K->45128K(13212096K), 0.9074329 secs] 56128734K->44375894K(187275712K), 0.9078422 secs] [Times: user=6.27 sys=0.94, real=0.91 secs] 
2018-04-13T07:59:32.107+0800: 23731.103: [GC (Allocation Failure) 2018-04-13T07:59:32.107+0800: 23731.103: [ParNew: 11789256K->85715K(13212096K), 1.1458396 secs] 56120022K->44417650K(187275712K), 1.1462572 secs] [Times: user=7.15 sys=1.95, real=1.15 secs] 
2018-04-13T08:04:46.689+0800: 24045.685: [GC (Allocation Failure) 2018-04-13T08:04:46.689+0800: 24045.685: [ParNew: 11829843K->89194K(13212096K), 1.1770319 secs] 56161778K->44421643K(187275712K), 1.1774561 secs] [Times: user=7.91 sys=1.42, real=1.18 secs] 
2018-04-13T08:07:42.108+0800: 24221.104: [GC (Allocation Failure) 2018-04-13T08:07:42.109+0800: 24221.105: [ParNew: 11833322K->56922K(13212096K), 0.8940879 secs] 56165771K->44392254K(187275712K), 0.8944903 secs] [Times: user=6.37 sys=0.73, real=0.90 secs] 
2018-04-13T08:11:22.792+0800: 24441.788: [GC (Allocation Failure) 2018-04-13T08:11:22.792+0800: 24441.788: [ParNew: 11801050K->62807K(13212096K), 1.1363737 secs] 56136382K->44400970K(187275712K), 1.1367911 secs] [Times: user=6.63 sys=2.41, real=1.13 secs] 
2018-04-13T08:14:43.177+0800: 24642.173: [GC (Allocation Failure) 2018-04-13T08:14:43.177+0800: 24642.173: [ParNew: 11806935K->48113K(13212096K), 0.8394983 secs] 56145098K->44386500K(187275712K), 0.8399458 secs] [Times: user=5.58 sys=1.07, real=0.84 secs] 
2018-04-13T08:15:25.394+0800: 24684.390: [GC (Allocation Failure) 2018-04-13T08:15:25.395+0800: 24684.391: [ParNew: 11792241K->82733K(13212096K), 0.7076579 secs] 56130628K->44422181K(187275712K), 0.7080811 secs] [Times: user=4.98 sys=0.65, real=0.71 secs] 
2018-04-13T08:17:10.237+0800: 24789.233: [GC (Allocation Failure) 2018-04-13T08:17:10.237+0800: 24789.233: [ParNew: 11826861K->73430K(13212096K), 0.8891766 secs] 56166309K->44418867K(187275712K), 0.8896001 secs] [Times: user=5.55 sys=1.51, real=0.89 secs] 
2018-04-13T08:20:49.021+0800: 25008.017: [GC (Allocation Failure) 2018-04-13T08:20:49.021+0800: 25008.017: [ParNew: 11817558K->59940K(13212096K), 1.1298916 secs] 56162995K->44408446K(187275712K), 1.1303200 secs] [Times: user=7.35 sys=1.60, real=1.13 secs] 
2018-04-13T08:22:20.819+0800: 25099.815: [GC (Allocation Failure) 2018-04-13T08:22:20.819+0800: 25099.815: [ParNew: 11804068K->60040K(13212096K), 0.7133871 secs] 56152574K->44409829K(187275712K), 0.7138333 secs] [Times: user=4.86 sys=0.80, real=0.72 secs] 
2018-04-13T08:27:21.257+0800: 25400.253: [GC (Allocation Failure) 2018-04-13T08:27:21.257+0800: 25400.253: [ParNew: 11804168K->59956K(13212096K), 1.1188956 secs] 56153957K->44410728K(187275712K), 1.1193352 secs] [Times: user=6.80 sys=2.07, real=1.12 secs] 
2018-04-13T08:28:48.763+0800: 25487.759: [GC (Allocation Failure) 2018-04-13T08:28:48.763+0800: 25487.759: [ParNew: 11804084K->83094K(13212096K), 0.7548335 secs] 56154856K->44435281K(187275712K), 0.7552604 secs] [Times: user=4.36 sys=1.62, real=0.75 secs] 
2018-04-13T08:30:25.381+0800: 25584.377: [GC (Allocation Failure) 2018-04-13T08:30:25.381+0800: 25584.377: [ParNew: 11827222K->74862K(13212096K), 0.9849406 secs] 56179409K->44427743K(187275712K), 0.9853674 secs] [Times: user=6.30 sys=1.54, real=0.99 secs] 
2018-04-13T08:30:49.915+0800: 25608.911: [GC (Allocation Failure) 2018-04-13T08:30:49.915+0800: 25608.911: [ParNew: 11818990K->82629K(13212096K), 0.6639998 secs] 56171871K->44441832K(187275712K), 0.6644158 secs] [Times: user=3.75 sys=1.50, real=0.66 secs] 
2018-04-13T08:32:32.693+0800: 25711.689: [GC (Allocation Failure) 2018-04-13T08:32:32.694+0800: 25711.690: [ParNew: 11826757K->53200K(13212096K), 0.9604418 secs] 56185960K->44420357K(187275712K), 0.9608574 secs] [Times: user=6.04 sys=1.58, real=0.96 secs] 
2018-04-13T08:33:46.655+0800: 25785.651: [GC (Allocation Failure) 2018-04-13T08:33:46.655+0800: 25785.651: [ParNew: 11797328K->49187K(13212096K), 0.5534184 secs] 56164485K->44417194K(187275712K), 0.5538229 secs] [Times: user=3.81 sys=0.58, real=0.55 secs] 
2018-04-13T08:38:45.124+0800: 26084.120: [GC (Allocation Failure) 2018-04-13T08:38:45.124+0800: 26084.120: [ParNew: 11793315K->37608K(13212096K), 1.1694874 secs] 56161322K->44409877K(187275712K), 1.1699109 secs] [Times: user=6.65 sys=2.65, real=1.17 secs] 
2018-04-13T08:40:35.868+0800: 26194.864: [GC (Allocation Failure) 2018-04-13T08:40:35.868+0800: 26194.864: [ParNew: 11781736K->56874K(13212096K), 0.8744782 secs] 56154005K->44430978K(187275712K), 0.8749078 secs] [Times: user=5.30 sys=1.62, real=0.88 secs] 
2018-04-13T08:42:32.895+0800: 26311.891: [GC (Allocation Failure) 2018-04-13T08:42:32.895+0800: 26311.891: [ParNew: 11801002K->71719K(13212096K), 1.0080970 secs] 56175106K->44447993K(187275712K), 1.0085273 secs] [Times: user=5.55 sys=2.45, real=1.01 secs] 
2018-04-13T08:44:47.850+0800: 26446.846: [GC (Allocation Failure) 2018-04-13T08:44:47.850+0800: 26446.846: [ParNew: 11815847K->89894K(13212096K), 0.9091054 secs] 56192121K->44466465K(187275712K), 0.9095272 secs] [Times: user=5.66 sys=1.56, real=0.91 secs] 
2018-04-13T08:47:45.163+0800: 26624.159: [GC (Allocation Failure) 2018-04-13T08:47:45.163+0800: 26624.159: [ParNew: 11834022K->85151K(13212096K), 1.0353046 secs] 56210593K->44462413K(187275712K), 1.0357316 secs] [Times: user=6.20 sys=2.02, real=1.03 secs] 
2018-04-13T08:49:25.220+0800: 26724.216: [GC (Allocation Failure) 2018-04-13T08:49:25.220+0800: 26724.216: [ParNew: 11829279K->79484K(13212096K), 0.9090436 secs] 56206541K->44457145K(187275712K), 0.9094717 secs] [Times: user=5.31 sys=1.91, real=0.91 secs] 
2018-04-13T08:50:37.283+0800: 26796.279: [GC (Allocation Failure) 2018-04-13T08:50:37.283+0800: 26796.279: [ParNew: 11823612K->78251K(13212096K), 0.7954969 secs] 56201273K->44459040K(187275712K), 0.7959022 secs] [Times: user=5.29 sys=1.04, real=0.79 secs] 
2018-04-13T08:52:46.218+0800: 26925.214: [GC (Allocation Failure) 2018-04-13T08:52:46.219+0800: 26925.215: [ParNew: 11822379K->70950K(13212096K), 1.0020855 secs] 56203168K->44462165K(187275712K), 1.0025066 secs] [Times: user=5.63 sys=2.29, real=1.00 secs] 
2018-04-13T08:54:28.940+0800: 27027.936: [GC (Allocation Failure) 2018-04-13T08:54:28.940+0800: 27027.936: [ParNew: 11815078K->61283K(13212096K), 0.8153132 secs] 56206293K->44454750K(187275712K), 0.8157228 secs] [Times: user=4.86 sys=1.61, real=0.82 secs] 
2018-04-13T08:59:25.281+0800: 27324.277: [GC (Allocation Failure) 2018-04-13T08:59:25.281+0800: 27324.277: [ParNew: 11805411K->62878K(13212096K), 1.1570837 secs] 56198878K->44457627K(187275712K), 1.1575102 secs] [Times: user=7.73 sys=1.47, real=1.16 secs] 
2018-04-13T09:01:09.523+0800: 27428.519: [GC (Allocation Failure) 2018-04-13T09:01:09.523+0800: 27428.519: [ParNew: 11807006K->112285K(13212096K), 0.8757729 secs] 56201755K->44508535K(187275712K), 0.8762445 secs] [Times: user=5.69 sys=1.22, real=0.87 secs] 
2018-04-13T09:01:37.661+0800: 27456.657: [GC (Allocation Failure) 2018-04-13T09:01:37.662+0800: 27456.658: [ParNew: 11856413K->84920K(13212096K), 0.7371744 secs] 56252663K->44482274K(187275712K), 0.7375761 secs] [Times: user=4.79 sys=1.07, real=0.73 secs] 
2018-04-13T09:02:47.771+0800: 27526.767: [GC (Allocation Failure) 2018-04-13T09:02:47.771+0800: 27526.767: [ParNew: 11829048K->73853K(13212096K), 0.7734154 secs] 56226402K->44473027K(187275712K), 0.7738477 secs] [Times: user=4.85 sys=1.29, real=0.78 secs] 
2018-04-13T09:03:25.674+0800: 27564.670: [GC (Allocation Failure) 2018-04-13T09:03:25.674+0800: 27564.671: [ParNew: 11817981K->64877K(13212096K), 0.5857475 secs] 56217155K->44473281K(187275712K), 0.5861664 secs] [Times: user=4.16 sys=0.49, real=0.58 secs] 
2018-04-13T09:07:52.214+0800: 27831.210: [GC (Allocation Failure) 2018-04-13T09:07:52.214+0800: 27831.210: [ParNew: 11809005K->56632K(13212096K), 1.0445481 secs] 56217409K->44465749K(187275712K), 1.0449727 secs] [Times: user=5.88 sys=2.43, real=1.04 secs] 
2018-04-13T09:11:03.243+0800: 28022.239: [GC (Allocation Failure) 2018-04-13T09:11:03.243+0800: 28022.239: [ParNew: 11800760K->51383K(13212096K), 0.8748785 secs] 56209877K->44465755K(187275712K), 0.8752971 secs] [Times: user=5.49 sys=1.44, real=0.87 secs] 
2018-04-13T09:15:18.099+0800: 28277.095: [GC (Allocation Failure) 2018-04-13T09:15:18.099+0800: 28277.095: [ParNew: 11795511K->102390K(13212096K), 1.0737764 secs] 56209883K->44517594K(187275712K), 1.0744721 secs] [Times: user=7.44 sys=1.07, real=1.08 secs] 
2018-04-13T09:18:33.475+0800: 28472.471: [GC (Allocation Failure) 2018-04-13T09:18:33.475+0800: 28472.471: [ParNew: 11846518K->81309K(13212096K), 1.2724616 secs] 56261722K->44496712K(187275712K), 1.2728378 secs] [Times: user=7.40 sys=2.73, real=1.27 secs] 
2018-04-13T09:19:05.780+0800: 28504.776: [GC (Allocation Failure) 2018-04-13T09:19:05.780+0800: 28504.776: [ParNew: 11825437K->84163K(13212096K), 0.6794736 secs] 56240840K->44500101K(187275712K), 0.6798881 secs] [Times: user=4.22 sys=1.18, real=0.68 secs] 
2018-04-13T09:21:46.118+0800: 28665.115: [GC (Allocation Failure) 2018-04-13T09:21:46.119+0800: 28665.115: [ParNew: 11828291K->65070K(13212096K), 0.9555455 secs] 56244229K->44481104K(187275712K), 0.9559493 secs] [Times: user=6.13 sys=1.46, real=0.96 secs] 
2018-04-13T09:24:29.405+0800: 28828.401: [GC (Allocation Failure) 2018-04-13T09:24:29.405+0800: 28828.401: [ParNew: 11809198K->115092K(13212096K), 1.0020220 secs] 56225232K->44532740K(187275712K), 1.0024221 secs] [Times: user=6.20 sys=1.78, real=1.00 secs] 
2018-04-13T09:26:21.388+0800: 28940.385: [GC (Allocation Failure) 2018-04-13T09:26:21.389+0800: 28940.385: [ParNew: 11859220K->104914K(13212096K), 0.8392572 secs] 56276868K->44529911K(187275712K), 0.8397063 secs] [Times: user=5.44 sys=1.19, real=0.84 secs] 
2018-04-13T09:28:30.071+0800: 29069.067: [GC (Allocation Failure) 2018-04-13T09:28:30.071+0800: 29069.067: [ParNew: 11849042K->91762K(13212096K), 0.8552918 secs] 56274039K->44519937K(187275712K), 0.8556929 secs] [Times: user=5.06 sys=1.72, real=0.85 secs] 
2018-04-13T09:31:49.682+0800: 29268.678: [GC (Allocation Failure) 2018-04-13T09:31:49.683+0800: 29268.679: [ParNew: 11835890K->104421K(13212096K), 0.9613385 secs] 56264065K->44533717K(187275712K), 0.9617035 secs] [Times: user=6.52 sys=1.12, real=0.96 secs] 
2018-04-13T09:33:55.745+0800: 29394.741: [GC (Allocation Failure) 2018-04-13T09:33:55.746+0800: 29394.742: [ParNew: 11848549K->93293K(13212096K), 1.1991657 secs] 56277845K->44522791K(187275712K), 1.1995267 secs] [Times: user=6.66 sys=2.86, real=1.20 secs] 
2018-04-13T09:34:33.730+0800: 29432.726: [GC (Allocation Failure) 2018-04-13T09:34:33.730+0800: 29432.726: [ParNew: 11837421K->97022K(13212096K), 0.7168905 secs] 56266919K->44528596K(187275712K), 0.7172930 secs] [Times: user=4.34 sys=1.34, real=0.72 secs] 
2018-04-13T09:35:04.317+0800: 29463.313: [GC (Allocation Failure) 2018-04-13T09:35:04.317+0800: 29463.313: [ParNew: 11841150K->98537K(13212096K), 0.5349281 secs] 56272724K->44533165K(187275712K), 0.5353305 secs] [Times: user=3.89 sys=0.37, real=0.54 secs] 
2018-04-13T09:35:50.761+0800: 29509.757: [GC (Allocation Failure) 2018-04-13T09:35:50.761+0800: 29509.757: [ParNew: 11842665K->123919K(13212096K), 0.7606146 secs] 56277293K->44563441K(187275712K), 0.7610321 secs] [Times: user=4.65 sys=1.38, real=0.77 secs] 
2018-04-13T09:36:13.511+0800: 29532.507: [GC (Allocation Failure) 2018-04-13T09:36:13.512+0800: 29532.508: [ParNew: 11868047K->148573K(13212096K), 0.6489822 secs] 56307569K->44597294K(187275712K), 0.6493506 secs] [Times: user=4.63 sys=0.51, real=0.64 secs] 
2018-04-13T09:36:40.633+0800: 29559.629: [GC (Allocation Failure) 2018-04-13T09:36:40.634+0800: 29559.630: [ParNew: 11892701K->127584K(13212096K), 0.5480224 secs] 56341422K->44584867K(187275712K), 0.5484314 secs] [Times: user=3.99 sys=0.35, real=0.55 secs] 
2018-04-13T09:37:09.421+0800: 29588.417: [GC (Allocation Failure) 2018-04-13T09:37:09.421+0800: 29588.417: [ParNew: 11871712K->137959K(13212096K), 0.7328754 secs] 56328995K->44600295K(187275712K), 0.7332917 secs] [Times: user=4.57 sys=1.24, real=0.74 secs] 
2018-04-13T09:38:08.076+0800: 29647.072: [GC (Allocation Failure) 2018-04-13T09:38:08.076+0800: 29647.072: [ParNew: 11882087K->122250K(13212096K), 0.7040886 secs] 56344423K->44586506K(187275712K), 0.7044964 secs] [Times: user=5.01 sys=0.59, real=0.70 secs] 
2018-04-13T09:40:00.954+0800: 29759.950: [GC (Allocation Failure) 2018-04-13T09:40:00.954+0800: 29759.950: [ParNew: 11866378K->97652K(13212096K), 0.9609369 secs] 56330634K->44562429K(187275712K), 0.9613791 secs] [Times: user=5.26 sys=2.36, real=0.96 secs] 
2018-04-13T09:40:47.370+0800: 29806.366: [GC (Allocation Failure) 2018-04-13T09:40:47.370+0800: 29806.366: [ParNew: 11841780K->114583K(13212096K), 0.7685709 secs] 56306557K->44582184K(187275712K), 0.7689639 secs] [Times: user=4.69 sys=1.41, real=0.77 secs] 
2018-04-13T09:41:59.612+0800: 29878.608: [GC (Allocation Failure) 2018-04-13T09:41:59.612+0800: 29878.608: [ParNew: 11858711K->131791K(13212096K), 0.7866473 secs] 56326312K->44601055K(187275712K), 0.7870577 secs] [Times: user=4.87 sys=1.39, real=0.78 secs] 
2018-04-13T09:43:34.571+0800: 29973.567: [GC (Allocation Failure) 2018-04-13T09:43:34.571+0800: 29973.567: [ParNew: 11875919K->101928K(13212096K), 0.9004153 secs] 56345183K->44572569K(187275712K), 0.9008211 secs] [Times: user=5.52 sys=1.63, real=0.90 secs] 
2018-04-13T09:45:21.776+0800: 30080.772: [GC (Allocation Failure) 2018-04-13T09:45:21.776+0800: 30080.772: [ParNew: 11846056K->143959K(13212096K), 0.9116788 secs] 56316697K->44616627K(187275712K), 0.9121015 secs] [Times: user=5.70 sys=1.53, real=0.91 secs] 
2018-04-13T09:45:41.854+0800: 30100.850: [GC (Allocation Failure) 2018-04-13T09:45:41.854+0800: 30100.850: [ParNew: 11888087K->202211K(13212096K), 0.6289717 secs] 56360755K->44676099K(187275712K), 0.6293810 secs] [Times: user=4.50 sys=0.50, real=0.63 secs] 
2018-04-13T09:46:25.763+0800: 30144.759: [GC (Allocation Failure) 2018-04-13T09:46:25.763+0800: 30144.759: [ParNew: 11946339K->161596K(13212096K), 0.8144220 secs] 56420227K->44642539K(187275712K), 0.8148441 secs] [Times: user=5.00 sys=1.46, real=0.81 secs] 
2018-04-13T09:46:46.340+0800: 30165.336: [GC (Allocation Failure) 2018-04-13T09:46:46.340+0800: 30165.336: [ParNew: 11905724K->256617K(13212096K), 0.5842728 secs] 56386667K->44746717K(187275712K), 0.5846966 secs] [Times: user=4.28 sys=0.36, real=0.59 secs] 
2018-04-13T09:47:05.300+0800: 30184.296: [GC (Allocation Failure) 2018-04-13T09:47:05.300+0800: 30184.297: [ParNew: 12000745K->330666K(13212096K), 0.6568959 secs] 56490845K->44828191K(187275712K), 0.6572989 secs] [Times: user=4.93 sys=0.30, real=0.66 secs] 
2018-04-13T09:48:33.575+0800: 30272.571: [GC (Allocation Failure) 2018-04-13T09:48:33.575+0800: 30272.571: [ParNew: 12074794K->247083K(13212096K), 0.9939765 secs] 56572319K->44750211K(187275712K), 0.9943744 secs] [Times: user=5.22 sys=2.67, real=0.99 secs] 
2018-04-13T09:49:53.979+0800: 30352.975: [GC (Allocation Failure) 2018-04-13T09:49:53.979+0800: 30352.975: [ParNew: 11991211K->234035K(13212096K), 0.9877543 secs] 56494339K->44750472K(187275712K), 0.9881900 secs] [Times: user=5.51 sys=2.31, real=0.99 secs] 
2018-04-13T09:51:05.614+0800: 30424.610: [GC (Allocation Failure) 2018-04-13T09:51:05.614+0800: 30424.610: [ParNew: 11978163K->194581K(13212096K), 0.8402615 secs] 56494600K->44737237K(187275712K), 0.8406699 secs] [Times: user=4.71 sys=1.92, real=0.84 secs] 
2018-04-13T09:52:23.008+0800: 30502.004: [GC (Allocation Failure) 2018-04-13T09:52:23.008+0800: 30502.004: [ParNew: 11938709K->178862K(13212096K), 0.7776222 secs] 56481365K->44744562K(187275712K), 0.7780593 secs] [Times: user=4.61 sys=1.53, real=0.78 secs] 
2018-04-13T09:52:46.969+0800: 30525.965: [GC (Allocation Failure) 2018-04-13T09:52:46.969+0800: 30525.965: [ParNew: 11922990K->156620K(13212096K), 0.7209933 secs] 56488690K->44745345K(187275712K), 0.7213756 secs] [Times: user=4.85 sys=0.87, real=0.72 secs] 
2018-04-13T09:53:41.798+0800: 30580.794: [GC (Allocation Failure) 2018-04-13T09:53:41.799+0800: 30580.795: [ParNew: 11900748K->128432K(13212096K), 0.7431047 secs] 56489473K->44739568K(187275712K), 0.7435203 secs] [Times: user=4.33 sys=1.53, real=0.75 secs] 
2018-04-13T09:55:32.768+0800: 30691.764: [GC (Allocation Failure) 2018-04-13T09:55:32.768+0800: 30691.764: [ParNew: 11872560K->85696K(13212096K), 0.9234628 secs] 56483696K->44711579K(187275712K), 0.9238917 secs] [Times: user=5.23 sys=2.09, real=0.93 secs] 
2018-04-13T09:57:15.802+0800: 30794.798: [GC (Allocation Failure) 2018-04-13T09:57:15.802+0800: 30794.798: [ParNew: 11829824K->90576K(13212096K), 0.9267540 secs] 56455707K->44719413K(187275712K), 0.9271757 secs] [Times: user=5.33 sys=2.03, real=0.92 secs] 
2018-04-13T09:58:07.134+0800: 30846.130: [GC (Allocation Failure) 2018-04-13T09:58:07.134+0800: 30846.130: [ParNew: 11834704K->110930K(13212096K), 0.8939600 secs] 56463541K->44742881K(187275712K), 0.8943699 secs] [Times: user=5.57 sys=1.55, real=0.89 secs] 
2018-04-13T09:59:03.891+0800: 30902.887: [GC (Allocation Failure) 2018-04-13T09:59:03.891+0800: 30902.887: [ParNew: 11855058K->126262K(13212096K), 0.7597664 secs] 56487009K->44761462K(187275712K), 0.7601904 secs] [Times: user=4.90 sys=1.13, real=0.76 secs] 
2018-04-13T10:00:59.869+0800: 31018.865: [GC (Allocation Failure) 2018-04-13T10:00:59.869+0800: 31018.865: [ParNew: 11870390K->137597K(13212096K), 0.7816030 secs] 56505590K->44774669K(187275712K), 0.7820024 secs] [Times: user=5.36 sys=0.87, real=0.78 secs] 
2018-04-13T10:01:15.481+0800: 31034.477: [GC (Allocation Failure) 2018-04-13T10:01:15.481+0800: 31034.477: [ParNew: 11881725K->227988K(13212096K), 0.7696604 secs] 56518797K->44868638K(187275712K), 0.7700729 secs] [Times: user=4.72 sys=1.38, real=0.77 secs] 
2018-04-13T10:01:32.118+0800: 31051.114: [GC (Allocation Failure) 2018-04-13T10:01:32.118+0800: 31051.114: [ParNew: 11972116K->302218K(13212096K), 0.6637462 secs] 56612766K->44944684K(187275712K), 0.6641481 secs] [Times: user=4.88 sys=0.40, real=0.67 secs] 
2018-04-13T10:01:48.568+0800: 31067.564: [GC (Allocation Failure) 2018-04-13T10:01:48.568+0800: 31067.564: [ParNew: 12046346K->317137K(13212096K), 0.6347875 secs] 56688812K->44964548K(187275712K), 0.6352013 secs] [Times: user=4.81 sys=0.24, real=0.64 secs] 
2018-04-13T10:02:07.205+0800: 31086.201: [GC (Allocation Failure) 2018-04-13T10:02:07.205+0800: 31086.201: [ParNew: 12061265K->356246K(13212096K), 0.7355657 secs] 56708676K->45008454K(187275712K), 0.7359700 secs] [Times: user=4.88 sys=0.97, real=0.73 secs] 
2018-04-13T10:02:25.551+0800: 31104.547: [GC (Allocation Failure) 2018-04-13T10:02:25.552+0800: 31104.548: [ParNew: 12100374K->372501K(13212096K), 0.6930624 secs] 56752582K->45028481K(187275712K), 0.6934597 secs] [Times: user=4.94 sys=0.58, real=0.69 secs] 
2018-04-13T10:03:25.539+0800: 31164.536: [GC (Allocation Failure) 2018-04-13T10:03:25.540+0800: 31164.536: [ParNew: 12116629K->264164K(13212096K), 0.8275382 secs] 56772609K->44926350K(187275712K), 0.8279745 secs] [Times: user=5.28 sys=1.30, real=0.83 secs] 
2018-04-13T10:04:57.577+0800: 31256.573: [GC (Allocation Failure) 2018-04-13T10:04:57.577+0800: 31256.573: [ParNew: 12008292K->250572K(13212096K), 0.9781422 secs] 56670478K->44929512K(187275712K), 0.9785364 secs] [Times: user=5.57 sys=2.18, real=0.98 secs] 
2018-04-13T10:06:30.920+0800: 31349.916: [GC (Allocation Failure) 2018-04-13T10:06:30.920+0800: 31349.916: [ParNew: 11994700K->196604K(13212096K), 0.7500443 secs] 56673640K->44898326K(187275712K), 0.7504224 secs] [Times: user=4.84 sys=1.11, real=0.75 secs] 
2018-04-13T10:07:32.008+0800: 31411.004: [GC (Allocation Failure) 2018-04-13T10:07:32.008+0800: 31411.004: [ParNew: 11940732K->249956K(13212096K), 0.9845763 secs] 56642454K->44975270K(187275712K), 0.9849838 secs] [Times: user=6.16 sys=1.64, real=0.99 secs] 
2018-04-13T10:07:48.780+0800: 31427.776: [GC (Allocation Failure) 2018-04-13T10:07:48.780+0800: 31427.776: [ParNew: 11994084K->302562K(13212096K), 0.6098210 secs] 56719398K->45053912K(187275712K), 0.6102412 secs] [Times: user=4.44 sys=0.39, real=0.61 secs] 
2018-04-13T10:08:06.521+0800: 31445.518: [GC (Allocation Failure) 2018-04-13T10:08:06.522+0800: 31445.518: [ParNew: 12046690K->295535K(13212096K), 0.7180719 secs] 56798040K->45073963K(187275712K), 0.7184904 secs] [Times: user=4.32 sys=1.36, real=0.71 secs] 
2018-04-13T10:09:00.509+0800: 31499.505: [GC (Allocation Failure) 2018-04-13T10:09:00.509+0800: 31499.505: [ParNew: 12039663K->201489K(13212096K), 0.7763543 secs] 56818091K->44999410K(187275712K), 0.7767802 secs] [Times: user=5.10 sys=1.06, real=0.78 secs] 
2018-04-13T10:09:24.465+0800: 31523.461: [GC (Allocation Failure) 2018-04-13T10:09:24.466+0800: 31523.462: [ParNew: 11945617K->214229K(13212096K), 0.7544473 secs] 56743538K->45016529K(187275712K), 0.7548768 secs] [Times: user=4.59 sys=1.39, real=0.75 secs] 
2018-04-13T10:10:13.195+0800: 31572.191: [GC (Allocation Failure) 2018-04-13T10:10:13.195+0800: 31572.191: [ParNew: 11958357K->138294K(13212096K), 0.8448472 secs] 56760657K->44943616K(187275712K), 0.8452604 secs] [Times: user=4.59 sys=2.13, real=0.84 secs] 
2018-04-13T10:10:41.756+0800: 31600.752: [GC (Allocation Failure) 2018-04-13T10:10:41.756+0800: 31600.752: [ParNew: 11882422K->193182K(13212096K), 0.7079593 secs] 56687744K->45012615K(187275712K), 0.7083641 secs] [Times: user=4.79 sys=0.84, real=0.71 secs] 
2018-04-13T10:11:11.008+0800: 31630.004: [GC (Allocation Failure) 2018-04-13T10:11:11.008+0800: 31630.004: [ParNew: 11937310K->146466K(13212096K), 0.6868717 secs] 56756743K->44989698K(187275712K), 0.6872863 secs] [Times: user=4.15 sys=1.29, real=0.69 secs] 
2018-04-13T10:13:44.160+0800: 31783.156: [GC (Allocation Failure) 2018-04-13T10:13:44.161+0800: 31783.157: [ParNew: 11890594K->96850K(13212096K), 0.9021787 secs] 56733826K->44964064K(187275712K), 0.9026086 secs] [Times: user=5.31 sys=1.84, real=0.91 secs] 
2018-04-13T10:16:15.875+0800: 31934.871: [GC (Allocation Failure) 2018-04-13T10:16:15.875+0800: 31934.871: [ParNew: 11840978K->113448K(13212096K), 0.9904854 secs] 56708192K->44986413K(187275712K), 0.9908911 secs] [Times: user=6.29 sys=1.60, real=0.99 secs] 
2018-04-13T10:16:30.250+0800: 31949.246: [GC (Allocation Failure) 2018-04-13T10:16:30.251+0800: 31949.247: [ParNew: 11857576K->152388K(13212096K), 0.5423705 secs] 56730541K->45027190K(187275712K), 0.5428133 secs] [Times: user=4.25 sys=0.06, real=0.55 secs] 
2018-04-13T10:16:43.165+0800: 31962.161: [GC (Allocation Failure) 2018-04-13T10:16:43.165+0800: 31962.161: [ParNew: 11896516K->151464K(13212096K), 0.6660814 secs] 56771318K->45029763K(187275712K), 0.6664828 secs] [Times: user=4.15 sys=1.15, real=0.67 secs] 
2018-04-13T10:16:58.964+0800: 31977.960: [GC (Allocation Failure) 2018-04-13T10:16:58.965+0800: 31977.961: [ParNew: 11895592K->200055K(13212096K), 0.5519783 secs] 56773891K->45079957K(187275712K), 0.5523852 secs] [Times: user=4.10 sys=0.29, real=0.55 secs] 
2018-04-13T10:17:13.463+0800: 31992.459: [GC (Allocation Failure) 2018-04-13T10:17:13.463+0800: 31992.459: [ParNew: 11944183K->176008K(13212096K), 0.5386656 secs] 56824085K->45057129K(187275712K), 0.5390679 secs] [Times: user=4.07 sys=0.23, real=0.54 secs] 
2018-04-13T10:17:42.516+0800: 32021.512: [GC (Allocation Failure) 2018-04-13T10:17:42.516+0800: 32021.512: [ParNew: 11920136K->138010K(13212096K), 0.7255945 secs] 56801257K->45022640K(187275712K), 0.7260176 secs] [Times: user=4.26 sys=1.52, real=0.73 secs] 
2018-04-13T10:19:28.494+0800: 32127.490: [GC (Allocation Failure) 2018-04-13T10:19:28.494+0800: 32127.490: [ParNew: 11882138K->89154K(13212096K), 0.8170082 secs] 56766768K->44980172K(187275712K), 0.8174146 secs] [Times: user=4.81 sys=1.67, real=0.82 secs] 
2018-04-13T10:20:15.614+0800: 32174.610: [GC (Allocation Failure) 2018-04-13T10:20:15.614+0800: 32174.610: [ParNew: 11833282K->84661K(13212096K), 0.5852776 secs] 56724300K->44976440K(187275712K), 0.5856886 secs] [Times: user=3.93 sys=0.73, real=0.58 secs] 
2018-04-13T10:21:15.009+0800: 32234.005: [GC (Allocation Failure) 2018-04-13T10:21:15.009+0800: 32234.005: [ParNew: 11828789K->81051K(13212096K), 0.7149699 secs] 56720568K->44973162K(187275712K), 0.7153882 secs] [Times: user=4.49 sys=1.20, real=0.72 secs] 
2018-04-13T10:24:47.360+0800: 32446.356: [GC (Allocation Failure) 2018-04-13T10:24:47.360+0800: 32446.356: [ParNew: 11825179K->80237K(13212096K), 1.1848490 secs] 56717290K->44972781K(187275712K), 1.1852524 secs] [Times: user=6.17 sys=3.26, real=1.19 secs] 
2018-04-13T10:26:26.372+0800: 32545.369: [GC (Allocation Failure) 2018-04-13T10:26:26.373+0800: 32545.369: [ParNew: 11824365K->109585K(13212096K), 1.0683921 secs] 56716909K->45002895K(187275712K), 1.0687981 secs] [Times: user=5.29 sys=3.21, real=1.07 secs] 
2018-04-13T10:27:21.085+0800: 32600.081: [GC (Allocation Failure) 2018-04-13T10:27:21.085+0800: 32600.081: [ParNew: 11853713K->100158K(13212096K), 0.8615516 secs] 56747023K->44994087K(187275712K), 0.8619838 secs] [Times: user=4.98 sys=1.86, real=0.86 secs] 
2018-04-13T10:28:50.160+0800: 32689.156: [GC (Allocation Failure) 2018-04-13T10:28:50.160+0800: 32689.156: [ParNew: 11844286K->103500K(13212096K), 0.7911413 secs] 56738215K->44999585K(187275712K), 0.7915559 secs] [Times: user=4.55 sys=1.71, real=0.80 secs] 
2018-04-13T10:29:44.292+0800: 32743.288: [GC (Allocation Failure) 2018-04-13T10:29:44.292+0800: 32743.288: [ParNew: 11847628K->137982K(13212096K), 0.7166543 secs] 56743713K->45034210K(187275712K), 0.7170668 secs] [Times: user=4.79 sys=0.92, real=0.71 secs] 
2018-04-13T10:31:31.207+0800: 32850.203: [GC (Allocation Failure) 2018-04-13T10:31:31.207+0800: 32850.203: [ParNew: 11882110K->124351K(13212096K), 0.8623312 secs] 56778338K->45021107K(187275712K), 0.8627338 secs] [Times: user=4.91 sys=1.93, real=0.86 secs] 
2018-04-13T10:35:41.624+0800: 33100.620: [GC (Allocation Failure) 2018-04-13T10:35:41.625+0800: 33100.621: [ParNew: 11868479K->112995K(13212096K), 1.0005662 secs] 56765235K->45012820K(187275712K), 1.0010059 secs] [Times: user=6.40 sys=1.54, real=1.00 secs] 
2018-04-13T10:38:04.350+0800: 33243.346: [GC (Allocation Failure) 2018-04-13T10:38:04.351+0800: 33243.347: [ParNew: 11857123K->149606K(13212096K), 0.9704879 secs] 56756948K->45057572K(187275712K), 0.9709076 secs] [Times: user=6.06 sys=1.65, real=0.98 secs] 
2018-04-13T10:38:21.524+0800: 33260.520: [GC (Allocation Failure) 2018-04-13T10:38:21.524+0800: 33260.520: [ParNew: 11893734K->217083K(13212096K), 0.6785534 secs] 56801700K->45129331K(187275712K), 0.6789717 secs] [Times: user=4.05 sys=1.35, real=0.68 secs] 
2018-04-13T10:38:46.790+0800: 33285.786: [GC (Allocation Failure) 2018-04-13T10:38:46.791+0800: 33285.787: [ParNew: 11961211K->251215K(13212096K), 0.6790062 secs] 56873459K->45165609K(187275712K), 0.6794253 secs] [Times: user=4.74 sys=0.65, real=0.68 secs] 
2018-04-13T10:40:20.779+0800: 33379.775: [GC (Allocation Failure) 2018-04-13T10:40:20.779+0800: 33379.775: [ParNew: 11995343K->214588K(13212096K), 0.9332973 secs] 56909737K->45130720K(187275712K), 0.9337366 secs] [Times: user=5.67 sys=1.73, real=0.94 secs] 
2018-04-13T10:40:47.608+0800: 33406.604: [GC (Allocation Failure) 2018-04-13T10:40:47.608+0800: 33406.604: [ParNew: 11958716K->210460K(13212096K), 0.6225380 secs] 56874848K->45130758K(187275712K), 0.6229485 secs] [Times: user=4.49 sys=0.46, real=0.62 secs] 
2018-04-13T10:41:49.594+0800: 33468.590: [GC (Allocation Failure) 2018-04-13T10:41:49.594+0800: 33468.590: [ParNew: 11954588K->186315K(13212096K), 0.9579289 secs] 56874886K->45116377K(187275712K), 0.9583416 secs] [Times: user=5.63 sys=1.98, real=0.96 secs] 
2018-04-13T10:44:07.018+0800: 33606.014: [GC (Allocation Failure) 2018-04-13T10:44:07.018+0800: 33606.014: [ParNew: 11930443K->165327K(13212096K), 0.9082969 secs] 56860505K->45113434K(187275712K), 0.9087288 secs] [Times: user=5.67 sys=1.51, real=0.91 secs] 
2018-04-13T10:45:18.723+0800: 33677.719: [GC (Allocation Failure) 2018-04-13T10:45:18.723+0800: 33677.719: [ParNew: 11909455K->137573K(13212096K), 0.7774118 secs] 56857562K->45113174K(187275712K), 0.7778252 secs] [Times: user=5.00 sys=1.16, real=0.77 secs] 
2018-04-13T10:47:04.154+0800: 33783.150: [GC (Allocation Failure) 2018-04-13T10:47:04.154+0800: 33783.150: [ParNew: 11881701K->109293K(13212096K), 0.9131910 secs] 56857302K->45108341K(187275712K), 0.9136100 secs] [Times: user=5.58 sys=1.66, real=0.91 secs] 
2018-04-13T10:47:22.851+0800: 33801.847: [GC (Allocation Failure) 2018-04-13T10:47:22.852+0800: 33801.848: [ParNew: 11853421K->147165K(13212096K), 0.6184489 secs] 56852469K->45151214K(187275712K), 0.6188637 secs] [Times: user=4.19 sys=0.74, real=0.61 secs] 
2018-04-13T10:47:58.636+0800: 33837.632: [GC (Allocation Failure) 2018-04-13T10:47:58.636+0800: 33837.632: [ParNew: 11891293K->166824K(13212096K), 0.7918953 secs] 56895342K->45173462K(187275712K), 0.7923221 secs] [Times: user=4.96 sys=1.32, real=0.79 secs] 
2018-04-13T10:48:19.870+0800: 33858.866: [GC (Allocation Failure) 2018-04-13T10:48:19.870+0800: 33858.866: [ParNew: 11910952K->213638K(13212096K), 0.6962923 secs] 56917590K->45224266K(187275712K), 0.6966988 secs] [Times: user=5.05 sys=0.48, real=0.70 secs] 
2018-04-13T10:48:55.752+0800: 33894.749: [GC (Allocation Failure) 2018-04-13T10:48:55.753+0800: 33894.749: [ParNew: 11957766K->166333K(13212096K), 0.7417640 secs] 56968394K->45181232K(187275712K), 0.7421802 secs] [Times: user=4.00 sys=1.87, real=0.74 secs] 
2018-04-13T10:49:20.240+0800: 33919.236: [GC (Allocation Failure) 2018-04-13T10:49:20.241+0800: 33919.237: [ParNew: 11910461K->227059K(13212096K), 0.6660583 secs] 56925360K->45248291K(187275712K), 0.6664674 secs] [Times: user=4.70 sys=0.60, real=0.67 secs] 
2018-04-13T10:49:36.772+0800: 33935.768: [GC (Allocation Failure) 2018-04-13T10:49:36.772+0800: 33935.768: [ParNew: 11971187K->216487K(13212096K), 0.6500446 secs] 56992419K->45246256K(187275712K), 0.6504589 secs] [Times: user=4.78 sys=0.38, real=0.65 secs] 
2018-04-13T10:49:55.843+0800: 33954.839: [GC (Allocation Failure) 2018-04-13T10:49:55.843+0800: 33954.839: [ParNew: 11960615K->244358K(13212096K), 0.7428964 secs] 56990384K->45275090K(187275712K), 0.7433220 secs] [Times: user=4.67 sys=1.23, real=0.74 secs] 
2018-04-13T10:51:14.442+0800: 34033.438: [GC (Allocation Failure) 2018-04-13T10:51:14.442+0800: 34033.438: [ParNew: 11988486K->214596K(13212096K), 0.9642836 secs] 57019218K->45250003K(187275712K), 0.9646824 secs] [Times: user=5.82 sys=1.85, real=0.96 secs] 
2018-04-13T10:51:47.933+0800: 34066.930: [GC (Allocation Failure) 2018-04-13T10:51:47.934+0800: 34066.930: [ParNew: 11958724K->171913K(13212096K), 0.7682266 secs] 56994131K->45211064K(187275712K), 0.7686194 secs] [Times: user=5.03 sys=1.09, real=0.77 secs] 
2018-04-13T10:54:35.365+0800: 34234.361: [GC (Allocation Failure) 2018-04-13T10:54:35.366+0800: 34234.362: [ParNew: 11916041K->159657K(13212096K), 1.3604229 secs] 56955192K->45200328K(187275712K), 1.3612314 secs] [Times: user=7.75 sys=3.06, real=1.36 secs] 
2018-04-13T10:56:31.586+0800: 34350.582: [GC (Allocation Failure) 2018-04-13T10:56:31.586+0800: 34350.582: [ParNew: 11903785K->165566K(13212096K), 1.0545104 secs] 56944456K->45224848K(187275712K), 1.0549541 secs] [Times: user=5.66 sys=2.70, real=1.05 secs] 
2018-04-13T10:57:30.831+0800: 34409.827: [GC (Allocation Failure) 2018-04-13T10:57:30.831+0800: 34409.827: [ParNew: 11909694K->178206K(13212096K), 0.9163076 secs] 56968976K->45260927K(187275712K), 0.9167127 secs] [Times: user=6.07 sys=1.19, real=0.92 secs] 
2018-04-13T10:58:43.435+0800: 34482.431: [GC (Allocation Failure) 2018-04-13T10:58:43.435+0800: 34482.431: [ParNew: 11922334K->155336K(13212096K), 0.8957036 secs] 57005055K->45259194K(187275712K), 0.8961333 secs] [Times: user=5.43 sys=1.66, real=0.90 secs] 
2018-04-13T10:58:55.931+0800: 34494.927: [GC (Allocation Failure) 2018-04-13T10:58:55.932+0800: 34494.928: [ParNew: 11899464K->169202K(13212096K), 0.5657966 secs] 57003322K->45281465K(187275712K), 0.5662074 secs] [Times: user=4.13 sys=0.36, real=0.56 secs] 
2018-04-13T10:59:07.658+0800: 34506.654: [GC (Allocation Failure) 2018-04-13T10:59:07.658+0800: 34506.654: [ParNew: 11913330K->179775K(13212096K), 0.5214533 secs] 57025593K->45293511K(187275712K), 0.5218537 secs] [Times: user=3.96 sys=0.20, real=0.52 secs] 
2018-04-13T10:59:44.007+0800: 34543.003: [GC (Allocation Failure) 2018-04-13T10:59:44.007+0800: 34543.003: [ParNew: 11923903K->153589K(13212096K), 0.6751143 secs] 57037639K->45271642K(187275712K), 0.6755392 secs] [Times: user=3.83 sys=1.53, real=0.68 secs] 
2018-04-13T11:00:33.600+0800: 34592.596: [GC (Allocation Failure) 2018-04-13T11:00:33.601+0800: 34592.597: [ParNew: 11897717K->101598K(13212096K), 0.7038728 secs] 57015770K->45229643K(187275712K), 0.7042841 secs] [Times: user=4.70 sys=0.89, real=0.71 secs] 
2018-04-13T11:01:44.291+0800: 34663.287: [GC (Allocation Failure) 2018-04-13T11:01:44.292+0800: 34663.288: [ParNew: 11845726K->79273K(13212096K), 0.8553014 secs] 56973771K->45210350K(187275712K), 0.8557121 secs] [Times: user=5.10 sys=1.69, real=0.85 secs] 
2018-04-13T11:03:18.109+0800: 34757.105: [GC (Allocation Failure) 2018-04-13T11:03:18.109+0800: 34757.105: [ParNew: 11823401K->118363K(13212096K), 0.9175567 secs] 56954478K->45258358K(187275712K), 0.9179684 secs] [Times: user=5.60 sys=1.66, real=0.92 secs] 
2018-04-13T11:03:39.855+0800: 34778.851: [GC (Allocation Failure) 2018-04-13T11:03:39.855+0800: 34778.851: [ParNew: 11862491K->209342K(13212096K), 0.6351945 secs] 57002486K->45351256K(187275712K), 0.6355932 secs] [Times: user=4.81 sys=0.25, real=0.63 secs] 
2018-04-13T11:04:45.382+0800: 34844.378: [GC (Allocation Failure) 2018-04-13T11:04:45.382+0800: 34844.378: [ParNew: 11953470K->172562K(13212096K), 0.7485398 secs] 57095384K->45315346K(187275712K), 0.7489531 secs] [Times: user=4.59 sys=1.36, real=0.74 secs] 
2018-04-13T11:06:16.902+0800: 34935.898: [GC (Allocation Failure) 2018-04-13T11:06:16.902+0800: 34935.898: [ParNew: 11916690K->227602K(13212096K), 0.8475860 secs] 57059474K->45372004K(187275712K), 0.8479793 secs] [Times: user=5.34 sys=1.40, real=0.84 secs] 
2018-04-13T11:07:55.723+0800: 35034.719: [GC (Allocation Failure) 2018-04-13T11:07:55.724+0800: 35034.720: [ParNew: 11971730K->189567K(13212096K), 0.9871264 secs] 57116132K->45337683K(187275712K), 0.9875415 secs] [Times: user=5.71 sys=2.12, real=0.98 secs] 
2018-04-13T11:08:42.896+0800: 35081.892: [GC (Allocation Failure) 2018-04-13T11:08:42.896+0800: 35081.892: [ParNew: 11933695K->215601K(13212096K), 0.6933082 secs] 57081811K->45372635K(187275712K), 0.6937135 secs] [Times: user=4.01 sys=1.46, real=0.69 secs] 
2018-04-13T11:10:39.375+0800: 35198.371: [GC (Allocation Failure) 2018-04-13T11:10:39.376+0800: 35198.372: [ParNew: 11959729K->169073K(13212096K), 0.9665438 secs] 57116763K->45342484K(187275712K), 0.9669619 secs] [Times: user=5.81 sys=1.85, real=0.97 secs] 
2018-04-13T11:12:34.974+0800: 35313.970: [GC (Allocation Failure) 2018-04-13T11:12:34.974+0800: 35313.970: [ParNew: 11913201K->141549K(13212096K), 0.8493726 secs] 57086612K->45341639K(187275712K), 0.8498227 secs] [Times: user=4.73 sys=1.98, real=0.85 secs] 
2018-04-13T11:12:49.325+0800: 35328.321: [GC (Allocation Failure) 2018-04-13T11:12:49.326+0800: 35328.322: [ParNew: 11885677K->155991K(13212096K), 0.6351138 secs] 57085767K->45375568K(187275712K), 0.6355429 secs] [Times: user=4.52 sys=0.51, real=0.63 secs] 
2018-04-13T11:13:05.208+0800: 35344.204: [GC (Allocation Failure) 2018-04-13T11:13:05.208+0800: 35344.204: [ParNew: 11900119K->101578K(13212096K), 0.5963206 secs] 57119696K->45328474K(187275712K), 0.5967281 secs] [Times: user=4.41 sys=0.33, real=0.60 secs] 
2018-04-13T11:13:26.504+0800: 35365.500: [GC (Allocation Failure) 2018-04-13T11:13:26.504+0800: 35365.500: [ParNew: 11845706K->93435K(13212096K), 0.6481590 secs] 57072602K->45328175K(187275712K), 0.6485935 secs] [Times: user=3.84 sys=1.30, real=0.65 secs] 
2018-04-13T11:13:43.822+0800: 35382.818: [GC (Allocation Failure) 2018-04-13T11:13:43.822+0800: 35382.818: [ParNew: 11837563K->103951K(13212096K), 0.5910560 secs] 57072303K->45343938K(187275712K), 0.5914689 secs] [Times: user=4.44 sys=0.26, real=0.59 secs] 
2018-04-13T11:13:55.955+0800: 35394.951: [GC (Allocation Failure) 2018-04-13T11:13:55.955+0800: 35394.951: [ParNew: 11848079K->83412K(13212096K), 0.5388509 secs] 57088066K->45332354K(187275712K), 0.5392680 secs] [Times: user=4.04 sys=0.24, real=0.54 secs] 
2018-04-13T11:15:45.782+0800: 35504.778: [GC (Allocation Failure) 2018-04-13T11:15:45.782+0800: 35504.778: [ParNew: 11827540K->100470K(13212096K), 0.9173428 secs] 57076482K->45356474K(187275712K), 0.9177534 secs] [Times: user=5.19 sys=2.09, real=0.91 secs] 
2018-04-13T11:17:03.913+0800: 35582.909: [GC (Allocation Failure) 2018-04-13T11:17:03.913+0800: 35582.909: [ParNew: 11844598K->102357K(13212096K), 0.8110254 secs] 57100602K->45359541K(187275712K), 0.8114382 secs] [Times: user=4.91 sys=1.53, real=0.81 secs] 
2018-04-13T11:17:45.376+0800: 35624.372: [GC (Allocation Failure) 2018-04-13T11:17:45.376+0800: 35624.372: [ParNew: 11846485K->102491K(13212096K), 0.5750197 secs] 57103669K->45361251K(187275712K), 0.5754323 secs] [Times: user=4.09 sys=0.48, real=0.58 secs] 
2018-04-13T11:18:27.855+0800: 35666.851: [GC (Allocation Failure) 2018-04-13T11:18:27.855+0800: 35666.851: [ParNew: 11846619K->96106K(13212096K), 0.8032916 secs] 57105379K->45357351K(187275712K), 0.8037148 secs] [Times: user=4.82 sys=1.57, real=0.80 secs] 
2018-04-13T11:19:14.935+0800: 35713.931: [GC (Allocation Failure) 2018-04-13T11:19:14.935+0800: 35713.931: [ParNew: 11840234K->106308K(13212096K), 0.6053545 secs] 57101479K->45370097K(187275712K), 0.6057637 secs] [Times: user=4.07 sys=0.75, real=0.60 secs] 
2018-04-13T11:20:46.707+0800: 35805.703: [GC (Allocation Failure) 2018-04-13T11:20:46.707+0800: 35805.703: [ParNew: 11850436K->98067K(13212096K), 0.9187392 secs] 57114225K->45363133K(187275712K), 0.9191602 secs] [Times: user=5.23 sys=2.08, real=0.92 secs] 
2018-04-13T11:22:49.795+0800: 35928.791: [GC (Allocation Failure) 2018-04-13T11:22:49.795+0800: 35928.791: [ParNew: 11842195K->157235K(13212096K), 0.8464409 secs] 57107261K->45428257K(187275712K), 0.8468618 secs] [Times: user=5.34 sys=1.37, real=0.85 secs] 
2018-04-13T11:23:09.415+0800: 35948.411: [GC (Allocation Failure) 2018-04-13T11:23:09.415+0800: 35948.411: [ParNew: 11901363K->216531K(13212096K), 0.6426518 secs] 57172385K->45489977K(187275712K), 0.6430469 secs] [Times: user=4.77 sys=0.35, real=0.64 secs] 
2018-04-13T11:23:30.775+0800: 35969.771: [GC (Allocation Failure) 2018-04-13T11:23:30.775+0800: 35969.771: [ParNew: 11960659K->243887K(13212096K), 0.6343322 secs] 57234105K->45518322K(187275712K), 0.6347324 secs] [Times: user=4.64 sys=0.41, real=0.63 secs] 
2018-04-13T11:24:25.187+0800: 36024.183: [GC (Allocation Failure) 2018-04-13T11:24:25.187+0800: 36024.184: [ParNew: 11988015K->175018K(13212096K), 0.7274241 secs] 57262450K->45452367K(187275712K), 0.7278357 secs] [Times: user=4.35 sys=1.40, real=0.73 secs] 
2018-04-13T11:24:44.511+0800: 36043.507: [GC (Allocation Failure) 2018-04-13T11:24:44.511+0800: 36043.507: [ParNew: 11919146K->244016K(13212096K), 0.5887136 secs] 57196495K->45522911K(187275712K), 0.5890962 secs] [Times: user=4.34 sys=0.36, real=0.59 secs] 
2018-04-13T11:24:57.116+0800: 36056.112: [GC (Allocation Failure) 2018-04-13T11:24:57.117+0800: 36056.113: [ParNew: 11988144K->296282K(13212096K), 0.5561019 secs] 57267039K->45578652K(187275712K), 0.5564967 secs] [Times: user=4.30 sys=0.13, real=0.56 secs] 
2018-04-13T11:25:06.394+0800: 36065.390: [GC (Allocation Failure) 2018-04-13T11:25:06.394+0800: 36065.390: [ParNew: 12040410K->194697K(13212096K), 0.6593591 secs] 57322780K->45493508K(187275712K), 0.6597730 secs] [Times: user=4.23 sys=0.99, real=0.66 secs] 
2018-04-13T11:25:22.661+0800: 36081.657: [GC (Allocation Failure) 2018-04-13T11:25:22.661+0800: 36081.657: [ParNew: 11938825K->139769K(13212096K), 0.6148015 secs] 57237636K->45468268K(187275712K), 0.6152034 secs] [Times: user=4.48 sys=0.37, real=0.61 secs] 
2018-04-13T11:25:42.397+0800: 36101.393: [GC (Allocation Failure) 2018-04-13T11:25:42.397+0800: 36101.393: [ParNew: 11883897K->122338K(13212096K), 0.6848527 secs] 57212396K->45480194K(187275712K), 0.6852569 secs] [Times: user=4.72 sys=0.69, real=0.69 secs] 
2018-04-13T11:26:41.412+0800: 36160.408: [GC (Allocation Failure) 2018-04-13T11:26:41.413+0800: 36160.409: [ParNew: 11866466K->79547K(13212096K), 0.7979496 secs] 57224322K->45449314K(187275712K), 0.7983528 secs] [Times: user=4.90 sys=1.41, real=0.79 secs] 
2018-04-13T11:27:45.451+0800: 36224.447: [GC (Allocation Failure) 2018-04-13T11:27:45.451+0800: 36224.447: [ParNew: 11823675K->126965K(13212096K), 0.8088276 secs] 57193442K->45497689K(187275712K), 0.8092554 secs] [Times: user=4.48 sys=1.93, real=0.81 secs] 
2018-04-13T11:28:26.415+0800: 36265.411: [GC (Allocation Failure) 2018-04-13T11:28:26.415+0800: 36265.411: [ParNew: 11871093K->145551K(13212096K), 0.7173163 secs] 57241817K->45517383K(187275712K), 0.7177255 secs] [Times: user=4.80 sys=0.92, real=0.72 secs] 
2018-04-13T11:29:12.769+0800: 36311.765: [GC (Allocation Failure) 2018-04-13T11:29:12.769+0800: 36311.765: [ParNew: 11889679K->119013K(13212096K), 0.7461274 secs] 57261511K->45491629K(187275712K), 0.7465228 secs] [Times: user=4.31 sys=1.62, real=0.75 secs] 
2018-04-13T11:29:58.990+0800: 36357.986: [GC (Allocation Failure) 2018-04-13T11:29:58.990+0800: 36357.986: [ParNew: 11863141K->139544K(13212096K), 0.6380205 secs] 57235757K->45514601K(187275712K), 0.6383936 secs] [Times: user=4.57 sys=0.51, real=0.64 secs] 
2018-04-13T11:30:34.788+0800: 36393.784: [GC (Allocation Failure) 2018-04-13T11:30:34.789+0800: 36393.785: [ParNew: 11883672K->128785K(13212096K), 0.7353517 secs] 57258729K->45505776K(187275712K), 0.7357755 secs] [Times: user=4.48 sys=1.36, real=0.74 secs] 
2018-04-13T11:31:16.634+0800: 36435.630: [GC (Allocation Failure) 2018-04-13T11:31:16.634+0800: 36435.630: [ParNew: 11872913K->115591K(13212096K), 0.6504576 secs] 57249904K->45497580K(187275712K), 0.6508380 secs] [Times: user=4.59 sys=0.58, real=0.65 secs] 
2018-04-13T11:32:11.079+0800: 36490.075: [GC (Allocation Failure) 2018-04-13T11:32:11.079+0800: 36490.075: [ParNew: 11859719K->144285K(13212096K), 0.7200957 secs] 57241708K->45531575K(187275712K), 0.7205099 secs] [Times: user=3.77 sys=1.94, real=0.72 secs] 
2018-04-13T11:33:54.666+0800: 36593.662: [GC (Allocation Failure) 2018-04-13T11:33:54.667+0800: 36593.663: [ParNew: 11888413K->98562K(13212096K), 0.8387609 secs] 57275703K->45491444K(187275712K), 0.8391946 secs] [Times: user=4.43 sys=2.22, real=0.84 secs] 
2018-04-13T11:36:48.126+0800: 36767.122: [GC (Allocation Failure) 2018-04-13T11:36:48.126+0800: 36767.122: [ParNew: 11842690K->126219K(13212096K), 1.1064957 secs] 57235572K->45532076K(187275712K), 1.1069115 secs] [Times: user=5.54 sys=3.23, real=1.11 secs] 
2018-04-13T11:37:10.171+0800: 36789.167: [GC (Allocation Failure) 2018-04-13T11:37:10.171+0800: 36789.167: [ParNew: 11870347K->125386K(13212096K), 0.6689486 secs] 57276204K->45542434K(187275712K), 0.6693740 secs] [Times: user=3.97 sys=1.34, real=0.67 secs] 
2018-04-13T11:37:29.643+0800: 36808.639: [GC (Allocation Failure) 2018-04-13T11:37:29.643+0800: 36808.639: [ParNew: 11869514K->82847K(13212096K), 0.5658198 secs] 57286562K->45505281K(187275712K), 0.5662229 secs] [Times: user=4.16 sys=0.34, real=0.56 secs] 
2018-04-13T11:37:44.537+0800: 36823.533: [GC (Allocation Failure) 2018-04-13T11:37:44.537+0800: 36823.533: [ParNew: 11826975K->95878K(13212096K), 0.6243328 secs] 57249409K->45521824K(187275712K), 0.6247433 secs] [Times: user=4.44 sys=0.53, real=0.63 secs] 
2018-04-13T11:37:56.331+0800: 36835.327: [GC (Allocation Failure) 2018-04-13T11:37:56.331+0800: 36835.327: [ParNew: 11840006K->125382K(13212096K), 0.5144546 secs] 57265952K->45554205K(187275712K), 0.5148995 secs] [Times: user=4.04 sys=0.06, real=0.52 secs] 
2018-04-13T11:38:06.285+0800: 36845.281: [GC (Allocation Failure) 2018-04-13T11:38:06.286+0800: 36845.282: [ParNew: 11869510K->143407K(13212096K), 0.6489232 secs] 57298333K->45583310K(187275712K), 0.6493447 secs] [Times: user=3.97 sys=1.18, real=0.65 secs] 
2018-04-13T11:38:17.977+0800: 36856.973: [GC (Allocation Failure) 2018-04-13T11:38:17.977+0800: 36856.973: [ParNew: 11887535K->117006K(13212096K), 0.5362471 secs] 57327438K->45571653K(187275712K), 0.5366459 secs] [Times: user=4.00 sys=0.24, real=0.54 secs] 
2018-04-13T11:38:33.298+0800: 36872.294: [GC (Allocation Failure) 2018-04-13T11:38:33.299+0800: 36872.295: [ParNew: 11861134K->105570K(13212096K), 0.5526565 secs] 57315781K->45563806K(187275712K), 0.5530616 secs] [Times: user=3.94 sys=0.46, real=0.56 secs] 
2018-04-13T11:38:48.864+0800: 36887.860: [GC (Allocation Failure) 2018-04-13T11:38:48.864+0800: 36887.860: [ParNew: 11849698K->85591K(13212096K), 0.6643129 secs] 57307934K->45546339K(187275712K), 0.6647129 secs] [Times: user=3.72 sys=1.56, real=0.66 secs] 
2018-04-13T11:39:00.760+0800: 36899.756: [GC (Allocation Failure) 2018-04-13T11:39:00.760+0800: 36899.756: [ParNew: 11829719K->64746K(13212096K), 0.5154377 secs] 57290467K->45531404K(187275712K), 0.5158276 secs] [Times: user=4.01 sys=0.09, real=0.52 secs] 
2018-04-13T11:39:08.220+0800: 36907.216: [GC (Allocation Failure) 2018-04-13T11:39:08.220+0800: 36907.216: [ParNew: 11808874K->78671K(13212096K), 0.5251028 secs] 57275532K->45546613K(187275712K), 0.5254942 secs] [Times: user=3.97 sys=0.21, real=0.53 secs] 
2018-04-13T11:39:16.723+0800: 36915.719: [GC (Allocation Failure) 2018-04-13T11:39:16.723+0800: 36915.719: [ParNew: 11822799K->68179K(13212096K), 0.4989313 secs] 57290741K->45537153K(187275712K), 0.4993230 secs] [Times: user=3.68 sys=0.29, real=0.50 secs] 
2018-04-13T11:39:40.164+0800: 36939.160: [GC (Allocation Failure) 2018-04-13T11:39:40.165+0800: 36939.161: [ParNew: 11812307K->64083K(13212096K), 0.6819651 secs] 57281281K->45534166K(187275712K), 0.6823549 secs] [Times: user=3.94 sys=1.47, real=0.68 secs] 
2018-04-13T11:40:09.806+0800: 36968.802: [GC (Allocation Failure) 2018-04-13T11:40:09.806+0800: 36968.802: [ParNew: 11808211K->81932K(13212096K), 0.6015642 secs] 57278294K->45552662K(187275712K), 0.6019655 secs] [Times: user=4.28 sys=0.51, real=0.60 secs] 
2018-04-13T11:40:33.163+0800: 36992.160: [GC (Allocation Failure) 2018-04-13T11:40:33.164+0800: 36992.160: [ParNew: 11826060K->83086K(13212096K), 0.5615888 secs] 57296790K->45554710K(187275712K), 0.5619804 secs] [Times: user=4.20 sys=0.27, real=0.56 secs] 
2018-04-13T11:41:00.522+0800: 37019.518: [GC (Allocation Failure) 2018-04-13T11:41:00.523+0800: 37019.519: [ParNew: 11827214K->107855K(13212096K), 0.6516031 secs] 57298838K->45580174K(187275712K), 0.6520052 secs] [Times: user=3.91 sys=1.26, real=0.65 secs] 
2018-04-13T11:41:36.272+0800: 37055.268: [GC (Allocation Failure) 2018-04-13T11:41:36.272+0800: 37055.268: [ParNew: 11851983K->84991K(13212096K), 0.5472110 secs] 57324302K->45558355K(187275712K), 0.5476095 secs] [Times: user=3.76 sys=0.59, real=0.54 secs] 
2018-04-13T11:41:56.345+0800: 37075.341: [GC (Allocation Failure) 2018-04-13T11:41:56.345+0800: 37075.341: [ParNew: 11829119K->133236K(13212096K), 0.6788355 secs] 57302483K->45606856K(187275712K), 0.6792470 secs] [Times: user=4.44 sys=0.96, real=0.68 secs] 
2018-04-13T11:42:13.738+0800: 37092.734: [GC (Allocation Failure) 2018-04-13T11:42:13.738+0800: 37092.735: [ParNew: 11877364K->121804K(13212096K), 0.5809080 secs] 57350984K->45596949K(187275712K), 0.5812964 secs] [Times: user=4.18 sys=0.45, real=0.58 secs] 
2018-04-13T11:42:26.309+0800: 37105.306: [GC (Allocation Failure) 2018-04-13T11:42:26.310+0800: 37105.306: [ParNew: 11865932K->98765K(13212096K), 0.5276266 secs] 57341077K->45577041K(187275712K), 0.5280409 secs] [Times: user=4.02 sys=0.18, real=0.53 secs] 
2018-04-13T11:42:41.420+0800: 37120.416: [GC (Allocation Failure) 2018-04-13T11:42:41.420+0800: 37120.416: [ParNew: 11842893K->92928K(13212096K), 0.6580342 secs] 57321169K->45574053K(187275712K), 0.6584462 secs] [Times: user=3.88 sys=1.35, real=0.66 secs] 
2018-04-13T11:42:53.379+0800: 37132.375: [GC (Allocation Failure) 2018-04-13T11:42:53.379+0800: 37132.375: [ParNew: 11837056K->98688K(13212096K), 0.5661132 secs] 57318181K->45586368K(187275712K), 0.5665269 secs] [Times: user=4.24 sys=0.28, real=0.57 secs] 
2018-04-13T11:43:14.298+0800: 37153.294: [GC (Allocation Failure) 2018-04-13T11:43:14.298+0800: 37153.294: [ParNew: 11842816K->89614K(13212096K), 0.6343602 secs] 57330496K->45586093K(187275712K), 0.6347523 secs] [Times: user=4.47 sys=0.58, real=0.64 secs] 
2018-04-13T11:43:35.878+0800: 37174.875: [GC (Allocation Failure) 2018-04-13T11:43:35.879+0800: 37174.875: [ParNew: 11833742K->88997K(13212096K), 0.6686582 secs] 57330221K->45589628K(187275712K), 0.6690665 secs] [Times: user=4.09 sys=1.22, real=0.67 secs] 
2018-04-13T11:44:00.957+0800: 37199.953: [GC (Allocation Failure) 2018-04-13T11:44:00.957+0800: 37199.953: [ParNew: 11833125K->127819K(13212096K), 0.6079616 secs] 57333756K->45631140K(187275712K), 0.6083616 secs] [Times: user=4.35 sys=0.47, real=0.61 secs] 
2018-04-13T11:44:22.847+0800: 37221.843: [GC (Allocation Failure) 2018-04-13T11:44:22.847+0800: 37221.843: [ParNew: 11871947K->115124K(13212096K), 0.7105927 secs] 57375268K->45620648K(187275712K), 0.7110004 secs] [Times: user=4.32 sys=1.32, real=0.71 secs] 
2018-04-13T11:45:04.865+0800: 37263.861: [GC (Allocation Failure) 2018-04-13T11:45:04.865+0800: 37263.861: [ParNew: 11859252K->119043K(13212096K), 0.6179504 secs] 57364776K->45626607K(187275712K), 0.6183450 secs] [Times: user=4.37 sys=0.55, real=0.62 secs] 
2018-04-13T11:45:45.223+0800: 37304.219: [GC (Allocation Failure) 2018-04-13T11:45:45.223+0800: 37304.219: [ParNew: 11863171K->112381K(13212096K), 0.6764626 secs] 57370735K->45622490K(187275712K), 0.6768693 secs] [Times: user=4.21 sys=1.17, real=0.67 secs] 
2018-04-13T11:46:20.831+0800: 37339.827: [GC (Allocation Failure) 2018-04-13T11:46:20.831+0800: 37339.827: [ParNew: 11856509K->108488K(13212096K), 0.6311821 secs] 57366618K->45622638K(187275712K), 0.6315685 secs] [Times: user=4.48 sys=0.54, real=0.63 secs] 
2018-04-13T11:46:45.727+0800: 37364.723: [GC (Allocation Failure) 2018-04-13T11:46:45.727+0800: 37364.723: [ParNew: 11852616K->128673K(13212096K), 0.6751575 secs] 57366766K->45646798K(187275712K), 0.6755622 secs] [Times: user=4.00 sys=1.36, real=0.68 secs] 
2018-04-13T11:47:18.425+0800: 37397.421: [GC (Allocation Failure) 2018-04-13T11:47:18.425+0800: 37397.423: [ParNew: 11872801K->136629K(13212096K), 0.6370946 secs] 57390926K->45659408K(187275712K), 0.6374879 secs] [Times: user=4.49 sys=0.57, real=0.64 secs] 
2018-04-13T11:47:49.638+0800: 37428.634: [GC (Allocation Failure) 2018-04-13T11:47:49.638+0800: 37428.635: [ParNew: 11880757K->161679K(13212096K), 0.6780850 secs] 57403536K->45689958K(187275712K), 0.6784933 secs] [Times: user=4.20 sys=1.19, real=0.68 secs] 
2018-04-13T11:48:22.120+0800: 37461.116: [GC (Allocation Failure) 2018-04-13T11:48:22.120+0800: 37461.116: [ParNew: 11905807K->159527K(13212096K), 0.7120534 secs] 57434086K->45696549K(187275712K), 0.7124622 secs] [Times: user=4.60 sys=1.07, real=0.72 secs] 
2018-04-13T11:48:53.559+0800: 37492.555: [GC (Allocation Failure) 2018-04-13T11:48:53.560+0800: 37492.556: [ParNew: 11903655K->142421K(13212096K), 0.7045539 secs] 57440677K->45686519K(187275712K), 0.7049692 secs] [Times: user=4.43 sys=1.15, real=0.71 secs] 
2018-04-13T11:49:14.139+0800: 37513.135: [GC (Allocation Failure) 2018-04-13T11:49:14.140+0800: 37513.136: [ParNew: 11886549K->194476K(13212096K), 0.6953489 secs] 57430647K->45745661K(187275712K), 0.6957405 secs] [Times: user=4.91 sys=0.62, real=0.70 secs] 
2018-04-13T11:49:41.512+0800: 37540.508: [GC (Allocation Failure) 2018-04-13T11:49:41.512+0800: 37540.509: [ParNew: 11938604K->161320K(13212096K), 0.7064628 secs] 57489789K->45719070K(187275712K), 0.7068676 secs] [Times: user=4.58 sys=1.03, real=0.70 secs] 
2018-04-13T11:50:09.047+0800: 37568.043: [GC (Allocation Failure) 2018-04-13T11:50:09.047+0800: 37568.043: [ParNew: 11905448K->189311K(13212096K), 0.6663419 secs] 57463198K->45754859K(187275712K), 0.6667491 secs] [Times: user=4.82 sys=0.46, real=0.67 secs] 
2018-04-13T11:50:31.458+0800: 37590.454: [GC (Allocation Failure) 2018-04-13T11:50:31.458+0800: 37590.454: [ParNew: 11933439K->160988K(13212096K), 0.5551315 secs] 57498987K->45735696K(187275712K), 0.5555187 secs] [Times: user=4.16 sys=0.25, real=0.56 secs] 
2018-04-13T11:50:55.549+0800: 37614.545: [GC (Allocation Failure) 2018-04-13T11:50:55.549+0800: 37614.545: [ParNew: 11905116K->210233K(13212096K), 0.7140337 secs] 57479824K->45791539K(187275712K), 0.7144420 secs] [Times: user=4.40 sys=1.27, real=0.72 secs] 
2018-04-13T11:51:27.882+0800: 37646.878: [GC (Allocation Failure) 2018-04-13T11:51:27.882+0800: 37646.878: [ParNew: 11954361K->231735K(13212096K), 0.6996189 secs] 57535667K->45819187K(187275712K), 0.7000190 secs] [Times: user=4.99 sys=0.58, real=0.70 secs] 
2018-04-13T11:52:11.675+0800: 37690.671: [GC (Allocation Failure) 2018-04-13T11:52:11.675+0800: 37690.671: [ParNew: 11975863K->240000K(13212096K), 0.7115852 secs] 57563315K->45832771K(187275712K), 0.7119888 secs] [Times: user=4.06 sys=1.58, real=0.71 secs] 
2018-04-13T11:52:59.374+0800: 37738.370: [GC (Allocation Failure) 2018-04-13T11:52:59.374+0800: 37738.370: [ParNew: 11984128K->148990K(13212096K), 0.7955009 secs] 57576899K->45751432K(187275712K), 0.7959047 secs] [Times: user=4.67 sys=1.64, real=0.79 secs] 
2018-04-13T11:53:47.893+0800: 37786.889: [GC (Allocation Failure) 2018-04-13T11:53:47.893+0800: 37786.889: [ParNew: 11893118K->155425K(13212096K), 0.7106692 secs] 57495560K->45767719K(187275712K), 0.7110758 secs] [Times: user=4.54 sys=1.10, real=0.71 secs] 
2018-04-13T11:54:36.427+0800: 37835.423: [GC (Allocation Failure) 2018-04-13T11:54:36.427+0800: 37835.423: [ParNew: 11899553K->209985K(13212096K), 0.8198013 secs] 57511847K->45832186K(187275712K), 0.8202091 secs] [Times: user=4.98 sys=1.51, real=0.82 secs] 
2018-04-13T11:55:25.231+0800: 37884.227: [GC (Allocation Failure) 2018-04-13T11:55:25.231+0800: 37884.227: [ParNew: 11954113K->181665K(13212096K), 0.8806599 secs] 57576314K->45819364K(187275712K), 0.8810764 secs] [Times: user=5.25 sys=2.62, real=0.89 secs] 
2018-04-13T11:56:08.660+0800: 37927.656: [GC (Allocation Failure) 2018-04-13T11:56:08.660+0800: 37927.656: [ParNew: 11925793K->144310K(13212096K), 0.7163075 secs] 57563492K->45792958K(187275712K), 0.7167096 secs] [Times: user=4.66 sys=1.03, real=0.72 secs] 
2018-04-13T11:56:35.955+0800: 37954.951: [GC (Allocation Failure) 2018-04-13T11:56:35.956+0800: 37954.952: [ParNew: 11888438K->167951K(13212096K), 0.7401702 secs] 57537086K->45829642K(187275712K), 0.7405851 secs] [Times: user=4.81 sys=1.06, real=0.74 secs] 
2018-04-13T11:57:00.872+0800: 37979.868: [GC (Allocation Failure) 2018-04-13T11:57:00.872+0800: 37979.868: [ParNew: 11912079K->160467K(13212096K), 0.7316477 secs] 57573770K->45828902K(187275712K), 0.7320455 secs] [Times: user=4.81 sys=1.00, real=0.73 secs] 
2018-04-13T11:57:30.225+0800: 38009.221: [GC (Allocation Failure) 2018-04-13T11:57:30.225+0800: 38009.221: [ParNew: 11904595K->175610K(13212096K), 0.7507432 secs] 57573030K->45850094K(187275712K), 0.7511453 secs] [Times: user=4.67 sys=1.30, real=0.75 secs] 
2018-04-13T11:57:51.799+0800: 38030.795: [GC (Allocation Failure) 2018-04-13T11:57:51.799+0800: 38030.795: [ParNew: 11919738K->152357K(13212096K), 0.6316205 secs] 57594222K->45854116K(187275712K), 0.6320227 secs] [Times: user=4.54 sys=0.44, real=0.63 secs] 
2018-04-13T11:58:19.480+0800: 38058.476: [GC (Allocation Failure) 2018-04-13T11:58:19.481+0800: 38058.477: [ParNew: 11896485K->143478K(13212096K), 0.5999311 secs] 57598244K->45849198K(187275712K), 0.6003201 secs] [Times: user=4.32 sys=0.46, real=0.60 secs] 
2018-04-13T11:58:46.652+0800: 38085.648: [GC (Allocation Failure) 2018-04-13T11:58:46.652+0800: 38085.648: [ParNew: 11887606K->154856K(13212096K), 0.6807743 secs] 57593326K->45864265K(187275712K), 0.6811827 secs] [Times: user=4.21 sys=1.19, real=0.68 secs] 
2018-04-13T11:59:06.836+0800: 38105.832: [GC (Allocation Failure) 2018-04-13T11:59:06.836+0800: 38105.832: [ParNew: 11898984K->187252K(13212096K), 0.6017620 secs] 57608393K->45898860K(187275712K), 0.6021622 secs] [Times: user=4.29 sys=0.50, real=0.60 secs] 
2018-04-13T11:59:34.930+0800: 38133.926: [GC (Allocation Failure) 2018-04-13T11:59:34.930+0800: 38133.926: [ParNew: 11931380K->146068K(13212096K), 0.6745412 secs] 57642988K->45859488K(187275712K), 0.6749460 secs] [Times: user=4.18 sys=1.18, real=0.68 secs] 
2018-04-13T12:00:00.429+0800: 38159.425: [GC (Allocation Failure) 2018-04-13T12:00:00.429+0800: 38159.425: [ParNew: 11890196K->151255K(13212096K), 0.5960819 secs] 57603616K->45866986K(187275712K), 0.5964826 secs] [Times: user=4.28 sys=0.47, real=0.60 secs] 
2018-04-13T12:00:25.211+0800: 38184.207: [GC (Allocation Failure) 2018-04-13T12:00:25.211+0800: 38184.207: [ParNew: 11895383K->157521K(13212096K), 0.5279639 secs] 57611114K->45876485K(187275712K), 0.5283579 secs] [Times: user=3.92 sys=0.28, real=0.53 secs] 
2018-04-13T12:00:50.117+0800: 38209.113: [GC (Allocation Failure) 2018-04-13T12:00:50.117+0800: 38209.113: [ParNew: 11901649K->202859K(13212096K), 0.6890204 secs] 57620613K->45924864K(187275712K), 0.6894137 secs] [Times: user=4.20 sys=1.27, real=0.69 secs] 
2018-04-13T12:01:34.829+0800: 38253.825: [GC (Allocation Failure) 2018-04-13T12:01:34.829+0800: 38253.825: [ParNew: 11946987K->130454K(13212096K), 0.7850006 secs] 57668992K->45857282K(187275712K), 0.7854334 secs] [Times: user=4.22 sys=2.01, real=0.79 secs] 
2018-04-13T12:02:09.972+0800: 38288.968: [GC (Allocation Failure) 2018-04-13T12:02:09.972+0800: 38288.968: [ParNew: 11874582K->118239K(13212096K), 0.6719542 secs] 57601410K->45848133K(187275712K), 0.6723396 secs] [Times: user=4.49 sys=0.86, real=0.67 secs] 
2018-04-13T12:03:03.735+0800: 38342.731: [GC (Allocation Failure) 2018-04-13T12:03:03.736+0800: 38342.732: [ParNew: 11862367K->112717K(13212096K), 0.7388229 secs] 57592261K->45846626K(187275712K), 0.7392197 secs] [Times: user=4.53 sys=1.34, real=0.74 secs] 
2018-04-13T12:05:00.924+0800: 38459.920: [GC (Allocation Failure) 2018-04-13T12:05:00.924+0800: 38459.920: [ParNew: 11856845K->81850K(13212096K), 0.7964108 secs] 57590754K->45818208K(187275712K), 0.7968135 secs] [Times: user=4.56 sys=1.74, real=0.79 secs] 
2018-04-13T12:07:35.442+0800: 38614.438: [GC (Allocation Failure) 2018-04-13T12:07:35.442+0800: 38614.438: [ParNew: 11825978K->92739K(13212096K), 0.9149520 secs] 57562336K->45831799K(187275712K), 0.9153840 secs] [Times: user=5.86 sys=1.39, real=0.91 secs] 
2018-04-13T12:08:48.341+0800: 38687.337: [GC (Allocation Failure) 2018-04-13T12:08:48.341+0800: 38687.337: [ParNew: 11836867K->113288K(13212096K), 0.8847448 secs] 57575927K->45858108K(187275712K), 0.8851361 secs] [Times: user=5.61 sys=1.42, real=0.89 secs] 
2018-04-13T12:12:07.449+0800: 38886.445: [GC (Allocation Failure) 2018-04-13T12:12:07.449+0800: 38886.445: [ParNew: 11857416K->85522K(13212096K), 1.2789897 secs] 57602236K->45833741K(187275712K), 1.2793749 secs] [Times: user=7.43 sys=2.74, real=1.28 secs] 
2018-04-13T12:15:42.803+0800: 39101.799: [GC (Allocation Failure) 2018-04-13T12:15:42.803+0800: 39101.799: [ParNew: 11829650K->84718K(13212096K), 1.0734411 secs] 57577869K->45834511K(187275712K), 1.0738593 secs] [Times: user=6.67 sys=1.79, real=1.07 secs] 
2018-04-13T12:19:30.792+0800: 39329.788: [GC (Allocation Failure) 2018-04-13T12:19:30.792+0800: 39329.788: [ParNew: 11828846K->95856K(13212096K), 0.9733573 secs] 57578639K->45847610K(187275712K), 0.9738333 secs] [Times: user=6.07 sys=1.64, real=0.97 secs] 
2018-04-13T12:21:50.994+0800: 39469.990: [GC (Allocation Failure) 2018-04-13T12:21:50.994+0800: 39469.990: [ParNew: 11839984K->96511K(13212096K), 1.1869183 secs] 57591738K->45852273K(187275712K), 1.1873526 secs] [Times: user=6.38 sys=3.03, real=1.19 secs] 
2018-04-13T12:24:11.256+0800: 39610.252: [GC (Allocation Failure) 2018-04-13T12:24:11.256+0800: 39610.252: [ParNew: 11840639K->128388K(13212096K), 1.0732596 secs] 57596401K->45887880K(187275712K), 1.0736152 secs] [Times: user=6.07 sys=2.42, real=1.07 secs] 
2018-04-13T12:24:59.344+0800: 39658.340: [GC (Allocation Failure) 2018-04-13T12:24:59.345+0800: 39658.341: [ParNew: 11872516K->144559K(13212096K), 0.6254066 secs] 57632008K->45905191K(187275712K), 0.6261804 secs] [Times: user=4.48 sys=0.49, real=0.62 secs] 
2018-04-13T12:25:54.139+0800: 39713.135: [GC (Allocation Failure) 2018-04-13T12:25:54.139+0800: 39713.135: [ParNew: 11888687K->118509K(13212096K), 0.7070070 secs] 57649319K->45882916K(187275712K), 0.7074429 secs] [Times: user=4.03 sys=1.57, real=0.71 secs] 
2018-04-13T12:26:43.693+0800: 39762.689: [GC (Allocation Failure) 2018-04-13T12:26:43.693+0800: 39762.689: [ParNew: 11862637K->127279K(13212096K), 0.7439317 secs] 57627044K->45899554K(187275712K), 0.7444806 secs] [Times: user=4.41 sys=1.47, real=0.74 secs] 
2018-04-13T12:27:40.468+0800: 39819.464: [GC (Allocation Failure) 2018-04-13T12:27:40.468+0800: 39819.464: [ParNew: 11871407K->120824K(13212096K), 0.6500774 secs] 57643682K->45899432K(187275712K), 0.6504863 secs] [Times: user=4.28 sys=0.87, real=0.65 secs] 
2018-04-13T12:28:31.259+0800: 39870.255: [GC (Allocation Failure) 2018-04-13T12:28:31.259+0800: 39870.255: [ParNew: 11864952K->94832K(13212096K), 0.7022273 secs] 57643560K->45879329K(187275712K), 0.7026673 secs] [Times: user=4.38 sys=1.18, real=0.71 secs] 
2018-04-13T12:29:16.311+0800: 39915.307: [GC (Allocation Failure) 2018-04-13T12:29:16.311+0800: 39915.307: [ParNew: 11838960K->96293K(13212096K), 0.6389545 secs] 57623457K->45887768K(187275712K), 0.6393742 secs] [Times: user=4.12 sys=0.95, real=0.64 secs] 
2018-04-13T12:30:14.483+0800: 39973.479: [GC (Allocation Failure) 2018-04-13T12:30:14.483+0800: 39973.479: [ParNew: 11840421K->108796K(13212096K), 0.6772191 secs] 57631896K->45902479K(187275712K), 0.6776441 secs] [Times: user=4.13 sys=1.22, real=0.67 secs] 
2018-04-13T12:31:09.964+0800: 40028.960: [GC (Allocation Failure) 2018-04-13T12:31:09.964+0800: 40028.960: [ParNew: 11852924K->99016K(13212096K), 0.7084278 secs] 57646607K->45894905K(187275712K), 0.7088370 secs] [Times: user=4.85 sys=0.79, real=0.71 secs] 
2018-04-13T12:32:17.867+0800: 40096.863: [GC (Allocation Failure) 2018-04-13T12:32:17.867+0800: 40096.863: [ParNew: 11843144K->80794K(13212096K), 0.7900670 secs] 57639033K->45877738K(187275712K), 0.7904727 secs] [Times: user=4.38 sys=1.89, real=0.79 secs] 
2018-04-13T12:33:45.700+0800: 40184.696: [GC (Allocation Failure) 2018-04-13T12:33:45.700+0800: 40184.696: [ParNew: 11824922K->72754K(13212096K), 0.8940911 secs] 57621866K->45870634K(187275712K), 0.8945060 secs] [Times: user=5.42 sys=1.68, real=0.90 secs] 
2018-04-13T12:35:44.414+0800: 40303.410: [GC (Allocation Failure) 2018-04-13T12:35:44.414+0800: 40303.410: [ParNew: 11816882K->69639K(13212096K), 0.9584589 secs] 57614762K->45868707K(187275712K), 0.9589741 secs] [Times: user=5.92 sys=1.67, real=0.96 secs] 
2018-04-13T12:38:16.891+0800: 40455.887: [GC (Allocation Failure) 2018-04-13T12:38:16.892+0800: 40455.888: [ParNew: 11813767K->68359K(13212096K), 0.7868556 secs] 57612835K->45868671K(187275712K), 0.7872521 secs] [Times: user=5.51 sys=0.74, real=0.78 secs] 
2018-04-13T12:40:41.956+0800: 40600.952: [GC (Allocation Failure) 2018-04-13T12:40:41.956+0800: 40600.952: [ParNew: 11812487K->87977K(13212096K), 0.9398901 secs] 57612799K->45889781K(187275712K), 0.9403054 secs] [Times: user=4.92 sys=2.54, real=0.94 secs] 
2018-04-13T12:43:15.154+0800: 40754.150: [GC (Allocation Failure) 2018-04-13T12:43:15.154+0800: 40754.150: [ParNew: 11832105K->89152K(13212096K), 0.9654307 secs] 57633909K->45891666K(187275712K), 0.9658499 secs] [Times: user=5.78 sys=1.86, real=0.96 secs] 
2018-04-13T12:44:42.008+0800: 40841.004: [GC (Allocation Failure) 2018-04-13T12:44:42.008+0800: 40841.004: [ParNew: 11833280K->97677K(13212096K), 0.8687422 secs] 57635794K->45903279K(187275712K), 0.8691803 secs] [Times: user=5.12 sys=1.76, real=0.87 secs] 
2018-04-13T12:46:25.813+0800: 40944.809: [GC (Allocation Failure) 2018-04-13T12:46:25.813+0800: 40944.809: [ParNew: 11841805K->95639K(13212096K), 0.8030828 secs] 57647407K->45904511K(187275712K), 0.8035173 secs] [Times: user=5.42 sys=0.97, real=0.80 secs] 
2018-04-13T12:48:47.315+0800: 41086.311: [GC (Allocation Failure) 2018-04-13T12:48:47.315+0800: 41086.311: [ParNew: 11839767K->88540K(13212096K), 0.9629928 secs] 57648639K->45900121K(187275712K), 0.9634223 secs] [Times: user=5.11 sys=2.53, real=0.96 secs] 
2018-04-13T12:50:38.674+0800: 41197.670: [GC (Allocation Failure) 2018-04-13T12:50:38.674+0800: 41197.670: [ParNew: 11832668K->81650K(13212096K), 0.8171277 secs] 57644249K->45896704K(187275712K), 0.8175601 secs] [Times: user=4.76 sys=1.69, real=0.82 secs] 
2018-04-13T12:54:10.353+0800: 41409.349: [GC (Allocation Failure) 2018-04-13T12:54:10.353+0800: 41409.349: [ParNew: 11825778K->63111K(13212096K), 1.0089227 secs] 57640832K->45886459K(187275712K), 1.0093447 secs] [Times: user=6.81 sys=1.17, real=1.01 secs] 
2018-04-13T12:56:09.307+0800: 41528.304: [GC (Allocation Failure) 2018-04-13T12:56:09.308+0800: 41528.304: [ParNew: 11807239K->112170K(13212096K), 0.6864631 secs] 57630587K->45938851K(187275712K), 0.6868899 secs] [Times: user=4.71 sys=0.75, real=0.69 secs] 
2018-04-13T12:57:09.053+0800: 41588.049: [GC (Allocation Failure) 2018-04-13T12:57:09.053+0800: 41588.049: [ParNew: 11856298K->185911K(13212096K), 0.7976155 secs] 57682979K->46015023K(187275712K), 0.7980476 secs] [Times: user=4.62 sys=1.72, real=0.79 secs] 
2018-04-13T12:58:41.421+0800: 41680.417: [GC (Allocation Failure) 2018-04-13T12:58:41.422+0800: 41680.418: [ParNew: 11930039K->161457K(13212096K), 0.9326803 secs] 57759151K->45992321K(187275712K), 0.9330418 secs] [Times: user=5.31 sys=2.07, real=0.93 secs] 
2018-04-13T13:00:00.791+0800: 41759.788: [GC (Allocation Failure) 2018-04-13T13:00:00.792+0800: 41759.788: [ParNew: 11905585K->145060K(13212096K), 0.8475016 secs] 57736449K->45978144K(187275712K), 0.8479318 secs] [Times: user=4.93 sys=1.78, real=0.84 secs] 
2018-04-13T13:01:00.226+0800: 41819.222: [GC (Allocation Failure) 2018-04-13T13:01:00.226+0800: 41819.223: [ParNew: 11889188K->166021K(13212096K), 0.7176321 secs] 57722272K->46000307K(187275712K), 0.7180559 secs] [Times: user=4.66 sys=1.05, real=0.72 secs] 
2018-04-13T13:01:44.295+0800: 41863.291: [GC (Allocation Failure) 2018-04-13T13:01:44.295+0800: 41863.291: [ParNew: 11910149K->210200K(13212096K), 0.7404520 secs] 57744435K->46047218K(187275712K), 0.7408803 secs] [Times: user=4.60 sys=1.27, real=0.74 secs] 
2018-04-13T13:02:18.274+0800: 41897.270: [GC (Allocation Failure) 2018-04-13T13:02:18.275+0800: 41897.271: [ParNew: 11954328K->222126K(13212096K), 0.6784146 secs] 57791346K->46078393K(187275712K), 0.6788303 secs] [Times: user=4.75 sys=0.62, real=0.68 secs] 
2018-04-13T13:02:46.631+0800: 41925.627: [GC (Allocation Failure) 2018-04-13T13:02:46.632+0800: 41925.628: [ParNew: 11966254K->150255K(13212096K), 0.6870226 secs] 57822521K->46027022K(187275712K), 0.6874479 secs] [Times: user=4.39 sys=1.04, real=0.68 secs] 
2018-04-13T13:03:25.447+0800: 41964.443: [GC (Allocation Failure) 2018-04-13T13:03:25.447+0800: 41964.443: [ParNew: 11894383K->89583K(13212096K), 0.5699311 secs] 57771150K->45980362K(187275712K), 0.5703343 secs] [Times: user=3.89 sys=0.62, real=0.57 secs] 
2018-04-13T13:04:03.909+0800: 42002.905: [GC (Allocation Failure) 2018-04-13T13:04:03.909+0800: 42002.905: [ParNew: 11833711K->112932K(13212096K), 0.7527008 secs] 57724490K->46010045K(187275712K), 0.7531322 secs] [Times: user=4.61 sys=1.36, real=0.76 secs] 
2018-04-13T13:04:48.417+0800: 42047.413: [GC (Allocation Failure) 2018-04-13T13:04:48.417+0800: 42047.413: [ParNew: 11857060K->76589K(13212096K), 0.7495382 secs] 57754173K->45976593K(187275712K), 0.7499505 secs] [Times: user=4.86 sys=1.11, real=0.75 secs] 
2018-04-13T13:07:48.087+0800: 42227.083: [GC (Allocation Failure) 2018-04-13T13:07:48.088+0800: 42227.084: [ParNew: 11820717K->61712K(13212096K), 0.9850177 secs] 57720721K->45965156K(187275712K), 0.9854039 secs] [Times: user=5.72 sys=2.08, real=0.99 secs] 
2018-04-13T13:11:15.608+0800: 42434.604: [GC (Allocation Failure) 2018-04-13T13:11:15.608+0800: 42434.604: [ParNew: 11805840K->53466K(13212096K), 1.1422677 secs] 57709284K->45957711K(187275712K), 1.1426844 secs] [Times: user=7.29 sys=1.76, real=1.14 secs] 
2018-04-13T13:12:53.428+0800: 42532.424: [GC (Allocation Failure) 2018-04-13T13:12:53.428+0800: 42532.424: [ParNew: 11797594K->77901K(13212096K), 0.9703376 secs] 57701839K->45982563K(187275712K), 0.9707652 secs] [Times: user=5.16 sys=2.49, real=0.97 secs] 
2018-04-13T13:15:13.118+0800: 42672.114: [GC (Allocation Failure) 2018-04-13T13:15:13.119+0800: 42672.115: [ParNew: 11822029K->60573K(13212096K), 0.8608375 secs] 57726691K->45965674K(187275712K), 0.8612612 secs] [Times: user=5.13 sys=1.68, real=0.86 secs] 
2018-04-13T13:18:16.204+0800: 42855.201: [GC (Allocation Failure) 2018-04-13T13:18:16.205+0800: 42855.201: [ParNew: 11804701K->73948K(13212096K), 1.0307458 secs] 57709802K->45979521K(187275712K), 1.0311111 secs] [Times: user=6.62 sys=1.55, real=1.03 secs] 
2018-04-13T13:20:28.779+0800: 42987.775: [GC (Allocation Failure) 2018-04-13T13:20:28.779+0800: 42987.775: [ParNew: 11818076K->93238K(13212096K), 0.9517371 secs] 57723649K->45999819K(187275712K), 0.9520819 secs] [Times: user=5.93 sys=1.65, real=0.96 secs] 
2018-04-13T13:22:16.705+0800: 43095.701: [GC (Allocation Failure) 2018-04-13T13:22:16.705+0800: 43095.701: [ParNew: 11837366K->98606K(13212096K), 1.2794742 secs] 57743947K->46008078K(187275712K), 1.2798321 secs] [Times: user=7.18 sys=2.96, real=1.28 secs] 
2018-04-13T13:23:23.577+0800: 43162.573: [GC (Allocation Failure) 2018-04-13T13:23:23.577+0800: 43162.573: [ParNew: 11842734K->96287K(13212096K), 0.9099557 secs] 57752206K->46009123K(187275712K), 0.9104198 secs] [Times: user=5.42 sys=1.79, real=0.91 secs] 
2018-04-13T13:24:14.463+0800: 43213.459: [GC (Allocation Failure) 2018-04-13T13:24:14.463+0800: 43213.459: [ParNew: 11840415K->107155K(13212096K), 0.5614286 secs] 57753251K->46022093K(187275712K), 0.5618727 secs] [Times: user=3.73 sys=0.73, real=0.56 secs] 
2018-04-13T13:24:51.154+0800: 43250.150: [GC (Allocation Failure) 2018-04-13T13:24:51.154+0800: 43250.150: [ParNew: 11851283K->90707K(13212096K), 0.7158890 secs] 57766221K->46008240K(187275712K), 0.7163504 secs] [Times: user=4.30 sys=1.38, real=0.71 secs] 
2018-04-13T13:25:18.714+0800: 43277.710: [GC (Allocation Failure) 2018-04-13T13:25:18.714+0800: 43277.710: [ParNew: 11834835K->121303K(13212096K), 0.7342237 secs] 57752368K->46047727K(187275712K), 0.7345784 secs] [Times: user=4.65 sys=1.19, real=0.73 secs] 
2018-04-13T13:25:52.632+0800: 43311.628: [GC (Allocation Failure) 2018-04-13T13:25:52.632+0800: 43311.628: [ParNew: 11865431K->162011K(13212096K), 0.7081729 secs] 57791855K->46095897K(187275712K), 0.7085490 secs] [Times: user=4.04 sys=1.57, real=0.70 secs] 
2018-04-13T13:26:21.117+0800: 43340.113: [GC (Allocation Failure) 2018-04-13T13:26:21.117+0800: 43340.113: [ParNew: 11906139K->150843K(13212096K), 0.5959629 secs] 57840025K->46090438K(187275712K), 0.5963713 secs] [Times: user=4.19 sys=0.55, real=0.60 secs] 
2018-04-13T13:26:53.596+0800: 43372.592: [GC (Allocation Failure) 2018-04-13T13:26:53.596+0800: 43372.592: [ParNew: 11894971K->124906K(13212096K), 0.6447262 secs] 57834566K->46068712K(187275712K), 0.6451112 secs] [Times: user=4.83 sys=0.30, real=0.64 secs] 
2018-04-13T13:27:25.640+0800: 43404.636: [GC (Allocation Failure) 2018-04-13T13:27:25.640+0800: 43404.636: [ParNew: 11869034K->115423K(13212096K), 0.7158059 secs] 57812840K->46065059K(187275712K), 0.7162270 secs] [Times: user=4.21 sys=1.46, real=0.72 secs] 
2018-04-13T13:28:08.094+0800: 43447.090: [GC (Allocation Failure) 2018-04-13T13:28:08.094+0800: 43447.090: [ParNew: 11859551K->88054K(13212096K), 0.7650552 secs] 57809187K->46047409K(187275712K), 0.7654776 secs] [Times: user=4.58 sys=1.47, real=0.76 secs] 
2018-04-13T13:28:40.770+0800: 43479.766: [GC (Allocation Failure) 2018-04-13T13:28:40.770+0800: 43479.766: [ParNew: 11832182K->109778K(13212096K), 0.6174558 secs] 57791537K->46075494K(187275712K), 0.6178860 secs] [Times: user=4.26 sys=0.64, real=0.62 secs] 
2018-04-13T13:29:16.564+0800: 43515.560: [GC (Allocation Failure) 2018-04-13T13:29:16.564+0800: 43515.560: [ParNew: 11853906K->103044K(13212096K), 0.5553167 secs] 57819622K->46070349K(187275712K), 0.5561190 secs] [Times: user=4.10 sys=0.30, real=0.55 secs] 
2018-04-13T13:29:49.080+0800: 43548.076: [GC (Allocation Failure) 2018-04-13T13:29:49.081+0800: 43548.077: [ParNew: 11847172K->106652K(13212096K), 0.7664556 secs] 57814477K->46075410K(187275712K), 0.7668671 secs] [Times: user=4.37 sys=1.72, real=0.77 secs] 
2018-04-13T13:30:24.403+0800: 43583.399: [GC (Allocation Failure) 2018-04-13T13:30:24.403+0800: 43583.399: [ParNew: 11850780K->117120K(13212096K), 0.6095174 secs] 57819538K->46087133K(187275712K), 0.6099116 secs] [Times: user=4.26 sys=0.59, real=0.61 secs] 
2018-04-13T13:31:01.881+0800: 43620.877: [GC (Allocation Failure) 2018-04-13T13:31:01.881+0800: 43620.877: [ParNew: 11861248K->72977K(13212096K), 0.7388195 secs] 57831261K->46043900K(187275712K), 0.7392467 secs] [Times: user=4.32 sys=1.56, real=0.73 secs] 
2018-04-13T13:31:41.851+0800: 43660.847: [GC (Allocation Failure) 2018-04-13T13:31:41.851+0800: 43660.847: [ParNew: 11817105K->70461K(13212096K), 0.6374345 secs] 57788028K->46042553K(187275712K), 0.6378417 secs] [Times: user=4.40 sys=0.67, real=0.64 secs] 
2018-04-13T13:32:24.087+0800: 43703.083: [GC (Allocation Failure) 2018-04-13T13:32:24.088+0800: 43703.084: [ParNew: 11814589K->58301K(13212096K), 0.6780270 secs] 57786681K->46031844K(187275712K), 0.6784367 secs] [Times: user=4.01 sys=1.37, real=0.68 secs] 
2018-04-13T13:33:03.051+0800: 43742.047: [GC (Allocation Failure) 2018-04-13T13:33:03.051+0800: 43742.047: [ParNew: 11802429K->86190K(13212096K), 0.6105867 secs] 57775972K->46061669K(187275712K), 0.6109850 secs] [Times: user=4.28 sys=0.57, real=0.62 secs] 
2018-04-13T13:34:05.113+0800: 43804.109: [GC (Allocation Failure) 2018-04-13T13:34:05.113+0800: 43804.109: [ParNew: 11830318K->77575K(13212096K), 0.8770070 secs] 57805797K->46054849K(187275712K), 0.8774213 secs] [Times: user=4.79 sys=2.19, real=0.87 secs] 
2018-04-13T13:34:48.180+0800: 43847.176: [GC (Allocation Failure) 2018-04-13T13:34:48.180+0800: 43847.176: [ParNew: 11821703K->157048K(13212096K), 0.7917274 secs] 57798977K->46135238K(187275712K), 0.7921453 secs] [Times: user=4.78 sys=1.50, real=0.80 secs] 
2018-04-13T13:35:43.557+0800: 43902.553: [GC (Allocation Failure) 2018-04-13T13:35:43.557+0800: 43902.553: [ParNew: 11901176K->150675K(13212096K), 0.6525566 secs] 57879366K->46130280K(187275712K), 0.6529448 secs] [Times: user=4.62 sys=0.57, real=0.65 secs] 
2018-04-13T13:36:53.110+0800: 43972.106: [GC (Allocation Failure) 2018-04-13T13:36:53.110+0800: 43972.107: [ParNew: 11894803K->125447K(13212096K), 0.7168085 secs] 57874408K->46108857K(187275712K), 0.7172354 secs] [Times: user=4.33 sys=1.35, real=0.72 secs] 
2018-04-13T13:37:48.491+0800: 44027.487: [GC (Allocation Failure) 2018-04-13T13:37:48.491+0800: 44027.487: [ParNew: 11869575K->125016K(13212096K), 0.7758700 secs] 57852985K->46110355K(187275712K), 0.7762883 secs] [Times: user=4.60 sys=1.56, real=0.78 secs] 
2018-04-13T13:39:11.862+0800: 44110.858: [GC (Allocation Failure) 2018-04-13T13:39:11.862+0800: 44110.858: [ParNew: 11869144K->138699K(13212096K), 0.6989606 secs] 57854483K->46125215K(187275712K), 0.6993639 secs] [Times: user=4.68 sys=0.88, real=0.70 secs] 
2018-04-13T13:41:42.382+0800: 44261.378: [GC (Allocation Failure) 2018-04-13T13:41:42.382+0800: 44261.378: [ParNew: 11882827K->106643K(13212096K), 1.0597315 secs] 57869343K->46097531K(187275712K), 1.0601325 secs] [Times: user=5.37 sys=3.03, real=1.06 secs] 
2018-04-13T13:42:35.820+0800: 44314.816: [GC (Allocation Failure) 2018-04-13T13:42:35.821+0800: 44314.817: [ParNew: 11850771K->148707K(13212096K), 0.6970638 secs] 57841659K->46150364K(187275712K), 0.6974902 secs] [Times: user=4.39 sys=1.13, real=0.70 secs] 
2018-04-13T13:44:10.014+0800: 44409.010: [GC (Allocation Failure) 2018-04-13T13:44:10.014+0800: 44409.010: [ParNew: 11892835K->119194K(13212096K), 0.9751894 secs] 57894492K->46133779K(187275712K), 0.9756217 secs] [Times: user=5.65 sys=2.07, real=0.97 secs] 
2018-04-13T13:45:40.561+0800: 44499.557: [GC (Allocation Failure) 2018-04-13T13:45:40.561+0800: 44499.557: [ParNew: 11863322K->145887K(13212096K), 0.7735371 secs] 57877907K->46165787K(187275712K), 0.7739485 secs] [Times: user=5.04 sys=1.11, real=0.77 secs] 
2018-04-13T13:47:08.617+0800: 44587.613: [GC (Allocation Failure) 2018-04-13T13:47:08.617+0800: 44587.613: [ParNew: 11890015K->119991K(13212096K), 0.9065186 secs] 57909915K->46142502K(187275712K), 0.9069345 secs] [Times: user=5.26 sys=1.95, real=0.91 secs] 
2018-04-13T13:49:28.194+0800: 44727.190: [GC (Allocation Failure) 2018-04-13T13:49:28.194+0800: 44727.190: [ParNew: 11864119K->165705K(13212096K), 0.8873819 secs] 57886630K->46192572K(187275712K), 0.8878322 secs] [Times: user=5.48 sys=1.54, real=0.89 secs] 
2018-04-13T13:50:01.816+0800: 44760.812: [GC (Allocation Failure) 2018-04-13T13:50:01.816+0800: 44760.812: [ParNew: 11909833K->189496K(13212096K), 0.7041209 secs] 57936700K->46220376K(187275712K), 0.7045451 secs] [Times: user=4.55 sys=1.07, real=0.70 secs] 
2018-04-13T13:50:31.802+0800: 44790.798: [GC (Allocation Failure) 2018-04-13T13:50:31.802+0800: 44790.798: [ParNew: 11933624K->184639K(13212096K), 0.6712979 secs] 57964504K->46228199K(187275712K), 0.6717392 secs] [Times: user=4.12 sys=1.20, real=0.67 secs] 
2018-04-13T13:50:56.398+0800: 44815.394: [GC (Allocation Failure) 2018-04-13T13:50:56.398+0800: 44815.395: [ParNew: 11928767K->148783K(13212096K), 0.6297036 secs] 57972327K->46201428K(187275712K), 0.6301356 secs] [Times: user=4.36 sys=0.64, real=0.63 secs] 
2018-04-13T13:51:28.666+0800: 44847.662: [GC (Allocation Failure) 2018-04-13T13:51:28.666+0800: 44847.662: [ParNew: 11892911K->117348K(13212096K), 0.6377173 secs] 57945556K->46181059K(187275712K), 0.6381401 secs] [Times: user=4.67 sys=0.40, real=0.64 secs] 
2018-04-13T13:51:55.677+0800: 44874.673: [GC (Allocation Failure) 2018-04-13T13:51:55.677+0800: 44874.673: [ParNew: 11861476K->150591K(13212096K), 0.7237952 secs] 57925187K->46220943K(187275712K), 0.7242177 secs] [Times: user=4.28 sys=1.46, real=0.73 secs] 
2018-04-13T13:52:25.465+0800: 44904.461: [GC (Allocation Failure) 2018-04-13T13:52:25.465+0800: 44904.461: [ParNew: 11894719K->91446K(13212096K), 0.6686276 secs] 57965071K->46170136K(187275712K), 0.6690514 secs] [Times: user=4.69 sys=0.63, real=0.67 secs] 
2018-04-13T13:53:37.790+0800: 44976.786: [GC (Allocation Failure) 2018-04-13T13:53:37.790+0800: 44976.786: [ParNew: 11835574K->70590K(13212096K), 0.6649882 secs] 57914264K->46150604K(187275712K), 0.6654029 secs] [Times: user=3.77 sys=1.50, real=0.67 secs] 
2018-04-13T13:54:48.367+0800: 45047.363: [GC (Allocation Failure) 2018-04-13T13:54:48.367+0800: 45047.363: [ParNew: 11814718K->65763K(13212096K), 0.7819539 secs] 57894732K->46146670K(187275712K), 0.7823830 secs] [Times: user=4.84 sys=1.37, real=0.78 secs] 
2018-04-13T13:57:47.970+0800: 45226.966: [GC (Allocation Failure) 2018-04-13T13:57:47.971+0800: 45226.967: [ParNew: 11809891K->63237K(13212096K), 1.4437460 secs] 57890798K->46145707K(187275712K), 1.4442173 secs] [Times: user=6.72 sys=4.76, real=1.45 secs] 
2018-04-13T14:02:08.107+0800: 45487.103: [GC (Allocation Failure) 2018-04-13T14:02:08.107+0800: 45487.103: [ParNew: 11807365K->75982K(13212096K), 1.1484073 secs] 57889835K->46162092K(187275712K), 1.1488304 secs] [Times: user=6.24 sys=2.88, real=1.15 secs] 
2018-04-13T14:05:41.252+0800: 45700.248: [GC (Allocation Failure) 2018-04-13T14:05:41.252+0800: 45700.248: [ParNew: 11820110K->73853K(13212096K), 1.5416580 secs] 57906220K->46163112K(187275712K), 1.5421132 secs] [Times: user=8.51 sys=3.73, real=1.54 secs] 
2018-04-13T14:06:10.378+0800: 45729.374: [GC (Allocation Failure) 2018-04-13T14:06:10.379+0800: 45729.375: [ParNew: 11817981K->106279K(13212096K), 0.6229467 secs] 57907240K->46197122K(187275712K), 0.6233608 secs] [Times: user=4.55 sys=0.40, real=0.63 secs] 
2018-04-13T14:06:45.085+0800: 45764.081: [GC (Allocation Failure) 2018-04-13T14:06:45.085+0800: 45764.081: [ParNew: 11850407K->98941K(13212096K), 0.7574166 secs] 57941250K->46192062K(187275712K), 0.7578384 secs] [Times: user=4.37 sys=1.65, real=0.76 secs] 
2018-04-13T14:07:17.707+0800: 45796.703: [GC (Allocation Failure) 2018-04-13T14:07:17.707+0800: 45796.703: [ParNew: 11843069K->84907K(13212096K), 0.5638844 secs] 57936190K->46180605K(187275712K), 0.5643042 secs] [Times: user=4.09 sys=0.39, real=0.57 secs] 
2018-04-13T14:07:48.846+0800: 45827.842: [GC (Allocation Failure) 2018-04-13T14:07:48.847+0800: 45827.843: [ParNew: 11829035K->100230K(13212096K), 0.6760406 secs] 57924733K->46200376K(187275712K), 0.6764680 secs] [Times: user=4.18 sys=1.18, real=0.68 secs] 
2018-04-13T14:08:05.296+0800: 45844.292: [GC (Allocation Failure) 2018-04-13T14:08:05.296+0800: 45844.292: [ParNew: 11844358K->106577K(13212096K), 0.6316181 secs] 57944504K->46213667K(187275712K), 0.6320360 secs] [Times: user=4.53 sys=0.50, real=0.63 secs] 
2018-04-13T14:08:16.833+0800: 45855.829: [GC (Allocation Failure) 2018-04-13T14:08:16.833+0800: 45855.829: [ParNew: 11850705K->127776K(13212096K), 0.5161741 secs] 57957795K->46243552K(187275712K), 0.5165851 secs] [Times: user=3.79 sys=0.30, real=0.51 secs] 
2018-04-13T14:08:38.916+0800: 45877.912: [GC (Allocation Failure) 2018-04-13T14:08:38.916+0800: 45877.912: [ParNew: 11871904K->127596K(13212096K), 0.6683925 secs] 57987680K->46248436K(187275712K), 0.6687824 secs] [Times: user=3.77 sys=1.53, real=0.67 secs] 
2018-04-13T14:09:10.822+0800: 45909.818: [GC (Allocation Failure) 2018-04-13T14:09:10.822+0800: 45909.818: [ParNew: 11871724K->110615K(13212096K), 0.6902163 secs] 57992564K->46232752K(187275712K), 0.6905879 secs] [Times: user=4.62 sys=0.87, real=0.69 secs] 
2018-04-13T14:09:21.565+0800: 45920.561: [GC (Allocation Failure) 2018-04-13T14:09:21.565+0800: 45920.561: [ParNew: 11854743K->129274K(13212096K), 0.4733302 secs] 57976880K->46252758K(187275712K), 0.4737274 secs] [Times: user=3.58 sys=0.20, real=0.47 secs] 
2018-04-13T14:09:33.177+0800: 45932.173: [GC (Allocation Failure) 2018-04-13T14:09:33.177+0800: 45932.173: [ParNew: 11873402K->89310K(13212096K), 0.6540684 secs] 57996886K->46216849K(187275712K), 0.6544678 secs] [Times: user=3.67 sys=1.50, real=0.66 secs] 
2018-04-13T14:09:52.842+0800: 45951.838: [GC (Allocation Failure) 2018-04-13T14:09:52.842+0800: 45951.838: [ParNew: 11833438K->77725K(13212096K), 0.5151741 secs] 57960977K->46205983K(187275712K), 0.5155756 secs] [Times: user=3.80 sys=0.30, real=0.51 secs] 
2018-04-13T14:10:11.369+0800: 45970.365: [GC (Allocation Failure) 2018-04-13T14:10:11.370+0800: 45970.366: [ParNew: 11821853K->75360K(13212096K), 0.5295841 secs] 57950111K->46205071K(187275712K), 0.5299831 secs] [Times: user=3.80 sys=0.42, real=0.53 secs] 
2018-04-13T14:10:43.342+0800: 46002.338: [GC (Allocation Failure) 2018-04-13T14:10:43.343+0800: 46002.339: [ParNew: 11819488K->74335K(13212096K), 0.6729186 secs] 57949199K->46205789K(187275712K), 0.6733246 secs] [Times: user=3.77 sys=1.55, real=0.67 secs] 
2018-04-13T14:10:59.396+0800: 46018.393: [GC (Allocation Failure) 2018-04-13T14:10:59.397+0800: 46018.393: [ParNew: 11818463K->88843K(13212096K), 0.5896855 secs] 57949917K->46224637K(187275712K), 0.5900778 secs] [Times: user=4.10 sys=0.58, real=0.59 secs] 
2018-04-13T14:11:23.978+0800: 46042.974: [GC (Allocation Failure) 2018-04-13T14:11:23.978+0800: 46042.974: [ParNew: 11832971K->93812K(13212096K), 0.6324019 secs] 57968765K->46230215K(187275712K), 0.6327899 secs] [Times: user=4.70 sys=0.32, real=0.63 secs] 
2018-04-13T14:11:36.661+0800: 46055.657: [GC (Allocation Failure) 2018-04-13T14:11:36.661+0800: 46055.657: [ParNew: 11837940K->99584K(13212096K), 0.6493458 secs] 57974343K->46237787K(187275712K), 0.6497494 secs] [Times: user=3.67 sys=1.47, real=0.65 secs] 
2018-04-13T14:11:48.681+0800: 46067.677: [GC (Allocation Failure) 2018-04-13T14:11:48.681+0800: 46067.677: [ParNew: 11843712K->96124K(13212096K), 0.5295696 secs] 57981915K->46236381K(187275712K), 0.5299656 secs] [Times: user=4.02 sys=0.20, real=0.53 secs] 
2018-04-13T14:12:04.053+0800: 46083.049: [GC (Allocation Failure) 2018-04-13T14:12:04.053+0800: 46083.049: [ParNew: 11840252K->70960K(13212096K), 0.5239474 secs] 57980509K->46212465K(187275712K), 0.5243662 secs] [Times: user=3.84 sys=0.34, real=0.52 secs] 
2018-04-13T14:12:33.574+0800: 46112.570: [GC (Allocation Failure) 2018-04-13T14:12:33.574+0800: 46112.570: [ParNew: 11815088K->81216K(13212096K), 0.6928862 secs] 57956593K->46224502K(187275712K), 0.6933054 secs] [Times: user=4.22 sys=1.27, real=0.69 secs] 
2018-04-13T14:13:03.840+0800: 46142.836: [GC (Allocation Failure) 2018-04-13T14:13:03.840+0800: 46142.837: [ParNew: 11825344K->51686K(13212096K), 0.5461586 secs] 57968630K->46197272K(187275712K), 0.5465540 secs] [Times: user=3.71 sys=0.64, real=0.55 secs] 
2018-04-13T14:13:24.808+0800: 46163.804: [GC (Allocation Failure) 2018-04-13T14:13:24.808+0800: 46163.804: [ParNew: 11795814K->60680K(13212096K), 0.6605469 secs] 57941400K->46210697K(187275712K), 0.6609573 secs] [Times: user=3.83 sys=1.40, real=0.66 secs] 
2018-04-13T14:15:40.818+0800: 46299.814: [GC (Allocation Failure) 2018-04-13T14:15:40.818+0800: 46299.814: [ParNew: 11804808K->76968K(13212096K), 0.7677966 secs] 57954825K->46227966K(187275712K), 0.7681919 secs] [Times: user=5.12 sys=0.99, real=0.77 secs] 
2018-04-13T14:16:46.831+0800: 46365.827: [GC (Allocation Failure) 2018-04-13T14:16:46.831+0800: 46365.827: [ParNew: 11821096K->70139K(13212096K), 0.7857267 secs] 57972094K->46221856K(187275712K), 0.7861538 secs] [Times: user=4.55 sys=1.68, real=0.79 secs] 
2018-04-13T14:18:51.609+0800: 46490.605: [GC (Allocation Failure) 2018-04-13T14:18:51.610+0800: 46490.606: [ParNew: 11814267K->100481K(13212096K), 0.9759009 secs] 57965984K->46252844K(187275712K), 0.9763005 secs] [Times: user=6.04 sys=1.69, real=0.98 secs] 
2018-04-13T14:20:43.982+0800: 46602.978: [GC (Allocation Failure) 2018-04-13T14:20:43.982+0800: 46602.978: [ParNew: 11844609K->86725K(13212096K), 0.8339356 secs] 57996972K->46240578K(187275712K), 0.8343410 secs] [Times: user=6.07 sys=0.58, real=0.83 secs] 
2018-04-13T14:23:09.843+0800: 46748.839: [GC (Allocation Failure) 2018-04-13T14:23:09.843+0800: 46748.839: [ParNew: 11830853K->70527K(13212096K), 0.8316743 secs] 57984706K->46225319K(187275712K), 0.8321014 secs] [Times: user=4.65 sys=1.96, real=0.83 secs] 
2018-04-13T14:24:01.436+0800: 46800.432: [GC (Allocation Failure) 2018-04-13T14:24:01.436+0800: 46800.432: [ParNew: 11814655K->102002K(13212096K), 0.7331722 secs] 57969447K->46257416K(187275712K), 0.7336086 secs] [Times: user=4.38 sys=1.44, real=0.73 secs] 
2018-04-13T14:24:31.955+0800: 46830.951: [GC (Allocation Failure) 2018-04-13T14:24:31.955+0800: 46830.951: [ParNew: 11846130K->121600K(13212096K), 0.5854297 secs] 58001544K->46283242K(187275712K), 0.5858438 secs] [Times: user=4.02 sys=0.63, real=0.58 secs] 
2018-04-13T14:24:59.025+0800: 46858.021: [GC (Allocation Failure) 2018-04-13T14:24:59.025+0800: 46858.021: [ParNew: 11865728K->86122K(13212096K), 0.5806926 secs] 58027370K->46254634K(187275712K), 0.5811029 secs] [Times: user=4.29 sys=0.32, real=0.58 secs] 
2018-04-13T14:25:11.879+0800: 46870.875: [GC (Allocation Failure) 2018-04-13T14:25:11.879+0800: 46870.875: [ParNew: 11830250K->93716K(13212096K), 0.6496534 secs] 57998762K->46269995K(187275712K), 0.6500813 secs] [Times: user=4.12 sys=1.02, real=0.65 secs] 
2018-04-13T14:25:40.629+0800: 46899.625: [GC (Allocation Failure) 2018-04-13T14:25:40.629+0800: 46899.625: [ParNew: 11837844K->83340K(13212096K), 0.5825604 secs] 58014123K->46271718K(187275712K), 0.5829731 secs] [Times: user=4.11 sys=0.52, real=0.59 secs] 
2018-04-13T14:26:13.000+0800: 46931.996: [GC (Allocation Failure) 2018-04-13T14:26:13.000+0800: 46931.996: [ParNew: 11827468K->59988K(13212096K), 0.7185183 secs] 58015846K->46254002K(187275712K), 0.7189269 secs] [Times: user=4.20 sys=1.48, real=0.72 secs] 
2018-04-13T14:26:38.694+0800: 46957.690: [GC (Allocation Failure) 2018-04-13T14:26:38.694+0800: 46957.690: [ParNew: 11804116K->70205K(13212096K), 0.5396413 secs] 57998130K->46271364K(187275712K), 0.5400487 secs] [Times: user=3.92 sys=0.38, real=0.54 secs] 
2018-04-13T14:26:53.661+0800: 46972.657: [GC (Allocation Failure) 2018-04-13T14:26:53.662+0800: 46972.658: [ParNew: 11814333K->57351K(13212096K), 0.5228954 secs] 58015492K->46263676K(187275712K), 0.5233196 secs] [Times: user=3.74 sys=0.43, real=0.52 secs] 
2018-04-13T14:27:18.331+0800: 46997.327: [GC (Allocation Failure) 2018-04-13T14:27:18.331+0800: 46997.327: [ParNew: 11801479K->56279K(13212096K), 0.6628901 secs] 58007804K->46266303K(187275712K), 0.6633001 secs] [Times: user=3.79 sys=1.46, real=0.67 secs] 
2018-04-13T14:27:49.726+0800: 47028.722: [GC (Allocation Failure) 2018-04-13T14:27:49.726+0800: 47028.722: [ParNew: 11800407K->49435K(13212096K), 0.6007624 secs] 58010431K->46260084K(187275712K), 0.6011720 secs] [Times: user=4.04 sys=0.74, real=0.60 secs] 
2018-04-13T14:28:12.655+0800: 47051.652: [GC (Allocation Failure) 2018-04-13T14:28:12.656+0800: 47051.652: [ParNew: 11793563K->47529K(13212096K), 0.4957231 secs] 58004212K->46259285K(187275712K), 0.4961254 secs] [Times: user=3.61 sys=0.34, real=0.50 secs] 
2018-04-13T14:28:28.103+0800: 47067.099: [GC (Allocation Failure) 2018-04-13T14:28:28.103+0800: 47067.099: [ParNew: 11791657K->51302K(13212096K), 0.6262503 secs] 58003413K->46264232K(187275712K), 0.6266695 secs] [Times: user=3.87 sys=1.10, real=0.62 secs] 
2018-04-13T14:28:39.794+0800: 47078.790: [GC (Allocation Failure) 2018-04-13T14:28:39.795+0800: 47078.791: [ParNew: 11795430K->67655K(13212096K), 0.5528517 secs] 58008360K->46281856K(187275712K), 0.5532512 secs] [Times: user=4.01 sys=0.40, real=0.55 secs] 
2018-04-13T14:28:55.404+0800: 47094.400: [GC (Allocation Failure) 2018-04-13T14:28:55.404+0800: 47094.400: [ParNew: 11811783K->66875K(13212096K), 0.5155322 secs] 58025984K->46281765K(187275712K), 0.5159266 secs] [Times: user=3.76 sys=0.35, real=0.51 secs] 
2018-04-13T14:29:37.066+0800: 47136.062: [GC (Allocation Failure) 2018-04-13T14:29:37.066+0800: 47136.062: [ParNew: 11811003K->64169K(13212096K), 0.7862343 secs] 58025893K->46279733K(187275712K), 0.7866470 secs] [Times: user=4.72 sys=1.54, real=0.79 secs] 
2018-04-13T14:30:14.832+0800: 47173.828: [GC (Allocation Failure) 2018-04-13T14:30:14.832+0800: 47173.828: [ParNew: 11808297K->80094K(13212096K), 0.7035046 secs] 58023861K->46296957K(187275712K), 0.7038994 secs] [Times: user=4.79 sys=0.81, real=0.70 secs] 
2018-04-13T14:31:26.218+0800: 47245.214: [GC (Allocation Failure) 2018-04-13T14:31:26.218+0800: 47245.214: [ParNew: 11824222K->53803K(13212096K), 0.7755842 secs] 58041085K->46271517K(187275712K), 0.7759931 secs] [Times: user=4.38 sys=1.78, real=0.78 secs] 
2018-04-13T14:33:19.280+0800: 47358.276: [GC (Allocation Failure) 2018-04-13T14:33:19.280+0800: 47358.276: [ParNew: 11797931K->47952K(13212096K), 0.7878870 secs] 58015645K->46266074K(187275712K), 0.7882926 secs] [Times: user=5.02 sys=1.24, real=0.79 secs] 
2018-04-13T14:37:52.470+0800: 47631.466: [GC (Allocation Failure) 2018-04-13T14:37:52.470+0800: 47631.466: [ParNew: 11792080K->52574K(13212096K), 0.9346299 secs] 58010202K->46272014K(187275712K), 0.9350574 secs] [Times: user=6.13 sys=1.24, real=0.94 secs] 
2018-04-13T14:39:42.136+0800: 47741.132: [GC (Allocation Failure) 2018-04-13T14:39:42.137+0800: 47741.133: [ParNew: 11796702K->89614K(13212096K), 0.7176774 secs] 58016142K->46310404K(187275712K), 0.7180942 secs] [Times: user=4.57 sys=1.12, real=0.72 secs] 
2018-04-13T14:42:48.734+0800: 47927.730: [GC (Allocation Failure) 2018-04-13T14:42:48.734+0800: 47927.730: [ParNew: 11833742K->74814K(13212096K), 1.0681512 secs] 58054532K->46297009K(187275712K), 1.0685307 secs] [Times: user=6.43 sys=2.03, real=1.07 secs] 
2018-04-13T14:46:43.779+0800: 48162.775: [GC (Allocation Failure) 2018-04-13T14:46:43.779+0800: 48162.775: [ParNew: 11818942K->69590K(13212096K), 1.0178168 secs] 58041137K->46292863K(187275712K), 1.0182158 secs] [Times: user=6.70 sys=1.33, real=1.02 secs] 
2018-04-13T14:49:38.894+0800: 48337.890: [GC (Allocation Failure) 2018-04-13T14:49:38.894+0800: 48337.890: [ParNew: 11813718K->81471K(13212096K), 0.8378384 secs] 58036991K->46305989K(187275712K), 0.8384861 secs] [Times: user=5.89 sys=0.76, real=0.84 secs] 
2018-04-13T14:51:34.589+0800: 48453.585: [GC (Allocation Failure) 2018-04-13T14:51:34.589+0800: 48453.585: [ParNew: 11825599K->76649K(13212096K), 1.3203150 secs] 58050117K->46303545K(187275712K), 1.3206933 secs] [Times: user=6.77 sys=3.72, real=1.32 secs] 
2018-04-13T14:52:27.084+0800: 48506.080: [GC (Allocation Failure) 2018-04-13T14:52:27.085+0800: 48506.081: [ParNew: 11820777K->75337K(13212096K), 0.6910786 secs] 58047673K->46306695K(187275712K), 0.6914506 secs] [Times: user=4.20 sys=1.28, real=0.69 secs] 
2018-04-13T14:53:06.356+0800: 48545.352: [GC (Allocation Failure) 2018-04-13T14:53:06.356+0800: 48545.352: [ParNew: 11819465K->104175K(13212096K), 0.6285357 secs] 58050823K->46337009K(187275712K), 0.6288859 secs] [Times: user=4.18 sys=0.82, real=0.63 secs] 
2018-04-13T14:53:46.496+0800: 48585.492: [GC (Allocation Failure) 2018-04-13T14:53:46.496+0800: 48585.493: [ParNew: 11848303K->108371K(13212096K), 0.7395483 secs] 58081137K->46344755K(187275712K), 0.7399872 secs] [Times: user=4.53 sys=1.34, real=0.74 secs] 
2018-04-13T14:54:19.093+0800: 48618.089: [GC (Allocation Failure) 2018-04-13T14:54:19.093+0800: 48618.089: [ParNew: 11852499K->126637K(13212096K), 0.5542946 secs] 58088883K->46368434K(187275712K), 0.5547117 secs] [Times: user=3.71 sys=0.69, real=0.55 secs] 
2018-04-13T14:54:53.417+0800: 48652.413: [GC (Allocation Failure) 2018-04-13T14:54:53.417+0800: 48652.413: [ParNew: 11870765K->89611K(13212096K), 0.6915224 secs] 58112562K->46337877K(187275712K), 0.6919039 secs] [Times: user=3.79 sys=1.69, real=0.69 secs] 
2018-04-13T14:55:36.808+0800: 48695.804: [GC (Allocation Failure) 2018-04-13T14:55:36.808+0800: 48695.804: [ParNew: 11833739K->103008K(13212096K), 0.6929826 secs] 58082005K->46357170K(187275712K), 0.6933473 secs] [Times: user=4.51 sys=1.00, real=0.70 secs] 
2018-04-13T14:56:29.316+0800: 48748.312: [GC (Allocation Failure) 2018-04-13T14:56:29.316+0800: 48748.313: [ParNew: 11847136K->88164K(13212096K), 0.7411662 secs] 58101298K->46344398K(187275712K), 0.7415555 secs] [Times: user=4.56 sys=1.33, real=0.74 secs] 
2018-04-13T14:57:18.532+0800: 48797.528: [GC (Allocation Failure) 2018-04-13T14:57:18.532+0800: 48797.528: [ParNew: 11832292K->87530K(13212096K), 0.6266480 secs] 58088526K->46348063K(187275712K), 0.6270184 secs] [Times: user=4.22 sys=0.76, real=0.62 secs] 
2018-04-13T14:57:58.176+0800: 48837.172: [GC (Allocation Failure) 2018-04-13T14:57:58.176+0800: 48837.172: [ParNew: 11831658K->88271K(13212096K), 0.7195167 secs] 58092191K->46350425K(187275712K), 0.7199105 secs] [Times: user=4.45 sys=1.26, real=0.72 secs] 
2018-04-13T14:58:36.801+0800: 48875.797: [GC (Allocation Failure) 2018-04-13T14:58:36.801+0800: 48875.797: [ParNew: 11832399K->108037K(13212096K), 0.5478033 secs] 58094553K->46371461K(187275712K), 0.5481796 secs] [Times: user=3.71 sys=0.66, real=0.55 secs] 
2018-04-13T14:59:15.099+0800: 48914.095: [GC (Allocation Failure) 2018-04-13T14:59:15.099+0800: 48914.095: [ParNew: 11852165K->119055K(13212096K), 0.6925760 secs] 58115589K->46383716K(187275712K), 0.6929634 secs] [Times: user=4.20 sys=1.30, real=0.70 secs] 
2018-04-13T14:59:51.155+0800: 48950.151: [GC (Allocation Failure) 2018-04-13T14:59:51.155+0800: 48950.151: [ParNew: 11863183K->121653K(13212096K), 0.6645542 secs] 58127844K->46387458K(187275712K), 0.6649330 secs] [Times: user=4.54 sys=0.76, real=0.66 secs] 
2018-04-13T15:00:34.760+0800: 48993.756: [GC (Allocation Failure) 2018-04-13T15:00:34.760+0800: 48993.756: [ParNew: 11865781K->96721K(13212096K), 0.7405325 secs] 58131586K->46365205K(187275712K), 0.7409195 secs] [Times: user=4.55 sys=1.32, real=0.75 secs] 
2018-04-13T15:01:19.406+0800: 49038.402: [GC (Allocation Failure) 2018-04-13T15:01:19.406+0800: 49038.402: [ParNew: 11840849K->119585K(13212096K), 0.6846416 secs] 58109333K->46389909K(187275712K), 0.6850215 secs] [Times: user=4.44 sys=1.01, real=0.68 secs] 
2018-04-13T15:01:55.323+0800: 49074.319: [GC (Allocation Failure) 2018-04-13T15:01:55.323+0800: 49074.319: [ParNew: 11863713K->145461K(13212096K), 0.7160312 secs] 58134037K->46420915K(187275712K), 0.7164219 secs] [Times: user=4.27 sys=1.41, real=0.71 secs] 
2018-04-13T15:02:35.505+0800: 49114.501: [GC (Allocation Failure) 2018-04-13T15:02:35.505+0800: 49114.501: [ParNew: 11889589K->137579K(13212096K), 0.6002266 secs] 58165043K->46416258K(187275712K), 0.6006028 secs] [Times: user=4.25 sys=0.52, real=0.60 secs] 
2018-04-13T15:03:05.410+0800: 49144.406: [GC (Allocation Failure) 2018-04-13T15:03:05.410+0800: 49144.406: [ParNew: 11881707K->132386K(13212096K), 0.6937057 secs] 58160386K->46418650K(187275712K), 0.6940888 secs] [Times: user=4.36 sys=1.13, real=0.70 secs] 
2018-04-13T15:03:43.884+0800: 49182.880: [GC (Allocation Failure) 2018-04-13T15:03:43.884+0800: 49182.880: [ParNew: 11876514K->118668K(13212096K), 0.6266271 secs] 58162778K->46408821K(187275712K), 0.6269934 secs] [Times: user=4.34 sys=0.64, real=0.62 secs] 
2018-04-13T15:04:18.822+0800: 49217.818: [GC (Allocation Failure) 2018-04-13T15:04:18.822+0800: 49217.818: [ParNew: 11862796K->90806K(13212096K), 0.6645611 secs] 58152949K->46385262K(187275712K), 0.6649598 secs] [Times: user=4.11 sys=1.16, real=0.66 secs] 
2018-04-13T15:04:54.116+0800: 49253.112: [GC (Allocation Failure) 2018-04-13T15:04:54.116+0800: 49253.112: [ParNew: 11834934K->109990K(13212096K), 0.5670143 secs] 58129390K->46406885K(187275712K), 0.5674058 secs] [Times: user=3.88 sys=0.63, real=0.57 secs] 
2018-04-13T15:05:37.522+0800: 49296.518: [GC (Allocation Failure) 2018-04-13T15:05:37.522+0800: 49296.518: [ParNew: 11854118K->71561K(13212096K), 0.6827868 secs] 58151013K->46369916K(187275712K), 0.6831977 secs] [Times: user=4.21 sys=1.21, real=0.68 secs] 
2018-04-13T15:06:28.612+0800: 49347.608: [GC (Allocation Failure) 2018-04-13T15:06:28.612+0800: 49347.608: [ParNew: 11815689K->53223K(13212096K), 0.7123192 secs] 58114044K->46352973K(187275712K), 0.7127042 secs] [Times: user=4.47 sys=1.20, real=0.71 secs] 
2018-04-13T15:07:43.259+0800: 49422.255: [GC (Allocation Failure) 2018-04-13T15:07:43.259+0800: 49422.255: [ParNew: 11797351K->58722K(13212096K), 0.7614720 secs] 58097101K->46359892K(187275712K), 0.7618581 secs] [Times: user=4.47 sys=1.57, real=0.76 secs] 
2018-04-13T15:08:45.871+0800: 49484.867: [GC (Allocation Failure) 2018-04-13T15:08:45.871+0800: 49484.867: [ParNew: 11802850K->54635K(13212096K), 0.7307682 secs] 58104020K->46357516K(187275712K), 0.7311678 secs] [Times: user=4.37 sys=1.42, real=0.73 secs] 
2018-04-13T15:10:09.665+0800: 49568.661: [GC (Allocation Failure) 2018-04-13T15:10:09.665+0800: 49568.661: [ParNew: 11798763K->45776K(13212096K), 0.6822429 secs] 58101644K->46350382K(187275712K), 0.6826389 secs] [Times: user=4.73 sys=0.69, real=0.68 secs] 
2018-04-13T15:12:04.811+0800: 49683.807: [GC (Allocation Failure) 2018-04-13T15:12:04.811+0800: 49683.807: [ParNew: 11789904K->43275K(13212096K), 0.8453590 secs] 58094510K->46348684K(187275712K), 0.8457476 secs] [Times: user=4.76 sys=1.97, real=0.85 secs] 
2018-04-13T15:15:30.564+0800: 49889.560: [GC (Allocation Failure) 2018-04-13T15:15:30.564+0800: 49889.560: [ParNew: 11787403K->55083K(13212096K), 1.0707347 secs] 58092812K->46361382K(187275712K), 1.0711148 secs] [Times: user=5.75 sys=2.77, real=1.07 secs] 
2018-04-13T15:19:44.365+0800: 50143.361: [GC (Allocation Failure) 2018-04-13T15:19:44.365+0800: 50143.361: [ParNew: 11799109K->65849K(13212096K), 1.0836337 secs] 58105408K->46372759K(187275712K), 1.0840042 secs] [Times: user=7.14 sys=1.44, real=1.08 secs] 
2018-04-13T15:20:28.191+0800: 50187.187: [GC (Allocation Failure) 2018-04-13T15:20:28.192+0800: 50187.188: [ParNew: 11809977K->151445K(13212096K), 0.6458797 secs] 58116887K->46459615K(187275712K), 0.6462455 secs] [Times: user=4.56 sys=0.57, real=0.64 secs] 
2018-04-13T15:21:03.666+0800: 50222.662: [GC (Allocation Failure) 2018-04-13T15:21:03.666+0800: 50222.662: [ParNew: 11895573K->170776K(13212096K), 0.7310306 secs] 58203743K->46479925K(187275712K), 0.7314124 secs] [Times: user=4.69 sys=1.14, real=0.73 secs] 
2018-04-13T15:21:47.448+0800: 50266.444: [GC (Allocation Failure) 2018-04-13T15:21:47.448+0800: 50266.444: [ParNew: 11914904K->196854K(13212096K), 0.7290022 secs] 58224053K->46507830K(187275712K), 0.7297164 secs] [Times: user=5.28 sys=0.51, real=0.73 secs] 
2018-04-13T15:22:45.247+0800: 50324.243: [GC (Allocation Failure) 2018-04-13T15:22:45.248+0800: 50324.244: [ParNew: 11940982K->190361K(13212096K), 0.8448120 secs] 58251958K->46504740K(187275712K), 0.8451703 secs] [Times: user=4.75 sys=1.94, real=0.85 secs] 
2018-04-13T15:23:39.999+0800: 50378.995: [GC (Allocation Failure) 2018-04-13T15:23:39.999+0800: 50378.995: [ParNew: 11934489K->163152K(13212096K), 0.7390593 secs] 58248868K->46483391K(187275712K), 0.7394306 secs] [Times: user=4.31 sys=1.55, real=0.74 secs] 
2018-04-13T15:25:50.784+0800: 50509.780: [GC (Allocation Failure) 2018-04-13T15:25:50.784+0800: 50509.780: [ParNew: 11907280K->134895K(13212096K), 0.9986166 secs] 58227519K->46461820K(187275712K), 0.9989830 secs] [Times: user=6.43 sys=1.48, real=1.00 secs] 
2018-04-13T15:27:57.700+0800: 50636.697: [GC (Allocation Failure) 2018-04-13T15:27:57.701+0800: 50636.697: [ParNew: 11879023K->173055K(13212096K), 0.7521465 secs] 58205948K->46507150K(187275712K), 0.7525111 secs] [Times: user=5.14 sys=0.83, real=0.76 secs] 
2018-04-13T15:28:51.512+0800: 50690.508: [GC (Allocation Failure) 2018-04-13T15:28:51.512+0800: 50690.508: [ParNew: 11917183K->223820K(13212096K), 0.7512854 secs] 58251278K->46569046K(187275712K), 0.7516479 secs] [Times: user=4.48 sys=1.48, real=0.75 secs] 
2018-04-13T15:29:50.570+0800: 50749.566: [GC (Allocation Failure) 2018-04-13T15:29:50.570+0800: 50749.566: [ParNew: 11967948K->260532K(13212096K), 0.7858256 secs] 58313174K->46616439K(187275712K), 0.7861887 secs] [Times: user=4.78 sys=1.43, real=0.79 secs] 
2018-04-13T15:31:48.853+0800: 50867.849: [GC (Allocation Failure) 2018-04-13T15:31:48.853+0800: 50867.849: [ParNew: 12004660K->166744K(13212096K), 0.9259684 secs] 58360567K->46533785K(187275712K), 0.9263392 secs] [Times: user=5.67 sys=1.66, real=0.92 secs] 
2018-04-13T15:32:50.671+0800: 50929.667: [GC (Allocation Failure) 2018-04-13T15:32:50.671+0800: 50929.667: [ParNew: 11910872K->212794K(13212096K), 0.6719685 secs] 58277913K->46583056K(187275712K), 0.6723137 secs] [Times: user=4.85 sys=0.49, real=0.68 secs] 
2018-04-13T15:33:46.267+0800: 50985.263: [GC (Allocation Failure) 2018-04-13T15:33:46.267+0800: 50985.263: [ParNew: 11956922K->168438K(13212096K), 0.8618326 secs] 58327184K->46543545K(187275712K), 0.8622137 secs] [Times: user=5.38 sys=1.46, real=0.86 secs] 
2018-04-13T15:34:14.793+0800: 51013.789: [GC (Allocation Failure) 2018-04-13T15:34:14.793+0800: 51013.789: [ParNew: 11912566K->183536K(13212096K), 0.6684513 secs] 58287673K->46575146K(187275712K), 0.6688101 secs] [Times: user=4.59 sys=0.70, real=0.67 secs] 
2018-04-13T15:34:58.470+0800: 51057.466: [GC (Allocation Failure) 2018-04-13T15:34:58.470+0800: 51057.466: [ParNew: 11927664K->186450K(13212096K), 0.6915485 secs] 58319274K->46601489K(187275712K), 0.6919489 secs] [Times: user=4.25 sys=1.20, real=0.70 secs] 
2018-04-13T15:35:38.492+0800: 51097.488: [GC (Allocation Failure) 2018-04-13T15:35:38.493+0800: 51097.489: [ParNew: 11930578K->147545K(13212096K), 0.7215400 secs] 58345617K->46583869K(187275712K), 0.7219320 secs] [Times: user=4.81 sys=0.91, real=0.72 secs] 
2018-04-13T15:36:16.495+0800: 51135.491: [GC (Allocation Failure) 2018-04-13T15:36:16.496+0800: 51135.492: [ParNew: 11891673K->81294K(13212096K), 0.6634241 secs] 58327997K->46530746K(187275712K), 0.6638232 secs] [Times: user=4.01 sys=1.23, real=0.66 secs] 
2018-04-13T15:38:21.466+0800: 51260.462: [GC (Allocation Failure) 2018-04-13T15:38:21.466+0800: 51260.462: [ParNew: 11825422K->60772K(13212096K), 0.8641317 secs] 58274874K->46512641K(187275712K), 0.8645057 secs] [Times: user=5.38 sys=1.47, real=0.86 secs] 
2018-04-13T15:41:29.735+0800: 51448.732: [GC (Allocation Failure) 2018-04-13T15:41:29.736+0800: 51448.732: [ParNew: 11804900K->56801K(13212096K), 1.0521761 secs] 58256769K->46509954K(187275712K), 1.0525491 secs] [Times: user=6.70 sys=1.68, real=1.05 secs] 
2018-04-13T15:41:48.525+0800: 51467.521: [GC (Allocation Failure) 2018-04-13T15:41:48.525+0800: 51467.521: [ParNew: 11800929K->73880K(13212096K), 0.6463787 secs] 58254082K->46527840K(187275712K), 0.6467429 secs] [Times: user=3.68 sys=1.46, real=0.65 secs] 
2018-04-13T15:43:06.491+0800: 51545.487: [GC (Allocation Failure) 2018-04-13T15:43:06.491+0800: 51545.487: [ParNew: 11818008K->68043K(13212096K), 0.7148978 secs] 58271968K->46523245K(187275712K), 0.7152648 secs] [Times: user=4.52 sys=1.17, real=0.72 secs] 
2018-04-13T15:43:47.941+0800: 51586.937: [GC (Allocation Failure) 2018-04-13T15:43:47.941+0800: 51586.937: [ParNew: 11812171K->123936K(13212096K), 0.8226535 secs] 58267373K->46579706K(187275712K), 0.8230325 secs] [Times: user=5.37 sys=1.18, real=0.83 secs] 
2018-04-13T15:45:05.563+0800: 51664.559: [GC (Allocation Failure) 2018-04-13T15:45:05.563+0800: 51664.560: [ParNew: 11868064K->107680K(13212096K), 0.7466498 secs] 58323834K->46564166K(187275712K), 0.7470108 secs] [Times: user=5.10 sys=0.85, real=0.74 secs] 
2018-04-13T15:46:34.438+0800: 51753.434: [GC (Allocation Failure) 2018-04-13T15:46:34.438+0800: 51753.434: [ParNew: 11851808K->75655K(13212096K), 0.9509952 secs] 58308294K->46537194K(187275712K), 0.9513400 secs] [Times: user=5.39 sys=2.18, real=0.95 secs] 
2018-04-13T15:48:56.884+0800: 51895.880: [GC (Allocation Failure) 2018-04-13T15:48:56.885+0800: 51895.881: [ParNew: 11819783K->89679K(13212096K), 0.8927925 secs] 58281322K->46559043K(187275712K), 0.8931515 secs] [Times: user=5.57 sys=1.49, real=0.89 secs] 
2018-04-13T15:51:42.946+0800: 52061.942: [GC (Allocation Failure) 2018-04-13T15:51:42.946+0800: 52061.942: [ParNew: 11833807K->87357K(13212096K), 1.0025273 secs] 58303171K->46560162K(187275712K), 1.0028897 secs] [Times: user=6.12 sys=1.82, real=1.00 secs] 
2018-04-13T15:54:22.639+0800: 52221.635: [GC (Allocation Failure) 2018-04-13T15:54:22.639+0800: 52221.635: [ParNew: 11831485K->127535K(13212096K), 0.8355149 secs] 58304290K->46606064K(187275712K), 0.8358612 secs] [Times: user=5.41 sys=1.24, real=0.84 secs] 
2018-04-13T15:55:01.057+0800: 52260.053: [GC (Allocation Failure) 2018-04-13T15:55:01.057+0800: 52260.053: [ParNew: 11871663K->190459K(13212096K), 0.7151620 secs] 58350192K->46672675K(187275712K), 0.7155209 secs] [Times: user=4.52 sys=1.16, real=0.72 secs] 
2018-04-13T15:55:44.455+0800: 52303.451: [GC (Allocation Failure) 2018-04-13T15:55:44.455+0800: 52303.451: [ParNew: 11934587K->249190K(13212096K), 0.7037586 secs] 58416803K->46736505K(187275712K), 0.7040976 secs] [Times: user=5.15 sys=0.45, real=0.70 secs] 
2018-04-13T15:56:24.047+0800: 52343.043: [GC (Allocation Failure) 2018-04-13T15:56:24.047+0800: 52343.043: [ParNew: 11993318K->215312K(13212096K), 0.7125188 secs] 58480633K->46705980K(187275712K), 0.7128744 secs] [Times: user=4.21 sys=1.45, real=0.71 secs] 
2018-04-13T15:57:43.371+0800: 52422.367: [GC (Allocation Failure) 2018-04-13T15:57:43.371+0800: 52422.367: [ParNew: 11959440K->153918K(13212096K), 0.9283780 secs] 58450108K->46651488K(187275712K), 0.9287345 secs] [Times: user=6.02 sys=1.33, real=0.93 secs] 
2018-04-13T15:58:57.513+0800: 52496.509: [GC (Allocation Failure) 2018-04-13T15:58:57.513+0800: 52496.509: [ParNew: 11898046K->181779K(13212096K), 0.8262948 secs] 58395616K->46688883K(187275712K), 0.8266549 secs] [Times: user=5.47 sys=1.10, real=0.82 secs] 
2018-04-13T16:00:38.419+0800: 52597.415: [GC (Allocation Failure) 2018-04-13T16:00:38.420+0800: 52597.416: [ParNew: 11925907K->157633K(13212096K), 0.8827084 secs] 58433011K->46673271K(187275712K), 0.8830806 secs] [Times: user=5.27 sys=1.73, real=0.89 secs] 
2018-04-13T16:01:45.249+0800: 52664.245: [GC (Allocation Failure) 2018-04-13T16:01:45.249+0800: 52664.245: [ParNew: 11901761K->115315K(13212096K), 0.8638716 secs] 58417399K->46655641K(187275712K), 0.8642503 secs] [Times: user=5.20 sys=1.62, real=0.87 secs] 
2018-04-13T16:03:11.200+0800: 52750.196: [GC (Allocation Failure) 2018-04-13T16:03:11.200+0800: 52750.196: [ParNew: 11859443K->124273K(13212096K), 0.7708054 secs] 58399769K->46685474K(187275712K), 0.7711688 secs] [Times: user=5.05 sys=1.07, real=0.77 secs] 
2018-04-13T16:04:56.936+0800: 52855.932: [GC (Allocation Failure) 2018-04-13T16:04:56.936+0800: 52855.932: [ParNew: 11868401K->106804K(13212096K), 1.0239321 secs] 58429602K->46677643K(187275712K), 1.0242986 secs] [Times: user=5.74 sys=2.38, real=1.02 secs] 
2018-04-13T16:05:30.090+0800: 52889.086: [GC (Allocation Failure) 2018-04-13T16:05:30.090+0800: 52889.086: [ParNew: 11850932K->130376K(13212096K), 0.6068798 secs] 58421771K->46710403K(187275712K), 0.6072444 secs] [Times: user=4.34 sys=0.48, real=0.61 secs] 
2018-04-13T16:06:02.686+0800: 52921.682: [GC (Allocation Failure) 2018-04-13T16:06:02.687+0800: 52921.683: [ParNew: 11874504K->140837K(13212096K), 0.6522422 secs] 58454531K->46724271K(187275712K), 0.6526190 secs] [Times: user=4.12 sys=1.05, real=0.65 secs] 
2018-04-13T16:07:09.282+0800: 52988.278: [GC (Allocation Failure) 2018-04-13T16:07:09.282+0800: 52988.278: [ParNew: 11884965K->113798K(13212096K), 0.7210804 secs] 58468399K->46702965K(187275712K), 0.7214452 secs] [Times: user=5.17 sys=0.57, real=0.72 secs] 
2018-04-13T16:08:43.302+0800: 53082.298: [GC (Allocation Failure) 2018-04-13T16:08:43.302+0800: 53082.298: [ParNew: 11857926K->108550K(13212096K), 0.8312958 secs] 58447093K->46699852K(187275712K), 0.8316728 secs] [Times: user=5.03 sys=1.56, real=0.83 secs] 
2018-04-13T16:09:35.403+0800: 53134.399: [GC (Allocation Failure) 2018-04-13T16:09:35.403+0800: 53134.399: [ParNew: 11852678K->126156K(13212096K), 0.6627903 secs] 58443980K->46722903K(187275712K), 0.6631878 secs] [Times: user=4.10 sys=1.13, real=0.66 secs] 
2018-04-13T16:11:16.057+0800: 53235.053: [GC (Allocation Failure) 2018-04-13T16:11:16.057+0800: 53235.053: [ParNew: 11870284K->93046K(13212096K), 0.7832772 secs] 58467031K->46702628K(187275712K), 0.7836496 secs] [Times: user=5.14 sys=1.08, real=0.78 secs] 
2018-04-13T16:13:42.206+0800: 53381.202: [GC (Allocation Failure) 2018-04-13T16:13:42.206+0800: 53381.202: [ParNew: 11837174K->79296K(13212096K), 1.0612777 secs] 58446756K->46690446K(187275712K), 1.0616518 secs] [Times: user=5.27 sys=3.18, real=1.06 secs] 
2018-04-13T16:15:21.925+0800: 53480.922: [GC (Allocation Failure) 2018-04-13T16:15:21.926+0800: 53480.922: [ParNew: 11823424K->92370K(13212096K), 0.9457112 secs] 58434574K->46704505K(187275712K), 0.9460524 secs] [Times: user=5.57 sys=1.94, real=0.95 secs] 
2018-04-13T16:16:07.887+0800: 53526.883: [GC (Allocation Failure) 2018-04-13T16:16:07.887+0800: 53526.883: [ParNew: 11836498K->114895K(13212096K), 0.6318295 secs] 58448633K->46728983K(187275712K), 0.6321863 secs] [Times: user=4.53 sys=0.49, real=0.63 secs] 
2018-04-13T16:16:55.077+0800: 53574.073: [GC (Allocation Failure) 2018-04-13T16:16:55.077+0800: 53574.073: [ParNew: 11859023K->102512K(13212096K), 0.7361058 secs] 58473111K->46719676K(187275712K), 0.7364725 secs] [Times: user=4.19 sys=1.65, real=0.74 secs] 
2018-04-13T16:18:48.106+0800: 53687.102: [GC (Allocation Failure) 2018-04-13T16:18:48.106+0800: 53687.102: [ParNew: 11846640K->120616K(13212096K), 0.9668552 secs] 58463804K->46739374K(187275712K), 0.9672204 secs] [Times: user=5.10 sys=2.58, real=0.97 secs] 
2018-04-13T16:19:20.168+0800: 53719.164: [GC (Allocation Failure) 2018-04-13T16:19:20.168+0800: 53719.164: [ParNew: 11864744K->196478K(13212096K), 0.7569549 secs] 58483502K->46820243K(187275712K), 0.7573317 secs] [Times: user=4.23 sys=1.77, real=0.76 secs] 
2018-04-13T16:19:45.336+0800: 53744.332: [GC (Allocation Failure) 2018-04-13T16:19:45.336+0800: 53744.332: [ParNew: 11940606K->214969K(13212096K), 0.5742317 secs] 58564371K->46849551K(187275712K), 0.5746112 secs] [Times: user=4.23 sys=0.32, real=0.57 secs] 
2018-04-13T16:20:15.662+0800: 53774.658: [GC (Allocation Failure) 2018-04-13T16:20:15.663+0800: 53774.659: [ParNew: 11959097K->172164K(13212096K), 0.6543048 secs] 58593679K->46815307K(187275712K), 0.6546923 secs] [Times: user=4.00 sys=1.16, real=0.65 secs] 
2018-04-13T16:20:41.657+0800: 53800.653: [GC (Allocation Failure) 2018-04-13T16:20:41.657+0800: 53800.653: [ParNew: 11916292K->175435K(13212096K), 0.5280826 secs] 58559435K->46824088K(187275712K), 0.5284544 secs] [Times: user=4.00 sys=0.21, real=0.53 secs] 
2018-04-13T16:21:18.376+0800: 53837.372: [GC (Allocation Failure) 2018-04-13T16:21:18.376+0800: 53837.372: [ParNew: 11919563K->153308K(13212096K), 0.5575365 secs] 58568216K->46806292K(187275712K), 0.5579251 secs] [Times: user=4.02 sys=0.41, real=0.56 secs] 
2018-04-13T16:21:45.472+0800: 53864.468: [GC (Allocation Failure) 2018-04-13T16:21:45.472+0800: 53864.468: [ParNew: 11897436K->147114K(13212096K), 0.7095337 secs] 58550420K->46808421K(187275712K), 0.7099140 secs] [Times: user=4.20 sys=1.42, real=0.71 secs] 
2018-04-13T16:22:15.897+0800: 53894.893: [GC (Allocation Failure) 2018-04-13T16:22:15.897+0800: 53894.893: [ParNew: 11891242K->126813K(13212096K), 0.6377336 secs] 58552549K->46797312K(187275712K), 0.6381113 secs] [Times: user=4.61 sys=0.57, real=0.64 secs] 
2018-04-13T16:22:58.826+0800: 53937.822: [GC (Allocation Failure) 2018-04-13T16:22:58.826+0800: 53937.822: [ParNew: 11870941K->103384K(13212096K), 0.8229804 secs] 58541440K->46779993K(187275712K), 0.8233686 secs] [Times: user=4.89 sys=1.65, real=0.82 secs] 
2018-04-13T16:24:01.252+0800: 54000.248: [GC (Allocation Failure) 2018-04-13T16:24:01.252+0800: 54000.248: [ParNew: 11847512K->57713K(13212096K), 0.5771319 secs] 58524121K->46736337K(187275712K), 0.5775068 secs] [Times: user=3.95 sys=0.64, real=0.57 secs] 
2018-04-13T16:25:13.725+0800: 54072.721: [GC (Allocation Failure) 2018-04-13T16:25:13.725+0800: 54072.721: [ParNew: 11801841K->62238K(13212096K), 0.7991100 secs] 58480465K->46742301K(187275712K), 0.7994778 secs] [Times: user=4.46 sys=1.89, real=0.80 secs] 
2018-04-13T16:25:37.283+0800: 54096.279: [GC (Allocation Failure) 2018-04-13T16:25:37.283+0800: 54096.279: [ParNew: 11806366K->62397K(13212096K), 0.5575276 secs] 58486429K->46744978K(187275712K), 0.5578862 secs] [Times: user=4.23 sys=0.20, real=0.55 secs] 
2018-04-13T16:26:19.935+0800: 54138.931: [GC (Allocation Failure) 2018-04-13T16:26:19.935+0800: 54138.931: [ParNew: 11806525K->73935K(13212096K), 0.7090329 secs] 58489106K->46759870K(187275712K), 0.7094054 secs] [Times: user=4.12 sys=1.52, real=0.71 secs] 
2018-04-13T16:27:16.956+0800: 54195.952: [GC (Allocation Failure) 2018-04-13T16:27:16.957+0800: 54195.953: [ParNew: 11818063K->71406K(13212096K), 0.7914970 secs] 58503998K->46758871K(187275712K), 0.7918699 secs] [Times: user=4.77 sys=1.51, real=0.79 secs] 
2018-04-13T16:28:02.438+0800: 54241.434: [GC (Allocation Failure) 2018-04-13T16:28:02.438+0800: 54241.434: [ParNew: 11815534K->71886K(13212096K), 0.5990156 secs] 58502999K->46760675K(187275712K), 0.5993944 secs] [Times: user=4.10 sys=0.66, real=0.60 secs] 
2018-04-13T16:28:39.046+0800: 54278.042: [GC (Allocation Failure) 2018-04-13T16:28:39.046+0800: 54278.042: [ParNew: 11816014K->92069K(13212096K), 0.6880519 secs] 58504803K->46784894K(187275712K), 0.6884255 secs] [Times: user=4.02 sys=1.44, real=0.69 secs] 
2018-04-13T16:29:02.257+0800: 54301.253: [GC (Allocation Failure) 2018-04-13T16:29:02.258+0800: 54301.254: [ParNew: 11836197K->88293K(13212096K), 0.5904051 secs] 58529022K->46785141K(187275712K), 0.5907720 secs] [Times: user=4.25 sys=0.46, real=0.59 secs] 
2018-04-13T16:29:43.749+0800: 54342.745: [GC (Allocation Failure) 2018-04-13T16:29:43.749+0800: 54342.745: [ParNew: 11832421K->95269K(13212096K), 0.6626012 secs] 58529269K->46793411K(187275712K), 0.6633034 secs] [Times: user=4.92 sys=0.36, real=0.67 secs] 
2018-04-13T16:30:21.245+0800: 54380.241: [GC (Allocation Failure) 2018-04-13T16:30:21.245+0800: 54380.241: [ParNew: 11839397K->93226K(13212096K), 0.7415742 secs] 58537539K->46794252K(187275712K), 0.7419459 secs] [Times: user=4.09 sys=1.80, real=0.74 secs] 
2018-04-13T16:30:48.279+0800: 54407.275: [GC (Allocation Failure) 2018-04-13T16:30:48.279+0800: 54407.275: [ParNew: 11837354K->98743K(13212096K), 0.5637705 secs] 58538380K->46805099K(187275712K), 0.5641385 secs] [Times: user=4.10 sys=0.38, real=0.57 secs] 
2018-04-13T16:31:19.868+0800: 54438.864: [GC (Allocation Failure) 2018-04-13T16:31:19.868+0800: 54438.864: [ParNew: 11842871K->94511K(13212096K), 0.6925828 secs] 58549227K->46803425K(187275712K), 0.6929565 secs] [Times: user=4.02 sys=1.47, real=0.70 secs] 
2018-04-13T16:31:54.679+0800: 54473.675: [GC (Allocation Failure) 2018-04-13T16:31:54.679+0800: 54473.675: [ParNew: 11838639K->96555K(13212096K), 0.5746100 secs] 58547553K->46812921K(187275712K), 0.5749931 secs] [Times: user=4.15 sys=0.42, real=0.58 secs] 
2018-04-13T16:32:17.719+0800: 54496.715: [GC (Allocation Failure) 2018-04-13T16:32:17.720+0800: 54496.716: [ParNew: 11840683K->128605K(13212096K), 0.6755505 secs] 58557049K->46850214K(187275712K), 0.6759646 secs] [Times: user=3.80 sys=1.56, real=0.68 secs] 
2018-04-13T16:32:49.589+0800: 54528.585: [GC (Allocation Failure) 2018-04-13T16:32:49.589+0800: 54528.585: [ParNew: 11872733K->104710K(13212096K), 0.5932158 secs] 58594342K->46830527K(187275712K), 0.5935867 secs] [Times: user=4.17 sys=0.56, real=0.60 secs] 
2018-04-13T16:33:26.442+0800: 54565.438: [GC (Allocation Failure) 2018-04-13T16:33:26.442+0800: 54565.438: [ParNew: 11848838K->69362K(13212096K), 0.7107712 secs] 58574655K->46799569K(187275712K), 0.7111545 secs] [Times: user=4.36 sys=1.29, real=0.71 secs] 
2018-04-13T16:33:52.076+0800: 54591.072: [GC (Allocation Failure) 2018-04-13T16:33:52.076+0800: 54591.072: [ParNew: 11813490K->49433K(13212096K), 0.5491659 secs] 58543697K->46781305K(187275712K), 0.5495425 secs] [Times: user=3.86 sys=0.52, real=0.55 secs] 
2018-04-13T16:34:24.711+0800: 54623.707: [GC (Allocation Failure) 2018-04-13T16:34:24.711+0800: 54623.707: [ParNew: 11793561K->68716K(13212096K), 0.6689091 secs] 58525433K->46803353K(187275712K), 0.6693040 secs] [Times: user=4.11 sys=1.20, real=0.66 secs] 
2018-04-13T16:34:57.430+0800: 54656.426: [GC (Allocation Failure) 2018-04-13T16:34:57.430+0800: 54656.426: [ParNew: 11812844K->89071K(13212096K), 0.7020510 secs] 58547481K->46827608K(187275712K), 0.7024201 secs] [Times: user=4.72 sys=0.86, real=0.71 secs] 
2018-04-13T16:35:22.467+0800: 54681.463: [GC (Allocation Failure) 2018-04-13T16:35:22.467+0800: 54681.463: [ParNew: 11833199K->117394K(13212096K), 0.8379202 secs] 58571736K->46856712K(187275712K), 0.8382831 secs] [Times: user=6.45 sys=0.22, real=0.84 secs] 
2018-04-13T16:35:54.911+0800: 54713.907: [GC (Allocation Failure) 2018-04-13T16:35:54.911+0800: 54713.907: [ParNew: 11861522K->148458K(13212096K), 1.2140769 secs] 58600840K->46888986K(187275712K), 1.2144595 secs] [Times: user=7.26 sys=2.40, real=1.22 secs] 
2018-04-13T16:36:51.926+0800: 54770.922: [GC (Allocation Failure) 2018-04-13T16:36:51.927+0800: 54770.923: [ParNew: 11892586K->113343K(13212096K), 1.0018549 secs] 58633114K->46855483K(187275712K), 1.0022279 secs] [Times: user=6.42 sys=1.52, real=1.00 secs] 
2018-04-13T16:38:07.177+0800: 54846.173: [GC (Allocation Failure) 2018-04-13T16:38:07.177+0800: 54846.173: [ParNew: 11857471K->119800K(13212096K), 1.0464082 secs] 58599611K->46862659K(187275712K), 1.0467657 secs] [Times: user=6.43 sys=1.89, real=1.05 secs] 
2018-04-13T16:38:48.741+0800: 54887.737: [GC (Allocation Failure) 2018-04-13T16:38:48.741+0800: 54887.737: [ParNew: 11863928K->130161K(13212096K), 0.7034314 secs] 58606787K->46877626K(187275712K), 0.7038226 secs] [Times: user=4.32 sys=1.26, real=0.71 secs] 
2018-04-13T16:39:43.092+0800: 54942.088: [GC (Allocation Failure) 2018-04-13T16:39:43.092+0800: 54942.088: [ParNew: 11874289K->141687K(13212096K), 0.6433711 secs] 58621754K->46896564K(187275712K), 0.6440426 secs] [Times: user=4.67 sys=0.43, real=0.64 secs] 
2018-04-13T16:41:47.304+0800: 55066.300: [GC (Allocation Failure) 2018-04-13T16:41:47.304+0800: 55066.300: [ParNew: 11885815K->95740K(13212096K), 1.0595076 secs] 58640692K->46854203K(187275712K), 1.0598882 secs] [Times: user=6.14 sys=2.28, real=1.06 secs] 
2018-04-13T16:42:46.065+0800: 55125.061: [GC (Allocation Failure) 2018-04-13T16:42:46.065+0800: 55125.061: [ParNew: 11839868K->141450K(13212096K), 0.7450732 secs] 58598331K->46905540K(187275712K), 0.7454523 secs] [Times: user=4.31 sys=1.59, real=0.74 secs] 
2018-04-13T16:44:06.308+0800: 55205.304: [GC (Allocation Failure) 2018-04-13T16:44:06.308+0800: 55205.304: [ParNew: 11885578K->122045K(13212096K), 0.8238761 secs] 58649668K->46895532K(187275712K), 0.8242562 secs] [Times: user=5.03 sys=1.48, real=0.83 secs] 
2018-04-13T16:45:43.996+0800: 55302.992: [GC (Allocation Failure) 2018-04-13T16:45:43.996+0800: 55302.992: [ParNew: 11866173K->116771K(13212096K), 0.7308469 secs] 58639660K->46895371K(187275712K), 0.7312102 secs] [Times: user=5.23 sys=0.57, real=0.73 secs] 
2018-04-13T16:46:45.701+0800: 55364.697: [GC (Allocation Failure) 2018-04-13T16:46:45.701+0800: 55364.697: [ParNew: 11860899K->125094K(13212096K), 0.8799410 secs] 58639499K->46906028K(187275712K), 0.8803204 secs] [Times: user=5.02 sys=1.98, real=0.89 secs] 
2018-04-13T16:47:22.245+0800: 55401.241: [GC (Allocation Failure) 2018-04-13T16:47:22.245+0800: 55401.241: [ParNew: 11869222K->163762K(13212096K), 0.6034436 secs] 58650156K->46948552K(187275712K), 0.6038521 secs] [Times: user=4.43 sys=0.36, real=0.60 secs] 
2018-04-13T16:47:48.254+0800: 55427.250: [GC (Allocation Failure) 2018-04-13T16:47:48.254+0800: 55427.250: [ParNew: 11907890K->144338K(13212096K), 0.7343600 secs] 58692680K->46935750K(187275712K), 0.7347342 secs] [Times: user=4.44 sys=1.38, real=0.73 secs] 
2018-04-13T16:48:10.217+0800: 55449.213: [GC (Allocation Failure) 2018-04-13T16:48:10.217+0800: 55449.213: [ParNew: 11888466K->158825K(13212096K), 0.5750078 secs] 58679878K->46957718K(187275712K), 0.5753803 secs] [Times: user=4.05 sys=0.52, real=0.58 secs] 
2018-04-13T16:48:32.626+0800: 55471.622: [GC (Allocation Failure) 2018-04-13T16:48:32.627+0800: 55471.623: [ParNew: 11902953K->167017K(13212096K), 0.7044905 secs] 58701846K->46974636K(187275712K), 0.7049040 secs] [Times: user=4.41 sys=1.16, real=0.71 secs] 
2018-04-13T16:48:50.659+0800: 55489.655: [GC (Allocation Failure) 2018-04-13T16:48:50.660+0800: 55489.656: [ParNew: 11911145K->163766K(13212096K), 0.5325004 secs] 58718764K->46984203K(187275712K), 0.5328725 secs] [Times: user=3.89 sys=0.32, real=0.54 secs] 
2018-04-13T16:49:16.198+0800: 55515.194: [GC (Allocation Failure) 2018-04-13T16:49:16.198+0800: 55515.195: [ParNew: 11907894K->114066K(13212096K), 0.5715183 secs] 58728331K->46940368K(187275712K), 0.5718844 secs] [Times: user=4.12 sys=0.41, real=0.57 secs] 
2018-04-13T16:50:02.549+0800: 55561.545: [GC (Allocation Failure) 2018-04-13T16:50:02.549+0800: 55561.545: [ParNew: 11858194K->87327K(13212096K), 0.8009675 secs] 58684496K->46916251K(187275712K), 0.8013482 secs] [Times: user=4.83 sys=1.52, real=0.80 secs] 
2018-04-13T16:51:17.484+0800: 55636.480: [GC (Allocation Failure) 2018-04-13T16:51:17.484+0800: 55636.481: [ParNew: 11831455K->59590K(13212096K), 0.9124329 secs] 58660379K->46889428K(187275712K), 0.9128161 secs] [Times: user=5.44 sys=1.80, real=0.91 secs] 
2018-04-13T16:51:49.010+0800: 55668.006: [GC (Allocation Failure) 2018-04-13T16:51:49.010+0800: 55668.006: [ParNew: 11803718K->71121K(13212096K), 0.6886793 secs] 58633556K->46902387K(187275712K), 0.6890608 secs] [Times: user=4.81 sys=0.68, real=0.69 secs] 
2018-04-13T16:52:22.578+0800: 55701.574: [GC (Allocation Failure) 2018-04-13T16:52:22.578+0800: 55701.574: [ParNew: 11815249K->98640K(13212096K), 0.6042718 secs] 58646515K->46930687K(187275712K), 0.6046454 secs] [Times: user=4.38 sys=0.44, real=0.61 secs] 
2018-04-13T16:53:12.334+0800: 55751.330: [GC (Allocation Failure) 2018-04-13T16:53:12.335+0800: 55751.331: [ParNew: 11842768K->86740K(13212096K), 0.9577002 secs] 58674815K->46919902K(187275712K), 0.9580806 secs] [Times: user=4.80 sys=2.82, real=0.96 secs] 
2018-04-13T16:53:49.223+0800: 55788.219: [GC (Allocation Failure) 2018-04-13T16:53:49.223+0800: 55788.219: [ParNew: 11830868K->59090K(13212096K), 0.7580716 secs] 58664030K->46893354K(187275712K), 0.7584719 secs] [Times: user=4.77 sys=1.25, real=0.76 secs] 
2018-04-13T16:54:23.105+0800: 55822.101: [GC (Allocation Failure) 2018-04-13T16:54:23.105+0800: 55822.101: [ParNew: 11803218K->74351K(13212096K), 0.7236791 secs] 58637482K->46911874K(187275712K), 0.7240690 secs] [Times: user=4.87 sys=0.89, real=0.72 secs] 
2018-04-13T16:54:53.010+0800: 55852.007: [GC (Allocation Failure) 2018-04-13T16:54:53.011+0800: 55852.007: [ParNew: 11818479K->126819K(13212096K), 0.6387284 secs] 58656002K->46969080K(187275712K), 0.6391116 secs] [Times: user=3.92 sys=1.15, real=0.64 secs] 
2018-04-13T16:55:45.120+0800: 55904.116: [GC (Allocation Failure) 2018-04-13T16:55:45.120+0800: 55904.116: [ParNew: 11870947K->116127K(13212096K), 0.7618761 secs] 58713208K->46960314K(187275712K), 0.7622771 secs] [Times: user=4.87 sys=1.18, real=0.77 secs] 
2018-04-13T16:56:00.408+0800: 55919.404: [GC (Allocation Failure) 2018-04-13T16:56:00.408+0800: 55919.404: [ParNew: 11860255K->127237K(13212096K), 0.5197046 secs] 58704442K->46975024K(187275712K), 0.5200783 secs] [Times: user=4.04 sys=0.10, real=0.52 secs] 
2018-04-13T16:56:17.402+0800: 55936.398: [GC (Allocation Failure) 2018-04-13T16:56:17.402+0800: 55936.398: [ParNew: 11871365K->96772K(13212096K), 0.6467730 secs] 58719152K->46951978K(187275712K), 0.6471578 secs] [Times: user=4.08 sys=1.05, real=0.64 secs] 
2018-04-13T16:56:32.822+0800: 55951.818: [GC (Allocation Failure) 2018-04-13T16:56:32.822+0800: 55951.818: [ParNew: 11840900K->88568K(13212096K), 0.5416705 secs] 58696106K->46947663K(187275712K), 0.5420578 secs] [Times: user=3.89 sys=0.41, real=0.54 secs] 
2018-04-13T16:57:04.254+0800: 55983.250: [GC (Allocation Failure) 2018-04-13T16:57:04.255+0800: 55983.251: [ParNew: 11832696K->72894K(13212096K), 0.6989213 secs] 58691791K->46935235K(187275712K), 0.6993094 secs] [Times: user=4.10 sys=1.44, real=0.70 secs] 
2018-04-13T16:57:41.239+0800: 56020.235: [GC (Allocation Failure) 2018-04-13T16:57:41.240+0800: 56020.236: [ParNew: 11816986K->81382K(13212096K), 0.7842490 secs] 58679328K->46947588K(187275712K), 0.7846263 secs] [Times: user=4.78 sys=1.47, real=0.79 secs] 
2018-04-13T16:58:24.102+0800: 56063.098: [GC (Allocation Failure) 2018-04-13T16:58:24.102+0800: 56063.098: [ParNew: 11825510K->71176K(13212096K), 0.7224108 secs] 58691716K->46942323K(187275712K), 0.7228100 secs] [Times: user=4.37 sys=1.35, real=0.72 secs] 
2018-04-13T16:59:43.914+0800: 56142.911: [GC (Allocation Failure) 2018-04-13T16:59:43.915+0800: 56142.911: [ParNew: 11815023K->86918K(13212096K), 0.9467805 secs] 58686169K->46960052K(187275712K), 0.9471817 secs] [Times: user=5.23 sys=2.29, real=0.95 secs] 
2018-04-13T17:01:12.760+0800: 56231.756: [GC (Allocation Failure) 2018-04-13T17:01:12.761+0800: 56231.757: [ParNew: 11831046K->109849K(13212096K), 0.7947993 secs] 58704180K->46984142K(187275712K), 0.7952051 secs] [Times: user=5.39 sys=0.91, real=0.80 secs] 
2018-04-13T17:04:21.520+0800: 56420.516: [GC (Allocation Failure) 2018-04-13T17:04:21.520+0800: 56420.516: [ParNew: 11853977K->80878K(13212096K), 1.1491075 secs] 58728270K->46956826K(187275712K), 1.1494904 secs] [Times: user=6.11 sys=3.03, real=1.15 secs] 
2018-04-13T17:05:45.202+0800: 56504.198: [GC (Allocation Failure) 2018-04-13T17:05:45.202+0800: 56504.198: [ParNew: 11825006K->109185K(13212096K), 0.8092278 secs] 58700954K->46986873K(187275712K), 0.8096176 secs] [Times: user=4.87 sys=1.55, real=0.81 secs] 
2018-04-13T17:06:44.112+0800: 56563.108: [GC (Allocation Failure) 2018-04-13T17:06:44.112+0800: 56563.108: [ParNew: 11853030K->83757K(13212096K), 0.6513663 secs] 58730718K->46962777K(187275712K), 0.6517390 secs] [Times: user=4.87 sys=0.31, real=0.65 secs] 
2018-04-13T17:07:53.151+0800: 56632.147: [GC (Allocation Failure) 2018-04-13T17:07:53.151+0800: 56632.147: [ParNew: 11827885K->92813K(13212096K), 0.8459735 secs] 58706905K->46973602K(187275712K), 0.8463427 secs] [Times: user=4.84 sys=1.89, real=0.85 secs] 
2018-04-13T17:10:45.962+0800: 56804.958: [GC (Allocation Failure) 2018-04-13T17:10:45.962+0800: 56804.958: [ParNew: 11836941K->76559K(13212096K), 0.9405405 secs] 58717730K->46963809K(187275712K), 0.9409082 secs] [Times: user=5.37 sys=2.10, real=0.94 secs] 
2018-04-13T17:11:59.171+0800: 56878.167: [GC (Allocation Failure) 2018-04-13T17:11:59.171+0800: 56878.167: [ParNew: 11820687K->104693K(13212096K), 0.5830144 secs] 58707937K->46995482K(187275712K), 0.5833709 secs] [Times: user=4.21 sys=0.41, real=0.58 secs] 
2018-04-13T17:13:43.745+0800: 56982.741: [GC (Allocation Failure) 2018-04-13T17:13:43.745+0800: 56982.741: [ParNew: 11847442K->101049K(13212096K), 0.9492765 secs] 58738232K->46998410K(187275712K), 0.9496222 secs] [Times: user=5.33 sys=2.20, real=0.95 secs] 
2018-04-13T17:17:11.277+0800: 57190.273: [GC (Allocation Failure) 2018-04-13T17:17:11.277+0800: 57190.273: [ParNew: 11845177K->78094K(13212096K), 0.9845913 secs] 58742538K->46977444K(187275712K), 0.9849551 secs] [Times: user=6.13 sys=1.69, real=0.99 secs] 
2018-04-13T17:20:06.602+0800: 57365.598: [GC (Allocation Failure) 2018-04-13T17:20:06.602+0800: 57365.598: [ParNew: 11822222K->105533K(13212096K), 0.9322277 secs] 58721572K->47005945K(187275712K), 0.9325900 secs] [Times: user=5.46 sys=1.92, real=0.93 secs] 
2018-04-13T17:21:48.809+0800: 57467.805: [GC (Allocation Failure) 2018-04-13T17:21:48.810+0800: 57467.806: [ParNew: 11849661K->92724K(13212096K), 0.9679241 secs] 58750073K->46995587K(187275712K), 0.9682587 secs] [Times: user=6.45 sys=1.25, real=0.97 secs] 
2018-04-13T17:24:14.867+0800: 57613.863: [GC (Allocation Failure) 2018-04-13T17:24:14.867+0800: 57613.863: [ParNew: 11836852K->76587K(13212096K), 0.8665244 secs] 58739715K->46984304K(187275712K), 0.8668796 secs] [Times: user=5.16 sys=1.71, real=0.87 secs] 
2018-04-13T17:26:03.263+0800: 57722.259: [GC (Allocation Failure) 2018-04-13T17:26:03.263+0800: 57722.259: [ParNew: 11820715K->91145K(13212096K), 0.8255356 secs] 58728432K->47003318K(187275712K), 0.8258919 secs] [Times: user=5.28 sys=1.25, real=0.82 secs] 
2018-04-13T17:28:49.278+0800: 57888.274: [GC (Allocation Failure) 2018-04-13T17:28:49.278+0800: 57888.274: [ParNew: 11835273K->82713K(13212096K), 1.0788534 secs] 58747446K->46997778K(187275712K), 1.0791942 secs] [Times: user=7.12 sys=1.45, real=1.08 secs] 
2018-04-13T17:31:42.927+0800: 58061.923: [GC (Allocation Failure) 2018-04-13T17:31:42.928+0800: 58061.924: [ParNew: 11826841K->134855K(13212096K), 0.9418944 secs] 58741906K->47056331K(187275712K), 0.9422457 secs] [Times: user=5.98 sys=1.47, real=0.94 secs] 
2018-04-13T17:32:15.619+0800: 58094.615: [GC (Allocation Failure) 2018-04-13T17:32:15.619+0800: 58094.615: [ParNew: 11878983K->158694K(13212096K), 0.5531674 secs] 58800459K->47083815K(187275712K), 0.5535428 secs] [Times: user=4.02 sys=0.37, real=0.56 secs] 
2018-04-13T17:32:43.571+0800: 58122.568: [GC (Allocation Failure) 2018-04-13T17:32:43.572+0800: 58122.568: [ParNew: 11902274K->198314K(13212096K), 0.6871739 secs] 58827396K->47124599K(187275712K), 0.6875770 secs] [Times: user=4.49 sys=0.95, real=0.68 secs] 
2018-04-13T17:33:15.508+0800: 58154.504: [GC (Allocation Failure) 2018-04-13T17:33:15.508+0800: 58154.504: [ParNew: 11942442K->177909K(13212096K), 0.6020624 secs] 58868727K->47107001K(187275712K), 0.6024961 secs] [Times: user=4.11 sys=0.67, real=0.60 secs] 
2018-04-13T17:33:50.018+0800: 58189.014: [GC (Allocation Failure) 2018-04-13T17:33:50.018+0800: 58189.014: [ParNew: 11922037K->156270K(13212096K), 0.6831709 secs] 58851129K->47088574K(187275712K), 0.6835587 secs] [Times: user=4.28 sys=1.13, real=0.69 secs] 
2018-04-13T17:34:37.971+0800: 58236.967: [GC (Allocation Failure) 2018-04-13T17:34:37.971+0800: 58236.967: [ParNew: 11900398K->165300K(13212096K), 0.6857091 secs] 58832702K->47111444K(187275712K), 0.6860778 secs] [Times: user=4.70 sys=0.73, real=0.68 secs] 
2018-04-13T17:35:13.777+0800: 58272.773: [GC (Allocation Failure) 2018-04-13T17:35:13.778+0800: 58272.774: [ParNew: 11909428K->122347K(13212096K), 0.7162984 secs] 58855572K->47083922K(187275712K), 0.7167109 secs] [Times: user=4.14 sys=1.51, real=0.72 secs] 
2018-04-13T17:36:41.415+0800: 58360.411: [GC (Allocation Failure) 2018-04-13T17:36:41.415+0800: 58360.411: [ParNew: 11866475K->114424K(13212096K), 0.8066646 secs] 58828050K->47077016K(187275712K), 0.8071051 secs] [Times: user=4.89 sys=1.51, real=0.81 secs] 
2018-04-13T17:39:29.837+0800: 58528.833: [GC (Allocation Failure) 2018-04-13T17:39:29.837+0800: 58528.833: [ParNew: 11858552K->89633K(13212096K), 0.9335102 secs] 58821144K->47070338K(187275712K), 0.9338878 secs] [Times: user=6.38 sys=1.03, real=0.93 secs] 
2018-04-13T17:40:21.546+0800: 58580.542: [GC (Allocation Failure) 2018-04-13T17:40:21.546+0800: 58580.542: [ParNew: 11833761K->108777K(13212096K), 0.6472322 secs] 58814466K->47090267K(187275712K), 0.6476140 secs] [Times: user=4.28 sys=0.86, real=0.65 secs] 
2018-04-13T17:41:11.288+0800: 58630.284: [GC (Allocation Failure) 2018-04-13T17:41:11.288+0800: 58630.284: [ParNew: 11852905K->105104K(13212096K), 0.7381975 secs] 58834395K->47088127K(187275712K), 0.7386081 secs] [Times: user=4.35 sys=1.51, real=0.74 secs] 
2018-04-13T17:42:01.463+0800: 58680.459: [GC (Allocation Failure) 2018-04-13T17:42:01.463+0800: 58680.459: [ParNew: 11849232K->108100K(13212096K), 0.6559979 secs] 58832255K->47092341K(187275712K), 0.6563693 secs] [Times: user=4.42 sys=0.80, real=0.65 secs] 
2018-04-13T17:42:44.104+0800: 58723.100: [GC (Allocation Failure) 2018-04-13T17:42:44.104+0800: 58723.100: [ParNew: 11852228K->106686K(13212096K), 0.7018227 secs] 58836469K->47092074K(187275712K), 0.7021818 secs] [Times: user=3.98 sys=1.58, real=0.70 secs] 
2018-04-13T17:44:04.545+0800: 58803.541: [GC (Allocation Failure) 2018-04-13T17:44:04.545+0800: 58803.541: [ParNew: 11850814K->97803K(13212096K), 0.8133061 secs] 58836202K->47097249K(187275712K), 0.8136792 secs] [Times: user=4.94 sys=1.50, real=0.81 secs] 
2018-04-13T17:44:46.346+0800: 58845.342: [GC (Allocation Failure) 2018-04-13T17:44:46.346+0800: 58845.342: [ParNew: 11841931K->109851K(13212096K), 0.7505753 secs] 58841377K->47117266K(187275712K), 0.7509468 secs] [Times: user=4.65 sys=1.29, real=0.75 secs] 
2018-04-13T17:45:35.907+0800: 58894.903: [GC (Allocation Failure) 2018-04-13T17:45:35.907+0800: 58894.903: [ParNew: 11853979K->98637K(13212096K), 0.6247067 secs] 58861394K->47110671K(187275712K), 0.6250759 secs] [Times: user=4.19 sys=0.77, real=0.63 secs] 
2018-04-13T17:46:05.021+0800: 58924.017: [GC (Allocation Failure) 2018-04-13T17:46:05.021+0800: 58924.017: [ParNew: 11842765K->74811K(13212096K), 0.6954378 secs] 58854799K->47089321K(187275712K), 0.6958192 secs] [Times: user=4.26 sys=1.26, real=0.70 secs] 
2018-04-13T17:46:31.547+0800: 58950.543: [GC (Allocation Failure) 2018-04-13T17:46:31.547+0800: 58950.543: [ParNew: 11818939K->112114K(13212096K), 0.6830502 secs] 58833449K->47130952K(187275712K), 0.6834265 secs] [Times: user=4.59 sys=0.85, real=0.68 secs] 
2018-04-13T17:47:01.360+0800: 58980.356: [GC (Allocation Failure) 2018-04-13T17:47:01.361+0800: 58980.357: [ParNew: 11856242K->121176K(13212096K), 0.6975057 secs] 58875080K->47141942K(187275712K), 0.6978873 secs] [Times: user=4.17 sys=1.36, real=0.70 secs] 
2018-04-13T17:47:26.581+0800: 59005.577: [GC (Allocation Failure) 2018-04-13T17:47:26.581+0800: 59005.577: [ParNew: 11865304K->131771K(13212096K), 0.7491387 secs] 58886070K->47156006K(187275712K), 0.7495161 secs] [Times: user=5.07 sys=0.90, real=0.74 secs] 
2018-04-13T17:47:51.290+0800: 59030.286: [GC (Allocation Failure) 2018-04-13T17:47:51.290+0800: 59030.286: [ParNew: 11875583K->122951K(13212096K), 0.5792306 secs] 58899818K->47151371K(187275712K), 0.5796044 secs] [Times: user=4.35 sys=0.25, real=0.58 secs] 
2018-04-13T17:48:26.898+0800: 59065.894: [GC (Allocation Failure) 2018-04-13T17:48:26.898+0800: 59065.894: [ParNew: 11867079K->82666K(13212096K), 0.8137690 secs] 58895499K->47114942K(187275712K), 0.8141510 secs] [Times: user=4.90 sys=1.55, real=0.82 secs] 
2018-04-13T17:49:48.427+0800: 59147.423: [GC (Allocation Failure) 2018-04-13T17:49:48.427+0800: 59147.423: [ParNew: 11826794K->118418K(13212096K), 0.9331674 secs] 58859070K->47153722K(187275712K), 0.9335514 secs] [Times: user=5.98 sys=1.43, real=0.93 secs] 
2018-04-13T17:50:49.946+0800: 59208.942: [GC (Allocation Failure) 2018-04-13T17:50:49.946+0800: 59208.942: [ParNew: 11862546K->102269K(13212096K), 0.7666521 secs] 58897850K->47148678K(187275712K), 0.7670353 secs] [Times: user=4.97 sys=1.11, real=0.77 secs] 
2018-04-13T17:51:22.191+0800: 59241.187: [GC (Allocation Failure) 2018-04-13T17:51:22.191+0800: 59241.187: [ParNew: 11846397K->128584K(13212096K), 0.7113007 secs] 58892806K->47176693K(187275712K), 0.7116909 secs] [Times: user=4.44 sys=1.21, real=0.72 secs] 
2018-04-13T17:51:57.841+0800: 59276.837: [GC (Allocation Failure) 2018-04-13T17:51:57.841+0800: 59276.837: [ParNew: 11872712K->130684K(13212096K), 0.5799555 secs] 58920821K->47180336K(187275712K), 0.5803313 secs] [Times: user=3.93 sys=0.68, real=0.59 secs] 
2018-04-13T17:53:06.292+0800: 59345.288: [GC (Allocation Failure) 2018-04-13T17:53:06.292+0800: 59345.288: [ParNew: 11874812K->105218K(13212096K), 0.8044299 secs] 58924464K->47158406K(187275712K), 0.8048090 secs] [Times: user=4.51 sys=1.87, real=0.80 secs] 
2018-04-13T17:54:53.102+0800: 59452.098: [GC (Allocation Failure) 2018-04-13T17:54:53.102+0800: 59452.098: [ParNew: 11849346K->110540K(13212096K), 0.9090068 secs] 58902534K->47172328K(187275712K), 0.9094172 secs] [Times: user=5.37 sys=1.83, real=0.91 secs] 
2018-04-13T17:56:22.900+0800: 59541.896: [GC (Allocation Failure) 2018-04-13T17:56:22.900+0800: 59541.896: [ParNew: 11854668K->94625K(13212096K), 0.8642797 secs] 58916456K->47162754K(187275712K), 0.8647046 secs] [Times: user=4.68 sys=2.16, real=0.87 secs] 
2018-04-13T17:57:34.458+0800: 59613.454: [GC (Allocation Failure) 2018-04-13T17:57:34.458+0800: 59613.454: [ParNew: 11838753K->109030K(13212096K), 0.8123732 secs] 58906882K->47180315K(187275712K), 0.8127465 secs] [Times: user=5.10 sys=1.36, real=0.81 secs] 
2018-04-13T17:58:09.515+0800: 59648.511: [GC (Allocation Failure) 2018-04-13T17:58:09.515+0800: 59648.511: [ParNew: 11853158K->129729K(13212096K), 0.7210837 secs] 58924443K->47202805K(187275712K), 0.7214628 secs] [Times: user=4.28 sys=1.44, real=0.72 secs] 
2018-04-13T17:59:29.785+0800: 59728.781: [GC (Allocation Failure) 2018-04-13T17:59:29.785+0800: 59728.781: [ParNew: 11873857K->114296K(13212096K), 0.7859249 secs] 58946933K->47191769K(187275712K), 0.7863302 secs] [Times: user=4.41 sys=1.82, real=0.79 secs] 
2018-04-13T18:01:22.182+0800: 59841.178: [GC (Allocation Failure) 2018-04-13T18:01:22.182+0800: 59841.178: [ParNew: 11858424K->107559K(13212096K), 0.8408353 secs] 58935897K->47197451K(187275712K), 0.8412059 secs] [Times: user=5.67 sys=1.00, real=0.84 secs] 
2018-04-13T18:01:53.278+0800: 59872.274: [GC (Allocation Failure) 2018-04-13T18:01:53.278+0800: 59872.274: [ParNew: 11851687K->168402K(13212096K), 0.7578413 secs] 58941579K->47271395K(187275712K), 0.7582183 secs] [Times: user=4.42 sys=1.59, real=0.76 secs] 
2018-04-13T18:02:22.550+0800: 59901.546: [GC (Allocation Failure) 2018-04-13T18:02:22.550+0800: 59901.546: [ParNew: 11912530K->179216K(13212096K), 0.5693515 secs] 59015523K->47292177K(187275712K), 0.5697210 secs] [Times: user=3.91 sys=0.61, real=0.57 secs] 
2018-04-13T18:02:42.954+0800: 59921.950: [GC (Allocation Failure) 2018-04-13T18:02:42.955+0800: 59921.951: [ParNew: 11923344K->141783K(13212096K), 0.7058324 secs] 59036305K->47260019K(187275712K), 0.7062027 secs] [Times: user=4.40 sys=1.20, real=0.70 secs] 
2018-04-13T18:03:03.520+0800: 59942.516: [GC (Allocation Failure) 2018-04-13T18:03:03.520+0800: 59942.516: [ParNew: 11885911K->161057K(13212096K), 0.5331809 secs] 59004147K->47283423K(187275712K), 0.5335525 secs] [Times: user=3.95 sys=0.29, real=0.54 secs] 
2018-04-13T18:03:21.582+0800: 59960.578: [GC (Allocation Failure) 2018-04-13T18:03:21.582+0800: 59960.579: [ParNew: 11905185K->155576K(13212096K), 0.5555987 secs] 59027551K->47281948K(187275712K), 0.5559583 secs] [Times: user=4.04 sys=0.38, real=0.55 secs] 
2018-04-13T18:03:48.004+0800: 59987.000: [GC (Allocation Failure) 2018-04-13T18:03:48.004+0800: 59987.000: [ParNew: 11899704K->116316K(13212096K), 0.6722071 secs] 59026076K->47254233K(187275712K), 0.6725986 secs] [Times: user=4.14 sys=1.18, real=0.67 secs] 
2018-04-13T18:04:11.730+0800: 60010.726: [GC (Allocation Failure) 2018-04-13T18:04:11.730+0800: 60010.726: [ParNew: 11860444K->96735K(13212096K), 0.5308782 secs] 58998361K->47237261K(187275712K), 0.5312319 secs] [Times: user=3.65 sys=0.58, real=0.53 secs] 
2018-04-13T18:04:41.689+0800: 60040.685: [GC (Allocation Failure) 2018-04-13T18:04:41.689+0800: 60040.685: [ParNew: 11840863K->122061K(13212096K), 0.6165253 secs] 58981389K->47264423K(187275712K), 0.6169046 secs] [Times: user=4.07 sys=0.83, real=0.62 secs] 
2018-04-13T18:05:08.578+0800: 60067.574: [GC (Allocation Failure) 2018-04-13T18:05:08.579+0800: 60067.575: [ParNew: 11866189K->135282K(13212096K), 0.5994839 secs] 59008551K->47278899K(187275712K), 0.5998486 secs] [Times: user=4.22 sys=0.55, real=0.60 secs] 
2018-04-13T18:05:33.266+0800: 60092.262: [GC (Allocation Failure) 2018-04-13T18:05:33.266+0800: 60092.262: [ParNew: 11879410K->101851K(13212096K), 0.5591447 secs] 59023027K->47247466K(187275712K), 0.5595291 secs] [Times: user=3.92 sys=0.53, real=0.56 secs] 
2018-04-13T18:06:07.994+0800: 60126.990: [GC (Allocation Failure) 2018-04-13T18:06:07.994+0800: 60126.990: [ParNew: 11845979K->71974K(13212096K), 0.6851898 secs] 58991594K->47220163K(187275712K), 0.6855797 secs] [Times: user=4.33 sys=1.10, real=0.68 secs] 
2018-04-13T18:06:38.942+0800: 60157.938: [GC (Allocation Failure) 2018-04-13T18:06:38.942+0800: 60157.938: [ParNew: 11816102K->69749K(13212096K), 0.6227080 secs] 58964291K->47219996K(187275712K), 0.6230833 secs] [Times: user=4.37 sys=0.58, real=0.62 secs] 
2018-04-13T18:07:12.839+0800: 60191.835: [GC (Allocation Failure) 2018-04-13T18:07:12.839+0800: 60191.835: [ParNew: 11813877K->77158K(13212096K), 0.7259607 secs] 58964124K->47229429K(187275712K), 0.7263494 secs] [Times: user=4.50 sys=1.27, real=0.73 secs] 
2018-04-13T18:07:39.247+0800: 60218.243: [GC (Allocation Failure) 2018-04-13T18:07:39.247+0800: 60218.243: [ParNew: 11821278K->83686K(13212096K), 0.5610308 secs] 58973549K->47238926K(187275712K), 0.5614389 secs] [Times: user=4.00 sys=0.46, real=0.56 secs] 
2018-04-13T18:08:09.201+0800: 60248.197: [GC (Allocation Failure) 2018-04-13T18:08:09.201+0800: 60248.197: [ParNew: 11827814K->59717K(13212096K), 0.5591192 secs] 58983054K->47217264K(187275712K), 0.5595268 secs] [Times: user=4.11 sys=0.34, real=0.56 secs] 
2018-04-13T18:08:34.045+0800: 60273.041: [GC (Allocation Failure) 2018-04-13T18:08:34.045+0800: 60273.041: [ParNew: 11803845K->72340K(13212096K), 0.6442450 secs] 58961392K->47230943K(187275712K), 0.6446604 secs] [Times: user=3.98 sys=1.13, real=0.64 secs] 
2018-04-13T18:08:57.987+0800: 60296.983: [GC (Allocation Failure) 2018-04-13T18:08:57.987+0800: 60296.983: [ParNew: 11816468K->76628K(13212096K), 0.6651705 secs] 58975071K->47236955K(187275712K), 0.6655651 secs] [Times: user=4.35 sys=0.94, real=0.67 secs] 
2018-04-13T18:09:25.335+0800: 60324.331: [GC (Allocation Failure) 2018-04-13T18:09:25.335+0800: 60324.331: [ParNew: 11820756K->62456K(13212096K), 0.6819554 secs] 58981083K->47225378K(187275712K), 0.6823422 secs] [Times: user=3.96 sys=1.45, real=0.68 secs] 
2018-04-13T18:09:50.756+0800: 60349.752: [GC (Allocation Failure) 2018-04-13T18:09:50.756+0800: 60349.752: [ParNew: 11806584K->73400K(13212096K), 0.5101730 secs] 58969506K->47238528K(187275712K), 0.5105665 secs] [Times: user=3.70 sys=0.36, real=0.51 secs] 
2018-04-13T18:10:28.861+0800: 60387.857: [GC (Allocation Failure) 2018-04-13T18:10:28.861+0800: 60387.857: [ParNew: 11817528K->73807K(13212096K), 0.6489706 secs] 58982656K->47240543K(187275712K), 0.6493509 secs] [Times: user=4.58 sys=0.59, real=0.65 secs] 
2018-04-13T18:11:06.226+0800: 60425.222: [GC (Allocation Failure) 2018-04-13T18:11:06.226+0800: 60425.222: [ParNew: 11817935K->64596K(13212096K), 0.8126318 secs] 58984671K->47232604K(187275712K), 0.8130187 secs] [Times: user=4.58 sys=1.88, real=0.81 secs] 
2018-04-13T18:11:39.771+0800: 60458.767: [GC (Allocation Failure) 2018-04-13T18:11:39.771+0800: 60458.767: [ParNew: 11808724K->65267K(13212096K), 0.6446607 secs] 58976732K->47235232K(187275712K), 0.6450423 secs] [Times: user=4.58 sys=0.56, real=0.65 secs] 
2018-04-13T18:12:03.865+0800: 60482.861: [GC (Allocation Failure) 2018-04-13T18:12:03.865+0800: 60482.861: [ParNew: 11809395K->77750K(13212096K), 0.7026304 secs] 58979360K->47249327K(187275712K), 0.7030298 secs] [Times: user=4.31 sys=1.27, real=0.70 secs] 
2018-04-13T18:12:36.690+0800: 60515.686: [GC (Allocation Failure) 2018-04-13T18:12:36.690+0800: 60515.686: [ParNew: 11821878K->103420K(13212096K), 0.6244749 secs] 58993455K->47276411K(187275712K), 0.6248516 secs] [Times: user=4.40 sys=0.57, real=0.63 secs] 
2018-04-13T18:13:15.478+0800: 60554.474: [GC (Allocation Failure) 2018-04-13T18:13:15.478+0800: 60554.474: [ParNew: 11847548K->94642K(13212096K), 0.6986156 secs] 59020539K->47269418K(187275712K), 0.6990156 secs] [Times: user=4.13 sys=1.41, real=0.70 secs] 
2018-04-13T18:14:03.947+0800: 60602.943: [GC (Allocation Failure) 2018-04-13T18:14:03.947+0800: 60602.943: [ParNew: 11838770K->72304K(13212096K), 0.6557514 secs] 59013546K->47248598K(187275712K), 0.6561355 secs] [Times: user=4.66 sys=0.56, real=0.66 secs] 
2018-04-13T18:15:17.873+0800: 60676.869: [GC (Allocation Failure) 2018-04-13T18:15:17.873+0800: 60676.870: [ParNew: 11816432K->72375K(13212096K), 0.8087583 secs] 58992726K->47251538K(187275712K), 0.8091472 secs] [Times: user=4.40 sys=2.00, real=0.81 secs] 
2018-04-13T18:16:39.483+0800: 60758.479: [GC (Allocation Failure) 2018-04-13T18:16:39.483+0800: 60758.480: [ParNew: 11816503K->68491K(13212096K), 0.7459492 secs] 58995666K->47249427K(187275712K), 0.7463330 secs] [Times: user=4.60 sys=1.31, real=0.74 secs] 
2018-04-13T18:17:37.430+0800: 60816.426: [GC (Allocation Failure) 2018-04-13T18:17:37.430+0800: 60816.427: [ParNew: 11812619K->72466K(13212096K), 0.6660060 secs] 58993555K->47256536K(187275712K), 0.6663948 secs] [Times: user=4.74 sys=0.56, real=0.67 secs] 
2018-04-13T18:18:43.521+0800: 60882.517: [GC (Allocation Failure) 2018-04-13T18:18:43.521+0800: 60882.517: [ParNew: 11816594K->62692K(13212096K), 0.7376559 secs] 59000664K->47249990K(187275712K), 0.7380395 secs] [Times: user=4.43 sys=1.41, real=0.73 secs] 
2018-04-13T18:20:01.508+0800: 60960.504: [GC (Allocation Failure) 2018-04-13T18:20:01.509+0800: 60960.505: [ParNew: 11806820K->69035K(13212096K), 0.7728712 secs] 58994118K->47259152K(187275712K), 0.7732637 secs] [Times: user=5.00 sys=1.14, real=0.78 secs] 
2018-04-13T18:21:22.890+0800: 61041.886: [GC (Allocation Failure) 2018-04-13T18:21:22.890+0800: 61041.886: [ParNew: 11813163K->106102K(13212096K), 0.7898991 secs] 59003280K->47299827K(187275712K), 0.7902826 secs] [Times: user=5.07 sys=1.21, real=0.79 secs] 
2018-04-13T18:23:49.130+0800: 61188.127: [GC (Allocation Failure) 2018-04-13T18:23:49.131+0800: 61188.127: [ParNew: 11850230K->78702K(13212096K), 0.8124897 secs] 59043955K->47275492K(187275712K), 0.8128802 secs] [Times: user=4.83 sys=1.62, real=0.82 secs] 
2018-04-13T18:27:52.829+0800: 61431.825: [GC (Allocation Failure) 2018-04-13T18:27:52.829+0800: 61431.825: [ParNew: 11822805K->53741K(13212096K), 0.9908341 secs] 59019595K->47252430K(187275712K), 0.9912265 secs] [Times: user=5.99 sys=1.84, real=0.99 secs] 
2018-04-13T18:30:28.821+0800: 61587.817: [GC (Allocation Failure) 2018-04-13T18:30:28.821+0800: 61587.817: [ParNew: 11797869K->60802K(13212096K), 0.8537644 secs] 58996558K->47260596K(187275712K), 0.8541232 secs] [Times: user=5.07 sys=1.70, real=0.85 secs] 
2018-04-13T18:33:29.296+0800: 61768.292: [GC (Allocation Failure) 2018-04-13T18:33:29.296+0800: 61768.293: [ParNew: 11804930K->72062K(13212096K), 1.0022792 secs] 59004724K->47272943K(187275712K), 1.0026292 secs] [Times: user=6.79 sys=1.18, real=1.00 secs] 
2018-04-13T18:35:46.539+0800: 61905.535: [GC (Allocation Failure) 2018-04-13T18:35:46.539+0800: 61905.535: [ParNew: 11816190K->90204K(13212096K), 1.0318342 secs] 59017071K->47292345K(187275712K), 1.0321775 secs] [Times: user=5.67 sys=2.53, real=1.04 secs] 
2018-04-13T18:36:42.830+0800: 61961.826: [GC (Allocation Failure) 2018-04-13T18:36:42.830+0800: 61961.826: [ParNew: 11834332K->98042K(13212096K), 0.7802219 secs] 59036473K->47302366K(187275712K), 0.7805797 secs] [Times: user=4.72 sys=1.47, real=0.78 secs] 
2018-04-13T18:37:28.631+0800: 62007.627: [GC (Allocation Failure) 2018-04-13T18:37:28.632+0800: 62007.628: [ParNew: 11842170K->108336K(13212096K), 0.5968258 secs] 59046494K->47313684K(187275712K), 0.5971792 secs] [Times: user=4.03 sys=0.72, real=0.59 secs] 
2018-04-13T18:38:06.429+0800: 62045.425: [GC (Allocation Failure) 2018-04-13T18:38:06.429+0800: 62045.425: [ParNew: 11852464K->110451K(13212096K), 0.7378278 secs] 59057812K->47319959K(187275712K), 0.7382033 secs] [Times: user=4.54 sys=1.33, real=0.74 secs] 
2018-04-13T18:38:42.229+0800: 62081.225: [GC (Allocation Failure) 2018-04-13T18:38:42.229+0800: 62081.225: [ParNew: 11854579K->109804K(13212096K), 0.5274103 secs] 59064087K->47322956K(187275712K), 0.5277717 secs] [Times: user=3.72 sys=0.47, real=0.53 secs] 
2018-04-13T18:39:31.115+0800: 62130.111: [GC (Allocation Failure) 2018-04-13T18:39:31.115+0800: 62130.111: [ParNew: 11853932K->96012K(13212096K), 0.6777853 secs] 59067084K->47314379K(187275712K), 0.6781582 secs] [Times: user=3.78 sys=1.60, real=0.68 secs] 
2018-04-13T18:40:17.426+0800: 62176.422: [GC (Allocation Failure) 2018-04-13T18:40:17.427+0800: 62176.423: [ParNew: 11840140K->86102K(13212096K), 0.6409002 secs] 59058507K->47313670K(187275712K), 0.6412874 secs] [Times: user=4.24 sys=0.84, real=0.64 secs] 
2018-04-13T18:40:55.753+0800: 62214.749: [GC (Allocation Failure) 2018-04-13T18:40:55.754+0800: 62214.750: [ParNew: 11830230K->112447K(13212096K), 0.7541918 secs] 59057798K->47342468K(187275712K), 0.7545747 secs] [Times: user=4.69 sys=1.30, real=0.75 secs] 
2018-04-13T18:41:42.899+0800: 62261.895: [GC (Allocation Failure) 2018-04-13T18:41:42.899+0800: 62261.895: [ParNew: 11856575K->117327K(13212096K), 0.6906453 secs] 59086596K->47350041K(187275712K), 0.6910083 secs] [Times: user=4.57 sys=0.92, real=0.69 secs] 
2018-04-13T18:42:23.650+0800: 62302.646: [GC (Allocation Failure) 2018-04-13T18:42:23.650+0800: 62302.646: [ParNew: 11861455K->116039K(13212096K), 0.6995608 secs] 59094169K->47351176K(187275712K), 0.6999472 secs] [Times: user=4.12 sys=1.43, real=0.70 secs] 
2018-04-13T18:42:59.995+0800: 62338.991: [GC (Allocation Failure) 2018-04-13T18:42:59.995+0800: 62338.991: [ParNew: 11860167K->87713K(13212096K), 0.6355680 secs] 59095304K->47324724K(187275712K), 0.6359602 secs] [Times: user=4.17 sys=0.89, real=0.63 secs] 
2018-04-13T18:43:26.887+0800: 62365.883: [GC (Allocation Failure) 2018-04-13T18:43:26.887+0800: 62365.883: [ParNew: 11831841K->135902K(13212096K), 0.7337916 secs] 59068852K->47374769K(187275712K), 0.7341703 secs] [Times: user=4.74 sys=1.09, real=0.73 secs] 
2018-04-13T18:44:02.399+0800: 62401.395: [GC (Allocation Failure) 2018-04-13T18:44:02.399+0800: 62401.395: [ParNew: 11880030K->119726K(13212096K), 0.6357840 secs] 59118897K->47359807K(187275712K), 0.6361577 secs] [Times: user=4.33 sys=0.73, real=0.64 secs] 
2018-04-13T18:44:38.045+0800: 62437.041: [GC (Allocation Failure) 2018-04-13T18:44:38.045+0800: 62437.041: [ParNew: 11863854K->133519K(13212096K), 0.5070948 secs] 59103935K->47375219K(187275712K), 0.5074707 secs] [Times: user=3.71 sys=0.32, real=0.51 secs] 
2018-04-13T18:45:06.153+0800: 62465.149: [GC (Allocation Failure) 2018-04-13T18:45:06.153+0800: 62465.149: [ParNew: 11877647K->149829K(13212096K), 0.6952980 secs] 59119347K->47393443K(187275712K), 0.6957049 secs] [Times: user=4.22 sys=1.29, real=0.69 secs] 
2018-04-13T18:45:45.490+0800: 62504.487: [GC (Allocation Failure) 2018-04-13T18:45:45.491+0800: 62504.487: [ParNew: 11893957K->136577K(13212096K), 0.6361699 secs] 59137571K->47381845K(187275712K), 0.6365633 secs] [Times: user=4.54 sys=0.52, real=0.64 secs] 
2018-04-13T18:46:20.299+0800: 62539.295: [GC (Allocation Failure) 2018-04-13T18:46:20.299+0800: 62539.295: [ParNew: 11880705K->104214K(13212096K), 0.6503158 secs] 59125973K->47351222K(187275712K), 0.6507001 secs] [Times: user=3.74 sys=1.41, real=0.65 secs] 
2018-04-13T18:46:50.002+0800: 62568.998: [GC (Allocation Failure) 2018-04-13T18:46:50.002+0800: 62568.998: [ParNew: 11848342K->135046K(13212096K), 0.6066996 secs] 59095350K->47384009K(187275712K), 0.6070796 secs] [Times: user=4.32 sys=0.51, real=0.60 secs] 
2018-04-13T18:47:33.628+0800: 62612.624: [GC (Allocation Failure) 2018-04-13T18:47:33.628+0800: 62612.624: [ParNew: 11879174K->123406K(13212096K), 0.7786885 secs] 59128137K->47373824K(187275712K), 0.7790762 secs] [Times: user=4.26 sys=1.91, real=0.78 secs] 
2018-04-13T18:47:57.147+0800: 62636.143: [GC (Allocation Failure) 2018-04-13T18:47:57.147+0800: 62636.143: [ParNew: 11867534K->143708K(13212096K), 0.5483730 secs] 59117952K->47397295K(187275712K), 0.5487477 secs] [Times: user=3.97 sys=0.39, real=0.55 secs] 
2018-04-13T18:48:27.925+0800: 62666.921: [GC (Allocation Failure) 2018-04-13T18:48:27.925+0800: 62666.921: [ParNew: 11887836K->106646K(13212096K), 0.6678737 secs] 59141423K->47363450K(187275712K), 0.6682812 secs] [Times: user=3.74 sys=1.55, real=0.67 secs] 
2018-04-13T18:49:01.072+0800: 62700.068: [GC (Allocation Failure) 2018-04-13T18:49:01.072+0800: 62700.068: [ParNew: 11850774K->127057K(13212096K), 0.5405609 secs] 59107578K->47387015K(187275712K), 0.5409478 secs] [Times: user=3.70 sys=0.59, real=0.54 secs] 
2018-04-13T18:49:48.664+0800: 62747.660: [GC (Allocation Failure) 2018-04-13T18:49:48.664+0800: 62747.660: [ParNew: 11871185K->82412K(13212096K), 0.7546446 secs] 59131143K->47345426K(187275712K), 0.7550465 secs] [Times: user=4.46 sys=1.53, real=0.75 secs] 
2018-04-13T18:51:47.154+0800: 62866.150: [GC (Allocation Failure) 2018-04-13T18:51:47.154+0800: 62866.150: [ParNew: 11826540K->51702K(13212096K), 0.8303062 secs] 59089554K->47315754K(187275712K), 0.8306852 secs] [Times: user=5.04 sys=1.55, real=0.83 secs] 
2018-04-13T18:54:52.222+0800: 63051.218: [GC (Allocation Failure) 2018-04-13T18:54:52.222+0800: 63051.218: [ParNew: 11795830K->72773K(13212096K), 1.0238417 secs] 59059882K->47339636K(187275712K), 1.0242217 secs] [Times: user=6.86 sys=1.29, real=1.02 secs] 
2018-04-13T18:57:32.819+0800: 63211.815: [GC (Allocation Failure) 2018-04-13T18:57:32.819+0800: 63211.815: [ParNew: 11816901K->75299K(13212096K), 0.8633755 secs] 59083764K->47343083K(187275712K), 0.8637526 secs] [Times: user=5.66 sys=1.20, real=0.87 secs] 
2018-04-13T19:00:49.343+0800: 63408.339: [GC (Allocation Failure) 2018-04-13T19:00:49.343+0800: 63408.339: [ParNew: 11819427K->81965K(13212096K), 1.0568371 secs] 59087211K->47350367K(187275712K), 1.0572172 secs] [Times: user=6.37 sys=2.01, real=1.05 secs] 
2018-04-13T19:04:48.044+0800: 63647.040: [GC (Allocation Failure) 2018-04-13T19:04:48.044+0800: 63647.040: [ParNew: 11826093K->87204K(13212096K), 1.1274004 secs] 59094495K->47356286K(187275712K), 1.1277561 secs] [Times: user=6.93 sys=2.00, real=1.13 secs] 
2018-04-13T19:08:42.403+0800: 63881.400: [GC (Allocation Failure) 2018-04-13T19:08:42.404+0800: 63881.400: [ParNew: 11831332K->105296K(13212096K), 1.1949604 secs] 59100414K->47375309K(187275712K), 1.1953091 secs] [Times: user=7.29 sys=2.19, real=1.19 secs] 
2018-04-13T19:10:46.377+0800: 64005.373: [GC (Allocation Failure) 2018-04-13T19:10:46.377+0800: 64005.373: [ParNew: 11849424K->114150K(13212096K), 1.0210160 secs] 59119437K->47387390K(187275712K), 1.0213708 secs] [Times: user=6.28 sys=1.78, real=1.02 secs] 
2018-04-13T19:13:32.669+0800: 64171.665: [GC (Allocation Failure) 2018-04-13T19:13:32.669+0800: 64171.665: [ParNew: 11858278K->136423K(13212096K), 0.8864360 secs] 59131518K->47413635K(187275712K), 0.8868007 secs] [Times: user=5.42 sys=1.59, real=0.89 secs] 
2018-04-13T19:14:27.848+0800: 64226.845: [GC (Allocation Failure) 2018-04-13T19:14:27.849+0800: 64226.845: [ParNew: 11880551K->143324K(13212096K), 0.5984353 secs] 59157763K->47423453K(187275712K), 0.5988068 secs] [Times: user=4.14 sys=0.63, real=0.60 secs] 
2018-04-13T19:15:23.490+0800: 64282.486: [GC (Allocation Failure) 2018-04-13T19:15:23.490+0800: 64282.487: [ParNew: 11887452K->130291K(13212096K), 0.7170945 secs] 59167581K->47422903K(187275712K), 0.7174517 secs] [Times: user=4.47 sys=1.18, real=0.72 secs] 
2018-04-13T19:17:27.501+0800: 64406.497: [GC (Allocation Failure) 2018-04-13T19:17:27.501+0800: 64406.497: [ParNew: 11874419K->97382K(13212096K), 0.9034444 secs] 59167031K->47401970K(187275712K), 0.9038041 secs] [Times: user=5.53 sys=1.62, real=0.91 secs] 
2018-04-13T19:18:41.700+0800: 64480.697: [GC (Allocation Failure) 2018-04-13T19:18:41.701+0800: 64480.697: [ParNew: 11841510K->101868K(13212096K), 0.9167710 secs] 59146098K->47411584K(187275712K), 0.9171442 secs] [Times: user=5.88 sys=1.41, real=0.92 secs] 
2018-04-13T19:20:17.639+0800: 64576.635: [GC (Allocation Failure) 2018-04-13T19:20:17.640+0800: 64576.636: [ParNew: 11845996K->83515K(13212096K), 0.9154119 secs] 59155712K->47396649K(187275712K), 0.9157731 secs] [Times: user=5.10 sys=2.16, real=0.92 secs] 
2018-04-13T19:22:59.520+0800: 64738.516: [GC (Allocation Failure) 2018-04-13T19:22:59.520+0800: 64738.516: [ParNew: 11827643K->69599K(13212096K), 0.9979398 secs] 59140777K->47388678K(187275712K), 0.9983382 secs] [Times: user=6.06 sys=1.86, real=1.00 secs] 
2018-04-13T19:26:23.077+0800: 64942.073: [GC (Allocation Failure) 2018-04-13T19:26:23.077+0800: 64942.073: [ParNew: 11813727K->91555K(13212096K), 0.9890181 secs] 59132806K->47412868K(187275712K), 0.9893850 secs] [Times: user=6.22 sys=1.57, real=0.99 secs] 
2018-04-13T19:28:28.953+0800: 65067.949: [GC (Allocation Failure) 2018-04-13T19:28:28.954+0800: 65067.950: [ParNew: 11835683K->101979K(13212096K), 1.0617690 secs] 59156996K->47424589K(187275712K), 1.0621133 secs] [Times: user=6.54 sys=1.90, real=1.06 secs] 
2018-04-13T19:29:21.926+0800: 65120.922: [GC (Allocation Failure) 2018-04-13T19:29:21.926+0800: 65120.922: [ParNew: 11846107K->103194K(13212096K), 0.7686059 secs] 59168717K->47428629K(187275712K), 0.7689674 secs] [Times: user=4.75 sys=1.32, real=0.77 secs] 
2018-04-13T19:30:12.391+0800: 65171.387: [GC (Allocation Failure) 2018-04-13T19:30:12.391+0800: 65171.387: [ParNew: 11847322K->107926K(13212096K), 0.5861855 secs] 59172757K->47435159K(187275712K), 0.5865326 secs] [Times: user=3.97 sys=0.68, real=0.59 secs] 
2018-04-13T19:30:45.030+0800: 65204.026: [GC (Allocation Failure) 2018-04-13T19:30:45.030+0800: 65204.026: [ParNew: 11852054K->121787K(13212096K), 0.6964782 secs] 59179287K->47451799K(187275712K), 0.6968444 secs] [Times: user=4.38 sys=1.15, real=0.70 secs] 
2018-04-13T19:31:17.288+0800: 65236.284: [GC (Allocation Failure) 2018-04-13T19:31:17.289+0800: 65236.285: [ParNew: 11865915K->103384K(13212096K), 0.6408825 secs] 59195927K->47437046K(187275712K), 0.6412426 secs] [Times: user=4.49 sys=0.61, real=0.64 secs] 
2018-04-13T19:31:47.863+0800: 65266.859: [GC (Allocation Failure) 2018-04-13T19:31:47.863+0800: 65266.859: [ParNew: 11847512K->119345K(13212096K), 0.6834136 secs] 59181174K->47458471K(187275712K), 0.6837958 secs] [Times: user=4.04 sys=1.38, real=0.68 secs] 
2018-04-13T19:32:17.941+0800: 65296.938: [GC (Allocation Failure) 2018-04-13T19:32:17.942+0800: 65296.938: [ParNew: 11863473K->119897K(13212096K), 0.5751042 secs] 59202599K->47461455K(187275712K), 0.5754727 secs] [Times: user=3.84 sys=0.74, real=0.57 secs] 
2018-04-13T19:32:45.086+0800: 65324.082: [GC (Allocation Failure) 2018-04-13T19:32:45.086+0800: 65324.082: [ParNew: 11864025K->105229K(13212096K), 0.6892912 secs] 59205583K->47449340K(187275712K), 0.6896767 secs] [Times: user=4.06 sys=1.41, real=0.69 secs] 
2018-04-13T19:33:44.897+0800: 65383.893: [GC (Allocation Failure) 2018-04-13T19:33:44.898+0800: 65383.894: [ParNew: 11849357K->81031K(13212096K), 0.6848196 secs] 59193468K->47427065K(187275712K), 0.6851841 secs] [Times: user=4.69 sys=0.76, real=0.69 secs] 
2018-04-13T19:34:49.744+0800: 65448.740: [GC (Allocation Failure) 2018-04-13T19:34:49.744+0800: 65448.740: [ParNew: 11825159K->67591K(13212096K), 0.8465446 secs] 59171193K->47414307K(187275712K), 0.8469184 secs] [Times: user=4.99 sys=1.74, real=0.85 secs] 
2018-04-13T19:36:02.160+0800: 65521.156: [GC (Allocation Failure) 2018-04-13T19:36:02.160+0800: 65521.156: [ParNew: 11811719K->75401K(13212096K), 0.7498191 secs] 59158435K->47423958K(187275712K), 0.7501929 secs] [Times: user=4.37 sys=1.56, real=0.75 secs] 
2018-04-13T19:37:06.230+0800: 65585.226: [GC (Allocation Failure) 2018-04-13T19:37:06.230+0800: 65585.227: [ParNew: 11819529K->109706K(13212096K), 0.6816179 secs] 59168086K->47458941K(187275712K), 0.6819855 secs] [Times: user=4.66 sys=0.76, real=0.69 secs] 
2018-04-13T19:37:59.267+0800: 65638.263: [GC (Allocation Failure) 2018-04-13T19:37:59.267+0800: 65638.263: [ParNew: 11853834K->114438K(13212096K), 0.7272029 secs] 59203069K->47465274K(187275712K), 0.7275937 secs] [Times: user=4.30 sys=1.48, real=0.73 secs] 
2018-04-13T19:40:43.709+0800: 65802.706: [GC (Allocation Failure) 2018-04-13T19:40:43.710+0800: 65802.706: [ParNew: 11858566K->109530K(13212096K), 0.8730095 secs] 59209402K->47461603K(187275712K), 0.8733696 secs] [Times: user=6.23 sys=0.71, real=0.88 secs] 
2018-04-13T19:41:28.945+0800: 65847.941: [GC (Allocation Failure) 2018-04-13T19:41:28.945+0800: 65847.941: [ParNew: 11853658K->153170K(13212096K), 0.7680475 secs] 59205731K->47508270K(187275712K), 0.7684320 secs] [Times: user=4.33 sys=1.76, real=0.77 secs] 
2018-04-13T19:43:34.497+0800: 65973.493: [GC (Allocation Failure) 2018-04-13T19:43:34.497+0800: 65973.493: [ParNew: 11897298K->113067K(13212096K), 0.8958909 secs] 59252398K->47474360K(187275712K), 0.8962583 secs] [Times: user=4.87 sys=2.24, real=0.90 secs] 
2018-04-13T19:44:42.065+0800: 66041.061: [GC (Allocation Failure) 2018-04-13T19:44:42.065+0800: 66041.061: [ParNew: 11857195K->106481K(13212096K), 0.7129472 secs] 59218488K->47474234K(187275712K), 0.7133279 secs] [Times: user=4.17 sys=1.49, real=0.71 secs] 
2018-04-13T19:45:26.338+0800: 66085.334: [GC (Allocation Failure) 2018-04-13T19:45:26.338+0800: 66085.334: [ParNew: 11850609K->101476K(13212096K), 0.6695476 secs] 59218362K->47471742K(187275712K), 0.6699277 secs] [Times: user=4.28 sys=1.05, real=0.67 secs] 
2018-04-13T19:47:46.722+0800: 66225.718: [GC (Allocation Failure) 2018-04-13T19:47:46.722+0800: 66225.718: [ParNew: 11845604K->76004K(13212096K), 1.0136619 secs] 59215870K->47448576K(187275712K), 1.0140419 secs] [Times: user=5.95 sys=2.11, real=1.01 secs] 
2018-04-13T19:50:53.707+0800: 66412.703: [GC (Allocation Failure) 2018-04-13T19:50:53.708+0800: 66412.704: [ParNew: 11820132K->100492K(13212096K), 0.9252323 secs] 59192704K->47476700K(187275712K), 0.9256119 secs] [Times: user=5.76 sys=1.57, real=0.93 secs] 
2018-04-13T19:52:48.921+0800: 66527.917: [GC (Allocation Failure) 2018-04-13T19:52:48.921+0800: 66527.917: [ParNew: 11844620K->100302K(13212096K), 0.8482686 secs] 59220828K->47485745K(187275712K), 0.8486344 secs] [Times: user=5.28 sys=1.45, real=0.85 secs] 
2018-04-13T19:55:01.319+0800: 66660.315: [GC (Allocation Failure) 2018-04-13T19:55:01.319+0800: 66660.315: [ParNew: 11844430K->80143K(13212096K), 0.9349114 secs] 59229873K->47472403K(187275712K), 0.9352664 secs] [Times: user=5.15 sys=2.27, real=0.94 secs] 
2018-04-13T19:55:57.388+0800: 66716.384: [GC (Allocation Failure) 2018-04-13T19:55:57.388+0800: 66716.384: [ParNew: 11824271K->92213K(13212096K), 0.7310501 secs] 59216531K->47485759K(187275712K), 0.7314112 secs] [Times: user=4.32 sys=1.48, real=0.73 secs] 
2018-04-13T19:56:32.503+0800: 66751.499: [GC (Allocation Failure) 2018-04-13T19:56:32.503+0800: 66751.500: [ParNew: 11836341K->90264K(13212096K), 0.6862177 secs] 59229887K->47484342K(187275712K), 0.6865683 secs] [Times: user=4.56 sys=0.92, real=0.68 secs] 
2018-04-13T19:57:00.362+0800: 66779.358: [GC (Allocation Failure) 2018-04-13T19:57:00.362+0800: 66779.358: [ParNew: 11834392K->92114K(13212096K), 0.7169477 secs] 59228470K->47487847K(187275712K), 0.7173069 secs] [Times: user=5.35 sys=0.35, real=0.71 secs] 
2018-04-13T19:57:31.667+0800: 66810.663: [GC (Allocation Failure) 2018-04-13T19:57:31.667+0800: 66810.663: [ParNew: 11836242K->111359K(13212096K), 0.6757238 secs] 59231975K->47514502K(187275712K), 0.6760968 secs] [Times: user=4.01 sys=1.34, real=0.68 secs] 
2018-04-13T19:58:01.777+0800: 66840.773: [GC (Allocation Failure) 2018-04-13T19:58:01.777+0800: 66840.773: [ParNew: 11855487K->93418K(13212096K), 0.5519123 secs] 59258630K->47506765K(187275712K), 0.5522740 secs] [Times: user=3.90 sys=0.47, real=0.55 secs] 
2018-04-13T19:58:49.196+0800: 66888.192: [GC (Allocation Failure) 2018-04-13T19:58:49.197+0800: 66888.193: [ParNew: 11837546K->80662K(13212096K), 0.7293504 secs] 59250893K->47502098K(187275712K), 0.7297216 secs] [Times: user=4.45 sys=1.32, real=0.73 secs] 
2018-04-13T19:59:32.466+0800: 66931.462: [GC (Allocation Failure) 2018-04-13T19:59:32.466+0800: 66931.462: [ParNew: 11824790K->46128K(13212096K), 0.6969443 secs] 59246226K->47470101K(187275712K), 0.6973126 secs] [Times: user=4.46 sys=1.09, real=0.70 secs] 
2018-04-13T20:00:14.081+0800: 66973.077: [GC (Allocation Failure) 2018-04-13T20:00:14.082+0800: 66973.078: [ParNew: 11790256K->43855K(13212096K), 0.6334492 secs] 59214229K->47471199K(187275712K), 0.6338332 secs] [Times: user=3.69 sys=1.33, real=0.63 secs] 
2018-04-13T20:00:58.330+0800: 67017.326: [GC (Allocation Failure) 2018-04-13T20:00:58.331+0800: 67017.327: [ParNew: 11787983K->75123K(13212096K), 0.5898641 secs] 59215327K->47504504K(187275712K), 0.5902331 secs] [Times: user=4.04 sys=0.65, real=0.59 secs] 
2018-04-13T20:01:40.642+0800: 67059.638: [GC (Allocation Failure) 2018-04-13T20:01:40.642+0800: 67059.638: [ParNew: 11819251K->61301K(13212096K), 0.7005433 secs] 59248632K->47491859K(187275712K), 0.7009262 secs] [Times: user=4.02 sys=1.53, real=0.70 secs] 
2018-04-13T20:02:14.554+0800: 67093.550: [GC (Allocation Failure) 2018-04-13T20:02:14.554+0800: 67093.550: [ParNew: 11805429K->52612K(13212096K), 0.5834542 secs] 59235987K->47484352K(187275712K), 0.5838264 secs] [Times: user=4.03 sys=0.61, real=0.58 secs] 
2018-04-13T20:02:33.373+0800: 67112.369: [GC (Allocation Failure) 2018-04-13T20:02:33.373+0800: 67112.369: [ParNew: 11796740K->59200K(13212096K), 0.6627430 secs] 59228480K->47493421K(187275712K), 0.6631317 secs] [Times: user=4.19 sys=1.06, real=0.66 secs] 
2018-04-13T20:03:05.626+0800: 67144.622: [GC (Allocation Failure) 2018-04-13T20:03:05.627+0800: 67144.623: [ParNew: 11803328K->61519K(13212096K), 0.5947579 secs] 59237549K->47497145K(187275712K), 0.5951271 secs] [Times: user=3.94 sys=0.79, real=0.60 secs] 
2018-04-13T20:03:50.158+0800: 67189.154: [GC (Allocation Failure) 2018-04-13T20:03:50.158+0800: 67189.154: [ParNew: 11805647K->54383K(13212096K), 0.7198796 secs] 59241273K->47494677K(187275712K), 0.7202728 secs] [Times: user=4.29 sys=1.43, real=0.72 secs] 
2018-04-13T20:04:34.572+0800: 67233.568: [GC (Allocation Failure) 2018-04-13T20:04:34.572+0800: 67233.568: [ParNew: 11798511K->42163K(13212096K), 0.5881564 secs] 59238805K->47484245K(187275712K), 0.5885350 secs] [Times: user=3.98 sys=0.71, real=0.58 secs] 
2018-04-13T20:05:12.755+0800: 67271.751: [GC (Allocation Failure) 2018-04-13T20:05:12.755+0800: 67271.751: [ParNew: 11786287K->69350K(13212096K), 0.7955341 secs] 59228370K->47512711K(187275712K), 0.7959392 secs] [Times: user=4.58 sys=1.74, real=0.79 secs] 
2018-04-13T20:05:47.841+0800: 67306.837: [GC (Allocation Failure) 2018-04-13T20:05:47.841+0800: 67306.837: [ParNew: 11813478K->76355K(13212096K), 0.6041573 secs] 59256839K->47522130K(187275712K), 0.6045431 secs] [Times: user=4.48 sys=0.33, real=0.61 secs] 
2018-04-13T20:06:26.891+0800: 67345.887: [GC (Allocation Failure) 2018-04-13T20:06:26.891+0800: 67345.887: [ParNew: 11820483K->61535K(13212096K), 0.7798897 secs] 59266258K->47508708K(187275712K), 0.7802810 secs] [Times: user=4.32 sys=1.88, real=0.78 secs] 
2018-04-13T20:07:15.789+0800: 67394.785: [GC (Allocation Failure) 2018-04-13T20:07:15.789+0800: 67394.785: [ParNew: 11805663K->72210K(13212096K), 0.7522619 secs] 59252836K->47521349K(187275712K), 0.7526706 secs] [Times: user=4.49 sys=1.49, real=0.76 secs] 
2018-04-13T20:07:51.394+0800: 67430.390: [GC (Allocation Failure) 2018-04-13T20:07:51.394+0800: 67430.390: [ParNew: 11816338K->73557K(13212096K), 0.6950881 secs] 59265477K->47525636K(187275712K), 0.6954673 secs] [Times: user=4.57 sys=0.96, real=0.69 secs] 
2018-04-13T20:08:25.116+0800: 67464.112: [GC (Allocation Failure) 2018-04-13T20:08:25.116+0800: 67464.112: [ParNew: 11817685K->68697K(13212096K), 0.6987221 secs] 59269764K->47522031K(187275712K), 0.6991093 secs] [Times: user=4.29 sys=1.27, real=0.70 secs] 
2018-04-13T20:09:04.628+0800: 67503.625: [GC (Allocation Failure) 2018-04-13T20:09:04.629+0800: 67503.625: [ParNew: 11812825K->64517K(13212096K), 0.6263411 secs] 59266159K->47521135K(187275712K), 0.6267266 secs] [Times: user=4.48 sys=0.51, real=0.63 secs] 
2018-04-13T20:10:29.919+0800: 67588.915: [GC (Allocation Failure) 2018-04-13T20:10:29.919+0800: 67588.915: [ParNew: 11808645K->53911K(13212096K), 0.6786087 secs] 59265263K->47514194K(187275712K), 0.6790001 secs] [Times: user=3.76 sys=1.60, real=0.68 secs] 
2018-04-13T20:11:28.707+0800: 67647.703: [GC (Allocation Failure) 2018-04-13T20:11:28.707+0800: 67647.703: [ParNew: 11798039K->84305K(13212096K), 0.8518227 secs] 59258322K->47548784K(187275712K), 0.8522019 secs] [Times: user=5.09 sys=1.66, real=0.85 secs] 
2018-04-13T20:12:34.770+0800: 67713.766: [GC (Allocation Failure) 2018-04-13T20:12:34.770+0800: 67713.766: [ParNew: 11828433K->88294K(13212096K), 0.7006712 secs] 59292912K->47556273K(187275712K), 0.7010483 secs] [Times: user=4.80 sys=0.77, real=0.70 secs] 
2018-04-13T20:13:22.272+0800: 67761.268: [GC (Allocation Failure) 2018-04-13T20:13:22.272+0800: 67761.268: [ParNew: 11832422K->112659K(13212096K), 0.6799453 secs] 59300401K->47581741K(187275712K), 0.6803325 secs] [Times: user=3.97 sys=1.41, real=0.68 secs] 
2018-04-13T20:13:48.016+0800: 67787.012: [GC (Allocation Failure) 2018-04-13T20:13:48.016+0800: 67787.012: [ParNew: 11856787K->108725K(13212096K), 0.5554408 secs] 59325869K->47579126K(187275712K), 0.5558512 secs] [Times: user=3.98 sys=0.44, real=0.56 secs] 
2018-04-13T20:14:25.131+0800: 67824.127: [GC (Allocation Failure) 2018-04-13T20:14:25.131+0800: 67824.127: [ParNew: 11852853K->81342K(13212096K), 0.6971845 secs] 59323254K->47553227K(187275712K), 0.6975955 secs] [Times: user=3.88 sys=1.65, real=0.70 secs] 
2018-04-13T20:14:49.478+0800: 67848.474: [GC (Allocation Failure) 2018-04-13T20:14:49.479+0800: 67848.475: [ParNew: 11825470K->117739K(13212096K), 0.5662539 secs] 59297355K->47593356K(187275712K), 0.5666520 secs] [Times: user=4.12 sys=0.39, real=0.57 secs] 
2018-04-13T20:15:13.567+0800: 67872.563: [GC (Allocation Failure) 2018-04-13T20:15:13.568+0800: 67872.564: [ParNew: 11861867K->138166K(13212096K), 0.5592828 secs] 59337484K->47617924K(187275712K), 0.5596902 secs] [Times: user=4.02 sys=0.44, real=0.56 secs] 
2018-04-13T20:15:33.225+0800: 67892.221: [GC (Allocation Failure) 2018-04-13T20:15:33.225+0800: 67892.222: [ParNew: 11882294K->112699K(13212096K), 0.6916017 secs] 59362052K->47596890K(187275712K), 0.6920276 secs] [Times: user=4.32 sys=1.16, real=0.69 secs] 
2018-04-13T20:16:16.550+0800: 67935.546: [GC (Allocation Failure) 2018-04-13T20:16:16.550+0800: 67935.546: [ParNew: 11856827K->99678K(13212096K), 0.5822482 secs] 59341018K->47586140K(187275712K), 0.5826507 secs] [Times: user=3.95 sys=0.68, real=0.59 secs] 
2018-04-13T20:17:56.847+0800: 68035.843: [GC (Allocation Failure) 2018-04-13T20:17:56.847+0800: 68035.843: [ParNew: 11843806K->74707K(13212096K), 0.9471210 secs] 59330268K->47562466K(187275712K), 0.9475129 secs] [Times: user=5.74 sys=1.78, real=0.95 secs] 
2018-04-13T20:20:20.187+0800: 68179.183: [GC (Allocation Failure) 2018-04-13T20:20:20.187+0800: 68179.183: [ParNew: 11818835K->66284K(13212096K), 1.0289202 secs] 59306594K->47555240K(187275712K), 1.0293240 secs] [Times: user=6.24 sys=1.90, real=1.03 secs] 
2018-04-13T20:22:23.129+0800: 68302.125: [GC (Allocation Failure) 2018-04-13T20:22:23.130+0800: 68302.126: [ParNew: 11810412K->91719K(13212096K), 0.8998828 secs] 59299368K->47581842K(187275712K), 0.9002941 secs] [Times: user=5.15 sys=1.98, real=0.90 secs] 
2018-04-13T20:24:07.388+0800: 68406.384: [GC (Allocation Failure) 2018-04-13T20:24:07.389+0800: 68406.385: [ParNew: 11835847K->102803K(13212096K), 0.6777225 secs] 59325970K->47593560K(187275712K), 0.6784550 secs] [Times: user=4.78 sys=0.61, real=0.68 secs] 
2018-04-13T20:26:01.864+0800: 68520.860: [GC (Allocation Failure) 2018-04-13T20:26:01.865+0800: 68520.861: [ParNew: 11846931K->107184K(13212096K), 1.0249752 secs] 59337688K->47598467K(187275712K), 1.0253770 secs] [Times: user=5.99 sys=2.15, real=1.02 secs] 
2018-04-13T20:27:04.376+0800: 68583.372: [GC (Allocation Failure) 2018-04-13T20:27:04.376+0800: 68583.372: [ParNew: 11851312K->140129K(13212096K), 0.7011772 secs] 59342595K->47632442K(187275712K), 0.7016023 secs] [Times: user=4.20 sys=1.35, real=0.70 secs] 
2018-04-13T20:28:08.873+0800: 68647.869: [GC (Allocation Failure) 2018-04-13T20:28:08.874+0800: 68647.870: [ParNew: 11884257K->123209K(13212096K), 0.6210562 secs] 59376570K->47619430K(187275712K), 0.6215056 secs] [Times: user=4.45 sys=0.48, real=0.62 secs] 
2018-04-13T20:29:24.296+0800: 68723.292: [GC (Allocation Failure) 2018-04-13T20:29:24.296+0800: 68723.292: [ParNew: 11867337K->136872K(13212096K), 0.8496434 secs] 59363558K->47638125K(187275712K), 0.8500579 secs] [Times: user=4.78 sys=1.97, real=0.85 secs] 
2018-04-13T20:30:00.536+0800: 68759.532: [GC (Allocation Failure) 2018-04-13T20:30:00.536+0800: 68759.532: [ParNew: 11881000K->114227K(13212096K), 0.7887689 secs] 59382253K->47621427K(187275712K), 0.7892078 secs] [Times: user=4.97 sys=1.25, real=0.79 secs] 
2018-04-13T20:30:46.861+0800: 68805.857: [GC (Allocation Failure) 2018-04-13T20:30:46.861+0800: 68805.857: [ParNew: 11858355K->132965K(13212096K), 0.6404742 secs] 59365555K->47650446K(187275712K), 0.6408834 secs] [Times: user=4.24 sys=0.85, real=0.65 secs] 
2018-04-13T20:31:11.239+0800: 68830.235: [GC (Allocation Failure) 2018-04-13T20:31:11.239+0800: 68830.235: [ParNew: 11877093K->133655K(13212096K), 0.6880649 secs] 59394574K->47662493K(187275712K), 0.6884903 secs] [Times: user=4.40 sys=1.04, real=0.69 secs] 
2018-04-13T20:31:38.034+0800: 68857.030: [GC (Allocation Failure) 2018-04-13T20:31:38.035+0800: 68857.031: [ParNew: 11877783K->105479K(13212096K), 0.6352851 secs] 59406621K->47640371K(187275712K), 0.6356964 secs] [Times: user=4.36 sys=0.70, real=0.63 secs] 
2018-04-13T20:32:05.469+0800: 68884.465: [GC (Allocation Failure) 2018-04-13T20:32:05.469+0800: 68884.465: [ParNew: 11849607K->64186K(13212096K), 0.7164935 secs] 59384499K->47605063K(187275712K), 0.7169065 secs] [Times: user=4.20 sys=1.49, real=0.72 secs] 
2018-04-13T20:32:41.462+0800: 68920.458: [GC (Allocation Failure) 2018-04-13T20:32:41.463+0800: 68920.459: [ParNew: 11808314K->72176K(13212096K), 0.6929872 secs] 59349191K->47621330K(187275712K), 0.6933934 secs] [Times: user=4.35 sys=1.16, real=0.69 secs] 
2018-04-13T20:34:10.994+0800: 69009.990: [GC (Allocation Failure) 2018-04-13T20:34:10.994+0800: 69009.990: [ParNew: 11816304K->55886K(13212096K), 0.6733020 secs] 59365458K->47610521K(187275712K), 0.6737150 secs] [Times: user=3.98 sys=1.34, real=0.67 secs] 
2018-04-13T20:35:02.180+0800: 69061.176: [GC (Allocation Failure) 2018-04-13T20:35:02.180+0800: 69061.176: [ParNew: 11800014K->62874K(13212096K), 0.6152227 secs] 59354649K->47623858K(187275712K), 0.6156224 secs] [Times: user=4.16 sys=0.73, real=0.62 secs] 
2018-04-13T20:36:22.403+0800: 69141.399: [GC (Allocation Failure) 2018-04-13T20:36:22.403+0800: 69141.399: [ParNew: 11807002K->69720K(13212096K), 0.7574837 secs] 59367986K->47633328K(187275712K), 0.7579067 secs] [Times: user=4.26 sys=1.74, real=0.75 secs] 
2018-04-13T20:37:21.527+0800: 69200.523: [GC (Allocation Failure) 2018-04-13T20:37:21.528+0800: 69200.524: [ParNew: 11813848K->67699K(13212096K), 0.7670156 secs] 59377456K->47633407K(187275712K), 0.7674341 secs] [Times: user=4.39 sys=1.67, real=0.77 secs] 
2018-04-13T20:37:52.655+0800: 69231.651: [GC (Allocation Failure) 2018-04-13T20:37:52.655+0800: 69231.651: [ParNew: 11811741K->61974K(13212096K), 0.6428541 secs] 59377449K->47628871K(187275712K), 0.6432256 secs] [Times: user=4.37 sys=0.75, real=0.64 secs] 
2018-04-13T20:39:26.775+0800: 69325.771: [GC (Allocation Failure) 2018-04-13T20:39:26.775+0800: 69325.771: [ParNew: 11806102K->85107K(13212096K), 0.7544743 secs] 59372999K->47654570K(187275712K), 0.7549007 secs] [Times: user=4.38 sys=1.58, real=0.75 secs] 
2018-04-13T20:40:35.660+0800: 69394.656: [GC (Allocation Failure) 2018-04-13T20:40:35.661+0800: 69394.657: [ParNew: 11829235K->83464K(13212096K), 0.7142845 secs] 59398698K->47656056K(187275712K), 0.7147051 secs] [Times: user=4.91 sys=0.78, real=0.72 secs] 
2018-04-13T20:41:37.739+0800: 69456.735: [GC (Allocation Failure) 2018-04-13T20:41:37.739+0800: 69456.735: [ParNew: 11827592K->90702K(13212096K), 0.8515291 secs] 59400184K->47666514K(187275712K), 0.8519356 secs] [Times: user=4.79 sys=1.97, real=0.85 secs] 
2018-04-13T20:43:26.350+0800: 69565.346: [GC (Allocation Failure) 2018-04-13T20:43:26.350+0800: 69565.346: [ParNew: 11834830K->70178K(13212096K), 0.7641008 secs] 59410642K->47648736K(187275712K), 0.7645202 secs] [Times: user=4.62 sys=1.42, real=0.77 secs] 
2018-04-13T20:45:55.324+0800: 69714.320: [GC (Allocation Failure) 2018-04-13T20:45:55.324+0800: 69714.320: [ParNew: 11814306K->63652K(13212096K), 0.9633714 secs] 59392864K->47644987K(187275712K), 0.9637802 secs] [Times: user=5.86 sys=1.77, real=0.96 secs] 
2018-04-13T20:47:21.012+0800: 69800.008: [GC (Allocation Failure) 2018-04-13T20:47:21.012+0800: 69800.008: [ParNew: 11807780K->88068K(13212096K), 0.8641783 secs] 59389115K->47671076K(187275712K), 0.8646096 secs] [Times: user=4.93 sys=1.95, real=0.86 secs] 
2018-04-13T20:47:56.827+0800: 69835.823: [GC (Allocation Failure) 2018-04-13T20:47:56.827+0800: 69835.824: [ParNew: 11832196K->98713K(13212096K), 0.5601374 secs] 59415204K->47685329K(187275712K), 0.5604973 secs] [Times: user=4.23 sys=0.23, real=0.56 secs] 
2018-04-13T20:49:03.024+0800: 69902.020: [GC (Allocation Failure) 2018-04-13T20:49:03.025+0800: 69902.021: [ParNew: 11842841K->119598K(13212096K), 0.9100463 secs] 59429457K->47707811K(187275712K), 0.9104075 secs] [Times: user=5.07 sys=2.17, real=0.91 secs] 
2018-04-13T20:49:27.394+0800: 69926.390: [GC (Allocation Failure) 2018-04-13T20:49:27.394+0800: 69926.391: [ParNew: 11863726K->185885K(13212096K), 0.7523594 secs] 59451939K->47775552K(187275712K), 0.7527651 secs] [Times: user=4.49 sys=1.49, real=0.75 secs] 
2018-04-13T20:49:56.264+0800: 69955.260: [GC (Allocation Failure) 2018-04-13T20:49:56.264+0800: 69955.260: [ParNew: 11930013K->160166K(13212096K), 0.6646047 secs] 59519680K->47753543K(187275712K), 0.6649672 secs] [Times: user=4.74 sys=0.55, real=0.66 secs] 
2018-04-13T20:50:31.119+0800: 69990.115: [GC (Allocation Failure) 2018-04-13T20:50:31.119+0800: 69990.115: [ParNew: 11904294K->108479K(13212096K), 0.6457200 secs] 59497671K->47709253K(187275712K), 0.6460815 secs] [Times: user=4.46 sys=0.68, real=0.65 secs] 
2018-04-13T20:51:02.714+0800: 70021.710: [GC (Allocation Failure) 2018-04-13T20:51:02.714+0800: 70021.710: [ParNew: 11852607K->129613K(13212096K), 0.7986756 secs] 59453381K->47739350K(187275712K), 0.7990626 secs] [Times: user=4.81 sys=1.53, real=0.80 secs] 
2018-04-13T20:51:35.925+0800: 70054.921: [GC (Allocation Failure) 2018-04-13T20:51:35.925+0800: 70054.921: [ParNew: 11873741K->167736K(13212096K), 0.6085869 secs] 59483478K->47779823K(187275712K), 0.6089531 secs] [Times: user=4.09 sys=0.75, real=0.61 secs] 
2018-04-13T20:52:02.001+0800: 70080.997: [GC (Allocation Failure) 2018-04-13T20:52:02.001+0800: 70080.997: [ParNew: 11911864K->105305K(13212096K), 0.7571701 secs] 59523951K->47742243K(187275712K), 0.7576116 secs] [Times: user=4.83 sys=1.14, real=0.76 secs] 
2018-04-13T20:52:38.996+0800: 70117.992: [GC (Allocation Failure) 2018-04-13T20:52:38.996+0800: 70117.992: [ParNew: 11849433K->85737K(13212096K), 0.6388895 secs] 59486371K->47723631K(187275712K), 0.6393143 secs] [Times: user=4.15 sys=0.95, real=0.64 secs] 
2018-04-13T20:53:00.935+0800: 70139.931: [GC (Allocation Failure) 2018-04-13T20:53:00.935+0800: 70139.931: [ParNew: 11829865K->109061K(13212096K), 0.6714161 secs] 59467759K->47748364K(187275712K), 0.6718637 secs] [Times: user=3.91 sys=1.47, real=0.67 secs] 
2018-04-13T20:53:23.697+0800: 70162.693: [GC (Allocation Failure) 2018-04-13T20:53:23.697+0800: 70162.693: [ParNew: 11853189K->129878K(13212096K), 0.6146148 secs] 59492492K->47772546K(187275712K), 0.6150387 secs] [Times: user=4.26 sys=0.63, real=0.62 secs] 
2018-04-13T20:54:08.970+0800: 70207.966: [GC (Allocation Failure) 2018-04-13T20:54:08.970+0800: 70207.966: [ParNew: 11874006K->82491K(13212096K), 0.6795769 secs] 59516674K->47726927K(187275712K), 0.6799998 secs] [Times: user=3.97 sys=1.41, real=0.68 secs] 
2018-04-13T20:55:15.675+0800: 70274.671: [GC (Allocation Failure) 2018-04-13T20:55:15.675+0800: 70274.671: [ParNew: 11826619K->70443K(13212096K), 0.6118971 secs] 59471055K->47718427K(187275712K), 0.6123142 secs] [Times: user=4.29 sys=0.57, real=0.61 secs] 
2018-04-13T20:56:32.512+0800: 70351.508: [GC (Allocation Failure) 2018-04-13T20:56:32.512+0800: 70351.508: [ParNew: 11814571K->89190K(13212096K), 0.8771242 secs] 59462555K->47738665K(187275712K), 0.8775304 secs] [Times: user=4.97 sys=1.99, real=0.87 secs] 
2018-04-13T20:58:25.471+0800: 70464.467: [GC (Allocation Failure) 2018-04-13T20:58:25.471+0800: 70464.467: [ParNew: 11833318K->98991K(13212096K), 0.9055579 secs] 59482793K->47749691K(187275712K), 0.9059887 secs] [Times: user=5.27 sys=1.92, real=0.91 secs] 
2018-04-13T21:00:06.477+0800: 70565.473: [GC (Allocation Failure) 2018-04-13T21:00:06.477+0800: 70565.473: [ParNew: 11843119K->130024K(13212096K), 0.9201894 secs] 59493819K->47781360K(187275712K), 0.9205952 secs] [Times: user=5.76 sys=1.55, real=0.92 secs] 
2018-04-13T21:01:47.878+0800: 70666.875: [GC (Allocation Failure) 2018-04-13T21:01:47.879+0800: 70666.875: [ParNew: 11874152K->134708K(13212096K), 0.7824584 secs] 59525488K->47786649K(187275712K), 0.7828677 secs] [Times: user=4.91 sys=1.31, real=0.79 secs] 
2018-04-13T21:02:58.727+0800: 70737.723: [GC (Allocation Failure) 2018-04-13T21:02:58.727+0800: 70737.723: [ParNew: 11878836K->164651K(13212096K), 0.8223793 secs] 59530777K->47818610K(187275712K), 0.8228054 secs] [Times: user=5.12 sys=1.42, real=0.82 secs] 
2018-04-13T21:04:43.634+0800: 70842.630: [GC (Allocation Failure) 2018-04-13T21:04:43.635+0800: 70842.631: [ParNew: 11908779K->132964K(13212096K), 0.9085812 secs] 59562738K->47790692K(187275712K), 0.9090140 secs] [Times: user=5.35 sys=1.87, real=0.91 secs] 
2018-04-13T21:06:41.750+0800: 70960.746: [GC (Allocation Failure) 2018-04-13T21:06:41.751+0800: 70960.747: [ParNew: 11877092K->152178K(13212096K), 0.9268517 secs] 59534820K->47816109K(187275712K), 0.9272843 secs] [Times: user=5.67 sys=1.70, real=0.93 secs] 
2018-04-13T21:07:44.212+0800: 71023.208: [GC (Allocation Failure) 2018-04-13T21:07:44.212+0800: 71023.208: [ParNew: 11896306K->119092K(13212096K), 0.7562443 secs] 59560237K->47794583K(187275712K), 0.7566824 secs] [Times: user=4.79 sys=1.20, real=0.75 secs] 
2018-04-13T21:09:36.489+0800: 71135.485: [GC (Allocation Failure) 2018-04-13T21:09:36.490+0800: 71135.486: [ParNew: 11863220K->127340K(13212096K), 0.8948265 secs] 59538711K->47808012K(187275712K), 0.8952491 secs] [Times: user=5.19 sys=1.90, real=0.90 secs] 
2018-04-13T21:10:20.486+0800: 71179.482: [GC (Allocation Failure) 2018-04-13T21:10:20.486+0800: 71179.482: [ParNew: 11871468K->158655K(13212096K), 0.6864753 secs] 59552140K->47845973K(187275712K), 0.6868929 secs] [Times: user=4.75 sys=0.70, real=0.69 secs] 
2018-04-13T21:10:59.570+0800: 71218.566: [GC (Allocation Failure) 2018-04-13T21:10:59.570+0800: 71218.566: [ParNew: 11902783K->102134K(13212096K), 0.6094981 secs] 59590101K->47813983K(187275712K), 0.6099239 secs] [Times: user=4.38 sys=0.42, real=0.61 secs] 
2018-04-13T21:11:36.400+0800: 71255.396: [GC (Allocation Failure) 2018-04-13T21:11:36.401+0800: 71255.397: [ParNew: 11846262K->79924K(13212096K), 0.7126022 secs] 59558111K->47800005K(187275712K), 0.7130249 secs] [Times: user=4.16 sys=1.49, real=0.72 secs] 
2018-04-13T21:12:14.544+0800: 71293.540: [GC (Allocation Failure) 2018-04-13T21:12:14.544+0800: 71293.540: [ParNew: 11824052K->61644K(13212096K), 0.5966024 secs] 59544133K->47789570K(187275712K), 0.5970229 secs] [Times: user=4.15 sys=0.59, real=0.59 secs] 
2018-04-13T21:13:00.369+0800: 71339.365: [GC (Allocation Failure) 2018-04-13T21:13:00.369+0800: 71339.365: [ParNew: 11805772K->56600K(13212096K), 0.6925521 secs] 59533698K->47788641K(187275712K), 0.6929738 secs] [Times: user=4.16 sys=1.33, real=0.70 secs] 
2018-04-13T21:13:34.441+0800: 71373.437: [GC (Allocation Failure) 2018-04-13T21:13:34.442+0800: 71373.438: [ParNew: 11800728K->77374K(13212096K), 0.5928060 secs] 59532769K->47818994K(187275712K), 0.5932151 secs] [Times: user=4.24 sys=0.48, real=0.59 secs] 
2018-04-13T21:13:59.511+0800: 71398.507: [GC (Allocation Failure) 2018-04-13T21:13:59.511+0800: 71398.507: [ParNew: 11821502K->80699K(13212096K), 0.6603945 secs] 59563122K->47825654K(187275712K), 0.6608061 secs] [Times: user=3.95 sys=1.29, real=0.67 secs] 
2018-04-13T21:14:22.164+0800: 71421.160: [GC (Allocation Failure) 2018-04-13T21:14:22.164+0800: 71421.160: [ParNew: 11824827K->76804K(13212096K), 0.6419123 secs] 59569782K->47824190K(187275712K), 0.6423135 secs] [Times: user=4.38 sys=0.73, real=0.64 secs] 
2018-04-13T21:14:53.892+0800: 71452.888: [GC (Allocation Failure) 2018-04-13T21:14:53.893+0800: 71452.889: [ParNew: 11820932K->81406K(13212096K), 0.5592852 secs] 59568318K->47830555K(187275712K), 0.5597405 secs] [Times: user=4.09 sys=0.35, real=0.56 secs] 
2018-04-13T21:15:30.197+0800: 71489.193: [GC (Allocation Failure) 2018-04-13T21:15:30.197+0800: 71489.193: [ParNew: 11825534K->63967K(13212096K), 0.7341959 secs] 59574683K->47814243K(187275712K), 0.7346046 secs] [Times: user=4.23 sys=1.60, real=0.74 secs] 
2018-04-13T21:15:49.859+0800: 71508.855: [GC (Allocation Failure) 2018-04-13T21:15:49.859+0800: 71508.855: [ParNew: 11808095K->66152K(13212096K), 0.5849077 secs] 59558371K->47818675K(187275712K), 0.5853073 secs] [Times: user=4.38 sys=0.29, real=0.59 secs] 
2018-04-13T21:16:12.475+0800: 71531.471: [GC (Allocation Failure) 2018-04-13T21:16:12.475+0800: 71531.471: [ParNew: 11810280K->70033K(13212096K), 0.6267901 secs] 59562803K->47824542K(187275712K), 0.6272250 secs] [Times: user=3.97 sys=1.01, real=0.63 secs] 
2018-04-13T21:16:48.695+0800: 71567.691: [GC (Allocation Failure) 2018-04-13T21:16:48.695+0800: 71567.691: [ParNew: 11814161K->47299K(13212096K), 0.5803752 secs] 59568670K->47803146K(187275712K), 0.5807888 secs] [Times: user=4.02 sys=0.60, real=0.58 secs] 
2018-04-13T21:17:30.670+0800: 71609.666: [GC (Allocation Failure) 2018-04-13T21:17:30.670+0800: 71609.666: [ParNew: 11791427K->62823K(13212096K), 0.6780574 secs] 59547274K->47819367K(187275712K), 0.6784680 secs] [Times: user=4.03 sys=1.35, real=0.68 secs] 
2018-04-13T21:18:06.533+0800: 71645.529: [GC (Allocation Failure) 2018-04-13T21:18:06.533+0800: 71645.529: [ParNew: 11806951K->57509K(13212096K), 0.5180060 secs] 59563495K->47816014K(187275712K), 0.5184091 secs] [Times: user=3.69 sys=0.44, real=0.52 secs] 
2018-04-13T21:19:08.383+0800: 71707.379: [GC (Allocation Failure) 2018-04-13T21:19:08.383+0800: 71707.379: [ParNew: 11801637K->57748K(13212096K), 0.7727642 secs] 59560142K->47817784K(187275712K), 0.7731795 secs] [Times: user=4.73 sys=1.41, real=0.77 secs] 
2018-04-13T21:19:55.167+0800: 71754.163: [GC (Allocation Failure) 2018-04-13T21:19:55.167+0800: 71754.163: [ParNew: 11801876K->89813K(13212096K), 0.7047617 secs] 59561912K->47851068K(187275712K), 0.7051727 secs] [Times: user=4.78 sys=0.81, real=0.71 secs] 
2018-04-13T21:20:37.491+0800: 71796.487: [GC (Allocation Failure) 2018-04-13T21:20:37.491+0800: 71796.487: [ParNew: 11833941K->96082K(13212096K), 0.6816176 secs] 59595196K->47858285K(187275712K), 0.6820282 secs] [Times: user=4.10 sys=1.32, real=0.69 secs] 
2018-04-13T21:21:20.311+0800: 71839.307: [GC (Allocation Failure) 2018-04-13T21:21:20.311+0800: 71839.307: [ParNew: 11840210K->104457K(13212096K), 0.7469069 secs] 59602413K->47867477K(187275712K), 0.7473110 secs] [Times: user=4.81 sys=1.14, real=0.75 secs] 
2018-04-13T21:22:09.081+0800: 71888.077: [GC (Allocation Failure) 2018-04-13T21:22:09.081+0800: 71888.077: [ParNew: 11848585K->73498K(13212096K), 0.7001147 secs] 59611605K->47837633K(187275712K), 0.7005256 secs] [Times: user=4.45 sys=1.10, real=0.71 secs] 
2018-04-13T21:22:42.247+0800: 71921.243: [GC (Allocation Failure) 2018-04-13T21:22:42.247+0800: 71921.243: [ParNew: 11817626K->91270K(13212096K), 0.6787161 secs] 59581761K->47859481K(187275712K), 0.6791115 secs] [Times: user=4.48 sys=0.92, real=0.68 secs] 
2018-04-13T21:23:10.243+0800: 71949.239: [GC (Allocation Failure) 2018-04-13T21:23:10.243+0800: 71949.239: [ParNew: 11835398K->129676K(13212096K), 0.6886701 secs] 59603609K->47900303K(187275712K), 0.6890819 secs] [Times: user=4.15 sys=1.32, real=0.69 secs] 
2018-04-13T21:23:44.771+0800: 71983.767: [GC (Allocation Failure) 2018-04-13T21:23:44.771+0800: 71983.767: [ParNew: 11873804K->128622K(13212096K), 0.5922071 secs] 59644431K->47902446K(187275712K), 0.5926237 secs] [Times: user=4.16 sys=0.55, real=0.60 secs] 
2018-04-13T21:24:18.483+0800: 72017.479: [GC (Allocation Failure) 2018-04-13T21:24:18.483+0800: 72017.479: [ParNew: 11872750K->99953K(13212096K), 0.7001935 secs] 59646574K->47875359K(187275712K), 0.7006031 secs] [Times: user=4.71 sys=0.86, real=0.70 secs] 
2018-04-13T21:24:44.286+0800: 72043.282: [GC (Allocation Failure) 2018-04-13T21:24:44.286+0800: 72043.282: [ParNew: 11844081K->104459K(13212096K), 0.5418254 secs] 59619487K->47881167K(187275712K), 0.5422158 secs] [Times: user=4.11 sys=0.20, real=0.54 secs] 
2018-04-13T21:25:12.662+0800: 72071.658: [GC (Allocation Failure) 2018-04-13T21:25:12.663+0800: 72071.659: [ParNew: 11848587K->120404K(13212096K), 0.5689955 secs] 59625295K->47899010K(187275712K), 0.5693843 secs] [Times: user=4.07 sys=0.46, real=0.57 secs] 
2018-04-13T21:25:41.770+0800: 72100.766: [GC (Allocation Failure) 2018-04-13T21:25:41.770+0800: 72100.766: [ParNew: 11864532K->135833K(13212096K), 0.6881161 secs] 59643138K->47916637K(187275712K), 0.6885249 secs] [Times: user=4.31 sys=1.15, real=0.69 secs] 
2018-04-13T21:26:04.822+0800: 72123.818: [GC (Allocation Failure) 2018-04-13T21:26:04.823+0800: 72123.819: [ParNew: 11879961K->121883K(13212096K), 0.6769473 secs] 59660765K->47903757K(187275712K), 0.6773432 secs] [Times: user=4.33 sys=1.07, real=0.67 secs] 
2018-04-13T21:26:42.125+0800: 72161.121: [GC (Allocation Failure) 2018-04-13T21:26:42.126+0800: 72161.122: [ParNew: 11866011K->113776K(13212096K), 0.6243726 secs] 59647885K->47896810K(187275712K), 0.6247693 secs] [Times: user=3.83 sys=1.12, real=0.62 secs] 
2018-04-13T21:27:23.600+0800: 72202.596: [GC (Allocation Failure) 2018-04-13T21:27:23.600+0800: 72202.596: [ParNew: 11857904K->78653K(13212096K), 0.6048684 secs] 59640938K->47862733K(187275712K), 0.6052683 secs] [Times: user=4.19 sys=0.63, real=0.61 secs] 
2018-04-13T21:27:59.379+0800: 72238.375: [GC (Allocation Failure) 2018-04-13T21:27:59.379+0800: 72238.375: [ParNew: 11822781K->125199K(13212096K), 0.7077405 secs] 59606861K->47910411K(187275712K), 0.7081527 secs] [Times: user=3.84 sys=1.77, real=0.71 secs] 
2018-04-13T21:28:46.144+0800: 72285.140: [GC (Allocation Failure) 2018-04-13T21:28:46.144+0800: 72285.140: [ParNew: 11869327K->89305K(13212096K), 0.7514945 secs] 59654539K->47875290K(187275712K), 0.7518939 secs] [Times: user=4.82 sys=1.17, real=0.75 secs] 
2018-04-13T21:29:46.681+0800: 72345.677: [GC (Allocation Failure) 2018-04-13T21:29:46.681+0800: 72345.677: [ParNew: 11833433K->76345K(13212096K), 0.6519987 secs] 59619418K->47864335K(187275712K), 0.6524088 secs] [Times: user=3.85 sys=1.31, real=0.66 secs] 
2018-04-13T21:30:59.301+0800: 72418.297: [GC (Allocation Failure) 2018-04-13T21:30:59.301+0800: 72418.297: [ParNew: 11820473K->91011K(13212096K), 0.6552965 secs] 59608463K->47879787K(187275712K), 0.6557061 secs] [Times: user=4.77 sys=0.44, real=0.66 secs] 
2018-04-13T21:32:08.478+0800: 72487.474: [GC (Allocation Failure) 2018-04-13T21:32:08.478+0800: 72487.474: [ParNew: 11835139K->90309K(13212096K), 0.8045873 secs] 59623915K->47880261K(187275712K), 0.8049807 secs] [Times: user=4.45 sys=1.94, real=0.81 secs] 
2018-04-13T21:33:09.021+0800: 72548.017: [GC (Allocation Failure) 2018-04-13T21:33:09.021+0800: 72548.017: [ParNew: 11834437K->78071K(13212096K), 0.7185258 secs] 59624389K->47869742K(187275712K), 0.7189512 secs] [Times: user=4.21 sys=1.48, real=0.72 secs] 
2018-04-13T21:34:01.033+0800: 72600.029: [GC (Allocation Failure) 2018-04-13T21:34:01.034+0800: 72600.030: [ParNew: 11822199K->85577K(13212096K), 0.8460919 secs] 59613870K->47877945K(187275712K), 0.8464802 secs] [Times: user=5.22 sys=1.52, real=0.84 secs] 
2018-04-13T21:34:43.114+0800: 72642.110: [GC (Allocation Failure) 2018-04-13T21:34:43.114+0800: 72642.110: [ParNew: 11829705K->90990K(13212096K), 0.7174577 secs] 59622073K->47884475K(187275712K), 0.7178594 secs] [Times: user=4.64 sys=1.06, real=0.72 secs] 
2018-04-13T21:35:29.768+0800: 72688.764: [GC (Allocation Failure) 2018-04-13T21:35:29.768+0800: 72688.764: [ParNew: 11835118K->97418K(13212096K), 0.6821937 secs] 59628603K->47894386K(187275712K), 0.6825970 secs] [Times: user=4.61 sys=0.81, real=0.68 secs] 
2018-04-13T21:36:25.010+0800: 72744.006: [GC (Allocation Failure) 2018-04-13T21:36:25.011+0800: 72744.007: [ParNew: 11841546K->119377K(13212096K), 0.7181546 secs] 59638514K->47920064K(187275712K), 0.7185758 secs] [Times: user=4.34 sys=1.35, real=0.72 secs] 
2018-04-13T21:37:36.552+0800: 72815.548: [GC (Allocation Failure) 2018-04-13T21:37:36.553+0800: 72815.549: [ParNew: 11863505K->82901K(13212096K), 0.7445090 secs] 59664192K->47886735K(187275712K), 0.7449134 secs] [Times: user=4.32 sys=1.58, real=0.74 secs] 
2018-04-13T21:38:21.057+0800: 72860.053: [GC (Allocation Failure) 2018-04-13T21:38:21.057+0800: 72860.053: [ParNew: 11827029K->104340K(13212096K), 0.8109927 secs] 59630863K->47909884K(187275712K), 0.8114067 secs] [Times: user=5.14 sys=1.30, real=0.81 secs] 
2018-04-13T21:39:20.962+0800: 72919.958: [GC (Allocation Failure) 2018-04-13T21:39:20.962+0800: 72919.958: [ParNew: 11848468K->123491K(13212096K), 0.7427411 secs] 59654012K->47931645K(187275712K), 0.7431671 secs] [Times: user=4.63 sys=1.26, real=0.74 secs] 
2018-04-13T21:40:27.339+0800: 72986.335: [GC (Allocation Failure) 2018-04-13T21:40:27.339+0800: 72986.335: [ParNew: 11867619K->121810K(13212096K), 0.7648040 secs] 59675773K->47931869K(187275712K), 0.7652040 secs] [Times: user=5.12 sys=0.96, real=0.77 secs] 
2018-04-13T21:41:20.534+0800: 73039.530: [GC (Allocation Failure) 2018-04-13T21:41:20.535+0800: 73039.531: [ParNew: 11865938K->134637K(13212096K), 0.7511831 secs] 59675997K->47946959K(187275712K), 0.7515973 secs] [Times: user=4.69 sys=1.27, real=0.75 secs] 
2018-04-13T21:42:19.766+0800: 73098.762: [GC (Allocation Failure) 2018-04-13T21:42:19.766+0800: 73098.762: [ParNew: 11878765K->112068K(13212096K), 0.6219576 secs] 59691087K->47928693K(187275712K), 0.6223398 secs] [Times: user=4.16 sys=0.78, real=0.62 secs] 
2018-04-13T21:43:22.350+0800: 73161.346: [GC (Allocation Failure) 2018-04-13T21:43:22.350+0800: 73161.346: [ParNew: 11856196K->122582K(13212096K), 0.7972444 secs] 59672821K->47942943K(187275712K), 0.7976588 secs] [Times: user=4.81 sys=1.51, real=0.80 secs] 
2018-04-13T21:44:34.386+0800: 73233.382: [GC (Allocation Failure) 2018-04-13T21:44:34.387+0800: 73233.383: [ParNew: 11866710K->87005K(13212096K), 0.9042620 secs] 59687071K->47912908K(187275712K), 0.9046679 secs] [Times: user=5.67 sys=1.50, real=0.91 secs] 
2018-04-13T21:45:45.434+0800: 73304.430: [GC (Allocation Failure) 2018-04-13T21:45:45.434+0800: 73304.430: [ParNew: 11831133K->100956K(13212096K), 0.7469581 secs] 59657036K->47932389K(187275712K), 0.7473586 secs] [Times: user=5.12 sys=0.81, real=0.75 secs] 
2018-04-13T21:47:25.918+0800: 73404.914: [GC (Allocation Failure) 2018-04-13T21:47:25.918+0800: 73404.914: [ParNew: 11845084K->76745K(13212096K), 0.8808223 secs] 59676517K->47912436K(187275712K), 0.8812285 secs] [Times: user=4.89 sys=2.09, real=0.88 secs] 
2018-04-13T21:50:44.053+0800: 73603.049: [GC (Allocation Failure) 2018-04-13T21:50:44.053+0800: 73603.049: [ParNew: 11820873K->71649K(13212096K), 1.0437763 secs] 59656564K->47909106K(187275712K), 1.0442797 secs] [Times: user=6.05 sys=2.21, real=1.04 secs] 
2018-04-13T21:53:44.132+0800: 73783.128: [GC (Allocation Failure) 2018-04-13T21:53:44.132+0800: 73783.128: [ParNew: 11815777K->80464K(13212096K), 1.0477321 secs] 59653234K->47919318K(187275712K), 1.0481047 secs] [Times: user=5.28 sys=3.03, real=1.04 secs] 
2018-04-13T21:56:42.623+0800: 73961.619: [GC (Allocation Failure) 2018-04-13T21:56:42.624+0800: 73961.620: [ParNew: 11824592K->96771K(13212096K), 1.1062054 secs] 59663446K->47937071K(187275712K), 1.1066413 secs] [Times: user=6.00 sys=2.78, real=1.10 secs] 
2018-04-13T22:00:13.819+0800: 74172.815: [GC (Allocation Failure) 2018-04-13T22:00:13.819+0800: 74172.815: [ParNew: 11840899K->99715K(13212096K), 1.5646578 secs] 59681199K->47941907K(187275712K), 1.5650964 secs] [Times: user=8.05 sys=4.37, real=1.57 secs] 
2018-04-13T22:02:50.303+0800: 74329.299: [GC (Allocation Failure) 2018-04-13T22:02:50.303+0800: 74329.299: [ParNew: 11843843K->116181K(13212096K), 1.4155858 secs] 59686035K->47961372K(187275712K), 1.4160148 secs] [Times: user=7.86 sys=3.35, real=1.41 secs] 
2018-04-13T22:04:42.191+0800: 74441.187: [GC (Allocation Failure) 2018-04-13T22:04:42.191+0800: 74441.187: [ParNew: 11860309K->124175K(13212096K), 0.9180862 secs] 59705500K->47971956K(187275712K), 0.9185309 secs] [Times: user=5.78 sys=1.51, real=0.92 secs] 
2018-04-13T22:05:49.318+0800: 74508.314: [GC (Allocation Failure) 2018-04-13T22:05:49.318+0800: 74508.314: [ParNew: 11868303K->129712K(13212096K), 0.6410440 secs] 59716084K->47982845K(187275712K), 0.6414871 secs] [Times: user=4.30 sys=0.79, real=0.64 secs] 
2018-04-13T22:08:09.602+0800: 74648.598: [GC (Allocation Failure) 2018-04-13T22:08:09.602+0800: 74648.598: [ParNew: 11873840K->93815K(13212096K), 1.0572850 secs] 59726973K->47951897K(187275712K), 1.0577082 secs] [Times: user=5.31 sys=3.09, real=1.05 secs] 
2018-04-13T22:09:38.901+0800: 74737.897: [GC (Allocation Failure) 2018-04-13T22:09:38.901+0800: 74737.897: [ParNew: 11837943K->148401K(13212096K), 0.9345940 secs] 59696025K->48013330K(187275712K), 0.9350274 secs] [Times: user=5.66 sys=1.76, real=0.94 secs] 
2018-04-13T22:11:48.687+0800: 74867.683: [GC (Allocation Failure) 2018-04-13T22:11:48.687+0800: 74867.683: [ParNew: 11892529K->144718K(13212096K), 0.8102152 secs] 59757458K->48016037K(187275712K), 0.8106502 secs] [Times: user=4.87 sys=1.55, real=0.81 secs] 
2018-04-13T22:13:45.310+0800: 74984.306: [GC (Allocation Failure) 2018-04-13T22:13:45.310+0800: 74984.306: [ParNew: 11887944K->102962K(13212096K), 0.7346393 secs] 59759262K->47981340K(187275712K), 0.7350028 secs] [Times: user=4.78 sys=1.08, real=0.74 secs] 
2018-04-13T22:16:05.590+0800: 75124.586: [GC (Allocation Failure) 2018-04-13T22:16:05.590+0800: 75124.586: [ParNew: 11847090K->87079K(13212096K), 0.9413963 secs] 59725468K->47969835K(187275712K), 0.9418230 secs] [Times: user=5.63 sys=1.82, real=0.95 secs] 
2018-04-13T22:16:33.422+0800: 75152.418: [GC (Allocation Failure) 2018-04-13T22:16:33.422+0800: 75152.418: [ParNew: 11831207K->107624K(13212096K), 0.5731511 secs] 59713963K->47992702K(187275712K), 0.5735902 secs] [Times: user=4.06 sys=0.50, real=0.57 secs] 
2018-04-13T22:17:55.816+0800: 75234.812: [GC (Allocation Failure) 2018-04-13T22:17:55.816+0800: 75234.812: [ParNew: 11851752K->89019K(13212096K), 0.7167425 secs] 59736830K->47979621K(187275712K), 0.7171073 secs] [Times: user=4.27 sys=1.42, real=0.72 secs] 
2018-04-13T22:19:13.380+0800: 75312.376: [GC (Allocation Failure) 2018-04-13T22:19:13.380+0800: 75312.376: [ParNew: 11833147K->102046K(13212096K), 0.8271741 secs] 59723749K->47997008K(187275712K), 0.8276041 secs] [Times: user=4.63 sys=1.94, real=0.83 secs] 
2018-04-13T22:19:51.655+0800: 75350.651: [GC (Allocation Failure) 2018-04-13T22:19:51.655+0800: 75350.651: [ParNew: 11846174K->108805K(13212096K), 0.5635455 secs] 59741136K->48007758K(187275712K), 0.5639147 secs] [Times: user=3.99 sys=0.49, real=0.56 secs] 
2018-04-13T22:20:26.656+0800: 75385.652: [GC (Allocation Failure) 2018-04-13T22:20:26.656+0800: 75385.652: [ParNew: 11852933K->80101K(13212096K), 0.5386878 secs] 59751886K->47985040K(187275712K), 0.5391823 secs] [Times: user=3.82 sys=0.45, real=0.54 secs] 
2018-04-13T22:20:49.338+0800: 75408.334: [GC (Allocation Failure) 2018-04-13T22:20:49.338+0800: 75408.334: [ParNew: 11824229K->70367K(13212096K), 0.6489714 secs] 59729168K->47988477K(187275712K), 0.6493874 secs] [Times: user=3.58 sys=1.55, real=0.65 secs] 
2018-04-13T22:21:15.602+0800: 75434.598: [GC (Allocation Failure) 2018-04-13T22:21:15.602+0800: 75434.598: [ParNew: 11814495K->80605K(13212096K), 0.5631605 secs] 59732605K->48000141K(187275712K), 0.5635999 secs] [Times: user=4.09 sys=0.40, real=0.56 secs] 
2018-04-13T22:21:43.960+0800: 75462.956: [GC (Allocation Failure) 2018-04-13T22:21:43.960+0800: 75462.956: [ParNew: 11824733K->104780K(13212096K), 0.7120457 secs] 59744269K->48029576K(187275712K), 0.7124717 secs] [Times: user=4.66 sys=0.98, real=0.72 secs] 
2018-04-13T22:22:14.861+0800: 75493.857: [GC (Allocation Failure) 2018-04-13T22:22:14.861+0800: 75493.857: [ParNew: 11848908K->76221K(13212096K), 0.6349927 secs] 59773704K->48009815K(187275712K), 0.6354206 secs] [Times: user=4.24 sys=0.81, real=0.64 secs] 
2018-04-13T22:22:32.826+0800: 75511.822: [GC (Allocation Failure) 2018-04-13T22:22:32.827+0800: 75511.823: [ParNew: 11820349K->70527K(13212096K), 0.5397337 secs] 59753943K->48006871K(187275712K), 0.5401463 secs] [Times: user=4.01 sys=0.28, real=0.54 secs] 
2018-04-13T22:22:54.135+0800: 75533.131: [GC (Allocation Failure) 2018-04-13T22:22:54.135+0800: 75533.131: [ParNew: 11814655K->71138K(13212096K), 0.6426762 secs] 59750999K->48008595K(187275712K), 0.6431086 secs] [Times: user=4.02 sys=1.07, real=0.64 secs] 
2018-04-13T22:23:23.859+0800: 75562.855: [GC (Allocation Failure) 2018-04-13T22:23:23.860+0800: 75562.856: [ParNew: 11815266K->88802K(13212096K), 0.6290854 secs] 59752723K->48028003K(187275712K), 0.6294948 secs] [Times: user=4.23 sys=0.78, real=0.63 secs] 
2018-04-13T22:23:51.658+0800: 75590.654: [GC (Allocation Failure) 2018-04-13T22:23:51.658+0800: 75590.654: [ParNew: 11832930K->112821K(13212096K), 0.6766022 secs] 59772131K->48053691K(187275712K), 0.6770250 secs] [Times: user=3.62 sys=1.75, real=0.68 secs] 
2018-04-13T22:24:24.254+0800: 75623.250: [GC (Allocation Failure) 2018-04-13T22:24:24.254+0800: 75623.250: [ParNew: 11856949K->102079K(13212096K), 0.5384550 secs] 59797819K->48046973K(187275712K), 0.5388636 secs] [Times: user=3.90 sys=0.40, real=0.54 secs] 
2018-04-13T22:24:41.386+0800: 75640.382: [GC (Allocation Failure) 2018-04-13T22:24:41.386+0800: 75640.382: [ParNew: 11846207K->98410K(13212096K), 0.5216347 secs] 59791101K->48045375K(187275712K), 0.5220441 secs] [Times: user=3.76 sys=0.39, real=0.52 secs] 
2018-04-13T22:24:58.782+0800: 75657.778: [GC (Allocation Failure) 2018-04-13T22:24:58.782+0800: 75657.779: [ParNew: 11842538K->106416K(13212096K), 0.6561701 secs] 59789503K->48054498K(187275712K), 0.6565806 secs] [Times: user=3.97 sys=1.24, real=0.65 secs] 
2018-04-13T22:25:26.886+0800: 75685.882: [GC (Allocation Failure) 2018-04-13T22:25:26.886+0800: 75685.882: [ParNew: 11850544K->92548K(13212096K), 0.5611921 secs] 59798626K->48042706K(187275712K), 0.5615996 secs] [Times: user=3.86 sys=0.61, real=0.56 secs] 
2018-04-13T22:25:41.383+0800: 75700.379: [GC (Allocation Failure) 2018-04-13T22:25:41.383+0800: 75700.379: [ParNew: 11836676K->81685K(13212096K), 0.5564972 secs] 59786834K->48033526K(187275712K), 0.5569086 secs] [Times: user=4.06 sys=0.37, real=0.55 secs] 
2018-04-13T22:25:53.468+0800: 75712.464: [GC (Allocation Failure) 2018-04-13T22:25:53.468+0800: 75712.464: [ParNew: 11825813K->75099K(13212096K), 0.5655147 secs] 59777654K->48028323K(187275712K), 0.5659125 secs] [Times: user=3.68 sys=0.80, real=0.57 secs] 
2018-04-13T22:26:14.199+0800: 75733.195: [GC (Allocation Failure) 2018-04-13T22:26:14.200+0800: 75733.196: [ParNew: 11819227K->58590K(13212096K), 0.5351100 secs] 59772451K->48015522K(187275712K), 0.5355095 secs] [Times: user=3.92 sys=0.34, real=0.54 secs] 
2018-04-13T22:26:35.759+0800: 75754.755: [GC (Allocation Failure) 2018-04-13T22:26:35.759+0800: 75754.755: [ParNew: 11802718K->61805K(13212096K), 0.5228289 secs] 59759650K->48019048K(187275712K), 0.5232329 secs] [Times: user=3.81 sys=0.37, real=0.53 secs] 
2018-04-13T22:26:49.286+0800: 75768.282: [GC (Allocation Failure) 2018-04-13T22:26:49.286+0800: 75768.282: [ParNew: 11805933K->44275K(13212096K), 0.4890624 secs] 59763176K->48002103K(187275712K), 0.4894653 secs] [Times: user=3.76 sys=0.13, real=0.49 secs] 
2018-04-13T22:27:04.517+0800: 75783.513: [GC (Allocation Failure) 2018-04-13T22:27:04.517+0800: 75783.513: [ParNew: 11788403K->64042K(13212096K), 0.6665449 secs] 59746231K->48022569K(187275712K), 0.6669520 secs] [Times: user=4.11 sys=1.18, real=0.67 secs] 
2018-04-13T22:27:19.176+0800: 75798.172: [GC (Allocation Failure) 2018-04-13T22:27:19.177+0800: 75798.173: [ParNew: 11808170K->77376K(13212096K), 0.5614948 secs] 59766697K->48036882K(187275712K), 0.5618914 secs] [Times: user=4.01 sys=0.46, real=0.56 secs] 
2018-04-13T22:27:42.740+0800: 75821.736: [GC (Allocation Failure) 2018-04-13T22:27:42.740+0800: 75821.737: [ParNew: 11821504K->65262K(13212096K), 0.5227000 secs] 59781010K->48025240K(187275712K), 0.5230923 secs] [Times: user=3.84 sys=0.33, real=0.53 secs] 
2018-04-13T22:28:11.886+0800: 75850.882: [GC (Allocation Failure) 2018-04-13T22:28:11.887+0800: 75850.883: [ParNew: 11809390K->42339K(13212096K), 0.6490848 secs] 59769368K->48002994K(187275712K), 0.6494864 secs] [Times: user=3.75 sys=1.41, real=0.65 secs] 
2018-04-13T22:28:36.829+0800: 75875.825: [GC (Allocation Failure) 2018-04-13T22:28:36.829+0800: 75875.825: [ParNew: 11786467K->45707K(13212096K), 0.5355569 secs] 59747122K->48006676K(187275712K), 0.5359473 secs] [Times: user=3.77 sys=0.50, real=0.54 secs] 
2018-04-13T22:29:18.761+0800: 75917.757: [GC (Allocation Failure) 2018-04-13T22:29:18.761+0800: 75917.757: [ParNew: 11789835K->67549K(13212096K), 0.6755391 secs] 59750804K->48028739K(187275712K), 0.6759568 secs] [Times: user=4.07 sys=1.28, real=0.67 secs] 
2018-04-13T22:29:56.368+0800: 75955.364: [GC (Allocation Failure) 2018-04-13T22:29:56.368+0800: 75955.364: [ParNew: 11811677K->72054K(13212096K), 0.7242274 secs] 59772867K->48033761K(187275712K), 0.7246197 secs] [Times: user=4.33 sys=1.45, real=0.73 secs] 
2018-04-13T22:30:39.191+0800: 75998.187: [GC (Allocation Failure) 2018-04-13T22:30:39.191+0800: 75998.187: [ParNew: 11816182K->60958K(13212096K), 0.6515906 secs] 59777889K->48023256K(187275712K), 0.6519938 secs] [Times: user=3.98 sys=1.19, real=0.66 secs] 
2018-04-13T22:31:17.695+0800: 76036.691: [GC (Allocation Failure) 2018-04-13T22:31:17.695+0800: 76036.691: [ParNew: 11805086K->63799K(13212096K), 0.6310676 secs] 59767384K->48026558K(187275712K), 0.6314661 secs] [Times: user=4.14 sys=0.89, real=0.63 secs] 
2018-04-13T22:31:58.737+0800: 76077.733: [GC (Allocation Failure) 2018-04-13T22:31:58.737+0800: 76077.733: [ParNew: 11807927K->67614K(13212096K), 0.6591862 secs] 59770686K->48031473K(187275712K), 0.6595980 secs] [Times: user=3.90 sys=1.33, real=0.66 secs] 
2018-04-13T22:32:44.966+0800: 76123.962: [GC (Allocation Failure) 2018-04-13T22:32:44.966+0800: 76123.962: [ParNew: 11811742K->106460K(13212096K), 0.7153294 secs] 59775601K->48071364K(187275712K), 0.7157290 secs] [Times: user=4.97 sys=0.73, real=0.72 secs] 
2018-04-13T22:33:32.826+0800: 76171.822: [GC (Allocation Failure) 2018-04-13T22:33:32.827+0800: 76171.823: [ParNew: 11850588K->84247K(13212096K), 0.7721844 secs] 59815492K->48051805K(187275712K), 0.7725825 secs] [Times: user=4.38 sys=1.76, real=0.77 secs] 
2018-04-13T22:34:10.343+0800: 76209.339: [GC (Allocation Failure) 2018-04-13T22:34:10.343+0800: 76209.339: [ParNew: 11828375K->68293K(13212096K), 0.5345903 secs] 59795933K->48038563K(187275712K), 0.5349780 secs] [Times: user=3.85 sys=0.41, real=0.53 secs] 
2018-04-13T22:35:02.585+0800: 76261.581: [GC (Allocation Failure) 2018-04-13T22:35:02.585+0800: 76261.581: [ParNew: 11812421K->74166K(13212096K), 0.7719904 secs] 59782691K->48046464K(187275712K), 0.7723926 secs] [Times: user=4.13 sys=2.00, real=0.77 secs] 
2018-04-13T22:36:29.060+0800: 76348.056: [GC (Allocation Failure) 2018-04-13T22:36:29.060+0800: 76348.056: [ParNew: 11818294K->66090K(13212096K), 0.7693026 secs] 59790592K->48040826K(187275712K), 0.7697042 secs] [Times: user=4.42 sys=1.68, real=0.77 secs] 
2018-04-13T22:38:01.721+0800: 76440.717: [GC (Allocation Failure) 2018-04-13T22:38:01.721+0800: 76440.717: [ParNew: 11810218K->72607K(13212096K), 0.9018705 secs] 59784954K->48049213K(187275712K), 0.9022656 secs] [Times: user=5.54 sys=1.63, real=0.91 secs] 
2018-04-13T22:40:20.062+0800: 76579.058: [GC (Allocation Failure) 2018-04-13T22:40:20.062+0800: 76579.058: [ParNew: 11816735K->79832K(13212096K), 0.8461405 secs] 59793341K->48061051K(187275712K), 0.8465355 secs] [Times: user=5.69 sys=1.03, real=0.84 secs] 
2018-04-13T22:42:12.179+0800: 76691.175: [GC (Allocation Failure) 2018-04-13T22:42:12.179+0800: 76691.175: [ParNew: 11823960K->123644K(13212096K), 0.9686645 secs] 59805179K->48107687K(187275712K), 0.9690796 secs] [Times: user=5.55 sys=2.11, real=0.97 secs] 
2018-04-13T22:43:37.158+0800: 76776.154: [GC (Allocation Failure) 2018-04-13T22:43:37.158+0800: 76776.154: [ParNew: 11867772K->98120K(13212096K), 0.8084838 secs] 59851815K->48087070K(187275712K), 0.8089031 secs] [Times: user=4.86 sys=1.53, real=0.81 secs] 
2018-04-13T22:45:33.218+0800: 76892.214: [GC (Allocation Failure) 2018-04-13T22:45:33.219+0800: 76892.215: [ParNew: 11842248K->112934K(13212096K), 0.9205005 secs] 59831198K->48103856K(187275712K), 0.9209152 secs] [Times: user=5.99 sys=1.32, real=0.92 secs] 
2018-04-13T22:46:32.638+0800: 76951.634: [GC (Allocation Failure) 2018-04-13T22:46:32.638+0800: 76951.634: [ParNew: 11857062K->125229K(13212096K), 0.8377521 secs] 59847984K->48118908K(187275712K), 0.8381787 secs] [Times: user=5.03 sys=1.62, real=0.84 secs] 
2018-04-13T22:47:12.244+0800: 76991.240: [GC (Allocation Failure) 2018-04-13T22:47:12.244+0800: 76991.240: [ParNew: 11869357K->122930K(13212096K), 0.6752818 secs] 59863036K->48123407K(187275712K), 0.6757009 secs] [Times: user=4.74 sys=0.63, real=0.67 secs] 
2018-04-13T22:48:44.116+0800: 77083.112: [GC (Allocation Failure) 2018-04-13T22:48:44.116+0800: 77083.113: [ParNew: 11867058K->104027K(13212096K), 1.0903850 secs] 59867535K->48108439K(187275712K), 1.0907683 secs] [Times: user=5.93 sys=2.72, real=1.09 secs] 
2018-04-13T22:51:03.169+0800: 77222.165: [GC (Allocation Failure) 2018-04-13T22:51:03.169+0800: 77222.165: [ParNew: 11848155K->104156K(13212096K), 1.2579697 secs] 59852567K->48113334K(187275712K), 1.2583763 secs] [Times: user=6.78 sys=3.18, real=1.26 secs] 
2018-04-13T22:53:51.046+0800: 77390.042: [GC (Allocation Failure) 2018-04-13T22:53:51.046+0800: 77390.042: [ParNew: 11848284K->125321K(13212096K), 1.6065265 secs] 59857462K->48135142K(187275712K), 1.6069446 secs] [Times: user=8.92 sys=3.83, real=1.61 secs] 
2018-04-13T22:55:44.200+0800: 77503.196: [GC (Allocation Failure) 2018-04-13T22:55:44.200+0800: 77503.196: [ParNew: 11869449K->125615K(13212096K), 1.3056351 secs] 59879270K->48152261K(187275712K), 1.3060633 secs] [Times: user=7.04 sys=3.31, real=1.31 secs] 
2018-04-13T22:57:44.327+0800: 77623.323: [GC (Allocation Failure) 2018-04-13T22:57:44.327+0800: 77623.323: [ParNew: 11869743K->101724K(13212096K), 1.0405206 secs] 59896389K->48132831K(187275712K), 1.0409563 secs] [Times: user=5.93 sys=2.32, real=1.04 secs] 
2018-04-13T22:59:44.826+0800: 77743.822: [GC (Allocation Failure) 2018-04-13T22:59:44.826+0800: 77743.822: [ParNew: 11845852K->139687K(13212096K), 1.1550715 secs] 59876959K->48171989K(187275712K), 1.1554940 secs] [Times: user=5.92 sys=3.24, real=1.16 secs] 
2018-04-13T23:01:56.764+0800: 77875.760: [GC (Allocation Failure) 2018-04-13T23:01:56.764+0800: 77875.760: [ParNew: 11883815K->142581K(13212096K), 0.9918849 secs] 59916117K->48176825K(187275712K), 0.9923072 secs] [Times: user=5.69 sys=2.14, real=0.99 secs] 
2018-04-13T23:04:43.942+0800: 78042.938: [GC (Allocation Failure) 2018-04-13T23:04:43.942+0800: 78042.938: [ParNew: 11886709K->130568K(13212096K), 1.0781909 secs] 59920953K->48169305K(187275712K), 1.0786392 secs] [Times: user=6.59 sys=1.93, real=1.07 secs] 
2018-04-13T23:07:29.839+0800: 78208.835: [GC (Allocation Failure) 2018-04-13T23:07:29.839+0800: 78208.835: [ParNew: 11874696K->140853K(13212096K), 0.9871138 secs] 59913433K->48183073K(187275712K), 0.9874672 secs] [Times: user=6.07 sys=1.74, real=0.99 secs] 
2018-04-13T23:07:57.016+0800: 78236.012: [GC (Allocation Failure) 2018-04-13T23:07:57.016+0800: 78236.012: [ParNew: 11884981K->114561K(13212096K), 0.7286495 secs] 59927201K->48162172K(187275712K), 0.7289986 secs] [Times: user=4.79 sys=1.01, real=0.73 secs] 
2018-04-13T23:08:46.158+0800: 78285.154: [GC (Allocation Failure) 2018-04-13T23:08:46.159+0800: 78285.155: [ParNew: 11858689K->127024K(13212096K), 0.6540362 secs] 59906300K->48180514K(187275712K), 0.6544097 secs] [Times: user=3.72 sys=1.46, real=0.66 secs] 
2018-04-13T23:10:00.454+0800: 78359.450: [GC (Allocation Failure) 2018-04-13T23:10:00.454+0800: 78359.450: [ParNew: 11871152K->110349K(13212096K), 0.7284122 secs] 59924642K->48171809K(187275712K), 0.7287678 secs] [Times: user=4.42 sys=1.38, real=0.73 secs] 
2018-04-13T23:10:28.543+0800: 78387.539: [GC (Allocation Failure) 2018-04-13T23:10:28.543+0800: 78387.539: [ParNew: 11854477K->107783K(13212096K), 0.6864717 secs] 59915937K->48179584K(187275712K), 0.6868831 secs] [Times: user=4.23 sys=1.21, real=0.68 secs] 
2018-04-13T23:11:00.873+0800: 78419.869: [GC (Allocation Failure) 2018-04-13T23:11:00.873+0800: 78419.869: [ParNew: 11851911K->132340K(13212096K), 0.5738906 secs] 59923712K->48214553K(187275712K), 0.5743052 secs] [Times: user=4.05 sys=0.51, real=0.57 secs] 
2018-04-13T23:12:26.655+0800: 78505.651: [GC (Allocation Failure) 2018-04-13T23:12:26.656+0800: 78505.652: [ParNew: 11876468K->88165K(13212096K), 0.7203810 secs] 59958681K->48178702K(187275712K), 0.7208645 secs] [Times: user=4.35 sys=1.34, real=0.72 secs] 
2018-04-13T23:14:42.167+0800: 78641.163: [GC (Allocation Failure) 2018-04-13T23:14:42.167+0800: 78641.164: [ParNew: 11832293K->63854K(13212096K), 0.9053024 secs] 59922830K->48155654K(187275712K), 0.9057167 secs] [Times: user=5.32 sys=1.85, real=0.91 secs] 
2018-04-13T23:16:33.311+0800: 78752.307: [GC (Allocation Failure) 2018-04-13T23:16:33.311+0800: 78752.307: [ParNew: 11807982K->68885K(13212096K), 0.8544841 secs] 59899782K->48162568K(187275712K), 0.8548837 secs] [Times: user=5.62 sys=1.14, real=0.86 secs] 
2018-04-13T23:19:50.512+0800: 78949.508: [GC (Allocation Failure) 2018-04-13T23:19:50.512+0800: 78949.508: [ParNew: 11813013K->83022K(13212096K), 1.0916236 secs] 59906696K->48179624K(187275712K), 1.0920554 secs] [Times: user=6.13 sys=2.52, real=1.09 secs] 
2018-04-13T23:23:07.429+0800: 79146.425: [GC (Allocation Failure) 2018-04-13T23:23:07.429+0800: 79146.425: [ParNew: 11827150K->88485K(13212096K), 1.1777358 secs] 59923752K->48186072K(187275712K), 1.1781560 secs] [Times: user=6.90 sys=2.41, real=1.18 secs] 
2018-04-13T23:26:34.857+0800: 79353.853: [GC (Allocation Failure) 2018-04-13T23:26:34.857+0800: 79353.853: [ParNew: 11832613K->86403K(13212096K), 1.1354972 secs] 59930200K->48185221K(187275712K), 1.1359390 secs] [Times: user=7.05 sys=1.87, real=1.14 secs] 
2018-04-13T23:29:32.003+0800: 79530.999: [GC (Allocation Failure) 2018-04-13T23:29:32.003+0800: 79530.999: [ParNew: 11830531K->93820K(13212096K), 1.1255724 secs] 59929349K->48194903K(187275712K), 1.1259874 secs] [Times: user=6.75 sys=2.16, real=1.12 secs] 
2018-04-13T23:30:40.995+0800: 79599.991: [GC (Allocation Failure) 2018-04-13T23:30:40.995+0800: 79599.991: [ParNew: 11837948K->104986K(13212096K), 0.7913595 secs] 59939031K->48211238K(187275712K), 0.7917907 secs] [Times: user=4.63 sys=1.64, real=0.79 secs] 
2018-04-13T23:32:46.775+0800: 79725.771: [GC (Allocation Failure) 2018-04-13T23:32:46.775+0800: 79725.772: [ParNew: 11846954K->94149K(13212096K), 0.8658515 secs] 59953207K->48203596K(187275712K), 0.8662937 secs] [Times: user=5.01 sys=1.83, real=0.87 secs] 
2018-04-13T23:34:31.378+0800: 79830.374: [GC (Allocation Failure) 2018-04-13T23:34:31.378+0800: 79830.374: [ParNew: 11838277K->138527K(13212096K), 0.7855908 secs] 59947724K->48252037K(187275712K), 0.7860124 secs] [Times: user=5.19 sys=1.05, real=0.79 secs] 
2018-04-13T23:36:04.531+0800: 79923.527: [GC (Allocation Failure) 2018-04-13T23:36:04.532+0800: 79923.528: [ParNew: 11882655K->127402K(13212096K), 0.7060714 secs] 59996165K->48243918K(187275712K), 0.7064873 secs] [Times: user=4.50 sys=1.11, real=0.70 secs] 
2018-04-13T23:36:39.496+0800: 79958.492: [GC (Allocation Failure) 2018-04-13T23:36:39.496+0800: 79958.492: [ParNew: 11871530K->128121K(13212096K), 0.6961678 secs] 59988046K->48256344K(187275712K), 0.6965961 secs] [Times: user=4.39 sys=1.13, real=0.70 secs] 
2018-04-13T23:36:58.580+0800: 79977.576: [GC (Allocation Failure) 2018-04-13T23:36:58.580+0800: 79977.577: [ParNew: 11872249K->144495K(13212096K), 0.5475068 secs] 60000472K->48281379K(187275712K), 0.5479243 secs] [Times: user=3.95 sys=0.39, real=0.55 secs] 
2018-04-13T23:37:34.085+0800: 80013.081: [GC (Allocation Failure) 2018-04-13T23:37:34.085+0800: 80013.081: [ParNew: 11888623K->114868K(13212096K), 0.7164566 secs] 60025507K->48254868K(187275712K), 0.7168688 secs] [Times: user=4.45 sys=1.23, real=0.72 secs] 
2018-04-13T23:40:26.626+0800: 80185.622: [GC (Allocation Failure) 2018-04-13T23:40:26.627+0800: 80185.623: [ParNew: 11858996K->77055K(13212096K), 0.8871575 secs] 59998996K->48221184K(187275712K), 0.8875814 secs] [Times: user=5.23 sys=1.79, real=0.89 secs] 
2018-04-13T23:43:06.222+0800: 80345.218: [GC (Allocation Failure) 2018-04-13T23:43:06.222+0800: 80345.218: [ParNew: 11821183K->93553K(13212096K), 1.0350408 secs] 59965312K->48248861K(187275712K), 1.0354751 secs] [Times: user=5.71 sys=2.50, real=1.03 secs] 
2018-04-13T23:43:33.720+0800: 80372.716: [GC (Allocation Failure) 2018-04-13T23:43:33.720+0800: 80372.716: [ParNew: 11837681K->124156K(13212096K), 0.6021524 secs] 59992989K->48295411K(187275712K), 0.6025797 secs] [Times: user=4.19 sys=0.58, real=0.61 secs] 
2018-04-13T23:43:49.273+0800: 80388.269: [GC (Allocation Failure) 2018-04-13T23:43:49.273+0800: 80388.269: [ParNew: 11868284K->93000K(13212096K), 0.6498466 secs] 60039539K->48266065K(187275712K), 0.6502733 secs] [Times: user=3.72 sys=1.44, real=0.65 secs] 
2018-04-13T23:44:19.232+0800: 80418.228: [GC (Allocation Failure) 2018-04-13T23:44:19.232+0800: 80418.228: [ParNew: 11837128K->69342K(13212096K), 0.5712381 secs] 60010193K->48242876K(187275712K), 0.5716528 secs] [Times: user=3.93 sys=0.62, real=0.57 secs] 
2018-04-13T23:44:41.576+0800: 80440.572: [GC (Allocation Failure) 2018-04-13T23:44:41.576+0800: 80440.572: [ParNew: 11813470K->78093K(13212096K), 0.4827585 secs] 59987004K->48252429K(187275712K), 0.4831840 secs] [Times: user=3.45 sys=0.40, real=0.48 secs] 
2018-04-13T23:44:56.486+0800: 80455.482: [GC (Allocation Failure) 2018-04-13T23:44:56.487+0800: 80455.483: [ParNew: 11822221K->51439K(13212096K), 0.6498457 secs] 59996557K->48229781K(187275712K), 0.6502678 secs] [Times: user=3.56 sys=1.58, real=0.65 secs] 
2018-04-13T23:46:56.609+0800: 80575.605: [GC (Allocation Failure) 2018-04-13T23:46:56.609+0800: 80575.605: [ParNew: 11795567K->72806K(13212096K), 0.8441173 secs] 59973909K->48259595K(187275712K), 0.8445173 secs] [Times: user=5.04 sys=1.65, real=0.85 secs] 
2018-04-13T23:48:44.018+0800: 80683.014: [GC (Allocation Failure) 2018-04-13T23:48:44.018+0800: 80683.014: [ParNew: 11816934K->81446K(13212096K), 0.8662404 secs] 60003723K->48269752K(187275712K), 0.8666545 secs] [Times: user=5.61 sys=1.28, real=0.87 secs] 
2018-04-13T23:49:45.486+0800: 80744.482: [GC (Allocation Failure) 2018-04-13T23:49:45.486+0800: 80744.482: [ParNew: 11825574K->59496K(13212096K), 0.7479212 secs] 60013880K->48248496K(187275712K), 0.7483305 secs] [Times: user=4.92 sys=1.06, real=0.75 secs] 
2018-04-13T23:50:21.882+0800: 80780.878: [GC (Allocation Failure) 2018-04-13T23:50:21.882+0800: 80780.878: [ParNew: 11803624K->81532K(13212096K), 0.6903504 secs] 59992624K->48271726K(187275712K), 0.6907623 secs] [Times: user=4.23 sys=1.25, real=0.69 secs] 
2018-04-13T23:50:37.047+0800: 80796.043: [GC (Allocation Failure) 2018-04-13T23:50:37.047+0800: 80796.043: [ParNew: 11825660K->106099K(13212096K), 0.5069216 secs] 60015854K->48297043K(187275712K), 0.5073150 secs] [Times: user=3.71 sys=0.33, real=0.51 secs] 
2018-04-13T23:51:15.804+0800: 80834.800: [GC (Allocation Failure) 2018-04-13T23:51:15.804+0800: 80834.800: [ParNew: 11850227K->74033K(13212096K), 0.7166693 secs] 60041171K->48265347K(187275712K), 0.7170708 secs] [Times: user=4.33 sys=1.36, real=0.72 secs] 
2018-04-13T23:51:39.564+0800: 80858.560: [GC (Allocation Failure) 2018-04-13T23:51:39.564+0800: 80858.560: [ParNew: 11818161K->73628K(13212096K), 0.5870525 secs] 60009475K->48275579K(187275712K), 0.5874479 secs] [Times: user=4.02 sys=0.63, real=0.59 secs] 
2018-04-13T23:52:05.191+0800: 80884.187: [GC (Allocation Failure) 2018-04-13T23:52:05.191+0800: 80884.187: [ParNew: 11817756K->72622K(13212096K), 0.5672345 secs] 60019707K->48284026K(187275712K), 0.5676329 secs] [Times: user=4.05 sys=0.45, real=0.57 secs] 
2018-04-13T23:52:30.825+0800: 80909.821: [GC (Allocation Failure) 2018-04-13T23:52:30.825+0800: 80909.821: [ParNew: 11816750K->72870K(13212096K), 0.6258123 secs] 60028154K->48289832K(187275712K), 0.6262305 secs] [Times: user=3.77 sys=1.20, real=0.63 secs] 
2018-04-13T23:53:02.909+0800: 80941.905: [GC (Allocation Failure) 2018-04-13T23:53:02.909+0800: 80941.905: [ParNew: 11816998K->88469K(13212096K), 0.6170611 secs] 60033960K->48310521K(187275712K), 0.6174526 secs] [Times: user=4.31 sys=0.59, real=0.62 secs] 
2018-04-13T23:53:30.931+0800: 80969.927: [GC (Allocation Failure) 2018-04-13T23:53:30.932+0800: 80969.928: [ParNew: 11832597K->72537K(13212096K), 0.6952516 secs] 60054649K->48295554K(187275712K), 0.6956531 secs] [Times: user=4.16 sys=1.36, real=0.69 secs] 
2018-04-13T23:53:44.458+0800: 80983.454: [GC (Allocation Failure) 2018-04-13T23:53:44.458+0800: 80983.454: [ParNew: 11816665K->87190K(13212096K), 0.5366169 secs] 60039682K->48312812K(187275712K), 0.5370214 secs] [Times: user=4.00 sys=0.26, real=0.54 secs] 
2018-04-13T23:54:06.911+0800: 81005.907: [GC (Allocation Failure) 2018-04-13T23:54:06.911+0800: 81005.907: [ParNew: 11831318K->79267K(13212096K), 0.5589810 secs] 60056940K->48307419K(187275712K), 0.5593751 secs] [Times: user=4.09 sys=0.35, real=0.56 secs] 
2018-04-13T23:54:26.860+0800: 81025.856: [GC (Allocation Failure) 2018-04-13T23:54:26.860+0800: 81025.856: [ParNew: 11823395K->93506K(13212096K), 0.6458658 secs] 60051547K->48324153K(187275712K), 0.6462811 secs] [Times: user=3.81 sys=1.31, real=0.65 secs] 
2018-04-13T23:54:46.710+0800: 81045.706: [GC (Allocation Failure) 2018-04-13T23:54:46.710+0800: 81045.706: [ParNew: 11837634K->120294K(13212096K), 0.5610097 secs] 60068281K->48354372K(187275712K), 0.5614180 secs] [Times: user=4.16 sys=0.30, real=0.57 secs] 
2018-04-13T23:55:11.102+0800: 81070.098: [GC (Allocation Failure) 2018-04-13T23:55:11.102+0800: 81070.098: [ParNew: 11864422K->104705K(13212096K), 0.5614487 secs] 60098500K->48341635K(187275712K), 0.5618497 secs] [Times: user=4.03 sys=0.45, real=0.56 secs] 
2018-04-13T23:55:32.273+0800: 81091.269: [GC (Allocation Failure) 2018-04-13T23:55:32.273+0800: 81091.269: [ParNew: 11848833K->125592K(13212096K), 0.6677602 secs] 60085763K->48365473K(187275712K), 0.6681536 secs] [Times: user=3.85 sys=1.44, real=0.66 secs] 
2018-04-13T23:55:47.936+0800: 81106.932: [GC (Allocation Failure) 2018-04-13T23:55:47.936+0800: 81106.932: [ParNew: 11869720K->130065K(13212096K), 0.4945128 secs] 60109601K->48372565K(187275712K), 0.4949226 secs] [Times: user=3.79 sys=0.14, real=0.50 secs] 
2018-04-13T23:55:55.787+0800: 81114.783: [GC (Allocation Failure) 2018-04-13T23:55:55.787+0800: 81114.783: [ParNew: 11874193K->132399K(13212096K), 0.5227590 secs] 60116693K->48378444K(187275712K), 0.5231582 secs] [Times: user=3.83 sys=0.32, real=0.52 secs] 
2018-04-13T23:56:06.707+0800: 81125.703: [GC (Allocation Failure) 2018-04-13T23:56:06.707+0800: 81125.703: [ParNew: 11876527K->90206K(13212096K), 0.5674154 secs] 60122572K->48343246K(187275712K), 0.5678074 secs] [Times: user=4.29 sys=0.21, real=0.57 secs] 
2018-04-13T23:56:28.917+0800: 81147.913: [GC (Allocation Failure) 2018-04-13T23:56:28.917+0800: 81147.914: [ParNew: 11834334K->84413K(13212096K), 0.6756412 secs] 60087374K->48339389K(187275712K), 0.6760453 secs] [Times: user=4.03 sys=1.31, real=0.68 secs] 
2018-04-13T23:56:53.702+0800: 81172.698: [GC (Allocation Failure) 2018-04-13T23:56:53.702+0800: 81172.698: [ParNew: 11828541K->67205K(13212096K), 0.5215880 secs] 60083517K->48324842K(187275712K), 0.5219857 secs] [Times: user=3.77 sys=0.38, real=0.52 secs] 
2018-04-13T23:57:23.221+0800: 81202.217: [GC (Allocation Failure) 2018-04-13T23:57:23.222+0800: 81202.218: [ParNew: 11811333K->82288K(13212096K), 0.5869116 secs] 60068970K->48341855K(187275712K), 0.5872998 secs] [Times: user=4.05 sys=0.62, real=0.58 secs] 
2018-04-13T23:57:52.607+0800: 81231.603: [GC (Allocation Failure) 2018-04-13T23:57:52.607+0800: 81231.603: [ParNew: 11826416K->98263K(13212096K), 0.6787379 secs] 60085983K->48359543K(187275712K), 0.6791674 secs] [Times: user=4.25 sys=1.14, real=0.68 secs] 
2018-04-13T23:58:21.784+0800: 81260.780: [GC (Allocation Failure) 2018-04-13T23:58:21.784+0800: 81260.780: [ParNew: 11842391K->77737K(13212096K), 0.5915167 secs] 60103671K->48339738K(187275712K), 0.5919141 secs] [Times: user=4.06 sys=0.65, real=0.59 secs] 
2018-04-13T23:58:55.018+0800: 81294.014: [GC (Allocation Failure) 2018-04-13T23:58:55.018+0800: 81294.014: [ParNew: 11821865K->92489K(13212096K), 0.7145823 secs] 60083866K->48355395K(187275712K), 0.7149916 secs] [Times: user=4.30 sys=1.38, real=0.72 secs] 
2018-04-13T23:59:32.381+0800: 81331.377: [GC (Allocation Failure) 2018-04-13T23:59:32.381+0800: 81331.377: [ParNew: 11836617K->80703K(13212096K), 0.6343170 secs] 60099523K->48345665K(187275712K), 0.6347197 secs] [Times: user=4.16 sys=0.89, real=0.64 secs] 
2018-04-14T00:00:15.251+0800: 81374.247: [GC (Allocation Failure) 2018-04-14T00:00:15.251+0800: 81374.247: [ParNew: 11824831K->102415K(13212096K), 0.7130469 secs] 60089793K->48369213K(187275712K), 0.7134495 secs] [Times: user=4.14 sys=1.51, real=0.72 secs] 
2018-04-14T00:00:58.360+0800: 81417.356: [GC (Allocation Failure) 2018-04-14T00:00:58.360+0800: 81417.356: [ParNew: 11846543K->84424K(13212096K), 0.6742532 secs] 60113341K->48356250K(187275712K), 0.6746534 secs] [Times: user=4.30 sys=1.06, real=0.68 secs] 
2018-04-14T00:01:56.205+0800: 81475.202: [GC (Allocation Failure) 2018-04-14T00:01:56.206+0800: 81475.202: [ParNew: 11828552K->70327K(13212096K), 0.7176748 secs] 60100378K->48344567K(187275712K), 0.7180792 secs] [Times: user=4.31 sys=1.38, real=0.72 secs] 
2018-04-14T00:02:48.359+0800: 81527.355: [GC (Allocation Failure) 2018-04-14T00:02:48.359+0800: 81527.355: [ParNew: 11814455K->120838K(13212096K), 0.6894008 secs] 60088695K->48396300K(187275712K), 0.6897980 secs] [Times: user=4.74 sys=0.74, real=0.69 secs] 
2018-04-14T00:03:44.377+0800: 81583.373: [GC (Allocation Failure) 2018-04-14T00:03:44.378+0800: 81583.374: [ParNew: 11864966K->94284K(13212096K), 0.7063902 secs] 60140428K->48371192K(187275712K), 0.7067891 secs] [Times: user=4.07 sys=1.51, real=0.71 secs] 
2018-04-14T00:04:52.707+0800: 81651.703: [GC (Allocation Failure) 2018-04-14T00:04:52.707+0800: 81651.703: [ParNew: 11838412K->85523K(13212096K), 0.7900382 secs] 60115320K->48363933K(187275712K), 0.7904476 secs] [Times: user=4.50 sys=1.76, real=0.79 secs] 
2018-04-14T00:05:54.857+0800: 81713.853: [GC (Allocation Failure) 2018-04-14T00:05:54.858+0800: 81713.854: [ParNew: 11829651K->112220K(13212096K), 0.7314300 secs] 60108061K->48392225K(187275712K), 0.7318274 secs] [Times: user=4.66 sys=1.15, real=0.73 secs] 
2018-04-14T00:07:42.903+0800: 81821.899: [GC (Allocation Failure) 2018-04-14T00:07:42.903+0800: 81821.899: [ParNew: 11856348K->108518K(13212096K), 0.9711059 secs] 60136353K->48390810K(187275712K), 0.9715195 secs] [Times: user=5.49 sys=2.22, real=0.97 secs] 
2018-04-14T00:09:57.735+0800: 81956.731: [GC (Allocation Failure) 2018-04-14T00:09:57.735+0800: 81956.731: [ParNew: 11852646K->124737K(13212096K), 1.0129134 secs] 60134938K->48409149K(187275712K), 1.0133314 secs] [Times: user=6.18 sys=1.86, real=1.01 secs] 
2018-04-14T00:11:29.114+0800: 82048.111: [GC (Allocation Failure) 2018-04-14T00:11:29.115+0800: 82048.111: [ParNew: 11868865K->125098K(13212096K), 0.9037111 secs] 60153277K->48413671K(187275712K), 0.9040949 secs] [Times: user=5.50 sys=1.68, real=0.90 secs] 
2018-04-14T00:12:02.353+0800: 82081.349: [GC (Allocation Failure) 2018-04-14T00:12:02.354+0800: 82081.350: [ParNew: 11869226K->161383K(13212096K), 0.7313273 secs] 60157799K->48453644K(187275712K), 0.7317143 secs] [Times: user=5.10 sys=0.73, real=0.73 secs] 
2018-04-14T00:12:30.060+0800: 82109.056: [GC (Allocation Failure) 2018-04-14T00:12:30.060+0800: 82109.056: [ParNew: 11905511K->120732K(13212096K), 0.5653547 secs] 60197772K->48417557K(187275712K), 0.5657649 secs] [Times: user=4.14 sys=0.35, real=0.57 secs] 
2018-04-14T00:12:57.893+0800: 82136.889: [GC (Allocation Failure) 2018-04-14T00:12:57.893+0800: 82136.889: [ParNew: 11864860K->124301K(13212096K), 0.6836606 secs] 60161685K->48427002K(187275712K), 0.6840853 secs] [Times: user=4.29 sys=1.14, real=0.68 secs] 
2018-04-14T00:13:29.464+0800: 82168.460: [GC (Allocation Failure) 2018-04-14T00:13:29.464+0800: 82168.460: [ParNew: 11868429K->118882K(13212096K), 0.6593026 secs] 60171130K->48430391K(187275712K), 0.6597182 secs] [Times: user=4.56 sys=0.67, real=0.66 secs] 
2018-04-14T00:13:50.722+0800: 82189.718: [GC (Allocation Failure) 2018-04-14T00:13:50.722+0800: 82189.718: [ParNew: 11863010K->129608K(13212096K), 0.6529449 secs] 60174519K->48454161K(187275712K), 0.6533602 secs] [Times: user=3.94 sys=1.23, real=0.65 secs] 
2018-04-14T00:14:10.675+0800: 82209.671: [GC (Allocation Failure) 2018-04-14T00:14:10.675+0800: 82209.671: [ParNew: 11873736K->98504K(13212096K), 0.5362355 secs] 60198289K->48434696K(187275712K), 0.5366437 secs] [Times: user=4.01 sys=0.24, real=0.54 secs] 
2018-04-14T00:14:41.369+0800: 82240.365: [GC (Allocation Failure) 2018-04-14T00:14:41.369+0800: 82240.365: [ParNew: 11842632K->64337K(13212096K), 0.5747077 secs] 60178824K->48403220K(187275712K), 0.5751180 secs] [Times: user=4.09 sys=0.48, real=0.58 secs] 
2018-04-14T00:16:39.231+0800: 82358.227: [GC (Allocation Failure) 2018-04-14T00:16:39.231+0800: 82358.227: [ParNew: 11808465K->54184K(13212096K), 0.9500614 secs] 60147348K->48394737K(187275712K), 0.9504722 secs] [Times: user=5.08 sys=2.46, real=0.96 secs] 
2018-04-14T00:19:35.209+0800: 82534.205: [GC (Allocation Failure) 2018-04-14T00:19:35.210+0800: 82534.206: [ParNew: 11798312K->67814K(13212096K), 0.9223198 secs] 60138865K->48409532K(187275712K), 0.9226956 secs] [Times: user=5.32 sys=1.99, real=0.93 secs] 
2018-04-14T00:21:00.790+0800: 82619.786: [GC (Allocation Failure) 2018-04-14T00:21:00.791+0800: 82619.787: [ParNew: 11811942K->118713K(13212096K), 0.9734818 secs] 60153660K->48462060K(187275712K), 0.9739062 secs] [Times: user=6.41 sys=1.32, real=0.98 secs] 
2018-04-14T00:22:59.023+0800: 82738.019: [GC (Allocation Failure) 2018-04-14T00:22:59.024+0800: 82738.020: [ParNew: 11862841K->148091K(13212096K), 0.6985894 secs] 60206188K->48492204K(187275712K), 0.6990075 secs] [Times: user=4.62 sys=0.92, real=0.70 secs] 
2018-04-14T00:26:54.019+0800: 82973.015: [GC (Allocation Failure) 2018-04-14T00:26:54.019+0800: 82973.016: [ParNew: 11892219K->93203K(13212096K), 1.2692206 secs] 60236332K->48437734K(187275712K), 1.2695973 secs] [Times: user=6.44 sys=3.65, real=1.27 secs] 
2018-04-14T00:31:22.113+0800: 83241.109: [GC (Allocation Failure) 2018-04-14T00:31:22.113+0800: 83241.109: [ParNew: 11837331K->81717K(13212096K), 1.1644560 secs] 60181862K->48427340K(187275712K), 1.1649099 secs] [Times: user=6.46 sys=2.75, real=1.16 secs] 
2018-04-14T00:32:42.032+0800: 83321.028: [GC (Allocation Failure) 2018-04-14T00:32:42.032+0800: 83321.028: [ParNew: 11825712K->86699K(13212096K), 0.8081902 secs] 60171335K->48441197K(187275712K), 0.8086233 secs] [Times: user=5.14 sys=1.28, real=0.80 secs] 
2018-04-14T00:33:42.146+0800: 83381.142: [GC (Allocation Failure) 2018-04-14T00:33:42.146+0800: 83381.142: [ParNew: 11830827K->102948K(13212096K), 0.7832772 secs] 60185325K->48463298K(187275712K), 0.7837118 secs] [Times: user=4.81 sys=1.42, real=0.78 secs] 
2018-04-14T00:34:53.137+0800: 83452.133: [GC (Allocation Failure) 2018-04-14T00:34:53.137+0800: 83452.133: [ParNew: 11847076K->79072K(13212096K), 0.9029815 secs] 60207426K->48441727K(187275712K), 0.9034093 secs] [Times: user=5.06 sys=2.11, real=0.90 secs] 
2018-04-14T00:35:58.535+0800: 83517.531: [GC (Allocation Failure) 2018-04-14T00:35:58.536+0800: 83517.532: [ParNew: 11823200K->93666K(13212096K), 0.7860276 secs] 60185855K->48460696K(187275712K), 0.7864552 secs] [Times: user=4.45 sys=1.77, real=0.79 secs] 
2018-04-14T00:36:46.093+0800: 83565.089: [GC (Allocation Failure) 2018-04-14T00:36:46.093+0800: 83565.089: [ParNew: 11837794K->104358K(13212096K), 0.6807571 secs] 60204824K->48474842K(187275712K), 0.6811688 secs] [Times: user=4.26 sys=1.16, real=0.68 secs] 
2018-04-14T00:39:33.302+0800: 83732.298: [GC (Allocation Failure) 2018-04-14T00:39:33.302+0800: 83732.298: [ParNew: 11848486K->64044K(13212096K), 0.9627544 secs] 60218970K->48440909K(187275712K), 0.9631705 secs] [Times: user=5.19 sys=2.45, real=0.96 secs] 
2018-04-14T00:42:50.084+0800: 83929.080: [GC (Allocation Failure) 2018-04-14T00:42:50.085+0800: 83929.081: [ParNew: 11808172K->50613K(13212096K), 0.9050258 secs] 60185037K->48429317K(187275712K), 0.9054547 secs] [Times: user=5.71 sys=1.42, real=0.90 secs] 
2018-04-14T00:46:20.995+0800: 84139.991: [GC (Allocation Failure) 2018-04-14T00:46:20.995+0800: 84139.991: [ParNew: 11794741K->68017K(13212096K), 1.0337137 secs] 60173445K->48447731K(187275712K), 1.0341103 secs] [Times: user=6.84 sys=1.36, real=1.03 secs] 
2018-04-14T00:49:55.462+0800: 84354.458: [GC (Allocation Failure) 2018-04-14T00:49:55.462+0800: 84354.458: [ParNew: 11812145K->71372K(13212096K), 1.4247110 secs] 60191859K->48452108K(187275712K), 1.4251518 secs] [Times: user=7.84 sys=3.45, real=1.42 secs] 
2018-04-14T00:53:43.144+0800: 84582.140: [GC (Allocation Failure) 2018-04-14T00:53:43.145+0800: 84582.141: [ParNew: 11815500K->81404K(13212096K), 1.5117892 secs] 60196236K->48463105K(187275712K), 1.5122145 secs] [Times: user=8.67 sys=3.26, real=1.51 secs] 
2018-04-14T00:54:44.210+0800: 84643.206: [GC (Allocation Failure) 2018-04-14T00:54:44.210+0800: 84643.206: [ParNew: 11825532K->114956K(13212096K), 0.7319871 secs] 60207233K->48497318K(187275712K), 0.7324380 secs] [Times: user=4.27 sys=1.53, real=0.74 secs] 
2018-04-14T00:55:05.550+0800: 84664.546: [GC (Allocation Failure) 2018-04-14T00:55:05.550+0800: 84664.546: [ParNew: 11859084K->119882K(13212096K), 0.5337016 secs] 60241446K->48504634K(187275712K), 0.5341417 secs] [Times: user=3.92 sys=0.32, real=0.54 secs] 
2018-04-14T00:55:31.959+0800: 84690.955: [GC (Allocation Failure) 2018-04-14T00:55:31.959+0800: 84690.955: [ParNew: 11864010K->97324K(13212096K), 0.5411863 secs] 60248762K->48486784K(187275712K), 0.5416129 secs] [Times: user=3.77 sys=0.54, real=0.54 secs] 
2018-04-14T00:56:13.051+0800: 84732.048: [GC (Allocation Failure) 2018-04-14T00:56:13.052+0800: 84732.048: [ParNew: 11841452K->86302K(13212096K), 0.6701127 secs] 60230912K->48481643K(187275712K), 0.6705431 secs] [Times: user=3.95 sys=1.36, real=0.67 secs] 
2018-04-14T00:56:36.457+0800: 84755.453: [GC (Allocation Failure) 2018-04-14T00:56:36.457+0800: 84755.453: [ParNew: 11830430K->92507K(13212096K), 0.6382088 secs] 60225771K->48493090K(187275712K), 0.6386192 secs] [Times: user=4.43 sys=0.64, real=0.64 secs] 
2018-04-14T00:57:12.579+0800: 84791.575: [GC (Allocation Failure) 2018-04-14T00:57:12.579+0800: 84791.575: [ParNew: 11836635K->65298K(13212096K), 0.6994999 secs] 60237218K->48471413K(187275712K), 0.6999181 secs] [Times: user=4.10 sys=1.43, real=0.70 secs] 
2018-04-14T00:58:58.095+0800: 84897.091: [GC (Allocation Failure) 2018-04-14T00:58:58.095+0800: 84897.091: [ParNew: 11809426K->73221K(13212096K), 0.9114514 secs] 60215541K->48481905K(187275712K), 0.9118637 secs] [Times: user=5.22 sys=2.03, real=0.91 secs] 
2018-04-14T01:01:38.224+0800: 85057.220: [GC (Allocation Failure) 2018-04-14T01:01:38.224+0800: 85057.220: [ParNew: 11817349K->55089K(13212096K), 1.1210038 secs] 60226033K->48464458K(187275712K), 1.1214208 secs] [Times: user=5.40 sys=3.48, real=1.12 secs] 
2018-04-14T01:04:23.162+0800: 85222.158: [GC (Allocation Failure) 2018-04-14T01:04:23.162+0800: 85222.159: [ParNew: 11799217K->74020K(13212096K), 1.0539800 secs] 60208586K->48483782K(187275712K), 1.0544078 secs] [Times: user=6.78 sys=1.56, real=1.05 secs] 
2018-04-14T01:07:52.604+0800: 85431.600: [GC (Allocation Failure) 2018-04-14T01:07:52.604+0800: 85431.600: [ParNew: 11818148K->73183K(13212096K), 0.9203909 secs] 60227910K->48484164K(187275712K), 0.9207484 secs] [Times: user=5.78 sys=1.51, real=0.92 secs] 
2018-04-14T01:12:27.762+0800: 85706.758: [GC (Allocation Failure) 2018-04-14T01:12:27.762+0800: 85706.758: [ParNew: 11817311K->73364K(13212096K), 1.1196228 secs] 60228292K->48484667K(187275712K), 1.1199779 secs] [Times: user=7.36 sys=1.53, real=1.12 secs] 
2018-04-14T01:15:02.589+0800: 85861.585: [GC (Allocation Failure) 2018-04-14T01:15:02.589+0800: 85861.585: [ParNew: 11817492K->111501K(13212096K), 1.3784312 secs] 60228795K->48523564K(187275712K), 1.3788221 secs] [Times: user=7.29 sys=3.65, real=1.38 secs] 
2018-04-14T01:17:24.788+0800: 86003.784: [GC (Allocation Failure) 2018-04-14T01:17:24.788+0800: 86003.784: [ParNew: 11855629K->87487K(13212096K), 0.8892686 secs] 60267692K->48503994K(187275712K), 0.8896226 secs] [Times: user=5.39 sys=1.66, real=0.89 secs] 
2018-04-14T01:18:30.468+0800: 86069.464: [GC (Allocation Failure) 2018-04-14T01:18:30.468+0800: 86069.464: [ParNew: 11831615K->65658K(13212096K), 0.7353682 secs] 60248122K->48486845K(187275712K), 0.7357950 secs] [Times: user=4.89 sys=0.97, real=0.74 secs] 
2018-04-14T01:19:20.251+0800: 86119.247: [GC (Allocation Failure) 2018-04-14T01:19:20.251+0800: 86119.247: [ParNew: 11809786K->82211K(13212096K), 0.8587324 secs] 60230973K->48507651K(187275712K), 0.8591607 secs] [Times: user=4.76 sys=2.05, real=0.86 secs] 
2018-04-14T01:20:23.252+0800: 86182.249: [GC (Allocation Failure) 2018-04-14T01:20:23.253+0800: 86182.249: [ParNew: 11826339K->68891K(13212096K), 0.7641982 secs] 60251779K->48499512K(187275712K), 0.7646489 secs] [Times: user=4.36 sys=1.68, real=0.76 secs] 
2018-04-14T01:21:04.615+0800: 86223.611: [GC (Allocation Failure) 2018-04-14T01:21:04.616+0800: 86223.612: [ParNew: 11813019K->64714K(13212096K), 0.5703614 secs] 60243640K->48500479K(187275712K), 0.5707757 secs] [Times: user=4.08 sys=0.46, real=0.57 secs] 
2018-04-14T01:21:36.238+0800: 86255.234: [GC (Allocation Failure) 2018-04-14T01:21:36.238+0800: 86255.234: [ParNew: 11808842K->56584K(13212096K), 0.6256952 secs] 60244607K->48498751K(187275712K), 0.6261253 secs] [Times: user=4.67 sys=0.31, real=0.63 secs] 
2018-04-14T01:22:31.948+0800: 86310.944: [GC (Allocation Failure) 2018-04-14T01:22:31.949+0800: 86310.945: [ParNew: 11800712K->56436K(13212096K), 0.9340866 secs] 60242879K->48500926K(187275712K), 0.9345078 secs] [Times: user=4.80 sys=2.63, real=0.94 secs] 
2018-04-14T01:23:37.284+0800: 86376.280: [GC (Allocation Failure) 2018-04-14T01:23:37.284+0800: 86376.280: [ParNew: 11800564K->67870K(13212096K), 0.8390813 secs] 60245054K->48513522K(187275712K), 0.8395114 secs] [Times: user=5.14 sys=1.50, real=0.84 secs] 
2018-04-14T01:24:44.201+0800: 86443.197: [GC (Allocation Failure) 2018-04-14T01:24:44.201+0800: 86443.197: [ParNew: 11810972K->70369K(13212096K), 0.6347883 secs] 60256625K->48517411K(187275712K), 0.6351905 secs] [Times: user=4.36 sys=0.69, real=0.64 secs] 
2018-04-14T01:25:36.380+0800: 86495.376: [GC (Allocation Failure) 2018-04-14T01:25:36.380+0800: 86495.376: [ParNew: 11814497K->86086K(13212096K), 0.7961454 secs] 60261539K->48534104K(187275712K), 0.7965721 secs] [Times: user=4.56 sys=1.71, real=0.80 secs] 
2018-04-14T01:27:04.776+0800: 86583.772: [GC (Allocation Failure) 2018-04-14T01:27:04.776+0800: 86583.772: [ParNew: 11830214K->60836K(13212096K), 0.9425438 secs] 60278232K->48510738K(187275712K), 0.9429435 secs] [Times: user=5.32 sys=2.11, real=0.94 secs] 
2018-04-14T01:29:17.554+0800: 86716.550: [GC (Allocation Failure) 2018-04-14T01:29:17.554+0800: 86716.550: [ParNew: 11804964K->55633K(13212096K), 0.9094665 secs] 60254866K->48506113K(187275712K), 0.9098758 secs] [Times: user=5.56 sys=1.68, real=0.91 secs] 
2018-04-14T01:31:19.525+0800: 86838.521: [GC (Allocation Failure) 2018-04-14T01:31:19.525+0800: 86838.521: [ParNew: 11799761K->111023K(13212096K), 1.0741731 secs] 60250241K->48563135K(187275712K), 1.0745946 secs] [Times: user=5.69 sys=2.80, real=1.07 secs] 
2018-04-14T01:32:14.225+0800: 86893.222: [GC (Allocation Failure) 2018-04-14T01:32:14.226+0800: 86893.222: [ParNew: 11855151K->100443K(13212096K), 0.7501282 secs] 60307263K->48554651K(187275712K), 0.7505544 secs] [Times: user=4.25 sys=1.67, real=0.75 secs] 
2018-04-14T01:32:59.575+0800: 86938.571: [GC (Allocation Failure) 2018-04-14T01:32:59.575+0800: 86938.571: [ParNew: 11844571K->109727K(13212096K), 0.7095110 secs] 60298779K->48566486K(187275712K), 0.7099278 secs] [Times: user=4.67 sys=0.96, real=0.71 secs] 
2018-04-14T01:33:32.439+0800: 86971.435: [GC (Allocation Failure) 2018-04-14T01:33:32.439+0800: 86971.435: [ParNew: 11853855K->153846K(13212096K), 0.7881602 secs] 60310614K->48611857K(187275712K), 0.7885794 secs] [Times: user=4.40 sys=1.82, real=0.79 secs] 
2018-04-14T01:33:51.062+0800: 86990.058: [GC (Allocation Failure) 2018-04-14T01:33:51.063+0800: 86990.059: [ParNew: 11897974K->176015K(13212096K), 0.6177356 secs] 60355985K->48642041K(187275712K), 0.6181434 secs] [Times: user=4.35 sys=0.56, real=0.61 secs] 
2018-04-14T01:34:07.598+0800: 87006.594: [GC (Allocation Failure) 2018-04-14T01:34:07.599+0800: 87006.595: [ParNew: 11920143K->161635K(13212096K), 0.6399147 secs] 60386169K->48633454K(187275712K), 0.6403142 secs] [Times: user=4.45 sys=0.64, real=0.64 secs] 
2018-04-14T01:34:27.336+0800: 87026.332: [GC (Allocation Failure) 2018-04-14T01:34:27.336+0800: 87026.332: [ParNew: 11905763K->149765K(13212096K), 0.6915068 secs] 60377582K->48634307K(187275712K), 0.6919151 secs] [Times: user=3.74 sys=1.71, real=0.69 secs] 
2018-04-14T01:34:44.288+0800: 87043.284: [GC (Allocation Failure) 2018-04-14T01:34:44.288+0800: 87043.284: [ParNew: 11893893K->122855K(13212096K), 0.6317712 secs] 60378435K->48612893K(187275712K), 0.6321672 secs] [Times: user=4.43 sys=0.60, real=0.63 secs] 
2018-04-14T01:35:02.093+0800: 87061.089: [GC (Allocation Failure) 2018-04-14T01:35:02.093+0800: 87061.089: [ParNew: 11866983K->112975K(13212096K), 0.6044626 secs] 60357021K->48608932K(187275712K), 0.6048592 secs] [Times: user=4.27 sys=0.53, real=0.60 secs] 
2018-04-14T01:35:20.333+0800: 87079.329: [GC (Allocation Failure) 2018-04-14T01:35:20.333+0800: 87079.329: [ParNew: 11857103K->99935K(13212096K), 0.6663080 secs] 60353060K->48601257K(187275712K), 0.6667349 secs] [Times: user=3.90 sys=1.36, real=0.66 secs] 
2018-04-14T01:35:37.662+0800: 87096.658: [GC (Allocation Failure) 2018-04-14T01:35:37.663+0800: 87096.659: [ParNew: 11844063K->118206K(13212096K), 0.5116583 secs] 60345385K->48620216K(187275712K), 0.5120549 secs] [Times: user=3.66 sys=0.42, real=0.51 secs] 
2018-04-14T01:35:56.832+0800: 87115.828: [GC (Allocation Failure) 2018-04-14T01:35:56.832+0800: 87115.828: [ParNew: 11862334K->156585K(13212096K), 0.5853380 secs] 60364344K->48659622K(187275712K), 0.5857370 secs] [Times: user=4.28 sys=0.38, real=0.58 secs] 
2018-04-14T01:36:23.052+0800: 87142.048: [GC (Allocation Failure) 2018-04-14T01:36:23.053+0800: 87142.049: [ParNew: 11900713K->94538K(13212096K), 0.7320703 secs] 60403750K->48598567K(187275712K), 0.7324801 secs] [Times: user=4.06 sys=1.71, real=0.73 secs] 
2018-04-14T01:36:33.284+0800: 87152.280: [GC (Allocation Failure) 2018-04-14T01:36:33.284+0800: 87152.280: [ParNew: 11838666K->61539K(13212096K), 0.5004052 secs] 60342695K->48566556K(187275712K), 0.5008068 secs] [Times: user=3.67 sys=0.32, real=0.50 secs] 
2018-04-14T01:37:01.675+0800: 87180.671: [GC (Allocation Failure) 2018-04-14T01:37:01.675+0800: 87180.671: [ParNew: 11805667K->51953K(13212096K), 0.6175293 secs] 60310684K->48558011K(187275712K), 0.6179321 secs] [Times: user=4.03 sys=0.86, real=0.62 secs] 
2018-04-14T01:37:45.144+0800: 87224.140: [GC (Allocation Failure) 2018-04-14T01:37:45.144+0800: 87224.140: [ParNew: 11796081K->55464K(13212096K), 0.6920568 secs] 60302139K->48562340K(187275712K), 0.6924701 secs] [Times: user=4.31 sys=1.19, real=0.69 secs] 
2018-04-14T01:38:31.251+0800: 87270.247: [GC (Allocation Failure) 2018-04-14T01:38:31.252+0800: 87270.248: [ParNew: 11799592K->64814K(13212096K), 0.7294251 secs] 60306468K->48572699K(187275712K), 0.7298412 secs] [Times: user=4.11 sys=1.65, real=0.73 secs] 
2018-04-14T01:39:19.753+0800: 87318.749: [GC (Allocation Failure) 2018-04-14T01:39:19.753+0800: 87318.749: [ParNew: 11808942K->46610K(13212096K), 0.6075085 secs] 60316827K->48556456K(187275712K), 0.6079110 secs] [Times: user=4.13 sys=0.71, real=0.60 secs] 
2018-04-14T01:40:25.721+0800: 87384.717: [GC (Allocation Failure) 2018-04-14T01:40:25.721+0800: 87384.717: [ParNew: 11790738K->77632K(13212096K), 0.8679891 secs] 60300584K->48589230K(187275712K), 0.8684023 secs] [Times: user=5.08 sys=1.79, real=0.87 secs] 
2018-04-14T01:41:13.397+0800: 87432.393: [GC (Allocation Failure) 2018-04-14T01:41:13.397+0800: 87432.393: [ParNew: 11821760K->69835K(13212096K), 0.7561461 secs] 60333358K->48582338K(187275712K), 0.7565385 secs] [Times: user=5.03 sys=0.98, real=0.76 secs] 
2018-04-14T01:43:14.438+0800: 87553.434: [GC (Allocation Failure) 2018-04-14T01:43:14.438+0800: 87553.434: [ParNew: 11813963K->60719K(13212096K), 0.9314709 secs] 60326466K->48574196K(187275712K), 0.9318810 secs] [Times: user=4.82 sys=2.54, real=0.93 secs] 
2018-04-14T01:44:47.546+0800: 87646.542: [GC (Allocation Failure) 2018-04-14T01:44:47.546+0800: 87646.542: [ParNew: 11804847K->77899K(13212096K), 0.8374188 secs] 60318324K->48593098K(187275712K), 0.8377896 secs] [Times: user=4.71 sys=1.92, real=0.84 secs] 
2018-04-14T01:47:09.320+0800: 87788.316: [GC (Allocation Failure) 2018-04-14T01:47:09.320+0800: 87788.316: [ParNew: 11822027K->74191K(13212096K), 1.0528619 secs] 60337226K->48593041K(187275712K), 1.0533037 secs] [Times: user=5.79 sys=2.53, real=1.06 secs] 
2018-04-14T01:49:01.138+0800: 87900.134: [GC (Allocation Failure) 2018-04-14T01:49:01.139+0800: 87900.135: [ParNew: 11818319K->113832K(13212096K), 0.9783859 secs] 60337169K->48634155K(187275712K), 0.9788138 secs] [Times: user=5.50 sys=2.22, real=0.98 secs] 
2018-04-14T01:51:58.728+0800: 88077.724: [GC (Allocation Failure) 2018-04-14T01:51:58.729+0800: 88077.725: [ParNew: 11857960K->102666K(13212096K), 0.9591410 secs] 60378283K->48624486K(187275712K), 0.9595430 secs] [Times: user=6.23 sys=1.40, real=0.96 secs] 
2018-04-14T01:53:33.958+0800: 88172.954: [GC (Allocation Failure) 2018-04-14T01:53:33.958+0800: 88172.954: [ParNew: 11846794K->108835K(13212096K), 0.8618312 secs] 60368614K->48633112K(187275712K), 0.8622588 secs] [Times: user=4.54 sys=2.26, real=0.86 secs] 
2018-04-14T01:55:35.908+0800: 88294.904: [GC (Allocation Failure) 2018-04-14T01:55:35.908+0800: 88294.904: [ParNew: 11852963K->80730K(13212096K), 1.1232961 secs] 60377240K->48608416K(187275712K), 1.1237209 secs] [Times: user=5.74 sys=3.18, real=1.13 secs] 
2018-04-14T01:58:01.309+0800: 88440.305: [GC (Allocation Failure) 2018-04-14T01:58:01.309+0800: 88440.305: [ParNew: 11824858K->88638K(13212096K), 1.7332251 secs] 60352544K->48619498K(187275712K), 1.7336593 secs] [Times: user=8.54 sys=5.24, real=1.74 secs] 
2018-04-14T01:59:33.822+0800: 88532.818: [GC (Allocation Failure) 2018-04-14T01:59:33.822+0800: 88532.818: [ParNew: 11832766K->107015K(13212096K), 1.0314432 secs] 60363626K->48642461K(187275712K), 1.0318273 secs] [Times: user=5.84 sys=2.33, real=1.03 secs] 
2018-04-14T02:00:47.240+0800: 88606.236: [GC (Allocation Failure) 2018-04-14T02:00:47.240+0800: 88606.236: [ParNew: 11851143K->115366K(13212096K), 0.7223480 secs] 60386589K->48655870K(187275712K), 0.7230748 secs] [Times: user=4.85 sys=0.89, real=0.73 secs] 
2018-04-14T02:01:21.249+0800: 88640.245: [GC (Allocation Failure) 2018-04-14T02:01:21.250+0800: 88640.246: [ParNew: 11859494K->97885K(13212096K), 0.6731957 secs] 60399998K->48642654K(187275712K), 0.6736186 secs] [Times: user=3.90 sys=1.42, real=0.68 secs] 
2018-04-14T02:02:22.880+0800: 88701.876: [GC (Allocation Failure) 2018-04-14T02:02:22.880+0800: 88701.876: [ParNew: 11842013K->102179K(13212096K), 0.7749029 secs] 60386782K->48649811K(187275712K), 0.7753389 secs] [Times: user=4.45 sys=1.68, real=0.78 secs] 
2018-04-14T02:03:38.721+0800: 88777.717: [GC (Allocation Failure) 2018-04-14T02:03:38.721+0800: 88777.717: [ParNew: 11846307K->97216K(13212096K), 0.8705887 secs] 60393939K->48648338K(187275712K), 0.8710195 secs] [Times: user=5.12 sys=1.79, real=0.88 secs] 
2018-04-14T02:04:02.083+0800: 88801.079: [GC (Allocation Failure) 2018-04-14T02:04:02.083+0800: 88801.079: [ParNew: 11841344K->83140K(13212096K), 0.6844990 secs] 60392466K->48639094K(187275712K), 0.6849138 secs] [Times: user=3.90 sys=1.50, real=0.68 secs] 
2018-04-14T02:04:54.383+0800: 88853.379: [GC (Allocation Failure) 2018-04-14T02:04:54.383+0800: 88853.379: [ParNew: 11827268K->88727K(13212096K), 0.7353655 secs] 60383222K->48652901K(187275712K), 0.7357789 secs] [Times: user=4.61 sys=1.25, real=0.73 secs] 
2018-04-14T02:05:56.708+0800: 88915.704: [GC (Allocation Failure) 2018-04-14T02:05:56.708+0800: 88915.704: [ParNew: 11832855K->54960K(13212096K), 0.7670181 secs] 60397029K->48632986K(187275712K), 0.7674499 secs] [Times: user=4.47 sys=1.57, real=0.77 secs] 
2018-04-14T02:06:32.047+0800: 88951.043: [GC (Allocation Failure) 2018-04-14T02:06:32.048+0800: 88951.044: [ParNew: 11799088K->89738K(13212096K), 0.6744756 secs] 60377114K->48669174K(187275712K), 0.6748852 secs] [Times: user=4.48 sys=0.89, real=0.68 secs] 
2018-04-14T02:06:55.880+0800: 88974.876: [GC (Allocation Failure) 2018-04-14T02:06:55.880+0800: 88974.876: [ParNew: 11833866K->95591K(13212096K), 0.5168630 secs] 60413302K->48678953K(187275712K), 0.5172784 secs] [Times: user=3.87 sys=0.23, real=0.52 secs] 
2018-04-14T02:07:18.686+0800: 88997.682: [GC (Allocation Failure) 2018-04-14T02:07:18.686+0800: 88997.682: [ParNew: 11839719K->96831K(13212096K), 0.6876827 secs] 60423081K->48685233K(187275712K), 0.6881150 secs] [Times: user=3.84 sys=1.59, real=0.69 secs] 
2018-04-14T02:07:37.438+0800: 89016.434: [GC (Allocation Failure) 2018-04-14T02:07:37.438+0800: 89016.434: [ParNew: 11840959K->89132K(13212096K), 0.6217903 secs] 60429361K->48678750K(187275712K), 0.6222013 secs] [Times: user=4.32 sys=0.64, real=0.62 secs] 
2018-04-14T02:07:56.603+0800: 89035.599: [GC (Allocation Failure) 2018-04-14T02:07:56.603+0800: 89035.599: [ParNew: 11833260K->97349K(13212096K), 0.5385954 secs] 60422878K->48688990K(187275712K), 0.5389952 secs] [Times: user=4.09 sys=0.20, real=0.54 secs] 
2018-04-14T02:08:26.129+0800: 89065.125: [GC (Allocation Failure) 2018-04-14T02:08:26.129+0800: 89065.125: [ParNew: 11841477K->84863K(13212096K), 0.6930462 secs] 60433118K->48682658K(187275712K), 0.6934601 secs] [Times: user=3.91 sys=1.56, real=0.70 secs] 
2018-04-14T02:08:58.438+0800: 89097.434: [GC (Allocation Failure) 2018-04-14T02:08:58.438+0800: 89097.435: [ParNew: 11828991K->60527K(13212096K), 0.5837256 secs] 60426786K->48660585K(187275712K), 0.5841394 secs] [Times: user=4.18 sys=0.47, real=0.59 secs] 
2018-04-14T02:09:26.556+0800: 89125.552: [GC (Allocation Failure) 2018-04-14T02:09:26.556+0800: 89125.552: [ParNew: 11804655K->62226K(13212096K), 0.6894265 secs] 60404713K->48663377K(187275712K), 0.6898500 secs] [Times: user=4.02 sys=1.43, real=0.69 secs] 
2018-04-14T02:09:43.838+0800: 89142.834: [GC (Allocation Failure) 2018-04-14T02:09:43.838+0800: 89142.835: [ParNew: 11806354K->55774K(13212096K), 0.5280108 secs] 60407505K->48658971K(187275712K), 0.5284174 secs] [Times: user=3.91 sys=0.30, real=0.53 secs] 
2018-04-14T02:10:07.283+0800: 89166.279: [GC (Allocation Failure) 2018-04-14T02:10:07.283+0800: 89166.279: [ParNew: 11799902K->46535K(13212096K), 0.5087068 secs] 60403099K->48652007K(187275712K), 0.5091189 secs] [Times: user=3.73 sys=0.32, real=0.51 secs] 
2018-04-14T02:10:38.044+0800: 89197.040: [GC (Allocation Failure) 2018-04-14T02:10:38.044+0800: 89197.040: [ParNew: 11790663K->43982K(13212096K), 0.6806739 secs] 60396135K->48650855K(187275712K), 0.6811017 secs] [Times: user=3.68 sys=1.68, real=0.68 secs] 
2018-04-14T02:11:09.177+0800: 89228.173: [GC (Allocation Failure) 2018-04-14T02:11:09.177+0800: 89228.173: [ParNew: 11788110K->48510K(13212096K), 0.7466964 secs] 60394983K->48656512K(187275712K), 0.7471021 secs] [Times: user=4.87 sys=1.08, real=0.75 secs] 
2018-04-14T02:11:44.638+0800: 89263.634: [GC (Allocation Failure) 2018-04-14T02:11:44.638+0800: 89263.634: [ParNew: 11792638K->70226K(13212096K), 0.6958842 secs] 60400640K->48679762K(187275712K), 0.6963099 secs] [Times: user=4.28 sys=1.21, real=0.70 secs] 
2018-04-14T02:12:06.175+0800: 89285.171: [GC (Allocation Failure) 2018-04-14T02:12:06.175+0800: 89285.171: [ParNew: 11814354K->110066K(13212096K), 0.6388875 secs] 60423890K->48720636K(187275712K), 0.6392992 secs] [Times: user=4.41 sys=0.68, real=0.64 secs] 
2018-04-14T02:12:28.060+0800: 89307.056: [GC (Allocation Failure) 2018-04-14T02:12:28.060+0800: 89307.056: [ParNew: 11854194K->129349K(13212096K), 0.7042769 secs] 60464764K->48740815K(187275712K), 0.7046966 secs] [Times: user=3.84 sys=1.73, real=0.71 secs] 
2018-04-14T02:12:47.784+0800: 89326.780: [GC (Allocation Failure) 2018-04-14T02:12:47.784+0800: 89326.780: [ParNew: 11873477K->118225K(13212096K), 0.6084030 secs] 60484943K->48730811K(187275712K), 0.6088113 secs] [Times: user=4.28 sys=0.57, real=0.61 secs] 
2018-04-14T02:13:06.653+0800: 89345.649: [GC (Allocation Failure) 2018-04-14T02:13:06.653+0800: 89345.649: [ParNew: 11862353K->87830K(13212096K), 0.5240069 secs] 60474939K->48702292K(187275712K), 0.5244231 secs] [Times: user=3.76 sys=0.42, real=0.52 secs] 
2018-04-14T02:13:45.339+0800: 89384.335: [GC (Allocation Failure) 2018-04-14T02:13:45.339+0800: 89384.335: [ParNew: 11831958K->60099K(13212096K), 0.6623396 secs] 60446420K->48675138K(187275712K), 0.6627677 secs] [Times: user=4.03 sys=1.22, real=0.67 secs] 
2018-04-14T02:14:45.792+0800: 89444.788: [GC (Allocation Failure) 2018-04-14T02:14:45.792+0800: 89444.788: [ParNew: 11804227K->48150K(13212096K), 0.5985475 secs] 60419266K->48666401K(187275712K), 0.5989559 secs] [Times: user=4.12 sys=0.64, real=0.60 secs] 
2018-04-14T02:16:26.188+0800: 89545.184: [GC (Allocation Failure) 2018-04-14T02:16:26.188+0800: 89545.184: [ParNew: 11792278K->49410K(13212096K), 1.0083977 secs] 60410529K->48668767K(187275712K), 1.0088115 secs] [Times: user=5.34 sys=2.65, real=1.01 secs] 
2018-04-14T02:17:39.294+0800: 89618.290: [GC (Allocation Failure) 2018-04-14T02:17:39.294+0800: 89618.290: [ParNew: 11793538K->66550K(13212096K), 0.9740032 secs] 60412895K->48687029K(187275712K), 0.9744276 secs] [Times: user=5.28 sys=2.43, real=0.97 secs] 
2018-04-14T02:18:11.565+0800: 89650.562: [GC (Allocation Failure) 2018-04-14T02:18:11.566+0800: 89650.562: [ParNew: 11810678K->74218K(13212096K), 0.6243682 secs] 60431157K->48695464K(187275712K), 0.6247959 secs] [Times: user=4.51 sys=0.46, real=0.62 secs] 
2018-04-14T02:18:54.367+0800: 89693.363: [GC (Allocation Failure) 2018-04-14T02:18:54.367+0800: 89693.363: [ParNew: 11818346K->79426K(13212096K), 0.8067250 secs] 60439592K->48701482K(187275712K), 0.8071583 secs] [Times: user=4.59 sys=1.80, real=0.81 secs] 
2018-04-14T02:19:49.669+0800: 89748.665: [GC (Allocation Failure) 2018-04-14T02:19:49.669+0800: 89748.665: [ParNew: 11823554K->97235K(13212096K), 0.8248136 secs] 60445610K->48721445K(187275712K), 0.8252420 secs] [Times: user=4.79 sys=1.74, real=0.83 secs] 
2018-04-14T02:21:32.677+0800: 89851.673: [GC (Allocation Failure) 2018-04-14T02:21:32.677+0800: 89851.673: [ParNew: 11841363K->98519K(13212096K), 0.9812885 secs] 60465573K->48724965K(187275712K), 0.9816995 secs] [Times: user=5.75 sys=2.06, real=0.98 secs] 
2018-04-14T02:24:43.612+0800: 90042.608: [GC (Allocation Failure) 2018-04-14T02:24:43.612+0800: 90042.608: [ParNew: 11842647K->74190K(13212096K), 1.1052786 secs] 60469093K->48704778K(187275712K), 1.1057066 secs] [Times: user=6.40 sys=2.35, real=1.10 secs] 
2018-04-14T02:28:46.482+0800: 90285.478: [GC (Allocation Failure) 2018-04-14T02:28:46.482+0800: 90285.478: [ParNew: 11818318K->67377K(13212096K), 1.1643133 secs] 60448906K->48700202K(187275712K), 1.1647494 secs] [Times: user=6.84 sys=2.39, real=1.16 secs] 
2018-04-14T02:31:06.454+0800: 90425.450: [GC (Allocation Failure) 2018-04-14T02:31:06.455+0800: 90425.451: [ParNew: 11811505K->97858K(13212096K), 1.0610527 secs] 60444330K->48732230K(187275712K), 1.0614766 secs] [Times: user=6.22 sys=2.18, real=1.06 secs] 
2018-04-14T02:33:37.518+0800: 90576.514: [GC (Allocation Failure) 2018-04-14T02:33:37.518+0800: 90576.514: [ParNew: 11841986K->99647K(13212096K), 1.0074190 secs] 60476358K->48735240K(187275712K), 1.0078510 secs] [Times: user=5.67 sys=2.30, real=1.01 secs] 
2018-04-14T02:38:43.615+0800: 90882.611: [GC (Allocation Failure) 2018-04-14T02:38:43.615+0800: 90882.611: [ParNew: 11843775K->87024K(13212096K), 1.1110234 secs] 60479368K->48724152K(187275712K), 1.1114451 secs] [Times: user=7.26 sys=1.59, real=1.11 secs] 
2018-04-14T02:40:43.411+0800: 91002.407: [GC (Allocation Failure) 2018-04-14T02:40:43.411+0800: 91002.407: [ParNew: 11831152K->96925K(13212096K), 0.8768740 secs] 60468280K->48735534K(187275712K), 0.8772969 secs] [Times: user=5.71 sys=1.23, real=0.88 secs] 
2018-04-14T02:42:22.832+0800: 91101.828: [GC (Allocation Failure) 2018-04-14T02:42:22.832+0800: 91101.828: [ParNew: 11841053K->96427K(13212096K), 0.9004389 secs] 60479662K->48740035K(187275712K), 0.9008756 secs] [Times: user=5.18 sys=1.96, real=0.90 secs] 
2018-04-14T02:44:38.061+0800: 91237.057: [GC (Allocation Failure) 2018-04-14T02:44:38.061+0800: 91237.057: [ParNew: 11840555K->92707K(13212096K), 0.9057386 secs] 60484163K->48742727K(187275712K), 0.9064788 secs] [Times: user=5.65 sys=1.54, real=0.91 secs] 
2018-04-14T02:45:18.393+0800: 91277.389: [GC (Allocation Failure) 2018-04-14T02:45:18.393+0800: 91277.389: [ParNew: 11836835K->104760K(13212096K), 0.7465840 secs] 60486855K->48764135K(187275712K), 0.7470152 secs] [Times: user=4.48 sys=1.42, real=0.74 secs] 
2018-04-14T02:47:10.941+0800: 91389.937: [GC (Allocation Failure) 2018-04-14T02:47:10.941+0800: 91389.937: [ParNew: 11848888K->86796K(13212096K), 0.9412467 secs] 60508263K->48751299K(187275712K), 0.9416617 secs] [Times: user=5.87 sys=1.59, real=0.95 secs] 
2018-04-14T02:48:44.372+0800: 91483.368: [GC (Allocation Failure) 2018-04-14T02:48:44.372+0800: 91483.368: [ParNew: 11830924K->85762K(13212096K), 0.7277162 secs] 60495427K->48755549K(187275712K), 0.7281326 secs] [Times: user=5.09 sys=0.68, real=0.72 secs] 
2018-04-14T02:49:01.223+0800: 91500.219: [GC (Allocation Failure) 2018-04-14T02:49:01.223+0800: 91500.219: [ParNew: 11829890K->136419K(13212096K), 0.7098091 secs] 60499677K->48809440K(187275712K), 0.7102378 secs] [Times: user=4.07 sys=1.54, real=0.71 secs] 
2018-04-14T02:49:28.420+0800: 91527.416: [GC (Allocation Failure) 2018-04-14T02:49:28.420+0800: 91527.416: [ParNew: 11880547K->94310K(13212096K), 0.6435063 secs] 60553568K->48771864K(187275712K), 0.6439123 secs] [Times: user=4.46 sys=0.67, real=0.65 secs] 
2018-04-14T02:49:44.211+0800: 91543.207: [GC (Allocation Failure) 2018-04-14T02:49:44.211+0800: 91543.207: [ParNew: 11838438K->65249K(13212096K), 0.4979711 secs] 60515992K->48748300K(187275712K), 0.4984714 secs] [Times: user=3.81 sys=0.14, real=0.50 secs] 
2018-04-14T02:49:59.880+0800: 91558.876: [GC (Allocation Failure) 2018-04-14T02:49:59.881+0800: 91558.877: [ParNew: 11809377K->93365K(13212096K), 0.6597360 secs] 60492428K->48777585K(187275712K), 0.6601577 secs] [Times: user=4.13 sys=1.10, real=0.66 secs] 
2018-04-14T02:50:54.276+0800: 91613.272: [GC (Allocation Failure) 2018-04-14T02:50:54.276+0800: 91613.272: [ParNew: 11837493K->73549K(13212096K), 0.9093738 secs] 60521713K->48761872K(187275712K), 0.9097747 secs] [Times: user=5.94 sys=1.27, real=0.91 secs] 
2018-04-14T02:52:28.144+0800: 91707.140: [GC (Allocation Failure) 2018-04-14T02:52:28.144+0800: 91707.140: [ParNew: 11817677K->55762K(13212096K), 0.9564127 secs] 60506000K->48748203K(187275712K), 0.9568304 secs] [Times: user=5.23 sys=2.36, real=0.95 secs] 
2018-04-14T02:52:55.813+0800: 91734.810: [GC (Allocation Failure) 2018-04-14T02:52:55.814+0800: 91734.810: [ParNew: 11799890K->72694K(13212096K), 0.7149119 secs] 60492331K->48765481K(187275712K), 0.7153317 secs] [Times: user=3.95 sys=1.71, real=0.71 secs] 
2018-04-14T02:54:03.999+0800: 91802.995: [GC (Allocation Failure) 2018-04-14T02:54:03.999+0800: 91802.995: [ParNew: 11816822K->69715K(13212096K), 0.8641605 secs] 60509609K->48764069K(187275712K), 0.8645665 secs] [Times: user=5.22 sys=1.67, real=0.87 secs] 
2018-04-14T02:54:47.063+0800: 91846.059: [GC (Allocation Failure) 2018-04-14T02:54:47.064+0800: 91846.060: [ParNew: 11813843K->82936K(13212096K), 0.6937038 secs] 60508197K->48778710K(187275712K), 0.6941318 secs] [Times: user=3.68 sys=1.80, real=0.69 secs] 
2018-04-14T02:55:00.297+0800: 91859.293: [GC (Allocation Failure) 2018-04-14T02:55:00.297+0800: 91859.293: [ParNew: 11827064K->86271K(13212096K), 0.5218790 secs] 60522838K->48782799K(187275712K), 0.5222884 secs] [Times: user=3.93 sys=0.23, real=0.52 secs] 
2018-04-14T02:55:11.299+0800: 91870.295: [GC (Allocation Failure) 2018-04-14T02:55:11.299+0800: 91870.295: [ParNew: 11830399K->110345K(13212096K), 0.5743132 secs] 60526927K->48809974K(187275712K), 0.5747225 secs] [Times: user=4.19 sys=0.39, real=0.58 secs] 
2018-04-14T02:55:23.387+0800: 91882.383: [GC (Allocation Failure) 2018-04-14T02:55:23.387+0800: 91882.383: [ParNew: 11854473K->121498K(13212096K), 0.6173530 secs] 60554102K->48832013K(187275712K), 0.6177658 secs] [Times: user=4.58 sys=0.31, real=0.62 secs] 
2018-04-14T02:55:42.008+0800: 91901.004: [GC (Allocation Failure) 2018-04-14T02:55:42.008+0800: 91901.004: [ParNew: 11865626K->114204K(13212096K), 0.6895019 secs] 60576141K->48825325K(187275712K), 0.6899323 secs] [Times: user=4.29 sys=1.16, real=0.69 secs] 
2018-04-14T02:55:56.836+0800: 91915.832: [GC (Allocation Failure) 2018-04-14T02:55:56.836+0800: 91915.832: [ParNew: 11858332K->122282K(13212096K), 0.5905357 secs] 60569453K->48840415K(187275712K), 0.5909437 secs] [Times: user=4.20 sys=0.49, real=0.59 secs] 
2018-04-14T02:56:11.762+0800: 91930.758: [GC (Allocation Failure) 2018-04-14T02:56:11.762+0800: 91930.758: [ParNew: 11866410K->121695K(13212096K), 0.5845285 secs] 60584543K->48848279K(187275712K), 0.5849409 secs] [Times: user=4.31 sys=0.34, real=0.58 secs] 
2018-04-14T02:56:23.585+0800: 91942.581: [GC (Allocation Failure) 2018-04-14T02:56:23.585+0800: 91942.581: [ParNew: 11865823K->95235K(13212096K), 0.6666392 secs] 60592407K->48826777K(187275712K), 0.6670611 secs] [Times: user=3.81 sys=1.46, real=0.67 secs] 
2018-04-14T02:56:44.156+0800: 91963.152: [GC (Allocation Failure) 2018-04-14T02:56:44.156+0800: 91963.152: [ParNew: 11839363K->92872K(13212096K), 0.5811195 secs] 60570905K->48826791K(187275712K), 0.5815357 secs] [Times: user=4.31 sys=0.31, real=0.58 secs] 
2018-04-14T02:57:04.642+0800: 91983.638: [GC (Allocation Failure) 2018-04-14T02:57:04.642+0800: 91983.638: [ParNew: 11837000K->133157K(13212096K), 0.5888105 secs] 60570919K->48868619K(187275712K), 0.5892112 secs] [Times: user=4.30 sys=0.39, real=0.59 secs] 
2018-04-14T02:57:16.257+0800: 91995.253: [GC (Allocation Failure) 2018-04-14T02:57:16.257+0800: 91995.253: [ParNew: 11877285K->139825K(13212096K), 0.6986803 secs] 60612747K->48880042K(187275712K), 0.6991105 secs] [Times: user=4.16 sys=1.35, real=0.70 secs] 
2018-04-14T02:57:31.817+0800: 92010.813: [GC (Allocation Failure) 2018-04-14T02:57:31.817+0800: 92010.813: [ParNew: 11883953K->123535K(13212096K), 0.5686577 secs] 60624170K->48866977K(187275712K), 0.5690600 secs] [Times: user=4.10 sys=0.42, real=0.57 secs] 
2018-04-14T02:57:51.939+0800: 92030.935: [GC (Allocation Failure) 2018-04-14T02:57:51.939+0800: 92030.935: [ParNew: 11867663K->132997K(13212096K), 0.5940200 secs] 60611105K->48878201K(187275712K), 0.5944293 secs] [Times: user=4.17 sys=0.56, real=0.60 secs] 
2018-04-14T02:58:03.990+0800: 92042.986: [GC (Allocation Failure) 2018-04-14T02:58:03.991+0800: 92042.987: [ParNew: 11877125K->122432K(13212096K), 0.4947513 secs] 60622329K->48870621K(187275712K), 0.4951665 secs] [Times: user=3.88 sys=0.05, real=0.50 secs] 
2018-04-14T02:58:13.114+0800: 92052.110: [GC (Allocation Failure) 2018-04-14T02:58:13.114+0800: 92052.110: [ParNew: 11866560K->116785K(13212096K), 0.6813847 secs] 60614749K->48869641K(187275712K), 0.6817979 secs] [Times: user=3.81 sys=1.58, real=0.68 secs] 
2018-04-14T02:58:21.261+0800: 92060.257: [GC (Allocation Failure) 2018-04-14T02:58:21.261+0800: 92060.257: [ParNew: 11860913K->131566K(13212096K), 0.5017834 secs] 60613769K->48891131K(187275712K), 0.5021916 secs] [Times: user=3.82 sys=0.18, real=0.51 secs] 
2018-04-14T02:58:30.615+0800: 92069.611: [GC (Allocation Failure) 2018-04-14T02:58:30.615+0800: 92069.611: [ParNew: 11875694K->111165K(13212096K), 0.5140777 secs] 60635259K->48873364K(187275712K), 0.5144856 secs] [Times: user=3.82 sys=0.27, real=0.51 secs] 
2018-04-14T02:58:39.992+0800: 92078.988: [GC (Allocation Failure) 2018-04-14T02:58:39.993+0800: 92078.989: [ParNew: 11855293K->107027K(13212096K), 0.5414937 secs] 60617492K->48872362K(187275712K), 0.5419045 secs] [Times: user=4.07 sys=0.25, real=0.54 secs] 
2018-04-14T02:58:48.194+0800: 92087.190: [GC (Allocation Failure) 2018-04-14T02:58:48.195+0800: 92087.191: [ParNew: 11851155K->145331K(13212096K), 0.7072249 secs] 60616490K->48915901K(187275712K), 0.7076525 secs] [Times: user=4.14 sys=1.43, real=0.71 secs] 
2018-04-14T02:58:57.378+0800: 92096.374: [GC (Allocation Failure) 2018-04-14T02:58:57.379+0800: 92096.375: [ParNew: 11889459K->113802K(13212096K), 0.4864739 secs] 60660029K->48888186K(187275712K), 0.4868816 secs] [Times: user=3.81 sys=0.07, real=0.49 secs] 
2018-04-14T02:59:10.584+0800: 92109.580: [GC (Allocation Failure) 2018-04-14T02:59:10.584+0800: 92109.580: [ParNew: 11857930K->100673K(13212096K), 0.5545344 secs] 60632314K->48877086K(187275712K), 0.5549367 secs] [Times: user=3.84 sys=0.57, real=0.55 secs] 
2018-04-14T02:59:32.939+0800: 92131.935: [GC (Allocation Failure) 2018-04-14T02:59:32.939+0800: 92131.935: [ParNew: 11844801K->71569K(13212096K), 0.6015663 secs] 60621214K->48850533K(187275712K), 0.6023170 secs] [Times: user=4.41 sys=0.39, real=0.60 secs] 
2018-04-14T03:00:11.907+0800: 92170.903: [GC (Allocation Failure) 2018-04-14T03:00:11.907+0800: 92170.904: [ParNew: 11815697K->100543K(13212096K), 0.9229155 secs] 60594661K->48880967K(187275712K), 0.9233374 secs] [Times: user=4.62 sys=2.70, real=0.92 secs] 
2018-04-14T03:01:01.913+0800: 92220.909: [GC (Allocation Failure) 2018-04-14T03:01:01.913+0800: 92220.909: [ParNew: 11844671K->149644K(13212096K), 0.8668458 secs] 60625095K->48932156K(187275712K), 0.8672643 secs] [Times: user=4.80 sys=2.06, real=0.86 secs] 
2018-04-14T03:01:22.392+0800: 92241.388: [GC (Allocation Failure) 2018-04-14T03:01:22.392+0800: 92241.388: [ParNew: 11893772K->136378K(13212096K), 0.6040400 secs] 60676284K->48921762K(187275712K), 0.6044453 secs] [Times: user=4.52 sys=0.30, real=0.60 secs] 
2018-04-14T03:01:39.728+0800: 92258.724: [GC (Allocation Failure) 2018-04-14T03:01:39.728+0800: 92258.724: [ParNew: 11880506K->146675K(13212096K), 0.6929184 secs] 60665890K->48934665K(187275712K), 0.6933548 secs] [Times: user=3.78 sys=1.70, real=0.70 secs] 
2018-04-14T03:01:50.985+0800: 92269.981: [GC (Allocation Failure) 2018-04-14T03:01:50.985+0800: 92269.981: [ParNew: 11890803K->150838K(13212096K), 0.5367710 secs] 60678793K->48940506K(187275712K), 0.5371950 secs] [Times: user=3.95 sys=0.33, real=0.54 secs] 
2018-04-14T03:01:58.671+0800: 92277.667: [GC (Allocation Failure) 2018-04-14T03:01:58.671+0800: 92277.667: [ParNew: 11894966K->148452K(13212096K), 0.5836699 secs] 60684634K->48941908K(187275712K), 0.5840932 secs] [Times: user=4.19 sys=0.44, real=0.59 secs] 
2018-04-14T03:02:11.658+0800: 92290.654: [GC (Allocation Failure) 2018-04-14T03:02:11.658+0800: 92290.654: [ParNew: 11892580K->179069K(13212096K), 0.6931985 secs] 60686036K->48983053K(187275712K), 0.6936287 secs] [Times: user=4.26 sys=1.21, real=0.70 secs] 
2018-04-14T03:02:35.073+0800: 92314.070: [GC (Allocation Failure) 2018-04-14T03:02:35.074+0800: 92314.070: [ParNew: 11923197K->195968K(13212096K), 0.7124751 secs] 60727181K->49019389K(187275712K), 0.7128858 secs] [Times: user=5.04 sys=0.60, real=0.71 secs] 
2018-04-14T03:02:50.400+0800: 92329.396: [GC (Allocation Failure) 2018-04-14T03:02:50.400+0800: 92329.396: [ParNew: 11940096K->132169K(13212096K), 0.6207826 secs] 60763517K->48965352K(187275712K), 0.6212181 secs] [Times: user=4.37 sys=0.55, real=0.63 secs] 
2018-04-14T03:03:04.692+0800: 92343.688: [GC (Allocation Failure) 2018-04-14T03:03:04.693+0800: 92343.689: [ParNew: 11876297K->135589K(13212096K), 0.7367480 secs] 60709480K->48974424K(187275712K), 0.7371731 secs] [Times: user=4.32 sys=1.49, real=0.73 secs] 
2018-04-14T03:03:24.524+0800: 92363.520: [GC (Allocation Failure) 2018-04-14T03:03:24.524+0800: 92363.520: [ParNew: 11879717K->132650K(13212096K), 0.6175937 secs] 60718552K->48973596K(187275712K), 0.6180113 secs] [Times: user=4.29 sys=0.62, real=0.62 secs] 
2018-04-14T03:03:37.086+0800: 92376.082: [GC (Allocation Failure) 2018-04-14T03:03:37.086+0800: 92376.082: [ParNew: 11876778K->116188K(13212096K), 0.5582515 secs] 60717724K->48959153K(187275712K), 0.5586731 secs] [Times: user=4.03 sys=0.40, real=0.56 secs] 
2018-04-14T03:03:49.425+0800: 92388.421: [GC (Allocation Failure) 2018-04-14T03:03:49.425+0800: 92388.421: [ParNew: 11860316K->83018K(13212096K), 0.5487273 secs] 60703281K->48930938K(187275712K), 0.5491511 secs] [Times: user=3.69 sys=0.65, real=0.55 secs] 
2018-04-14T03:04:05.318+0800: 92404.314: [GC (Allocation Failure) 2018-04-14T03:04:05.318+0800: 92404.314: [ParNew: 11827146K->99545K(13212096K), 0.5861861 secs] 60675066K->48951497K(187275712K), 0.5866110 secs] [Times: user=4.13 sys=0.52, real=0.59 secs] 
2018-04-14T03:04:21.076+0800: 92420.072: [GC (Allocation Failure) 2018-04-14T03:04:21.077+0800: 92420.073: [ParNew: 11843673K->105537K(13212096K), 0.5915057 secs] 60695625K->48964443K(187275712K), 0.5919275 secs] [Times: user=4.19 sys=0.51, real=0.59 secs] 
2018-04-14T03:04:32.296+0800: 92431.292: [GC (Allocation Failure) 2018-04-14T03:04:32.296+0800: 92431.292: [ParNew: 11849665K->104262K(13212096K), 0.5427120 secs] 60708571K->48967944K(187275712K), 0.5431305 secs] [Times: user=4.01 sys=0.31, real=0.54 secs] 
2018-04-14T03:04:45.190+0800: 92444.186: [GC (Allocation Failure) 2018-04-14T03:04:45.191+0800: 92444.187: [ParNew: 11848390K->86853K(13212096K), 0.6785785 secs] 60712072K->48953709K(187275712K), 0.6790279 secs] [Times: user=3.99 sys=1.39, real=0.68 secs] 
2018-04-14T03:05:06.553+0800: 92465.549: [GC (Allocation Failure) 2018-04-14T03:05:06.553+0800: 92465.549: [ParNew: 11830981K->125176K(13212096K), 0.6885422 secs] 60697837K->48994192K(187275712K), 0.6889591 secs] [Times: user=4.69 sys=0.77, real=0.69 secs] 
2018-04-14T03:05:47.373+0800: 92506.369: [GC (Allocation Failure) 2018-04-14T03:05:47.374+0800: 92506.370: [ParNew: 11869304K->100600K(13212096K), 0.7902610 secs] 60738320K->48970384K(187275712K), 0.7906912 secs] [Times: user=4.76 sys=1.50, real=0.79 secs] 
2018-04-14T03:07:07.886+0800: 92586.882: [GC (Allocation Failure) 2018-04-14T03:07:07.886+0800: 92586.882: [ParNew: 11844728K->94241K(13212096K), 0.7148382 secs] 60714512K->48966960K(187275712K), 0.7152662 secs] [Times: user=4.61 sys=1.07, real=0.71 secs] 
2018-04-14T03:07:36.475+0800: 92615.471: [GC (Allocation Failure) 2018-04-14T03:07:36.476+0800: 92615.472: [ParNew: 11838369K->112197K(13212096K), 0.6959887 secs] 60711088K->48987103K(187275712K), 0.6964227 secs] [Times: user=3.92 sys=1.59, real=0.70 secs] 
2018-04-14T03:08:07.743+0800: 92646.739: [GC (Allocation Failure) 2018-04-14T03:08:07.743+0800: 92646.739: [ParNew: 11856325K->134236K(13212096K), 0.6532857 secs] 60731231K->49010124K(187275712K), 0.6537018 secs] [Times: user=4.55 sys=0.65, real=0.65 secs] 
2018-04-14T03:08:36.522+0800: 92675.518: [GC (Allocation Failure) 2018-04-14T03:08:36.522+0800: 92675.518: [ParNew: 11878364K->167988K(13212096K), 0.7018190 secs] 60754252K->49047862K(187275712K), 0.7022505 secs] [Times: user=4.30 sys=1.26, real=0.70 secs] 
2018-04-14T03:08:58.517+0800: 92697.513: [GC (Allocation Failure) 2018-04-14T03:08:58.518+0800: 92697.514: [ParNew: 11912116K->151925K(13212096K), 0.5713079 secs] 60791990K->49039435K(187275712K), 0.5717361 secs] [Times: user=4.04 sys=0.51, real=0.57 secs] 
2018-04-14T03:09:22.940+0800: 92721.936: [GC (Allocation Failure) 2018-04-14T03:09:22.940+0800: 92721.936: [ParNew: 11896053K->140653K(13212096K), 0.4999615 secs] 60783563K->49035251K(187275712K), 0.5003839 secs] [Times: user=3.76 sys=0.21, real=0.50 secs] 
2018-04-14T03:09:49.326+0800: 92748.322: [GC (Allocation Failure) 2018-04-14T03:09:49.326+0800: 92748.322: [ParNew: 11884781K->100688K(13212096K), 0.7050943 secs] 60779379K->49015016K(187275712K), 0.7055392 secs] [Times: user=4.24 sys=1.32, real=0.71 secs] 
2018-04-14T03:10:15.288+0800: 92774.284: [GC (Allocation Failure) 2018-04-14T03:10:15.288+0800: 92774.284: [ParNew: 11844816K->136918K(13212096K), 0.6273320 secs] 60759144K->49055073K(187275712K), 0.6277561 secs] [Times: user=4.46 sys=0.53, real=0.63 secs] 
2018-04-14T03:10:33.472+0800: 92792.468: [GC (Allocation Failure) 2018-04-14T03:10:33.472+0800: 92792.468: [ParNew: 11881046K->137961K(13212096K), 0.5524601 secs] 60799201K->49062092K(187275712K), 0.5528788 secs] [Times: user=4.02 sys=0.37, real=0.55 secs] 
2018-04-14T03:10:40.628+0800: 92799.624: [GC (Allocation Failure) 2018-04-14T03:10:40.629+0800: 92799.625: [ParNew: 11882089K->97500K(13212096K), 0.4760466 secs] 60806220K->49024750K(187275712K), 0.4764601 secs] [Times: user=3.74 sys=0.06, real=0.48 secs] 
2018-04-14T03:10:51.313+0800: 92810.309: [GC (Allocation Failure) 2018-04-14T03:10:51.313+0800: 92810.309: [ParNew: 11841628K->123991K(13212096K), 0.6877350 secs] 60768878K->49055310K(187275712K), 0.6881749 secs] [Times: user=3.72 sys=1.71, real=0.69 secs] 
2018-04-14T03:11:11.028+0800: 92830.024: [GC (Allocation Failure) 2018-04-14T03:11:11.028+0800: 92830.024: [ParNew: 11868119K->111950K(13212096K), 0.5790646 secs] 60799438K->49045519K(187275712K), 0.5794913 secs] [Times: user=4.24 sys=0.37, real=0.58 secs] 
2018-04-14T03:11:43.729+0800: 92862.725: [GC (Allocation Failure) 2018-04-14T03:11:43.729+0800: 92862.725: [ParNew: 11856078K->53561K(13212096K), 0.6752884 secs] 60789647K->48992378K(187275712K), 0.6757012 secs] [Times: user=4.75 sys=0.62, real=0.68 secs] 
2018-04-14T03:11:52.173+0800: 92871.169: [GC (Allocation Failure) 2018-04-14T03:11:52.174+0800: 92871.170: [ParNew: 11797689K->33253K(13212096K), 0.6743605 secs] 60736506K->48977255K(187275712K), 0.6747946 secs] [Times: user=3.98 sys=1.33, real=0.67 secs] 
2018-04-14T03:12:01.469+0800: 92880.465: [GC (Allocation Failure) 2018-04-14T03:12:01.469+0800: 92880.465: [ParNew: 11777381K->40112K(13212096K), 0.4974904 secs] 60721383K->48986750K(187275712K), 0.4979003 secs] [Times: user=3.93 sys=0.04, real=0.50 secs] 
2018-04-14T03:12:39.623+0800: 92918.620: [GC (Allocation Failure) 2018-04-14T03:12:39.624+0800: 92918.620: [ParNew: 11784240K->41564K(13212096K), 0.5824662 secs] 60730878K->48988973K(187275712K), 0.5828811 secs] [Times: user=3.95 sys=0.68, real=0.58 secs] 
2018-04-14T03:12:53.085+0800: 92932.081: [GC (Allocation Failure) 2018-04-14T03:12:53.085+0800: 92932.081: [ParNew: 11785692K->44588K(13212096K), 0.6997574 secs] 60733101K->48992447K(187275712K), 0.7001824 secs] [Times: user=4.21 sys=1.33, real=0.70 secs] 
2018-04-14T03:13:05.310+0800: 92944.306: [GC (Allocation Failure) 2018-04-14T03:13:05.310+0800: 92944.306: [ParNew: 11788716K->44115K(13212096K), 0.4917113 secs] 60736575K->48995799K(187275712K), 0.4921186 secs] [Times: user=3.86 sys=0.05, real=0.50 secs] 
2018-04-14T03:13:34.148+0800: 92973.144: [GC (Allocation Failure) 2018-04-14T03:13:34.149+0800: 92973.145: [ParNew: 11788243K->45432K(13212096K), 0.5833587 secs] 60739927K->48999325K(187275712K), 0.5837718 secs] [Times: user=3.93 sys=0.70, real=0.59 secs] 
2018-04-14T03:14:12.340+0800: 93011.336: [GC (Allocation Failure) 2018-04-14T03:14:12.341+0800: 93011.337: [ParNew: 11789560K->37733K(13212096K), 0.7357288 secs] 60743453K->48992794K(187275712K), 0.7361559 secs] [Times: user=4.57 sys=1.27, real=0.74 secs] 
2018-04-14T03:14:30.076+0800: 93029.072: [GC (Allocation Failure) 2018-04-14T03:14:30.076+0800: 93029.072: [ParNew: 11781861K->48371K(13212096K), 0.5653902 secs] 60736922K->49004724K(187275712K), 0.5658006 secs] [Times: user=4.07 sys=0.43, real=0.57 secs] 
2018-04-14T03:15:00.476+0800: 93059.472: [GC (Allocation Failure) 2018-04-14T03:15:00.476+0800: 93059.472: [ParNew: 11792499K->65161K(13212096K), 0.5408286 secs] 60748852K->49025872K(187275712K), 0.5415698 secs] [Times: user=3.90 sys=0.38, real=0.54 secs] 
2018-04-14T03:15:15.088+0800: 93074.084: [GC (Allocation Failure) 2018-04-14T03:15:15.088+0800: 93074.084: [ParNew: 11809289K->74389K(13212096K), 0.6812609 secs] 60770000K->49036718K(187275712K), 0.6816720 secs] [Times: user=4.05 sys=1.33, real=0.68 secs] 
2018-04-14T03:15:32.196+0800: 93091.193: [GC (Allocation Failure) 2018-04-14T03:15:32.197+0800: 93091.193: [ParNew: 11818517K->51588K(13212096K), 0.5624681 secs] 60780846K->49015297K(187275712K), 0.5628768 secs] [Times: user=4.02 sys=0.47, real=0.56 secs] 
2018-04-14T03:15:58.774+0800: 93117.770: [GC (Allocation Failure) 2018-04-14T03:15:58.774+0800: 93117.770: [ParNew: 11795716K->75720K(13212096K), 0.6399330 secs] 60759425K->49041898K(187275712K), 0.6403503 secs] [Times: user=4.64 sys=0.44, real=0.64 secs] 
2018-04-14T03:16:09.370+0800: 93128.366: [GC (Allocation Failure) 2018-04-14T03:16:09.370+0800: 93128.366: [ParNew: 11819848K->107669K(13212096K), 0.6520138 secs] 60786026K->49075436K(187275712K), 0.6524355 secs] [Times: user=3.91 sys=1.25, real=0.66 secs] 
2018-04-14T03:16:18.068+0800: 93137.064: [GC (Allocation Failure) 2018-04-14T03:16:18.068+0800: 93137.064: [ParNew: 11851797K->75022K(13212096K), 0.5165898 secs] 60819564K->49043805K(187275712K), 0.5169972 secs] [Times: user=3.91 sys=0.20, real=0.52 secs] 
2018-04-14T03:16:29.742+0800: 93148.738: [GC (Allocation Failure) 2018-04-14T03:16:29.742+0800: 93148.738: [ParNew: 11819150K->67289K(13212096K), 0.5403513 secs] 60787933K->49041427K(187275712K), 0.5407631 secs] [Times: user=3.99 sys=0.30, real=0.54 secs] 
2018-04-14T03:16:48.358+0800: 93167.354: [GC (Allocation Failure) 2018-04-14T03:16:48.359+0800: 93167.355: [ParNew: 11811417K->61513K(13212096K), 0.6864091 secs] 60785555K->49037964K(187275712K), 0.6868361 secs] [Times: user=3.64 sys=1.78, real=0.69 secs] 
2018-04-14T03:17:08.605+0800: 93187.601: [GC (Allocation Failure) 2018-04-14T03:17:08.605+0800: 93187.601: [ParNew: 11805641K->88235K(13212096K), 0.6279021 secs] 60782092K->49065725K(187275712K), 0.6283250 secs] [Times: user=4.28 sys=0.72, real=0.63 secs] 
2018-04-14T03:17:18.217+0800: 93197.213: [GC (Allocation Failure) 2018-04-14T03:17:18.217+0800: 93197.213: [ParNew: 11832363K->78054K(13212096K), 0.5076286 secs] 60809853K->49074610K(187275712K), 0.5080448 secs] [Times: user=3.69 sys=0.29, real=0.51 secs] 
2018-04-14T03:17:25.697+0800: 93204.693: [GC (Allocation Failure) 2018-04-14T03:17:25.697+0800: 93204.693: [ParNew: 11822182K->56281K(13212096K), 0.5220833 secs] 60818738K->49056369K(187275712K), 0.5224984 secs] [Times: user=3.90 sys=0.25, real=0.52 secs] 
2018-04-14T03:17:36.137+0800: 93215.133: [GC (Allocation Failure) 2018-04-14T03:17:36.138+0800: 93215.134: [ParNew: 11800409K->65466K(13212096K), 0.6768172 secs] 60800497K->49066775K(187275712K), 0.6772417 secs] [Times: user=3.81 sys=1.53, real=0.68 secs] 
2018-04-14T03:17:46.303+0800: 93225.299: [GC (Allocation Failure) 2018-04-14T03:17:46.303+0800: 93225.299: [ParNew: 11809594K->47781K(13212096K), 0.4896761 secs] 60810903K->49049827K(187275712K), 0.4901031 secs] [Times: user=3.83 sys=0.06, real=0.49 secs] 
2018-04-14T03:17:59.482+0800: 93238.478: [GC (Allocation Failure) 2018-04-14T03:17:59.482+0800: 93238.478: [ParNew: 11791909K->47406K(13212096K), 0.5144573 secs] 60793955K->49053530K(187275712K), 0.5148728 secs] [Times: user=3.69 sys=0.40, real=0.51 secs] 
2018-04-14T03:18:26.283+0800: 93265.279: [GC (Allocation Failure) 2018-04-14T03:18:26.283+0800: 93265.279: [ParNew: 11791534K->54260K(13212096K), 0.5246959 secs] 60797658K->49064505K(187275712K), 0.5251185 secs] [Times: user=3.75 sys=0.41, real=0.52 secs] 
2018-04-14T03:18:53.077+0800: 93292.073: [GC (Allocation Failure) 2018-04-14T03:18:53.077+0800: 93292.073: [ParNew: 11798388K->122260K(13212096K), 0.7759158 secs] 60808633K->49134726K(187275712K), 0.7763643 secs] [Times: user=4.65 sys=1.50, real=0.78 secs] 
2018-04-14T03:19:07.430+0800: 93306.426: [GC (Allocation Failure) 2018-04-14T03:19:07.430+0800: 93306.426: [ParNew: 11866388K->117064K(13212096K), 0.6323061 secs] 60878854K->49130488K(187275712K), 0.6327197 secs] [Times: user=4.26 sys=0.78, real=0.64 secs] 
2018-04-14T03:19:32.087+0800: 93331.083: [GC (Allocation Failure) 2018-04-14T03:19:32.087+0800: 93331.083: [ParNew: 11861192K->58533K(13212096K), 0.5123186 secs] 60874616K->49073565K(187275712K), 0.5127342 secs] [Times: user=3.74 sys=0.33, real=0.51 secs] 
2018-04-14T03:20:25.705+0800: 93384.701: [GC (Allocation Failure) 2018-04-14T03:20:25.705+0800: 93384.701: [ParNew: 11802661K->91717K(13212096K), 0.8961655 secs] 60817693K->49107580K(187275712K), 0.8966124 secs] [Times: user=4.81 sys=2.29, real=0.90 secs] 
2018-04-14T03:20:49.328+0800: 93408.324: [GC (Allocation Failure) 2018-04-14T03:20:49.328+0800: 93408.324: [ParNew: 11835845K->139188K(13212096K), 0.6147070 secs] 60851708K->49156000K(187275712K), 0.6151343 secs] [Times: user=4.51 sys=0.38, real=0.62 secs] 
2018-04-14T03:21:08.681+0800: 93427.677: [GC (Allocation Failure) 2018-04-14T03:21:08.681+0800: 93427.677: [ParNew: 11883316K->105438K(13212096K), 0.7118884 secs] 60900128K->49125720K(187275712K), 0.7123305 secs] [Times: user=4.25 sys=1.37, real=0.72 secs] 
2018-04-14T03:21:28.809+0800: 93447.805: [GC (Allocation Failure) 2018-04-14T03:21:28.809+0800: 93447.805: [ParNew: 11849566K->134837K(13212096K), 0.6934401 secs] 60869848K->49157986K(187275712K), 0.6938619 secs] [Times: user=4.93 sys=0.59, real=0.70 secs] 
2018-04-14T03:21:52.559+0800: 93471.555: [GC (Allocation Failure) 2018-04-14T03:21:52.559+0800: 93471.555: [ParNew: 11878965K->137970K(13212096K), 0.7175381 secs] 60902114K->49161660K(187275712K), 0.7179713 secs] [Times: user=4.14 sys=1.54, real=0.72 secs] 
2018-04-14T03:22:18.346+0800: 93497.342: [GC (Allocation Failure) 2018-04-14T03:22:18.346+0800: 93497.342: [ParNew: 11882098K->152339K(13212096K), 0.6150776 secs] 60905788K->49177419K(187275712K), 0.6155032 secs] [Times: user=4.32 sys=0.59, real=0.62 secs] 
2018-04-14T03:23:10.140+0800: 93549.136: [GC (Allocation Failure) 2018-04-14T03:23:10.140+0800: 93549.136: [ParNew: 11896467K->165570K(13212096K), 0.7453509 secs] 60921547K->49196787K(187275712K), 0.7457846 secs] [Times: user=4.22 sys=1.66, real=0.75 secs] 
2018-04-14T03:23:50.145+0800: 93589.141: [GC (Allocation Failure) 2018-04-14T03:23:50.146+0800: 93589.142: [ParNew: 11909698K->177060K(13212096K), 0.6244701 secs] 60940915K->49210064K(187275712K), 0.6248992 secs] [Times: user=4.30 sys=0.66, real=0.62 secs] 
2018-04-14T03:24:15.213+0800: 93614.209: [GC (Allocation Failure) 2018-04-14T03:24:15.213+0800: 93614.209: [ParNew: 11921188K->232615K(13212096K), 0.7024300 secs] 60954192K->49267530K(187275712K), 0.7027853 secs] [Times: user=4.84 sys=0.75, real=0.70 secs] 
2018-04-14T03:24:33.696+0800: 93632.692: [GC (Allocation Failure) 2018-04-14T03:24:33.696+0800: 93632.692: [ParNew: 11976743K->223474K(13212096K), 0.5872696 secs] 61011658K->49264804K(187275712K), 0.5876900 secs] [Times: user=4.06 sys=0.59, real=0.59 secs] 
2018-04-14T03:24:41.549+0800: 93640.545: [GC (Allocation Failure) 2018-04-14T03:24:41.549+0800: 93640.545: [ParNew: 11967602K->205956K(13212096K), 0.5671992 secs] 61008932K->49258134K(187275712K), 0.5676213 secs] [Times: user=4.21 sys=0.28, real=0.57 secs] 
2018-04-14T03:24:46.613+0800: 93645.609: [GC (Allocation Failure) 2018-04-14T03:24:46.613+0800: 93645.609: [ParNew: 11950084K->184675K(13212096K), 0.5343818 secs] 61002262K->49245906K(187275712K), 0.5348039 secs] [Times: user=4.14 sys=0.10, real=0.53 secs] 
2018-04-14T03:24:52.395+0800: 93651.391: [GC (Allocation Failure) 2018-04-14T03:24:52.396+0800: 93651.392: [ParNew: 11928803K->162524K(13212096K), 0.5249349 secs] 60990034K->49239378K(187275712K), 0.5253491 secs] [Times: user=3.99 sys=0.18, real=0.52 secs] 
2018-04-14T03:25:00.607+0800: 93659.603: [GC (Allocation Failure) 2018-04-14T03:25:00.607+0800: 93659.603: [ParNew: 11906652K->108921K(13212096K), 0.5194613 secs] 60983506K->49205923K(187275712K), 0.5198747 secs] [Times: user=4.01 sys=0.08, real=0.52 secs] 
2018-04-14T03:25:16.995+0800: 93675.991: [GC (Allocation Failure) 2018-04-14T03:25:16.996+0800: 93675.992: [ParNew: 11853049K->55727K(13212096K), 0.6526169 secs] 60950051K->49163343K(187275712K), 0.6530484 secs] [Times: user=3.93 sys=1.23, real=0.65 secs] 
2018-04-14T03:25:37.342+0800: 93696.338: [GC (Allocation Failure) 2018-04-14T03:25:37.342+0800: 93696.338: [ParNew: 11799855K->72960K(13212096K), 0.6706359 secs] 60907471K->49185495K(187275712K), 0.6710511 secs] [Times: user=4.52 sys=0.80, real=0.67 secs] 
2018-04-14T03:26:56.174+0800: 93775.170: [GC (Allocation Failure) 2018-04-14T03:26:56.174+0800: 93775.170: [ParNew: 11817088K->86971K(13212096K), 0.7811457 secs] 60929623K->49201531K(187275712K), 0.7815998 secs] [Times: user=4.55 sys=1.61, real=0.78 secs] 
2018-04-14T03:27:51.380+0800: 93830.376: [GC (Allocation Failure) 2018-04-14T03:27:51.380+0800: 93830.376: [ParNew: 11831099K->66090K(13212096K), 0.5954262 secs] 60945659K->49182066K(187275712K), 0.5958467 secs] [Times: user=4.09 sys=0.65, real=0.60 secs] 
2018-04-14T03:28:14.485+0800: 93853.481: [GC (Allocation Failure) 2018-04-14T03:28:14.486+0800: 93853.482: [ParNew: 11810218K->69073K(13212096K), 0.6826337 secs] 60926194K->49185887K(187275712K), 0.6830638 secs] [Times: user=3.95 sys=1.46, real=0.68 secs] 
2018-04-14T03:28:25.252+0800: 93864.248: [GC (Allocation Failure) 2018-04-14T03:28:25.252+0800: 93864.248: [ParNew: 11813201K->79924K(13212096K), 0.5138322 secs] 60930015K->49197529K(187275712K), 0.5142636 secs] [Times: user=4.03 sys=0.05, real=0.51 secs] 
2018-04-14T03:28:34.923+0800: 93873.919: [GC (Allocation Failure) 2018-04-14T03:28:34.923+0800: 93873.919: [ParNew: 11824052K->95164K(13212096K), 0.6446690 secs] 60941657K->49215162K(187275712K), 0.6450950 secs] [Times: user=4.57 sys=0.56, real=0.64 secs] 
2018-04-14T03:28:49.911+0800: 93888.907: [GC (Allocation Failure) 2018-04-14T03:28:49.912+0800: 93888.908: [ParNew: 11839292K->83120K(13212096K), 0.5519113 secs] 60959290K->49206974K(187275712K), 0.5523345 secs] [Times: user=4.07 sys=0.32, real=0.55 secs] 
2018-04-14T03:29:05.171+0800: 93904.167: [GC (Allocation Failure) 2018-04-14T03:29:05.171+0800: 93904.167: [ParNew: 11827248K->76258K(13212096K), 0.6773000 secs] 60951102K->49211469K(187275712K), 0.6777280 secs] [Times: user=3.74 sys=1.61, real=0.68 secs] 
2018-04-14T03:29:19.629+0800: 93918.625: [GC (Allocation Failure) 2018-04-14T03:29:19.629+0800: 93918.625: [ParNew: 11820386K->76529K(13212096K), 0.4893139 secs] 60955597K->49220929K(187275712K), 0.4897463 secs] [Times: user=3.85 sys=0.02, real=0.49 secs] 
2018-04-14T03:29:29.709+0800: 93928.705: [GC (Allocation Failure) 2018-04-14T03:29:29.709+0800: 93928.705: [ParNew: 11820657K->52996K(13212096K), 0.4944888 secs] 60965057K->49203627K(187275712K), 0.4949046 secs] [Times: user=3.68 sys=0.25, real=0.50 secs] 
2018-04-14T03:29:44.241+0800: 93943.237: [GC (Allocation Failure) 2018-04-14T03:29:44.241+0800: 93943.237: [ParNew: 11797089K->67286K(13212096K), 0.5330015 secs] 60947721K->49219347K(187275712K), 0.5334296 secs] [Times: user=3.91 sys=0.34, real=0.54 secs] 
2018-04-14T03:30:08.391+0800: 93967.387: [GC (Allocation Failure) 2018-04-14T03:30:08.391+0800: 93967.387: [ParNew: 11811414K->68562K(13212096K), 0.7192139 secs] 60963475K->49227208K(187275712K), 0.7196551 secs] [Times: user=4.27 sys=1.41, real=0.71 secs] 
2018-04-14T03:31:07.658+0800: 94026.654: [GC (Allocation Failure) 2018-04-14T03:31:07.658+0800: 94026.654: [ParNew: 11812690K->111922K(13212096K), 0.7701791 secs] 60971336K->49272079K(187275712K), 0.7705948 secs] [Times: user=5.04 sys=1.09, real=0.77 secs] 
2018-04-14T03:31:41.677+0800: 94060.673: [GC (Allocation Failure) 2018-04-14T03:31:41.678+0800: 94060.674: [ParNew: 11856050K->147687K(13212096K), 0.7230292 secs] 61016207K->49309758K(187275712K), 0.7234563 secs] [Times: user=4.55 sys=1.17, real=0.72 secs] 
2018-04-14T03:32:04.004+0800: 94083.000: [GC (Allocation Failure) 2018-04-14T03:32:04.004+0800: 94083.000: [ParNew: 11891815K->218763K(13212096K), 0.7316374 secs] 61053886K->49381710K(187275712K), 0.7320629 secs] [Times: user=5.05 sys=0.77, real=0.73 secs] 
2018-04-14T03:32:27.431+0800: 94106.427: [GC (Allocation Failure) 2018-04-14T03:32:27.431+0800: 94106.427: [ParNew: 11962891K->292762K(13212096K), 0.6948777 secs] 61125838K->49456285K(187275712K), 0.6953261 secs] [Times: user=5.16 sys=0.38, real=0.70 secs] 
2018-04-14T03:32:44.282+0800: 94123.278: [GC (Allocation Failure) 2018-04-14T03:32:44.282+0800: 94123.278: [ParNew: 12036890K->232675K(13212096K), 0.6703315 secs] 61200413K->49397498K(187275712K), 0.6707571 secs] [Times: user=4.38 sys=0.95, real=0.67 secs] 
2018-04-14T03:33:06.504+0800: 94145.500: [GC (Allocation Failure) 2018-04-14T03:33:06.504+0800: 94145.500: [ParNew: 11976803K->309298K(13212096K), 0.8067634 secs] 61141626K->49477463K(187275712K), 0.8071830 secs] [Times: user=5.45 sys=0.97, real=0.80 secs] 
2018-04-14T03:34:06.172+0800: 94205.168: [GC (Allocation Failure) 2018-04-14T03:34:06.173+0800: 94205.169: [ParNew: 12053426K->230568K(13212096K), 0.9488585 secs] 61221591K->49415493K(187275712K), 0.9493030 secs] [Times: user=5.95 sys=1.55, real=0.95 secs] 
2018-04-14T03:34:20.807+0800: 94219.804: [GC (Allocation Failure) 2018-04-14T03:34:20.808+0800: 94219.804: [ParNew: 11974696K->295680K(13212096K), 0.6324064 secs] 61159621K->49502720K(187275712K), 0.6327598 secs] [Times: user=4.68 sys=0.33, real=0.63 secs] 
2018-04-14T03:34:30.989+0800: 94229.986: [GC (Allocation Failure) 2018-04-14T03:34:30.990+0800: 94229.986: [ParNew: 12039808K->242446K(13212096K), 0.6670225 secs] 61246848K->49475169K(187275712K), 0.6674411 secs] [Times: user=4.92 sys=0.36, real=0.67 secs] 
2018-04-14T03:34:43.457+0800: 94242.453: [GC (Allocation Failure) 2018-04-14T03:34:43.457+0800: 94242.453: [ParNew: 11986574K->204230K(13212096K), 0.6962623 secs] 61219297K->49460290K(187275712K), 0.6966945 secs] [Times: user=4.29 sys=1.20, real=0.70 secs] 
2018-04-14T03:34:50.817+0800: 94249.813: [GC (Allocation Failure) 2018-04-14T03:34:50.817+0800: 94249.813: [ParNew: 11948358K->180905K(13212096K), 0.5354848 secs] 61204418K->49461119K(187275712K), 0.5359331 secs] [Times: user=4.21 sys=0.02, real=0.54 secs] 
2018-04-14T03:34:59.044+0800: 94258.040: [GC (Allocation Failure) 2018-04-14T03:34:59.044+0800: 94258.040: [ParNew: 11925033K->112388K(13212096K), 0.5305554 secs] 61205247K->49415677K(187275712K), 0.5309813 secs] [Times: user=3.98 sys=0.22, real=0.53 secs] 
2018-04-14T03:35:06.096+0800: 94265.092: [GC (Allocation Failure) 2018-04-14T03:35:06.096+0800: 94265.092: [ParNew: 11856516K->97570K(13212096K), 0.5349165 secs] 61159805K->49410522K(187275712K), 0.5353370 secs] [Times: user=4.01 sys=0.23, real=0.53 secs] 
2018-04-14T03:35:12.589+0800: 94271.585: [GC (Allocation Failure) 2018-04-14T03:35:12.590+0800: 94271.586: [ParNew: 11841698K->104048K(13212096K), 0.5078792 secs] 61154650K->49421168K(187275712K), 0.5082978 secs] [Times: user=3.88 sys=0.15, real=0.51 secs] 
2018-04-14T03:35:23.329+0800: 94282.325: [GC (Allocation Failure) 2018-04-14T03:35:23.329+0800: 94282.325: [ParNew: 11848176K->88524K(13212096K), 0.6006233 secs] 61165296K->49408156K(187275712K), 0.6010518 secs] [Times: user=4.66 sys=0.12, real=0.60 secs] 
2018-04-14T03:35:36.693+0800: 94295.689: [GC (Allocation Failure) 2018-04-14T03:35:36.693+0800: 94295.689: [ParNew: 11832652K->76509K(13212096K), 0.6861587 secs] 61152284K->49399473K(187275712K), 0.6865877 secs] [Times: user=4.19 sys=1.24, real=0.68 secs] 
2018-04-14T03:35:46.335+0800: 94305.331: [GC (Allocation Failure) 2018-04-14T03:35:46.335+0800: 94305.331: [ParNew: 11820637K->48310K(13212096K), 0.5197842 secs] 61143601K->49373583K(187275712K), 0.5202021 secs] [Times: user=3.81 sys=0.32, real=0.52 secs] 
2018-04-14T03:35:53.851+0800: 94312.847: [GC (Allocation Failure) 2018-04-14T03:35:53.851+0800: 94312.847: [ParNew: 11792438K->56706K(13212096K), 0.5468521 secs] 61117711K->49384506K(187275712K), 0.5472694 secs] [Times: user=4.11 sys=0.25, real=0.55 secs] 
2018-04-14T03:36:29.393+0800: 94348.389: [GC (Allocation Failure) 2018-04-14T03:36:29.393+0800: 94348.389: [ParNew: 11800834K->72666K(13212096K), 0.7486952 secs] 61128634K->49402236K(187275712K), 0.7491278 secs] [Times: user=4.23 sys=1.69, real=0.75 secs] 
2018-04-14T03:37:36.288+0800: 94415.284: [GC (Allocation Failure) 2018-04-14T03:37:36.288+0800: 94415.284: [ParNew: 11816794K->133573K(13212096K), 0.8182720 secs] 61146364K->49464347K(187275712K), 0.8187053 secs] [Times: user=5.40 sys=1.10, real=0.82 secs] 
2018-04-14T03:38:32.736+0800: 94471.732: [GC (Allocation Failure) 2018-04-14T03:38:32.736+0800: 94471.732: [ParNew: 11877701K->104978K(13212096K), 0.8904040 secs] 61208475K->49437209K(187275712K), 0.8908399 secs] [Times: user=4.70 sys=2.36, real=0.89 secs] 
2018-04-14T03:39:13.455+0800: 94512.451: [GC (Allocation Failure) 2018-04-14T03:39:13.455+0800: 94512.451: [ParNew: 11849106K->100496K(13212096K), 0.7280021 secs] 61181337K->49434277K(187275712K), 0.7284407 secs] [Times: user=4.33 sys=1.44, real=0.73 secs] 
2018-04-14T03:39:31.882+0800: 94530.878: [GC (Allocation Failure) 2018-04-14T03:39:31.882+0800: 94530.878: [ParNew: 11844624K->111852K(13212096K), 0.5772924 secs] 61178405K->49446707K(187275712K), 0.5777255 secs] [Times: user=4.43 sys=0.16, real=0.57 secs] 
2018-04-14T03:40:00.834+0800: 94559.830: [GC (Allocation Failure) 2018-04-14T03:40:00.834+0800: 94559.830: [ParNew: 11855980K->124566K(13212096K), 0.7401778 secs] 61190835K->49461209K(187275712K), 0.7406057 secs] [Times: user=4.90 sys=0.98, real=0.74 secs] 
2018-04-14T03:40:22.333+0800: 94581.330: [GC (Allocation Failure) 2018-04-14T03:40:22.334+0800: 94581.330: [ParNew: 11868694K->120715K(13212096K), 0.6980021 secs] 61205337K->49461925K(187275712K), 0.6984457 secs] [Times: user=4.09 sys=1.43, real=0.70 secs] 
2018-04-14T03:40:28.464+0800: 94587.460: [GC (Allocation Failure) 2018-04-14T03:40:28.464+0800: 94587.460: [ParNew: 11864843K->121233K(13212096K), 0.5627684 secs] 61206053K->49471373K(187275712K), 0.5631920 secs] [Times: user=4.43 sys=0.06, real=0.56 secs] 
2018-04-14T03:40:34.233+0800: 94593.229: [GC (Allocation Failure) 2018-04-14T03:40:34.233+0800: 94593.229: [ParNew: 11865361K->104617K(13212096K), 0.5236194 secs] 61215501K->49465855K(187275712K), 0.5240624 secs] [Times: user=4.06 sys=0.10, real=0.52 secs] 
2018-04-14T03:40:41.369+0800: 94600.365: [GC (Allocation Failure) 2018-04-14T03:40:41.369+0800: 94600.365: [ParNew: 11848745K->95186K(13212096K), 0.6075812 secs] 61209983K->49466415K(187275712K), 0.6080076 secs] [Times: user=4.19 sys=0.64, real=0.61 secs] 
2018-04-14T03:40:55.550+0800: 94614.546: [GC (Allocation Failure) 2018-04-14T03:40:55.550+0800: 94614.546: [ParNew: 11839312K->75566K(13212096K), 0.5560608 secs] 61210541K->49453250K(187275712K), 0.5564907 secs] [Times: user=4.12 sys=0.31, real=0.56 secs] 
2018-04-14T03:41:17.390+0800: 94636.386: [GC (Allocation Failure) 2018-04-14T03:41:17.390+0800: 94636.386: [ParNew: 11819694K->92852K(13212096K), 0.6982161 secs] 61197378K->49476387K(187275712K), 0.6986653 secs] [Times: user=4.35 sys=1.18, real=0.70 secs] 
2018-04-14T03:41:36.657+0800: 94655.653: [GC (Allocation Failure) 2018-04-14T03:41:36.657+0800: 94655.653: [ParNew: 11836980K->64676K(13212096K), 0.5261544 secs] 61220515K->49457298K(187275712K), 0.5265869 secs] [Times: user=3.71 sys=0.47, real=0.53 secs] 
2018-04-14T03:41:57.984+0800: 94676.980: [GC (Allocation Failure) 2018-04-14T03:41:57.984+0800: 94676.980: [ParNew: 11808804K->71180K(13212096K), 0.5274118 secs] 61201426K->49465538K(187275712K), 0.5278360 secs] [Times: user=3.84 sys=0.36, real=0.53 secs] 
2018-04-14T03:42:12.449+0800: 94691.445: [GC (Allocation Failure) 2018-04-14T03:42:12.449+0800: 94691.445: [ParNew: 11815308K->68629K(13212096K), 0.6540969 secs] 61209666K->49464614K(187275712K), 0.6545330 secs] [Times: user=3.92 sys=1.25, real=0.66 secs] 
2018-04-14T03:42:31.432+0800: 94710.428: [GC (Allocation Failure) 2018-04-14T03:42:31.433+0800: 94710.429: [ParNew: 11812757K->91929K(13212096K), 0.6125670 secs] 61208742K->49489662K(187275712K), 0.6129882 secs] [Times: user=4.38 sys=0.48, real=0.61 secs] 
2018-04-14T03:42:57.415+0800: 94736.411: [GC (Allocation Failure) 2018-04-14T03:42:57.415+0800: 94736.411: [ParNew: 11836057K->75425K(13212096K), 0.5276558 secs] 61233790K->49476735K(187275712K), 0.5280790 secs] [Times: user=3.75 sys=0.45, real=0.53 secs] 
2018-04-14T03:44:18.984+0800: 94817.980: [GC (Allocation Failure) 2018-04-14T03:44:18.984+0800: 94817.980: [ParNew: 11819553K->68595K(13212096K), 1.1446370 secs] 61220863K->49471741K(187275712K), 1.1450728 secs] [Times: user=6.12 sys=2.98, real=1.14 secs] 
2018-04-14T03:45:12.976+0800: 94871.972: [GC (Allocation Failure) 2018-04-14T03:45:12.976+0800: 94871.973: [ParNew: 11812723K->61953K(13212096K), 0.7718981 secs] 61215869K->49466593K(187275712K), 0.7723449 secs] [Times: user=4.52 sys=1.60, real=0.77 secs] 
2018-04-14T03:45:29.289+0800: 94888.285: [GC (Allocation Failure) 2018-04-14T03:45:29.289+0800: 94888.285: [ParNew: 11806081K->73527K(13212096K), 0.5372823 secs] 61210721K->49480339K(187275712K), 0.5376260 secs] [Times: user=4.06 sys=0.21, real=0.54 secs] 
2018-04-14T03:45:50.854+0800: 94909.850: [GC (Allocation Failure) 2018-04-14T03:45:50.854+0800: 94909.850: [ParNew: 11817655K->85941K(13212096K), 0.7001602 secs] 61224467K->49493810K(187275712K), 0.7005968 secs] [Times: user=4.63 sys=0.95, real=0.70 secs] 
2018-04-14T03:46:07.473+0800: 94926.470: [GC (Allocation Failure) 2018-04-14T03:46:07.474+0800: 94926.470: [ParNew: 11830069K->66330K(13212096K), 0.6764343 secs] 61237938K->49476126K(187275712K), 0.6768603 secs] [Times: user=3.99 sys=1.38, real=0.67 secs] 
2018-04-14T03:46:23.118+0800: 94942.114: [GC (Allocation Failure) 2018-04-14T03:46:23.118+0800: 94942.114: [ParNew: 11810458K->85435K(13212096K), 0.5308790 secs] 61220254K->49496764K(187275712K), 0.5313112 secs] [Times: user=3.99 sys=0.23, real=0.53 secs] 
2018-04-14T03:46:43.558+0800: 94962.554: [GC (Allocation Failure) 2018-04-14T03:46:43.558+0800: 94962.555: [ParNew: 11829563K->77109K(13212096K), 0.6190548 secs] 61240892K->49500913K(187275712K), 0.6194749 secs] [Times: user=4.23 sys=0.68, real=0.62 secs] 
2018-04-14T03:46:56.443+0800: 94975.439: [GC (Allocation Failure) 2018-04-14T03:46:56.443+0800: 94975.439: [ParNew: 11821237K->94176K(13212096K), 0.5314332 secs] 61245041K->49526803K(187275712K), 0.5318620 secs] [Times: user=4.07 sys=0.15, real=0.53 secs] 
2018-04-14T03:47:08.141+0800: 94987.137: [GC (Allocation Failure) 2018-04-14T03:47:08.141+0800: 94987.137: [ParNew: 11838304K->92398K(13212096K), 0.6651693 secs] 61270931K->49529518K(187275712K), 0.6656084 secs] [Times: user=4.03 sys=1.24, real=0.67 secs] 
2018-04-14T03:47:31.942+0800: 95010.938: [GC (Allocation Failure) 2018-04-14T03:47:31.942+0800: 95010.938: [ParNew: 11836526K->94960K(13212096K), 0.6740415 secs] 61273646K->49535970K(187275712K), 0.6744246 secs] [Times: user=4.69 sys=0.67, real=0.67 secs] 
2018-04-14T03:48:02.641+0800: 95041.638: [GC (Allocation Failure) 2018-04-14T03:48:02.642+0800: 95041.638: [ParNew: 11839088K->103771K(13212096K), 0.7283876 secs] 61280098K->49547125K(187275712K), 0.7288236 secs] [Times: user=4.20 sys=1.57, real=0.72 secs] 
2018-04-14T03:48:28.397+0800: 95067.393: [GC (Allocation Failure) 2018-04-14T03:48:28.397+0800: 95067.393: [ParNew: 11847899K->109210K(13212096K), 0.6112514 secs] 61291253K->49555701K(187275712K), 0.6116750 secs] [Times: user=4.38 sys=0.49, real=0.61 secs] 
2018-04-14T03:49:26.293+0800: 95125.289: [GC (Allocation Failure) 2018-04-14T03:49:26.294+0800: 95125.290: [ParNew: 11853338K->81309K(13212096K), 0.7508556 secs] 61299829K->49530073K(187275712K), 0.7512967 secs] [Times: user=4.37 sys=1.58, real=0.75 secs] 
2018-04-14T03:50:37.595+0800: 95196.591: [GC (Allocation Failure) 2018-04-14T03:50:37.596+0800: 95196.592: [ParNew: 11825437K->87565K(13212096K), 0.9251610 secs] 61274201K->49538818K(187275712K), 0.9255900 secs] [Times: user=5.33 sys=2.03, real=0.92 secs] 
2018-04-14T03:51:19.421+0800: 95238.417: [GC (Allocation Failure) 2018-04-14T03:51:19.421+0800: 95238.417: [ParNew: 11831693K->115105K(13212096K), 0.6786071 secs] 61282946K->49567408K(187275712K), 0.6791729 secs] [Times: user=3.90 sys=1.48, real=0.68 secs] 
2018-04-14T03:51:59.854+0800: 95278.850: [GC (Allocation Failure) 2018-04-14T03:51:59.855+0800: 95278.851: [ParNew: 11859233K->144856K(13212096K), 0.7354307 secs] 61311536K->49598522K(187275712K), 0.7358561 secs] [Times: user=4.93 sys=0.92, real=0.73 secs] 
2018-04-14T03:52:16.554+0800: 95295.550: [GC (Allocation Failure) 2018-04-14T03:52:16.554+0800: 95295.550: [ParNew: 11888984K->175366K(13212096K), 0.6829302 secs] 61342650K->49632014K(187275712K), 0.6833616 secs] [Times: user=4.22 sys=1.17, real=0.68 secs] 
2018-04-14T03:52:33.250+0800: 95312.246: [GC (Allocation Failure) 2018-04-14T03:52:33.250+0800: 95312.246: [ParNew: 11919494K->162703K(13212096K), 0.6751579 secs] 61376142K->49621399K(187275712K), 0.6755822 secs] [Times: user=4.95 sys=0.41, real=0.68 secs] 
2018-04-14T03:52:56.383+0800: 95335.379: [GC (Allocation Failure) 2018-04-14T03:52:56.384+0800: 95335.380: [ParNew: 11906831K->179587K(13212096K), 0.6234719 secs] 61365527K->49642134K(187275712K), 0.6239088 secs] [Times: user=4.42 sys=0.54, real=0.62 secs] 
2018-04-14T03:53:04.571+0800: 95343.567: [GC (Allocation Failure) 2018-04-14T03:53:04.571+0800: 95343.567: [ParNew: 11923715K->173841K(13212096K), 0.5430391 secs] 61386262K->49643357K(187275712K), 0.5434536 secs] [Times: user=4.19 sys=0.13, real=0.54 secs] 
2018-04-14T03:53:41.083+0800: 95380.079: [GC (Allocation Failure) 2018-04-14T03:53:41.083+0800: 95380.079: [ParNew: 11917969K->128698K(13212096K), 0.6935235 secs] 61387485K->49606603K(187275712K), 0.6939509 secs] [Times: user=3.89 sys=1.60, real=0.69 secs] 
2018-04-14T03:53:52.555+0800: 95391.551: [GC (Allocation Failure) 2018-04-14T03:53:52.555+0800: 95391.551: [ParNew: 11872826K->121507K(13212096K), 0.5754760 secs] 61350731K->49605790K(187275712K), 0.5758978 secs] [Times: user=4.23 sys=0.34, real=0.57 secs] 
2018-04-14T03:53:58.922+0800: 95397.918: [GC (Allocation Failure) 2018-04-14T03:53:58.922+0800: 95397.918: [ParNew: 11865635K->124745K(13212096K), 0.5870777 secs] 61349918K->49617979K(187275712K), 0.5875009 secs] [Times: user=4.48 sys=0.18, real=0.58 secs] 
2018-04-14T03:54:12.393+0800: 95411.389: [GC (Allocation Failure) 2018-04-14T03:54:12.393+0800: 95411.389: [ParNew: 11868873K->111105K(13212096K), 0.6827502 secs] 61362107K->49609554K(187275712K), 0.6831795 secs] [Times: user=3.81 sys=1.57, real=0.68 secs] 
2018-04-14T03:54:28.885+0800: 95427.881: [GC (Allocation Failure) 2018-04-14T03:54:28.885+0800: 95427.881: [ParNew: 11855233K->85496K(13212096K), 0.5200986 secs] 61353682K->49591398K(187275712K), 0.5205399 secs] [Times: user=3.92 sys=0.22, real=0.52 secs] 
2018-04-14T03:54:45.974+0800: 95444.970: [GC (Allocation Failure) 2018-04-14T03:54:45.975+0800: 95444.971: [ParNew: 11829624K->77964K(13212096K), 0.5806108 secs] 61335526K->49596842K(187275712K), 0.5810256 secs] [Times: user=4.16 sys=0.44, real=0.58 secs] 
2018-04-14T03:55:16.154+0800: 95475.150: [GC (Allocation Failure) 2018-04-14T03:55:16.154+0800: 95475.150: [ParNew: 11822092K->51916K(13212096K), 0.6849341 secs] 61340970K->49578769K(187275712K), 0.6853572 secs] [Times: user=4.20 sys=1.22, real=0.68 secs] 
2018-04-14T03:56:25.268+0800: 95544.264: [GC (Allocation Failure) 2018-04-14T03:56:25.268+0800: 95544.264: [ParNew: 11796044K->55365K(13212096K), 0.7005695 secs] 61322897K->49583776K(187275712K), 0.7009981 secs] [Times: user=4.35 sys=1.23, real=0.70 secs] 
2018-04-14T03:56:57.599+0800: 95576.595: [GC (Allocation Failure) 2018-04-14T03:56:57.599+0800: 95576.595: [ParNew: 11799493K->108213K(13212096K), 0.6476406 secs] 61327904K->49638230K(187275712K), 0.6480686 secs] [Times: user=4.77 sys=0.39, real=0.65 secs] 
2018-04-14T03:57:07.759+0800: 95586.755: [GC (Allocation Failure) 2018-04-14T03:57:07.759+0800: 95586.755: [ParNew: 11852341K->182847K(13212096K), 0.6694385 secs] 61382358K->49714199K(187275712K), 0.6698772 secs] [Times: user=4.11 sys=1.20, real=0.67 secs] 
2018-04-14T03:57:24.117+0800: 95603.113: [GC (Allocation Failure) 2018-04-14T03:57:24.117+0800: 95603.113: [ParNew: 11926975K->234858K(13212096K), 0.5751560 secs] 61458327K->49767659K(187275712K), 0.5755900 secs] [Times: user=4.23 sys=0.35, real=0.58 secs] 
2018-04-14T03:57:37.672+0800: 95616.668: [GC (Allocation Failure) 2018-04-14T03:57:37.672+0800: 95616.668: [ParNew: 11978986K->227094K(13212096K), 0.7263692 secs] 61511787K->49762255K(187275712K), 0.7267890 secs] [Times: user=5.15 sys=0.65, real=0.72 secs] 
2018-04-14T03:57:42.384+0800: 95621.380: [GC (Allocation Failure) 2018-04-14T03:57:42.384+0800: 95621.381: [ParNew: 11971222K->207163K(13212096K), 0.4956150 secs] 61506383K->49750640K(187275712K), 0.4960360 secs] [Times: user=3.91 sys=0.03, real=0.49 secs] 
2018-04-14T03:57:55.746+0800: 95634.742: [GC (Allocation Failure) 2018-04-14T03:57:55.746+0800: 95634.742: [ParNew: 11951291K->153772K(13212096K), 0.6974685 secs] 61494768K->49704270K(187275712K), 0.6979113 secs] [Times: user=4.22 sys=1.29, real=0.70 secs] 
2018-04-14T03:58:17.114+0800: 95656.110: [GC (Allocation Failure) 2018-04-14T03:58:17.114+0800: 95656.110: [ParNew: 11897900K->110811K(13212096K), 0.6219874 secs] 61448398K->49679398K(187275712K), 0.6223721 secs] [Times: user=4.42 sys=0.50, real=0.62 secs] 
2018-04-14T03:58:28.568+0800: 95667.564: [GC (Allocation Failure) 2018-04-14T03:58:28.568+0800: 95667.564: [ParNew: 11854939K->97835K(13212096K), 0.5052764 secs] 61423526K->49678457K(187275712K), 0.5057007 secs] [Times: user=3.80 sys=0.21, real=0.51 secs] 
2018-04-14T03:58:43.537+0800: 95682.533: [GC (Allocation Failure) 2018-04-14T03:58:43.537+0800: 95682.533: [ParNew: 11841963K->72172K(13212096K), 0.7041753 secs] 61422585K->49675002K(187275712K), 0.7046089 secs] [Times: user=4.26 sys=1.30, real=0.71 secs] 
2018-04-14T03:59:07.098+0800: 95706.094: [GC (Allocation Failure) 2018-04-14T03:59:07.098+0800: 95706.094: [ParNew: 11816300K->66061K(13212096K), 0.6254082 secs] 61419130K->49685634K(187275712K), 0.6258291 secs] [Times: user=4.32 sys=0.65, real=0.63 secs] 
2018-04-14T04:00:15.823+0800: 95774.819: [GC (Allocation Failure) 2018-04-14T04:00:15.824+0800: 95774.820: [ParNew: 11810189K->97132K(13212096K), 0.8181294 secs] 61429762K->49717251K(187275712K), 0.8185592 secs] [Times: user=4.70 sys=1.77, real=0.82 secs] 
2018-04-14T04:00:43.463+0800: 95802.459: [GC (Allocation Failure) 2018-04-14T04:00:43.464+0800: 95802.460: [ParNew: 11841260K->182391K(13212096K), 0.7820644 secs] 61461379K->49803510K(187275712K), 0.7824867 secs] [Times: user=5.54 sys=0.69, real=0.78 secs] 
2018-04-14T04:01:03.385+0800: 95822.381: [GC (Allocation Failure) 2018-04-14T04:01:03.385+0800: 95822.381: [ParNew: 11926519K->229119K(13212096K), 0.6560817 secs] 61547638K->49851060K(187275712K), 0.6565028 secs] [Times: user=4.94 sys=0.28, real=0.66 secs] 
2018-04-14T04:02:35.460+0800: 95914.457: [GC (Allocation Failure) 2018-04-14T04:02:35.461+0800: 95914.457: [ParNew: 11973247K->208326K(13212096K), 1.0030787 secs] 61595188K->49832348K(187275712K), 1.0035006 secs] [Times: user=5.25 sys=2.72, real=1.01 secs] 
2018-04-14T04:03:47.818+0800: 95986.814: [GC (Allocation Failure) 2018-04-14T04:03:47.819+0800: 95986.815: [ParNew: 11952454K->176346K(13212096K), 1.1147118 secs] 61576476K->49802594K(187275712K), 1.1151349 secs] [Times: user=6.03 sys=2.83, real=1.12 secs] 
2018-04-14T04:04:06.171+0800: 96005.167: [GC (Allocation Failure) 2018-04-14T04:04:06.171+0800: 96005.167: [ParNew: 11920474K->194112K(13212096K), 0.5892590 secs] 61546722K->49823878K(187275712K), 0.5896793 secs] [Times: user=4.37 sys=0.32, real=0.59 secs] 
2018-04-14T04:04:35.501+0800: 96034.497: [GC (Allocation Failure) 2018-04-14T04:04:35.501+0800: 96034.497: [ParNew: 11938240K->169265K(13212096K), 0.7609393 secs] 61568006K->49815110K(187275712K), 0.7613682 secs] [Times: user=4.49 sys=1.53, real=0.77 secs] 
2018-04-14T04:05:08.038+0800: 96067.034: [GC (Allocation Failure) 2018-04-14T04:05:08.038+0800: 96067.034: [ParNew: 11913393K->131313K(13212096K), 0.6190179 secs] 61559238K->49800639K(187275712K), 0.6194374 secs] [Times: user=4.26 sys=0.64, real=0.62 secs] 
2018-04-14T04:05:33.156+0800: 96092.152: [GC (Allocation Failure) 2018-04-14T04:05:33.156+0800: 96092.152: [ParNew: 11875441K->129153K(13212096K), 0.6700061 secs] 61544767K->49821273K(187275712K), 0.6704393 secs] [Times: user=4.10 sys=1.19, real=0.67 secs] 
2018-04-14T04:05:48.892+0800: 96107.888: [GC (Allocation Failure) 2018-04-14T04:05:48.893+0800: 96107.889: [ParNew: 11873281K->127909K(13212096K), 0.5567900 secs] 61565401K->49834674K(187275712K), 0.5572144 secs] [Times: user=3.95 sys=0.46, real=0.55 secs] 
2018-04-14T04:06:06.149+0800: 96125.145: [GC (Allocation Failure) 2018-04-14T04:06:06.149+0800: 96125.145: [ParNew: 11872037K->104727K(13212096K), 0.5304264 secs] 61578802K->49821051K(187275712K), 0.5308493 secs] [Times: user=4.03 sys=0.18, real=0.53 secs] 
2018-04-14T04:06:53.147+0800: 96172.143: [GC (Allocation Failure) 2018-04-14T04:06:53.147+0800: 96172.143: [ParNew: 11848855K->79693K(13212096K), 0.7567639 secs] 61565179K->49799411K(187275712K), 0.7572003 secs] [Times: user=4.18 sys=1.81, real=0.76 secs] 
2018-04-14T04:07:22.328+0800: 96201.324: [GC (Allocation Failure) 2018-04-14T04:07:22.328+0800: 96201.324: [ParNew: 11823821K->107372K(13212096K), 0.8600089 secs] 61543539K->49832446K(187275712K), 0.8604290 secs] [Times: user=5.22 sys=1.60, real=0.86 secs] 
2018-04-14T04:07:37.266+0800: 96216.262: [GC (Allocation Failure) 2018-04-14T04:07:37.266+0800: 96216.262: [ParNew: 11851500K->106936K(13212096K), 0.5589104 secs] 61576574K->49837598K(187275712K), 0.5593258 secs] [Times: user=4.19 sys=0.25, real=0.56 secs] 
2018-04-14T04:08:46.137+0800: 96285.133: [GC (Allocation Failure) 2018-04-14T04:08:46.138+0800: 96285.134: [ParNew: 11851064K->87494K(13212096K), 0.8383914 secs] 61581726K->49823643K(187275712K), 0.8388238 secs] [Times: user=4.94 sys=1.70, real=0.84 secs] 
2018-04-14T04:09:03.115+0800: 96302.112: [GC (Allocation Failure) 2018-04-14T04:09:03.116+0800: 96302.112: [ParNew: 11831622K->84244K(13212096K), 0.4958309 secs] 61567771K->49821772K(187275712K), 0.4962474 secs] [Times: user=3.80 sys=0.14, real=0.50 secs] 
2018-04-14T04:09:18.795+0800: 96317.791: [GC (Allocation Failure) 2018-04-14T04:09:18.795+0800: 96317.791: [ParNew: 11828372K->94102K(13212096K), 0.5836232 secs] 61565900K->49834081K(187275712K), 0.5840406 secs] [Times: user=4.15 sys=0.49, real=0.58 secs] 
2018-04-14T04:09:26.962+0800: 96325.958: [GC (Allocation Failure) 2018-04-14T04:09:26.962+0800: 96325.958: [ParNew: 11838230K->80621K(13212096K), 0.5168800 secs] 61578209K->49826831K(187275712K), 0.5173218 secs] [Times: user=3.92 sys=0.19, real=0.51 secs] 
2018-04-14T04:09:32.831+0800: 96331.827: [GC (Allocation Failure) 2018-04-14T04:09:32.831+0800: 96331.827: [ParNew: 11824749K->76811K(13212096K), 0.5144443 secs] 61570959K->49826123K(187275712K), 0.5148515 secs] [Times: user=4.00 sys=0.09, real=0.52 secs] 
2018-04-14T04:09:38.989+0800: 96337.985: [GC (Allocation Failure) 2018-04-14T04:09:38.989+0800: 96337.985: [ParNew: 11820939K->78720K(13212096K), 0.6569046 secs] 61570251K->49829880K(187275712K), 0.6573238 secs] [Times: user=4.04 sys=1.16, real=0.66 secs] 
2018-04-14T04:09:47.309+0800: 96346.305: [GC (Allocation Failure) 2018-04-14T04:09:47.309+0800: 96346.305: [ParNew: 11822848K->82561K(13212096K), 0.5490747 secs] 61574008K->49851292K(187275712K), 0.5494923 secs] [Times: user=4.27 sys=0.08, real=0.55 secs] 
2018-04-14T04:09:55.822+0800: 96354.818: [GC (Allocation Failure) 2018-04-14T04:09:55.822+0800: 96354.818: [ParNew: 11826689K->84906K(13212096K), 0.5216704 secs] 61595420K->49856757K(187275712K), 0.5220786 secs] [Times: user=3.91 sys=0.23, real=0.52 secs] 
2018-04-14T04:10:02.540+0800: 96361.536: [GC (Allocation Failure) 2018-04-14T04:10:02.540+0800: 96361.537: [ParNew: 11829034K->108437K(13212096K), 0.5156963 secs] 61600885K->49883639K(187275712K), 0.5161048 secs] [Times: user=3.85 sys=0.25, real=0.52 secs] 
2018-04-14T04:10:11.061+0800: 96370.057: [GC (Allocation Failure) 2018-04-14T04:10:11.062+0800: 96370.058: [ParNew: 11852565K->100130K(13212096K), 0.5316482 secs] 61627767K->49877407K(187275712K), 0.5320552 secs] [Times: user=4.02 sys=0.20, real=0.53 secs] 
2018-04-14T04:10:20.543+0800: 96379.539: [GC (Allocation Failure) 2018-04-14T04:10:20.543+0800: 96379.539: [ParNew: 11844258K->117748K(13212096K), 0.6475693 secs] 61621535K->49896822K(187275712K), 0.6479996 secs] [Times: user=3.95 sys=1.18, real=0.64 secs] 
2018-04-14T04:10:35.782+0800: 96394.778: [GC (Allocation Failure) 2018-04-14T04:10:35.782+0800: 96394.778: [ParNew: 11861876K->93861K(13212096K), 0.5926076 secs] 61640950K->49874312K(187275712K), 0.5930158 secs] [Times: user=4.25 sys=0.47, real=0.59 secs] 
2018-04-14T04:10:51.676+0800: 96410.672: [GC (Allocation Failure) 2018-04-14T04:10:51.676+0800: 96410.672: [ParNew: 11837989K->60262K(13212096K), 0.5401186 secs] 61618440K->49843303K(187275712K), 0.5405301 secs] [Times: user=3.85 sys=0.44, real=0.54 secs] 
2018-04-14T04:11:22.147+0800: 96441.143: [GC (Allocation Failure) 2018-04-14T04:11:22.148+0800: 96441.144: [ParNew: 11804390K->98991K(13212096K), 0.7289152 secs] 61587431K->49884628K(187275712K), 0.7293369 secs] [Times: user=4.44 sys=1.34, real=0.73 secs] 
2018-04-14T04:11:43.563+0800: 96462.559: [GC (Allocation Failure) 2018-04-14T04:11:43.563+0800: 96462.559: [ParNew: 11843119K->116391K(13212096K), 0.5905951 secs] 61628756K->49903319K(187275712K), 0.5910161 secs] [Times: user=4.26 sys=0.45, real=0.59 secs] 
2018-04-14T04:12:39.207+0800: 96518.203: [GC (Allocation Failure) 2018-04-14T04:12:39.207+0800: 96518.203: [ParNew: 11860519K->118978K(13212096K), 0.7630966 secs] 61647447K->49907257K(187275712K), 0.7635443 secs] [Times: user=4.55 sys=1.50, real=0.76 secs] 
2018-04-14T04:14:30.268+0800: 96629.264: [GC (Allocation Failure) 2018-04-14T04:14:30.268+0800: 96629.264: [ParNew: 11863106K->105487K(13212096K), 0.9860306 secs] 61651385K->49895230K(187275712K), 0.9864650 secs] [Times: user=4.80 sys=3.03, real=0.99 secs] 
2018-04-14T04:16:46.567+0800: 96765.563: [GC (Allocation Failure) 2018-04-14T04:16:46.568+0800: 96765.564: [ParNew: 11849615K->127348K(13212096K), 0.9554723 secs] 61639358K->49918773K(187275712K), 0.9559195 secs] [Times: user=5.70 sys=1.83, real=0.96 secs] 
2018-04-14T04:17:27.759+0800: 96806.755: [GC (Allocation Failure) 2018-04-14T04:17:27.759+0800: 96806.755: [ParNew: 11871476K->160897K(13212096K), 0.6388303 secs] 61662901K->49955136K(187275712K), 0.6392476 secs] [Times: user=4.36 sys=0.71, real=0.64 secs] 
2018-04-14T04:17:53.164+0800: 96832.160: [GC (Allocation Failure) 2018-04-14T04:17:53.165+0800: 96832.161: [ParNew: 11905025K->144541K(13212096K), 0.5716091 secs] 61699264K->49946621K(187275712K), 0.5720483 secs] [Times: user=4.22 sys=0.33, real=0.57 secs] 
2018-04-14T04:18:17.148+0800: 96856.144: [GC (Allocation Failure) 2018-04-14T04:18:17.149+0800: 96856.145: [ParNew: 11888669K->158339K(13212096K), 0.7139199 secs] 61690749K->49962825K(187275712K), 0.7143574 secs] [Times: user=4.38 sys=1.27, real=0.72 secs] 
2018-04-14T04:18:29.045+0800: 96868.041: [GC (Allocation Failure) 2018-04-14T04:18:29.045+0800: 96868.041: [ParNew: 11902467K->136597K(13212096K), 0.5437780 secs] 61706953K->49946472K(187275712K), 0.5441920 secs] [Times: user=4.00 sys=0.31, real=0.54 secs] 
2018-04-14T04:18:51.374+0800: 96890.370: [GC (Allocation Failure) 2018-04-14T04:18:51.374+0800: 96890.370: [ParNew: 11880725K->100967K(13212096K), 0.5588719 secs] 61690600K->49926987K(187275712K), 0.5592916 secs] [Times: user=4.15 sys=0.27, real=0.56 secs] 
2018-04-14T04:19:14.971+0800: 96913.967: [GC (Allocation Failure) 2018-04-14T04:19:14.971+0800: 96913.967: [ParNew: 11845095K->76309K(13212096K), 0.6670815 secs] 61671115K->49920400K(187275712K), 0.6675168 secs] [Times: user=3.85 sys=1.41, real=0.67 secs] 
2018-04-14T04:19:30.591+0800: 96929.587: [GC (Allocation Failure) 2018-04-14T04:19:30.591+0800: 96929.587: [ParNew: 11820437K->85101K(13212096K), 0.5447847 secs] 61664528K->49934612K(187275712K), 0.5452004 secs] [Times: user=3.99 sys=0.35, real=0.54 secs] 
2018-04-14T04:19:42.124+0800: 96941.120: [GC (Allocation Failure) 2018-04-14T04:19:42.125+0800: 96941.121: [ParNew: 11829229K->97672K(13212096K), 0.5110091 secs] 61678740K->49948480K(187275712K), 0.5114214 secs] [Times: user=3.77 sys=0.29, real=0.51 secs] 
2018-04-14T04:19:51.894+0800: 96950.890: [GC (Allocation Failure) 2018-04-14T04:19:51.894+0800: 96950.890: [ParNew: 11841800K->88605K(13212096K), 0.6574968 secs] 61692608K->49942661K(187275712K), 0.6579147 secs] [Times: user=3.71 sys=1.49, real=0.66 secs] 
2018-04-14T04:20:02.852+0800: 96961.848: [GC (Allocation Failure) 2018-04-14T04:20:02.852+0800: 96961.848: [ParNew: 11832733K->82724K(13212096K), 0.4756634 secs] 61686789K->49947898K(187275712K), 0.4760737 secs] [Times: user=3.70 sys=0.07, real=0.47 secs] 
2018-04-14T04:20:13.286+0800: 96972.282: [GC (Allocation Failure) 2018-04-14T04:20:13.286+0800: 96972.282: [ParNew: 11826852K->88882K(13212096K), 0.5291874 secs] 61692026K->49957641K(187275712K), 0.5295997 secs] [Times: user=3.81 sys=0.40, real=0.53 secs] 
2018-04-14T04:20:22.431+0800: 96981.427: [GC (Allocation Failure) 2018-04-14T04:20:22.431+0800: 96981.427: [ParNew: 11833010K->80734K(13212096K), 0.5299531 secs] 61701769K->49952721K(187275712K), 0.5303635 secs] [Times: user=3.98 sys=0.24, real=0.54 secs] 
2018-04-14T04:20:31.073+0800: 96990.069: [GC (Allocation Failure) 2018-04-14T04:20:31.073+0800: 96990.069: [ParNew: 11824862K->69145K(13212096K), 0.4822179 secs] 61696849K->49942924K(187275712K), 0.4826238 secs] [Times: user=3.71 sys=0.13, real=0.48 secs] 
2018-04-14T04:20:38.986+0800: 96997.982: [GC (Allocation Failure) 2018-04-14T04:20:38.986+0800: 96997.982: [ParNew: 11813273K->61577K(13212096K), 0.6395298 secs] 61687052K->49939618K(187275712K), 0.6399483 secs] [Times: user=3.79 sys=1.26, real=0.64 secs] 
2018-04-14T04:20:48.828+0800: 97007.825: [GC (Allocation Failure) 2018-04-14T04:20:48.829+0800: 97007.825: [ParNew: 11805705K->54903K(13212096K), 0.4943936 secs] 61683746K->49934185K(187275712K), 0.4948073 secs] [Times: user=3.85 sys=0.09, real=0.50 secs] 
2018-04-14T04:21:00.276+0800: 97019.272: [GC (Allocation Failure) 2018-04-14T04:21:00.277+0800: 97019.273: [ParNew: 11799031K->51131K(13212096K), 0.4935372 secs] 61678313K->49931844K(187275712K), 0.4939421 secs] [Times: user=3.64 sys=0.29, real=0.49 secs] 
2018-04-14T04:21:13.483+0800: 97032.479: [GC (Allocation Failure) 2018-04-14T04:21:13.483+0800: 97032.479: [ParNew: 11795259K->55397K(13212096K), 0.5160515 secs] 61675972K->49937215K(187275712K), 0.5164620 secs] [Times: user=3.76 sys=0.34, real=0.51 secs] 
2018-04-14T04:21:46.077+0800: 97065.073: [GC (Allocation Failure) 2018-04-14T04:21:46.077+0800: 97065.073: [ParNew: 11799525K->60734K(13212096K), 0.7557892 secs] 61681343K->49943154K(187275712K), 0.7562078 secs] [Times: user=4.30 sys=1.69, real=0.76 secs] 
2018-04-14T04:22:21.185+0800: 97100.181: [GC (Allocation Failure) 2018-04-14T04:22:21.185+0800: 97100.181: [ParNew: 11804862K->57681K(13212096K), 0.6230073 secs] 61687282K->49940659K(187275712K), 0.6234106 secs] [Times: user=4.42 sys=0.54, real=0.62 secs] 
2018-04-14T04:22:38.530+0800: 97117.526: [GC (Allocation Failure) 2018-04-14T04:22:38.530+0800: 97117.526: [ParNew: 11801809K->64516K(13212096K), 0.6458930 secs] 61684787K->49948099K(187275712K), 0.6463223 secs] [Times: user=3.78 sys=1.32, real=0.65 secs] 
2018-04-14T04:23:11.462+0800: 97150.458: [GC (Allocation Failure) 2018-04-14T04:23:11.462+0800: 97150.458: [ParNew: 11808644K->57798K(13212096K), 0.8036932 secs] 61692227K->49942112K(187275712K), 0.8041016 secs] [Times: user=4.90 sys=1.50, real=0.80 secs] 
2018-04-14T04:23:46.033+0800: 97185.029: [GC (Allocation Failure) 2018-04-14T04:23:46.033+0800: 97185.029: [ParNew: 11801926K->90982K(13212096K), 0.6871561 secs] 61686240K->49976772K(187275712K), 0.6875908 secs] [Times: user=3.81 sys=1.62, real=0.68 secs] 
2018-04-14T04:24:13.163+0800: 97212.159: [GC (Allocation Failure) 2018-04-14T04:24:13.163+0800: 97212.159: [ParNew: 11835110K->104364K(13212096K), 0.5372128 secs] 61720900K->49992808K(187275712K), 0.5376391 secs] [Times: user=3.83 sys=0.44, real=0.53 secs] 
2018-04-14T04:24:38.603+0800: 97237.599: [GC (Allocation Failure) 2018-04-14T04:24:38.603+0800: 97237.599: [ParNew: 11848492K->85971K(13212096K), 0.5672510 secs] 61736936K->49979397K(187275712K), 0.5676804 secs] [Times: user=3.90 sys=0.62, real=0.56 secs] 
2018-04-14T04:24:45.412+0800: 97244.408: [GC (Allocation Failure) 2018-04-14T04:24:45.412+0800: 97244.408: [ParNew: 11830099K->74440K(13212096K), 0.5141298 secs] 61723525K->49971733K(187275712K), 0.5145568 secs] [Times: user=4.09 sys=0.01, real=0.51 secs] 
2018-04-14T04:24:52.226+0800: 97251.222: [GC (Allocation Failure) 2018-04-14T04:24:52.226+0800: 97251.222: [ParNew: 11818568K->76501K(13212096K), 0.6299793 secs] 61715861K->49975787K(187275712K), 0.6303969 secs] [Times: user=3.85 sys=1.13, real=0.63 secs] 
2018-04-14T04:25:02.521+0800: 97261.517: [GC (Allocation Failure) 2018-04-14T04:25:02.522+0800: 97261.518: [ParNew: 11820629K->89153K(13212096K), 0.5483042 secs] 61719915K->49994027K(187275712K), 0.5487265 secs] [Times: user=4.11 sys=0.26, real=0.54 secs] 
2018-04-14T04:25:20.684+0800: 97279.680: [GC (Allocation Failure) 2018-04-14T04:25:20.684+0800: 97279.680: [ParNew: 11833281K->58201K(13212096K), 0.5573434 secs] 61738155K->49979365K(187275712K), 0.5577707 secs] [Times: user=3.86 sys=0.56, real=0.56 secs] 
2018-04-14T04:25:43.578+0800: 97302.574: [GC (Allocation Failure) 2018-04-14T04:25:43.578+0800: 97302.574: [ParNew: 11802329K->43742K(13212096K), 0.7154314 secs] 61723493K->49974020K(187275712K), 0.7158473 secs] [Times: user=4.37 sys=1.28, real=0.72 secs] 
2018-04-14T04:26:31.167+0800: 97350.163: [GC (Allocation Failure) 2018-04-14T04:26:31.167+0800: 97350.163: [ParNew: 11787870K->83679K(13212096K), 0.6963345 secs] 61718148K->50017504K(187275712K), 0.6967539 secs] [Times: user=4.57 sys=0.96, real=0.70 secs] 
2018-04-14T04:26:48.517+0800: 97367.513: [GC (Allocation Failure) 2018-04-14T04:26:48.517+0800: 97367.514: [ParNew: 11827807K->109887K(13212096K), 0.5554426 secs] 61761632K->50045235K(187275712K), 0.5558535 secs] [Times: user=4.16 sys=0.27, real=0.56 secs] 
2018-04-14T04:27:04.730+0800: 97383.726: [GC (Allocation Failure) 2018-04-14T04:27:04.731+0800: 97383.727: [ParNew: 11854015K->124567K(13212096K), 0.6864797 secs] 61789363K->50060453K(187275712K), 0.6869022 secs] [Times: user=4.20 sys=1.24, real=0.69 secs] 
2018-04-14T04:27:23.092+0800: 97402.088: [GC (Allocation Failure) 2018-04-14T04:27:23.092+0800: 97402.088: [ParNew: 11868695K->151508K(13212096K), 0.6002706 secs] 61804581K->50088872K(187275712K), 0.6006901 secs] [Times: user=4.15 sys=0.63, real=0.60 secs] 
2018-04-14T04:27:43.739+0800: 97422.735: [GC (Allocation Failure) 2018-04-14T04:27:43.739+0800: 97422.735: [ParNew: 11893815K->154141K(13212096K), 0.5559429 secs] 61831180K->50092775K(187275712K), 0.5563511 secs] [Times: user=4.18 sys=0.26, real=0.56 secs] 
2018-04-14T04:28:13.969+0800: 97452.965: [GC (Allocation Failure) 2018-04-14T04:28:13.969+0800: 97452.965: [ParNew: 11898269K->103480K(13212096K), 0.7067839 secs] 61836903K->50043382K(187275712K), 0.7072090 secs] [Times: user=3.90 sys=1.70, real=0.71 secs] 
2018-04-14T04:28:33.801+0800: 97472.797: [GC (Allocation Failure) 2018-04-14T04:28:33.801+0800: 97472.797: [ParNew: 11847608K->94378K(13212096K), 0.5470699 secs] 61787510K->50041119K(187275712K), 0.5474839 secs] [Times: user=3.87 sys=0.48, real=0.55 secs] 
2018-04-14T04:28:50.282+0800: 97489.278: [GC (Allocation Failure) 2018-04-14T04:28:50.282+0800: 97489.279: [ParNew: 11838506K->119952K(13212096K), 0.6840834 secs] 61785247K->50067557K(187275712K), 0.6845120 secs] [Times: user=4.19 sys=1.23, real=0.68 secs] 
2018-04-14T04:29:11.465+0800: 97510.461: [GC (Allocation Failure) 2018-04-14T04:29:11.465+0800: 97510.461: [ParNew: 11864080K->148577K(13212096K), 0.5936138 secs] 61811685K->50097428K(187275712K), 0.5940344 secs] [Times: user=4.07 sys=0.66, real=0.59 secs] 
2018-04-14T04:29:38.919+0800: 97537.915: [GC (Allocation Failure) 2018-04-14T04:29:38.919+0800: 97537.915: [ParNew: 11892705K->212732K(13212096K), 0.8088034 secs] 61841556K->50162892K(187275712K), 0.8092309 secs] [Times: user=4.79 sys=1.61, real=0.81 secs] 
2018-04-14T04:30:37.442+0800: 97596.438: [GC (Allocation Failure) 2018-04-14T04:30:37.442+0800: 97596.438: [ParNew: 11956860K->177727K(13212096K), 0.6909528 secs] 61907020K->50129667K(187275712K), 0.6913788 secs] [Times: user=4.72 sys=0.77, real=0.69 secs] 
2018-04-14T04:31:44.143+0800: 97663.139: [GC (Allocation Failure) 2018-04-14T04:31:44.143+0800: 97663.139: [ParNew: 11921855K->184637K(13212096K), 0.7989816 secs] 61873795K->50138353K(187275712K), 0.7994277 secs] [Times: user=4.72 sys=1.60, real=0.80 secs] 
2018-04-14T04:32:16.628+0800: 97695.624: [GC (Allocation Failure) 2018-04-14T04:32:16.629+0800: 97695.625: [ParNew: 11928765K->198971K(13212096K), 0.6963877 secs] 61882481K->50153746K(187275712K), 0.6968222 secs] [Times: user=4.63 sys=0.92, real=0.70 secs] 
2018-04-14T04:32:41.108+0800: 97720.105: [GC (Allocation Failure) 2018-04-14T04:32:41.109+0800: 97720.105: [ParNew: 11943099K->178863K(13212096K), 0.5993029 secs] 61897874K->50149059K(187275712K), 0.5997306 secs] [Times: user=4.42 sys=0.33, real=0.60 secs] 
2018-04-14T04:32:51.130+0800: 97730.126: [GC (Allocation Failure) 2018-04-14T04:32:51.131+0800: 97730.127: [ParNew: 11922991K->152525K(13212096K), 0.6756476 secs] 61893187K->50140874K(187275712K), 0.6760908 secs] [Times: user=3.86 sys=1.46, real=0.68 secs] 
2018-04-14T04:32:57.615+0800: 97736.611: [GC (Allocation Failure) 2018-04-14T04:32:57.616+0800: 97736.612: [ParNew: 11896653K->163584K(13212096K), 0.5149360 secs] 61885002K->50173340K(187275712K), 0.5153635 secs] [Times: user=4.01 sys=0.06, real=0.51 secs] 
2018-04-14T04:33:03.150+0800: 97742.146: [GC (Allocation Failure) 2018-04-14T04:33:03.150+0800: 97742.146: [ParNew: 11907712K->86843K(13212096K), 0.5071265 secs] 61917468K->50122132K(187275712K), 0.5075556 secs] [Times: user=3.78 sys=0.21, real=0.51 secs] 
2018-04-14T04:33:10.621+0800: 97749.617: [GC (Allocation Failure) 2018-04-14T04:33:10.621+0800: 97749.617: [ParNew: 11830971K->91764K(13212096K), 0.5499726 secs] 61866260K->50141193K(187275712K), 0.5503909 secs] [Times: user=4.09 sys=0.27, real=0.55 secs] 
2018-04-14T04:33:20.825+0800: 97759.821: [GC (Allocation Failure) 2018-04-14T04:33:20.825+0800: 97759.821: [ParNew: 11835892K->110350K(13212096K), 0.6171953 secs] 61885321K->50168854K(187275712K), 0.6176243 secs] [Times: user=4.48 sys=0.42, real=0.62 secs] 
2018-04-14T04:33:31.960+0800: 97770.957: [GC (Allocation Failure) 2018-04-14T04:33:31.961+0800: 97770.957: [ParNew: 11854478K->87357K(13212096K), 0.6820231 secs] 61912982K->50151733K(187275712K), 0.6824465 secs] [Times: user=3.92 sys=1.46, real=0.69 secs] 
2018-04-14T04:33:42.796+0800: 97781.792: [GC (Allocation Failure) 2018-04-14T04:33:42.796+0800: 97781.792: [ParNew: 11831485K->96855K(13212096K), 0.4751531 secs] 61895861K->50165646K(187275712K), 0.4755855 secs] [Times: user=3.74 sys=0.04, real=0.48 secs] 
2018-04-14T04:33:51.893+0800: 97790.889: [GC (Allocation Failure) 2018-04-14T04:33:51.893+0800: 97790.889: [ParNew: 11840983K->107258K(13212096K), 0.4986365 secs] 61909774K->50179609K(187275712K), 0.4990524 secs] [Times: user=3.66 sys=0.30, real=0.50 secs] 
2018-04-14T04:33:58.716+0800: 97797.712: [GC (Allocation Failure) 2018-04-14T04:33:58.716+0800: 97797.712: [ParNew: 11851386K->87735K(13212096K), 0.4874103 secs] 61923737K->50162297K(187275712K), 0.4878194 secs] [Times: user=3.60 sys=0.27, real=0.49 secs] 
2018-04-14T04:34:10.450+0800: 97809.446: [GC (Allocation Failure) 2018-04-14T04:34:10.450+0800: 97809.446: [ParNew: 11831863K->72820K(13212096K), 0.5422167 secs] 61906425K->50150158K(187275712K), 0.5426329 secs] [Times: user=4.04 sys=0.27, real=0.55 secs] 
2018-04-14T04:34:34.355+0800: 97833.351: [GC (Allocation Failure) 2018-04-14T04:34:34.356+0800: 97833.352: [ParNew: 11816948K->130021K(13212096K), 0.6757176 secs] 61894286K->50208891K(187275712K), 0.6761463 secs] [Times: user=4.00 sys=1.35, real=0.68 secs] 
2018-04-14T04:34:49.749+0800: 97848.745: [GC (Allocation Failure) 2018-04-14T04:34:49.749+0800: 97848.745: [ParNew: 11874149K->202123K(13212096K), 0.5874777 secs] 61953019K->50285179K(187275712K), 0.5878924 secs] [Times: user=4.17 sys=0.51, real=0.59 secs] 
2018-04-14T04:35:05.227+0800: 97864.223: [GC (Allocation Failure) 2018-04-14T04:35:05.227+0800: 97864.223: [ParNew: 11946251K->189094K(13212096K), 0.5397335 secs] 62029307K->50274902K(187275712K), 0.5401515 secs] [Times: user=4.03 sys=0.26, real=0.54 secs] 
2018-04-14T04:35:17.817+0800: 97876.813: [GC (Allocation Failure) 2018-04-14T04:35:17.817+0800: 97876.813: [ParNew: 11933222K->288971K(13212096K), 0.7274374 secs] 62019030K->50377863K(187275712K), 0.7278899 secs] [Times: user=4.45 sys=1.31, real=0.73 secs] 
2018-04-14T04:35:29.393+0800: 97888.389: [GC (Allocation Failure) 2018-04-14T04:35:29.393+0800: 97888.389: [ParNew: 12033099K->243881K(13212096K), 0.5488476 secs] 62121991K->50334617K(187275712K), 0.5492746 secs] [Times: user=4.14 sys=0.23, real=0.55 secs] 
2018-04-14T04:35:40.075+0800: 97899.071: [GC (Allocation Failure) 2018-04-14T04:35:40.075+0800: 97899.071: [ParNew: 11988009K->241484K(13212096K), 0.5866239 secs] 62078745K->50334676K(187275712K), 0.5870484 secs] [Times: user=4.31 sys=0.37, real=0.59 secs] 
2018-04-14T04:35:49.763+0800: 97908.759: [GC (Allocation Failure) 2018-04-14T04:35:49.763+0800: 97908.759: [ParNew: 11985612K->246275K(13212096K), 0.5525546 secs] 62078804K->50365479K(187275712K), 0.5529764 secs] [Times: user=4.11 sys=0.24, real=0.55 secs] 
2018-04-14T04:36:07.792+0800: 97926.788: [GC (Allocation Failure) 2018-04-14T04:36:07.792+0800: 97926.788: [ParNew: 11990403K->165075K(13212096K), 0.6755705 secs] 62109607K->50308821K(187275712K), 0.6759999 secs] [Times: user=3.73 sys=1.58, real=0.67 secs] 
2018-04-14T04:36:17.735+0800: 97936.731: [GC (Allocation Failure) 2018-04-14T04:36:17.735+0800: 97936.731: [ParNew: 11909203K->94248K(13212096K), 0.5038040 secs] 62052949K->50260354K(187275712K), 0.5042305 secs] [Times: user=3.85 sys=0.13, real=0.50 secs] 
2018-04-14T04:36:51.228+0800: 97970.224: [GC (Allocation Failure) 2018-04-14T04:36:51.228+0800: 97970.224: [ParNew: 11838376K->138189K(13212096K), 0.7494194 secs] 62004482K->50322601K(187275712K), 0.7498472 secs] [Times: user=4.93 sys=1.01, real=0.75 secs] 
2018-04-14T04:37:00.668+0800: 97979.664: [GC (Allocation Failure) 2018-04-14T04:37:00.668+0800: 97979.664: [ParNew: 11882317K->144734K(13212096K), 0.6785785 secs] 62066729K->50334320K(187275712K), 0.6790046 secs] [Times: user=4.04 sys=1.32, real=0.68 secs] 
2018-04-14T04:37:08.633+0800: 97987.629: [GC (Allocation Failure) 2018-04-14T04:37:08.634+0800: 97987.630: [ParNew: 11888862K->157360K(13212096K), 0.6016230 secs] 62078448K->50354989K(187275712K), 0.6020467 secs] [Times: user=4.71 sys=0.07, real=0.60 secs] 
2018-04-14T04:37:22.367+0800: 98001.363: [GC (Allocation Failure) 2018-04-14T04:37:22.367+0800: 98001.363: [ParNew: 11901488K->117700K(13212096K), 0.5706953 secs] 62099117K->50322354K(187275712K), 0.5711189 secs] [Times: user=4.02 sys=0.52, real=0.57 secs] 
2018-04-14T04:37:33.508+0800: 98012.504: [GC (Allocation Failure) 2018-04-14T04:37:33.508+0800: 98012.504: [ParNew: 11861828K->80369K(13212096K), 0.5015478 secs] 62066482K->50289619K(187275712K), 0.5019714 secs] [Times: user=3.66 sys=0.34, real=0.50 secs] 
2018-04-14T04:37:44.846+0800: 98023.842: [GC (Allocation Failure) 2018-04-14T04:37:44.846+0800: 98023.842: [ParNew: 11824497K->66642K(13212096K), 0.7021263 secs] 62033747K->50278228K(187275712K), 0.7025461 secs] [Times: user=4.14 sys=1.40, real=0.70 secs] 
2018-04-14T04:37:56.117+0800: 98035.113: [GC (Allocation Failure) 2018-04-14T04:37:56.117+0800: 98035.113: [ParNew: 11810770K->60355K(13212096K), 0.5419046 secs] 62022356K->50283257K(187275712K), 0.5423278 secs] [Times: user=4.17 sys=0.12, real=0.54 secs] 
2018-04-14T04:38:12.271+0800: 98051.267: [GC (Allocation Failure) 2018-04-14T04:38:12.272+0800: 98051.268: [ParNew: 11804483K->66244K(13212096K), 0.5522766 secs] 62027385K->50291235K(187275712K), 0.5526971 secs] [Times: user=4.01 sys=0.38, real=0.55 secs] 
2018-04-14T04:38:21.644+0800: 98060.640: [GC (Allocation Failure) 2018-04-14T04:38:21.644+0800: 98060.640: [ParNew: 11810372K->64247K(13212096K), 0.4891667 secs] 62035363K->50290448K(187275712K), 0.4895786 secs] [Times: user=3.63 sys=0.26, real=0.49 secs] 
2018-04-14T04:38:51.891+0800: 98090.887: [GC (Allocation Failure) 2018-04-14T04:38:51.891+0800: 98090.887: [ParNew: 11808375K->55529K(13212096K), 0.6836852 secs] 62034576K->50283819K(187275712K), 0.6841266 secs] [Times: user=4.11 sys=1.30, real=0.69 secs] 
2018-04-14T04:40:41.559+0800: 98200.555: [GC (Allocation Failure) 2018-04-14T04:40:41.559+0800: 98200.555: [ParNew: 11799657K->69072K(13212096K), 1.0097483 secs] 62027947K->50298683K(187275712K), 1.0101893 secs] [Times: user=5.66 sys=2.34, real=1.01 secs] 
2018-04-14T04:41:27.613+0800: 98246.609: [GC (Allocation Failure) 2018-04-14T04:41:27.613+0800: 98246.609: [ParNew: 11813200K->106020K(13212096K), 0.8409063 secs] 62042811K->50336890K(187275712K), 0.8413344 secs] [Times: user=5.28 sys=1.41, real=0.84 secs] 
2018-04-14T04:42:18.697+0800: 98297.693: [GC (Allocation Failure) 2018-04-14T04:42:18.697+0800: 98297.693: [ParNew: 11850148K->111071K(13212096K), 0.7605244 secs] 62081018K->50343500K(187275712K), 0.7609681 secs] [Times: user=4.32 sys=1.70, real=0.76 secs] 
2018-04-14T04:43:18.058+0800: 98357.054: [GC (Allocation Failure) 2018-04-14T04:43:18.058+0800: 98357.054: [ParNew: 11855199K->126462K(13212096K), 0.9749612 secs] 62087628K->50361613K(187275712K), 0.9753782 secs] [Times: user=6.05 sys=1.69, real=0.98 secs] 
2018-04-14T04:43:32.941+0800: 98371.937: [GC (Allocation Failure) 2018-04-14T04:43:32.942+0800: 98371.938: [ParNew: 11870590K->154962K(13212096K), 0.5458603 secs] 62105741K->50391140K(187275712K), 0.5463196 secs] [Times: user=4.06 sys=0.27, real=0.54 secs] 
2018-04-14T04:43:43.890+0800: 98382.886: [GC (Allocation Failure) 2018-04-14T04:43:43.891+0800: 98382.887: [ParNew: 11899090K->133570K(13212096K), 0.6735140 secs] 62135268K->50372122K(187275712K), 0.6739460 secs] [Times: user=3.82 sys=1.50, real=0.68 secs] 
2018-04-14T04:43:57.787+0800: 98396.783: [GC (Allocation Failure) 2018-04-14T04:43:57.787+0800: 98396.783: [ParNew: 11877698K->128986K(13212096K), 0.5180246 secs] 62116250K->50378891K(187275712K), 0.5184682 secs] [Times: user=3.71 sys=0.39, real=0.52 secs] 
2018-04-14T04:44:07.830+0800: 98406.826: [GC (Allocation Failure) 2018-04-14T04:44:07.830+0800: 98406.826: [ParNew: 11873114K->98214K(13212096K), 0.5135347 secs] 62123019K->50358726K(187275712K), 0.5139674 secs] [Times: user=3.79 sys=0.30, real=0.52 secs] 
2018-04-14T04:44:12.604+0800: 98411.600: [GC (Allocation Failure) 2018-04-14T04:44:12.604+0800: 98411.600: [ParNew: 11842342K->81285K(13212096K), 0.5157679 secs] 62102854K->50349711K(187275712K), 0.5162172 secs] [Times: user=4.11 sys=0.00, real=0.51 secs] 
2018-04-14T04:44:17.143+0800: 98416.140: [GC (Allocation Failure) 2018-04-14T04:44:17.144+0800: 98416.140: [ParNew: 11825413K->60188K(13212096K), 0.6849161 secs] 62093839K->50342746K(187275712K), 0.6853327 secs] [Times: user=3.91 sys=1.48, real=0.68 secs] 
2018-04-14T04:44:23.485+0800: 98422.481: [GC (Allocation Failure) 2018-04-14T04:44:23.485+0800: 98422.481: [ParNew: 11804316K->65150K(13212096K), 0.4753504 secs] 62086874K->50353497K(187275712K), 0.4757689 secs] [Times: user=3.77 sys=0.00, real=0.47 secs] 
2018-04-14T04:44:31.459+0800: 98430.455: [GC (Allocation Failure) 2018-04-14T04:44:31.459+0800: 98430.455: [ParNew: 11809278K->66745K(13212096K), 0.4911300 secs] 62097625K->50358181K(187275712K), 0.4915555 secs] [Times: user=3.62 sys=0.28, real=0.49 secs] 
2018-04-14T04:44:38.518+0800: 98437.514: [GC (Allocation Failure) 2018-04-14T04:44:38.518+0800: 98437.514: [ParNew: 11810873K->72611K(13212096K), 0.4961669 secs] 62102309K->50369147K(187275712K), 0.4965785 secs] [Times: user=3.71 sys=0.23, real=0.50 secs] 
2018-04-14T04:44:44.615+0800: 98443.611: [GC (Allocation Failure) 2018-04-14T04:44:44.615+0800: 98443.611: [ParNew: 11816739K->68390K(13212096K), 0.4762092 secs] 62113275K->50369406K(187275712K), 0.4766260 secs] [Times: user=3.60 sys=0.20, real=0.48 secs] 
2018-04-14T04:44:51.862+0800: 98450.858: [GC (Allocation Failure) 2018-04-14T04:44:51.862+0800: 98450.859: [ParNew: 11812518K->81164K(13212096K), 0.4688459 secs] 62113534K->50383140K(187275712K), 0.4692635 secs] [Times: user=3.72 sys=0.01, real=0.47 secs] 
2018-04-14T04:44:59.978+0800: 98458.974: [GC (Allocation Failure) 2018-04-14T04:44:59.979+0800: 98458.975: [ParNew: 11825292K->95814K(13212096K), 0.6832761 secs] 62127268K->50398974K(187275712K), 0.6836999 secs] [Times: user=3.87 sys=1.54, real=0.69 secs] 
2018-04-14T04:45:07.971+0800: 98466.967: [GC (Allocation Failure) 2018-04-14T04:45:07.971+0800: 98466.967: [ParNew: 11839942K->101771K(13212096K), 0.5281043 secs] 62143102K->50406423K(187275712K), 0.5285217 secs] [Times: user=3.97 sys=0.23, real=0.53 secs] 
2018-04-14T04:45:15.103+0800: 98474.099: [GC (Allocation Failure) 2018-04-14T04:45:15.103+0800: 98474.099: [ParNew: 11845899K->84567K(13212096K), 0.4963199 secs] 62150551K->50390664K(187275712K), 0.4967231 secs] [Times: user=3.72 sys=0.23, real=0.49 secs] 
2018-04-14T04:45:22.193+0800: 98481.189: [GC (Allocation Failure) 2018-04-14T04:45:22.193+0800: 98481.189: [ParNew: 11828695K->66418K(13212096K), 0.5355700 secs] 62134792K->50377533K(187275712K), 0.5359758 secs] [Times: user=4.06 sys=0.21, real=0.53 secs] 
2018-04-14T04:45:35.904+0800: 98494.900: [GC (Allocation Failure) 2018-04-14T04:45:35.904+0800: 98494.900: [ParNew: 11810546K->78954K(13212096K), 0.6893851 secs] 62121661K->50391462K(187275712K), 0.6897978 secs] [Times: user=3.87 sys=1.58, real=0.69 secs] 
2018-04-14T04:45:45.635+0800: 98504.631: [GC (Allocation Failure) 2018-04-14T04:45:45.635+0800: 98504.631: [ParNew: 11823082K->72811K(13212096K), 0.4899878 secs] 62135590K->50386432K(187275712K), 0.4904036 secs] [Times: user=3.81 sys=0.10, real=0.49 secs] 
2018-04-14T04:45:55.742+0800: 98514.738: [GC (Allocation Failure) 2018-04-14T04:45:55.742+0800: 98514.738: [ParNew: 11816939K->82065K(13212096K), 0.5230181 secs] 62130560K->50397750K(187275712K), 0.5234184 secs] [Times: user=3.89 sys=0.27, real=0.52 secs] 
2018-04-14T04:46:35.369+0800: 98554.365: [GC (Allocation Failure) 2018-04-14T04:46:35.370+0800: 98554.366: [ParNew: 11826193K->77017K(13212096K), 0.8040920 secs] 62141878K->50393929K(187275712K), 0.8045244 secs] [Times: user=4.68 sys=1.69, real=0.81 secs] 
2018-04-14T04:46:58.090+0800: 98577.086: [GC (Allocation Failure) 2018-04-14T04:46:58.090+0800: 98577.086: [ParNew: 11821145K->84319K(13212096K), 0.5528700 secs] 62138057K->50402752K(187275712K), 0.5532862 secs] [Times: user=3.95 sys=0.45, real=0.56 secs] 
2018-04-14T04:47:43.511+0800: 98622.507: [GC (Allocation Failure) 2018-04-14T04:47:43.511+0800: 98622.507: [ParNew: 11828447K->100883K(13212096K), 0.7510397 secs] 62146880K->50421478K(187275712K), 0.7514953 secs] [Times: user=5.16 sys=0.74, real=0.76 secs] 
2018-04-14T04:47:50.411+0800: 98629.407: [GC (Allocation Failure) 2018-04-14T04:47:50.411+0800: 98629.407: [ParNew: 11845011K->94282K(13212096K), 0.5321670 secs] 62165606K->50417513K(187275712K), 0.5326178 secs] [Times: user=3.91 sys=0.84, real=0.54 secs] 
2018-04-14T04:47:59.075+0800: 98638.071: [GC (Allocation Failure) 2018-04-14T04:47:59.075+0800: 98638.071: [ParNew: 11838410K->94985K(13212096K), 0.4811056 secs] 62161641K->50419711K(187275712K), 0.4815302 secs] [Times: user=3.75 sys=0.09, real=0.48 secs] 
2018-04-14T04:48:20.292+0800: 98659.288: [GC (Allocation Failure) 2018-04-14T04:48:20.292+0800: 98659.288: [ParNew: 11839113K->96186K(13212096K), 0.5974647 secs] 62163839K->50422687K(187275712K), 0.5978966 secs] [Times: user=4.24 sys=0.50, real=0.59 secs] 
2018-04-14T04:48:42.650+0800: 98681.646: [GC (Allocation Failure) 2018-04-14T04:48:42.650+0800: 98681.646: [ParNew: 11840314K->102968K(13212096K), 0.6743752 secs] 62166815K->50435103K(187275712K), 0.6748176 secs] [Times: user=3.84 sys=1.50, real=0.68 secs] 
2018-04-14T04:49:14.496+0800: 98713.492: [GC (Allocation Failure) 2018-04-14T04:49:14.496+0800: 98713.492: [ParNew: 11847096K->65863K(13212096K), 0.5869037 secs] 62179231K->50406766K(187275712K), 0.5873286 secs] [Times: user=4.06 sys=0.60, real=0.59 secs] 
2018-04-14T04:49:27.393+0800: 98726.390: [GC (Allocation Failure) 2018-04-14T04:49:27.394+0800: 98726.390: [ParNew: 11809991K->50167K(13212096K), 0.5658749 secs] 62150894K->50399639K(187275712K), 0.5662956 secs] [Times: user=4.16 sys=0.33, real=0.56 secs] 
2018-04-14T04:49:44.255+0800: 98743.251: [GC (Allocation Failure) 2018-04-14T04:49:44.255+0800: 98743.251: [ParNew: 11794295K->55797K(13212096K), 0.6996723 secs] 62143767K->50407047K(187275712K), 0.7001300 secs] [Times: user=4.27 sys=1.27, real=0.70 secs] 
2018-04-14T04:49:51.307+0800: 98750.303: [GC (Allocation Failure) 2018-04-14T04:49:51.307+0800: 98750.303: [ParNew: 11799925K->53920K(13212096K), 0.4632064 secs] 62151175K->50406442K(187275712K), 0.4636417 secs] [Times: user=3.56 sys=0.14, real=0.46 secs] 
2018-04-14T04:49:59.666+0800: 98758.662: [GC (Allocation Failure) 2018-04-14T04:49:59.666+0800: 98758.662: [ParNew: 11798048K->63719K(13212096K), 0.5276882 secs] 62150570K->50419721K(187275712K), 0.5281172 secs] [Times: user=3.82 sys=0.38, real=0.53 secs] 
2018-04-14T04:50:11.072+0800: 98770.068: [GC (Allocation Failure) 2018-04-14T04:50:11.072+0800: 98770.068: [ParNew: 11807847K->71093K(13212096K), 0.5819303 secs] 62163849K->50432093K(187275712K), 0.5823539 secs] [Times: user=4.18 sys=0.46, real=0.58 secs] 
2018-04-14T04:50:18.681+0800: 98777.677: [GC (Allocation Failure) 2018-04-14T04:50:18.682+0800: 98777.678: [ParNew: 11815221K->80933K(13212096K), 0.6063986 secs] 62176221K->50447327K(187275712K), 0.6068220 secs] [Times: user=4.20 sys=0.61, real=0.60 secs] 
2018-04-14T04:50:30.826+0800: 98789.822: [GC (Allocation Failure) 2018-04-14T04:50:30.826+0800: 98789.822: [ParNew: 11825061K->86908K(13212096K), 0.5045428 secs] 62191455K->50457232K(187275712K), 0.5049677 secs] [Times: user=3.71 sys=0.29, real=0.51 secs] 
2018-04-14T04:51:11.557+0800: 98830.553: [GC (Allocation Failure) 2018-04-14T04:51:11.557+0800: 98830.553: [ParNew: 11831036K->81166K(13212096K), 0.6937530 secs] 62201360K->50454750K(187275712K), 0.6941763 secs] [Times: user=4.64 sys=0.89, real=0.69 secs] 
2018-04-14T04:51:27.355+0800: 98846.352: [GC (Allocation Failure) 2018-04-14T04:51:27.356+0800: 98846.352: [ParNew: 11825294K->95992K(13212096K), 0.6817903 secs] 62198878K->50471143K(187275712K), 0.6822230 secs] [Times: user=4.10 sys=1.29, real=0.68 secs] 
2018-04-14T04:51:38.254+0800: 98857.250: [GC (Allocation Failure) 2018-04-14T04:51:38.254+0800: 98857.250: [ParNew: 11840120K->95349K(13212096K), 0.5177992 secs] 62215271K->50473358K(187275712K), 0.5182185 secs] [Times: user=3.89 sys=0.24, real=0.52 secs] 
2018-04-14T04:52:05.590+0800: 98884.586: [GC (Allocation Failure) 2018-04-14T04:52:05.590+0800: 98884.586: [ParNew: 11839477K->116154K(13212096K), 0.6768515 secs] 62217486K->50496779K(187275712K), 0.6772856 secs] [Times: user=4.56 sys=0.83, real=0.68 secs] 
2018-04-14T04:52:52.432+0800: 98931.429: [GC (Allocation Failure) 2018-04-14T04:52:52.433+0800: 98931.429: [ParNew: 11860282K->116154K(13212096K), 0.8814160 secs] 62240907K->50497540K(187275712K), 0.8817715 secs] [Times: user=5.14 sys=1.86, real=0.88 secs] 
2018-04-14T04:54:49.963+0800: 99048.959: [GC (Allocation Failure) 2018-04-14T04:54:49.964+0800: 99048.960: [ParNew: 11860282K->93014K(13212096K), 1.0259255 secs] 62241668K->50476578K(187275712K), 1.0263086 secs] [Times: user=6.20 sys=1.95, real=1.02 secs] 
2018-04-14T04:55:25.446+0800: 99084.442: [GC (Allocation Failure) 2018-04-14T04:55:25.446+0800: 99084.442: [ParNew: 11837142K->63221K(13212096K), 0.6678841 secs] 62220706K->50453033K(187275712K), 0.6683142 secs] [Times: user=4.21 sys=1.10, real=0.67 secs] 
2018-04-14T04:55:36.572+0800: 99095.568: [GC (Allocation Failure) 2018-04-14T04:55:36.572+0800: 99095.568: [ParNew: 11807349K->70784K(13212096K), 0.5681676 secs] 62197161K->50464110K(187275712K), 0.5686119 secs] [Times: user=4.21 sys=0.31, real=0.56 secs] 
2018-04-14T04:55:49.534+0800: 99108.530: [GC (Allocation Failure) 2018-04-14T04:55:49.535+0800: 99108.531: [ParNew: 11814912K->69325K(13212096K), 0.6032783 secs] 62208238K->50464745K(187275712K), 0.6037064 secs] [Times: user=3.48 sys=1.30, real=0.60 secs] 
2018-04-14T04:55:59.564+0800: 99118.560: [GC (Allocation Failure) 2018-04-14T04:55:59.564+0800: 99118.560: [ParNew: 11813453K->65019K(13212096K), 0.4811859 secs] 62208873K->50464893K(187275712K), 0.4816197 secs] [Times: user=3.83 sys=0.00, real=0.48 secs] 
2018-04-14T04:56:07.665+0800: 99126.661: [GC (Allocation Failure) 2018-04-14T04:56:07.665+0800: 99126.661: [ParNew: 11809147K->50307K(13212096K), 0.5114347 secs] 62209021K->50455942K(187275712K), 0.5118656 secs] [Times: user=3.83 sys=0.25, real=0.51 secs] 
2018-04-14T04:56:44.325+0800: 99163.321: [GC (Allocation Failure) 2018-04-14T04:56:44.325+0800: 99163.321: [ParNew: 11794435K->40907K(13212096K), 0.5758056 secs] 62200070K->50458276K(187275712K), 0.5762335 secs] [Times: user=4.11 sys=0.46, real=0.57 secs] 
2018-04-14T04:57:02.088+0800: 99181.084: [GC (Allocation Failure) 2018-04-14T04:57:02.088+0800: 99181.084: [ParNew: 11785035K->62892K(13212096K), 0.6455080 secs] 62202404K->50483312K(187275712K), 0.6459702 secs] [Times: user=3.86 sys=1.25, real=0.65 secs] 
2018-04-14T04:57:34.866+0800: 99213.862: [GC (Allocation Failure) 2018-04-14T04:57:34.866+0800: 99213.862: [ParNew: 11807020K->54181K(13212096K), 0.7476040 secs] 62227440K->50475607K(187275712K), 0.7480465 secs] [Times: user=4.73 sys=1.23, real=0.75 secs] 
2018-04-14T04:57:56.857+0800: 99235.853: [GC (Allocation Failure) 2018-04-14T04:57:56.857+0800: 99235.853: [ParNew: 11798309K->41776K(13212096K), 0.6617539 secs] 62219735K->50464596K(187275712K), 0.6621802 secs] [Times: user=3.70 sys=1.54, real=0.66 secs] 
2018-04-14T04:58:19.000+0800: 99257.996: [GC (Allocation Failure) 2018-04-14T04:58:19.000+0800: 99257.996: [ParNew: 11785904K->53855K(13212096K), 0.6287266 secs] 62208724K->50477372K(187275712K), 0.6291424 secs] [Times: user=4.23 sys=0.78, real=0.63 secs] 
2018-04-14T04:58:40.241+0800: 99279.237: [GC (Allocation Failure) 2018-04-14T04:58:40.241+0800: 99279.237: [ParNew: 11797983K->59465K(13212096K), 0.6314101 secs] 62221500K->50483440K(187275712K), 0.6318247 secs] [Times: user=4.33 sys=0.70, real=0.64 secs] 
2018-04-14T04:58:54.641+0800: 99293.637: [GC (Allocation Failure) 2018-04-14T04:58:54.642+0800: 99293.638: [ParNew: 11803593K->45692K(13212096K), 0.6625716 secs] 62227568K->50472282K(187275712K), 0.6630042 secs] [Times: user=3.92 sys=1.31, real=0.66 secs] 
2018-04-14T04:59:28.996+0800: 99327.992: [GC (Allocation Failure) 2018-04-14T04:59:28.997+0800: 99327.993: [ParNew: 11789820K->46842K(13212096K), 0.6228339 secs] 62216410K->50476301K(187275712K), 0.6232508 secs] [Times: user=4.15 sys=0.80, real=0.62 secs] 
2018-04-14T04:59:51.987+0800: 99350.983: [GC (Allocation Failure) 2018-04-14T04:59:51.988+0800: 99350.984: [ParNew: 11790970K->33709K(13212096K), 0.4731479 secs] 62220429K->50465170K(187275712K), 0.4735607 secs] [Times: user=3.54 sys=0.22, real=0.47 secs] 
2018-04-14T05:00:17.809+0800: 99376.805: [GC (Allocation Failure) 2018-04-14T05:00:17.810+0800: 99376.806: [ParNew: 11777837K->42979K(13212096K), 0.6768245 secs] 62209298K->50476089K(187275712K), 0.6772274 secs] [Times: user=3.74 sys=1.60, real=0.68 secs] 
2018-04-14T05:00:26.957+0800: 99385.953: [GC (Allocation Failure) 2018-04-14T05:00:26.957+0800: 99385.953: [ParNew: 11787107K->53523K(13212096K), 0.5300538 secs] 62220217K->50488440K(187275712K), 0.5304610 secs] [Times: user=3.78 sys=0.43, real=0.53 secs] 
2018-04-14T05:00:45.943+0800: 99404.939: [GC (Allocation Failure) 2018-04-14T05:00:45.944+0800: 99404.940: [ParNew: 11797651K->47109K(13212096K), 0.5702777 secs] 62232568K->50482528K(187275712K), 0.5706798 secs] [Times: user=4.17 sys=0.36, real=0.57 secs] 
2018-04-14T05:01:05.671+0800: 99424.667: [GC (Allocation Failure) 2018-04-14T05:01:05.671+0800: 99424.667: [ParNew: 11791237K->53904K(13212096K), 0.7000384 secs] 62226656K->50489718K(187275712K), 0.7004617 secs] [Times: user=4.07 sys=1.46, real=0.71 secs] 
2018-04-14T05:01:13.949+0800: 99432.945: [GC (Allocation Failure) 2018-04-14T05:01:13.949+0800: 99432.945: [ParNew: 11798032K->59808K(13212096K), 0.4889259 secs] 62233846K->50497639K(187275712K), 0.4893264 secs] [Times: user=3.70 sys=0.20, real=0.49 secs] 
2018-04-14T05:01:25.514+0800: 99444.510: [GC (Allocation Failure) 2018-04-14T05:01:25.514+0800: 99444.510: [ParNew: 11803936K->61033K(13212096K), 0.5145526 secs] 62241767K->50500764K(187275712K), 0.5149559 secs] [Times: user=3.74 sys=0.35, real=0.51 secs] 
2018-04-14T05:01:43.104+0800: 99462.100: [GC (Allocation Failure) 2018-04-14T05:01:43.104+0800: 99462.100: [ParNew: 11805161K->54058K(13212096K), 0.7177668 secs] 62244892K->50497394K(187275712K), 0.7181744 secs] [Times: user=4.11 sys=1.56, real=0.72 secs] 
2018-04-14T05:01:57.866+0800: 99476.862: [GC (Allocation Failure) 2018-04-14T05:01:57.866+0800: 99476.862: [ParNew: 11798186K->43191K(13212096K), 0.5014499 secs] 62241522K->50488476K(187275712K), 0.5018602 secs] [Times: user=3.87 sys=0.12, real=0.50 secs] 
2018-04-14T05:02:47.788+0800: 99526.784: [GC (Allocation Failure) 2018-04-14T05:02:47.788+0800: 99526.784: [ParNew: 11787319K->38854K(13212096K), 0.7362414 secs] 62232604K->50486234K(187275712K), 0.7366379 secs] [Times: user=4.80 sys=1.07, real=0.74 secs] 
2018-04-14T05:03:13.074+0800: 99552.070: [GC (Allocation Failure) 2018-04-14T05:03:13.074+0800: 99552.070: [ParNew: 11782982K->47671K(13212096K), 0.6894841 secs] 62230362K->50497412K(187275712K), 0.6899014 secs] [Times: user=4.04 sys=1.40, real=0.69 secs] 
2018-04-14T05:03:23.490+0800: 99562.486: [GC (Allocation Failure) 2018-04-14T05:03:23.491+0800: 99562.487: [ParNew: 11791799K->63117K(13212096K), 0.5305763 secs] 62241540K->50513571K(187275712K), 0.5309751 secs] [Times: user=4.07 sys=0.15, real=0.54 secs] 
2018-04-14T05:03:34.737+0800: 99573.733: [GC (Allocation Failure) 2018-04-14T05:03:34.737+0800: 99573.733: [ParNew: 11807245K->49714K(13212096K), 0.4879706 secs] 62257699K->50501119K(187275712K), 0.4883851 secs] [Times: user=3.51 sys=0.38, real=0.49 secs] 
2018-04-14T05:03:45.581+0800: 99584.577: [GC (Allocation Failure) 2018-04-14T05:03:45.581+0800: 99584.577: [ParNew: 11793842K->48689K(13212096K), 0.4827178 secs] 62245247K->50501035K(187275712K), 0.4831196 secs] [Times: user=3.62 sys=0.21, real=0.49 secs] 
2018-04-14T05:03:57.530+0800: 99596.527: [GC (Allocation Failure) 2018-04-14T05:03:57.531+0800: 99596.527: [ParNew: 11792817K->39634K(13212096K), 0.6427256 secs] 62245163K->50493023K(187275712K), 0.6431367 secs] [Times: user=3.73 sys=1.37, real=0.65 secs] 
2018-04-14T05:04:29.390+0800: 99628.386: [GC (Allocation Failure) 2018-04-14T05:04:29.390+0800: 99628.386: [ParNew: 11783762K->38024K(13212096K), 0.5292382 secs] 62237151K->50497661K(187275712K), 0.5296485 secs] [Times: user=3.90 sys=0.30, real=0.53 secs] 
2018-04-14T05:06:29.633+0800: 99748.629: [GC (Allocation Failure) 2018-04-14T05:06:29.633+0800: 99748.629: [ParNew: 11782152K->56887K(13212096K), 0.9528407 secs] 62241789K->50518630K(187275712K), 0.9532720 secs] [Times: user=5.77 sys=1.75, real=0.95 secs] 
2018-04-14T05:07:12.990+0800: 99791.986: [GC (Allocation Failure) 2018-04-14T05:07:12.990+0800: 99791.986: [ParNew: 11801015K->77177K(13212096K), 0.6382895 secs] 62262758K->50540290K(187275712K), 0.6386948 secs] [Times: user=4.24 sys=0.83, real=0.64 secs] 
2018-04-14T05:07:28.998+0800: 99807.994: [GC (Allocation Failure) 2018-04-14T05:07:28.999+0800: 99807.995: [ParNew: 11821305K->54822K(13212096K), 0.5092897 secs] 62284418K->50518339K(187275712K), 0.5097096 secs] [Times: user=3.41 sys=0.63, real=0.51 secs] 
2018-04-14T05:07:37.951+0800: 99816.947: [GC (Allocation Failure) 2018-04-14T05:07:37.951+0800: 99816.947: [ParNew: 11798950K->75407K(13212096K), 0.5478992 secs] 62262467K->50539372K(187275712K), 0.5483185 secs] [Times: user=3.91 sys=0.45, real=0.55 secs] 
2018-04-14T05:07:45.854+0800: 99824.850: [GC (Allocation Failure) 2018-04-14T05:07:45.854+0800: 99824.850: [ParNew: 11819535K->62501K(13212096K), 0.5390916 secs] 62283500K->50527053K(187275712K), 0.5395094 secs] [Times: user=3.95 sys=0.35, real=0.54 secs] 
2018-04-14T05:08:00.256+0800: 99839.252: [GC (Allocation Failure) 2018-04-14T05:08:00.257+0800: 99839.253: [ParNew: 11806629K->65975K(13212096K), 0.5096126 secs] 62271181K->50531692K(187275712K), 0.5100200 secs] [Times: user=3.64 sys=0.41, real=0.51 secs] 
2018-04-14T05:08:15.307+0800: 99854.303: [GC (Allocation Failure) 2018-04-14T05:08:15.307+0800: 99854.303: [ParNew: 11810103K->86127K(13212096K), 0.4892429 secs] 62275820K->50564425K(187275712K), 0.4896948 secs] [Times: user=3.70 sys=0.16, real=0.49 secs] 
2018-04-14T05:08:22.147+0800: 99861.143: [GC (Allocation Failure) 2018-04-14T05:08:22.147+0800: 99861.143: [ParNew: 11830255K->77136K(13212096K), 0.6742174 secs] 62308553K->50563505K(187275712K), 0.6746404 secs] [Times: user=3.70 sys=1.62, real=0.68 secs] 
2018-04-14T05:08:38.810+0800: 99877.806: [GC (Allocation Failure) 2018-04-14T05:08:38.810+0800: 99877.806: [ParNew: 11821264K->70558K(13212096K), 0.4985917 secs] 62307633K->50558383K(187275712K), 0.4990021 secs] [Times: user=3.65 sys=0.32, real=0.50 secs] 
2018-04-14T05:08:46.991+0800: 99885.988: [GC (Allocation Failure) 2018-04-14T05:08:46.992+0800: 99885.988: [ParNew: 11814686K->68439K(13212096K), 0.5009072 secs] 62302511K->50557764K(187275712K), 0.5013137 secs] [Times: user=3.72 sys=0.28, real=0.50 secs] 
2018-04-14T05:09:03.994+0800: 99902.990: [GC (Allocation Failure) 2018-04-14T05:09:03.995+0800: 99902.991: [ParNew: 11812567K->55462K(13212096K), 0.5045490 secs] 62301892K->50545828K(187275712K), 0.5052455 secs] [Times: user=3.85 sys=0.16, real=0.50 secs] 
2018-04-14T05:09:31.181+0800: 99930.177: [GC (Allocation Failure) 2018-04-14T05:09:31.181+0800: 99930.177: [ParNew: 11799590K->74105K(13212096K), 0.7205836 secs] 62289956K->50566428K(187275712K), 0.7209930 secs] [Times: user=4.11 sys=1.59, real=0.73 secs] 
2018-04-14T05:09:51.716+0800: 99950.712: [GC (Allocation Failure) 2018-04-14T05:09:51.716+0800: 99950.712: [ParNew: 11818233K->60163K(13212096K), 0.4998211 secs] 62310556K->50554425K(187275712K), 0.5002343 secs] [Times: user=3.52 sys=0.45, real=0.50 secs] 
2018-04-14T05:10:09.804+0800: 99968.801: [GC (Allocation Failure) 2018-04-14T05:10:09.805+0800: 99968.801: [ParNew: 11804291K->43015K(13212096K), 0.6954898 secs] 62298553K->50537634K(187275712K), 0.6959144 secs] [Times: user=4.19 sys=1.32, real=0.69 secs] 
2018-04-14T05:11:44.741+0800: 100063.737: [GC (Allocation Failure) 2018-04-14T05:11:44.742+0800: 100063.738: [ParNew: 11787143K->52245K(13212096K), 0.7057382 secs] 62281762K->50548122K(187275712K), 0.7061564 secs] [Times: user=4.68 sys=0.93, real=0.70 secs] 
2018-04-14T05:13:45.799+0800: 100184.795: [GC (Allocation Failure) 2018-04-14T05:13:45.799+0800: 100184.795: [ParNew: 11796373K->89814K(13212096K), 0.8087401 secs] 62292250K->50586659K(187275712K), 0.8091810 secs] [Times: user=4.89 sys=1.50, real=0.81 secs] 
2018-04-14T05:14:05.670+0800: 100204.666: [GC (Allocation Failure) 2018-04-14T05:14:05.670+0800: 100204.666: [ParNew: 11833942K->108121K(13212096K), 0.6379605 secs] 62330787K->50606429K(187275712K), 0.6384015 secs] [Times: user=4.28 sys=0.78, real=0.64 secs] 
2018-04-14T05:14:15.156+0800: 100214.152: [GC (Allocation Failure) 2018-04-14T05:14:15.156+0800: 100214.152: [ParNew: 11852249K->86847K(13212096K), 0.4866440 secs] 62350557K->50590184K(187275712K), 0.4870667 secs] [Times: user=3.66 sys=0.21, real=0.49 secs] 
2018-04-14T05:14:27.574+0800: 100226.570: [GC (Allocation Failure) 2018-04-14T05:14:27.574+0800: 100226.570: [ParNew: 11830975K->98788K(13212096K), 0.4876235 secs] 62334312K->50604198K(187275712K), 0.4880466 secs] [Times: user=3.83 sys=0.05, real=0.49 secs] 
2018-04-14T05:14:38.165+0800: 100237.161: [GC (Allocation Failure) 2018-04-14T05:14:38.166+0800: 100237.162: [ParNew: 11842916K->93913K(13212096K), 0.6354702 secs] 62348326K->50601725K(187275712K), 0.6359072 secs] [Times: user=3.73 sys=1.30, real=0.64 secs] 
2018-04-14T05:15:17.199+0800: 100276.195: [GC (Allocation Failure) 2018-04-14T05:15:17.199+0800: 100276.195: [ParNew: 11838041K->83197K(13212096K), 0.5887951 secs] 62345853K->50598759K(187275712K), 0.5892152 secs] [Times: user=4.12 sys=0.57, real=0.59 secs] 
2018-04-14T05:15:41.777+0800: 100300.773: [GC (Allocation Failure) 2018-04-14T05:15:41.777+0800: 100300.773: [ParNew: 11827325K->71903K(13212096K), 0.7018619 secs] 62342887K->50604874K(187275712K), 0.7022976 secs] [Times: user=4.05 sys=1.47, real=0.70 secs] 
2018-04-14T05:15:57.043+0800: 100316.039: [GC (Allocation Failure) 2018-04-14T05:15:57.044+0800: 100316.040: [ParNew: 11816031K->106299K(13212096K), 0.5153633 secs] 62349002K->50640786K(187275712K), 0.5157749 secs] [Times: user=3.94 sys=0.17, real=0.51 secs] 
2018-04-14T05:16:05.074+0800: 100324.070: [GC (Allocation Failure) 2018-04-14T05:16:05.074+0800: 100324.070: [ParNew: 11850427K->113336K(13212096K), 0.4898272 secs] 62384914K->50648605K(187275712K), 0.4902362 secs] [Times: user=3.63 sys=0.28, real=0.49 secs] 
2018-04-14T05:16:12.430+0800: 100331.426: [GC (Allocation Failure) 2018-04-14T05:16:12.431+0800: 100331.427: [ParNew: 11857464K->102105K(13212096K), 0.5209682 secs] 62392733K->50638132K(187275712K), 0.5213730 secs] [Times: user=3.91 sys=0.23, real=0.53 secs] 
2018-04-14T05:16:21.860+0800: 100340.856: [GC (Allocation Failure) 2018-04-14T05:16:21.861+0800: 100340.857: [ParNew: 11846233K->90619K(13212096K), 0.4857605 secs] 62382260K->50627480K(187275712K), 0.4861623 secs] [Times: user=3.70 sys=0.17, real=0.49 secs] 
2018-04-14T05:16:36.597+0800: 100355.593: [GC (Allocation Failure) 2018-04-14T05:16:36.597+0800: 100355.593: [ParNew: 11834747K->79673K(13212096K), 0.6918360 secs] 62371608K->50624079K(187275712K), 0.6922582 secs] [Times: user=4.24 sys=1.22, real=0.69 secs] 
2018-04-14T05:17:36.544+0800: 100415.540: [GC (Allocation Failure) 2018-04-14T05:17:36.544+0800: 100415.540: [ParNew: 11823801K->59159K(13212096K), 0.9008587 secs] 62368207K->50608403K(187275712K), 0.9012951 secs] [Times: user=4.38 sys=2.75, real=0.90 secs] 
2018-04-14T05:18:14.958+0800: 100453.954: [GC (Allocation Failure) 2018-04-14T05:18:14.958+0800: 100453.954: [ParNew: 11803287K->61889K(13212096K), 0.7278051 secs] 62352531K->50614277K(187275712K), 0.7282222 secs] [Times: user=4.77 sys=1.01, real=0.73 secs] 
2018-04-14T05:18:22.837+0800: 100461.833: [GC (Allocation Failure) 2018-04-14T05:18:22.837+0800: 100461.833: [ParNew: 11806017K->68001K(13212096K), 0.4692561 secs] 62358405K->50621337K(187275712K), 0.4696597 secs] [Times: user=3.71 sys=0.03, real=0.47 secs] 
2018-04-14T05:18:47.089+0800: 100486.085: [GC (Allocation Failure) 2018-04-14T05:18:47.089+0800: 100486.086: [ParNew: 11812129K->80804K(13212096K), 0.6923104 secs] 62365465K->50634863K(187275712K), 0.6927494 secs] [Times: user=3.91 sys=1.56, real=0.70 secs] 
2018-04-14T05:19:12.016+0800: 100511.012: [GC (Allocation Failure) 2018-04-14T05:19:12.016+0800: 100511.012: [ParNew: 11824932K->66690K(13212096K), 0.5739762 secs] 62378991K->50623678K(187275712K), 0.5743893 secs] [Times: user=4.02 sys=0.54, real=0.57 secs] 
2018-04-14T05:19:32.010+0800: 100531.006: [GC (Allocation Failure) 2018-04-14T05:19:32.010+0800: 100531.006: [ParNew: 11810818K->82526K(13212096K), 0.6278835 secs] 62367806K->50642046K(187275712K), 0.6283094 secs] [Times: user=3.76 sys=1.20, real=0.63 secs] 
2018-04-14T05:19:40.995+0800: 100539.991: [GC (Allocation Failure) 2018-04-14T05:19:40.995+0800: 100539.991: [ParNew: 11826654K->77033K(13212096K), 0.5209504 secs] 62386174K->50647974K(187275712K), 0.5213756 secs] [Times: user=4.13 sys=0.00, real=0.52 secs] 
2018-04-14T05:19:50.906+0800: 100549.902: [GC (Allocation Failure) 2018-04-14T05:19:50.906+0800: 100549.902: [ParNew: 11821161K->58137K(13212096K), 0.5424252 secs] 62392102K->50633119K(187275712K), 0.5428423 secs] [Times: user=3.97 sys=0.34, real=0.54 secs] 
2018-04-14T05:20:03.879+0800: 100562.875: [GC (Allocation Failure) 2018-04-14T05:20:03.879+0800: 100562.875: [ParNew: 11802265K->63954K(13212096K), 0.4965511 secs] 62377247K->50639544K(187275712K), 0.4969736 secs] [Times: user=3.56 sys=0.40, real=0.50 secs] 
2018-04-14T05:20:37.480+0800: 100596.476: [GC (Allocation Failure) 2018-04-14T05:20:37.480+0800: 100596.476: [ParNew: 11808082K->47465K(13212096K), 0.7457669 secs] 62383672K->50626976K(187275712K), 0.7461933 secs] [Times: user=4.61 sys=1.30, real=0.75 secs] 
2018-04-14T05:20:49.251+0800: 100608.247: [GC (Allocation Failure) 2018-04-14T05:20:49.252+0800: 100608.248: [ParNew: 11791593K->59142K(13212096K), 0.4817204 secs] 62371104K->50642754K(187275712K), 0.4821318 secs] [Times: user=3.79 sys=0.06, real=0.48 secs] 
2018-04-14T05:21:11.718+0800: 100630.714: [GC (Allocation Failure) 2018-04-14T05:21:11.718+0800: 100630.714: [ParNew: 11803270K->56025K(13212096K), 0.5913744 secs] 62386882K->50642139K(187275712K), 0.5917833 secs] [Times: user=4.00 sys=0.70, real=0.59 secs] 
2018-04-14T05:21:39.265+0800: 100658.262: [GC (Allocation Failure) 2018-04-14T05:21:39.266+0800: 100658.262: [ParNew: 11800153K->37424K(13212096K), 0.7286411 secs] 62386267K->50623816K(187275712K), 0.7290630 secs] [Times: user=4.36 sys=1.40, real=0.73 secs] 
2018-04-14T05:22:42.122+0800: 100721.118: [GC (Allocation Failure) 2018-04-14T05:22:42.122+0800: 100721.118: [ParNew: 11781552K->57500K(13212096K), 0.5749397 secs] 62367944K->50644403K(187275712K), 0.5753530 secs] [Times: user=4.03 sys=0.54, real=0.57 secs] 
2018-04-14T05:22:54.303+0800: 100733.299: [GC (Allocation Failure) 2018-04-14T05:22:54.304+0800: 100733.300: [ParNew: 11801628K->53007K(13212096K), 0.4707200 secs] 62388531K->50640506K(187275712K), 0.4711307 secs] [Times: user=3.67 sys=0.09, real=0.47 secs] 
2018-04-14T05:25:40.494+0800: 100899.490: [GC (Allocation Failure) 2018-04-14T05:25:40.494+0800: 100899.490: [ParNew: 11797135K->69589K(13212096K), 1.0676192 secs] 62384634K->50660119K(187275712K), 1.0679776 secs] [Times: user=6.00 sys=2.48, real=1.07 secs] 
2018-04-14T05:26:47.615+0800: 100966.611: [GC (Allocation Failure) 2018-04-14T05:26:47.615+0800: 100966.611: [ParNew: 11813717K->108063K(13212096K), 0.9198504 secs] 62404247K->50700155K(187275712K), 0.9202740 secs] [Times: user=5.43 sys=1.84, real=0.92 secs] 
2018-04-14T05:27:04.825+0800: 100983.821: [GC (Allocation Failure) 2018-04-14T05:27:04.825+0800: 100983.821: [ParNew: 11852191K->137176K(13212096K), 0.5706415 secs] 62444283K->50731094K(187275712K), 0.5710619 secs] [Times: user=3.95 sys=0.59, real=0.57 secs] 
2018-04-14T05:27:24.074+0800: 101003.070: [GC (Allocation Failure) 2018-04-14T05:27:24.075+0800: 101003.071: [ParNew: 11881304K->114260K(13212096K), 0.6533833 secs] 62475222K->50710333K(187275712K), 0.6538190 secs] [Times: user=3.62 sys=1.56, real=0.65 secs] 
2018-04-14T05:27:41.503+0800: 101020.499: [GC (Allocation Failure) 2018-04-14T05:27:41.503+0800: 101020.499: [ParNew: 11858388K->89079K(13212096K), 0.5447381 secs] 62454461K->50696825K(187275712K), 0.5451742 secs] [Times: user=3.86 sys=0.47, real=0.54 secs] 
2018-04-14T05:27:58.506+0800: 101037.502: [GC (Allocation Failure) 2018-04-14T05:27:58.506+0800: 101037.502: [ParNew: 11833207K->65856K(13212096K), 0.5316591 secs] 62440953K->50675093K(187275712K), 0.5320742 secs] [Times: user=3.73 sys=0.51, real=0.53 secs] 
2018-04-14T05:28:59.464+0800: 101098.460: [GC (Allocation Failure) 2018-04-14T05:28:59.464+0800: 101098.460: [ParNew: 11809984K->46351K(13212096K), 0.7399993 secs] 62419221K->50665990K(187275712K), 0.7404582 secs] [Times: user=4.51 sys=1.33, real=0.74 secs] 
2018-04-14T05:29:16.052+0800: 101115.048: [GC (Allocation Failure) 2018-04-14T05:29:16.052+0800: 101115.049: [ParNew: 11790479K->46389K(13212096K), 0.5412104 secs] 62410118K->50673043K(187275712K), 0.5416272 secs] [Times: user=3.80 sys=0.50, real=0.54 secs] 
2018-04-14T05:29:27.564+0800: 101126.560: [GC (Allocation Failure) 2018-04-14T05:29:27.564+0800: 101126.560: [ParNew: 11790517K->49480K(13212096K), 0.4785902 secs] 62417171K->50676697K(187275712K), 0.4789994 secs] [Times: user=3.47 sys=0.34, real=0.48 secs] 
2018-04-14T05:29:38.119+0800: 101137.115: [GC (Allocation Failure) 2018-04-14T05:29:38.119+0800: 101137.115: [ParNew: 11793608K->53354K(13212096K), 0.4521922 secs] 62420825K->50681057K(187275712K), 0.4525983 secs] [Times: user=3.53 sys=0.07, real=0.46 secs] 
2018-04-14T05:29:47.145+0800: 101146.141: [GC (Allocation Failure) 2018-04-14T05:29:47.145+0800: 101146.142: [ParNew: 11797482K->57932K(13212096K), 0.6452859 secs] 62425185K->50686311K(187275712K), 0.6457112 secs] [Times: user=3.73 sys=1.37, real=0.64 secs] 
2018-04-14T05:30:08.348+0800: 101167.344: [GC (Allocation Failure) 2018-04-14T05:30:08.348+0800: 101167.344: [ParNew: 11802060K->49139K(13212096K), 0.5922496 secs] 62430439K->50678517K(187275712K), 0.5926644 secs] [Times: user=4.10 sys=0.63, real=0.59 secs] 
2018-04-14T05:30:22.602+0800: 101181.599: [GC (Allocation Failure) 2018-04-14T05:30:22.603+0800: 101181.599: [ParNew: 11793267K->42986K(13212096K), 0.5481797 secs] 62422645K->50680422K(187275712K), 0.5485789 secs] [Times: user=3.88 sys=0.47, real=0.55 secs] 
2018-04-14T05:30:31.229+0800: 101190.225: [GC (Allocation Failure) 2018-04-14T05:30:31.230+0800: 101190.226: [ParNew: 11787114K->49308K(13212096K), 0.4822392 secs] 62424550K->50693041K(187275712K), 0.4826474 secs] [Times: user=3.78 sys=0.06, real=0.49 secs] 
2018-04-14T05:30:38.349+0800: 101197.345: [GC (Allocation Failure) 2018-04-14T05:30:38.349+0800: 101197.345: [ParNew: 11793436K->45186K(13212096K), 0.6306629 secs] 62437169K->50690234K(187275712K), 0.6310932 secs] [Times: user=3.66 sys=1.34, real=0.63 secs] 
2018-04-14T05:30:46.627+0800: 101205.623: [GC (Allocation Failure) 2018-04-14T05:30:46.627+0800: 101205.623: [ParNew: 11789314K->49434K(13212096K), 0.5380567 secs] 62434362K->50696466K(187275712K), 0.5384774 secs] [Times: user=4.07 sys=0.22, real=0.54 secs] 
2018-04-14T05:30:58.008+0800: 101217.004: [GC (Allocation Failure) 2018-04-14T05:30:58.008+0800: 101217.004: [ParNew: 11793562K->54766K(13212096K), 0.4960394 secs] 62440594K->50703167K(187275712K), 0.4964516 secs] [Times: user=3.69 sys=0.26, real=0.50 secs] 
2018-04-14T05:31:11.989+0800: 101230.985: [GC (Allocation Failure) 2018-04-14T05:31:11.989+0800: 101230.985: [ParNew: 11798894K->59725K(13212096K), 0.5330606 secs] 62447295K->50712046K(187275712K), 0.5334683 secs] [Times: user=3.88 sys=0.36, real=0.54 secs] 
2018-04-14T05:31:30.218+0800: 101249.214: [GC (Allocation Failure) 2018-04-14T05:31:30.218+0800: 101249.214: [ParNew: 11803853K->100780K(13212096K), 0.6810593 secs] 62456174K->50755249K(187275712K), 0.6814929 secs] [Times: user=3.69 sys=1.70, real=0.68 secs] 
2018-04-14T05:31:43.618+0800: 101262.614: [GC (Allocation Failure) 2018-04-14T05:31:43.618+0800: 101262.614: [ParNew: 11844908K->94619K(13212096K), 0.5186960 secs] 62499377K->50750085K(187275712K), 0.5191123 secs] [Times: user=3.95 sys=0.19, real=0.52 secs] 
2018-04-14T05:31:57.285+0800: 101276.281: [GC (Allocation Failure) 2018-04-14T05:31:57.285+0800: 101276.282: [ParNew: 11838747K->81210K(13212096K), 0.5059631 secs] 62494213K->50739229K(187275712K), 0.5063745 secs] [Times: user=3.70 sys=0.32, real=0.51 secs] 
2018-04-14T05:32:25.000+0800: 101303.996: [GC (Allocation Failure) 2018-04-14T05:32:25.000+0800: 101303.996: [ParNew: 11825338K->68696K(13212096K), 0.7115496 secs] 62483357K->50727788K(187275712K), 0.7119942 secs] [Times: user=3.82 sys=1.79, real=0.72 secs] 
2018-04-14T05:33:05.661+0800: 101344.657: [GC (Allocation Failure) 2018-04-14T05:33:05.661+0800: 101344.657: [ParNew: 11812824K->103945K(13212096K), 0.5756264 secs] 62471916K->50764187K(187275712K), 0.5760564 secs] [Times: user=4.19 sys=0.40, real=0.58 secs] 
2018-04-14T05:33:15.949+0800: 101354.945: [GC (Allocation Failure) 2018-04-14T05:33:15.949+0800: 101354.945: [ParNew: 11848073K->121640K(13212096K), 0.5045565 secs] 62508315K->50783061K(187275712K), 0.5049645 secs] [Times: user=3.78 sys=0.24, real=0.51 secs] 
2018-04-14T05:33:26.667+0800: 101365.663: [GC (Allocation Failure) 2018-04-14T05:33:26.668+0800: 101365.664: [ParNew: 11865768K->152600K(13212096K), 0.5190768 secs] 62527189K->50815161K(187275712K), 0.5194936 secs] [Times: user=3.91 sys=0.22, real=0.52 secs] 
2018-04-14T05:33:44.510+0800: 101383.506: [GC (Allocation Failure) 2018-04-14T05:33:44.511+0800: 101383.507: [ParNew: 11896728K->95725K(13212096K), 0.7155821 secs] 62559289K->50759163K(187275712K), 0.7160088 secs] [Times: user=4.19 sys=1.47, real=0.72 secs] 
2018-04-14T05:33:59.504+0800: 101398.500: [GC (Allocation Failure) 2018-04-14T05:33:59.504+0800: 101398.500: [ParNew: 11839853K->91997K(13212096K), 0.5375425 secs] 62503291K->50757969K(187275712K), 0.5379588 secs] [Times: user=3.87 sys=0.41, real=0.54 secs] 
2018-04-14T05:34:19.824+0800: 101418.820: [GC (Allocation Failure) 2018-04-14T05:34:19.824+0800: 101418.820: [ParNew: 11836125K->75470K(13212096K), 0.5968640 secs] 62502097K->50747001K(187275712K), 0.5972784 secs] [Times: user=4.17 sys=0.57, real=0.60 secs] 
2018-04-14T05:34:30.931+0800: 101429.927: [GC (Allocation Failure) 2018-04-14T05:34:30.931+0800: 101429.927: [ParNew: 11819598K->67745K(13212096K), 0.6622692 secs] 62491129K->50744780K(187275712K), 0.6627042 secs] [Times: user=3.77 sys=1.46, real=0.67 secs] 
2018-04-14T05:35:15.900+0800: 101474.897: [GC (Allocation Failure) 2018-04-14T05:35:15.901+0800: 101474.897: [ParNew: 11811873K->80542K(13212096K), 0.5826994 secs] 62488908K->50758340K(187275712K), 0.5831165 secs] [Times: user=4.09 sys=0.55, real=0.59 secs] 
2018-04-14T05:35:23.140+0800: 101482.136: [GC (Allocation Failure) 2018-04-14T05:35:23.140+0800: 101482.136: [ParNew: 11824670K->86624K(13212096K), 0.4957149 secs] 62502468K->50766178K(187275712K), 0.4961358 secs] [Times: user=3.81 sys=0.13, real=0.50 secs] 
2018-04-14T05:35:33.334+0800: 101492.330: [GC (Allocation Failure) 2018-04-14T05:35:33.335+0800: 101492.331: [ParNew: 11830752K->101628K(13212096K), 0.4702740 secs] 62510306K->50784206K(187275712K), 0.4706900 secs] [Times: user=3.67 sys=0.07, real=0.47 secs] 
2018-04-14T05:36:05.028+0800: 101524.024: [GC (Allocation Failure) 2018-04-14T05:36:05.028+0800: 101524.024: [ParNew: 11845756K->92198K(13212096K), 0.6988544 secs] 62528334K->50777367K(187275712K), 0.6992977 secs] [Times: user=4.23 sys=1.30, real=0.70 secs] 
2018-04-14T05:36:46.610+0800: 101565.606: [GC (Allocation Failure) 2018-04-14T05:36:46.610+0800: 101565.606: [ParNew: 11836326K->78282K(13212096K), 0.6941243 secs] 62521495K->50766694K(187275712K), 0.6945575 secs] [Times: user=4.41 sys=1.11, real=0.70 secs] 
2018-04-14T05:37:15.455+0800: 101594.451: [GC (Allocation Failure) 2018-04-14T05:37:15.455+0800: 101594.451: [ParNew: 11822410K->64780K(13212096K), 0.6745077 secs] 62510822K->50754980K(187275712K), 0.6749392 secs] [Times: user=3.88 sys=1.45, real=0.67 secs] 
2018-04-14T05:37:41.238+0800: 101620.234: [GC (Allocation Failure) 2018-04-14T05:37:41.238+0800: 101620.234: [ParNew: 11808908K->84820K(13212096K), 0.7223954 secs] 62499108K->50781632K(187275712K), 0.7228148 secs] [Times: user=4.76 sys=0.98, real=0.72 secs] 
2018-04-14T05:38:13.541+0800: 101652.537: [GC (Allocation Failure) 2018-04-14T05:38:13.542+0800: 101652.538: [ParNew: 11828948K->99219K(13212096K), 0.5544214 secs] 62525760K->50798341K(187275712K), 0.5548409 secs] [Times: user=4.05 sys=0.37, real=0.55 secs] 
2018-04-14T05:39:31.672+0800: 101730.668: [GC (Allocation Failure) 2018-04-14T05:39:31.673+0800: 101730.669: [ParNew: 11843347K->86735K(13212096K), 0.8002762 secs] 62542469K->50786778K(187275712K), 0.8007121 secs] [Times: user=4.56 sys=1.77, real=0.80 secs] 
2018-04-14T05:40:03.625+0800: 101762.621: [GC (Allocation Failure) 2018-04-14T05:40:03.625+0800: 101762.621: [ParNew: 11830863K->107026K(13212096K), 0.5632644 secs] 62530906K->50810308K(187275712K), 0.5636870 secs] [Times: user=4.06 sys=0.43, real=0.56 secs] 
2018-04-14T05:40:21.356+0800: 101780.352: [GC (Allocation Failure) 2018-04-14T05:40:21.356+0800: 101780.352: [ParNew: 11851154K->103834K(13212096K), 0.6609030 secs] 62554436K->50809605K(187275712K), 0.6613464 secs] [Times: user=3.73 sys=1.50, real=0.66 secs] 
2018-04-14T05:40:41.048+0800: 101800.044: [GC (Allocation Failure) 2018-04-14T05:40:41.048+0800: 101800.044: [ParNew: 11847962K->137337K(13212096K), 0.7220850 secs] 62553733K->50846238K(187275712K), 0.7225058 secs] [Times: user=4.75 sys=1.01, real=0.72 secs] 
2018-04-14T05:41:06.035+0800: 101825.031: [GC (Allocation Failure) 2018-04-14T05:41:06.035+0800: 101825.031: [ParNew: 11881465K->126836K(13212096K), 0.5484200 secs] 62590366K->50839221K(187275712K), 0.5488472 secs] [Times: user=3.96 sys=0.40, real=0.55 secs] 
2018-04-14T05:41:28.290+0800: 101847.286: [GC (Allocation Failure) 2018-04-14T05:41:28.290+0800: 101847.286: [ParNew: 11870964K->174215K(13212096K), 0.6769229 secs] 62583349K->50888906K(187275712K), 0.6773585 secs] [Times: user=3.88 sys=1.48, real=0.68 secs] 
2018-04-14T05:41:47.226+0800: 101866.222: [GC (Allocation Failure) 2018-04-14T05:41:47.226+0800: 101866.222: [ParNew: 11918343K->110826K(13212096K), 0.5483882 secs] 62633034K->50832510K(187275712K), 0.5488200 secs] [Times: user=3.93 sys=0.43, real=0.55 secs] 
2018-04-14T05:42:04.624+0800: 101883.620: [GC (Allocation Failure) 2018-04-14T05:42:04.625+0800: 101883.621: [ParNew: 11854954K->138916K(13212096K), 0.5327580 secs] 62576638K->50865842K(187275712K), 0.5331809 secs] [Times: user=3.97 sys=0.27, real=0.53 secs] 
2018-04-14T05:42:18.403+0800: 101897.399: [GC (Allocation Failure) 2018-04-14T05:42:18.403+0800: 101897.399: [ParNew: 11883044K->134669K(13212096K), 0.6664550 secs] 62609970K->50865582K(187275712K), 0.6669137 secs] [Times: user=3.90 sys=1.38, real=0.66 secs] 
2018-04-14T05:42:29.340+0800: 101908.336: [GC (Allocation Failure) 2018-04-14T05:42:29.341+0800: 101908.337: [ParNew: 11878797K->142134K(13212096K), 0.4986839 secs] 62609710K->50879509K(187275712K), 0.4991082 secs] [Times: user=3.84 sys=0.13, real=0.50 secs] 
2018-04-14T05:42:38.569+0800: 101917.565: [GC (Allocation Failure) 2018-04-14T05:42:38.569+0800: 101917.565: [ParNew: 11886262K->105947K(13212096K), 0.5071336 secs] 62623637K->50849910K(187275712K), 0.5075497 secs] [Times: user=3.72 sys=0.32, real=0.51 secs] 
2018-04-14T05:42:46.970+0800: 101925.966: [GC (Allocation Failure) 2018-04-14T05:42:46.970+0800: 101925.966: [ParNew: 11850075K->111257K(13212096K), 0.4882691 secs] 62594038K->50864153K(187275712K), 0.4886799 secs] [Times: user=3.64 sys=0.24, real=0.49 secs] 
2018-04-14T05:42:56.580+0800: 101935.576: [GC (Allocation Failure) 2018-04-14T05:42:56.580+0800: 101935.576: [ParNew: 11855385K->92396K(13212096K), 0.4967646 secs] 62608281K->50848392K(187275712K), 0.4971916 secs] [Times: user=3.89 sys=0.07, real=0.50 secs] 
2018-04-14T05:43:04.940+0800: 101943.936: [GC (Allocation Failure) 2018-04-14T05:43:04.941+0800: 101943.937: [ParNew: 11836524K->68114K(13212096K), 0.6848922 secs] 62592520K->50827282K(187275712K), 0.6853149 secs] [Times: user=4.20 sys=1.22, real=0.69 secs] 
2018-04-14T05:43:12.437+0800: 101951.433: [GC (Allocation Failure) 2018-04-14T05:43:12.438+0800: 101951.434: [ParNew: 11812242K->80636K(13212096K), 0.4879970 secs] 62571410K->50843073K(187275712K), 0.4884134 secs] [Times: user=3.76 sys=0.11, real=0.49 secs] 
2018-04-14T05:43:20.665+0800: 101959.661: [GC (Allocation Failure) 2018-04-14T05:43:20.665+0800: 101959.661: [ParNew: 11824764K->72426K(13212096K), 0.5026943 secs] 62587201K->50837115K(187275712K), 0.5031049 secs] [Times: user=3.73 sys=0.28, real=0.50 secs] 
2018-04-14T05:43:28.101+0800: 101967.097: [GC (Allocation Failure) 2018-04-14T05:43:28.101+0800: 101967.097: [ParNew: 11816554K->72717K(13212096K), 0.5419747 secs] 62581243K->50838975K(187275712K), 0.5424010 secs] [Times: user=3.98 sys=0.33, real=0.55 secs] 
2018-04-14T05:43:36.047+0800: 101975.043: [GC (Allocation Failure) 2018-04-14T05:43:36.047+0800: 101975.043: [ParNew: 11816845K->89950K(13212096K), 0.4781142 secs] 62583103K->50857959K(187275712K), 0.4785271 secs] [Times: user=3.61 sys=0.21, real=0.48 secs] 
2018-04-14T05:43:44.141+0800: 101983.137: [GC (Allocation Failure) 2018-04-14T05:43:44.141+0800: 101983.137: [ParNew: 11834078K->77539K(13212096K), 0.6627564 secs] 62602087K->50847130K(187275712K), 0.6632780 secs] [Times: user=3.75 sys=1.48, real=0.67 secs] 
2018-04-14T05:43:56.509+0800: 101995.505: [GC (Allocation Failure) 2018-04-14T05:43:56.510+0800: 101995.506: [ParNew: 11821667K->74106K(13212096K), 0.4832533 secs] 62591258K->50845553K(187275712K), 0.4836644 secs] [Times: user=3.74 sys=0.11, real=0.49 secs] 
2018-04-14T05:44:29.982+0800: 102028.978: [GC (Allocation Failure) 2018-04-14T05:44:29.982+0800: 102028.978: [ParNew: 11818234K->97974K(13212096K), 0.6333096 secs] 62589681K->50870179K(187275712K), 0.6337278 secs] [Times: user=4.24 sys=0.81, real=0.63 secs] 
2018-04-14T05:44:59.056+0800: 102058.052: [GC (Allocation Failure) 2018-04-14T05:44:59.056+0800: 102058.052: [ParNew: 11842102K->104658K(13212096K), 0.6848049 secs] 62614307K->50880552K(187275712K), 0.6852400 secs] [Times: user=3.62 sys=1.79, real=0.69 secs] 
2018-04-14T05:45:14.863+0800: 102073.859: [GC (Allocation Failure) 2018-04-14T05:45:14.863+0800: 102073.859: [ParNew: 11848786K->135997K(13212096K), 0.5808455 secs] 62624680K->50912926K(187275712K), 0.5812698 secs] [Times: user=4.25 sys=0.37, real=0.58 secs] 
2018-04-14T05:45:28.561+0800: 102087.557: [GC (Allocation Failure) 2018-04-14T05:45:28.562+0800: 102087.558: [ParNew: 11880125K->169564K(13212096K), 0.5557745 secs] 62657054K->50947559K(187275712K), 0.5561904 secs] [Times: user=4.06 sys=0.36, real=0.55 secs] 
2018-04-14T05:45:38.315+0800: 102097.311: [GC (Allocation Failure) 2018-04-14T05:45:38.315+0800: 102097.311: [ParNew: 11913692K->156535K(13212096K), 0.5208806 secs] 62691687K->50935532K(187275712K), 0.5213016 secs] [Times: user=4.03 sys=0.12, real=0.52 secs] 
2018-04-14T05:45:49.833+0800: 102108.829: [GC (Allocation Failure) 2018-04-14T05:45:49.833+0800: 102108.829: [ParNew: 11900663K->136419K(13212096K), 0.6654605 secs] 62679660K->50919100K(187275712K), 0.6658283 secs] [Times: user=3.76 sys=1.49, real=0.66 secs] 
2018-04-14T05:45:58.616+0800: 102117.612: [GC (Allocation Failure) 2018-04-14T05:45:58.617+0800: 102117.613: [ParNew: 11880547K->108748K(13212096K), 0.5320917 secs] 62663228K->50901003K(187275712K), 0.5325165 secs] [Times: user=3.97 sys=0.25, real=0.53 secs] 
2018-04-14T05:46:04.542+0800: 102123.538: [GC (Allocation Failure) 2018-04-14T05:46:04.543+0800: 102123.539: [ParNew: 11852876K->113359K(13212096K), 0.5169266 secs] 62645131K->50916953K(187275712K), 0.5173448 secs] [Times: user=3.86 sys=0.23, real=0.51 secs] 
2018-04-14T05:46:11.504+0800: 102130.500: [GC (Allocation Failure) 2018-04-14T05:46:11.504+0800: 102130.500: [ParNew: 11857487K->102274K(13212096K), 0.5238913 secs] 62661081K->50914184K(187275712K), 0.5243098 secs] [Times: user=3.88 sys=0.28, real=0.52 secs] 
2018-04-14T05:46:18.939+0800: 102137.935: [GC (Allocation Failure) 2018-04-14T05:46:18.939+0800: 102137.935: [ParNew: 11846402K->82237K(13212096K), 0.5225858 secs] 62658312K->50898119K(187275712K), 0.5230030 secs] [Times: user=3.89 sys=0.27, real=0.53 secs] 
2018-04-14T05:46:25.522+0800: 102144.518: [GC (Allocation Failure) 2018-04-14T05:46:25.522+0800: 102144.518: [ParNew: 11826365K->68008K(13212096K), 0.4564763 secs] 62642247K->50886131K(187275712K), 0.4568876 secs] [Times: user=3.60 sys=0.02, real=0.45 secs] 
2018-04-14T05:46:34.699+0800: 102153.695: [GC (Allocation Failure) 2018-04-14T05:46:34.699+0800: 102153.695: [ParNew: 11812136K->77271K(13212096K), 0.6722075 secs] 62630259K->50898164K(187275712K), 0.6726307 secs] [Times: user=3.70 sys=1.61, real=0.68 secs] 
2018-04-14T05:46:49.646+0800: 102168.642: [GC (Allocation Failure) 2018-04-14T05:46:49.647+0800: 102168.643: [ParNew: 11821399K->88781K(13212096K), 0.5227885 secs] 62642292K->50910630K(187275712K), 0.5231996 secs] [Times: user=3.81 sys=0.35, real=0.52 secs] 
2018-04-14T05:47:20.985+0800: 102199.981: [GC (Allocation Failure) 2018-04-14T05:47:20.985+0800: 102199.981: [ParNew: 11832909K->79328K(13212096K), 0.6143561 secs] 62654758K->50902141K(187275712K), 0.6147751 secs] [Times: user=4.44 sys=0.46, real=0.61 secs] 
2018-04-14T05:47:43.835+0800: 102222.831: [GC (Allocation Failure) 2018-04-14T05:47:43.835+0800: 102222.831: [ParNew: 11823456K->89726K(13212096K), 0.6818305 secs] 62646269K->50913323K(187275712K), 0.6822489 secs] [Times: user=4.04 sys=1.36, real=0.68 secs] 
2018-04-14T05:47:50.693+0800: 102229.689: [GC (Allocation Failure) 2018-04-14T05:47:50.693+0800: 102229.689: [ParNew: 11833854K->105275K(13212096K), 0.5171869 secs] 62657451K->50929245K(187275712K), 0.5175572 secs] [Times: user=3.82 sys=0.31, real=0.51 secs] 
2018-04-14T05:47:58.876+0800: 102237.872: [GC (Allocation Failure) 2018-04-14T05:47:58.876+0800: 102237.872: [ParNew: 11849403K->108750K(13212096K), 0.5372345 secs] 62673373K->50934278K(187275712K), 0.5376101 secs] [Times: user=3.95 sys=0.32, real=0.54 secs] 
2018-04-14T05:48:31.452+0800: 102270.448: [GC (Allocation Failure) 2018-04-14T05:48:31.452+0800: 102270.448: [ParNew: 11852878K->104211K(13212096K), 0.7071222 secs] 62678406K->50931599K(187275712K), 0.7075447 secs] [Times: user=4.12 sys=1.47, real=0.70 secs] 
2018-04-14T05:50:07.187+0800: 102366.183: [GC (Allocation Failure) 2018-04-14T05:50:07.187+0800: 102366.183: [ParNew: 11848339K->102886K(13212096K), 0.9401985 secs] 62675727K->50935911K(187275712K), 0.9406176 secs] [Times: user=5.82 sys=1.67, real=0.94 secs] 
2018-04-14T05:50:58.706+0800: 102417.702: [GC (Allocation Failure) 2018-04-14T05:50:58.706+0800: 102417.703: [ParNew: 11847014K->136556K(13212096K), 0.7693563 secs] 62680039K->50978876K(187275712K), 0.7697935 secs] [Times: user=4.53 sys=1.56, real=0.77 secs] 
2018-04-14T05:51:21.401+0800: 102440.397: [GC (Allocation Failure) 2018-04-14T05:51:21.402+0800: 102440.398: [ParNew: 11880684K->131037K(13212096K), 0.6521175 secs] 62723004K->50978214K(187275712K), 0.6525442 secs] [Times: user=4.49 sys=0.69, real=0.65 secs] 
2018-04-14T05:51:52.581+0800: 102471.577: [GC (Allocation Failure) 2018-04-14T05:51:52.581+0800: 102471.577: [ParNew: 11875165K->147180K(13212096K), 0.6695823 secs] 62722342K->50996121K(187275712K), 0.6700163 secs] [Times: user=3.80 sys=1.51, real=0.67 secs] 
2018-04-14T05:52:10.290+0800: 102489.286: [GC (Allocation Failure) 2018-04-14T05:52:10.290+0800: 102489.286: [ParNew: 11891308K->150649K(13212096K), 0.5422295 secs] 62740249K->51002761K(187275712K), 0.5426529 secs] [Times: user=4.06 sys=0.25, real=0.55 secs] 
2018-04-14T05:52:24.293+0800: 102503.289: [GC (Allocation Failure) 2018-04-14T05:52:24.293+0800: 102503.289: [ParNew: 11894777K->187246K(13212096K), 0.5661527 secs] 62746889K->51044131K(187275712K), 0.5665856 secs] [Times: user=4.04 sys=0.46, real=0.56 secs] 
2018-04-14T05:52:44.249+0800: 102523.245: [GC (Allocation Failure) 2018-04-14T05:52:44.249+0800: 102523.246: [ParNew: 11931374K->204609K(13212096K), 0.6018410 secs] 62788259K->51073595K(187275712K), 0.6022715 secs] [Times: user=4.55 sys=0.22, real=0.61 secs] 
2018-04-14T05:52:58.467+0800: 102537.463: [GC (Allocation Failure) 2018-04-14T05:52:58.467+0800: 102537.463: [ParNew: 11948737K->190107K(13212096K), 0.6952283 secs] 62817723K->51066322K(187275712K), 0.6956751 secs] [Times: user=4.42 sys=1.08, real=0.70 secs] 
2018-04-14T05:53:07.011+0800: 102546.007: [GC (Allocation Failure) 2018-04-14T05:53:07.011+0800: 102546.007: [ParNew: 11934235K->249340K(13212096K), 0.6169045 secs] 62810450K->51127559K(187275712K), 0.6173280 secs] [Times: user=4.69 sys=0.21, real=0.62 secs] 
2018-04-14T05:53:12.481+0800: 102551.477: [GC (Allocation Failure) 2018-04-14T05:53:12.481+0800: 102551.477: [ParNew: 11993468K->200672K(13212096K), 0.5481913 secs] 62871687K->51088802K(187275712K), 0.5486212 secs] [Times: user=4.09 sys=0.27, real=0.55 secs] 
2018-04-14T05:53:17.144+0800: 102556.140: [GC (Allocation Failure) 2018-04-14T05:53:17.144+0800: 102556.140: [ParNew: 11944800K->164202K(13212096K), 0.5050153 secs] 62832930K->51061299K(187275712K), 0.5054421 secs] [Times: user=3.81 sys=0.20, real=0.50 secs] 
2018-04-14T05:53:22.455+0800: 102561.451: [GC (Allocation Failure) 2018-04-14T05:53:22.455+0800: 102561.451: [ParNew: 11908330K->129752K(13212096K), 0.5194465 secs] 62805427K->51030673K(187275712K), 0.5198716 secs] [Times: user=3.98 sys=0.16, real=0.52 secs] 
2018-04-14T05:53:27.805+0800: 102566.801: [GC (Allocation Failure) 2018-04-14T05:53:27.805+0800: 102566.801: [ParNew: 11873880K->126258K(13212096K), 0.5071014 secs] 62774801K->51036468K(187275712K), 0.5075206 secs] [Times: user=4.00 sys=0.04, real=0.51 secs] 
2018-04-14T05:53:34.298+0800: 102573.294: [GC (Allocation Failure) 2018-04-14T05:53:34.298+0800: 102573.294: [ParNew: 11870386K->135722K(13212096K), 0.6535495 secs] 62780596K->51055914K(187275712K), 0.6539767 secs] [Times: user=3.74 sys=1.43, real=0.66 secs] 
2018-04-14T05:53:41.318+0800: 102580.314: [GC (Allocation Failure) 2018-04-14T05:53:41.318+0800: 102580.314: [ParNew: 11879850K->151283K(13212096K), 0.5163676 secs] 62800042K->51078349K(187275712K), 0.5167849 secs] [Times: user=4.02 sys=0.07, real=0.52 secs] 
2018-04-14T05:53:48.913+0800: 102587.909: [GC (Allocation Failure) 2018-04-14T05:53:48.914+0800: 102587.910: [ParNew: 11895411K->135896K(13212096K), 0.5270557 secs] 62822477K->51065158K(187275712K), 0.5274820 secs] [Times: user=4.00 sys=0.19, real=0.52 secs] 
2018-04-14T05:53:58.814+0800: 102597.810: [GC (Allocation Failure) 2018-04-14T05:53:58.814+0800: 102597.810: [ParNew: 11880024K->131055K(13212096K), 0.5420248 secs] 62809286K->51062207K(187275712K), 0.5424403 secs] [Times: user=4.06 sys=0.25, real=0.54 secs] 
2018-04-14T05:54:08.656+0800: 102607.652: [GC (Allocation Failure) 2018-04-14T05:54:08.656+0800: 102607.652: [ParNew: 11875183K->169510K(13212096K), 0.5811177 secs] 62806335K->51102587K(187275712K), 0.5815425 secs] [Times: user=4.48 sys=0.15, real=0.58 secs] 
2018-04-14T05:54:23.976+0800: 102622.972: [GC (Allocation Failure) 2018-04-14T05:54:23.976+0800: 102622.972: [ParNew: 11913638K->169117K(13212096K), 0.6994890 secs] 62846715K->51104361K(187275712K), 0.6999083 secs] [Times: user=4.35 sys=1.19, real=0.70 secs] 
2018-04-14T05:54:43.646+0800: 102642.642: [GC (Allocation Failure) 2018-04-14T05:54:43.646+0800: 102642.642: [ParNew: 11913245K->165207K(13212096K), 0.6138120 secs] 62848489K->51105059K(187275712K), 0.6142239 secs] [Times: user=4.49 sys=0.39, real=0.61 secs] 
2018-04-14T05:54:58.586+0800: 102657.582: [GC (Allocation Failure) 2018-04-14T05:54:58.586+0800: 102657.582: [ParNew: 11909335K->176883K(13212096K), 0.5368010 secs] 62849187K->51120369K(187275712K), 0.5372135 secs] [Times: user=4.11 sys=0.17, real=0.54 secs] 
2018-04-14T05:55:10.830+0800: 102669.826: [GC (Allocation Failure) 2018-04-14T05:55:10.830+0800: 102669.826: [ParNew: 11921011K->194272K(13212096K), 0.6765243 secs] 62864497K->51142183K(187275712K), 0.6769509 secs] [Times: user=4.09 sys=1.27, real=0.68 secs] 
2018-04-14T05:55:17.515+0800: 102676.511: [GC (Allocation Failure) 2018-04-14T05:55:17.515+0800: 102676.511: [ParNew: 11938400K->216893K(13212096K), 0.5809188 secs] 62886311K->51172454K(187275712K), 0.5813317 secs] [Times: user=4.36 sys=0.25, real=0.58 secs] 
2018-04-14T05:55:26.320+0800: 102685.316: [GC (Allocation Failure) 2018-04-14T05:55:26.320+0800: 102685.316: [ParNew: 11961021K->153280K(13212096K), 0.5334496 secs] 62916582K->51117283K(187275712K), 0.5338747 secs] [Times: user=4.04 sys=0.20, real=0.54 secs] 
2018-04-14T05:55:50.723+0800: 102709.719: [GC (Allocation Failure) 2018-04-14T05:55:50.724+0800: 102709.720: [ParNew: 11897408K->134535K(13212096K), 0.5113505 secs] 62861411K->51105467K(187275712K), 0.5117701 secs] [Times: user=3.80 sys=0.26, real=0.51 secs] 
2018-04-14T05:57:04.649+0800: 102783.645: [GC (Allocation Failure) 2018-04-14T05:57:04.649+0800: 102783.645: [ParNew: 11878663K->89691K(13212096K), 0.9619327 secs] 62849595K->51074606K(187275712K), 0.9623662 secs] [Times: user=5.16 sys=2.47, real=0.96 secs] 
2018-04-14T05:57:23.493+0800: 102802.489: [GC (Allocation Failure) 2018-04-14T05:57:23.493+0800: 102802.490: [ParNew: 11833819K->75695K(13212096K), 0.5257122 secs] 62818734K->51077589K(187275712K), 0.5261279 secs] [Times: user=3.87 sys=0.30, real=0.52 secs] 
2018-04-14T05:57:32.389+0800: 102811.385: [GC (Allocation Failure) 2018-04-14T05:57:32.390+0800: 102811.386: [ParNew: 11819823K->77159K(13212096K), 0.6456049 secs] 62821717K->51083500K(187275712K), 0.6460271 secs] [Times: user=3.96 sys=1.15, real=0.65 secs] 
2018-04-14T05:57:42.470+0800: 102821.467: [GC (Allocation Failure) 2018-04-14T05:57:42.471+0800: 102821.467: [ParNew: 11821287K->67677K(13212096K), 0.4978191 secs] 62827628K->51077000K(187275712K), 0.4982507 secs] [Times: user=3.77 sys=0.20, real=0.50 secs] 
2018-04-14T05:57:53.875+0800: 102832.871: [GC (Allocation Failure) 2018-04-14T05:57:53.875+0800: 102832.871: [ParNew: 11811805K->81789K(13212096K), 0.5688379 secs] 62821128K->51092175K(187275712K), 0.5692634 secs] [Times: user=3.97 sys=0.56, real=0.57 secs] 
2018-04-14T05:58:12.394+0800: 102851.390: [GC (Allocation Failure) 2018-04-14T05:58:12.394+0800: 102851.390: [ParNew: 11825917K->90712K(13212096K), 0.5479242 secs] 62836303K->51105459K(187275712K), 0.5483457 secs] [Times: user=4.07 sys=0.29, real=0.55 secs] 
2018-04-14T05:58:27.382+0800: 102866.378: [GC (Allocation Failure) 2018-04-14T05:58:27.382+0800: 102866.378: [ParNew: 11834840K->73397K(13212096K), 0.6800438 secs] 62849587K->51104818K(187275712K), 0.6804894 secs] [Times: user=3.86 sys=1.52, real=0.68 secs] 
2018-04-14T05:58:46.560+0800: 102885.556: [GC (Allocation Failure) 2018-04-14T05:58:46.560+0800: 102885.556: [ParNew: 11817525K->58477K(13212096K), 0.5933991 secs] 62848946K->51093835K(187275712K), 0.5938202 secs] [Times: user=4.07 sys=0.64, real=0.60 secs] 
2018-04-14T05:59:00.746+0800: 102899.742: [GC (Allocation Failure) 2018-04-14T05:59:00.746+0800: 102899.742: [ParNew: 11802605K->53016K(13212096K), 0.5546236 secs] 62837963K->51089853K(187275712K), 0.5550426 secs] [Times: user=4.06 sys=0.36, real=0.55 secs] 
2018-04-14T06:00:38.897+0800: 102997.893: [GC (Allocation Failure) 2018-04-14T06:00:38.897+0800: 102997.893: [ParNew: 11797144K->76093K(13212096K), 0.8573194 secs] 62833981K->51114385K(187275712K), 0.8577481 secs] [Times: user=4.70 sys=2.10, real=0.86 secs] 
2018-04-14T06:02:27.434+0800: 103106.430: [GC (Allocation Failure) 2018-04-14T06:02:27.434+0800: 103106.430: [ParNew: 11820221K->131150K(13212096K), 0.9361316 secs] 62858513K->51171207K(187275712K), 0.9365742 secs] [Times: user=5.20 sys=2.22, real=0.93 secs] 
2018-04-14T06:02:36.930+0800: 103115.926: [GC (Allocation Failure) 2018-04-14T06:02:36.930+0800: 103115.926: [ParNew: 11875278K->179297K(13212096K), 0.5858259 secs] 62915335K->51221872K(187275712K), 0.5862484 secs] [Times: user=4.27 sys=0.40, real=0.59 secs] 
2018-04-14T06:02:43.707+0800: 103122.703: [GC (Allocation Failure) 2018-04-14T06:02:43.708+0800: 103122.704: [ParNew: 11923425K->183808K(13212096K), 0.5405402 secs] 62966000K->51228184K(187275712K), 0.5409695 secs] [Times: user=4.18 sys=0.12, real=0.54 secs] 
2018-04-14T06:02:50.805+0800: 103129.801: [GC (Allocation Failure) 2018-04-14T06:02:50.805+0800: 103129.801: [ParNew: 11927936K->197924K(13212096K), 0.5286203 secs] 62972312K->51244461K(187275712K), 0.5290492 secs] [Times: user=4.14 sys=0.07, real=0.53 secs] 
2018-04-14T06:02:59.809+0800: 103138.805: [GC (Allocation Failure) 2018-04-14T06:02:59.809+0800: 103138.805: [ParNew: 11942052K->159257K(13212096K), 0.6522317 secs] 62988589K->51207356K(187275712K), 0.6526733 secs] [Times: user=3.58 sys=1.59, real=0.66 secs] 
2018-04-14T06:03:10.423+0800: 103149.419: [GC (Allocation Failure) 2018-04-14T06:03:10.423+0800: 103149.419: [ParNew: 11903385K->131874K(13212096K), 0.5079612 secs] 62951484K->51188363K(187275712K), 0.5083917 secs] [Times: user=3.79 sys=0.24, real=0.51 secs] 
2018-04-14T06:03:17.912+0800: 103156.908: [GC (Allocation Failure) 2018-04-14T06:03:17.912+0800: 103156.908: [ParNew: 11876002K->86372K(13212096K), 0.5199024 secs] 62932491K->51163678K(187275712K), 0.5203394 secs] [Times: user=3.83 sys=0.27, real=0.52 secs] 
2018-04-14T06:03:24.920+0800: 103163.916: [GC (Allocation Failure) 2018-04-14T06:03:24.921+0800: 103163.917: [ParNew: 11830500K->66555K(13212096K), 0.4834500 secs] 62907806K->51146344K(187275712K), 0.4838764 secs] [Times: user=3.62 sys=0.24, real=0.49 secs] 
2018-04-14T06:03:33.378+0800: 103172.374: [GC (Allocation Failure) 2018-04-14T06:03:33.378+0800: 103172.374: [ParNew: 11810683K->62782K(13212096K), 0.4947069 secs] 62890472K->51143567K(187275712K), 0.4951294 secs] [Times: user=3.87 sys=0.07, real=0.50 secs] 
2018-04-14T06:03:45.802+0800: 103184.798: [GC (Allocation Failure) 2018-04-14T06:03:45.803+0800: 103184.799: [ParNew: 11806910K->78815K(13212096K), 0.6614504 secs] 62887695K->51161566K(187275712K), 0.6618803 secs] [Times: user=3.52 sys=1.71, real=0.66 secs] 
2018-04-14T06:03:52.027+0800: 103191.023: [GC (Allocation Failure) 2018-04-14T06:03:52.027+0800: 103191.023: [ParNew: 11822943K->101706K(13212096K), 0.5492122 secs] 62905694K->51187214K(187275712K), 0.5496262 secs] [Times: user=4.11 sys=0.26, real=0.55 secs] 
2018-04-14T06:03:57.627+0800: 103196.623: [GC (Allocation Failure) 2018-04-14T06:03:57.627+0800: 103196.623: [ParNew: 11845834K->112876K(13212096K), 0.4959341 secs] 62931342K->51201552K(187275712K), 0.4963371 secs] [Times: user=3.76 sys=0.18, real=0.50 secs] 
2018-04-14T06:04:04.439+0800: 103203.435: [GC (Allocation Failure) 2018-04-14T06:04:04.439+0800: 103203.435: [ParNew: 11857004K->117264K(13212096K), 0.4929345 secs] 62945680K->51206604K(187275712K), 0.4933536 secs] [Times: user=3.74 sys=0.19, real=0.50 secs] 
2018-04-14T06:04:50.934+0800: 103249.930: [GC (Allocation Failure) 2018-04-14T06:04:50.934+0800: 103249.930: [ParNew: 11861392K->74468K(13212096K), 0.7005692 secs] 62950732K->51165194K(187275712K), 0.7010186 secs] [Times: user=4.18 sys=1.38, real=0.70 secs] 
2018-04-14T06:05:12.596+0800: 103271.592: [GC (Allocation Failure) 2018-04-14T06:05:12.596+0800: 103271.592: [ParNew: 11818596K->72076K(13212096K), 0.5998754 secs] 62909322K->51166082K(187275712K), 0.6002905 secs] [Times: user=4.14 sys=0.63, real=0.60 secs] 
2018-04-14T06:05:29.353+0800: 103288.349: [GC (Allocation Failure) 2018-04-14T06:05:29.353+0800: 103288.349: [ParNew: 11816204K->62343K(13212096K), 0.5117936 secs] 62910210K->51161963K(187275712K), 0.5122181 secs] [Times: user=3.89 sys=0.18, real=0.51 secs] 
2018-04-14T06:05:53.867+0800: 103312.863: [GC (Allocation Failure) 2018-04-14T06:05:53.867+0800: 103312.863: [ParNew: 11806471K->72750K(13212096K), 0.7301661 secs] 62906091K->51174182K(187275712K), 0.7306320 secs] [Times: user=4.16 sys=1.63, real=0.73 secs] 
2018-04-14T06:07:07.138+0800: 103386.134: [GC (Allocation Failure) 2018-04-14T06:07:07.138+0800: 103386.135: [ParNew: 11816878K->67991K(13212096K), 0.7264826 secs] 62918310K->51171079K(187275712K), 0.7269147 secs] [Times: user=4.99 sys=0.79, real=0.73 secs] 
2018-04-14T06:07:19.549+0800: 103398.545: [GC (Allocation Failure) 2018-04-14T06:07:19.549+0800: 103398.545: [ParNew: 11812119K->86867K(13212096K), 0.6520029 secs] 62915207K->51191551K(187275712K), 0.6524307 secs] [Times: user=3.52 sys=1.64, real=0.66 secs] 
2018-04-14T06:07:32.144+0800: 103411.140: [GC (Allocation Failure) 2018-04-14T06:07:32.144+0800: 103411.140: [ParNew: 11830995K->76293K(13212096K), 0.5310722 secs] 62935679K->51185607K(187275712K), 0.5314846 secs] [Times: user=3.80 sys=0.42, real=0.53 secs] 
2018-04-14T06:07:53.839+0800: 103432.835: [GC (Allocation Failure) 2018-04-14T06:07:53.839+0800: 103432.835: [ParNew: 11820421K->82922K(13212096K), 0.5807316 secs] 62929735K->51196377K(187275712K), 0.5811553 secs] [Times: user=4.17 sys=0.45, real=0.58 secs] 
2018-04-14T06:08:04.063+0800: 103443.059: [GC (Allocation Failure) 2018-04-14T06:08:04.063+0800: 103443.060: [ParNew: 11827050K->88035K(13212096K), 0.6398850 secs] 62940505K->51202884K(187275712K), 0.6403178 secs] [Times: user=3.82 sys=1.24, real=0.64 secs] 
2018-04-14T06:08:10.601+0800: 103449.597: [GC (Allocation Failure) 2018-04-14T06:08:10.601+0800: 103449.597: [ParNew: 11832163K->84770K(13212096K), 0.4638932 secs] 62947012K->51204063K(187275712K), 0.4643304 secs] [Times: user=3.63 sys=0.06, real=0.47 secs] 
2018-04-14T06:08:15.818+0800: 103454.814: [GC (Allocation Failure) 2018-04-14T06:08:15.818+0800: 103454.814: [ParNew: 11828898K->80707K(13212096K), 0.4815451 secs] 62948191K->51212932K(187275712K), 0.4819740 secs] [Times: user=3.69 sys=0.13, real=0.48 secs] 
2018-04-14T06:08:21.372+0800: 103460.368: [GC (Allocation Failure) 2018-04-14T06:08:21.372+0800: 103460.368: [ParNew: 11824835K->60638K(13212096K), 0.5007964 secs] 62957060K->51195951K(187275712K), 0.5012096 secs] [Times: user=3.76 sys=0.23, real=0.50 secs] 
2018-04-14T06:08:26.847+0800: 103465.843: [GC (Allocation Failure) 2018-04-14T06:08:26.848+0800: 103465.844: [ParNew: 11804766K->70400K(13212096K), 0.4999143 secs] 62940079K->51208076K(187275712K), 0.5003259 secs] [Times: user=3.80 sys=0.18, real=0.50 secs] 
2018-04-14T06:08:33.228+0800: 103472.224: [GC (Allocation Failure) 2018-04-14T06:08:33.228+0800: 103472.224: [ParNew: 11814528K->71547K(13212096K), 0.4819163 secs] 62952204K->51213761K(187275712K), 0.4823413 secs] [Times: user=3.62 sys=0.21, real=0.48 secs] 
2018-04-14T06:08:38.612+0800: 103477.608: [GC (Allocation Failure) 2018-04-14T06:08:38.613+0800: 103477.609: [ParNew: 11815675K->57025K(13212096K), 0.4847486 secs] 62957889K->51202100K(187275712K), 0.4851595 secs] [Times: user=3.77 sys=0.08, real=0.48 secs] 
2018-04-14T06:08:46.359+0800: 103485.355: [GC (Allocation Failure) 2018-04-14T06:08:46.359+0800: 103485.355: [ParNew: 11801153K->56176K(13212096K), 0.6546373 secs] 62946228K->51204991K(187275712K), 0.6550657 secs] [Times: user=4.01 sys=1.17, real=0.66 secs] 
2018-04-14T06:09:12.605+0800: 103511.601: [GC (Allocation Failure) 2018-04-14T06:09:12.606+0800: 103511.602: [ParNew: 11800304K->48668K(13212096K), 0.6296661 secs] 62949119K->51201893K(187275712K), 0.6300807 secs] [Times: user=4.14 sys=0.87, real=0.63 secs] 
2018-04-14T06:09:41.833+0800: 103540.829: [GC (Allocation Failure) 2018-04-14T06:09:41.833+0800: 103540.829: [ParNew: 11792796K->36246K(13212096K), 0.7397419 secs] 62946021K->51190535K(187275712K), 0.7401704 secs] [Times: user=4.24 sys=1.62, real=0.74 secs] 
2018-04-14T06:10:31.489+0800: 103590.485: [GC (Allocation Failure) 2018-04-14T06:10:31.489+0800: 103590.485: [ParNew: 11780374K->56795K(13212096K), 0.7728788 secs] 62934663K->51211979K(187275712K), 0.7733078 secs] [Times: user=4.65 sys=1.51, real=0.78 secs] 
2018-04-14T06:10:46.181+0800: 103605.177: [GC (Allocation Failure) 2018-04-14T06:10:46.181+0800: 103605.177: [ParNew: 11800923K->81727K(13212096K), 0.5436367 secs] 62956107K->51237580K(187275712K), 0.5440617 secs] [Times: user=3.99 sys=0.34, real=0.55 secs] 
2018-04-14T06:11:20.937+0800: 103639.933: [GC (Allocation Failure) 2018-04-14T06:11:20.937+0800: 103639.933: [ParNew: 11825855K->97612K(13212096K), 0.7794500 secs] 62981708K->51253935K(187275712K), 0.7798758 secs] [Times: user=4.79 sys=1.40, real=0.78 secs] 
2018-04-14T06:12:14.455+0800: 103693.451: [GC (Allocation Failure) 2018-04-14T06:12:14.455+0800: 103693.451: [ParNew: 11841740K->125802K(13212096K), 0.7888429 secs] 62998063K->51283278K(187275712K), 0.7892562 secs] [Times: user=5.26 sys=1.01, real=0.79 secs] 
2018-04-14T06:13:13.014+0800: 103752.010: [GC (Allocation Failure) 2018-04-14T06:13:13.014+0800: 103752.010: [ParNew: 11869930K->163830K(13212096K), 0.8197258 secs] 63027406K->51323779K(187275712K), 0.8201601 secs] [Times: user=4.57 sys=1.94, real=0.82 secs] 
2018-04-14T06:13:53.535+0800: 103792.531: [GC (Allocation Failure) 2018-04-14T06:13:53.535+0800: 103792.531: [ParNew: 11907958K->123407K(13212096K), 0.6047811 secs] 63067907K->51285967K(187275712K), 0.6052116 secs] [Times: user=4.24 sys=0.58, real=0.60 secs] 
2018-04-14T06:14:19.520+0800: 103818.516: [GC (Allocation Failure) 2018-04-14T06:14:19.520+0800: 103818.516: [ParNew: 11867535K->100550K(13212096K), 0.6431718 secs] 63030095K->51268010K(187275712K), 0.6435975 secs] [Times: user=3.85 sys=1.24, real=0.65 secs] 
2018-04-14T06:14:34.736+0800: 103833.732: [GC (Allocation Failure) 2018-04-14T06:14:34.736+0800: 103833.732: [ParNew: 11844678K->128886K(13212096K), 0.5998506 secs] 63012138K->51297657K(187275712K), 0.6002708 secs] [Times: user=4.36 sys=0.41, real=0.60 secs] 
2018-04-14T06:14:56.257+0800: 103855.253: [GC (Allocation Failure) 2018-04-14T06:14:56.257+0800: 103855.253: [ParNew: 11873014K->114096K(13212096K), 0.5209433 secs] 63041785K->51284700K(187275712K), 0.5213694 secs] [Times: user=3.83 sys=0.31, real=0.52 secs] 
2018-04-14T06:15:02.646+0800: 103861.642: [GC (Allocation Failure) 2018-04-14T06:15:02.646+0800: 103861.642: [ParNew: 11858224K->85368K(13212096K), 0.5361020 secs] 63028828K->51277448K(187275712K), 0.5365348 secs] [Times: user=3.97 sys=0.20, real=0.54 secs] 
2018-04-14T06:15:07.954+0800: 103866.950: [GC (Allocation Failure) 2018-04-14T06:15:07.954+0800: 103866.950: [ParNew: 11829496K->54558K(13212096K), 0.5788292 secs] 63021576K->51254789K(187275712K), 0.5792468 secs] [Times: user=3.64 sys=0.95, real=0.58 secs] 
2018-04-14T06:15:17.382+0800: 103876.378: [GC (Allocation Failure) 2018-04-14T06:15:17.382+0800: 103876.378: [ParNew: 11798114K->57301K(13212096K), 0.5061534 secs] 62998345K->51263477K(187275712K), 0.5065855 secs] [Times: user=3.79 sys=0.23, real=0.50 secs] 
2018-04-14T06:15:30.800+0800: 103889.796: [GC (Allocation Failure) 2018-04-14T06:15:30.800+0800: 103889.796: [ParNew: 11801429K->48611K(13212096K), 0.5470592 secs] 63007605K->51263862K(187275712K), 0.5474736 secs] [Times: user=3.99 sys=0.35, real=0.55 secs] 
2018-04-14T06:16:18.482+0800: 103937.478: [GC (Allocation Failure) 2018-04-14T06:16:18.482+0800: 103937.478: [ParNew: 11792739K->76320K(13212096K), 0.7284491 secs] 63007990K->51295995K(187275712K), 0.7288972 secs] [Times: user=4.37 sys=1.38, real=0.72 secs] 
2018-04-14T06:16:29.535+0800: 103948.531: [GC (Allocation Failure) 2018-04-14T06:16:29.535+0800: 103948.531: [ParNew: 11820448K->153452K(13212096K), 0.5554768 secs] 63040123K->51375700K(187275712K), 0.5558960 secs] [Times: user=4.29 sys=0.13, real=0.55 secs] 
2018-04-14T06:16:42.922+0800: 103961.918: [GC (Allocation Failure) 2018-04-14T06:16:42.922+0800: 103961.918: [ParNew: 11897580K->220016K(13212096K), 0.6582907 secs] 63119828K->51442694K(187275712K), 0.6587071 secs] [Times: user=4.65 sys=0.58, real=0.65 secs] 
2018-04-14T06:16:56.331+0800: 103975.327: [GC (Allocation Failure) 2018-04-14T06:16:56.331+0800: 103975.327: [ParNew: 11964144K->282853K(13212096K), 0.5430014 secs] 63186822K->51506043K(187275712K), 0.5434151 secs] [Times: user=4.21 sys=0.10, real=0.55 secs] 
2018-04-14T06:17:07.106+0800: 103986.102: [GC (Allocation Failure) 2018-04-14T06:17:07.106+0800: 103986.102: [ParNew: 12026981K->227257K(13212096K), 0.6953248 secs] 63250171K->51451107K(187275712K), 0.6957474 secs] [Times: user=4.22 sys=1.28, real=0.70 secs] 
2018-04-14T06:17:20.984+0800: 103999.980: [GC (Allocation Failure) 2018-04-14T06:17:20.984+0800: 103999.980: [ParNew: 11971385K->229053K(13212096K), 0.6026574 secs] 63195235K->51454346K(187275712K), 0.6030726 secs] [Times: user=4.26 sys=0.54, real=0.60 secs] 
2018-04-14T06:18:00.834+0800: 104039.830: [GC (Allocation Failure) 2018-04-14T06:18:00.834+0800: 104039.830: [ParNew: 11973181K->145019K(13212096K), 0.8139253 secs] 63198474K->51382398K(187275712K), 0.8143586 secs] [Times: user=4.87 sys=1.57, real=0.81 secs] 
2018-04-14T06:19:14.827+0800: 104113.823: [GC (Allocation Failure) 2018-04-14T06:19:14.827+0800: 104113.823: [ParNew: 11889147K->121291K(13212096K), 0.6708833 secs] 63126526K->51370995K(187275712K), 0.6713035 secs] [Times: user=4.47 sys=0.86, real=0.67 secs] 
2018-04-14T06:19:46.775+0800: 104145.771: [GC (Allocation Failure) 2018-04-14T06:19:46.775+0800: 104145.771: [ParNew: 11865419K->112209K(13212096K), 0.7958696 secs] 63115123K->51377506K(187275712K), 0.7963122 secs] [Times: user=4.77 sys=1.51, real=0.80 secs] 
2018-04-14T06:20:18.162+0800: 104177.158: [GC (Allocation Failure) 2018-04-14T06:20:18.162+0800: 104177.158: [ParNew: 11856337K->100530K(13212096K), 0.7812401 secs] 63121634K->51382347K(187275712K), 0.7816746 secs] [Times: user=5.01 sys=1.20, real=0.78 secs] 
2018-04-14T06:20:32.025+0800: 104191.021: [GC (Allocation Failure) 2018-04-14T06:20:32.025+0800: 104191.021: [ParNew: 11844658K->95772K(13212096K), 0.5284117 secs] 63126475K->51387652K(187275712K), 0.5288348 secs] [Times: user=3.87 sys=0.32, real=0.53 secs] 
2018-04-14T06:20:41.743+0800: 104200.739: [GC (Allocation Failure) 2018-04-14T06:20:41.744+0800: 104200.740: [ParNew: 11839900K->86368K(13212096K), 0.5069449 secs] 63131780K->51380699K(187275712K), 0.5073629 secs] [Times: user=4.00 sys=0.04, real=0.50 secs] 
2018-04-14T06:20:58.869+0800: 104217.865: [GC (Allocation Failure) 2018-04-14T06:20:58.870+0800: 104217.866: [ParNew: 11830496K->92366K(13212096K), 0.6627024 secs] 63124827K->51388480K(187275712K), 0.6631402 secs] [Times: user=3.80 sys=1.45, real=0.67 secs] 
2018-04-14T06:21:13.529+0800: 104232.525: [GC (Allocation Failure) 2018-04-14T06:21:13.529+0800: 104232.525: [ParNew: 11836494K->74504K(13212096K), 0.5877493 secs] 63132608K->51383650K(187275712K), 0.5881701 secs] [Times: user=4.09 sys=0.59, real=0.59 secs] 
2018-04-14T06:21:32.359+0800: 104251.355: [GC (Allocation Failure) 2018-04-14T06:21:32.360+0800: 104251.356: [ParNew: 11818632K->71982K(13212096K), 0.4862086 secs] 63127778K->51385079K(187275712K), 0.4866221 secs] [Times: user=3.69 sys=0.18, real=0.49 secs] 
2018-04-14T06:21:43.838+0800: 104262.834: [GC (Allocation Failure) 2018-04-14T06:21:43.838+0800: 104262.834: [ParNew: 11816110K->73622K(13212096K), 0.6748302 secs] 63129207K->51390932K(187275712K), 0.6752705 secs] [Times: user=3.94 sys=1.40, real=0.68 secs] 
2018-04-14T06:21:51.140+0800: 104270.136: [GC (Allocation Failure) 2018-04-14T06:21:51.140+0800: 104270.136: [ParNew: 11817750K->83596K(13212096K), 0.5344105 secs] 63135060K->51403016K(187275712K), 0.5348317 secs] [Times: user=4.16 sys=0.09, real=0.54 secs] 
2018-04-14T06:21:59.741+0800: 104278.737: [GC (Allocation Failure) 2018-04-14T06:21:59.741+0800: 104278.737: [ParNew: 11827724K->75902K(13212096K), 0.4978005 secs] 63147144K->51397244K(187275712K), 0.4982211 secs] [Times: user=3.70 sys=0.25, real=0.49 secs] 
2018-04-14T06:22:12.620+0800: 104291.616: [GC (Allocation Failure) 2018-04-14T06:22:12.620+0800: 104291.617: [ParNew: 11820030K->57435K(13212096K), 0.5450027 secs] 63141372K->51380864K(187275712K), 0.5454213 secs] [Times: user=3.92 sys=0.41, real=0.55 secs] 
2018-04-14T06:22:39.661+0800: 104318.657: [GC (Allocation Failure) 2018-04-14T06:22:39.661+0800: 104318.657: [ParNew: 11801563K->68651K(13212096K), 0.6891667 secs] 63124992K->51393979K(187275712K), 0.6896130 secs] [Times: user=3.74 sys=1.69, real=0.69 secs] 
2018-04-14T06:22:52.371+0800: 104331.367: [GC (Allocation Failure) 2018-04-14T06:22:52.371+0800: 104331.367: [ParNew: 11812779K->76962K(13212096K), 0.5219014 secs] 63138107K->51405244K(187275712K), 0.5223308 secs] [Times: user=3.88 sys=0.28, real=0.53 secs] 
2018-04-14T06:23:01.882+0800: 104340.878: [GC (Allocation Failure) 2018-04-14T06:23:01.882+0800: 104340.878: [ParNew: 11821090K->62939K(13212096K), 0.5359582 secs] 63149372K->51392807K(187275712K), 0.5363656 secs] [Times: user=3.86 sys=0.41, real=0.53 secs] 
2018-04-14T06:23:11.198+0800: 104350.194: [GC (Allocation Failure) 2018-04-14T06:23:11.198+0800: 104350.194: [ParNew: 11807067K->59313K(13212096K), 0.4780181 secs] 63136935K->51390686K(187275712K), 0.4784381 secs] [Times: user=3.62 sys=0.18, real=0.48 secs] 
2018-04-14T06:23:19.800+0800: 104358.796: [GC (Allocation Failure) 2018-04-14T06:23:19.800+0800: 104358.796: [ParNew: 11803441K->74951K(13212096K), 0.6648807 secs] 63134814K->51407132K(187275712K), 0.6653201 secs] [Times: user=3.44 sys=1.81, real=0.67 secs] 
2018-04-14T06:23:29.996+0800: 104368.992: [GC (Allocation Failure) 2018-04-14T06:23:29.996+0800: 104368.993: [ParNew: 11819079K->65898K(13212096K), 0.5490012 secs] 63151260K->51399782K(187275712K), 0.5494251 secs] [Times: user=4.12 sys=0.25, real=0.55 secs] 
2018-04-14T06:23:46.765+0800: 104385.761: [GC (Allocation Failure) 2018-04-14T06:23:46.765+0800: 104385.761: [ParNew: 11810026K->49220K(13212096K), 0.5372660 secs] 63143910K->51393042K(187275712K), 0.5377245 secs] [Times: user=3.75 sys=0.51, real=0.54 secs] 
2018-04-14T06:24:09.952+0800: 104408.948: [GC (Allocation Failure) 2018-04-14T06:24:09.953+0800: 104408.949: [ParNew: 11793348K->37684K(13212096K), 0.7495218 secs] 63137170K->51385769K(187275712K), 0.7499446 secs] [Times: user=4.16 sys=1.76, real=0.75 secs] 
2018-04-14T06:25:12.096+0800: 104471.092: [GC (Allocation Failure) 2018-04-14T06:25:12.096+0800: 104471.092: [ParNew: 11781812K->51493K(13212096K), 0.7103973 secs] 63129897K->51402102K(187275712K), 0.7108342 secs] [Times: user=4.34 sys=1.32, real=0.71 secs] 
2018-04-14T06:26:01.621+0800: 104520.617: [GC (Allocation Failure) 2018-04-14T06:26:01.621+0800: 104520.617: [ParNew: 11795621K->68110K(13212096K), 0.6950641 secs] 63146230K->51420276K(187275712K), 0.6955059 secs] [Times: user=4.01 sys=1.49, real=0.70 secs] 
2018-04-14T06:26:42.729+0800: 104561.725: [GC (Allocation Failure) 2018-04-14T06:26:42.729+0800: 104561.725: [ParNew: 11812238K->108078K(13212096K), 0.6340924 secs] 63164404K->51461215K(187275712K), 0.6345214 secs] [Times: user=4.32 sys=0.75, real=0.64 secs] 
2018-04-14T06:27:32.920+0800: 104611.916: [GC (Allocation Failure) 2018-04-14T06:27:32.920+0800: 104611.917: [ParNew: 11852206K->164006K(13212096K), 0.8372327 secs] 63205343K->51517793K(187275712K), 0.8376701 secs] [Times: user=4.91 sys=1.71, real=0.84 secs] 
2018-04-14T06:28:36.583+0800: 104675.579: [GC (Allocation Failure) 2018-04-14T06:28:36.583+0800: 104675.579: [ParNew: 11908134K->112519K(13212096K), 0.6342705 secs] 63261921K->51467368K(187275712K), 0.6346938 secs] [Times: user=4.24 sys=0.81, real=0.63 secs] 
2018-04-14T06:29:08.784+0800: 104707.780: [GC (Allocation Failure) 2018-04-14T06:29:08.785+0800: 104707.781: [ParNew: 11856647K->123028K(13212096K), 0.6655329 secs] 63211496K->51479200K(187275712K), 0.6659651 secs] [Times: user=4.01 sys=1.26, real=0.66 secs] 
2018-04-14T06:29:45.765+0800: 104744.761: [GC (Allocation Failure) 2018-04-14T06:29:45.765+0800: 104744.761: [ParNew: 11867156K->118526K(13212096K), 0.5891075 secs] 63223328K->51481244K(187275712K), 0.5895319 secs] [Times: user=4.07 sys=0.62, real=0.59 secs] 
2018-04-14T06:29:59.047+0800: 104758.043: [GC (Allocation Failure) 2018-04-14T06:29:59.047+0800: 104758.043: [ParNew: 11862654K->145362K(13212096K), 0.5165133 secs] 63225372K->51515755K(187275712K), 0.5172317 secs] [Times: user=4.02 sys=0.08, real=0.52 secs] 
2018-04-14T06:30:12.822+0800: 104771.818: [GC (Allocation Failure) 2018-04-14T06:30:12.822+0800: 104771.818: [ParNew: 11889490K->141248K(13212096K), 0.6732331 secs] 63259883K->51517761K(187275712K), 0.6736603 secs] [Times: user=3.75 sys=1.57, real=0.67 secs] 
2018-04-14T06:30:24.319+0800: 104783.315: [GC (Allocation Failure) 2018-04-14T06:30:24.319+0800: 104783.315: [ParNew: 11885376K->109610K(13212096K), 0.5699695 secs] 63261889K->51493431K(187275712K), 0.5703981 secs] [Times: user=4.10 sys=0.43, real=0.57 secs] 
2018-04-14T06:30:42.446+0800: 104801.442: [GC (Allocation Failure) 2018-04-14T06:30:42.447+0800: 104801.443: [ParNew: 11853738K->124551K(13212096K), 0.6208310 secs] 63237559K->51519186K(187275712K), 0.6212497 secs] [Times: user=4.37 sys=0.57, real=0.62 secs] 
2018-04-14T06:30:58.267+0800: 104817.263: [GC (Allocation Failure) 2018-04-14T06:30:58.267+0800: 104817.263: [ParNew: 11868679K->160800K(13212096K), 0.7144519 secs] 63263314K->51561197K(187275712K), 0.7148882 secs] [Times: user=4.44 sys=1.20, real=0.72 secs] 
2018-04-14T06:31:18.720+0800: 104837.716: [GC (Allocation Failure) 2018-04-14T06:31:18.720+0800: 104837.716: [ParNew: 11904928K->122430K(13212096K), 0.5838078 secs] 63305325K->51530827K(187275712K), 0.5842263 secs] [Times: user=3.98 sys=0.65, real=0.59 secs] 
2018-04-14T06:32:00.604+0800: 104879.600: [GC (Allocation Failure) 2018-04-14T06:32:00.604+0800: 104879.600: [ParNew: 11866558K->84896K(13212096K), 0.5936382 secs] 63274955K->51499548K(187275712K), 0.5940653 secs] [Times: user=4.17 sys=0.54, real=0.59 secs] 
2018-04-14T06:32:19.393+0800: 104898.389: [GC (Allocation Failure) 2018-04-14T06:32:19.393+0800: 104898.389: [ParNew: 11829024K->64341K(13212096K), 0.6656402 secs] 63243676K->51481348K(187275712K), 0.6660820 secs] [Times: user=3.91 sys=1.35, real=0.66 secs] 
2018-04-14T06:32:28.954+0800: 104907.950: [GC (Allocation Failure) 2018-04-14T06:32:28.955+0800: 104907.951: [ParNew: 11808469K->70987K(13212096K), 0.5498043 secs] 63225476K->51491011K(187275712K), 0.5502189 secs] [Times: user=4.08 sys=0.30, real=0.55 secs] 
2018-04-14T06:32:44.387+0800: 104923.383: [GC (Allocation Failure) 2018-04-14T06:32:44.387+0800: 104923.383: [ParNew: 11815115K->67860K(13212096K), 0.5821314 secs] 63235139K->51492170K(187275712K), 0.5825601 secs] [Times: user=4.31 sys=0.33, real=0.58 secs] 
2018-04-14T06:34:05.870+0800: 105004.866: [GC (Allocation Failure) 2018-04-14T06:34:05.871+0800: 105004.867: [ParNew: 11811988K->58679K(13212096K), 0.9081240 secs] 63236298K->51486565K(187275712K), 0.9085537 secs] [Times: user=5.18 sys=2.03, real=0.91 secs] 
2018-04-14T06:34:26.399+0800: 105025.395: [GC (Allocation Failure) 2018-04-14T06:34:26.399+0800: 105025.395: [ParNew: 11802807K->51796K(13212096K), 0.5536004 secs] 63230693K->51483337K(187275712K), 0.5540208 secs] [Times: user=3.98 sys=0.43, real=0.56 secs] 
2018-04-14T06:34:43.034+0800: 105042.030: [GC (Allocation Failure) 2018-04-14T06:34:43.034+0800: 105042.031: [ParNew: 11795924K->61814K(13212096K), 0.6783326 secs] 63227465K->51500252K(187275712K), 0.6787685 secs] [Times: user=4.14 sys=1.21, real=0.68 secs] 
2018-04-14T06:35:03.748+0800: 105062.745: [GC (Allocation Failure) 2018-04-14T06:35:03.749+0800: 105062.745: [ParNew: 11805942K->65726K(13212096K), 0.5299117 secs] 63244380K->51508642K(187275712K), 0.5303328 secs] [Times: user=3.92 sys=0.30, real=0.53 secs] 
2018-04-14T06:35:24.427+0800: 105083.423: [GC (Allocation Failure) 2018-04-14T06:35:24.428+0800: 105083.424: [ParNew: 11809854K->72585K(13212096K), 0.5902363 secs] 63252770K->51516348K(187275712K), 0.5906505 secs] [Times: user=4.25 sys=0.43, real=0.59 secs] 
2018-04-14T06:35:45.774+0800: 105104.770: [GC (Allocation Failure) 2018-04-14T06:35:45.774+0800: 105104.770: [ParNew: 11816713K->101745K(13212096K), 0.6850191 secs] 63260476K->51546708K(187275712K), 0.6854486 secs] [Times: user=4.00 sys=1.42, real=0.68 secs] 
2018-04-14T06:36:03.539+0800: 105122.535: [GC (Allocation Failure) 2018-04-14T06:36:03.539+0800: 105122.535: [ParNew: 11845873K->105112K(13212096K), 0.5772985 secs] 63290836K->51556148K(187275712K), 0.5777294 secs] [Times: user=4.07 sys=0.52, real=0.58 secs] 
2018-04-14T06:36:17.768+0800: 105136.764: [GC (Allocation Failure) 2018-04-14T06:36:17.768+0800: 105136.764: [ParNew: 11849240K->69309K(13212096K), 0.5532569 secs] 63300276K->51522539K(187275712K), 0.5536903 secs] [Times: user=4.05 sys=0.35, real=0.56 secs] 
2018-04-14T06:36:32.745+0800: 105151.741: [GC (Allocation Failure) 2018-04-14T06:36:32.745+0800: 105151.741: [ParNew: 11813437K->69897K(13212096K), 0.6490470 secs] 63266667K->51525198K(187275712K), 0.6494735 secs] [Times: user=3.75 sys=1.38, real=0.65 secs] 
2018-04-14T06:36:52.326+0800: 105171.322: [GC (Allocation Failure) 2018-04-14T06:36:52.326+0800: 105171.322: [ParNew: 11814025K->108406K(13212096K), 0.5523323 secs] 63269326K->51566561K(187275712K), 0.5527534 secs] [Times: user=4.09 sys=0.30, real=0.55 secs] 
2018-04-14T06:37:02.749+0800: 105181.745: [GC (Allocation Failure) 2018-04-14T06:37:02.749+0800: 105181.745: [ParNew: 11852534K->119828K(13212096K), 0.5346514 secs] 63310689K->51581599K(187275712K), 0.5350632 secs] [Times: user=3.92 sys=0.32, real=0.54 secs] 
2018-04-14T06:37:23.379+0800: 105202.375: [GC (Allocation Failure) 2018-04-14T06:37:23.379+0800: 105202.375: [ParNew: 11863956K->119260K(13212096K), 0.5235971 secs] 63325727K->51583767K(187275712K), 0.5240228 secs] [Times: user=3.84 sys=0.33, real=0.53 secs] 
2018-04-14T06:37:39.062+0800: 105218.058: [GC (Allocation Failure) 2018-04-14T06:37:39.063+0800: 105218.059: [ParNew: 11863388K->148276K(13212096K), 0.6838702 secs] 63327895K->51614423K(187275712K), 0.6842969 secs] [Times: user=3.55 sys=1.84, real=0.68 secs] 
2018-04-14T06:37:54.163+0800: 105233.159: [GC (Allocation Failure) 2018-04-14T06:37:54.163+0800: 105233.159: [ParNew: 11892404K->120511K(13212096K), 0.6387464 secs] 63358551K->51588178K(187275712K), 0.6391784 secs] [Times: user=4.38 sys=0.72, real=0.64 secs] 
2018-04-14T06:38:04.237+0800: 105243.233: [GC (Allocation Failure) 2018-04-14T06:38:04.237+0800: 105243.233: [ParNew: 11864639K->118951K(13212096K), 0.5444912 secs] 63332306K->51591540K(187275712K), 0.5448991 secs] [Times: user=4.01 sys=0.31, real=0.55 secs] 
2018-04-14T06:38:13.205+0800: 105252.201: [GC (Allocation Failure) 2018-04-14T06:38:13.205+0800: 105252.201: [ParNew: 11863079K->59619K(13212096K), 0.4876831 secs] 63335668K->51535122K(187275712K), 0.4881036 secs] [Times: user=3.72 sys=0.16, real=0.49 secs] 
2018-04-14T06:38:22.986+0800: 105261.982: [GC (Allocation Failure) 2018-04-14T06:38:22.986+0800: 105261.982: [ParNew: 11803747K->46192K(13212096K), 0.6471622 secs] 63279250K->51523251K(187275712K), 0.6475863 secs] [Times: user=3.57 sys=1.55, real=0.65 secs] 
2018-04-14T06:38:38.407+0800: 105277.403: [GC (Allocation Failure) 2018-04-14T06:38:38.407+0800: 105277.403: [ParNew: 11790320K->74673K(13212096K), 0.4895635 secs] 63267379K->51554229K(187275712K), 0.4899846 secs] [Times: user=3.65 sys=0.25, real=0.49 secs] 
2018-04-14T06:38:53.582+0800: 105292.578: [GC (Allocation Failure) 2018-04-14T06:38:53.582+0800: 105292.578: [ParNew: 11818801K->100657K(13212096K), 0.6285703 secs] 63298357K->51581803K(187275712K), 0.6289854 secs] [Times: user=4.49 sys=0.51, real=0.62 secs] 
2018-04-14T06:39:06.349+0800: 105305.345: [GC (Allocation Failure) 2018-04-14T06:39:06.349+0800: 105305.345: [ParNew: 11844785K->95153K(13212096K), 0.5141753 secs] 63325931K->51578518K(187275712K), 0.5145892 secs] [Times: user=3.96 sys=0.13, real=0.52 secs] 
2018-04-14T06:39:42.921+0800: 105341.917: [GC (Allocation Failure) 2018-04-14T06:39:42.921+0800: 105341.917: [ParNew: 11839281K->48424K(13212096K), 0.7199032 secs] 63322646K->51532970K(187275712K), 0.7203201 secs] [Times: user=4.11 sys=1.58, real=0.72 secs] 
2018-04-14T06:39:56.810+0800: 105355.806: [GC (Allocation Failure) 2018-04-14T06:39:56.810+0800: 105355.806: [ParNew: 11792552K->48783K(13212096K), 0.5432454 secs] 63277098K->51534164K(187275712K), 0.5436664 secs] [Times: user=3.97 sys=0.36, real=0.55 secs] 
2018-04-14T06:40:27.919+0800: 105386.915: [GC (Allocation Failure) 2018-04-14T06:40:27.919+0800: 105386.915: [ParNew: 11792911K->70068K(13212096K), 0.6798195 secs] 63278292K->51556329K(187275712K), 0.6802538 secs] [Times: user=3.77 sys=1.60, real=0.68 secs] 
2018-04-14T06:41:41.700+0800: 105460.696: [GC (Allocation Failure) 2018-04-14T06:41:41.700+0800: 105460.696: [ParNew: 11814196K->71397K(13212096K), 0.8451433 secs] 63300457K->51560712K(187275712K), 0.8455736 secs] [Times: user=5.09 sys=1.64, real=0.85 secs] 
2018-04-14T06:43:34.138+0800: 105573.134: [GC (Allocation Failure) 2018-04-14T06:43:34.139+0800: 105573.135: [ParNew: 11815525K->82557K(13212096K), 0.9391626 secs] 63304840K->51574535K(187275712K), 0.9395970 secs] [Times: user=5.59 sys=1.84, real=0.94 secs] 
2018-04-14T06:44:34.367+0800: 105633.363: [GC (Allocation Failure) 2018-04-14T06:44:34.367+0800: 105633.363: [ParNew: 11826685K->72548K(13212096K), 0.5685598 secs] 63318663K->51566379K(187275712K), 0.5689872 secs] [Times: user=3.79 sys=0.73, real=0.57 secs] 
2018-04-14T06:45:01.084+0800: 105660.080: [GC (Allocation Failure) 2018-04-14T06:45:01.084+0800: 105660.080: [ParNew: 11816676K->92881K(13212096K), 0.7000826 secs] 63310507K->51590897K(187275712K), 0.7005280 secs] [Times: user=4.34 sys=1.20, real=0.70 secs] 
2018-04-14T06:45:12.462+0800: 105671.458: [GC (Allocation Failure) 2018-04-14T06:45:12.463+0800: 105671.459: [ParNew: 11837009K->85385K(13212096K), 0.5238432 secs] 63335025K->51584716K(187275712K), 0.5242622 secs] [Times: user=3.94 sys=0.24, real=0.52 secs] 
2018-04-14T06:45:28.846+0800: 105687.842: [GC (Allocation Failure) 2018-04-14T06:45:28.846+0800: 105687.842: [ParNew: 11829513K->92375K(13212096K), 0.5942530 secs] 63328844K->51596082K(187275712K), 0.5946721 secs] [Times: user=4.19 sys=0.54, real=0.59 secs] 
2018-04-14T06:45:58.914+0800: 105717.910: [GC (Allocation Failure) 2018-04-14T06:45:58.914+0800: 105717.911: [ParNew: 11836503K->63348K(13212096K), 0.5198678 secs] 63340210K->51577369K(187275712K), 0.5202950 secs] [Times: user=3.74 sys=0.38, real=0.52 secs] 
2018-04-14T06:46:10.171+0800: 105729.167: [GC (Allocation Failure) 2018-04-14T06:46:10.171+0800: 105729.167: [ParNew: 11807476K->65712K(13212096K), 0.6442807 secs] 63321497K->51587167K(187275712K), 0.6447040 secs] [Times: user=3.94 sys=1.16, real=0.65 secs] 
2018-04-14T06:46:26.855+0800: 105745.851: [GC (Allocation Failure) 2018-04-14T06:46:26.855+0800: 105745.851: [ParNew: 11809840K->62982K(13212096K), 0.5528424 secs] 63331295K->51591449K(187275712K), 0.5532832 secs] [Times: user=3.94 sys=0.46, real=0.55 secs] 
2018-04-14T06:46:38.158+0800: 105757.154: [GC (Allocation Failure) 2018-04-14T06:46:38.158+0800: 105757.154: [ParNew: 11807110K->47282K(13212096K), 0.5147188 secs] 63335577K->51580364K(187275712K), 0.5151282 secs] [Times: user=3.81 sys=0.28, real=0.52 secs] 
2018-04-14T06:46:47.674+0800: 105766.670: [GC (Allocation Failure) 2018-04-14T06:46:47.674+0800: 105766.670: [ParNew: 11791410K->41739K(13212096K), 0.4468153 secs] 63324492K->51577687K(187275712K), 0.4472416 secs] [Times: user=3.55 sys=0.00, real=0.45 secs] 
2018-04-14T06:47:01.441+0800: 105780.437: [GC (Allocation Failure) 2018-04-14T06:47:01.441+0800: 105780.437: [ParNew: 11785867K->41686K(13212096K), 0.7122251 secs] 63321815K->51578999K(187275712K), 0.7126530 secs] [Times: user=4.32 sys=1.32, real=0.72 secs] 
2018-04-14T06:47:26.204+0800: 105805.200: [GC (Allocation Failure) 2018-04-14T06:47:26.205+0800: 105805.201: [ParNew: 11785814K->35556K(13212096K), 0.5786664 secs] 63323127K->51574856K(187275712K), 0.5790908 secs] [Times: user=3.95 sys=0.66, real=0.58 secs] 
2018-04-14T06:47:40.348+0800: 105819.344: [GC (Allocation Failure) 2018-04-14T06:47:40.348+0800: 105819.344: [ParNew: 11779684K->32042K(13212096K), 0.5064125 secs] 63318984K->51573104K(187275712K), 0.5068369 secs] [Times: user=3.88 sys=0.15, real=0.51 secs] 
2018-04-14T06:48:04.008+0800: 105843.004: [GC (Allocation Failure) 2018-04-14T06:48:04.008+0800: 105843.004: [ParNew: 11776170K->31104K(13212096K), 0.6799405 secs] 63317232K->51572850K(187275712K), 0.6803671 secs] [Times: user=3.75 sys=1.63, real=0.68 secs] 
2018-04-14T06:48:46.698+0800: 105885.694: [GC (Allocation Failure) 2018-04-14T06:48:46.698+0800: 105885.694: [ParNew: 11775232K->54324K(13212096K), 0.5614317 secs] 63316978K->51596257K(187275712K), 0.5618543 secs] [Times: user=3.80 sys=0.67, real=0.56 secs] 
2018-04-14T06:49:02.190+0800: 105901.186: [GC (Allocation Failure) 2018-04-14T06:49:02.191+0800: 105901.187: [ParNew: 11798452K->89688K(13212096K), 0.6684196 secs] 63340385K->51631938K(187275712K), 0.6688492 secs] [Times: user=3.70 sys=1.59, real=0.67 secs] 
2018-04-14T06:49:10.044+0800: 105909.040: [GC (Allocation Failure) 2018-04-14T06:49:10.045+0800: 105909.041: [ParNew: 11833816K->124759K(13212096K), 0.4905002 secs] 63376066K->51667829K(187275712K), 0.4909159 secs] [Times: user=3.77 sys=0.13, real=0.49 secs] 
2018-04-14T06:49:18.026+0800: 105917.022: [GC (Allocation Failure) 2018-04-14T06:49:18.026+0800: 105917.022: [ParNew: 11868887K->127370K(13212096K), 0.5633808 secs] 63411957K->51671403K(187275712K), 0.5637996 secs] [Times: user=4.18 sys=0.32, real=0.56 secs] 
2018-04-14T06:49:26.190+0800: 105925.186: [GC (Allocation Failure) 2018-04-14T06:49:26.190+0800: 105925.186: [ParNew: 11871498K->133481K(13212096K), 0.5225943 secs] 63415531K->51678344K(187275712K), 0.5230034 secs] [Times: user=3.93 sys=0.22, real=0.53 secs] 
2018-04-14T06:49:35.227+0800: 105934.223: [GC (Allocation Failure) 2018-04-14T06:49:35.228+0800: 105934.224: [ParNew: 11877609K->93897K(13212096K), 0.4998627 secs] 63422472K->51640546K(187275712K), 0.5002715 secs] [Times: user=3.78 sys=0.19, real=0.50 secs] 
2018-04-14T06:49:53.649+0800: 105952.645: [GC (Allocation Failure) 2018-04-14T06:49:53.649+0800: 105952.645: [ParNew: 11838025K->60986K(13212096K), 0.6732087 secs] 63384674K->51612747K(187275712K), 0.6736504 secs] [Times: user=3.75 sys=1.56, real=0.68 secs] 
2018-04-14T06:50:08.966+0800: 105967.962: [GC (Allocation Failure) 2018-04-14T06:50:08.966+0800: 105967.962: [ParNew: 11805114K->73614K(13212096K), 0.5253608 secs] 63356875K->51629438K(187275712K), 0.5257754 secs] [Times: user=3.71 sys=0.47, real=0.53 secs] 
2018-04-14T06:50:38.307+0800: 105997.303: [GC (Allocation Failure) 2018-04-14T06:50:38.307+0800: 105997.303: [ParNew: 11817742K->57032K(13212096K), 0.7109131 secs] 63373566K->51613424K(187275712K), 0.7113468 secs] [Times: user=3.84 sys=1.77, real=0.71 secs] 
2018-04-14T06:50:47.035+0800: 106006.031: [GC (Allocation Failure) 2018-04-14T06:50:47.035+0800: 106006.031: [ParNew: 11801160K->53740K(13212096K), 0.4887606 secs] 63357552K->51610912K(187275712K), 0.4891839 secs] [Times: user=3.75 sys=0.15, real=0.49 secs] 
2018-04-14T06:50:53.351+0800: 106012.347: [GC (Allocation Failure) 2018-04-14T06:50:53.351+0800: 106012.347: [ParNew: 11797868K->55275K(13212096K), 0.4794002 secs] 63355040K->51612980K(187275712K), 0.4798318 secs] [Times: user=3.61 sys=0.20, real=0.48 secs] 
2018-04-14T06:51:00.867+0800: 106019.863: [GC (Allocation Failure) 2018-04-14T06:51:00.867+0800: 106019.863: [ParNew: 11799403K->68988K(13212096K), 0.5023776 secs] 63357108K->51628741K(187275712K), 0.5027933 secs] [Times: user=3.77 sys=0.23, real=0.50 secs] 
2018-04-14T06:51:08.826+0800: 106027.822: [GC (Allocation Failure) 2018-04-14T06:51:08.826+0800: 106027.822: [ParNew: 11813116K->76693K(13212096K), 0.4993807 secs] 63372869K->51638127K(187275712K), 0.4998090 secs] [Times: user=3.75 sys=0.23, real=0.50 secs] 
2018-04-14T06:51:19.333+0800: 106038.330: [GC (Allocation Failure) 2018-04-14T06:51:19.334+0800: 106038.330: [ParNew: 11820821K->86112K(13212096K), 0.6375433 secs] 63382255K->51649627K(187275712K), 0.6379799 secs] [Times: user=3.90 sys=1.13, real=0.64 secs] 
2018-04-14T06:51:27.400+0800: 106046.396: [GC (Allocation Failure) 2018-04-14T06:51:27.400+0800: 106046.396: [ParNew: 11830240K->71271K(13212096K), 0.4996262 secs] 63393755K->51639293K(187275712K), 0.5000473 secs] [Times: user=3.95 sys=0.01, real=0.50 secs] 
2018-04-14T06:51:34.799+0800: 106053.795: [GC (Allocation Failure) 2018-04-14T06:51:34.799+0800: 106053.795: [ParNew: 11815399K->48055K(13212096K), 0.5010036 secs] 63383421K->51617253K(187275712K), 0.5014207 secs] [Times: user=3.71 sys=0.29, real=0.50 secs] 
2018-04-14T06:51:44.970+0800: 106063.966: [GC (Allocation Failure) 2018-04-14T06:51:44.970+0800: 106063.966: [ParNew: 11792183K->50846K(13212096K), 0.5411653 secs] 63361381K->51625036K(187275712K), 0.5415902 secs] [Times: user=3.96 sys=0.34, real=0.55 secs] 
2018-04-14T06:52:02.379+0800: 106081.375: [GC (Allocation Failure) 2018-04-14T06:52:02.380+0800: 106081.376: [ParNew: 11794974K->39243K(13212096K), 0.5609299 secs] 63369164K->51614796K(187275712K), 0.5613605 secs] [Times: user=4.13 sys=0.34, real=0.56 secs] 
2018-04-14T06:52:19.328+0800: 106098.324: [GC (Allocation Failure) 2018-04-14T06:52:19.328+0800: 106098.324: [ParNew: 11783371K->29533K(13212096K), 0.6384499 secs] 63358924K->51606275K(187275712K), 0.6388906 secs] [Times: user=3.79 sys=1.27, real=0.64 secs] 
2018-04-14T06:52:33.353+0800: 106112.349: [GC (Allocation Failure) 2018-04-14T06:52:33.353+0800: 106112.349: [ParNew: 11773661K->33256K(13212096K), 0.5015267 secs] 63350403K->51610932K(187275712K), 0.5019489 secs] [Times: user=3.66 sys=0.34, real=0.50 secs] 
2018-04-14T06:52:51.475+0800: 106130.471: [GC (Allocation Failure) 2018-04-14T06:52:51.475+0800: 106130.471: [ParNew: 11777384K->41766K(13212096K), 0.5851491 secs] 63355060K->51620243K(187275712K), 0.5855748 secs] [Times: user=4.17 sys=0.49, real=0.58 secs] 
2018-04-14T06:53:38.952+0800: 106177.948: [GC (Allocation Failure) 2018-04-14T06:53:38.952+0800: 106177.948: [ParNew: 11784716K->50727K(13212096K), 0.8249540 secs] 63363193K->51629730K(187275712K), 0.8253988 secs] [Times: user=4.46 sys=2.07, real=0.82 secs] 
2018-04-14T06:53:56.398+0800: 106195.394: [GC (Allocation Failure) 2018-04-14T06:53:56.398+0800: 106195.394: [ParNew: 11794855K->43313K(13212096K), 0.5403856 secs] 63373858K->51623277K(187275712K), 0.5408251 secs] [Times: user=3.81 sys=0.50, real=0.54 secs] 
2018-04-14T06:54:06.231+0800: 106205.227: [GC (Allocation Failure) 2018-04-14T06:54:06.231+0800: 106205.227: [ParNew: 11787441K->53902K(13212096K), 0.4767898 secs] 63367405K->51634918K(187275712K), 0.4772211 secs] [Times: user=3.72 sys=0.08, real=0.48 secs] 
2018-04-14T06:55:25.169+0800: 106284.165: [GC (Allocation Failure) 2018-04-14T06:55:25.170+0800: 106284.166: [ParNew: 11798030K->45271K(13212096K), 0.7374372 secs] 63379046K->51627149K(187275712K), 0.7378682 secs] [Times: user=4.04 sys=1.81, real=0.74 secs] 
2018-04-14T06:57:10.577+0800: 106389.573: [GC (Allocation Failure) 2018-04-14T06:57:10.577+0800: 106389.573: [ParNew: 11789399K->64517K(13212096K), 0.9107537 secs] 63371277K->51646974K(187275712K), 0.9111968 secs] [Times: user=5.31 sys=1.91, real=0.91 secs] 
2018-04-14T06:57:36.219+0800: 106415.215: [GC (Allocation Failure) 2018-04-14T06:57:36.219+0800: 106415.215: [ParNew: 11808645K->99215K(13212096K), 0.6000594 secs] 63391102K->51682600K(187275712K), 0.6004973 secs] [Times: user=4.30 sys=0.47, real=0.60 secs] 
2018-04-14T06:58:29.858+0800: 106468.854: [GC (Allocation Failure) 2018-04-14T06:58:29.858+0800: 106468.854: [ParNew: 11843343K->90799K(13212096K), 0.7748625 secs] 63426728K->51676618K(187275712K), 0.7753038 secs] [Times: user=4.56 sys=1.58, real=0.78 secs] 
2018-04-14T06:59:48.140+0800: 106547.136: [GC (Allocation Failure) 2018-04-14T06:59:48.140+0800: 106547.137: [ParNew: 11834927K->78725K(13212096K), 0.6971826 secs] 63420746K->51665364K(187275712K), 0.6976146 secs] [Times: user=4.79 sys=0.75, real=0.70 secs] 
2018-04-14T07:00:46.640+0800: 106605.636: [GC (Allocation Failure) 2018-04-14T07:00:46.640+0800: 106605.636: [ParNew: 11822853K->57170K(13212096K), 0.7068047 secs] 63409492K->51644451K(187275712K), 0.7072494 secs] [Times: user=4.34 sys=1.26, real=0.71 secs] 
2018-04-14T07:01:32.669+0800: 106651.665: [GC (Allocation Failure) 2018-04-14T07:01:32.669+0800: 106651.665: [ParNew: 11801298K->75870K(13212096K), 0.7236452 secs] 63388579K->51665554K(187275712K), 0.7240673 secs] [Times: user=4.48 sys=1.28, real=0.73 secs] 
2018-04-14T07:02:33.713+0800: 106712.709: [GC (Allocation Failure) 2018-04-14T07:02:33.713+0800: 106712.709: [ParNew: 11819998K->97133K(13212096K), 0.7412779 secs] 63409682K->51696487K(187275712K), 0.7417152 secs] [Times: user=4.54 sys=1.32, real=0.74 secs] 
2018-04-14T07:02:54.298+0800: 106733.294: [GC (Allocation Failure) 2018-04-14T07:02:54.298+0800: 106733.294: [ParNew: 11841261K->81726K(13212096K), 0.6240619 secs] 63440615K->51682736K(187275712K), 0.6244806 secs] [Times: user=4.49 sys=0.48, real=0.63 secs] 
2018-04-14T07:03:14.737+0800: 106753.733: [GC (Allocation Failure) 2018-04-14T07:03:14.737+0800: 106753.733: [ParNew: 11825854K->82458K(13212096K), 0.5992941 secs] 63426864K->51686027K(187275712K), 0.5997195 secs] [Times: user=4.37 sys=0.39, real=0.60 secs] 
2018-04-14T07:03:21.772+0800: 106760.768: [GC (Allocation Failure) 2018-04-14T07:03:21.772+0800: 106760.768: [ParNew: 11826586K->78653K(13212096K), 0.4935804 secs] 63430155K->51689840K(187275712K), 0.4940074 secs] [Times: user=3.88 sys=0.03, real=0.49 secs] 
2018-04-14T07:03:57.058+0800: 106796.054: [GC (Allocation Failure) 2018-04-14T07:03:57.058+0800: 106796.054: [ParNew: 11822781K->75312K(13212096K), 0.7189751 secs] 63433968K->51688931K(187275712K), 0.7194123 secs] [Times: user=4.15 sys=1.54, real=0.72 secs] 
2018-04-14T07:04:23.340+0800: 106822.336: [GC (Allocation Failure) 2018-04-14T07:04:23.340+0800: 106822.336: [ParNew: 11819440K->81070K(13212096K), 0.6519154 secs] 63433059K->51699165K(187275712K), 0.6523468 secs] [Times: user=4.30 sys=0.90, real=0.66 secs] 
2018-04-14T07:04:48.679+0800: 106847.675: [GC (Allocation Failure) 2018-04-14T07:04:48.679+0800: 106847.675: [ParNew: 11825198K->53484K(13212096K), 0.6714388 secs] 63443293K->51679482K(187275712K), 0.6718789 secs] [Times: user=3.83 sys=1.47, real=0.67 secs] 
2018-04-14T07:05:01.467+0800: 106860.463: [GC (Allocation Failure) 2018-04-14T07:05:01.467+0800: 106860.463: [ParNew: 11797612K->59519K(13212096K), 0.4659401 secs] 63423610K->51689098K(187275712K), 0.4663600 secs] [Times: user=3.56 sys=0.15, real=0.47 secs] 
2018-04-14T07:05:23.276+0800: 106882.273: [GC (Allocation Failure) 2018-04-14T07:05:23.277+0800: 106882.273: [ParNew: 11803647K->51898K(13212096K), 0.5840157 secs] 63433226K->51684087K(187275712K), 0.5844406 secs] [Times: user=4.05 sys=0.60, real=0.58 secs] 
2018-04-14T07:05:47.030+0800: 106906.026: [GC (Allocation Failure) 2018-04-14T07:05:47.030+0800: 106906.026: [ParNew: 11796026K->51903K(13212096K), 0.4958472 secs] 63428215K->51685176K(187275712K), 0.4962677 secs] [Times: user=3.59 sys=0.36, real=0.50 secs] 
2018-04-14T07:06:59.922+0800: 106978.918: [GC (Allocation Failure) 2018-04-14T07:06:59.923+0800: 106978.919: [ParNew: 11796031K->36916K(13212096K), 0.9431524 secs] 63429304K->51673880K(187275712K), 0.9435754 secs] [Times: user=5.02 sys=2.47, real=0.94 secs] 
2018-04-14T07:07:42.454+0800: 107021.450: [GC (Allocation Failure) 2018-04-14T07:07:42.454+0800: 107021.450: [ParNew: 11781044K->40524K(13212096K), 0.6986488 secs] 63418008K->51680100K(187275712K), 0.6990897 secs] [Times: user=3.71 sys=1.81, real=0.70 secs] 
2018-04-14T07:08:25.525+0800: 107064.521: [GC (Allocation Failure) 2018-04-14T07:08:25.525+0800: 107064.521: [ParNew: 11784652K->68448K(13212096K), 0.7822204 secs] 63424228K->51710074K(187275712K), 0.7826352 secs] [Times: user=5.01 sys=1.24, real=0.78 secs] 
2018-04-14T07:08:51.498+0800: 107090.494: [GC (Allocation Failure) 2018-04-14T07:08:51.498+0800: 107090.494: [ParNew: 11812576K->71010K(13212096K), 0.5075534 secs] 63454202K->51713557K(187275712K), 0.5079831 secs] [Times: user=3.71 sys=0.33, real=0.51 secs] 
2018-04-14T07:09:01.329+0800: 107100.325: [GC (Allocation Failure) 2018-04-14T07:09:01.329+0800: 107100.326: [ParNew: 11815138K->71400K(13212096K), 0.6453666 secs] 63457685K->51715960K(187275712K), 0.6457991 secs] [Times: user=3.56 sys=1.54, real=0.65 secs] 
2018-04-14T07:09:13.396+0800: 107112.392: [GC (Allocation Failure) 2018-04-14T07:09:13.397+0800: 107112.393: [ParNew: 11815528K->83233K(13212096K), 0.4778916 secs] 63460088K->51728278K(187275712K), 0.4783051 secs] [Times: user=3.59 sys=0.22, real=0.48 secs] 
2018-04-14T07:09:26.181+0800: 107125.177: [GC (Allocation Failure) 2018-04-14T07:09:26.181+0800: 107125.177: [ParNew: 11827361K->90268K(13212096K), 0.5215747 secs] 63472406K->51737306K(187275712K), 0.5220004 secs] [Times: user=3.84 sys=0.31, real=0.53 secs] 
2018-04-14T07:09:39.822+0800: 107138.818: [GC (Allocation Failure) 2018-04-14T07:09:39.822+0800: 107138.818: [ParNew: 11834396K->76886K(13212096K), 0.5072391 secs] 63481434K->51727412K(187275712K), 0.5076600 secs] [Times: user=3.77 sys=0.26, real=0.50 secs] 
2018-04-14T07:09:48.675+0800: 107147.671: [GC (Allocation Failure) 2018-04-14T07:09:48.676+0800: 107147.672: [ParNew: 11821014K->59817K(13212096K), 0.6516351 secs] 63471540K->51732752K(187275712K), 0.6520645 secs] [Times: user=3.51 sys=1.58, real=0.65 secs] 
2018-04-14T07:10:06.120+0800: 107165.116: [GC (Allocation Failure) 2018-04-14T07:10:06.121+0800: 107165.117: [ParNew: 11803945K->42123K(13212096K), 0.5862426 secs] 63476880K->51718652K(187275712K), 0.5866557 secs] [Times: user=4.16 sys=0.51, real=0.59 secs] 
2018-04-14T07:10:16.045+0800: 107175.041: [GC (Allocation Failure) 2018-04-14T07:10:16.045+0800: 107175.042: [ParNew: 11786251K->44395K(13212096K), 0.5097932 secs] 63462780K->51727217K(187275712K), 0.5102104 secs] [Times: user=3.74 sys=0.31, real=0.51 secs] 
2018-04-14T07:10:25.725+0800: 107184.721: [GC (Allocation Failure) 2018-04-14T07:10:25.725+0800: 107184.721: [ParNew: 11788523K->40648K(13212096K), 0.4954137 secs] 63471345K->51725857K(187275712K), 0.4958214 secs] [Times: user=3.68 sys=0.26, real=0.49 secs] 
2018-04-14T07:10:37.628+0800: 107196.624: [GC (Allocation Failure) 2018-04-14T07:10:37.628+0800: 107196.624: [ParNew: 11784776K->34605K(13212096K), 0.6546575 secs] 63469985K->51722611K(187275712K), 0.6550760 secs] [Times: user=3.57 sys=1.59, real=0.66 secs] 
2018-04-14T07:10:48.777+0800: 107207.773: [GC (Allocation Failure) 2018-04-14T07:10:48.777+0800: 107207.773: [ParNew: 11778733K->35377K(13212096K), 0.4880247 secs] 63466739K->51725016K(187275712K), 0.4884520 secs] [Times: user=3.65 sys=0.23, real=0.49 secs] 
2018-04-14T07:11:03.510+0800: 107222.506: [GC (Allocation Failure) 2018-04-14T07:11:03.511+0800: 107222.507: [ParNew: 11779505K->35963K(13212096K), 0.4909326 secs] 63469144K->51727011K(187275712K), 0.4913460 secs] [Times: user=3.52 sys=0.39, real=0.50 secs] 
2018-04-14T07:11:20.970+0800: 107239.966: [GC (Allocation Failure) 2018-04-14T07:11:20.970+0800: 107239.966: [ParNew: 11780091K->32528K(13212096K), 0.5685183 secs] 63471139K->51725484K(187275712K), 0.5689402 secs] [Times: user=4.14 sys=0.39, real=0.57 secs] 
2018-04-14T07:12:01.765+0800: 107280.762: [GC (Allocation Failure) 2018-04-14T07:12:01.766+0800: 107280.762: [ParNew: 11776656K->24598K(13212096K), 0.6901706 secs] 63469612K->51718588K(187275712K), 0.6905946 secs] [Times: user=3.90 sys=1.55, real=0.69 secs] 
2018-04-14T07:12:16.336+0800: 107295.332: [GC (Allocation Failure) 2018-04-14T07:12:16.336+0800: 107295.332: [ParNew: 11768726K->27161K(13212096K), 0.4898555 secs] 63462716K->51722049K(187275712K), 0.4902675 secs] [Times: user=3.54 sys=0.36, real=0.49 secs] 
2018-04-14T07:12:44.157+0800: 107323.153: [GC (Allocation Failure) 2018-04-14T07:12:44.157+0800: 107323.153: [ParNew: 11771289K->26825K(13212096K), 0.6956878 secs] 63466177K->51722057K(187275712K), 0.6961123 secs] [Times: user=3.76 sys=1.74, real=0.70 secs] 
2018-04-14T07:13:33.788+0800: 107372.784: [GC (Allocation Failure) 2018-04-14T07:13:33.789+0800: 107372.785: [ParNew: 11770953K->85363K(13212096K), 0.5728896 secs] 63466185K->51780958K(187275712K), 0.5733145 secs] [Times: user=4.07 sys=0.48, real=0.58 secs] 
2018-04-14T07:13:45.292+0800: 107384.288: [GC (Allocation Failure) 2018-04-14T07:13:45.293+0800: 107384.289: [ParNew: 11829491K->184626K(13212096K), 0.5535882 secs] 63525086K->51880845K(187275712K), 0.5540062 secs] [Times: user=4.16 sys=0.25, real=0.55 secs] 
2018-04-14T07:14:01.059+0800: 107400.055: [GC (Allocation Failure) 2018-04-14T07:14:01.059+0800: 107400.055: [ParNew: 11928754K->228984K(13212096K), 0.5413438 secs] 63624973K->51926100K(187275712K), 0.5417609 secs] [Times: user=4.18 sys=0.13, real=0.54 secs] 
2018-04-14T07:14:15.919+0800: 107414.915: [GC (Allocation Failure) 2018-04-14T07:14:15.919+0800: 107414.915: [ParNew: 11973112K->248281K(13212096K), 0.7522865 secs] 63670228K->51946673K(187275712K), 0.7527063 secs] [Times: user=4.48 sys=1.46, real=0.76 secs] 
2018-04-14T07:14:32.098+0800: 107431.094: [GC (Allocation Failure) 2018-04-14T07:14:32.098+0800: 107431.094: [ParNew: 11992409K->250441K(13212096K), 0.6013266 secs] 63690801K->51949255K(187275712K), 0.6017423 secs] [Times: user=4.40 sys=0.38, real=0.60 secs] 
2018-04-14T07:14:54.729+0800: 107453.725: [GC (Allocation Failure) 2018-04-14T07:14:54.729+0800: 107453.725: [ParNew: 11994569K->264780K(13212096K), 0.6820411 secs] 63693383K->51964847K(187275712K), 0.6824705 secs] [Times: user=4.83 sys=0.60, real=0.69 secs] 
2018-04-14T07:15:15.958+0800: 107474.954: [GC (Allocation Failure) 2018-04-14T07:15:15.958+0800: 107474.954: [ParNew: 12008908K->191599K(13212096K), 0.6053137 secs] 63708975K->51899890K(187275712K), 0.6057337 secs] [Times: user=4.13 sys=0.66, real=0.61 secs] 
2018-04-14T07:15:26.563+0800: 107485.559: [GC (Allocation Failure) 2018-04-14T07:15:26.563+0800: 107485.559: [ParNew: 11935727K->144088K(13212096K), 0.5364071 secs] 63644018K->51866273K(187275712K), 0.5368333 secs] [Times: user=4.01 sys=0.25, real=0.53 secs] 
2018-04-14T07:15:52.639+0800: 107511.635: [GC (Allocation Failure) 2018-04-14T07:15:52.639+0800: 107511.635: [ParNew: 11888216K->153556K(13212096K), 0.5619945 secs] 63610401K->51889463K(187275712K), 0.5624098 secs] [Times: user=4.13 sys=0.33, real=0.56 secs] 
2018-04-14T07:17:35.528+0800: 107614.524: [GC (Allocation Failure) 2018-04-14T07:17:35.528+0800: 107614.525: [ParNew: 11897684K->125910K(13212096K), 1.0934851 secs] 63633591K->51884188K(187275712K), 1.0939107 secs] [Times: user=5.63 sys=3.04, real=1.10 secs] 
2018-04-14T07:17:48.329+0800: 107627.325: [GC (Allocation Failure) 2018-04-14T07:17:48.329+0800: 107627.325: [ParNew: 11870038K->89666K(13212096K), 0.5803911 secs] 63628316K->51870217K(187275712K), 0.5807975 secs] [Times: user=4.26 sys=0.32, real=0.58 secs] 
2018-04-14T07:18:01.200+0800: 107640.197: [GC (Allocation Failure) 2018-04-14T07:18:01.201+0800: 107640.197: [ParNew: 11833794K->70086K(13212096K), 0.6594882 secs] 63614345K->51867686K(187275712K), 0.6599142 secs] [Times: user=3.93 sys=1.28, real=0.66 secs] 
2018-04-14T07:18:27.578+0800: 107666.574: [GC (Allocation Failure) 2018-04-14T07:18:27.578+0800: 107666.574: [ParNew: 11814214K->89609K(13212096K), 0.6531582 secs] 63611814K->51888005K(187275712K), 0.6535714 secs] [Times: user=4.25 sys=0.96, real=0.66 secs] 
2018-04-14T07:18:43.905+0800: 107682.901: [GC (Allocation Failure) 2018-04-14T07:18:43.905+0800: 107682.901: [ParNew: 11833737K->98287K(13212096K), 0.6395918 secs] 63632133K->51897121K(187275712K), 0.6399993 secs] [Times: user=4.62 sys=0.49, real=0.64 secs] 
2018-04-14T07:19:39.915+0800: 107738.911: [GC (Allocation Failure) 2018-04-14T07:19:39.915+0800: 107738.911: [ParNew: 11842415K->76921K(13212096K), 0.8601861 secs] 63641249K->51882649K(187275712K), 0.8606062 secs] [Times: user=4.68 sys=2.12, real=0.86 secs] 
2018-04-14T07:20:29.077+0800: 107788.073: [GC (Allocation Failure) 2018-04-14T07:20:29.077+0800: 107788.074: [ParNew: 11821049K->82199K(13212096K), 0.7618834 secs] 63626777K->51897709K(187275712K), 0.7623219 secs] [Times: user=4.27 sys=1.74, real=0.76 secs] 
2018-04-14T07:20:42.804+0800: 107801.800: [GC (Allocation Failure) 2018-04-14T07:20:42.804+0800: 107801.800: [ParNew: 11826327K->80536K(13212096K), 0.4620090 secs] 63641837K->51898103K(187275712K), 0.4624256 secs] [Times: user=3.63 sys=0.04, real=0.46 secs] 
2018-04-14T07:20:51.179+0800: 107810.175: [GC (Allocation Failure) 2018-04-14T07:20:51.180+0800: 107810.176: [ParNew: 11824659K->93683K(13212096K), 0.5011002 secs] 63642225K->51913335K(187275712K), 0.5015154 secs] [Times: user=3.73 sys=0.26, real=0.50 secs] 
2018-04-14T07:20:58.140+0800: 107817.136: [GC (Allocation Failure) 2018-04-14T07:20:58.140+0800: 107817.136: [ParNew: 11837811K->88670K(13212096K), 0.4909364 secs] 63657463K->51911892K(187275712K), 0.4913536 secs] [Times: user=3.68 sys=0.22, real=0.49 secs] 
2018-04-14T07:21:05.512+0800: 107824.508: [GC (Allocation Failure) 2018-04-14T07:21:05.512+0800: 107824.508: [ParNew: 11832798K->90350K(13212096K), 0.5410799 secs] 63656020K->51915452K(187275712K), 0.5415049 secs] [Times: user=4.05 sys=0.25, real=0.54 secs] 
2018-04-14T07:21:11.498+0800: 107830.494: [GC (Allocation Failure) 2018-04-14T07:21:11.498+0800: 107830.494: [ParNew: 11834478K->79920K(13212096K), 0.4600119 secs] 63659580K->51914871K(187275712K), 0.4604341 secs] [Times: user=3.62 sys=0.03, real=0.46 secs] 
2018-04-14T07:21:19.006+0800: 107838.003: [GC (Allocation Failure) 2018-04-14T07:21:19.007+0800: 107838.003: [ParNew: 11824048K->59981K(13212096K), 0.6579504 secs] 63658999K->51909765K(187275712K), 0.6584009 secs] [Times: user=3.81 sys=1.38, real=0.66 secs] 
2018-04-14T07:21:27.710+0800: 107846.706: [GC (Allocation Failure) 2018-04-14T07:21:27.710+0800: 107846.706: [ParNew: 11804109K->50021K(13212096K), 0.4818118 secs] 63653893K->51903669K(187275712K), 0.4822214 secs] [Times: user=3.77 sys=0.07, real=0.49 secs] 
2018-04-14T07:21:38.499+0800: 107857.495: [GC (Allocation Failure) 2018-04-14T07:21:38.499+0800: 107857.495: [ParNew: 11794149K->55562K(13212096K), 0.5241749 secs] 63647797K->51913527K(187275712K), 0.5245961 secs] [Times: user=3.75 sys=0.42, real=0.53 secs] 
2018-04-14T07:21:52.900+0800: 107871.896: [GC (Allocation Failure) 2018-04-14T07:21:52.900+0800: 107871.896: [ParNew: 11799690K->52911K(13212096K), 0.5573062 secs] 63657655K->51913908K(187275712K), 0.5577363 secs] [Times: user=3.87 sys=0.56, real=0.56 secs] 
2018-04-14T07:22:09.658+0800: 107888.654: [GC (Allocation Failure) 2018-04-14T07:22:09.658+0800: 107888.654: [ParNew: 11797039K->62986K(13212096K), 0.6742704 secs] 63658036K->51926191K(187275712K), 0.6747014 secs] [Times: user=3.95 sys=1.39, real=0.68 secs] 
2018-04-14T07:22:38.105+0800: 107917.101: [GC (Allocation Failure) 2018-04-14T07:22:38.105+0800: 107917.101: [ParNew: 11807114K->65331K(13212096K), 0.6652011 secs] 63670319K->51933133K(187275712K), 0.6656285 secs] [Times: user=4.33 sys=0.97, real=0.66 secs] 
2018-04-14T07:23:07.776+0800: 107946.772: [GC (Allocation Failure) 2018-04-14T07:23:07.776+0800: 107946.772: [ParNew: 11809459K->87765K(13212096K), 0.7264390 secs] 63677261K->51956562K(187275712K), 0.7268716 secs] [Times: user=4.15 sys=1.60, real=0.73 secs] 
2018-04-14T07:23:36.631+0800: 107975.627: [GC (Allocation Failure) 2018-04-14T07:23:36.631+0800: 107975.627: [ParNew: 11831893K->92813K(13212096K), 0.5956431 secs] 63700690K->51962893K(187275712K), 0.5960772 secs] [Times: user=4.16 sys=0.57, real=0.59 secs] 
2018-04-14T07:23:46.676+0800: 107985.672: [GC (Allocation Failure) 2018-04-14T07:23:46.676+0800: 107985.672: [ParNew: 11836931K->117211K(13212096K), 0.5165016 secs] 63707011K->51988849K(187275712K), 0.5169222 secs] [Times: user=3.80 sys=0.32, real=0.52 secs] 
2018-04-14T07:23:57.763+0800: 107996.759: [GC (Allocation Failure) 2018-04-14T07:23:57.763+0800: 107996.759: [ParNew: 11861339K->110191K(13212096K), 0.4646635 secs] 63732977K->51983816K(187275712K), 0.4650949 secs] [Times: user=3.52 sys=0.18, real=0.46 secs] 
2018-04-14T07:24:08.944+0800: 108007.940: [GC (Allocation Failure) 2018-04-14T07:24:08.944+0800: 108007.940: [ParNew: 11854319K->54997K(13212096K), 0.6495398 secs] 63727944K->51930728K(187275712K), 0.6499669 secs] [Times: user=3.41 sys=1.71, real=0.65 secs] 
2018-04-14T07:25:01.516+0800: 108060.512: [GC (Allocation Failure) 2018-04-14T07:25:01.517+0800: 108060.513: [ParNew: 11799125K->51406K(13212096K), 0.6984913 secs] 63674856K->51929645K(187275712K), 0.6989122 secs] [Times: user=4.36 sys=1.20, real=0.70 secs] 
2018-04-14T07:25:18.333+0800: 108077.329: [GC (Allocation Failure) 2018-04-14T07:25:18.333+0800: 108077.329: [ParNew: 11795534K->107319K(13212096K), 0.5883504 secs] 63673773K->51987591K(187275712K), 0.5887696 secs] [Times: user=4.49 sys=0.19, real=0.59 secs] 
2018-04-14T07:25:58.140+0800: 108117.136: [GC (Allocation Failure) 2018-04-14T07:25:58.140+0800: 108117.136: [ParNew: 11851447K->98967K(13212096K), 0.7173935 secs] 63731719K->51981511K(187275712K), 0.7178085 secs] [Times: user=3.88 sys=1.79, real=0.72 secs] 
2018-04-14T07:26:16.814+0800: 108135.810: [GC (Allocation Failure) 2018-04-14T07:26:16.815+0800: 108135.811: [ParNew: 11843095K->98829K(13212096K), 0.5955153 secs] 63725639K->51982616K(187275712K), 0.5959284 secs] [Times: user=4.40 sys=0.33, real=0.59 secs] 
2018-04-14T07:26:33.034+0800: 108152.030: [GC (Allocation Failure) 2018-04-14T07:26:33.034+0800: 108152.030: [ParNew: 11842957K->119750K(13212096K), 0.7149389 secs] 63726744K->52004407K(187275712K), 0.7153655 secs] [Times: user=4.35 sys=1.33, real=0.71 secs] 
2018-04-14T07:26:40.377+0800: 108159.373: [GC (Allocation Failure) 2018-04-14T07:26:40.377+0800: 108159.373: [ParNew: 11863878K->128112K(13212096K), 0.5105627 secs] 63748535K->52013036K(187275712K), 0.5109729 secs] [Times: user=3.86 sys=0.21, real=0.51 secs] 
2018-04-14T07:26:49.518+0800: 108168.514: [GC (Allocation Failure) 2018-04-14T07:26:49.518+0800: 108168.514: [ParNew: 11872240K->108012K(13212096K), 0.4986207 secs] 63757164K->52000018K(187275712K), 0.4990285 secs] [Times: user=3.68 sys=0.28, real=0.50 secs] 
2018-04-14T07:26:57.345+0800: 108176.341: [GC (Allocation Failure) 2018-04-14T07:26:57.345+0800: 108176.341: [ParNew: 11852140K->83870K(13212096K), 0.5088513 secs] 63744146K->51989234K(187275712K), 0.5092658 secs] [Times: user=3.81 sys=0.23, real=0.51 secs] 
2018-04-14T07:27:06.132+0800: 108185.128: [GC (Allocation Failure) 2018-04-14T07:27:06.132+0800: 108185.128: [ParNew: 11827998K->64275K(13212096K), 0.4710637 secs] 63733362K->51981974K(187275712K), 0.4714647 secs] [Times: user=3.61 sys=0.13, real=0.47 secs] 
2018-04-14T07:27:25.258+0800: 108204.254: [GC (Allocation Failure) 2018-04-14T07:27:25.258+0800: 108204.255: [ParNew: 11808403K->65202K(13212096K), 0.6913628 secs] 63726102K->51986832K(187275712K), 0.6918033 secs] [Times: user=4.00 sys=1.47, real=0.69 secs] 
2018-04-14T07:28:59.200+0800: 108298.197: [GC (Allocation Failure) 2018-04-14T07:28:59.201+0800: 108298.197: [ParNew: 11809330K->44024K(13212096K), 0.7274278 secs] 63730960K->51969407K(187275712K), 0.7278397 secs] [Times: user=4.90 sys=0.88, real=0.73 secs] 
2018-04-14T07:30:52.351+0800: 108411.347: [GC (Allocation Failure) 2018-04-14T07:30:52.351+0800: 108411.347: [ParNew: 11788152K->80045K(13212096K), 0.9380341 secs] 63713535K->52006286K(187275712K), 0.9384433 secs] [Times: user=5.28 sys=2.15, real=0.94 secs] 
2018-04-14T07:33:26.135+0800: 108565.131: [GC (Allocation Failure) 2018-04-14T07:33:26.135+0800: 108565.131: [ParNew: 11824173K->85063K(13212096K), 1.0390635 secs] 63750414K->52012401K(187275712K), 1.0394958 secs] [Times: user=5.56 sys=2.68, real=1.04 secs] 
2018-04-14T07:34:04.270+0800: 108603.266: [GC (Allocation Failure) 2018-04-14T07:34:04.270+0800: 108603.266: [ParNew: 11829191K->92862K(13212096K), 0.6354485 secs] 63756529K->52021043K(187275712K), 0.6358648 secs] [Times: user=4.56 sys=0.51, real=0.64 secs] 
2018-04-14T07:34:17.562+0800: 108616.559: [GC (Allocation Failure) 2018-04-14T07:34:17.563+0800: 108616.559: [ParNew: 11836990K->76945K(13212096K), 0.6562520 secs] 63765171K->52005718K(187275712K), 0.6566788 secs] [Times: user=3.84 sys=1.34, real=0.65 secs] 
2018-04-14T07:34:26.715+0800: 108625.711: [GC (Allocation Failure) 2018-04-14T07:34:26.716+0800: 108625.712: [ParNew: 11821073K->91292K(13212096K), 0.5055651 secs] 63749846K->52020514K(187275712K), 0.5059862 secs] [Times: user=3.85 sys=0.18, real=0.51 secs] 
2018-04-14T07:34:33.165+0800: 108632.161: [GC (Allocation Failure) 2018-04-14T07:34:33.165+0800: 108632.161: [ParNew: 11835420K->104815K(13212096K), 0.5233891 secs] 63764642K->52038222K(187275712K), 0.5238088 secs] [Times: user=3.87 sys=0.30, real=0.52 secs] 
2018-04-14T07:34:42.430+0800: 108641.426: [GC (Allocation Failure) 2018-04-14T07:34:42.430+0800: 108641.426: [ParNew: 11848943K->63761K(13212096K), 0.5509784 secs] 63782350K->52015745K(187275712K), 0.5514010 secs] [Times: user=4.05 sys=0.31, real=0.56 secs] 
2018-04-14T07:34:54.021+0800: 108653.017: [GC (Allocation Failure) 2018-04-14T07:34:54.021+0800: 108653.017: [ParNew: 11807889K->44918K(13212096K), 0.4585879 secs] 63759873K->52009427K(187275712K), 0.4590104 secs] [Times: user=3.53 sys=0.11, real=0.46 secs] 
2018-04-14T07:35:04.754+0800: 108663.750: [GC (Allocation Failure) 2018-04-14T07:35:04.754+0800: 108663.751: [ParNew: 11789046K->31123K(13212096K), 0.6718039 secs] 63753555K->51998910K(187275712K), 0.6722382 secs] [Times: user=3.57 sys=1.73, real=0.67 secs] 
2018-04-14T07:35:23.858+0800: 108682.855: [GC (Allocation Failure) 2018-04-14T07:35:23.859+0800: 108682.855: [ParNew: 11775251K->39402K(13212096K), 0.5808081 secs] 63743038K->52008229K(187275712K), 0.5811844 secs] [Times: user=4.16 sys=0.46, real=0.58 secs] 
2018-04-14T07:35:37.172+0800: 108696.168: [GC (Allocation Failure) 2018-04-14T07:35:37.173+0800: 108696.169: [ParNew: 11783530K->64384K(13212096K), 0.4869103 secs] 63752357K->52034137K(187275712K), 0.4873154 secs] [Times: user=3.52 sys=0.35, real=0.48 secs] 
2018-04-14T07:35:44.693+0800: 108703.689: [GC (Allocation Failure) 2018-04-14T07:35:44.693+0800: 108703.689: [ParNew: 11808512K->91360K(13212096K), 0.4867200 secs] 63778265K->52062036K(187275712K), 0.4871331 secs] [Times: user=3.78 sys=0.09, real=0.48 secs] 
2018-04-14T07:35:51.947+0800: 108710.943: [GC (Allocation Failure) 2018-04-14T07:35:51.948+0800: 108710.944: [ParNew: 11835488K->123894K(13212096K), 0.6849252 secs] 63806164K->52095383K(187275712K), 0.6853407 secs] [Times: user=3.71 sys=1.71, real=0.69 secs] 
2018-04-14T07:36:00.745+0800: 108719.741: [GC (Allocation Failure) 2018-04-14T07:36:00.745+0800: 108719.741: [ParNew: 11868022K->112704K(13212096K), 0.5129313 secs] 63839511K->52085166K(187275712K), 0.5133341 secs] [Times: user=3.91 sys=0.18, real=0.51 secs] 
2018-04-14T07:36:11.409+0800: 108730.405: [GC (Allocation Failure) 2018-04-14T07:36:11.409+0800: 108730.405: [ParNew: 11856832K->118397K(13212096K), 0.5275415 secs] 63829294K->52091455K(187275712K), 0.5279497 secs] [Times: user=3.76 sys=0.44, real=0.53 secs] 
2018-04-14T07:36:25.236+0800: 108744.232: [GC (Allocation Failure) 2018-04-14T07:36:25.236+0800: 108744.232: [ParNew: 11862525K->92422K(13212096K), 0.5370386 secs] 63835583K->52071718K(187275712K), 0.5374619 secs] [Times: user=3.80 sys=0.48, real=0.54 secs] 
2018-04-14T07:36:33.118+0800: 108752.114: [GC (Allocation Failure) 2018-04-14T07:36:33.118+0800: 108752.114: [ParNew: 11836550K->56139K(13212096K), 0.4542127 secs] 63815846K->52038054K(187275712K), 0.4546185 secs] [Times: user=3.59 sys=0.02, real=0.46 secs] 
2018-04-14T07:36:40.893+0800: 108759.889: [GC (Allocation Failure) 2018-04-14T07:36:40.894+0800: 108759.890: [ParNew: 11800267K->38320K(13212096K), 0.6487302 secs] 63782182K->52021603K(187275712K), 0.6491446 secs] [Times: user=3.59 sys=1.54, real=0.65 secs] 
2018-04-14T07:36:47.587+0800: 108766.583: [GC (Allocation Failure) 2018-04-14T07:36:47.587+0800: 108766.583: [ParNew: 11782448K->40937K(13212096K), 0.4519873 secs] 63765731K->52025408K(187275712K), 0.4524024 secs] [Times: user=3.55 sys=0.05, real=0.45 secs] 
2018-04-14T07:36:54.234+0800: 108773.231: [GC (Allocation Failure) 2018-04-14T07:36:54.235+0800: 108773.231: [ParNew: 11785065K->50098K(13212096K), 0.5121984 secs] 63769536K->52035391K(187275712K), 0.5126100 secs] [Times: user=3.90 sys=0.18, real=0.51 secs] 
2018-04-14T07:37:02.158+0800: 108781.154: [GC (Allocation Failure) 2018-04-14T07:37:02.158+0800: 108781.154: [ParNew: 11794226K->58814K(13212096K), 0.5291705 secs] 63779519K->52044951K(187275712K), 0.5295699 secs] [Times: user=3.92 sys=0.30, real=0.53 secs] 
2018-04-14T07:37:12.465+0800: 108791.461: [GC (Allocation Failure) 2018-04-14T07:37:12.465+0800: 108791.461: [ParNew: 11802942K->66302K(13212096K), 0.4788578 secs] 63789079K->52053793K(187275712K), 0.4792588 secs] [Times: user=3.52 sys=0.29, real=0.48 secs] 
2018-04-14T07:37:22.355+0800: 108801.351: [GC (Allocation Failure) 2018-04-14T07:37:22.355+0800: 108801.351: [ParNew: 11810430K->103951K(13212096K), 0.6593946 secs] 63797921K->52092052K(187275712K), 0.6598023 secs] [Times: user=3.66 sys=1.55, real=0.66 secs] 
2018-04-14T07:37:33.535+0800: 108812.531: [GC (Allocation Failure) 2018-04-14T07:37:33.535+0800: 108812.531: [ParNew: 11848079K->78505K(13212096K), 0.5653174 secs] 63836180K->52067357K(187275712K), 0.5656979 secs] [Times: user=4.15 sys=0.35, real=0.56 secs] 
2018-04-14T07:37:40.931+0800: 108819.927: [GC (Allocation Failure) 2018-04-14T07:37:40.931+0800: 108819.927: [ParNew: 11822633K->52435K(13212096K), 0.4770766 secs] 63811485K->52042200K(187275712K), 0.4774599 secs] [Times: user=3.56 sys=0.24, real=0.47 secs] 
2018-04-14T07:38:17.361+0800: 108856.358: [GC (Allocation Failure) 2018-04-14T07:38:17.362+0800: 108856.358: [ParNew: 11796563K->37016K(13212096K), 0.7033351 secs] 63786328K->52027352K(187275712K), 0.7037098 secs] [Times: user=3.96 sys=1.60, real=0.70 secs] 
2018-04-14T07:39:34.358+0800: 108933.354: [GC (Allocation Failure) 2018-04-14T07:39:34.358+0800: 108933.354: [ParNew: 11781144K->52894K(13212096K), 0.6201464 secs] 63771480K->52043980K(187275712K), 0.6205209 secs] [Times: user=4.10 sys=0.83, real=0.62 secs] 
2018-04-14T07:40:43.564+0800: 109002.560: [GC (Allocation Failure) 2018-04-14T07:40:43.564+0800: 109002.560: [ParNew: 11797022K->55166K(13212096K), 0.9231551 secs] 63788108K->52046716K(187275712K), 0.9236076 secs] [Times: user=5.48 sys=1.83, real=0.92 secs] 
2018-04-14T07:41:07.212+0800: 109026.208: [GC (Allocation Failure) 2018-04-14T07:41:07.212+0800: 109026.208: [ParNew: 11799294K->66919K(13212096K), 0.5484099 secs] 63790844K->52059492K(187275712K), 0.5488184 secs] [Times: user=3.79 sys=0.56, real=0.54 secs] 
2018-04-14T07:41:29.568+0800: 109048.564: [GC (Allocation Failure) 2018-04-14T07:41:29.568+0800: 109048.564: [ParNew: 11811047K->73346K(13212096K), 0.6589321 secs] 63803620K->52066523K(187275712K), 0.6593680 secs] [Times: user=3.56 sys=1.64, real=0.66 secs] 
2018-04-14T07:41:42.203+0800: 109061.199: [GC (Allocation Failure) 2018-04-14T07:41:42.204+0800: 109061.200: [ParNew: 11817474K->82075K(13212096K), 0.4526932 secs] 63810651K->52075486K(187275712K), 0.4531255 secs] [Times: user=3.49 sys=0.12, real=0.45 secs] 
2018-04-14T07:41:54.718+0800: 109073.714: [GC (Allocation Failure) 2018-04-14T07:41:54.718+0800: 109073.714: [ParNew: 11826203K->78253K(13212096K), 0.5708854 secs] 63819614K->52074081K(187275712K), 0.5713069 secs] [Times: user=4.12 sys=0.43, real=0.57 secs] 
2018-04-14T07:42:17.325+0800: 109096.321: [GC (Allocation Failure) 2018-04-14T07:42:17.326+0800: 109096.322: [ParNew: 11822381K->57529K(13212096K), 0.5061465 secs] 63818209K->52061205K(187275712K), 0.5065689 secs] [Times: user=3.60 sys=0.42, real=0.51 secs] 
2018-04-14T07:42:44.282+0800: 109123.278: [GC (Allocation Failure) 2018-04-14T07:42:44.282+0800: 109123.278: [ParNew: 11801657K->57050K(13212096K), 0.6553865 secs] 63805333K->52067758K(187275712K), 0.6558213 secs] [Times: user=3.89 sys=1.28, real=0.65 secs] 
2018-04-14T07:43:36.694+0800: 109175.690: [GC (Allocation Failure) 2018-04-14T07:43:36.694+0800: 109175.690: [ParNew: 11801178K->43474K(13212096K), 0.6590772 secs] 63811886K->52058441K(187275712K), 0.6595000 secs] [Times: user=4.43 sys=0.82, real=0.66 secs] 
2018-04-14T07:43:46.817+0800: 109185.813: [GC (Allocation Failure) 2018-04-14T07:43:46.817+0800: 109185.814: [ParNew: 11787602K->39925K(13212096K), 0.6460982 secs] 63802569K->52057570K(187275712K), 0.6465213 secs] [Times: user=3.77 sys=1.35, real=0.65 secs] 
2018-04-14T07:44:33.696+0800: 109232.692: [GC (Allocation Failure) 2018-04-14T07:44:33.697+0800: 109232.693: [ParNew: 11784053K->39812K(13212096K), 0.4944591 secs] 63801698K->52058140K(187275712K), 0.4948824 secs] [Times: user=3.44 sys=0.49, real=0.50 secs] 
2018-04-14T07:44:58.997+0800: 109257.993: [GC (Allocation Failure) 2018-04-14T07:44:58.997+0800: 109257.993: [ParNew: 11783940K->61419K(13212096K), 0.5553325 secs] 63802268K->52080698K(187275712K), 0.5557557 secs] [Times: user=4.04 sys=0.37, real=0.56 secs] 
2018-04-14T07:45:45.516+0800: 109304.512: [GC (Allocation Failure) 2018-04-14T07:45:45.516+0800: 109304.512: [ParNew: 11805547K->98482K(13212096K), 0.7933629 secs] 63824826K->52119262K(187275712K), 0.7938035 secs] [Times: user=4.69 sys=1.59, real=0.79 secs] 
2018-04-14T07:46:04.732+0800: 109323.728: [GC (Allocation Failure) 2018-04-14T07:46:04.732+0800: 109323.728: [ParNew: 11842610K->181366K(13212096K), 0.6307644 secs] 63863390K->52204110K(187275712K), 0.6311737 secs] [Times: user=4.47 sys=0.55, real=0.63 secs] 
2018-04-14T07:46:24.797+0800: 109343.793: [GC (Allocation Failure) 2018-04-14T07:46:24.798+0800: 109343.794: [ParNew: 11925494K->181546K(13212096K), 0.6825121 secs] 63948238K->52207470K(187275712K), 0.6829530 secs] [Times: user=3.96 sys=1.46, real=0.68 secs] 
2018-04-14T07:47:13.347+0800: 109392.343: [GC (Allocation Failure) 2018-04-14T07:47:13.347+0800: 109392.343: [ParNew: 11925674K->162405K(13212096K), 0.7697952 secs] 63951598K->52188938K(187275712K), 0.7702270 secs] [Times: user=5.06 sys=1.07, real=0.77 secs] 
2018-04-14T07:49:04.738+0800: 109503.734: [GC (Allocation Failure) 2018-04-14T07:49:04.739+0800: 109503.735: [ParNew: 11906533K->132096K(13212096K), 0.8676202 secs] 63933066K->52162528K(187275712K), 0.8680556 secs] [Times: user=5.43 sys=1.44, real=0.87 secs] 
2018-04-14T07:49:34.732+0800: 109533.728: [GC (Allocation Failure) 2018-04-14T07:49:34.732+0800: 109533.728: [ParNew: 11876224K->181235K(13212096K), 0.5703964 secs] 63906656K->52214033K(187275712K), 0.5708167 secs] [Times: user=4.08 sys=0.46, real=0.57 secs] 
2018-04-14T07:49:52.592+0800: 109551.588: [GC (Allocation Failure) 2018-04-14T07:49:52.592+0800: 109551.588: [ParNew: 11925363K->180183K(13212096K), 0.5426858 secs] 63958161K->52215749K(187275712K), 0.5431027 secs] [Times: user=4.09 sys=0.23, real=0.54 secs] 
2018-04-14T07:50:11.271+0800: 109570.267: [GC (Allocation Failure) 2018-04-14T07:50:11.271+0800: 109570.267: [ParNew: 11924311K->149124K(13212096K), 0.6833928 secs] 63959877K->52208895K(187275712K), 0.6838254 secs] [Times: user=3.77 sys=1.59, real=0.68 secs] 
2018-04-14T07:50:22.203+0800: 109581.199: [GC (Allocation Failure) 2018-04-14T07:50:22.203+0800: 109581.199: [ParNew: 11893252K->177721K(13212096K), 0.6113845 secs] 63953023K->52262303K(187275712K), 0.6118129 secs] [Times: user=4.40 sys=0.44, real=0.61 secs] 
2018-04-14T07:50:31.656+0800: 109590.652: [GC (Allocation Failure) 2018-04-14T07:50:31.657+0800: 109590.653: [ParNew: 11921849K->127018K(13212096K), 0.5373271 secs] 64006431K->52226104K(187275712K), 0.5377567 secs] [Times: user=3.92 sys=0.34, real=0.54 secs] 
2018-04-14T07:50:39.992+0800: 109598.988: [GC (Allocation Failure) 2018-04-14T07:50:39.992+0800: 109598.988: [ParNew: 11871146K->145447K(13212096K), 0.4635026 secs] 63970232K->52257314K(187275712K), 0.4639184 secs] [Times: user=3.61 sys=0.07, real=0.46 secs] 
2018-04-14T07:50:46.228+0800: 109605.224: [GC (Allocation Failure) 2018-04-14T07:50:46.228+0800: 109605.225: [ParNew: 11889575K->123219K(13212096K), 0.6803580 secs] 64001442K->52241883K(187275712K), 0.6807989 secs] [Times: user=3.97 sys=1.39, real=0.68 secs] 
2018-04-14T07:50:51.127+0800: 109610.124: [GC (Allocation Failure) 2018-04-14T07:50:51.128+0800: 109610.124: [ParNew: 11867347K->128533K(13212096K), 0.4649956 secs] 63986011K->52250710K(187275712K), 0.4654117 secs] [Times: user=3.70 sys=0.00, real=0.47 secs] 
2018-04-14T07:50:55.934+0800: 109614.931: [GC (Allocation Failure) 2018-04-14T07:50:55.935+0800: 109614.931: [ParNew: 11872661K->110411K(13212096K), 0.4942278 secs] 63994838K->52239792K(187275712K), 0.4946487 secs] [Times: user=3.77 sys=0.16, real=0.49 secs] 
2018-04-14T07:51:01.139+0800: 109620.135: [GC (Allocation Failure) 2018-04-14T07:51:01.140+0800: 109620.136: [ParNew: 11854539K->99663K(13212096K), 0.4824454 secs] 63983920K->52234888K(187275712K), 0.4828708 secs] [Times: user=3.65 sys=0.19, real=0.49 secs] 
2018-04-14T07:51:08.053+0800: 109627.049: [GC (Allocation Failure) 2018-04-14T07:51:08.053+0800: 109627.049: [ParNew: 11843791K->80060K(13212096K), 0.5251580 secs] 63979016K->52219751K(187275712K), 0.5255852 secs] [Times: user=3.82 sys=0.37, real=0.52 secs] 
2018-04-14T07:51:13.999+0800: 109632.995: [GC (Allocation Failure) 2018-04-14T07:51:13.999+0800: 109632.995: [ParNew: 11824188K->68887K(13212096K), 0.5143385 secs] 63963879K->52213161K(187275712K), 0.5146966 secs] [Times: user=3.86 sys=0.23, real=0.52 secs] 
2018-04-14T07:51:19.015+0800: 109638.011: [GC (Allocation Failure) 2018-04-14T07:51:19.015+0800: 109638.011: [ParNew: 11813015K->66024K(13212096K), 0.4917955 secs] 63957289K->52213859K(187275712K), 0.4921646 secs] [Times: user=3.76 sys=0.15, real=0.49 secs] 
2018-04-14T07:51:23.727+0800: 109642.723: [GC (Allocation Failure) 2018-04-14T07:51:23.727+0800: 109642.723: [ParNew: 11810152K->55365K(13212096K), 0.4351334 secs] 63957987K->52205590K(187275712K), 0.4355497 secs] [Times: user=3.41 sys=0.05, real=0.44 secs] 
2018-04-14T07:51:29.520+0800: 109648.516: [GC (Allocation Failure) 2018-04-14T07:51:29.521+0800: 109648.517: [ParNew: 11799493K->55180K(13212096K), 0.6433850 secs] 63949718K->52207967K(187275712K), 0.6438096 secs] [Times: user=3.48 sys=1.60, real=0.65 secs] 
2018-04-14T07:51:40.948+0800: 109659.944: [GC (Allocation Failure) 2018-04-14T07:51:40.948+0800: 109659.944: [ParNew: 11799308K->68681K(13212096K), 0.4881882 secs] 63952095K->52223818K(187275712K), 0.4886003 secs] [Times: user=3.69 sys=0.20, real=0.49 secs] 
2018-04-14T07:51:57.448+0800: 109676.444: [GC (Allocation Failure) 2018-04-14T07:51:57.448+0800: 109676.444: [ParNew: 11812809K->49106K(13212096K), 0.5866213 secs] 63967946K->52205967K(187275712K), 0.5870391 secs] [Times: user=4.00 sys=0.66, real=0.59 secs] 
2018-04-14T07:52:16.748+0800: 109695.744: [GC (Allocation Failure) 2018-04-14T07:52:16.748+0800: 109695.744: [ParNew: 11793234K->44249K(13212096K), 0.5213554 secs] 63950095K->52203008K(187275712K), 0.5217683 secs] [Times: user=3.86 sys=0.29, real=0.52 secs] 
2018-04-14T07:52:56.660+0800: 109735.656: [GC (Allocation Failure) 2018-04-14T07:52:56.660+0800: 109735.656: [ParNew: 11788377K->76755K(13212096K), 0.7173890 secs] 63947136K->52237026K(187275712K), 0.7178298 secs] [Times: user=3.64 sys=2.00, real=0.72 secs] 
2018-04-14T07:54:50.918+0800: 109849.914: [GC (Allocation Failure) 2018-04-14T07:54:50.919+0800: 109849.915: [ParNew: 11820883K->87209K(13212096K), 0.9055560 secs] 63981154K->52248835K(187275712K), 0.9059925 secs] [Times: user=4.80 sys=2.35, real=0.91 secs] 
2018-04-14T07:56:44.306+0800: 109963.302: [GC (Allocation Failure) 2018-04-14T07:56:44.307+0800: 109963.303: [ParNew: 11831337K->102768K(13212096K), 1.0607910 secs] 63992963K->52265023K(187275712K), 1.0612370 secs] [Times: user=6.41 sys=2.00, real=1.06 secs] 
2018-04-14T07:57:15.668+0800: 109994.664: [GC (Allocation Failure) 2018-04-14T07:57:15.668+0800: 109994.664: [ParNew: 11846896K->113538K(13212096K), 0.6736649 secs] 64009151K->52278354K(187275712K), 0.6740944 secs] [Times: user=4.78 sys=0.59, real=0.68 secs] 
2018-04-14T07:57:32.389+0800: 110011.385: [GC (Allocation Failure) 2018-04-14T07:57:32.389+0800: 110011.385: [ParNew: 11857666K->122319K(13212096K), 0.5683380 secs] 64022482K->52288594K(187275712K), 0.5687708 secs] [Times: user=4.09 sys=0.44, real=0.57 secs] 
2018-04-14T07:57:43.678+0800: 110022.674: [GC (Allocation Failure) 2018-04-14T07:57:43.678+0800: 110022.674: [ParNew: 11866447K->104510K(13212096K), 0.4838924 secs] 64032722K->52272517K(187275712K), 0.4843977 secs] [Times: user=3.78 sys=0.08, real=0.49 secs] 
2018-04-14T07:57:55.719+0800: 110034.715: [GC (Allocation Failure) 2018-04-14T07:57:55.719+0800: 110034.715: [ParNew: 11848638K->100930K(13212096K), 0.6150239 secs] 64016645K->52281137K(187275712K), 0.6154723 secs] [Times: user=3.66 sys=1.20, real=0.62 secs] 
2018-04-14T07:58:12.594+0800: 110051.590: [GC (Allocation Failure) 2018-04-14T07:58:12.595+0800: 110051.591: [ParNew: 11845058K->90601K(13212096K), 0.5650693 secs] 64025265K->52286021K(187275712K), 0.5654973 secs] [Times: user=3.91 sys=0.58, real=0.56 secs] 
2018-04-14T07:58:29.764+0800: 110068.760: [GC (Allocation Failure) 2018-04-14T07:58:29.764+0800: 110068.760: [ParNew: 11834729K->65809K(13212096K), 0.5082653 secs] 64030149K->52269873K(187275712K), 0.5086860 secs] [Times: user=3.66 sys=0.37, real=0.51 secs] 
2018-04-14T07:58:50.550+0800: 110089.546: [GC (Allocation Failure) 2018-04-14T07:58:50.551+0800: 110089.547: [ParNew: 11809937K->54802K(13212096K), 0.6744826 secs] 64014001K->52262771K(187275712K), 0.6749190 secs] [Times: user=4.12 sys=1.21, real=0.68 secs] 
2018-04-14T07:59:11.803+0800: 110110.800: [GC (Allocation Failure) 2018-04-14T07:59:11.804+0800: 110110.800: [ParNew: 11798930K->100094K(13212096K), 0.7075102 secs] 64006899K->52309933K(187275712K), 0.7079233 secs] [Times: user=4.61 sys=1.02, real=0.71 secs] 
2018-04-14T07:59:22.068+0800: 110121.064: [GC (Allocation Failure) 2018-04-14T07:59:22.069+0800: 110121.065: [ParNew: 11844222K->109415K(13212096K), 0.5204566 secs] 64054061K->52322067K(187275712K), 0.5208807 secs] [Times: user=3.82 sys=0.32, real=0.52 secs] 
2018-04-14T07:59:29.382+0800: 110128.378: [GC (Allocation Failure) 2018-04-14T07:59:29.382+0800: 110128.378: [ParNew: 11853543K->120340K(13212096K), 0.4514286 secs] 64066195K->52337759K(187275712K), 0.4518439 secs] [Times: user=3.52 sys=0.07, real=0.45 secs] 
2018-04-14T07:59:40.712+0800: 110139.708: [GC (Allocation Failure) 2018-04-14T07:59:40.712+0800: 110139.708: [ParNew: 11864468K->76979K(13212096K), 0.6624041 secs] 64081887K->52297061K(187275712K), 0.6628298 secs] [Times: user=3.56 sys=1.67, real=0.66 secs] 
2018-04-14T07:59:58.933+0800: 110157.929: [GC (Allocation Failure) 2018-04-14T07:59:58.933+0800: 110157.929: [ParNew: 11821107K->62758K(13212096K), 0.5587040 secs] 64041189K->52290424K(187275712K), 0.5591251 secs] [Times: user=3.80 sys=0.65, real=0.56 secs] 
2018-04-14T08:00:30.056+0800: 110189.052: [GC (Allocation Failure) 2018-04-14T08:00:30.057+0800: 110189.053: [ParNew: 11806886K->58485K(13212096K), 0.7274417 secs] 64034552K->52290973K(187275712K), 0.7278620 secs] [Times: user=3.96 sys=1.76, real=0.73 secs] 
2018-04-14T08:00:41.462+0800: 110200.458: [GC (Allocation Failure) 2018-04-14T08:00:41.462+0800: 110200.458: [ParNew: 11802613K->67283K(13212096K), 0.4525509 secs] 64035101K->52301778K(187275712K), 0.4529662 secs] [Times: user=3.50 sys=0.11, real=0.45 secs] 
2018-04-14T08:00:49.284+0800: 110208.280: [GC (Allocation Failure) 2018-04-14T08:00:49.284+0800: 110208.280: [ParNew: 11811411K->86684K(13212096K), 0.4902599 secs] 64045906K->52321619K(187275712K), 0.4906696 secs] [Times: user=3.68 sys=0.22, real=0.49 secs] 
2018-04-14T08:00:56.237+0800: 110215.233: [GC (Allocation Failure) 2018-04-14T08:00:56.237+0800: 110215.233: [ParNew: 11830812K->69943K(13212096K), 0.4759247 secs] 64065747K->52305038K(187275712K), 0.4763314 secs] [Times: user=3.54 sys=0.25, real=0.48 secs] 
2018-04-14T08:01:05.254+0800: 110224.250: [GC (Allocation Failure) 2018-04-14T08:01:05.254+0800: 110224.250: [ParNew: 11814071K->101387K(13212096K), 0.4785167 secs] 64049166K->52337154K(187275712K), 0.4789407 secs] [Times: user=3.55 sys=0.26, real=0.48 secs] 
2018-04-14T08:01:11.693+0800: 110230.689: [GC (Allocation Failure) 2018-04-14T08:01:11.694+0800: 110230.690: [ParNew: 11845515K->123868K(13212096K), 0.4898987 secs] 64081282K->52361482K(187275712K), 0.4903063 secs] [Times: user=3.89 sys=0.01, real=0.49 secs] 
2018-04-14T08:01:17.455+0800: 110236.451: [GC (Allocation Failure) 2018-04-14T08:01:17.455+0800: 110236.451: [ParNew: 11867996K->123785K(13212096K), 0.6663763 secs] 64105610K->52369220K(187275712K), 0.6667944 secs] [Times: user=3.55 sys=1.71, real=0.67 secs] 
2018-04-14T08:01:24.088+0800: 110243.084: [GC (Allocation Failure) 2018-04-14T08:01:24.088+0800: 110243.084: [ParNew: 11867913K->130380K(13212096K), 0.4605766 secs] 64113348K->52377389K(187275712K), 0.4609844 secs] [Times: user=3.59 sys=0.07, real=0.46 secs] 
2018-04-14T08:01:35.611+0800: 110254.607: [GC (Allocation Failure) 2018-04-14T08:01:35.611+0800: 110254.607: [ParNew: 11874508K->134092K(13212096K), 0.5352603 secs] 64121517K->52383601K(187275712K), 0.5356737 secs] [Times: user=3.83 sys=0.43, real=0.54 secs] 
2018-04-14T08:01:41.897+0800: 110260.894: [GC (Allocation Failure) 2018-04-14T08:01:41.898+0800: 110260.894: [ParNew: 11878220K->124807K(13212096K), 0.4862054 secs] 64127729K->52378566K(187275712K), 0.4866170 secs] [Times: user=3.63 sys=0.23, real=0.49 secs] 
2018-04-14T08:01:47.228+0800: 110266.224: [GC (Allocation Failure) 2018-04-14T08:01:47.228+0800: 110266.224: [ParNew: 11868935K->108682K(13212096K), 0.4933476 secs] 64122694K->52368823K(187275712K), 0.4937631 secs] [Times: user=3.74 sys=0.19, real=0.50 secs] 
2018-04-14T08:01:54.509+0800: 110273.505: [GC (Allocation Failure) 2018-04-14T08:01:54.509+0800: 110273.505: [ParNew: 11852810K->119141K(13212096K), 0.4824539 secs] 64112951K->52381948K(187275712K), 0.4828623 secs] [Times: user=3.77 sys=0.07, real=0.49 secs] 
2018-04-14T08:02:07.229+0800: 110286.225: [GC (Allocation Failure) 2018-04-14T08:02:07.229+0800: 110286.225: [ParNew: 11863269K->111593K(13212096K), 0.6827864 secs] 64126076K->52376272K(187275712K), 0.6832158 secs] [Times: user=3.69 sys=1.70, real=0.69 secs] 
2018-04-14T08:02:15.596+0800: 110294.592: [GC (Allocation Failure) 2018-04-14T08:02:15.597+0800: 110294.593: [ParNew: 11855721K->127375K(13212096K), 0.5319704 secs] 64120400K->52395201K(187275712K), 0.5323751 secs] [Times: user=3.85 sys=0.38, real=0.53 secs] 
2018-04-14T08:02:27.776+0800: 110306.772: [GC (Allocation Failure) 2018-04-14T08:02:27.777+0800: 110306.773: [ParNew: 11871503K->123631K(13212096K), 0.6063919 secs] 64139329K->52393829K(187275712K), 0.6068025 secs] [Times: user=4.27 sys=0.57, real=0.61 secs] 
2018-04-14T08:02:48.193+0800: 110327.189: [GC (Allocation Failure) 2018-04-14T08:02:48.193+0800: 110327.189: [ParNew: 11867759K->128279K(13212096K), 0.7119651 secs] 64137957K->52400355K(187275712K), 0.7123973 secs] [Times: user=4.01 sys=1.61, real=0.71 secs] 
2018-04-14T08:03:08.227+0800: 110347.223: [GC (Allocation Failure) 2018-04-14T08:03:08.227+0800: 110347.223: [ParNew: 11872407K->119243K(13212096K), 0.5624839 secs] 64144483K->52393000K(187275712K), 0.5628945 secs] [Times: user=4.19 sys=0.29, real=0.56 secs] 
2018-04-14T08:03:16.153+0800: 110355.149: [GC (Allocation Failure) 2018-04-14T08:03:16.153+0800: 110355.149: [ParNew: 11863371K->98392K(13212096K), 0.5169657 secs] 64137128K->52375777K(187275712K), 0.5173874 secs] [Times: user=3.81 sys=0.31, real=0.51 secs] 
2018-04-14T08:03:22.085+0800: 110361.081: [GC (Allocation Failure) 2018-04-14T08:03:22.086+0800: 110361.082: [ParNew: 11842520K->101877K(13212096K), 0.5006681 secs] 64119905K->52383462K(187275712K), 0.5010737 secs] [Times: user=3.77 sys=0.21, real=0.50 secs] 
2018-04-14T08:03:28.231+0800: 110367.227: [GC (Allocation Failure) 2018-04-14T08:03:28.231+0800: 110367.227: [ParNew: 11846005K->93012K(13212096K), 0.5016245 secs] 64127590K->52379653K(187275712K), 0.5020354 secs] [Times: user=3.79 sys=0.20, real=0.51 secs] 
2018-04-14T08:03:36.040+0800: 110375.036: [GC (Allocation Failure) 2018-04-14T08:03:36.041+0800: 110375.037: [ParNew: 11837140K->93993K(13212096K), 0.5933506 secs] 64123781K->52388763K(187275712K), 0.5937844 secs] [Times: user=3.57 sys=1.12, real=0.60 secs] 
2018-04-14T08:03:57.879+0800: 110396.875: [GC (Allocation Failure) 2018-04-14T08:03:57.879+0800: 110396.875: [ParNew: 11838121K->83642K(13212096K), 0.5209074 secs] 64132891K->52384667K(187275712K), 0.5213326 secs] [Times: user=3.65 sys=0.50, real=0.52 secs] 
2018-04-14T08:04:37.844+0800: 110436.840: [GC (Allocation Failure) 2018-04-14T08:04:37.844+0800: 110436.840: [ParNew: 11827770K->102770K(13212096K), 0.5901042 secs] 64128795K->52407524K(187275712K), 0.5905279 secs] [Times: user=4.08 sys=0.61, real=0.59 secs] 
2018-04-14T08:04:57.829+0800: 110456.825: [GC (Allocation Failure) 2018-04-14T08:04:57.829+0800: 110456.825: [ParNew: 11846898K->105474K(13212096K), 0.7064354 secs] 64151652K->52412273K(187275712K), 0.7068676 secs] [Times: user=4.15 sys=1.44, real=0.71 secs] 
2018-04-14T08:06:04.446+0800: 110523.442: [GC (Allocation Failure) 2018-04-14T08:06:04.446+0800: 110523.443: [ParNew: 11849602K->98268K(13212096K), 0.7179466 secs] 64156401K->52406095K(187275712K), 0.7183742 secs] [Times: user=4.59 sys=1.12, real=0.72 secs] 
2018-04-14T08:08:32.930+0800: 110671.926: [GC (Allocation Failure) 2018-04-14T08:08:32.931+0800: 110671.927: [ParNew: 11842396K->97482K(13212096K), 0.9940057 secs] 64150223K->52405807K(187275712K), 0.9944314 secs] [Times: user=5.80 sys=2.07, real=1.00 secs] 
2018-04-14T08:09:19.450+0800: 110718.446: [GC (Allocation Failure) 2018-04-14T08:09:19.450+0800: 110718.446: [ParNew: 11841610K->86411K(13212096K), 0.6491330 secs] 64149935K->52395604K(187275712K), 0.6495633 secs] [Times: user=4.41 sys=0.75, real=0.65 secs] 
2018-04-14T08:09:32.481+0800: 110731.477: [GC (Allocation Failure) 2018-04-14T08:09:32.481+0800: 110731.477: [ParNew: 11830539K->87757K(13212096K), 0.6468262 secs] 64139732K->52399582K(187275712K), 0.6472540 secs] [Times: user=3.61 sys=1.50, real=0.64 secs] 
2018-04-14T08:09:44.261+0800: 110743.257: [GC (Allocation Failure) 2018-04-14T08:09:44.261+0800: 110743.257: [ParNew: 11831885K->82427K(13212096K), 0.4902105 secs] 64143710K->52400008K(187275712K), 0.4906284 secs] [Times: user=3.80 sys=0.09, real=0.50 secs] 
2018-04-14T08:09:56.798+0800: 110755.794: [GC (Allocation Failure) 2018-04-14T08:09:56.799+0800: 110755.795: [ParNew: 11826555K->88181K(13212096K), 0.5188989 secs] 64144136K->52410771K(187275712K), 0.5193228 secs] [Times: user=3.84 sys=0.28, real=0.52 secs] 
2018-04-14T08:10:04.989+0800: 110763.985: [GC (Allocation Failure) 2018-04-14T08:10:04.990+0800: 110763.986: [ParNew: 11832309K->66628K(13212096K), 0.4918582 secs] 64154899K->52407659K(187275712K), 0.4922836 secs] [Times: user=3.66 sys=0.24, real=0.50 secs] 
2018-04-14T08:10:15.597+0800: 110774.593: [GC (Allocation Failure) 2018-04-14T08:10:15.598+0800: 110774.594: [ParNew: 11810756K->37137K(13212096K), 0.4788617 secs] 64151787K->52393036K(187275712K), 0.4792967 secs] [Times: user=3.66 sys=0.13, real=0.48 secs] 
2018-04-14T08:11:59.422+0800: 110878.418: [GC (Allocation Failure) 2018-04-14T08:11:59.422+0800: 110878.418: [ParNew: 11781265K->34937K(13212096K), 0.9757296 secs] 64137164K->52393220K(187275712K), 0.9761587 secs] [Times: user=5.03 sys=2.71, real=0.97 secs] 
2018-04-14T08:12:50.614+0800: 110929.610: [GC (Allocation Failure) 2018-04-14T08:12:50.614+0800: 110929.610: [ParNew: 11779065K->37353K(13212096K), 0.7105957 secs] 64137348K->52395956K(187275712K), 0.7110402 secs] [Times: user=4.14 sys=1.48, real=0.71 secs] 
2018-04-14T08:13:37.079+0800: 110976.075: [GC (Allocation Failure) 2018-04-14T08:13:37.079+0800: 110976.075: [ParNew: 11781481K->38322K(13212096K), 0.5697858 secs] 64140084K->52397690K(187275712K), 0.5702001 secs] [Times: user=3.68 sys=0.85, real=0.57 secs] 
2018-04-14T08:13:51.076+0800: 110990.072: [GC (Allocation Failure) 2018-04-14T08:13:51.076+0800: 110990.072: [ParNew: 11782450K->46536K(13212096K), 0.4945600 secs] 64141818K->52406618K(187275712K), 0.4949789 secs] [Times: user=3.60 sys=0.33, real=0.49 secs] 
2018-04-14T08:14:00.893+0800: 110999.889: [GC (Allocation Failure) 2018-04-14T08:14:00.893+0800: 110999.889: [ParNew: 11790664K->43773K(13212096K), 0.6444717 secs] 64150746K->52404289K(187275712K), 0.6448967 secs] [Times: user=3.42 sys=1.69, real=0.64 secs] 
2018-04-14T08:14:20.419+0800: 111019.415: [GC (Allocation Failure) 2018-04-14T08:14:20.420+0800: 111019.416: [ParNew: 11787901K->46513K(13212096K), 0.4924588 secs] 64148417K->52407575K(187275712K), 0.4928866 secs] [Times: user=3.67 sys=0.25, real=0.50 secs] 
2018-04-14T08:14:42.196+0800: 111041.192: [GC (Allocation Failure) 2018-04-14T08:14:42.196+0800: 111041.192: [ParNew: 11790641K->39508K(13212096K), 0.5399490 secs] 64151703K->52406470K(187275712K), 0.5403676 secs] [Times: user=3.73 sys=0.55, real=0.54 secs] 
2018-04-14T08:14:58.771+0800: 111057.767: [GC (Allocation Failure) 2018-04-14T08:14:58.772+0800: 111057.768: [ParNew: 11783636K->38478K(13212096K), 0.6476071 secs] 64150598K->52407000K(187275712K), 0.6480374 secs] [Times: user=3.33 sys=1.78, real=0.64 secs] 
2018-04-14T08:15:22.562+0800: 111081.558: [GC (Allocation Failure) 2018-04-14T08:15:22.563+0800: 111081.559: [ParNew: 11782606K->40178K(13212096K), 0.6450069 secs] 64151128K->52410736K(187275712K), 0.6454208 secs] [Times: user=4.50 sys=0.63, real=0.64 secs] 
2018-04-14T08:15:33.508+0800: 111092.504: [GC (Allocation Failure) 2018-04-14T08:15:33.508+0800: 111092.504: [ParNew: 11784306K->31597K(13212096K), 0.5185915 secs] 64154864K->52402947K(187275712K), 0.5190029 secs] [Times: user=3.72 sys=0.42, real=0.52 secs] 
2018-04-14T08:15:48.652+0800: 111107.648: [GC (Allocation Failure) 2018-04-14T08:15:48.652+0800: 111107.648: [ParNew: 11775725K->37768K(13212096K), 0.4492125 secs] 64147075K->52409958K(187275712K), 0.4496807 secs] [Times: user=3.39 sys=0.18, real=0.45 secs] 
2018-04-14T08:16:07.549+0800: 111126.545: [GC (Allocation Failure) 2018-04-14T08:16:07.549+0800: 111126.545: [ParNew: 11781896K->29944K(13212096K), 0.6458339 secs] 64154086K->52403226K(187275712K), 0.6462553 secs] [Times: user=3.66 sys=1.44, real=0.65 secs] 
2018-04-14T08:16:27.117+0800: 111146.113: [GC (Allocation Failure) 2018-04-14T08:16:27.117+0800: 111146.113: [ParNew: 11774072K->37462K(13212096K), 0.5834589 secs] 64147354K->52414970K(187275712K), 0.5838764 secs] [Times: user=4.21 sys=0.44, real=0.58 secs] 
2018-04-14T08:16:35.785+0800: 111154.781: [GC (Allocation Failure) 2018-04-14T08:16:35.785+0800: 111154.781: [ParNew: 11781590K->31043K(13212096K), 0.5080454 secs] 64159098K->52409673K(187275712K), 0.5084503 secs] [Times: user=3.81 sys=0.24, real=0.51 secs] 
2018-04-14T08:16:47.210+0800: 111166.206: [GC (Allocation Failure) 2018-04-14T08:16:47.211+0800: 111166.207: [ParNew: 11775171K->34685K(13212096K), 0.6662578 secs] 64153801K->52414897K(187275712K), 0.6666775 secs] [Times: user=3.63 sys=1.63, real=0.67 secs] 
2018-04-14T08:17:08.983+0800: 111187.979: [GC (Allocation Failure) 2018-04-14T08:17:08.983+0800: 111187.979: [ParNew: 11778813K->43823K(13212096K), 0.6202804 secs] 64159025K->52424913K(187275712K), 0.6206922 secs] [Times: user=4.23 sys=0.72, real=0.62 secs] 
2018-04-14T08:17:29.318+0800: 111208.314: [GC (Allocation Failure) 2018-04-14T08:17:29.318+0800: 111208.314: [ParNew: 11787951K->55998K(13212096K), 0.5837969 secs] 64169041K->52438429K(187275712K), 0.5842057 secs] [Times: user=4.16 sys=0.48, real=0.59 secs] 
2018-04-14T08:17:48.931+0800: 111227.927: [GC (Allocation Failure) 2018-04-14T08:17:48.931+0800: 111227.927: [ParNew: 11800126K->49035K(13212096K), 0.6600364 secs] 64182557K->52432696K(187275712K), 0.6604644 secs] [Times: user=3.58 sys=1.62, real=0.67 secs] 
2018-04-14T08:18:09.524+0800: 111248.521: [GC (Allocation Failure) 2018-04-14T08:18:09.525+0800: 111248.521: [ParNew: 11793163K->48064K(13212096K), 0.7031266 secs] 64176824K->52433188K(187275712K), 0.7035345 secs] [Times: user=4.60 sys=1.01, real=0.70 secs] 
2018-04-14T08:18:25.973+0800: 111264.969: [GC (Allocation Failure) 2018-04-14T08:18:25.973+0800: 111264.969: [ParNew: 11792192K->42030K(13212096K), 0.5175083 secs] 64177316K->52430592K(187275712K), 0.5179243 secs] [Times: user=3.74 sys=0.38, real=0.51 secs] 
2018-04-14T08:18:44.908+0800: 111283.904: [GC (Allocation Failure) 2018-04-14T08:18:44.908+0800: 111283.904: [ParNew: 11786158K->66253K(13212096K), 0.6679542 secs] 64174720K->52455826K(187275712K), 0.6683912 secs] [Times: user=3.73 sys=1.53, real=0.67 secs] 
2018-04-14T08:18:58.987+0800: 111297.983: [GC (Allocation Failure) 2018-04-14T08:18:58.987+0800: 111297.983: [ParNew: 11810381K->83616K(13212096K), 0.5568600 secs] 64199954K->52475483K(187275712K), 0.5572753 secs] [Times: user=4.02 sys=0.41, real=0.56 secs] 
2018-04-14T08:19:46.363+0800: 111345.359: [GC (Allocation Failure) 2018-04-14T08:19:46.363+0800: 111345.359: [ParNew: 11827744K->102884K(13212096K), 0.6600841 secs] 64219611K->52499208K(187275712K), 0.6605036 secs] [Times: user=4.55 sys=0.69, real=0.66 secs] 
2018-04-14T08:20:42.413+0800: 111401.409: [GC (Allocation Failure) 2018-04-14T08:20:42.413+0800: 111401.409: [ParNew: 11847012K->148107K(13212096K), 1.0007302 secs] 64243336K->52545535K(187275712K), 1.0011538 secs] [Times: user=5.50 sys=2.43, real=1.00 secs] 
2018-04-14T08:21:32.220+0800: 111451.216: [GC (Allocation Failure) 2018-04-14T08:21:32.220+0800: 111451.216: [ParNew: 11892235K->174717K(13212096K), 0.7238190 secs] 64289663K->52574346K(187275712K), 0.7242678 secs] [Times: user=3.96 sys=1.69, real=0.73 secs] 
2018-04-14T08:22:11.912+0800: 111490.908: [GC (Allocation Failure) 2018-04-14T08:22:11.912+0800: 111490.908: [ParNew: 11918845K->199231K(13212096K), 0.6535090 secs] 64318474K->52603389K(187275712K), 0.6539338 secs] [Times: user=4.35 sys=0.81, real=0.65 secs] 
2018-04-14T08:22:44.069+0800: 111523.066: [GC (Allocation Failure) 2018-04-14T08:22:44.070+0800: 111523.066: [ParNew: 11943359K->185734K(13212096K), 0.6961142 secs] 64347517K->52593147K(187275712K), 0.6965767 secs] [Times: user=3.99 sys=1.51, real=0.70 secs] 
2018-04-14T08:23:09.322+0800: 111548.318: [GC (Allocation Failure) 2018-04-14T08:23:09.322+0800: 111548.318: [ParNew: 11929862K->228131K(13212096K), 0.6206819 secs] 64337275K->52637547K(187275712K), 0.6211113 secs] [Times: user=4.37 sys=0.58, real=0.62 secs] 
2018-04-14T08:23:29.548+0800: 111568.544: [GC (Allocation Failure) 2018-04-14T08:23:29.548+0800: 111568.544: [ParNew: 11972259K->205333K(13212096K), 0.7262254 secs] 64381675K->52622263K(187275712K), 0.7266710 secs] [Times: user=3.91 sys=1.79, real=0.73 secs] 
2018-04-14T08:23:53.870+0800: 111592.866: [GC (Allocation Failure) 2018-04-14T08:23:53.870+0800: 111592.866: [ParNew: 11949461K->136456K(13212096K), 0.6345806 secs] 64366391K->52562621K(187275712K), 0.6350075 secs] [Times: user=4.41 sys=0.62, real=0.64 secs] 
2018-04-14T08:24:16.502+0800: 111615.498: [GC (Allocation Failure) 2018-04-14T08:24:16.502+0800: 111615.498: [ParNew: 11880584K->119603K(13212096K), 0.5494030 secs] 64306749K->52556705K(187275712K), 0.5498308 secs] [Times: user=3.92 sys=0.44, real=0.55 secs] 
2018-04-14T08:24:37.748+0800: 111636.744: [GC (Allocation Failure) 2018-04-14T08:24:37.749+0800: 111636.745: [ParNew: 11863731K->104985K(13212096K), 0.6776835 secs] 64300833K->52556345K(187275712K), 0.6781243 secs] [Times: user=3.99 sys=1.34, real=0.68 secs] 
2018-04-14T08:25:21.364+0800: 111680.360: [GC (Allocation Failure) 2018-04-14T08:25:21.364+0800: 111680.360: [ParNew: 11849113K->119189K(13212096K), 0.7352534 secs] 64300473K->52578316K(187275712K), 0.7356764 secs] [Times: user=4.90 sys=0.94, real=0.73 secs] 
2018-04-14T08:25:41.243+0800: 111700.239: [GC (Allocation Failure) 2018-04-14T08:25:41.244+0800: 111700.240: [ParNew: 11863317K->80317K(13212096K), 0.6687444 secs] 64322444K->52544716K(187275712K), 0.6691862 secs] [Times: user=3.97 sys=1.31, real=0.67 secs] 
2018-04-14T08:25:59.674+0800: 111718.670: [GC (Allocation Failure) 2018-04-14T08:25:59.674+0800: 111718.670: [ParNew: 11824445K->57886K(13212096K), 0.5887837 secs] 64288844K->52527057K(187275712K), 0.5892277 secs] [Times: user=4.17 sys=0.52, real=0.59 secs] 
2018-04-14T08:26:14.978+0800: 111733.974: [GC (Allocation Failure) 2018-04-14T08:26:14.978+0800: 111733.974: [ParNew: 11802014K->77094K(13212096K), 0.4873964 secs] 64271185K->52551772K(187275712K), 0.4878101 secs] [Times: user=3.42 sys=0.46, real=0.49 secs] 
2018-04-14T08:26:25.574+0800: 111744.570: [GC (Allocation Failure) 2018-04-14T08:26:25.574+0800: 111744.570: [ParNew: 11821222K->92724K(13212096K), 0.6576543 secs] 64295900K->52570798K(187275712K), 0.6580721 secs] [Times: user=3.85 sys=1.34, real=0.66 secs] 
2018-04-14T08:26:38.803+0800: 111757.800: [GC (Allocation Failure) 2018-04-14T08:26:38.804+0800: 111757.800: [ParNew: 11836852K->86314K(13212096K), 0.4843839 secs] 64314926K->52569000K(187275712K), 0.4847963 secs] [Times: user=3.75 sys=0.10, real=0.48 secs] 
2018-04-14T08:26:50.101+0800: 111769.097: [GC (Allocation Failure) 2018-04-14T08:26:50.102+0800: 111769.098: [ParNew: 11830442K->67894K(13212096K), 0.5087707 secs] 64313128K->52563447K(187275712K), 0.5091887 secs] [Times: user=3.60 sys=0.42, real=0.50 secs] 
2018-04-14T08:27:09.012+0800: 111788.008: [GC (Allocation Failure) 2018-04-14T08:27:09.012+0800: 111788.008: [ParNew: 11812022K->61893K(13212096K), 0.4988801 secs] 64307575K->52560127K(187275712K), 0.4992913 secs] [Times: user=3.65 sys=0.32, real=0.49 secs] 
2018-04-14T08:27:25.477+0800: 111804.473: [GC (Allocation Failure) 2018-04-14T08:27:25.477+0800: 111804.473: [ParNew: 11806021K->50997K(13212096K), 0.6261348 secs] 64304255K->52550565K(187275712K), 0.6265536 secs] [Times: user=3.72 sys=1.22, real=0.63 secs] 
2018-04-14T08:27:39.438+0800: 111818.434: [GC (Allocation Failure) 2018-04-14T08:27:39.438+0800: 111818.434: [ParNew: 11795125K->53193K(13212096K), 0.5104607 secs] 64294693K->52554402K(187275712K), 0.5108699 secs] [Times: user=3.76 sys=0.31, real=0.51 secs] 
2018-04-14T08:27:48.132+0800: 111827.128: [GC (Allocation Failure) 2018-04-14T08:27:48.133+0800: 111827.129: [ParNew: 11797321K->52984K(13212096K), 0.4773650 secs] 64298530K->52555667K(187275712K), 0.4777692 secs] [Times: user=3.54 sys=0.26, real=0.47 secs] 
2018-04-14T08:28:08.460+0800: 111847.456: [GC (Allocation Failure) 2018-04-14T08:28:08.460+0800: 111847.456: [ParNew: 11797112K->55596K(13212096K), 0.5288921 secs] 64299795K->52562626K(187275712K), 0.5293198 secs] [Times: user=3.61 sys=0.58, real=0.53 secs] 
2018-04-14T08:28:46.609+0800: 111885.605: [GC (Allocation Failure) 2018-04-14T08:28:46.609+0800: 111885.605: [ParNew: 11799724K->81584K(13212096K), 0.6386869 secs] 64306754K->52590019K(187275712K), 0.6391088 secs] [Times: user=4.03 sys=1.04, real=0.64 secs] 
2018-04-14T08:29:25.604+0800: 111924.600: [GC (Allocation Failure) 2018-04-14T08:29:25.604+0800: 111924.600: [ParNew: 11825712K->101246K(13212096K), 0.5879811 secs] 64334147K->52611593K(187275712K), 0.5883920 secs] [Times: user=4.28 sys=0.41, real=0.59 secs] 
2018-04-14T08:29:54.267+0800: 111953.263: [GC (Allocation Failure) 2018-04-14T08:29:54.267+0800: 111953.263: [ParNew: 11845374K->84056K(13212096K), 0.8320884 secs] 64355721K->52595876K(187275712K), 0.8325184 secs] [Times: user=4.79 sys=1.82, real=0.83 secs] 
2018-04-14T08:30:23.727+0800: 111982.723: [GC (Allocation Failure) 2018-04-14T08:30:23.727+0800: 111982.724: [ParNew: 11828184K->97016K(13212096K), 0.5729689 secs] 64340004K->52609688K(187275712K), 0.5733926 secs] [Times: user=4.06 sys=0.50, real=0.57 secs] 
2018-04-14T08:31:02.697+0800: 112021.693: [GC (Allocation Failure) 2018-04-14T08:31:02.697+0800: 112021.693: [ParNew: 11841144K->90251K(13212096K), 0.7298850 secs] 64353816K->52603338K(187275712K), 0.7303142 secs] [Times: user=4.20 sys=1.56, real=0.73 secs] 
2018-04-14T08:31:26.110+0800: 112045.106: [GC (Allocation Failure) 2018-04-14T08:31:26.110+0800: 112045.106: [ParNew: 11834379K->100458K(13212096K), 0.5195696 secs] 64347466K->52615124K(187275712K), 0.5199839 secs] [Times: user=3.63 sys=0.49, real=0.52 secs] 
2018-04-14T08:31:45.843+0800: 112064.839: [GC (Allocation Failure) 2018-04-14T08:31:45.843+0800: 112064.839: [ParNew: 11844586K->139398K(13212096K), 0.7463087 secs] 64359252K->52664423K(187275712K), 0.7467388 secs] [Times: user=4.46 sys=1.42, real=0.74 secs] 
2018-04-14T08:32:09.544+0800: 112088.540: [GC (Allocation Failure) 2018-04-14T08:32:09.544+0800: 112088.540: [ParNew: 11883526K->85189K(13212096K), 0.5428644 secs] 64408551K->52615290K(187275712K), 0.5432823 secs] [Times: user=4.07 sys=0.25, real=0.54 secs] 
2018-04-14T08:32:19.216+0800: 112098.212: [GC (Allocation Failure) 2018-04-14T08:32:19.217+0800: 112098.213: [ParNew: 11829317K->88287K(13212096K), 0.4797798 secs] 64359418K->52620922K(187275712K), 0.4802047 secs] [Times: user=3.59 sys=0.23, real=0.48 secs] 
2018-04-14T08:32:30.920+0800: 112109.917: [GC (Allocation Failure) 2018-04-14T08:32:30.921+0800: 112109.917: [ParNew: 11832415K->69457K(13212096K), 0.5765898 secs] 64365050K->52614671K(187275712K), 0.5770032 secs] [Times: user=4.21 sys=0.37, real=0.58 secs] 
2018-04-14T08:32:44.844+0800: 112123.840: [GC (Allocation Failure) 2018-04-14T08:32:44.844+0800: 112123.840: [ParNew: 11813585K->78112K(13212096K), 0.6578649 secs] 64358799K->52627695K(187275712K), 0.6582885 secs] [Times: user=3.66 sys=1.53, real=0.66 secs] 
2018-04-14T08:33:12.457+0800: 112151.453: [GC (Allocation Failure) 2018-04-14T08:33:12.457+0800: 112151.453: [ParNew: 11822240K->71135K(13212096K), 0.5165808 secs] 64371823K->52624887K(187275712K), 0.5170092 secs] [Times: user=3.73 sys=0.37, real=0.52 secs] 
2018-04-14T08:33:49.724+0800: 112188.720: [GC (Allocation Failure) 2018-04-14T08:33:49.724+0800: 112188.720: [ParNew: 11815263K->73318K(13212096K), 0.6538025 secs] 64369015K->52631488K(187275712K), 0.6542356 secs] [Times: user=3.96 sys=1.23, real=0.65 secs] 
2018-04-14T08:34:21.106+0800: 112220.102: [GC (Allocation Failure) 2018-04-14T08:34:21.107+0800: 112220.103: [ParNew: 11817446K->55152K(13212096K), 0.5801428 secs] 64375616K->52616911K(187275712K), 0.5805744 secs] [Times: user=4.21 sys=0.41, real=0.58 secs] 
2018-04-14T08:34:52.199+0800: 112251.195: [GC (Allocation Failure) 2018-04-14T08:34:52.199+0800: 112251.195: [ParNew: 11799280K->75186K(13212096K), 0.5886203 secs] 64361039K->52637696K(187275712K), 0.5890605 secs] [Times: user=4.16 sys=0.52, real=0.59 secs] 
2018-04-14T08:35:13.541+0800: 112272.537: [GC (Allocation Failure) 2018-04-14T08:35:13.541+0800: 112272.537: [ParNew: 11819314K->74540K(13212096K), 0.6923691 secs] 64381824K->52638717K(187275712K), 0.6928165 secs] [Times: user=4.02 sys=1.45, real=0.70 secs] 
2018-04-14T08:35:28.068+0800: 112287.065: [GC (Allocation Failure) 2018-04-14T08:35:28.069+0800: 112287.065: [ParNew: 11818668K->74432K(13212096K), 0.5303988 secs] 64382845K->52641443K(187275712K), 0.5308323 secs] [Times: user=3.97 sys=0.24, real=0.53 secs] 
2018-04-14T08:35:59.671+0800: 112318.667: [GC (Allocation Failure) 2018-04-14T08:35:59.671+0800: 112318.667: [ParNew: 11818560K->102931K(13212096K), 0.5666502 secs] 64385571K->52673931K(187275712K), 0.5670779 secs] [Times: user=3.95 sys=0.53, real=0.57 secs] 
2018-04-14T08:36:18.041+0800: 112337.037: [GC (Allocation Failure) 2018-04-14T08:36:18.041+0800: 112337.037: [ParNew: 11847059K->79102K(13212096K), 0.6782140 secs] 64418059K->52653823K(187275712K), 0.6786434 secs] [Times: user=3.74 sys=1.62, real=0.68 secs] 
2018-04-14T08:36:31.722+0800: 112350.718: [GC (Allocation Failure) 2018-04-14T08:36:31.722+0800: 112350.718: [ParNew: 11823230K->80570K(13212096K), 0.5603738 secs] 64397951K->52659062K(187275712K), 0.5607976 secs] [Times: user=4.15 sys=0.31, real=0.56 secs] 
2018-04-14T08:36:42.543+0800: 112361.539: [GC (Allocation Failure) 2018-04-14T08:36:42.543+0800: 112361.539: [ParNew: 11824698K->82162K(13212096K), 0.4973280 secs] 64403190K->52664840K(187275712K), 0.4977721 secs] [Times: user=3.58 sys=0.37, real=0.49 secs] 
2018-04-14T08:37:19.978+0800: 112398.974: [GC (Allocation Failure) 2018-04-14T08:37:19.979+0800: 112398.975: [ParNew: 11826290K->63698K(13212096K), 0.7306795 secs] 64408968K->52650860K(187275712K), 0.7311249 secs] [Times: user=4.03 sys=1.72, real=0.73 secs] 
2018-04-14T08:37:38.130+0800: 112417.126: [GC (Allocation Failure) 2018-04-14T08:37:38.130+0800: 112417.126: [ParNew: 11807826K->88094K(13212096K), 0.5537367 secs] 64394988K->52677340K(187275712K), 0.5541601 secs] [Times: user=4.11 sys=0.29, real=0.56 secs] 
2018-04-14T08:38:32.950+0800: 112471.946: [GC (Allocation Failure) 2018-04-14T08:38:32.950+0800: 112471.946: [ParNew: 11832222K->70967K(13212096K), 0.6465200 secs] 64421468K->52667739K(187275712K), 0.6469505 secs] [Times: user=4.25 sys=0.85, real=0.65 secs] 
2018-04-14T08:39:46.235+0800: 112545.231: [GC (Allocation Failure) 2018-04-14T08:39:46.235+0800: 112545.231: [ParNew: 11815095K->110474K(13212096K), 0.8053297 secs] 64411867K->52715583K(187275712K), 0.8057590 secs] [Times: user=4.26 sys=2.07, real=0.80 secs] 
2018-04-14T08:40:44.164+0800: 112603.160: [GC (Allocation Failure) 2018-04-14T08:40:44.165+0800: 112603.161: [ParNew: 11854602K->174150K(13212096K), 0.8405403 secs] 64459711K->52781537K(187275712K), 0.8409969 secs] [Times: user=5.13 sys=1.52, real=0.84 secs] 
2018-04-14T08:41:32.926+0800: 112651.922: [GC (Allocation Failure) 2018-04-14T08:41:32.926+0800: 112651.922: [ParNew: 11918278K->186406K(13212096K), 0.8209396 secs] 64525665K->52794513K(187275712K), 0.8213809 secs] [Times: user=5.24 sys=1.30, real=0.82 secs] 
2018-04-14T08:42:03.424+0800: 112682.420: [GC (Allocation Failure) 2018-04-14T08:42:03.424+0800: 112682.420: [ParNew: 11930534K->151805K(13212096K), 0.6860071 secs] 64538641K->52763818K(187275712K), 0.6864408 secs] [Times: user=3.93 sys=1.50, real=0.68 secs] 
2018-04-14T08:42:59.842+0800: 112738.838: [GC (Allocation Failure) 2018-04-14T08:42:59.842+0800: 112738.838: [ParNew: 11895933K->137839K(13212096K), 0.7985582 secs] 64507946K->52751325K(187275712K), 0.7989924 secs] [Times: user=4.62 sys=1.65, real=0.79 secs] 
2018-04-14T08:43:20.807+0800: 112759.803: [GC (Allocation Failure) 2018-04-14T08:43:20.807+0800: 112759.803: [ParNew: 11881967K->182764K(13212096K), 0.6002383 secs] 64495453K->52801056K(187275712K), 0.6006659 secs] [Times: user=4.53 sys=0.20, real=0.60 secs] 
2018-04-14T08:43:44.580+0800: 112783.576: [GC (Allocation Failure) 2018-04-14T08:43:44.581+0800: 112783.577: [ParNew: 11926892K->132463K(13212096K), 0.6214602 secs] 64545184K->52761688K(187275712K), 0.6219279 secs] [Times: user=4.45 sys=0.46, real=0.63 secs] 
2018-04-14T08:44:23.700+0800: 112822.696: [GC (Allocation Failure) 2018-04-14T08:44:23.700+0800: 112822.696: [ParNew: 11876591K->97428K(13212096K), 0.6579103 secs] 64505816K->52736757K(187275712K), 0.6583692 secs] [Times: user=3.96 sys=1.24, real=0.66 secs] 
2018-04-14T08:44:39.964+0800: 112838.960: [GC (Allocation Failure) 2018-04-14T08:44:39.964+0800: 112838.960: [ParNew: 11841556K->107059K(13212096K), 0.5545620 secs] 64480885K->52753753K(187275712K), 0.5549849 secs] [Times: user=3.99 sys=0.41, real=0.55 secs] 
2018-04-14T08:45:06.872+0800: 112865.868: [GC (Allocation Failure) 2018-04-14T08:45:06.873+0800: 112865.869: [ParNew: 11851187K->171959K(13212096K), 0.7512101 secs] 64497881K->52824659K(187275712K), 0.7516549 secs] [Times: user=4.25 sys=1.68, real=0.75 secs] 
2018-04-14T08:45:18.494+0800: 112877.490: [GC (Allocation Failure) 2018-04-14T08:45:18.494+0800: 112877.491: [ParNew: 11916087K->221421K(13212096K), 0.5819237 secs] 64568787K->52888329K(187275712K), 0.5823521 secs] [Times: user=4.38 sys=0.24, real=0.58 secs] 
2018-04-14T08:45:29.229+0800: 112888.225: [GC (Allocation Failure) 2018-04-14T08:45:29.230+0800: 112888.226: [ParNew: 11965549K->193799K(13212096K), 0.5231551 secs] 64632457K->52870429K(187275712K), 0.5235805 secs] [Times: user=3.91 sys=0.24, real=0.53 secs] 
2018-04-14T08:45:41.901+0800: 112900.897: [GC (Allocation Failure) 2018-04-14T08:45:41.901+0800: 112900.897: [ParNew: 11937927K->211206K(13212096K), 0.5913261 secs] 64614557K->52891127K(187275712K), 0.5917590 secs] [Times: user=4.35 sys=0.35, real=0.60 secs] 
2018-04-14T08:45:47.730+0800: 112906.726: [GC (Allocation Failure) 2018-04-14T08:45:47.730+0800: 112906.726: [ParNew: 11955334K->198836K(13212096K), 0.5734899 secs] 64635255K->52884891K(187275712K), 0.5739251 secs] [Times: user=4.48 sys=0.08, real=0.58 secs] 
2018-04-14T08:45:55.568+0800: 112914.565: [GC (Allocation Failure) 2018-04-14T08:45:55.569+0800: 112914.565: [ParNew: 11942964K->167225K(13212096K), 0.6864304 secs] 64629019K->52857905K(187275712K), 0.6868763 secs] [Times: user=4.02 sys=1.41, real=0.69 secs] 
2018-04-14T08:46:06.322+0800: 112925.318: [GC (Allocation Failure) 2018-04-14T08:46:06.322+0800: 112925.318: [ParNew: 11911353K->145146K(13212096K), 0.5886507 secs] 64602033K->52845996K(187275712K), 0.5890712 secs] [Times: user=4.40 sys=0.28, real=0.58 secs] 
2018-04-14T08:46:19.566+0800: 112938.562: [GC (Allocation Failure) 2018-04-14T08:46:19.566+0800: 112938.562: [ParNew: 11889274K->104678K(13212096K), 0.5105213 secs] 64590124K->52807042K(187275712K), 0.5109491 secs] [Times: user=3.68 sys=0.38, real=0.51 secs] 
2018-04-14T08:46:39.460+0800: 112958.456: [GC (Allocation Failure) 2018-04-14T08:46:39.460+0800: 112958.456: [ParNew: 11848806K->83669K(13212096K), 0.7381961 secs] 64551170K->52787799K(187275712K), 0.7386287 secs] [Times: user=4.32 sys=1.47, real=0.74 secs] 
2018-04-14T08:47:33.604+0800: 113012.601: [GC (Allocation Failure) 2018-04-14T08:47:33.605+0800: 113012.601: [ParNew: 11827797K->48598K(13212096K), 0.5674605 secs] 64531927K->52754676K(187275712K), 0.5678865 secs] [Times: user=3.72 sys=0.78, real=0.57 secs] 
2018-04-14T08:47:53.443+0800: 113032.439: [GC (Allocation Failure) 2018-04-14T08:47:53.444+0800: 113032.440: [ParNew: 11792726K->58114K(13212096K), 0.6622392 secs] 64498804K->52764783K(187275712K), 0.6626656 secs] [Times: user=3.78 sys=1.44, real=0.66 secs] 
2018-04-14T08:48:05.347+0800: 113044.343: [GC (Allocation Failure) 2018-04-14T08:48:05.347+0800: 113044.343: [ParNew: 11802242K->55316K(13212096K), 0.5009847 secs] 64508911K->52762837K(187275712K), 0.5014011 secs] [Times: user=3.74 sys=0.25, real=0.50 secs] 
2018-04-14T08:48:19.617+0800: 113058.613: [GC (Allocation Failure) 2018-04-14T08:48:19.617+0800: 113058.613: [ParNew: 11799444K->55085K(13212096K), 0.4954612 secs] 64506965K->52763481K(187275712K), 0.4958818 secs] [Times: user=3.56 sys=0.38, real=0.50 secs] 
2018-04-14T08:48:31.946+0800: 113070.942: [GC (Allocation Failure) 2018-04-14T08:48:31.947+0800: 113070.943: [ParNew: 11799213K->61189K(13212096K), 0.6155322 secs] 64507609K->52771532K(187275712K), 0.6159427 secs] [Times: user=4.48 sys=0.41, real=0.62 secs] 
2018-04-14T08:48:48.992+0800: 113087.988: [GC (Allocation Failure) 2018-04-14T08:48:48.992+0800: 113087.988: [ParNew: 11805317K->54141K(13212096K), 0.6596345 secs] 64515660K->52769068K(187275712K), 0.6600712 secs] [Times: user=3.56 sys=1.64, real=0.66 secs] 
2018-04-14T08:49:41.151+0800: 113140.147: [GC (Allocation Failure) 2018-04-14T08:49:41.151+0800: 113140.147: [ParNew: 11798269K->51495K(13212096K), 0.6199511 secs] 64513196K->52774912K(187275712K), 0.6203765 secs] [Times: user=4.16 sys=0.76, real=0.63 secs] 
2018-04-14T08:50:22.651+0800: 113181.647: [GC (Allocation Failure) 2018-04-14T08:50:22.651+0800: 113181.647: [ParNew: 11795623K->68980K(13212096K), 0.7270012 secs] 64519040K->52795451K(187275712K), 0.7274376 secs] [Times: user=4.25 sys=1.47, real=0.73 secs] 
2018-04-14T08:50:44.010+0800: 113203.006: [GC (Allocation Failure) 2018-04-14T08:50:44.011+0800: 113203.007: [ParNew: 11813108K->125665K(13212096K), 0.7008398 secs] 64539579K->52852617K(187275712K), 0.7012599 secs] [Times: user=4.91 sys=0.67, real=0.71 secs] 
2018-04-14T08:50:55.985+0800: 113214.981: [GC (Allocation Failure) 2018-04-14T08:50:55.985+0800: 113214.981: [ParNew: 11869793K->149411K(13212096K), 0.5349154 secs] 64596745K->52877888K(187275712K), 0.5353455 secs] [Times: user=4.01 sys=0.26, real=0.53 secs] 
2018-04-14T08:51:10.284+0800: 113229.280: [GC (Allocation Failure) 2018-04-14T08:51:10.284+0800: 113229.280: [ParNew: 11893539K->165626K(13212096K), 0.5804780 secs] 64622016K->52895253K(187275712K), 0.5809038 secs] [Times: user=4.29 sys=0.32, real=0.58 secs] 
2018-04-14T08:51:19.880+0800: 113238.876: [GC (Allocation Failure) 2018-04-14T08:51:19.880+0800: 113238.876: [ParNew: 11909754K->196049K(13212096K), 0.5434060 secs] 64639381K->52927067K(187275712K), 0.5438354 secs] [Times: user=3.89 sys=0.43, real=0.55 secs] 
2018-04-14T08:51:38.523+0800: 113257.519: [GC (Allocation Failure) 2018-04-14T08:51:38.523+0800: 113257.519: [ParNew: 11940177K->125423K(13212096K), 0.5677193 secs] 64671195K->52860181K(187275712K), 0.5681404 secs] [Times: user=4.02 sys=0.49, real=0.56 secs] 
2018-04-14T08:51:57.825+0800: 113276.821: [GC (Allocation Failure) 2018-04-14T08:51:57.825+0800: 113276.821: [ParNew: 11869551K->91222K(13212096K), 0.5909052 secs] 64604309K->52836709K(187275712K), 0.5913394 secs] [Times: user=4.29 sys=0.41, real=0.59 secs] 
2018-04-14T08:52:46.504+0800: 113325.500: [GC (Allocation Failure) 2018-04-14T08:52:46.504+0800: 113325.500: [ParNew: 11835350K->50988K(13212096K), 0.6974568 secs] 64580837K->52803863K(187275712K), 0.6978812 secs] [Times: user=3.70 sys=1.81, real=0.70 secs] 
2018-04-14T08:52:59.088+0800: 113338.084: [GC (Allocation Failure) 2018-04-14T08:52:59.088+0800: 113338.084: [ParNew: 11795116K->66815K(13212096K), 0.5240480 secs] 64547991K->52824716K(187275712K), 0.5244728 secs] [Times: user=3.85 sys=0.32, real=0.53 secs] 
2018-04-14T08:53:16.910+0800: 113355.906: [GC (Allocation Failure) 2018-04-14T08:53:16.910+0800: 113355.906: [ParNew: 11810943K->90237K(13212096K), 0.6824637 secs] 64568844K->52851442K(187275712K), 0.6828950 secs] [Times: user=4.19 sys=1.18, real=0.69 secs] 
2018-04-14T08:53:30.269+0800: 113369.265: [GC (Allocation Failure) 2018-04-14T08:53:30.269+0800: 113369.265: [ParNew: 11834365K->91212K(13212096K), 0.5506559 secs] 64595570K->52861331K(187275712K), 0.5510715 secs] [Times: user=4.00 sys=0.35, real=0.55 secs] 
2018-04-14T08:53:42.630+0800: 113381.626: [GC (Allocation Failure) 2018-04-14T08:53:42.630+0800: 113381.627: [ParNew: 11835340K->125147K(13212096K), 0.5836056 secs] 64605459K->52897310K(187275712K), 0.5840303 secs] [Times: user=4.10 sys=0.54, real=0.59 secs] 
2018-04-14T08:54:05.574+0800: 113404.570: [GC (Allocation Failure) 2018-04-14T08:54:05.574+0800: 113404.570: [ParNew: 11869275K->115007K(13212096K), 0.6842347 secs] 64641438K->52889641K(187275712K), 0.6846752 secs] [Times: user=3.63 sys=1.77, real=0.68 secs] 
2018-04-14T08:54:35.220+0800: 113434.216: [GC (Allocation Failure) 2018-04-14T08:54:35.221+0800: 113434.217: [ParNew: 11859135K->77273K(13212096K), 0.5296429 secs] 64633769K->52855147K(187275712K), 0.5300554 secs] [Times: user=3.59 sys=0.62, real=0.53 secs] 
2018-04-14T08:54:51.978+0800: 113450.974: [GC (Allocation Failure) 2018-04-14T08:54:51.978+0800: 113450.975: [ParNew: 11821401K->67836K(13212096K), 0.4984921 secs] 64599275K->52850373K(187275712K), 0.4989205 secs] [Times: user=3.76 sys=0.18, real=0.50 secs] 
2018-04-14T08:55:33.028+0800: 113492.024: [GC (Allocation Failure) 2018-04-14T08:55:33.028+0800: 113492.024: [ParNew: 11811964K->62596K(13212096K), 0.7537497 secs] 64594501K->52849454K(187275712K), 0.7541763 secs] [Times: user=4.09 sys=1.85, real=0.76 secs] 
2018-04-14T08:56:17.886+0800: 113536.882: [GC (Allocation Failure) 2018-04-14T08:56:17.886+0800: 113536.882: [ParNew: 11806724K->56880K(13212096K), 0.6483444 secs] 64593582K->52849068K(187275712K), 0.6487991 secs] [Times: user=4.52 sys=0.64, real=0.65 secs] 
2018-04-14T08:58:17.137+0800: 113656.133: [GC (Allocation Failure) 2018-04-14T08:58:17.137+0800: 113656.134: [ParNew: 11801008K->92384K(13212096K), 1.0154701 secs] 64593196K->52887203K(187275712K), 1.0159053 secs] [Times: user=5.09 sys=2.94, real=1.02 secs] 
2018-04-14T09:00:56.171+0800: 113815.167: [GC (Allocation Failure) 2018-04-14T09:00:56.171+0800: 113815.167: [ParNew: 11836512K->102679K(13212096K), 0.9858253 secs] 64631331K->52899309K(187275712K), 0.9862726 secs] [Times: user=6.05 sys=1.67, real=0.99 secs] 
2018-04-14T09:01:49.135+0800: 113868.131: [GC (Allocation Failure) 2018-04-14T09:01:49.135+0800: 113868.131: [ParNew: 11846807K->85657K(13212096K), 0.6204536 secs] 64643437K->52883185K(187275712K), 0.6208887 secs] [Times: user=4.10 sys=0.84, real=0.62 secs] 
2018-04-14T09:02:05.106+0800: 113884.102: [GC (Allocation Failure) 2018-04-14T09:02:05.106+0800: 113884.102: [ParNew: 11829785K->92213K(13212096K), 0.4859415 secs] 64627313K->52891404K(187275712K), 0.4863599 secs] [Times: user=3.60 sys=0.27, real=0.49 secs] 
2018-04-14T09:02:25.287+0800: 113904.283: [GC (Allocation Failure) 2018-04-14T09:02:25.287+0800: 113904.283: [ParNew: 11836341K->90209K(13212096K), 0.6858711 secs] 64635532K->52892822K(187275712K), 0.6863055 secs] [Times: user=4.25 sys=1.18, real=0.69 secs] 
2018-04-14T09:02:35.381+0800: 113914.377: [GC (Allocation Failure) 2018-04-14T09:02:35.381+0800: 113914.377: [ParNew: 11834337K->86715K(13212096K), 0.4918449 secs] 64636950K->52893500K(187275712K), 0.4922647 secs] [Times: user=3.68 sys=0.23, real=0.50 secs] 
2018-04-14T09:02:42.996+0800: 113921.992: [GC (Allocation Failure) 2018-04-14T09:02:42.996+0800: 113921.992: [ParNew: 11830843K->84406K(13212096K), 0.5040037 secs] 64637628K->52903612K(187275712K), 0.5044241 secs] [Times: user=3.81 sys=0.18, real=0.50 secs] 
2018-04-14T09:02:48.903+0800: 113927.899: [GC (Allocation Failure) 2018-04-14T09:02:48.903+0800: 113927.899: [ParNew: 11828534K->71009K(13212096K), 0.5078284 secs] 64647740K->52910482K(187275712K), 0.5082508 secs] [Times: user=3.82 sys=0.20, real=0.50 secs] 
2018-04-14T09:02:54.702+0800: 113933.698: [GC (Allocation Failure) 2018-04-14T09:02:54.702+0800: 113933.698: [ParNew: 11815137K->45839K(13212096K), 0.4460981 secs] 64654610K->52894288K(187275712K), 0.4465320 secs] [Times: user=3.45 sys=0.09, real=0.44 secs] 
2018-04-14T09:03:00.022+0800: 113939.018: [GC (Allocation Failure) 2018-04-14T09:03:00.022+0800: 113939.018: [ParNew: 11789967K->48059K(13212096K), 0.5089864 secs] 64638416K->52899903K(187275712K), 0.5094139 secs] [Times: user=3.57 sys=0.47, real=0.50 secs] 
2018-04-14T09:03:06.062+0800: 113945.058: [GC (Allocation Failure) 2018-04-14T09:03:06.063+0800: 113945.059: [ParNew: 11792187K->48111K(13212096K), 0.5013887 secs] 64644031K->52904515K(187275712K), 0.5018056 secs] [Times: user=3.39 sys=0.59, real=0.50 secs] 
2018-04-14T09:03:16.265+0800: 113955.261: [GC (Allocation Failure) 2018-04-14T09:03:16.265+0800: 113955.261: [ParNew: 11792239K->59403K(13212096K), 0.5435829 secs] 64648643K->52917650K(187275712K), 0.5439979 secs] [Times: user=3.98 sys=0.35, real=0.54 secs] 
2018-04-14T09:03:30.544+0800: 113969.540: [GC (Allocation Failure) 2018-04-14T09:03:30.544+0800: 113969.540: [ParNew: 11803531K->73181K(13212096K), 0.5035577 secs] 64661778K->52932634K(187275712K), 0.5039773 secs] [Times: user=3.53 sys=0.48, real=0.50 secs] 
2018-04-14T09:03:53.190+0800: 113992.186: [GC (Allocation Failure) 2018-04-14T09:03:53.190+0800: 113992.186: [ParNew: 11817309K->89439K(13212096K), 0.7000999 secs] 64676762K->52950090K(187275712K), 0.7005278 secs] [Times: user=3.54 sys=1.97, real=0.70 secs] 
2018-04-14T09:04:18.901+0800: 114017.897: [GC (Allocation Failure) 2018-04-14T09:04:18.901+0800: 114017.897: [ParNew: 11833567K->95278K(13212096K), 0.5858344 secs] 64694218K->52956664K(187275712K), 0.5862462 secs] [Times: user=4.03 sys=0.64, real=0.58 secs] 
2018-04-14T09:04:35.066+0800: 114034.062: [GC (Allocation Failure) 2018-04-14T09:04:35.066+0800: 114034.062: [ParNew: 11839406K->78435K(13212096K), 0.5420950 secs] 64700792K->52940451K(187275712K), 0.5425116 secs] [Times: user=3.81 sys=0.51, real=0.54 secs] 
2018-04-14T09:04:51.881+0800: 114050.877: [GC (Allocation Failure) 2018-04-14T09:04:51.881+0800: 114050.877: [ParNew: 11822563K->88025K(13212096K), 0.6301020 secs] 64684579K->52950794K(187275712K), 0.6305384 secs] [Times: user=3.81 sys=1.18, real=0.64 secs] 
2018-04-14T09:05:08.723+0800: 114067.719: [GC (Allocation Failure) 2018-04-14T09:05:08.723+0800: 114067.719: [ParNew: 11832153K->103380K(13212096K), 0.5180601 secs] 64694922K->52968488K(187275712K), 0.5184830 secs] [Times: user=3.69 sys=0.42, real=0.52 secs] 
2018-04-14T09:05:28.405+0800: 114087.401: [GC (Allocation Failure) 2018-04-14T09:05:28.405+0800: 114087.401: [ParNew: 11847508K->108658K(13212096K), 0.6326930 secs] 64712616K->52975514K(187275712K), 0.6331070 secs] [Times: user=4.39 sys=0.64, real=0.63 secs] 
2018-04-14T09:05:44.296+0800: 114103.292: [GC (Allocation Failure) 2018-04-14T09:05:44.297+0800: 114103.293: [ParNew: 11852786K->118461K(13212096K), 0.6799867 secs] 64719642K->52987167K(187275712K), 0.6804204 secs] [Times: user=3.88 sys=1.49, real=0.68 secs] 
2018-04-14T09:06:05.841+0800: 114124.837: [GC (Allocation Failure) 2018-04-14T09:06:05.841+0800: 114124.837: [ParNew: 11862589K->141496K(13212096K), 0.5823011 secs] 64731295K->53012208K(187275712K), 0.5827235 secs] [Times: user=3.99 sys=0.65, real=0.58 secs] 
2018-04-14T09:06:44.371+0800: 114163.367: [GC (Allocation Failure) 2018-04-14T09:06:44.372+0800: 114163.368: [ParNew: 11885624K->137899K(13212096K), 0.7405235 secs] 64756336K->53010484K(187275712K), 0.7409676 secs] [Times: user=4.14 sys=1.70, real=0.74 secs] 
2018-04-14T09:06:57.591+0800: 114176.587: [GC (Allocation Failure) 2018-04-14T09:06:57.591+0800: 114176.587: [ParNew: 11882027K->195362K(13212096K), 0.5793596 secs] 64754612K->53069289K(187275712K), 0.5797678 secs] [Times: user=4.29 sys=0.33, real=0.58 secs] 
2018-04-14T09:07:07.809+0800: 114186.805: [GC (Allocation Failure) 2018-04-14T09:07:07.809+0800: 114186.805: [ParNew: 11939490K->187835K(13212096K), 0.5247186 secs] 64813417K->53065215K(187275712K), 0.5251485 secs] [Times: user=3.95 sys=0.23, real=0.53 secs] 
2018-04-14T09:07:16.111+0800: 114195.107: [GC (Allocation Failure) 2018-04-14T09:07:16.111+0800: 114195.107: [ParNew: 11931963K->169274K(13212096K), 0.5740064 secs] 64809343K->53049922K(187275712K), 0.5744308 secs] [Times: user=4.35 sys=0.21, real=0.58 secs] 
2018-04-14T09:07:36.428+0800: 114215.424: [GC (Allocation Failure) 2018-04-14T09:07:36.429+0800: 114215.425: [ParNew: 11913402K->120180K(13212096K), 0.6662323 secs] 64794050K->53004078K(187275712K), 0.6666528 secs] [Times: user=3.78 sys=1.50, real=0.67 secs] 
2018-04-14T09:08:02.692+0800: 114241.688: [GC (Allocation Failure) 2018-04-14T09:08:02.693+0800: 114241.689: [ParNew: 11864308K->132291K(13212096K), 0.5669095 secs] 64748206K->53020964K(187275712K), 0.5673460 secs] [Times: user=3.92 sys=0.59, real=0.56 secs] 
2018-04-14T09:08:41.594+0800: 114280.590: [GC (Allocation Failure) 2018-04-14T09:08:41.594+0800: 114280.590: [ParNew: 11876419K->94551K(13212096K), 0.7669187 secs] 64765092K->52994561K(187275712K), 0.7673597 secs] [Times: user=4.37 sys=1.69, real=0.76 secs] 
2018-04-14T09:08:52.980+0800: 114291.976: [GC (Allocation Failure) 2018-04-14T09:08:52.980+0800: 114291.976: [ParNew: 11838679K->95583K(13212096K), 0.5453952 secs] 64738689K->53009252K(187275712K), 0.5458204 secs] [Times: user=4.27 sys=0.06, real=0.55 secs] 
2018-04-14T09:09:02.841+0800: 114301.837: [GC (Allocation Failure) 2018-04-14T09:09:02.841+0800: 114301.837: [ParNew: 11839711K->84606K(13212096K), 0.5001897 secs] 64753380K->53007567K(187275712K), 0.5006158 secs] [Times: user=3.68 sys=0.28, real=0.51 secs] 
2018-04-14T09:09:20.130+0800: 114319.126: [GC (Allocation Failure) 2018-04-14T09:09:20.130+0800: 114319.126: [ParNew: 11828734K->92065K(13212096K), 0.5156511 secs] 64751695K->53018317K(187275712K), 0.5160856 secs] [Times: user=3.68 sys=0.65, real=0.52 secs] 
2018-04-14T09:09:35.545+0800: 114334.541: [GC (Allocation Failure) 2018-04-14T09:09:35.546+0800: 114334.542: [ParNew: 11836193K->79906K(13212096K), 0.6564402 secs] 64762445K->53012751K(187275712K), 0.6568853 secs] [Times: user=3.72 sys=1.46, real=0.66 secs] 
2018-04-14T09:10:05.822+0800: 114364.818: [GC (Allocation Failure) 2018-04-14T09:10:05.822+0800: 114364.818: [ParNew: 11824034K->99623K(13212096K), 0.5488174 secs] 64756879K->53039809K(187275712K), 0.5492466 secs] [Times: user=3.82 sys=0.52, real=0.54 secs] 
2018-04-14T09:11:04.403+0800: 114423.399: [GC (Allocation Failure) 2018-04-14T09:11:04.403+0800: 114423.399: [ParNew: 11843751K->108270K(13212096K), 0.7760861 secs] 64783937K->53053968K(187275712K), 0.7765415 secs] [Times: user=4.37 sys=1.66, real=0.77 secs] 
2018-04-14T09:11:48.365+0800: 114467.361: [GC (Allocation Failure) 2018-04-14T09:11:48.365+0800: 114467.361: [ParNew: 11852398K->143409K(13212096K), 0.6431936 secs] 64798096K->53091121K(187275712K), 0.6436323 secs] [Times: user=4.36 sys=0.75, real=0.64 secs] 
2018-04-14T09:13:35.615+0800: 114574.611: [GC (Allocation Failure) 2018-04-14T09:13:35.615+0800: 114574.611: [ParNew: 11887537K->145197K(13212096K), 0.8340532 secs] 64835249K->53093791K(187275712K), 0.8344939 secs] [Times: user=4.82 sys=1.76, real=0.83 secs] 
2018-04-14T09:13:52.185+0800: 114591.181: [GC (Allocation Failure) 2018-04-14T09:13:52.185+0800: 114591.181: [ParNew: 11889325K->226242K(13212096K), 0.6000753 secs] 64837919K->53178383K(187275712K), 0.6005118 secs] [Times: user=4.19 sys=0.51, real=0.60 secs] 
2018-04-14T09:14:16.295+0800: 114615.291: [GC (Allocation Failure) 2018-04-14T09:14:16.295+0800: 114615.292: [ParNew: 11970370K->210817K(13212096K), 0.6064167 secs] 64922511K->53165333K(187275712K), 0.6068517 secs] [Times: user=4.43 sys=0.38, real=0.61 secs] 
2018-04-14T09:14:33.760+0800: 114632.756: [GC (Allocation Failure) 2018-04-14T09:14:33.760+0800: 114632.756: [ParNew: 11954945K->163387K(13212096K), 0.6792920 secs] 64909461K->53121961K(187275712K), 0.6797254 secs] [Times: user=3.92 sys=1.46, real=0.68 secs] 
2018-04-14T09:14:52.321+0800: 114651.318: [GC (Allocation Failure) 2018-04-14T09:14:52.322+0800: 114651.318: [ParNew: 11907515K->167158K(13212096K), 0.5790355 secs] 64866089K->53137524K(187275712K), 0.5794635 secs] [Times: user=3.99 sys=0.61, real=0.57 secs] 
2018-04-14T09:15:06.704+0800: 114665.700: [GC (Allocation Failure) 2018-04-14T09:15:06.704+0800: 114665.700: [ParNew: 11911286K->192132K(13212096K), 0.6941163 secs] 64881652K->53167091K(187275712K), 0.6945489 secs] [Times: user=4.11 sys=1.38, real=0.69 secs] 
2018-04-14T09:15:30.187+0800: 114689.183: [GC (Allocation Failure) 2018-04-14T09:15:30.187+0800: 114689.183: [ParNew: 11936260K->172858K(13212096K), 0.5432944 secs] 64911219K->53163185K(187275712K), 0.5437161 secs] [Times: user=3.92 sys=0.38, real=0.54 secs] 
2018-04-14T09:15:50.733+0800: 114709.729: [GC (Allocation Failure) 2018-04-14T09:15:50.733+0800: 114709.729: [ParNew: 11916986K->100922K(13212096K), 0.5984004 secs] 64907313K->53103626K(187275712K), 0.5988178 secs] [Times: user=4.25 sys=0.50, real=0.60 secs] 
2018-04-14T09:16:08.859+0800: 114727.855: [GC (Allocation Failure) 2018-04-14T09:16:08.859+0800: 114727.855: [ParNew: 11845050K->78807K(13212096K), 0.6317979 secs] 64847754K->53087860K(187275712K), 0.6322492 secs] [Times: user=3.76 sys=1.22, real=0.64 secs] 
2018-04-14T09:16:51.397+0800: 114770.393: [GC (Allocation Failure) 2018-04-14T09:16:51.397+0800: 114770.393: [ParNew: 11822935K->79899K(13212096K), 0.5895664 secs] 64831988K->53089379K(187275712K), 0.5899857 secs] [Times: user=4.02 sys=0.68, real=0.59 secs] 
2018-04-14T09:17:57.393+0800: 114836.389: [GC (Allocation Failure) 2018-04-14T09:17:57.394+0800: 114836.390: [ParNew: 11824027K->58199K(13212096K), 0.7421505 secs] 64833507K->53068512K(187275712K), 0.7425844 secs] [Times: user=4.10 sys=1.76, real=0.74 secs] 
2018-04-14T09:18:03.592+0800: 114842.588: [GC (Allocation Failure) 2018-04-14T09:18:03.592+0800: 114842.588: [ParNew: 11802327K->64818K(13212096K), 0.4457801 secs] 64812640K->53076486K(187275712K), 0.4462045 secs] [Times: user=3.53 sys=0.01, real=0.44 secs] 
2018-04-14T09:18:11.261+0800: 114850.257: [GC (Allocation Failure) 2018-04-14T09:18:11.261+0800: 114850.257: [ParNew: 11808946K->71441K(13212096K), 0.4839325 secs] 64820614K->53086038K(187275712K), 0.4843526 secs] [Times: user=3.63 sys=0.21, real=0.49 secs] 
2018-04-14T09:18:20.503+0800: 114859.499: [GC (Allocation Failure) 2018-04-14T09:18:20.503+0800: 114859.499: [ParNew: 11815569K->70792K(13212096K), 0.5047514 secs] 64830166K->53087060K(187275712K), 0.5051630 secs] [Times: user=3.76 sys=0.26, real=0.50 secs] 
2018-04-14T09:18:27.193+0800: 114866.189: [GC (Allocation Failure) 2018-04-14T09:18:27.194+0800: 114866.190: [ParNew: 11814920K->77841K(13212096K), 0.4610687 secs] 64831188K->53096079K(187275712K), 0.4614931 secs] [Times: user=3.53 sys=0.14, real=0.46 secs] 
2018-04-14T09:18:36.146+0800: 114875.142: [GC (Allocation Failure) 2018-04-14T09:18:36.147+0800: 114875.143: [ParNew: 11821969K->69743K(13212096K), 0.4770982 secs] 64840207K->53092351K(187275712K), 0.4775194 secs] [Times: user=3.65 sys=0.15, real=0.48 secs] 
2018-04-14T09:18:44.237+0800: 114883.233: [GC (Allocation Failure) 2018-04-14T09:18:44.237+0800: 114883.233: [ParNew: 11813871K->68195K(13212096K), 0.6906788 secs] 64836479K->53104729K(187275712K), 0.6911062 secs] [Times: user=3.95 sys=1.49, real=0.69 secs] 
2018-04-14T09:18:53.010+0800: 114892.006: [GC (Allocation Failure) 2018-04-14T09:18:53.011+0800: 114892.007: [ParNew: 11812323K->75228K(13212096K), 0.4815054 secs] 64848857K->53113227K(187275712K), 0.4819329 secs] [Times: user=3.67 sys=0.16, real=0.49 secs] 
2018-04-14T09:19:02.269+0800: 114901.265: [GC (Allocation Failure) 2018-04-14T09:19:02.269+0800: 114901.266: [ParNew: 11819356K->80032K(13212096K), 0.5199119 secs] 64857355K->53123999K(187275712K), 0.5203305 secs] [Times: user=3.84 sys=0.29, real=0.52 secs] 
2018-04-14T09:19:17.930+0800: 114916.926: [GC (Allocation Failure) 2018-04-14T09:19:17.930+0800: 114916.926: [ParNew: 11824160K->76451K(13212096K), 0.4994689 secs] 64868127K->53122904K(187275712K), 0.4998863 secs] [Times: user=3.48 sys=0.48, real=0.50 secs] 
2018-04-14T09:19:35.613+0800: 114934.609: [GC (Allocation Failure) 2018-04-14T09:19:35.613+0800: 114934.609: [ParNew: 11820579K->98621K(13212096K), 0.6714754 secs] 64867032K->53147112K(187275712K), 0.6719085 secs] [Times: user=3.62 sys=1.68, real=0.67 secs] 
2018-04-14T09:19:50.284+0800: 114949.280: [GC (Allocation Failure) 2018-04-14T09:19:50.284+0800: 114949.280: [ParNew: 11842749K->103243K(13212096K), 0.6134840 secs] 64891240K->53153152K(187275712K), 0.6138346 secs] [Times: user=4.17 sys=0.73, real=0.61 secs] 
2018-04-14T09:20:19.733+0800: 114978.729: [GC (Allocation Failure) 2018-04-14T09:20:19.733+0800: 114978.729: [ParNew: 11847371K->93147K(13212096K), 0.5322989 secs] 64897280K->53144193K(187275712K), 0.5326546 secs] [Times: user=3.70 sys=0.54, real=0.53 secs] 
2018-04-14T09:21:45.112+0800: 115064.108: [GC (Allocation Failure) 2018-04-14T09:21:45.112+0800: 115064.108: [ParNew: 11837275K->95034K(13212096K), 1.0170402 secs] 64888321K->53147214K(187275712K), 1.0175777 secs] [Times: user=5.55 sys=2.53, real=1.01 secs] 
2018-04-14T09:22:19.251+0800: 115098.247: [GC (Allocation Failure) 2018-04-14T09:22:19.252+0800: 115098.248: [ParNew: 11839162K->95854K(13212096K), 0.5785389 secs] 64891342K->53149472K(187275712K), 0.5789599 secs] [Times: user=4.26 sys=0.34, real=0.57 secs] 
2018-04-14T09:22:36.585+0800: 115115.582: [GC (Allocation Failure) 2018-04-14T09:22:36.586+0800: 115115.582: [ParNew: 11839982K->123836K(13212096K), 0.8090054 secs] 64893600K->53180736K(187275712K), 0.8094419 secs] [Times: user=4.92 sys=1.50, real=0.81 secs] 
2018-04-14T09:22:49.967+0800: 115128.963: [GC (Allocation Failure) 2018-04-14T09:22:49.967+0800: 115128.963: [ParNew: 11867964K->151181K(13212096K), 0.7484373 secs] 64924864K->53209142K(187275712K), 0.7488604 secs] [Times: user=4.97 sys=1.00, real=0.75 secs] 
2018-04-14T09:23:10.444+0800: 115149.440: [GC (Allocation Failure) 2018-04-14T09:23:10.444+0800: 115149.440: [ParNew: 11895309K->130388K(13212096K), 0.5641656 secs] 64953270K->53190884K(187275712K), 0.5646141 secs] [Times: user=4.14 sys=0.35, real=0.56 secs] 
2018-04-14T09:23:34.350+0800: 115173.346: [GC (Allocation Failure) 2018-04-14T09:23:34.350+0800: 115173.346: [ParNew: 11874465K->155141K(13212096K), 0.7481197 secs] 64934961K->53218283K(187275712K), 0.7485554 secs] [Times: user=4.58 sys=1.37, real=0.75 secs] 
2018-04-14T09:23:59.029+0800: 115198.026: [GC (Allocation Failure) 2018-04-14T09:23:59.030+0800: 115198.026: [ParNew: 11899266K->183060K(13212096K), 1.1226522 secs] 64962408K->53256015K(187275712K), 1.1230596 secs] [Times: user=7.17 sys=1.77, real=1.13 secs] 
2018-04-14T09:24:18.343+0800: 115217.339: [GC (Allocation Failure) 2018-04-14T09:24:18.343+0800: 115217.339: [ParNew: 11927188K->180921K(13212096K), 0.9127187 secs] 65000143K->53260180K(187275712K), 0.9131362 secs] [Times: user=6.05 sys=1.19, real=0.91 secs] 
2018-04-14T09:24:42.134+0800: 115241.130: [GC (Allocation Failure) 2018-04-14T09:24:42.134+0800: 115241.130: [ParNew: 11925049K->191747K(13212096K), 0.9330444 secs] 65004308K->53276094K(187275712K), 0.9335015 secs] [Times: user=6.15 sys=1.28, real=0.93 secs] 
2018-04-14T09:25:03.637+0800: 115262.634: [GC (Allocation Failure) 2018-04-14T09:25:03.638+0800: 115262.634: [ParNew: 11935875K->172417K(13212096K), 0.7932870 secs] 65020222K->53259925K(187275712K), 0.7937028 secs] [Times: user=5.53 sys=0.79, real=0.80 secs] 
2018-04-14T09:25:15.515+0800: 115274.511: [GC (Allocation Failure) 2018-04-14T09:25:15.515+0800: 115274.511: [ParNew: 11916545K->164315K(13212096K), 0.6269235 secs] 65004053K->53254743K(187275712K), 0.6273356 secs] [Times: user=4.26 sys=0.73, real=0.63 secs] 
2018-04-14T09:25:26.440+0800: 115285.436: [GC (Allocation Failure) 2018-04-14T09:25:26.441+0800: 115285.437: [ParNew: 11908443K->133567K(13212096K), 0.5023991 secs] 64998871K->53227623K(187275712K), 0.5028042 secs] [Times: user=3.95 sys=0.05, real=0.51 secs] 
2018-04-14T09:25:37.187+0800: 115296.183: [GC (Allocation Failure) 2018-04-14T09:25:37.187+0800: 115296.183: [ParNew: 11877695K->137483K(13212096K), 0.5710256 secs] 64971751K->53235684K(187275712K), 0.5714328 secs] [Times: user=4.07 sys=0.48, real=0.57 secs] 
2018-04-14T09:25:52.128+0800: 115311.124: [GC (Allocation Failure) 2018-04-14T09:25:52.129+0800: 115311.125: [ParNew: 11881611K->131771K(13212096K), 0.5485625 secs] 64979812K->53234116K(187275712K), 0.5489678 secs] [Times: user=4.05 sys=0.31, real=0.55 secs] 
2018-04-14T09:26:09.601+0800: 115328.597: [GC (Allocation Failure) 2018-04-14T09:26:09.602+0800: 115328.598: [ParNew: 11875899K->100454K(13212096K), 0.6700698 secs] 64978244K->53209123K(187275712K), 0.6704899 secs] [Times: user=3.78 sys=1.51, real=0.67 secs] 
2018-04-14T09:26:32.829+0800: 115351.825: [GC (Allocation Failure) 2018-04-14T09:26:32.829+0800: 115351.825: [ParNew: 11844582K->114485K(13212096K), 0.5388759 secs] 64953251K->53232750K(187275712K), 0.5392781 secs] [Times: user=3.88 sys=0.40, real=0.54 secs] 
2018-04-14T09:26:46.599+0800: 115365.595: [GC (Allocation Failure) 2018-04-14T09:26:46.599+0800: 115365.596: [ParNew: 11858613K->109872K(13212096K), 0.5057157 secs] 64976878K->53235444K(187275712K), 0.5061270 secs] [Times: user=3.63 sys=0.38, real=0.51 secs] 
2018-04-14T09:26:54.226+0800: 115373.222: [GC (Allocation Failure) 2018-04-14T09:26:54.226+0800: 115373.222: [ParNew: 11854000K->102996K(13212096K), 0.5086128 secs] 64979572K->53233305K(187275712K), 0.5090108 secs] [Times: user=3.85 sys=0.20, real=0.51 secs] 
2018-04-14T09:27:03.462+0800: 115382.458: [GC (Allocation Failure) 2018-04-14T09:27:03.463+0800: 115382.459: [ParNew: 11847124K->125486K(13212096K), 0.6521672 secs] 64977433K->53259716K(187275712K), 0.6525737 secs] [Times: user=3.68 sys=1.46, real=0.65 secs] 
2018-04-14T09:27:21.628+0800: 115400.624: [GC (Allocation Failure) 2018-04-14T09:27:21.628+0800: 115400.624: [ParNew: 11869614K->80206K(13212096K), 0.4708683 secs] 65003844K->53216318K(187275712K), 0.4712777 secs] [Times: user=3.55 sys=0.20, real=0.47 secs] 
2018-04-14T09:27:41.894+0800: 115420.890: [GC (Allocation Failure) 2018-04-14T09:27:41.894+0800: 115420.890: [ParNew: 11824334K->101233K(13212096K), 0.5423880 secs] 64960446K->53240784K(187275712K), 0.5428270 secs] [Times: user=3.82 sys=0.49, real=0.54 secs] 
2018-04-14T09:28:17.086+0800: 115456.082: [GC (Allocation Failure) 2018-04-14T09:28:17.087+0800: 115456.083: [ParNew: 11845361K->145227K(13212096K), 0.7067831 secs] 64984912K->53291158K(187275712K), 0.7071925 secs] [Times: user=4.09 sys=1.48, real=0.71 secs] 
2018-04-14T09:29:15.039+0800: 115514.035: [GC (Allocation Failure) 2018-04-14T09:29:15.040+0800: 115514.036: [ParNew: 11889355K->117638K(13212096K), 0.7062628 secs] 65035286K->53269642K(187275712K), 0.7066790 secs] [Times: user=4.54 sys=1.06, real=0.71 secs] 
2018-04-14T09:30:15.505+0800: 115574.501: [GC (Allocation Failure) 2018-04-14T09:30:15.505+0800: 115574.501: [ParNew: 11861766K->167894K(13212096K), 0.7995694 secs] 65013770K->53322304K(187275712K), 0.7999840 secs] [Times: user=4.31 sys=2.00, real=0.80 secs] 
2018-04-14T09:30:51.638+0800: 115610.634: [GC (Allocation Failure) 2018-04-14T09:30:51.639+0800: 115610.635: [ParNew: 11912022K->173632K(13212096K), 0.8013836 secs] 65066432K->53329808K(187275712K), 0.8018056 secs] [Times: user=4.69 sys=1.55, real=0.80 secs] 
2018-04-14T09:31:17.623+0800: 115636.620: [GC (Allocation Failure) 2018-04-14T09:31:17.624+0800: 115636.620: [ParNew: 11917760K->163156K(13212096K), 0.6356943 secs] 65073936K->53322532K(187275712K), 0.6361022 secs] [Times: user=4.35 sys=0.68, real=0.63 secs] 
2018-04-14T09:31:51.360+0800: 115670.356: [GC (Allocation Failure) 2018-04-14T09:31:51.360+0800: 115670.356: [ParNew: 11907284K->142911K(13212096K), 0.5800579 secs] 65066660K->53309590K(187275712K), 0.5804592 secs] [Times: user=4.20 sys=0.41, real=0.58 secs] 
2018-04-14T09:32:07.225+0800: 115686.221: [GC (Allocation Failure) 2018-04-14T09:32:07.226+0800: 115686.222: [ParNew: 11887039K->133697K(13212096K), 0.6505325 secs] 65053718K->53307227K(187275712K), 0.6509430 secs] [Times: user=3.89 sys=1.25, real=0.65 secs] 
2018-04-14T09:32:20.689+0800: 115699.685: [GC (Allocation Failure) 2018-04-14T09:32:20.689+0800: 115699.685: [ParNew: 11877825K->122912K(13212096K), 0.5213507 secs] 65051355K->53315997K(187275712K), 0.5217483 secs] [Times: user=3.86 sys=0.27, real=0.52 secs] 
2018-04-14T09:32:39.496+0800: 115718.492: [GC (Allocation Failure) 2018-04-14T09:32:39.496+0800: 115718.492: [ParNew: 11867040K->120096K(13212096K), 0.5510027 secs] 65060125K->53332215K(187275712K), 0.5514148 secs] [Times: user=3.89 sys=0.46, real=0.55 secs] 
2018-04-14T09:32:49.319+0800: 115728.315: [GC (Allocation Failure) 2018-04-14T09:32:49.319+0800: 115728.315: [ParNew: 11864224K->99728K(13212096K), 0.6519899 secs] 65076343K->53321827K(187275712K), 0.6524049 secs] [Times: user=4.02 sys=1.13, real=0.66 secs] 
2018-04-14T09:33:34.765+0800: 115773.761: [GC (Allocation Failure) 2018-04-14T09:33:34.765+0800: 115773.761: [ParNew: 11843856K->90803K(13212096K), 0.7478340 secs] 65065955K->53321877K(187275712K), 0.7482482 secs] [Times: user=4.88 sys=1.06, real=0.75 secs] 
2018-04-14T09:33:58.659+0800: 115797.655: [GC (Allocation Failure) 2018-04-14T09:33:58.659+0800: 115797.655: [ParNew: 11834931K->84360K(13212096K), 0.7263870 secs] 65066005K->53319291K(187275712K), 0.7267954 secs] [Times: user=4.22 sys=1.50, real=0.73 secs] 
2018-04-14T09:34:30.453+0800: 115829.449: [GC (Allocation Failure) 2018-04-14T09:34:30.453+0800: 115829.449: [ParNew: 11828488K->107575K(13212096K), 0.5837514 secs] 65063419K->53343912K(187275712K), 0.5841556 secs] [Times: user=4.06 sys=0.59, real=0.58 secs] 
2018-04-14T09:34:58.204+0800: 115857.200: [GC (Allocation Failure) 2018-04-14T09:34:58.204+0800: 115857.200: [ParNew: 11851703K->135343K(13212096K), 0.5528166 secs] 65088040K->53377491K(187275712K), 0.5532216 secs] [Times: user=4.02 sys=0.37, real=0.55 secs] 
2018-04-14T09:35:37.802+0800: 115896.798: [GC (Allocation Failure) 2018-04-14T09:35:37.803+0800: 115896.799: [ParNew: 11879471K->130451K(13212096K), 0.8217477 secs] 65121619K->53376144K(187275712K), 0.8221507 secs] [Times: user=4.55 sys=1.97, real=0.82 secs] 
2018-04-14T09:36:08.705+0800: 115927.701: [GC (Allocation Failure) 2018-04-14T09:36:08.705+0800: 115927.701: [ParNew: 11874579K->111375K(13212096K), 0.5874092 secs] 65120272K->53358755K(187275712K), 0.5878019 secs] [Times: user=4.10 sys=0.58, real=0.59 secs] 
2018-04-14T09:36:40.595+0800: 115959.591: [GC (Allocation Failure) 2018-04-14T09:36:40.595+0800: 115959.591: [ParNew: 11855503K->129802K(13212096K), 0.6747170 secs] 65102883K->53383242K(187275712K), 0.6751367 secs] [Times: user=3.80 sys=1.52, real=0.67 secs] 
2018-04-14T09:36:55.577+0800: 115974.573: [GC (Allocation Failure) 2018-04-14T09:36:55.577+0800: 115974.573: [ParNew: 11873930K->180253K(13212096K), 0.5944355 secs] 65127370K->53437942K(187275712K), 0.5948605 secs] [Times: user=4.18 sys=0.56, real=0.60 secs] 
2018-04-14T09:37:18.533+0800: 115997.529: [GC (Allocation Failure) 2018-04-14T09:37:18.533+0800: 115997.529: [ParNew: 11924381K->145024K(13212096K), 0.6480541 secs] 65182070K->53408766K(187275712K), 0.6484560 secs] [Times: user=4.77 sys=0.39, real=0.65 secs] 
2018-04-14T09:38:04.765+0800: 116043.761: [GC (Allocation Failure) 2018-04-14T09:38:04.765+0800: 116043.761: [ParNew: 11889152K->120796K(13212096K), 0.8558380 secs] 65152894K->53394208K(187275712K), 0.8562502 secs] [Times: user=4.56 sys=2.22, real=0.86 secs] 
2018-04-14T09:38:33.320+0800: 116072.316: [GC (Allocation Failure) 2018-04-14T09:38:33.320+0800: 116072.316: [ParNew: 11864924K->102345K(13212096K), 0.5446515 secs] 65138336K->53382255K(187275712K), 0.5450568 secs] [Times: user=3.94 sys=0.39, real=0.55 secs] 
2018-04-14T09:38:57.500+0800: 116096.496: [GC (Allocation Failure) 2018-04-14T09:38:57.500+0800: 116096.496: [ParNew: 11846473K->112139K(13212096K), 0.7330685 secs] 65126383K->53397032K(187275712K), 0.7334931 secs] [Times: user=4.22 sys=1.58, real=0.74 secs] 
2018-04-14T09:39:11.230+0800: 116110.226: [GC (Allocation Failure) 2018-04-14T09:39:11.230+0800: 116110.226: [ParNew: 11856267K->108406K(13212096K), 0.5515850 secs] 65141160K->53397181K(187275712K), 0.5519917 secs] [Times: user=4.04 sys=0.36, real=0.56 secs] 
2018-04-14T09:39:24.486+0800: 116123.482: [GC (Allocation Failure) 2018-04-14T09:39:24.486+0800: 116123.482: [ParNew: 11852534K->90805K(13212096K), 0.4763445 secs] 65141309K->53383075K(187275712K), 0.4767291 secs] [Times: user=3.58 sys=0.21, real=0.48 secs] 
2018-04-14T09:39:34.908+0800: 116133.904: [GC (Allocation Failure) 2018-04-14T09:39:34.909+0800: 116133.905: [ParNew: 11834933K->94200K(13212096K), 0.6640075 secs] 65127203K->53390805K(187275712K), 0.6644163 secs] [Times: user=4.04 sys=1.22, real=0.67 secs] 
2018-04-14T09:39:48.330+0800: 116147.326: [GC (Allocation Failure) 2018-04-14T09:39:48.330+0800: 116147.326: [ParNew: 11838328K->104037K(13212096K), 0.6244489 secs] 65134933K->53405568K(187275712K), 0.6248560 secs] [Times: user=4.33 sys=0.64, real=0.63 secs] 
2018-04-14T09:40:10.909+0800: 116169.905: [GC (Allocation Failure) 2018-04-14T09:40:10.909+0800: 116169.905: [ParNew: 11848165K->83462K(13212096K), 0.5496216 secs] 65149696K->53390974K(187275712K), 0.5500224 secs] [Times: user=3.92 sys=0.46, real=0.55 secs] 
2018-04-14T09:40:33.939+0800: 116192.935: [GC (Allocation Failure) 2018-04-14T09:40:33.939+0800: 116192.935: [ParNew: 11827590K->114650K(13212096K), 0.6963958 secs] 65135102K->53424477K(187275712K), 0.6968068 secs] [Times: user=4.39 sys=1.13, real=0.70 secs] 
2018-04-14T09:40:44.456+0800: 116203.452: [GC (Allocation Failure) 2018-04-14T09:40:44.456+0800: 116203.452: [ParNew: 11858778K->115431K(13212096K), 0.5689295 secs] 65168605K->53427110K(187275712K), 0.5693298 secs] [Times: user=4.28 sys=0.25, real=0.57 secs] 
2018-04-14T09:40:54.918+0800: 116213.914: [GC (Allocation Failure) 2018-04-14T09:40:54.919+0800: 116213.915: [ParNew: 11859559K->117129K(13212096K), 0.5240857 secs] 65171238K->53430233K(187275712K), 0.5244959 secs] [Times: user=3.99 sys=0.19, real=0.53 secs] 
2018-04-14T09:41:19.906+0800: 116238.902: [GC (Allocation Failure) 2018-04-14T09:41:19.906+0800: 116238.902: [ParNew: 11861257K->141329K(13212096K), 0.7069610 secs] 65174361K->53458072K(187275712K), 0.7073717 secs] [Times: user=4.23 sys=1.37, real=0.71 secs] 
2018-04-14T09:41:59.455+0800: 116278.451: [GC (Allocation Failure) 2018-04-14T09:41:59.455+0800: 116278.451: [ParNew: 11885457K->122232K(13212096K), 0.6083254 secs] 65202200K->53445477K(187275712K), 0.6087393 secs] [Times: user=4.15 sys=0.68, real=0.61 secs] 
2018-04-14T09:42:16.477+0800: 116295.473: [GC (Allocation Failure) 2018-04-14T09:42:16.477+0800: 116295.473: [ParNew: 11866360K->132829K(13212096K), 0.5327119 secs] 65189605K->53464956K(187275712K), 0.5331128 secs] [Times: user=3.91 sys=0.32, real=0.53 secs] 
2018-04-14T09:42:39.767+0800: 116318.763: [GC (Allocation Failure) 2018-04-14T09:42:39.767+0800: 116318.763: [ParNew: 11876957K->125676K(13212096K), 0.6676601 secs] 65209084K->53468850K(187275712K), 0.6680804 secs] [Times: user=4.03 sys=1.25, real=0.67 secs] 
2018-04-14T09:42:59.904+0800: 116338.900: [GC (Allocation Failure) 2018-04-14T09:42:59.904+0800: 116338.900: [ParNew: 11869804K->137634K(13212096K), 0.5366433 secs] 65212978K->53483946K(187275712K), 0.5370505 secs] [Times: user=3.84 sys=0.42, real=0.54 secs] 
2018-04-14T09:43:10.995+0800: 116349.991: [GC (Allocation Failure) 2018-04-14T09:43:10.995+0800: 116349.991: [ParNew: 11881762K->133589K(13212096K), 0.5552583 secs] 65228074K->53482285K(187275712K), 0.5556518 secs] [Times: user=4.11 sys=0.29, real=0.55 secs] 
2018-04-14T09:43:21.005+0800: 116360.001: [GC (Allocation Failure) 2018-04-14T09:43:21.005+0800: 116360.001: [ParNew: 11877717K->128873K(13212096K), 0.5441220 secs] 65226413K->53486353K(187275712K), 0.5448386 secs] [Times: user=4.19 sys=0.13, real=0.54 secs] 
2018-04-14T09:43:29.272+0800: 116368.268: [GC (Allocation Failure) 2018-04-14T09:43:29.272+0800: 116368.268: [ParNew: 11873001K->103438K(13212096K), 0.6388872 secs] 65230481K->53469149K(187275712K), 0.6392713 secs] [Times: user=3.96 sys=1.08, real=0.63 secs] 
2018-04-14T09:43:37.665+0800: 116376.661: [GC (Allocation Failure) 2018-04-14T09:43:37.665+0800: 116376.661: [ParNew: 11847566K->114138K(13212096K), 0.5945643 secs] 65213277K->53481579K(187275712K), 0.5949337 secs] [Times: user=4.40 sys=0.33, real=0.59 secs] 
2018-04-14T09:43:45.462+0800: 116384.458: [GC (Allocation Failure) 2018-04-14T09:43:45.462+0800: 116384.458: [ParNew: 11858266K->100341K(13212096K), 0.5598898 secs] 65225707K->53470843K(187275712K), 0.5602935 secs] [Times: user=4.21 sys=0.24, real=0.56 secs] 
2018-04-14T09:43:54.696+0800: 116393.692: [GC (Allocation Failure) 2018-04-14T09:43:54.696+0800: 116393.692: [ParNew: 11844469K->136123K(13212096K), 0.5143415 secs] 65214971K->53510938K(187275712K), 0.5147397 secs] [Times: user=3.83 sys=0.25, real=0.51 secs] 
2018-04-14T09:44:13.811+0800: 116412.807: [GC (Allocation Failure) 2018-04-14T09:44:13.811+0800: 116412.807: [ParNew: 11880251K->126711K(13212096K), 0.7318118 secs] 65255066K->53504526K(187275712K), 0.7322271 secs] [Times: user=4.47 sys=1.31, real=0.74 secs] 
2018-04-14T09:44:35.366+0800: 116434.362: [GC (Allocation Failure) 2018-04-14T09:44:35.367+0800: 116434.363: [ParNew: 11870839K->126900K(13212096K), 0.5955898 secs] 65248654K->53507355K(187275712K), 0.5959928 secs] [Times: user=4.28 sys=0.46, real=0.60 secs] 
2018-04-14T09:45:07.503+0800: 116466.499: [GC (Allocation Failure) 2018-04-14T09:45:07.503+0800: 116466.499: [ParNew: 11871028K->126514K(13212096K), 0.6066965 secs] 65251483K->53509442K(187275712K), 0.6071002 secs] [Times: user=4.10 sys=0.71, real=0.60 secs] 
2018-04-14T09:45:28.140+0800: 116487.136: [GC (Allocation Failure) 2018-04-14T09:45:28.140+0800: 116487.136: [ParNew: 11870642K->148231K(13212096K), 0.6518306 secs] 65253570K->53534049K(187275712K), 0.6522425 secs] [Times: user=3.90 sys=1.26, real=0.66 secs] 
2018-04-14T09:45:44.978+0800: 116503.974: [GC (Allocation Failure) 2018-04-14T09:45:44.978+0800: 116503.974: [ParNew: 11892359K->149496K(13212096K), 0.6837054 secs] 65278177K->53538995K(187275712K), 0.6841226 secs] [Times: user=4.92 sys=0.52, real=0.69 secs] 
2018-04-14T09:45:56.662+0800: 116515.658: [GC (Allocation Failure) 2018-04-14T09:45:56.662+0800: 116515.658: [ParNew: 11893624K->190591K(13212096K), 0.5655299 secs] 65283123K->53583681K(187275712K), 0.5659458 secs] [Times: user=4.29 sys=0.20, real=0.56 secs] 
2018-04-14T09:46:14.683+0800: 116533.679: [GC (Allocation Failure) 2018-04-14T09:46:14.684+0800: 116533.680: [ParNew: 11934719K->147821K(13212096K), 0.6827755 secs] 65327809K->53546075K(187275712K), 0.6831938 secs] [Times: user=4.23 sys=1.15, real=0.68 secs] 
2018-04-14T09:46:41.988+0800: 116560.984: [GC (Allocation Failure) 2018-04-14T09:46:41.988+0800: 116560.984: [ParNew: 11891949K->135564K(13212096K), 0.5775251 secs] 65290203K->53539708K(187275712K), 0.5779406 secs] [Times: user=4.00 sys=0.58, real=0.58 secs] 
2018-04-14T09:47:09.579+0800: 116588.575: [GC (Allocation Failure) 2018-04-14T09:47:09.580+0800: 116588.576: [ParNew: 11879692K->145436K(13212096K), 0.5786974 secs] 65283836K->53556872K(187275712K), 0.5791065 secs] [Times: user=4.34 sys=0.27, real=0.58 secs] 
2018-04-14T09:47:20.753+0800: 116599.749: [GC (Allocation Failure) 2018-04-14T09:47:20.753+0800: 116599.749: [ParNew: 11889564K->153093K(13212096K), 0.6454432 secs] 65301000K->53567647K(187275712K), 0.6458632 secs] [Times: user=4.10 sys=1.01, real=0.64 secs] 
2018-04-14T09:47:30.061+0800: 116609.057: [GC (Allocation Failure) 2018-04-14T09:47:30.061+0800: 116609.057: [ParNew: 11897221K->141974K(13212096K), 0.5656952 secs] 65311775K->53559669K(187275712K), 0.5660996 secs] [Times: user=4.32 sys=0.16, real=0.56 secs] 
2018-04-14T09:47:41.807+0800: 116620.803: [GC (Allocation Failure) 2018-04-14T09:47:41.807+0800: 116620.803: [ParNew: 11886102K->105037K(13212096K), 0.5621729 secs] 65303797K->53527062K(187275712K), 0.5625825 secs] [Times: user=4.05 sys=0.42, real=0.56 secs] 
2018-04-14T09:47:51.982+0800: 116630.978: [GC (Allocation Failure) 2018-04-14T09:47:51.982+0800: 116630.978: [ParNew: 11849165K->115127K(13212096K), 0.4859446 secs] 65271190K->53544481K(187275712K), 0.4863478 secs] [Times: user=3.65 sys=0.21, real=0.48 secs] 
2018-04-14T09:48:12.052+0800: 116651.048: [GC (Allocation Failure) 2018-04-14T09:48:12.052+0800: 116651.048: [ParNew: 11859255K->111095K(13212096K), 0.6525401 secs] 65288609K->53552648K(187275712K), 0.6529658 secs] [Times: user=3.62 sys=1.53, real=0.65 secs] 
2018-04-14T09:48:44.989+0800: 116683.985: [GC (Allocation Failure) 2018-04-14T09:48:44.990+0800: 116683.986: [ParNew: 11855223K->102193K(13212096K), 0.6537392 secs] 65296776K->53557899K(187275712K), 0.6541450 secs] [Times: user=4.10 sys=1.06, real=0.66 secs] 
2018-04-14T09:49:45.900+0800: 116744.896: [GC (Allocation Failure) 2018-04-14T09:49:45.901+0800: 116744.897: [ParNew: 11846321K->122004K(13212096K), 0.9073567 secs] 65302027K->53581255K(187275712K), 0.9077835 secs] [Times: user=5.21 sys=1.86, real=0.91 secs] 
2018-04-14T09:50:53.959+0800: 116812.955: [GC (Allocation Failure) 2018-04-14T09:50:53.959+0800: 116812.955: [ParNew: 11866132K->101050K(13212096K), 0.6373920 secs] 65325383K->53562758K(187275712K), 0.6378192 secs] [Times: user=4.31 sys=0.75, real=0.64 secs] 
2018-04-14T09:51:37.875+0800: 116856.871: [GC (Allocation Failure) 2018-04-14T09:51:37.875+0800: 116856.871: [ParNew: 11845178K->122729K(13212096K), 0.6986953 secs] 65306886K->53585873K(187275712K), 0.6991221 secs] [Times: user=4.06 sys=1.48, real=0.70 secs] 
2018-04-14T09:52:04.830+0800: 116883.826: [GC (Allocation Failure) 2018-04-14T09:52:04.830+0800: 116883.827: [ParNew: 11866857K->140275K(13212096K), 0.5437769 secs] 65330001K->53604266K(187275712K), 0.5441874 secs] [Times: user=3.79 sys=0.51, real=0.55 secs] 
2018-04-14T09:52:52.179+0800: 116931.175: [GC (Allocation Failure) 2018-04-14T09:52:52.179+0800: 116931.175: [ParNew: 11884403K->179770K(13212096K), 0.7981315 secs] 65348394K->53645319K(187275712K), 0.7985617 secs] [Times: user=4.66 sys=1.66, real=0.80 secs] 
2018-04-14T09:53:31.487+0800: 116970.483: [GC (Allocation Failure) 2018-04-14T09:53:31.488+0800: 116970.484: [ParNew: 11923898K->152997K(13212096K), 0.6115120 secs] 65389447K->53625823K(187275712K), 0.6119304 secs] [Times: user=4.14 sys=0.72, real=0.61 secs] 
2018-04-14T09:54:08.650+0800: 117007.646: [GC (Allocation Failure) 2018-04-14T09:54:08.650+0800: 117007.646: [ParNew: 11897125K->133775K(13212096K), 0.7191103 secs] 65369951K->53621090K(187275712K), 0.7195342 secs] [Times: user=4.01 sys=1.66, real=0.72 secs] 
2018-04-14T09:54:49.105+0800: 117048.101: [GC (Allocation Failure) 2018-04-14T09:54:49.105+0800: 117048.101: [ParNew: 11877903K->125046K(13212096K), 0.6429868 secs] 65365218K->53625658K(187275712K), 0.6433985 secs] [Times: user=4.50 sys=0.60, real=0.64 secs] 
2018-04-14T09:55:46.924+0800: 117105.920: [GC (Allocation Failure) 2018-04-14T09:55:46.924+0800: 117105.920: [ParNew: 11869174K->95226K(13212096K), 0.7648582 secs] 65369786K->53601013K(187275712K), 0.7652935 secs] [Times: user=4.52 sys=1.51, real=0.76 secs] 
2018-04-14T09:56:09.616+0800: 117128.612: [GC (Allocation Failure) 2018-04-14T09:56:09.616+0800: 117128.612: [ParNew: 11839354K->122914K(13212096K), 0.5695574 secs] 65345141K->53633684K(187275712K), 0.5699619 secs] [Times: user=3.86 sys=0.67, real=0.57 secs] 
2018-04-14T09:56:45.134+0800: 117164.130: [GC (Allocation Failure) 2018-04-14T09:56:45.134+0800: 117164.130: [ParNew: 11867042K->94476K(13212096K), 0.7218894 secs] 65377812K->53615373K(187275712K), 0.7223055 secs] [Times: user=4.44 sys=1.27, real=0.72 secs] 
2018-04-14T09:56:56.698+0800: 117175.694: [GC (Allocation Failure) 2018-04-14T09:56:56.699+0800: 117175.695: [ParNew: 11838604K->80858K(13212096K), 0.4659947 secs] 65359501K->53614155K(187275712K), 0.4664078 secs] [Times: user=3.57 sys=0.13, real=0.47 secs] 
2018-04-14T09:57:03.950+0800: 117182.946: [GC (Allocation Failure) 2018-04-14T09:57:03.950+0800: 117182.946: [ParNew: 11824986K->83671K(13212096K), 0.4637034 secs] 65358283K->53620883K(187275712K), 0.4641092 secs] [Times: user=3.50 sys=0.18, real=0.47 secs] 
2018-04-14T09:57:11.956+0800: 117190.952: [GC (Allocation Failure) 2018-04-14T09:57:11.956+0800: 117190.952: [ParNew: 11827799K->81684K(13212096K), 0.5014940 secs] 65365011K->53634269K(187275712K), 0.5018904 secs] [Times: user=3.87 sys=0.12, real=0.50 secs] 
2018-04-14T09:57:23.469+0800: 117202.465: [GC (Allocation Failure) 2018-04-14T09:57:23.470+0800: 117202.466: [ParNew: 11825812K->62135K(13212096K), 0.5085818 secs] 65378397K->53622445K(187275712K), 0.5089779 secs] [Times: user=3.75 sys=0.28, real=0.51 secs] 
2018-04-14T09:57:33.533+0800: 117212.529: [GC (Allocation Failure) 2018-04-14T09:57:33.533+0800: 117212.530: [ParNew: 11806263K->72905K(13212096K), 0.6681556 secs] 65366573K->53635866K(187275712K), 0.6685706 secs] [Times: user=3.99 sys=1.31, real=0.67 secs] 
2018-04-14T09:57:43.449+0800: 117222.445: [GC (Allocation Failure) 2018-04-14T09:57:43.449+0800: 117222.445: [ParNew: 11817033K->80434K(13212096K), 0.5798906 secs] 65379994K->53649661K(187275712K), 0.5802719 secs] [Times: user=4.29 sys=0.33, real=0.58 secs] 
2018-04-14T09:57:52.965+0800: 117231.961: [GC (Allocation Failure) 2018-04-14T09:57:52.965+0800: 117231.961: [ParNew: 11824562K->67584K(13212096K), 0.4982245 secs] 65393789K->53640012K(187275712K), 0.4985944 secs] [Times: user=3.66 sys=0.30, real=0.50 secs] 
2018-04-14T09:58:03.654+0800: 117242.650: [GC (Allocation Failure) 2018-04-14T09:58:03.654+0800: 117242.650: [ParNew: 11811712K->82190K(13212096K), 0.5160603 secs] 65384140K->53658014K(187275712K), 0.5164275 secs] [Times: user=3.66 sys=0.45, real=0.51 secs] 
2018-04-14T09:58:14.974+0800: 117253.970: [GC (Allocation Failure) 2018-04-14T09:58:14.974+0800: 117253.970: [ParNew: 11826318K->94923K(13212096K), 0.4752273 secs] 65402142K->53671623K(187275712K), 0.4756428 secs] [Times: user=3.66 sys=0.12, real=0.47 secs] 
2018-04-14T09:58:27.208+0800: 117266.204: [GC (Allocation Failure) 2018-04-14T09:58:27.208+0800: 117266.204: [ParNew: 11839051K->89063K(13212096K), 0.6633158 secs] 65415751K->53666808K(187275712K), 0.6637379 secs] [Times: user=3.48 sys=1.76, real=0.67 secs] 
2018-04-14T09:58:39.421+0800: 117278.417: [GC (Allocation Failure) 2018-04-14T09:58:39.421+0800: 117278.417: [ParNew: 11833191K->93373K(13212096K), 0.4934557 secs] 65410936K->53672018K(187275712K), 0.4938668 secs] [Times: user=3.61 sys=0.31, real=0.50 secs] 
2018-04-14T09:58:50.032+0800: 117289.028: [GC (Allocation Failure) 2018-04-14T09:58:50.032+0800: 117289.028: [ParNew: 11837501K->117834K(13212096K), 0.5208911 secs] 65416146K->53697166K(187275712K), 0.5213043 secs] [Times: user=3.76 sys=0.39, real=0.52 secs] 
2018-04-14T09:59:00.303+0800: 117299.299: [GC (Allocation Failure) 2018-04-14T09:59:00.303+0800: 117299.299: [ParNew: 11861962K->128933K(13212096K), 0.5694821 secs] 65441294K->53709927K(187275712K), 0.5698950 secs] [Times: user=4.33 sys=0.21, real=0.57 secs] 
2018-04-14T09:59:09.220+0800: 117308.216: [GC (Allocation Failure) 2018-04-14T09:59:09.220+0800: 117308.216: [ParNew: 11873061K->148174K(13212096K), 0.6814177 secs] 65454055K->53730310K(187275712K), 0.6818491 secs] [Times: user=3.85 sys=1.53, real=0.69 secs] 
2018-04-14T09:59:16.409+0800: 117315.405: [GC (Allocation Failure) 2018-04-14T09:59:16.409+0800: 117315.405: [ParNew: 11892302K->188970K(13212096K), 0.6352711 secs] 65474438K->53772324K(187275712K), 0.6356660 secs] [Times: user=4.96 sys=0.07, real=0.64 secs] 
2018-04-14T09:59:23.625+0800: 117322.621: [GC (Allocation Failure) 2018-04-14T09:59:23.625+0800: 117322.621: [ParNew: 11933098K->207846K(13212096K), 0.6688743 secs] 65516452K->53796635K(187275712K), 0.6692807 secs] [Times: user=5.09 sys=0.21, real=0.67 secs] 
2018-04-14T09:59:31.970+0800: 117330.966: [GC (Allocation Failure) 2018-04-14T09:59:31.971+0800: 117330.967: [ParNew: 11951974K->136944K(13212096K), 0.6091704 secs] 65540763K->53728929K(187275712K), 0.6095869 secs] [Times: user=4.59 sys=0.24, real=0.61 secs] 
2018-04-14T09:59:40.913+0800: 117339.909: [GC (Allocation Failure) 2018-04-14T09:59:40.914+0800: 117339.910: [ParNew: 11881072K->150175K(13212096K), 0.6217747 secs] 65473057K->53747998K(187275712K), 0.6221735 secs] [Times: user=4.69 sys=0.24, real=0.62 secs] 
2018-04-14T09:59:52.343+0800: 117351.339: [GC (Allocation Failure) 2018-04-14T09:59:52.343+0800: 117351.339: [ParNew: 11894303K->96839K(13212096K), 0.6532395 secs] 65492126K->53698557K(187275712K), 0.6536650 secs] [Times: user=3.75 sys=1.41, real=0.65 secs] 
2018-04-14T10:00:12.488+0800: 117371.484: [GC (Allocation Failure) 2018-04-14T10:00:12.488+0800: 117371.484: [ParNew: 11840967K->129610K(13212096K), 0.5762266 secs] 65442685K->53734424K(187275712K), 0.5766302 secs] [Times: user=4.27 sys=0.31, real=0.58 secs] 
2018-04-14T10:00:32.513+0800: 117391.509: [GC (Allocation Failure) 2018-04-14T10:00:32.513+0800: 117391.509: [ParNew: 11873738K->154047K(13212096K), 0.6853449 secs] 65478552K->53764400K(187275712K), 0.6857564 secs] [Times: user=5.03 sys=0.41, real=0.68 secs] 
2018-04-14T10:00:51.957+0800: 117410.953: [GC (Allocation Failure) 2018-04-14T10:00:51.958+0800: 117410.954: [ParNew: 11898175K->130152K(13212096K), 0.6637854 secs] 65508528K->53745936K(187275712K), 0.6642149 secs] [Times: user=4.06 sys=1.19, real=0.67 secs] 
2018-04-14T10:01:11.979+0800: 117430.975: [GC (Allocation Failure) 2018-04-14T10:01:11.979+0800: 117430.975: [ParNew: 11874280K->137852K(13212096K), 0.7031225 secs] 65490064K->53755113K(187275712K), 0.7035249 secs] [Times: user=4.84 sys=0.74, real=0.71 secs] 
2018-04-14T10:01:37.535+0800: 117456.531: [GC (Allocation Failure) 2018-04-14T10:01:37.535+0800: 117456.531: [ParNew: 11881980K->166714K(13212096K), 0.6006148 secs] 65499241K->53785801K(187275712K), 0.6010155 secs] [Times: user=4.39 sys=0.36, real=0.60 secs] 
2018-04-14T10:01:59.885+0800: 117478.881: [GC (Allocation Failure) 2018-04-14T10:01:59.885+0800: 117478.881: [ParNew: 11910842K->166713K(13212096K), 0.6706085 secs] 65529929K->53788975K(187275712K), 0.6710419 secs] [Times: user=3.95 sys=1.36, real=0.67 secs] 
2018-04-14T10:02:25.540+0800: 117504.536: [GC (Allocation Failure) 2018-04-14T10:02:25.540+0800: 117504.537: [ParNew: 11910841K->164641K(13212096K), 0.7222201 secs] 65533103K->53792777K(187275712K), 0.7226310 secs] [Times: user=4.85 sys=0.89, real=0.73 secs] 
2018-04-14T10:03:06.443+0800: 117545.439: [GC (Allocation Failure) 2018-04-14T10:03:06.443+0800: 117545.439: [ParNew: 11908769K->176353K(13212096K), 0.9935271 secs] 65536905K->53808870K(187275712K), 0.9939339 secs] [Times: user=6.29 sys=1.56, real=0.99 secs] 
2018-04-14T10:03:19.278+0800: 117558.274: [GC (Allocation Failure) 2018-04-14T10:03:19.278+0800: 117558.274: [ParNew: 11920481K->214965K(13212096K), 0.6369140 secs] 65552998K->53850068K(187275712K), 0.6373301 secs] [Times: user=4.85 sys=0.20, real=0.64 secs] 
2018-04-14T10:03:51.997+0800: 117590.993: [GC (Allocation Failure) 2018-04-14T10:03:51.997+0800: 117590.993: [ParNew: 11959093K->159983K(13212096K), 0.7209025 secs] 65594196K->53802703K(187275712K), 0.7213211 secs] [Times: user=5.19 sys=0.51, real=0.72 secs] 
2018-04-14T10:04:10.455+0800: 117609.451: [GC (Allocation Failure) 2018-04-14T10:04:10.456+0800: 117609.452: [ParNew: 11904111K->95752K(13212096K), 0.6409866 secs] 65546831K->53746938K(187275712K), 0.6414302 secs] [Times: user=4.07 sys=1.00, real=0.64 secs] 
2018-04-14T10:05:18.881+0800: 117677.877: [GC (Allocation Failure) 2018-04-14T10:05:18.881+0800: 117677.877: [ParNew: 11839880K->103682K(13212096K), 0.6914817 secs] 65491066K->53758714K(187275712K), 0.6918817 secs] [Times: user=4.48 sys=0.98, real=0.70 secs] 
2018-04-14T10:06:44.027+0800: 117763.023: [GC (Allocation Failure) 2018-04-14T10:06:44.028+0800: 117763.024: [ParNew: 11847810K->128089K(13212096K), 0.7753835 secs] 65502842K->53789809K(187275712K), 0.7757981 secs] [Times: user=4.30 sys=1.75, real=0.78 secs] 
2018-04-14T10:07:47.855+0800: 117826.851: [GC (Allocation Failure) 2018-04-14T10:07:47.855+0800: 117826.851: [ParNew: 11872217K->112658K(13212096K), 0.7511551 secs] 65533937K->53786941K(187275712K), 0.7517499 secs] [Times: user=5.38 sys=0.56, real=0.75 secs] 
2018-04-14T10:09:31.659+0800: 117930.655: [GC (Allocation Failure) 2018-04-14T10:09:31.659+0800: 117930.655: [ParNew: 11856786K->126028K(13212096K), 0.9133074 secs] 65531069K->53803777K(187275712K), 0.9137224 secs] [Times: user=4.98 sys=2.22, real=0.92 secs] 
2018-04-14T10:09:51.289+0800: 117950.285: [GC (Allocation Failure) 2018-04-14T10:09:51.290+0800: 117950.286: [ParNew: 11870156K->124998K(13212096K), 0.6068288 secs] 65547905K->53809192K(187275712K), 0.6079327 secs] [Times: user=4.55 sys=0.26, real=0.61 secs] 
2018-04-14T10:10:25.088+0800: 117984.084: [GC (Allocation Failure) 2018-04-14T10:10:25.088+0800: 117984.084: [ParNew: 11869126K->93035K(13212096K), 0.6503963 secs] 65553320K->53780188K(187275712K), 0.6508007 secs] [Times: user=3.85 sys=1.31, real=0.65 secs] 
2018-04-14T10:10:39.526+0800: 117998.522: [GC (Allocation Failure) 2018-04-14T10:10:39.526+0800: 117998.522: [ParNew: 11837163K->116862K(13212096K), 0.6198098 secs] 65524316K->53813413K(187275712K), 0.6201910 secs] [Times: user=4.51 sys=0.41, real=0.62 secs] 
2018-04-14T10:11:48.135+0800: 118067.131: [GC (Allocation Failure) 2018-04-14T10:11:48.136+0800: 118067.132: [ParNew: 11860990K->105100K(13212096K), 0.7253850 secs] 65557541K->53812411K(187275712K), 0.7257874 secs] [Times: user=4.38 sys=1.33, real=0.73 secs] 
2018-04-14T10:12:14.420+0800: 118093.416: [GC (Allocation Failure) 2018-04-14T10:12:14.420+0800: 118093.416: [ParNew: 11849228K->124114K(13212096K), 0.5792279 secs] 65556539K->53836082K(187275712K), 0.5796176 secs] [Times: user=4.01 sys=0.58, real=0.58 secs] 
2018-04-14T10:12:32.455+0800: 118111.451: [GC (Allocation Failure) 2018-04-14T10:12:32.456+0800: 118111.452: [ParNew: 11868242K->81606K(13212096K), 0.5840174 secs] 65580210K->53809264K(187275712K), 0.5844047 secs] [Times: user=4.32 sys=0.28, real=0.58 secs] 
2018-04-14T10:12:44.015+0800: 118123.011: [GC (Allocation Failure) 2018-04-14T10:12:44.016+0800: 118123.012: [ParNew: 11825734K->98522K(13212096K), 0.6443140 secs] 65553392K->53828041K(187275712K), 0.6447264 secs] [Times: user=4.13 sys=0.97, real=0.64 secs] 
2018-04-14T10:12:53.052+0800: 118132.048: [GC (Allocation Failure) 2018-04-14T10:12:53.053+0800: 118132.049: [ParNew: 11842650K->101736K(13212096K), 0.5647811 secs] 65572169K->53835253K(187275712K), 0.5651735 secs] [Times: user=4.33 sys=0.16, real=0.56 secs] 
2018-04-14T10:13:13.071+0800: 118152.067: [GC (Allocation Failure) 2018-04-14T10:13:13.071+0800: 118152.067: [ParNew: 11845864K->86464K(13212096K), 0.5461844 secs] 65579381K->53822837K(187275712K), 0.5465882 secs] [Times: user=3.87 sys=0.47, real=0.55 secs] 
2018-04-14T10:13:32.077+0800: 118171.073: [GC (Allocation Failure) 2018-04-14T10:13:32.077+0800: 118171.073: [ParNew: 11830592K->84449K(13212096K), 0.5407172 secs] 65566965K->53829213K(187275712K), 0.5411103 secs] [Times: user=4.06 sys=0.22, real=0.54 secs] 
2018-04-14T10:13:59.167+0800: 118198.163: [GC (Allocation Failure) 2018-04-14T10:13:59.167+0800: 118198.163: [ParNew: 11828577K->116212K(13212096K), 0.6324751 secs] 65573341K->53865843K(187275712K), 0.6328863 secs] [Times: user=3.84 sys=1.17, real=0.63 secs] 
2018-04-14T10:14:36.053+0800: 118235.049: [GC (Allocation Failure) 2018-04-14T10:14:36.053+0800: 118235.049: [ParNew: 11860340K->122413K(13212096K), 0.6598849 secs] 65609971K->53877809K(187275712K), 0.6602873 secs] [Times: user=4.57 sys=0.67, real=0.66 secs] 
2018-04-14T10:15:26.245+0800: 118285.241: [GC (Allocation Failure) 2018-04-14T10:15:26.245+0800: 118285.241: [ParNew: 11866541K->94504K(13212096K), 0.7460267 secs] 65621937K->53851197K(187275712K), 0.7464416 secs] [Times: user=4.28 sys=1.62, real=0.75 secs] 
2018-04-14T10:16:45.598+0800: 118364.594: [GC (Allocation Failure) 2018-04-14T10:16:45.598+0800: 118364.594: [ParNew: 11838632K->97189K(13212096K), 0.7724286 secs] 65595325K->53854902K(187275712K), 0.7728546 secs] [Times: user=4.31 sys=1.81, real=0.77 secs] 
2018-04-14T10:17:19.356+0800: 118398.352: [GC (Allocation Failure) 2018-04-14T10:17:19.357+0800: 118398.353: [ParNew: 11841317K->103455K(13212096K), 0.5754084 secs] 65599030K->53862892K(187275712K), 0.5758185 secs] [Times: user=4.06 sys=0.51, real=0.58 secs] 
2018-04-14T10:17:46.632+0800: 118425.628: [GC (Allocation Failure) 2018-04-14T10:17:46.632+0800: 118425.628: [ParNew: 11847583K->124004K(13212096K), 0.6876906 secs] 65607020K->53887578K(187275712K), 0.6881155 secs] [Times: user=4.15 sys=1.28, real=0.68 secs] 
2018-04-14T10:18:22.064+0800: 118461.060: [GC (Allocation Failure) 2018-04-14T10:18:22.064+0800: 118461.060: [ParNew: 11868132K->137649K(13212096K), 0.7107805 secs] 65631706K->53910064K(187275712K), 0.7111930 secs] [Times: user=4.52 sys=1.13, real=0.71 secs] 
2018-04-14T10:18:53.817+0800: 118492.813: [GC (Allocation Failure) 2018-04-14T10:18:53.817+0800: 118492.813: [ParNew: 11881777K->119760K(13212096K), 0.6477029 secs] 65654192K->53902116K(187275712K), 0.6481326 secs] [Times: user=3.88 sys=1.25, real=0.65 secs] 
2018-04-14T10:19:21.421+0800: 118520.417: [GC (Allocation Failure) 2018-04-14T10:19:21.422+0800: 118520.418: [ParNew: 11863888K->123302K(13212096K), 0.6148327 secs] 65646244K->53910368K(187275712K), 0.6152389 secs] [Times: user=4.27 sys=0.61, real=0.61 secs] 
2018-04-14T10:19:45.752+0800: 118544.748: [GC (Allocation Failure) 2018-04-14T10:19:45.752+0800: 118544.748: [ParNew: 11867430K->158606K(13212096K), 0.6778563 secs] 65654496K->53952801K(187275712K), 0.6782778 secs] [Times: user=3.84 sys=1.51, real=0.67 secs] 
2018-04-14T10:20:22.417+0800: 118581.413: [GC (Allocation Failure) 2018-04-14T10:20:22.417+0800: 118581.413: [ParNew: 11902734K->116947K(13212096K), 0.5913289 secs] 65696929K->53916200K(187275712K), 0.5917402 secs] [Times: user=4.28 sys=0.41, real=0.59 secs] 
2018-04-14T10:21:18.636+0800: 118637.632: [GC (Allocation Failure) 2018-04-14T10:21:18.637+0800: 118637.633: [ParNew: 11861075K->105240K(13212096K), 0.7132234 secs] 65660328K->53908503K(187275712K), 0.7136511 secs] [Times: user=4.34 sys=1.31, real=0.71 secs] 
2018-04-14T10:21:29.527+0800: 118648.523: [GC (Allocation Failure) 2018-04-14T10:21:29.527+0800: 118648.523: [ParNew: 11849368K->132788K(13212096K), 0.5516124 secs] 65652631K->53937306K(187275712K), 0.5520240 secs] [Times: user=4.25 sys=0.13, real=0.55 secs] 
2018-04-14T10:21:40.664+0800: 118659.660: [GC (Allocation Failure) 2018-04-14T10:21:40.664+0800: 118659.660: [ParNew: 11876916K->133109K(13212096K), 0.5758271 secs] 65681434K->53938729K(187275712K), 0.5762382 secs] [Times: user=4.30 sys=0.28, real=0.57 secs] 
2018-04-14T10:21:51.319+0800: 118670.315: [GC (Allocation Failure) 2018-04-14T10:21:51.319+0800: 118670.315: [ParNew: 11877237K->129086K(13212096K), 0.5113158 secs] 65682857K->53936476K(187275712K), 0.5117188 secs] [Times: user=3.87 sys=0.20, real=0.51 secs] 
2018-04-14T10:22:08.190+0800: 118687.186: [GC (Allocation Failure) 2018-04-14T10:22:08.190+0800: 118687.186: [ParNew: 11873214K->142472K(13212096K), 0.6732699 secs] 65680604K->53951908K(187275712K), 0.6736832 secs] [Times: user=4.10 sys=1.24, real=0.68 secs] 
2018-04-14T10:22:38.182+0800: 118717.179: [GC (Allocation Failure) 2018-04-14T10:22:38.183+0800: 118717.179: [ParNew: 11886600K->78355K(13212096K), 0.6384816 secs] 65696036K->53899728K(187275712K), 0.6389058 secs] [Times: user=4.52 sys=0.53, real=0.64 secs] 
2018-04-14T10:23:05.602+0800: 118744.598: [GC (Allocation Failure) 2018-04-14T10:23:05.602+0800: 118744.598: [ParNew: 11822483K->86951K(13212096K), 0.6837587 secs] 65643856K->53916556K(187275712K), 0.6841593 secs] [Times: user=4.76 sys=0.69, real=0.68 secs] 
2018-04-14T10:23:21.564+0800: 118760.561: [GC (Allocation Failure) 2018-04-14T10:23:21.565+0800: 118760.561: [ParNew: 11831079K->104821K(13212096K), 0.6672152 secs] 65660684K->53940042K(187275712K), 0.6676474 secs] [Times: user=3.85 sys=1.42, real=0.67 secs] 
2018-04-14T10:23:34.223+0800: 118773.220: [GC (Allocation Failure) 2018-04-14T10:23:34.224+0800: 118773.220: [ParNew: 11848949K->112600K(13212096K), 0.5284130 secs] 65684170K->53949283K(187275712K), 0.5288217 secs] [Times: user=4.03 sys=0.17, real=0.53 secs] 
2018-04-14T10:23:49.725+0800: 118788.721: [GC (Allocation Failure) 2018-04-14T10:23:49.725+0800: 118788.721: [ParNew: 11856728K->121379K(13212096K), 0.5498002 secs] 65693411K->53959309K(187275712K), 0.5502043 secs] [Times: user=4.00 sys=0.37, real=0.55 secs] 
2018-04-14T10:24:25.259+0800: 118824.255: [GC (Allocation Failure) 2018-04-14T10:24:25.259+0800: 118824.255: [ParNew: 11865507K->90554K(13212096K), 0.6699369 secs] 65703437K->53931001K(187275712K), 0.6703639 secs] [Times: user=3.96 sys=1.32, real=0.67 secs] 
2018-04-14T10:24:45.742+0800: 118844.738: [GC (Allocation Failure) 2018-04-14T10:24:45.742+0800: 118844.738: [ParNew: 11834682K->95486K(13212096K), 0.5501625 secs] 65675129K->53937767K(187275712K), 0.5506068 secs] [Times: user=4.06 sys=0.30, real=0.55 secs] 
2018-04-14T10:25:14.620+0800: 118873.616: [GC (Allocation Failure) 2018-04-14T10:25:14.620+0800: 118873.616: [ParNew: 11839614K->119929K(13212096K), 0.6766232 secs] 65681895K->53966311K(187275712K), 0.6770613 secs] [Times: user=4.78 sys=0.59, real=0.68 secs] 
2018-04-14T10:25:59.631+0800: 118918.627: [GC (Allocation Failure) 2018-04-14T10:25:59.631+0800: 118918.627: [ParNew: 11864057K->134966K(13212096K), 0.7675130 secs] 65710439K->53985089K(187275712K), 0.7679480 secs] [Times: user=4.68 sys=1.36, real=0.76 secs] 
2018-04-14T10:28:07.309+0800: 119046.305: [GC (Allocation Failure) 2018-04-14T10:28:07.310+0800: 119046.306: [ParNew: 11879094K->132961K(13212096K), 0.9713127 secs] 65729217K->53985255K(187275712K), 0.9717400 secs] [Times: user=5.76 sys=1.89, real=0.98 secs] 
2018-04-14T10:29:19.625+0800: 119118.621: [GC (Allocation Failure) 2018-04-14T10:29:19.625+0800: 119118.621: [ParNew: 11877089K->140660K(13212096K), 0.6955837 secs] 65729383K->53996167K(187275712K), 0.6960281 secs] [Times: user=4.39 sys=1.07, real=0.70 secs] 
2018-04-14T10:30:12.548+0800: 119171.544: [GC (Allocation Failure) 2018-04-14T10:30:12.548+0800: 119171.544: [ParNew: 11884788K->146483K(13212096K), 0.8107354 secs] 65740295K->54006025K(187275712K), 0.8111855 secs] [Times: user=4.99 sys=1.39, real=0.81 secs] 
2018-04-14T10:30:26.757+0800: 119185.753: [GC (Allocation Failure) 2018-04-14T10:30:26.757+0800: 119185.754: [ParNew: 11890611K->112396K(13212096K), 0.5403786 secs] 65750153K->53974889K(187275712K), 0.5408090 secs] [Times: user=4.07 sys=0.23, real=0.54 secs] 
2018-04-14T10:30:44.949+0800: 119203.945: [GC (Allocation Failure) 2018-04-14T10:30:44.950+0800: 119203.946: [ParNew: 11856524K->127726K(13212096K), 0.5725662 secs] 65719017K->53996039K(187275712K), 0.5729797 secs] [Times: user=4.31 sys=0.23, real=0.58 secs] 
2018-04-14T10:31:03.442+0800: 119222.438: [GC (Allocation Failure) 2018-04-14T10:31:03.442+0800: 119222.438: [ParNew: 11871854K->111596K(13212096K), 0.6873779 secs] 65740167K->53996335K(187275712K), 0.6878154 secs] [Times: user=4.45 sys=0.98, real=0.68 secs] 
2018-04-14T10:31:24.779+0800: 119243.776: [GC (Allocation Failure) 2018-04-14T10:31:24.780+0800: 119243.776: [ParNew: 11855724K->68761K(13212096K), 0.5115424 secs] 65740463K->53972581K(187275712K), 0.5119643 secs] [Times: user=3.82 sys=0.22, real=0.52 secs] 
2018-04-14T10:31:35.796+0800: 119254.792: [GC (Allocation Failure) 2018-04-14T10:31:35.796+0800: 119254.792: [ParNew: 11812889K->64681K(13212096K), 0.5044198 secs] 65716709K->53980125K(187275712K), 0.5048365 secs] [Times: user=3.69 sys=0.31, real=0.50 secs] 
2018-04-14T10:32:15.514+0800: 119294.510: [GC (Allocation Failure) 2018-04-14T10:32:15.514+0800: 119294.510: [ParNew: 11808809K->49210K(13212096K), 0.6996199 secs] 65724253K->53973127K(187275712K), 0.7000532 secs] [Times: user=4.36 sys=1.16, real=0.70 secs] 
2018-04-14T10:32:43.722+0800: 119322.718: [GC (Allocation Failure) 2018-04-14T10:32:43.722+0800: 119322.718: [ParNew: 11793338K->64703K(13212096K), 0.5792623 secs] 65717255K->53989741K(187275712K), 0.5796710 secs] [Times: user=4.30 sys=0.29, real=0.58 secs] 
2018-04-14T10:33:45.074+0800: 119384.070: [GC (Allocation Failure) 2018-04-14T10:33:45.074+0800: 119384.070: [ParNew: 11808831K->87926K(13212096K), 0.6858879 secs] 65733869K->54014985K(187275712K), 0.6866084 secs] [Times: user=4.85 sys=0.59, real=0.68 secs] 
2018-04-14T10:33:57.985+0800: 119396.981: [GC (Allocation Failure) 2018-04-14T10:33:57.985+0800: 119396.981: [ParNew: 11832054K->132676K(13212096K), 0.6721242 secs] 65759113K->54060940K(187275712K), 0.6725453 secs] [Times: user=3.65 sys=1.68, real=0.67 secs] 
2018-04-14T10:34:10.421+0800: 119409.417: [GC (Allocation Failure) 2018-04-14T10:34:10.421+0800: 119409.417: [ParNew: 11876804K->180807K(13212096K), 0.6985247 secs] 65805068K->54111474K(187275712K), 0.6989439 secs] [Times: user=5.06 sys=0.50, real=0.70 secs] 
2018-04-14T10:34:34.937+0800: 119433.933: [GC (Allocation Failure) 2018-04-14T10:34:34.937+0800: 119433.933: [ParNew: 11924935K->123689K(13212096K), 0.5490655 secs] 65855602K->54055310K(187275712K), 0.5494864 secs] [Times: user=4.05 sys=0.31, real=0.55 secs] 
2018-04-14T10:35:04.725+0800: 119463.721: [GC (Allocation Failure) 2018-04-14T10:35:04.725+0800: 119463.721: [ParNew: 11867817K->137249K(13212096K), 0.6991900 secs] 65799438K->54072364K(187275712K), 0.6995539 secs] [Times: user=4.06 sys=1.46, real=0.70 secs] 
2018-04-14T10:35:35.309+0800: 119494.305: [GC (Allocation Failure) 2018-04-14T10:35:35.309+0800: 119494.305: [ParNew: 11881377K->147451K(13212096K), 0.6326246 secs] 65816492K->54086177K(187275712K), 0.6329923 secs] [Times: user=4.33 sys=0.69, real=0.64 secs] 
2018-04-14T10:36:03.549+0800: 119522.545: [GC (Allocation Failure) 2018-04-14T10:36:03.549+0800: 119522.545: [ParNew: 11891579K->121591K(13212096K), 0.6806869 secs] 65830305K->54067356K(187275712K), 0.6811226 secs] [Times: user=3.94 sys=1.44, real=0.68 secs] 
2018-04-14T10:36:37.801+0800: 119556.797: [GC (Allocation Failure) 2018-04-14T10:36:37.801+0800: 119556.798: [ParNew: 11865719K->123313K(13212096K), 0.7515405 secs] 65811484K->54071563K(187275712K), 0.7519704 secs] [Times: user=4.74 sys=1.25, real=0.75 secs] 
2018-04-14T10:37:22.791+0800: 119601.787: [GC (Allocation Failure) 2018-04-14T10:37:22.791+0800: 119601.788: [ParNew: 11867441K->121666K(13212096K), 0.7674759 secs] 65815691K->54072501K(187275712K), 0.7679081 secs] [Times: user=4.52 sys=1.56, real=0.76 secs] 
2018-04-14T10:37:55.351+0800: 119634.347: [GC (Allocation Failure) 2018-04-14T10:37:55.351+0800: 119634.347: [ParNew: 11865794K->107543K(13212096K), 0.6297432 secs] 65816629K->54064133K(187275712K), 0.6301714 secs] [Times: user=4.29 sys=0.71, real=0.64 secs] 
2018-04-14T10:38:20.262+0800: 119659.258: [GC (Allocation Failure) 2018-04-14T10:38:20.262+0800: 119659.258: [ParNew: 11851671K->124671K(13212096K), 0.5257821 secs] 65808261K->54087363K(187275712K), 0.5262050 secs] [Times: user=3.78 sys=0.39, real=0.52 secs] 
2018-04-14T10:38:41.356+0800: 119680.352: [GC (Allocation Failure) 2018-04-14T10:38:41.356+0800: 119680.352: [ParNew: 11868799K->115933K(13212096K), 0.6474793 secs] 65831491K->54080769K(187275712K), 0.6479093 secs] [Times: user=4.05 sys=1.08, real=0.65 secs] 
2018-04-14T10:38:52.819+0800: 119691.815: [GC (Allocation Failure) 2018-04-14T10:38:52.820+0800: 119691.816: [ParNew: 11860061K->133629K(13212096K), 0.5212783 secs] 65824897K->54099546K(187275712K), 0.5216944 secs] [Times: user=3.89 sys=0.26, real=0.53 secs] 
2018-04-14T10:39:05.229+0800: 119704.225: [GC (Allocation Failure) 2018-04-14T10:39:05.229+0800: 119704.225: [ParNew: 11877757K->99153K(13212096K), 0.5445578 secs] 65843674K->54078996K(187275712K), 0.5450012 secs] [Times: user=3.89 sys=0.42, real=0.55 secs] 
2018-04-14T10:39:25.178+0800: 119724.174: [GC (Allocation Failure) 2018-04-14T10:39:25.178+0800: 119724.174: [ParNew: 11843281K->91133K(13212096K), 0.6977936 secs] 65823124K->54084389K(187275712K), 0.6982186 secs] [Times: user=4.23 sys=1.27, real=0.70 secs] 
2018-04-14T10:40:09.212+0800: 119768.208: [GC (Allocation Failure) 2018-04-14T10:40:09.212+0800: 119768.208: [ParNew: 11835261K->72526K(13212096K), 0.6827679 secs] 65828517K->54073505K(187275712K), 0.6831852 secs] [Times: user=4.58 sys=0.82, real=0.68 secs] 
2018-04-14T10:40:23.469+0800: 119782.465: [GC (Allocation Failure) 2018-04-14T10:40:23.469+0800: 119782.465: [ParNew: 11816654K->84781K(13212096K), 0.6018899 secs] 65817633K->54091835K(187275712K), 0.6023035 secs] [Times: user=4.50 sys=0.27, real=0.61 secs] 
2018-04-14T10:40:29.740+0800: 119788.736: [GC (Allocation Failure) 2018-04-14T10:40:29.740+0800: 119788.736: [ParNew: 11828909K->95717K(13212096K), 0.6524839 secs] 65835963K->54108967K(187275712K), 0.6529142 secs] [Times: user=3.93 sys=1.22, real=0.66 secs] 
2018-04-14T10:40:36.225+0800: 119795.221: [GC (Allocation Failure) 2018-04-14T10:40:36.226+0800: 119795.222: [ParNew: 11839845K->97724K(13212096K), 0.5249799 secs] 65853095K->54112742K(187275712K), 0.5253993 secs] [Times: user=4.13 sys=0.04, real=0.52 secs] 
2018-04-14T10:40:44.773+0800: 119803.769: [GC (Allocation Failure) 2018-04-14T10:40:44.773+0800: 119803.769: [ParNew: 11841852K->106318K(13212096K), 0.5496976 secs] 65856870K->54122109K(187275712K), 0.5501223 secs] [Times: user=4.17 sys=0.20, real=0.55 secs] 
2018-04-14T10:41:04.698+0800: 119823.694: [GC (Allocation Failure) 2018-04-14T10:41:04.698+0800: 119823.694: [ParNew: 11850446K->108761K(13212096K), 0.6145368 secs] 65866237K->54126512K(187275712K), 0.6149528 secs] [Times: user=4.31 sys=0.58, real=0.62 secs] 
2018-04-14T10:41:38.060+0800: 119857.056: [GC (Allocation Failure) 2018-04-14T10:41:38.060+0800: 119857.056: [ParNew: 11852889K->125255K(13212096K), 0.7795060 secs] 65870640K->54148776K(187275712K), 0.7799506 secs] [Times: user=4.74 sys=1.45, real=0.78 secs] 
2018-04-14T10:41:56.211+0800: 119875.207: [GC (Allocation Failure) 2018-04-14T10:41:56.211+0800: 119875.207: [ParNew: 11869383K->166813K(13212096K), 0.6629882 secs] 65892904K->54197658K(187275712K), 0.6634205 secs] [Times: user=4.55 sys=0.70, real=0.67 secs] 
2018-04-14T10:42:13.195+0800: 119892.191: [GC (Allocation Failure) 2018-04-14T10:42:13.195+0800: 119892.191: [ParNew: 11910941K->146988K(13212096K), 0.6543559 secs] 65941786K->54180863K(187275712K), 0.6547891 secs] [Times: user=3.71 sys=1.47, real=0.65 secs] 
2018-04-14T10:42:36.547+0800: 119915.543: [GC (Allocation Failure) 2018-04-14T10:42:36.547+0800: 119915.543: [ParNew: 11891116K->104419K(13212096K), 0.6806460 secs] 65924991K->54139682K(187275712K), 0.6810762 secs] [Times: user=4.73 sys=0.67, real=0.68 secs] 
2018-04-14T10:42:52.327+0800: 119931.323: [GC (Allocation Failure) 2018-04-14T10:42:52.327+0800: 119931.323: [ParNew: 11848547K->131583K(13212096K), 0.6055558 secs] 65883810K->54168318K(187275712K), 0.6059779 secs] [Times: user=4.42 sys=0.39, real=0.61 secs] 
2018-04-14T10:43:07.434+0800: 119946.430: [GC (Allocation Failure) 2018-04-14T10:43:07.435+0800: 119946.431: [ParNew: 11875711K->150012K(13212096K), 0.6912827 secs] 65912446K->54189876K(187275712K), 0.6917060 secs] [Times: user=4.15 sys=1.31, real=0.69 secs] 
2018-04-14T10:43:22.166+0800: 119961.162: [GC (Allocation Failure) 2018-04-14T10:43:22.166+0800: 119961.162: [ParNew: 11894140K->162102K(13212096K), 0.6869175 secs] 65934004K->54210373K(187275712K), 0.6873404 secs] [Times: user=5.03 sys=0.43, real=0.69 secs] 
2018-04-14T10:43:36.424+0800: 119975.420: [GC (Allocation Failure) 2018-04-14T10:43:36.424+0800: 119975.420: [ParNew: 11906230K->199735K(13212096K), 0.5654806 secs] 65954501K->54252456K(187275712K), 0.5659082 secs] [Times: user=4.09 sys=0.39, real=0.56 secs] 
2018-04-14T10:43:52.796+0800: 119991.792: [GC (Allocation Failure) 2018-04-14T10:43:52.797+0800: 119991.793: [ParNew: 11943863K->228575K(13212096K), 0.5972898 secs] 65996584K->54285534K(187275712K), 0.5977157 secs] [Times: user=4.56 sys=0.17, real=0.60 secs] 
2018-04-14T10:44:08.841+0800: 120007.837: [GC (Allocation Failure) 2018-04-14T10:44:08.842+0800: 120007.838: [ParNew: 11972703K->247589K(13212096K), 0.6460091 secs] 66029662K->54310576K(187275712K), 0.6464396 secs] [Times: user=4.28 sys=0.84, real=0.64 secs] 
2018-04-14T10:44:21.938+0800: 120020.934: [GC (Allocation Failure) 2018-04-14T10:44:21.938+0800: 120020.934: [ParNew: 11991717K->246733K(13212096K), 0.5857805 secs] 66054704K->54314375K(187275712K), 0.5862158 secs] [Times: user=4.42 sys=0.23, real=0.59 secs] 
2018-04-14T10:44:33.227+0800: 120032.223: [GC (Allocation Failure) 2018-04-14T10:44:33.227+0800: 120032.223: [ParNew: 11990861K->245928K(13212096K), 0.5889569 secs] 66058503K->54318640K(187275712K), 0.5893935 secs] [Times: user=4.49 sys=0.19, real=0.59 secs] 
2018-04-14T10:45:01.217+0800: 120060.213: [GC (Allocation Failure) 2018-04-14T10:45:01.217+0800: 120060.213: [ParNew: 11990056K->162470K(13212096K), 0.6627790 secs] 66062768K->54238484K(187275712K), 0.6632399 secs] [Times: user=3.75 sys=1.52, real=0.66 secs] 
2018-04-14T10:45:50.777+0800: 120109.773: [GC (Allocation Failure) 2018-04-14T10:45:50.778+0800: 120109.774: [ParNew: 11906598K->229775K(13212096K), 0.8556615 secs] 65982612K->54316983K(187275712K), 0.8560923 secs] [Times: user=5.41 sys=1.36, real=0.86 secs] 
2018-04-14T10:46:38.875+0800: 120157.871: [GC (Allocation Failure) 2018-04-14T10:46:38.875+0800: 120157.871: [ParNew: 11973903K->207755K(13212096K), 0.8646628 secs] 66061111K->54317584K(187275712K), 0.8651072 secs] [Times: user=5.27 sys=1.52, real=0.86 secs] 
2018-04-14T10:46:51.112+0800: 120170.108: [GC (Allocation Failure) 2018-04-14T10:46:51.112+0800: 120170.108: [ParNew: 11951883K->186872K(13212096K), 0.5368718 secs] 66061712K->54314295K(187275712K), 0.5372981 secs] [Times: user=4.07 sys=0.17, real=0.53 secs] 
2018-04-14T10:47:32.860+0800: 120211.856: [GC (Allocation Failure) 2018-04-14T10:47:32.860+0800: 120211.856: [ParNew: 11931000K->97641K(13212096K), 0.6644923 secs] 66058423K->54235166K(187275712K), 0.6649124 secs] [Times: user=4.75 sys=0.52, real=0.67 secs] 
2018-04-14T10:48:51.777+0800: 120290.773: [GC (Allocation Failure) 2018-04-14T10:48:51.777+0800: 120290.773: [ParNew: 11841769K->146475K(13212096K), 0.9026185 secs] 65979294K->54288498K(187275712K), 0.9030394 secs] [Times: user=4.70 sys=2.39, real=0.90 secs] 
2018-04-14T10:50:03.693+0800: 120362.689: [GC (Allocation Failure) 2018-04-14T10:50:03.693+0800: 120362.689: [ParNew: 11889334K->152051K(13212096K), 0.8818313 secs] 66031357K->54299485K(187275712K), 0.8822892 secs] [Times: user=5.13 sys=1.81, real=0.88 secs] 
2018-04-14T10:50:57.751+0800: 120416.747: [GC (Allocation Failure) 2018-04-14T10:50:57.752+0800: 120416.748: [ParNew: 11896179K->156764K(13212096K), 0.9618802 secs] 66043613K->54316940K(187275712K), 0.9622989 secs] [Times: user=5.57 sys=2.07, real=0.96 secs] 
2018-04-14T10:51:39.292+0800: 120458.288: [GC (Allocation Failure) 2018-04-14T10:51:39.293+0800: 120458.289: [ParNew: 11900892K->153171K(13212096K), 0.8291971 secs] 66061068K->54325952K(187275712K), 0.8296280 secs] [Times: user=4.96 sys=1.59, real=0.83 secs] 
2018-04-14T10:51:59.306+0800: 120478.302: [GC (Allocation Failure) 2018-04-14T10:51:59.306+0800: 120478.303: [ParNew: 11897299K->209121K(13212096K), 0.6663437 secs] 66070080K->54384534K(187275712K), 0.6667689 secs] [Times: user=4.46 sys=0.84, real=0.67 secs] 
2018-04-14T10:52:11.670+0800: 120490.666: [GC (Allocation Failure) 2018-04-14T10:52:11.670+0800: 120490.666: [ParNew: 11953249K->210284K(13212096K), 0.5403371 secs] 66128662K->54391795K(187275712K), 0.5407550 secs] [Times: user=4.03 sys=0.27, real=0.54 secs] 
2018-04-14T10:52:31.304+0800: 120510.300: [GC (Allocation Failure) 2018-04-14T10:52:31.304+0800: 120510.300: [ParNew: 11954412K->198821K(13212096K), 0.7342478 secs] 66135923K->54394974K(187275712K), 0.7346805 secs] [Times: user=4.62 sys=1.18, real=0.73 secs] 
2018-04-14T10:52:44.792+0800: 120523.788: [GC (Allocation Failure) 2018-04-14T10:52:44.792+0800: 120523.788: [ParNew: 11942949K->201123K(13212096K), 0.7336363 secs] 66139102K->54411277K(187275712K), 0.7340577 secs] [Times: user=5.00 sys=0.81, real=0.73 secs] 
2018-04-14T10:53:03.067+0800: 120542.063: [GC (Allocation Failure) 2018-04-14T10:53:03.067+0800: 120542.063: [ParNew: 11945251K->188583K(13212096K), 0.6089080 secs] 66155405K->54411122K(187275712K), 0.6093290 secs] [Times: user=4.38 sys=0.44, real=0.61 secs] 
2018-04-14T10:53:24.942+0800: 120563.938: [GC (Allocation Failure) 2018-04-14T10:53:24.942+0800: 120563.938: [ParNew: 11932711K->157687K(13212096K), 0.6381796 secs] 66155250K->54394194K(187275712K), 0.6386129 secs] [Times: user=4.03 sys=0.99, real=0.63 secs] 
2018-04-14T10:53:50.246+0800: 120589.242: [GC (Allocation Failure) 2018-04-14T10:53:50.246+0800: 120589.242: [ParNew: 11901815K->110707K(13212096K), 0.7208540 secs] 66138322K->54349758K(187275712K), 0.7212756 secs] [Times: user=4.92 sys=0.82, real=0.72 secs] 
2018-04-14T10:54:06.649+0800: 120605.645: [GC (Allocation Failure) 2018-04-14T10:54:06.649+0800: 120605.645: [ParNew: 11854835K->153646K(13212096K), 0.5970347 secs] 66093886K->54394410K(187275712K), 0.5974628 secs] [Times: user=4.57 sys=0.18, real=0.60 secs] 
2018-04-14T10:54:19.816+0800: 120618.812: [GC (Allocation Failure) 2018-04-14T10:54:19.816+0800: 120618.812: [ParNew: 11897774K->141401K(13212096K), 0.6307964 secs] 66138538K->54386317K(187275712K), 0.6312268 secs] [Times: user=4.00 sys=0.99, real=0.63 secs] 
2018-04-14T10:54:26.695+0800: 120625.691: [GC (Allocation Failure) 2018-04-14T10:54:26.695+0800: 120625.691: [ParNew: 11885529K->126159K(13212096K), 0.5746785 secs] 66130445K->54375265K(187275712K), 0.5751051 secs] [Times: user=4.40 sys=0.17, real=0.57 secs] 
2018-04-14T10:54:34.613+0800: 120633.609: [GC (Allocation Failure) 2018-04-14T10:54:34.613+0800: 120633.609: [ParNew: 11870287K->129895K(13212096K), 0.5990798 secs] 66119393K->54382694K(187275712K), 0.5994995 secs] [Times: user=4.50 sys=0.26, real=0.60 secs] 
2018-04-14T10:54:40.076+0800: 120639.072: [GC (Allocation Failure) 2018-04-14T10:54:40.076+0800: 120639.072: [ParNew: 11874023K->94693K(13212096K), 0.5240335 secs] 66126822K->54355289K(187275712K), 0.5244557 secs] [Times: user=4.05 sys=0.10, real=0.52 secs] 
2018-04-14T10:54:45.455+0800: 120644.451: [GC (Allocation Failure) 2018-04-14T10:54:45.455+0800: 120644.451: [ParNew: 11838821K->78150K(13212096K), 0.5059985 secs] 66099417K->54351536K(187275712K), 0.5064244 secs] [Times: user=3.93 sys=0.08, real=0.51 secs] 
2018-04-14T10:54:51.446+0800: 120650.442: [GC (Allocation Failure) 2018-04-14T10:54:51.446+0800: 120650.442: [ParNew: 11822278K->57650K(13212096K), 0.5404225 secs] 66095664K->54335988K(187275712K), 0.5408364 secs] [Times: user=4.25 sys=0.04, real=0.54 secs] 
2018-04-14T10:54:58.186+0800: 120657.182: [GC (Allocation Failure) 2018-04-14T10:54:58.186+0800: 120657.182: [ParNew: 11801778K->52383K(13212096K), 0.5985703 secs] 66080116K->54332676K(187275712K), 0.5990080 secs] [Times: user=3.55 sys=1.21, real=0.60 secs] 
2018-04-14T10:55:04.399+0800: 120663.396: [GC (Allocation Failure) 2018-04-14T10:55:04.400+0800: 120663.396: [ParNew: 11796511K->34316K(13212096K), 0.5354466 secs] 66076804K->54316529K(187275712K), 0.5358564 secs] [Times: user=4.20 sys=0.05, real=0.54 secs] 
2018-04-14T10:55:11.764+0800: 120670.760: [GC (Allocation Failure) 2018-04-14T10:55:11.765+0800: 120670.761: [ParNew: 11778444K->43652K(13212096K), 0.5148963 secs] 66060657K->54327362K(187275712K), 0.5153181 secs] [Times: user=3.75 sys=0.35, real=0.51 secs] 
2018-04-14T10:55:21.069+0800: 120680.065: [GC (Allocation Failure) 2018-04-14T10:55:21.069+0800: 120680.065: [ParNew: 11787780K->52348K(13212096K), 0.5494994 secs] 66071490K->54337695K(187275712K), 0.5499244 secs] [Times: user=4.03 sys=0.34, real=0.55 secs] 
2018-04-14T10:55:41.845+0800: 120700.841: [GC (Allocation Failure) 2018-04-14T10:55:41.845+0800: 120700.841: [ParNew: 11796476K->48246K(13212096K), 0.6740089 secs] 66081823K->54334830K(187275712K), 0.6744444 secs] [Times: user=3.89 sys=1.45, real=0.67 secs] 
2018-04-14T10:56:20.165+0800: 120739.161: [GC (Allocation Failure) 2018-04-14T10:56:20.165+0800: 120739.161: [ParNew: 11792374K->54286K(13212096K), 0.6682357 secs] 66078958K->54341545K(187275712K), 0.6686640 secs] [Times: user=4.40 sys=0.91, real=0.67 secs] 
2018-04-14T10:57:07.094+0800: 120786.090: [GC (Allocation Failure) 2018-04-14T10:57:07.094+0800: 120786.090: [ParNew: 11798414K->88549K(13212096K), 0.7570860 secs] 66085673K->54376359K(187275712K), 0.7575255 secs] [Times: user=4.64 sys=1.36, real=0.76 secs] 
2018-04-14T10:57:54.019+0800: 120833.015: [GC (Allocation Failure) 2018-04-14T10:57:54.019+0800: 120833.015: [ParNew: 11832677K->115130K(13212096K), 0.8221360 secs] 66120487K->54403639K(187275712K), 0.8225535 secs] [Times: user=5.04 sys=1.52, real=0.82 secs] 
2018-04-14T10:58:09.782+0800: 120848.778: [GC (Allocation Failure) 2018-04-14T10:58:09.783+0800: 120848.779: [ParNew: 11859258K->133712K(13212096K), 0.5700428 secs] 66147767K->54423718K(187275712K), 0.5704568 secs] [Times: user=4.18 sys=0.35, real=0.57 secs] 
2018-04-14T10:58:24.608+0800: 120863.604: [GC (Allocation Failure) 2018-04-14T10:58:24.609+0800: 120863.605: [ParNew: 11877840K->167633K(13212096K), 0.6595609 secs] 66167846K->54459888K(187275712K), 0.6599897 secs] [Times: user=4.35 sys=0.89, real=0.66 secs] 
2018-04-14T10:58:42.529+0800: 120881.525: [GC (Allocation Failure) 2018-04-14T10:58:42.529+0800: 120881.525: [ParNew: 11911761K->146097K(13212096K), 0.7351997 secs] 66204016K->54440219K(187275712K), 0.7356254 secs] [Times: user=4.88 sys=0.97, real=0.74 secs] 
2018-04-14T10:59:05.486+0800: 120904.482: [GC (Allocation Failure) 2018-04-14T10:59:05.486+0800: 120904.482: [ParNew: 11890225K->107978K(13212096K), 0.6597031 secs] 66184347K->54407089K(187275712K), 0.6601245 secs] [Times: user=4.55 sys=0.69, real=0.66 secs] 
2018-04-14T10:59:24.682+0800: 120923.678: [GC (Allocation Failure) 2018-04-14T10:59:24.683+0800: 120923.679: [ParNew: 11852106K->120946K(13212096K), 0.6115519 secs] 66151217K->54428286K(187275712K), 0.6119885 secs] [Times: user=3.67 sys=1.17, real=0.61 secs] 
2018-04-14T10:59:59.235+0800: 120958.231: [GC (Allocation Failure) 2018-04-14T10:59:59.235+0800: 120958.231: [ParNew: 11865074K->94297K(13212096K), 0.5944300 secs] 66172414K->54409672K(187275712K), 0.5948645 secs] [Times: user=4.19 sys=0.52, real=0.59 secs] 
2018-04-14T11:00:14.507+0800: 120973.503: [GC (Allocation Failure) 2018-04-14T11:00:14.507+0800: 120973.503: [ParNew: 11838425K->109495K(13212096K), 0.5923117 secs] 66153800K->54429162K(187275712K), 0.5927325 secs] [Times: user=4.39 sys=0.31, real=0.59 secs] 
2018-04-14T11:00:30.241+0800: 120989.237: [GC (Allocation Failure) 2018-04-14T11:00:30.241+0800: 120989.237: [ParNew: 11853623K->85542K(13212096K), 0.6150871 secs] 66173290K->54408298K(187275712K), 0.6155199 secs] [Times: user=3.87 sys=1.00, real=0.62 secs] 
2018-04-14T11:01:18.100+0800: 121037.096: [GC (Allocation Failure) 2018-04-14T11:01:18.100+0800: 121037.096: [ParNew: 11829670K->116726K(13212096K), 0.7485664 secs] 66152426K->54443980K(187275712K), 0.7490001 secs] [Times: user=4.94 sys=1.00, real=0.75 secs] 
2018-04-14T11:01:29.396+0800: 121048.392: [GC (Allocation Failure) 2018-04-14T11:01:29.396+0800: 121048.392: [ParNew: 11860854K->166656K(13212096K), 0.6135897 secs] 66188108K->54497511K(187275712K), 0.6140040 secs] [Times: user=4.52 sys=0.36, real=0.61 secs] 
2018-04-14T11:01:54.883+0800: 121073.879: [GC (Allocation Failure) 2018-04-14T11:01:54.883+0800: 121073.879: [ParNew: 11910784K->140953K(13212096K), 0.6457562 secs] 66241639K->54474585K(187275712K), 0.6461915 secs] [Times: user=3.86 sys=1.27, real=0.64 secs] 
2018-04-14T11:03:39.085+0800: 121178.081: [GC (Allocation Failure) 2018-04-14T11:03:39.085+0800: 121178.081: [ParNew: 11885081K->180411K(13212096K), 0.9630148 secs] 66218713K->54519857K(187275712K), 0.9634475 secs] [Times: user=5.90 sys=1.76, real=0.96 secs] 
2018-04-14T11:04:13.061+0800: 121212.057: [GC (Allocation Failure) 2018-04-14T11:04:13.062+0800: 121212.058: [ParNew: 11924539K->140110K(13212096K), 0.7032534 secs] 66263985K->54481369K(187275712K), 0.7037021 secs] [Times: user=4.12 sys=1.46, real=0.70 secs] 
2018-04-14T11:06:51.538+0800: 121370.534: [GC (Allocation Failure) 2018-04-14T11:06:51.539+0800: 121370.535: [ParNew: 11884238K->177515K(13212096K), 0.9908398 secs] 66225497K->54519816K(187275712K), 0.9912756 secs] [Times: user=6.29 sys=1.50, real=0.99 secs] 
2018-04-14T11:07:06.340+0800: 121385.336: [GC (Allocation Failure) 2018-04-14T11:07:06.340+0800: 121385.336: [ParNew: 11921643K->188448K(13212096K), 0.6194535 secs] 66263944K->54539382K(187275712K), 0.6198773 secs] [Times: user=4.50 sys=0.40, real=0.62 secs] 
2018-04-14T11:07:15.154+0800: 121394.150: [GC (Allocation Failure) 2018-04-14T11:07:15.154+0800: 121394.150: [ParNew: 11932576K->232927K(13212096K), 0.5649253 secs] 66283510K->54593720K(187275712K), 0.5653358 secs] [Times: user=4.22 sys=0.25, real=0.56 secs] 
2018-04-14T11:07:25.461+0800: 121404.457: [GC (Allocation Failure) 2018-04-14T11:07:25.462+0800: 121404.458: [ParNew: 11977055K->243789K(13212096K), 0.5567779 secs] 66337848K->54609703K(187275712K), 0.5572008 secs] [Times: user=4.21 sys=0.21, real=0.55 secs] 
2018-04-14T11:07:34.391+0800: 121413.387: [GC (Allocation Failure) 2018-04-14T11:07:34.391+0800: 121413.387: [ParNew: 11987917K->183322K(13212096K), 0.6789423 secs] 66353831K->54563026K(187275712K), 0.6793703 secs] [Times: user=4.25 sys=1.12, real=0.68 secs] 
2018-04-14T11:07:43.981+0800: 121422.977: [GC (Allocation Failure) 2018-04-14T11:07:43.981+0800: 121422.977: [ParNew: 11927450K->125338K(13212096K), 0.5645925 secs] 66307154K->54528437K(187275712K), 0.5650264 secs] [Times: user=4.27 sys=0.20, real=0.57 secs] 
2018-04-14T11:07:51.543+0800: 121430.539: [GC (Allocation Failure) 2018-04-14T11:07:51.543+0800: 121430.540: [ParNew: 11869466K->79831K(13212096K), 0.5232510 secs] 66272565K->54502142K(187275712K), 0.5236771 secs] [Times: user=3.89 sys=0.24, real=0.52 secs] 
2018-04-14T11:07:59.483+0800: 121438.479: [GC (Allocation Failure) 2018-04-14T11:07:59.483+0800: 121438.479: [ParNew: 11823959K->97756K(13212096K), 0.5501423 secs] 66246270K->54524954K(187275712K), 0.5505657 secs] [Times: user=4.13 sys=0.24, real=0.55 secs] 
2018-04-14T11:08:07.939+0800: 121446.935: [GC (Allocation Failure) 2018-04-14T11:08:07.939+0800: 121446.935: [ParNew: 11841884K->103852K(13212096K), 0.5131764 secs] 66269082K->54533389K(187275712K), 0.5136008 secs] [Times: user=3.82 sys=0.26, real=0.52 secs] 
2018-04-14T11:08:16.085+0800: 121455.081: [GC (Allocation Failure) 2018-04-14T11:08:16.085+0800: 121455.081: [ParNew: 11847980K->59476K(13212096K), 0.6295739 secs] 66277517K->54491345K(187275712K), 0.6299810 secs] [Times: user=3.55 sys=1.44, real=0.63 secs] 
2018-04-14T11:08:42.273+0800: 121481.269: [GC (Allocation Failure) 2018-04-14T11:08:42.273+0800: 121481.269: [ParNew: 11803604K->83810K(13212096K), 0.5270607 secs] 66235473K->54517188K(187275712K), 0.5274795 secs] [Times: user=3.91 sys=0.28, real=0.52 secs] 
2018-04-14T11:08:57.748+0800: 121496.744: [GC (Allocation Failure) 2018-04-14T11:08:57.748+0800: 121496.744: [ParNew: 11827938K->114291K(13212096K), 0.5852767 secs] 66261316K->54548390K(187275712K), 0.5857020 secs] [Times: user=4.25 sys=0.41, real=0.59 secs] 
2018-04-14T11:09:43.067+0800: 121542.063: [GC (Allocation Failure) 2018-04-14T11:09:43.067+0800: 121542.063: [ParNew: 11858419K->84533K(13212096K), 0.7478537 secs] 66292518K->54519755K(187275712K), 0.7482691 secs] [Times: user=4.53 sys=1.38, real=0.75 secs] 
2018-04-14T11:09:55.501+0800: 121554.497: [GC (Allocation Failure) 2018-04-14T11:09:55.502+0800: 121554.498: [ParNew: 11828661K->72528K(13212096K), 0.5109796 secs] 66263883K->54508869K(187275712K), 0.5113914 secs] [Times: user=3.80 sys=0.25, real=0.51 secs] 
2018-04-14T11:10:24.147+0800: 121583.143: [GC (Allocation Failure) 2018-04-14T11:10:24.147+0800: 121583.143: [ParNew: 11816656K->90537K(13212096K), 0.6243757 secs] 66252997K->54527809K(187275712K), 0.6248095 secs] [Times: user=4.42 sys=0.53, real=0.63 secs] 
2018-04-14T11:10:32.558+0800: 121591.554: [GC (Allocation Failure) 2018-04-14T11:10:32.558+0800: 121591.554: [ParNew: 11834665K->83205K(13212096K), 0.6034880 secs] 66271937K->54521472K(187275712K), 0.6039205 secs] [Times: user=3.84 sys=0.94, real=0.61 secs] 
2018-04-14T11:10:41.572+0800: 121600.568: [GC (Allocation Failure) 2018-04-14T11:10:41.572+0800: 121600.568: [ParNew: 11827333K->98259K(13212096K), 0.5070942 secs] 66265600K->54540233K(187275712K), 0.5075062 secs] [Times: user=3.91 sys=0.12, real=0.50 secs] 
2018-04-14T11:10:50.844+0800: 121609.840: [GC (Allocation Failure) 2018-04-14T11:10:50.844+0800: 121609.840: [ParNew: 11842387K->99638K(13212096K), 0.5111049 secs] 66284361K->54545333K(187275712K), 0.5115235 secs] [Times: user=3.87 sys=0.19, real=0.51 secs] 
2018-04-14T11:10:58.639+0800: 121617.635: [GC (Allocation Failure) 2018-04-14T11:10:58.639+0800: 121617.635: [ParNew: 11843766K->89044K(13212096K), 0.5028168 secs] 66289461K->54547093K(187275712K), 0.5032293 secs] [Times: user=3.74 sys=0.24, real=0.51 secs] 
2018-04-14T11:11:05.413+0800: 121624.409: [GC (Allocation Failure) 2018-04-14T11:11:05.413+0800: 121624.409: [ParNew: 11833172K->79382K(13212096K), 0.4846137 secs] 66291221K->54544638K(187275712K), 0.4850213 secs] [Times: user=3.74 sys=0.10, real=0.48 secs] 
2018-04-14T11:11:12.454+0800: 121631.450: [GC (Allocation Failure) 2018-04-14T11:11:12.454+0800: 121631.450: [ParNew: 11823510K->71057K(13212096K), 0.6422830 secs] 66288766K->54548636K(187275712K), 0.6427114 secs] [Times: user=3.72 sys=1.35, real=0.64 secs] 
2018-04-14T11:11:18.192+0800: 121637.188: [GC (Allocation Failure) 2018-04-14T11:11:18.192+0800: 121637.188: [ParNew: 11815185K->55159K(13212096K), 0.4946704 secs] 66292764K->54536979K(187275712K), 0.4950858 secs] [Times: user=3.94 sys=0.00, real=0.49 secs] 
2018-04-14T11:11:23.615+0800: 121642.611: [GC (Allocation Failure) 2018-04-14T11:11:23.615+0800: 121642.611: [ParNew: 11799287K->58147K(13212096K), 0.4627213 secs] 66281107K->54543520K(187275712K), 0.4631371 secs] [Times: user=3.59 sys=0.09, real=0.46 secs] 
2018-04-14T11:11:28.814+0800: 121647.810: [GC (Allocation Failure) 2018-04-14T11:11:28.815+0800: 121647.811: [ParNew: 11802275K->59521K(13212096K), 0.4945355 secs] 66287648K->54550095K(187275712K), 0.4949419 secs] [Times: user=3.73 sys=0.20, real=0.49 secs] 
2018-04-14T11:11:36.012+0800: 121655.008: [GC (Allocation Failure) 2018-04-14T11:11:36.012+0800: 121655.008: [ParNew: 11803649K->50074K(13212096K), 0.4861553 secs] 66294223K->54544839K(187275712K), 0.4865623 secs] [Times: user=3.61 sys=0.25, real=0.48 secs] 
2018-04-14T11:11:45.732+0800: 121664.728: [GC (Allocation Failure) 2018-04-14T11:11:45.733+0800: 121664.729: [ParNew: 11794202K->55153K(13212096K), 0.5292218 secs] 66288967K->54552999K(187275712K), 0.5296252 secs] [Times: user=3.93 sys=0.29, real=0.53 secs] 
2018-04-14T11:11:58.166+0800: 121677.162: [GC (Allocation Failure) 2018-04-14T11:11:58.166+0800: 121677.162: [ParNew: 11799281K->50251K(13212096K), 0.6417263 secs] 66297127K->54551479K(187275712K), 0.6421477 secs] [Times: user=3.44 sys=1.64, real=0.64 secs] 
2018-04-14T11:12:28.681+0800: 121707.677: [GC (Allocation Failure) 2018-04-14T11:12:28.681+0800: 121707.677: [ParNew: 11794379K->44278K(13212096K), 0.5269123 secs] 66295607K->54547154K(187275712K), 0.5273330 secs] [Times: user=3.89 sys=0.29, real=0.53 secs] 
2018-04-14T11:13:18.636+0800: 121757.632: [GC (Allocation Failure) 2018-04-14T11:13:18.636+0800: 121757.632: [ParNew: 11788406K->43936K(13212096K), 0.7890822 secs] 66291282K->54547725K(187275712K), 0.7895077 secs] [Times: user=4.37 sys=1.86, real=0.79 secs] 
2018-04-14T11:13:45.986+0800: 121784.982: [GC (Allocation Failure) 2018-04-14T11:13:45.986+0800: 121784.982: [ParNew: 11788064K->50867K(13212096K), 0.5409635 secs] 66291853K->54555375K(187275712K), 0.5413825 secs] [Times: user=4.02 sys=0.28, real=0.54 secs] 
2018-04-14T11:14:09.413+0800: 121808.409: [GC (Allocation Failure) 2018-04-14T11:14:09.413+0800: 121808.409: [ParNew: 11794995K->57355K(13212096K), 0.5684686 secs] 66299503K->54562750K(187275712K), 0.5688893 secs] [Times: user=3.97 sys=0.55, real=0.57 secs] 
2018-04-14T11:14:32.214+0800: 121831.210: [GC (Allocation Failure) 2018-04-14T11:14:32.214+0800: 121831.210: [ParNew: 11801483K->59818K(13212096K), 0.6383949 secs] 66306878K->54566126K(187275712K), 0.6388333 secs] [Times: user=3.73 sys=1.33, real=0.64 secs] 
2018-04-14T11:14:46.293+0800: 121845.289: [GC (Allocation Failure) 2018-04-14T11:14:46.293+0800: 121845.289: [ParNew: 11803946K->57533K(13212096K), 0.5402214 secs] 66310254K->54564514K(187275712K), 0.5406475 secs] [Times: user=3.86 sys=0.43, real=0.54 secs] 
2018-04-14T11:16:04.451+0800: 121923.447: [GC (Allocation Failure) 2018-04-14T11:16:04.451+0800: 121923.447: [ParNew: 11801661K->91049K(13212096K), 0.8137964 secs] 66308642K->54599881K(187275712K), 0.8142294 secs] [Times: user=4.66 sys=1.77, real=0.81 secs] 
2018-04-14T11:16:31.381+0800: 121950.377: [GC (Allocation Failure) 2018-04-14T11:16:31.381+0800: 121950.377: [ParNew: 11835177K->75466K(13212096K), 0.5819312 secs] 66344009K->54590542K(187275712K), 0.5823539 secs] [Times: user=4.20 sys=0.42, real=0.58 secs] 
2018-04-14T11:16:59.075+0800: 121978.071: [GC (Allocation Failure) 2018-04-14T11:16:59.076+0800: 121978.072: [ParNew: 11819594K->74942K(13212096K), 0.5711961 secs] 66334670K->54593333K(187275712K), 0.5716233 secs] [Times: user=4.04 sys=0.50, real=0.57 secs] 
2018-04-14T11:17:09.845+0800: 121988.841: [GC (Allocation Failure) 2018-04-14T11:17:09.845+0800: 121988.841: [ParNew: 11819070K->65255K(13212096K), 0.6243436 secs] 66337461K->54585623K(187275712K), 0.6247694 secs] [Times: user=3.56 sys=1.40, real=0.62 secs] 
2018-04-14T11:17:22.710+0800: 122001.706: [GC (Allocation Failure) 2018-04-14T11:17:22.711+0800: 122001.707: [ParNew: 11809383K->78724K(13212096K), 0.5016921 secs] 66329751K->54600742K(187275712K), 0.5021148 secs] [Times: user=3.85 sys=0.14, real=0.51 secs] 
2018-04-14T11:17:50.525+0800: 122029.521: [GC (Allocation Failure) 2018-04-14T11:17:50.525+0800: 122029.521: [ParNew: 11822852K->83022K(13212096K), 0.5859641 secs] 66344870K->54606020K(187275712K), 0.5863951 secs] [Times: user=3.94 sys=0.71, real=0.59 secs] 
2018-04-14T11:19:41.310+0800: 122140.306: [GC (Allocation Failure) 2018-04-14T11:19:41.310+0800: 122140.306: [ParNew: 11827150K->79372K(13212096K), 0.9607057 secs] 66350148K->54613224K(187275712K), 0.9611436 secs] [Times: user=5.16 sys=2.38, real=0.97 secs] 
2018-04-14T11:21:26.709+0800: 122245.705: [GC (Allocation Failure) 2018-04-14T11:21:26.709+0800: 122245.705: [ParNew: 11823500K->99790K(13212096K), 0.9470313 secs] 66357352K->54635023K(187275712K), 0.9474781 secs] [Times: user=5.90 sys=1.55, real=0.95 secs] 
2018-04-14T11:21:48.825+0800: 122267.821: [GC (Allocation Failure) 2018-04-14T11:21:48.826+0800: 122267.822: [ParNew: 11843918K->123230K(13212096K), 0.5815421 secs] 66379151K->54659738K(187275712K), 0.5819615 secs] [Times: user=4.13 sys=0.49, real=0.58 secs] 
2018-04-14T11:22:16.059+0800: 122295.055: [GC (Allocation Failure) 2018-04-14T11:22:16.059+0800: 122295.055: [ParNew: 11867358K->147194K(13212096K), 0.6680315 secs] 66403866K->54684562K(187275712K), 0.6684653 secs] [Times: user=3.60 sys=1.69, real=0.67 secs] 
2018-04-14T11:22:32.438+0800: 122311.434: [GC (Allocation Failure) 2018-04-14T11:22:32.438+0800: 122311.434: [ParNew: 11891322K->183597K(13212096K), 0.6005152 secs] 66428690K->54722028K(187275712K), 0.6009345 secs] [Times: user=4.53 sys=0.20, real=0.60 secs] 
2018-04-14T11:22:48.776+0800: 122327.772: [GC (Allocation Failure) 2018-04-14T11:22:48.777+0800: 122327.773: [ParNew: 11927725K->167763K(13212096K), 0.5923594 secs] 66466156K->54709440K(187275712K), 0.5927819 secs] [Times: user=4.15 sys=0.55, real=0.59 secs] 
2018-04-14T11:23:07.779+0800: 122346.776: [GC (Allocation Failure) 2018-04-14T11:23:07.780+0800: 122346.776: [ParNew: 11911891K->109238K(13212096K), 0.5408290 secs] 66453568K->54669508K(187275712K), 0.5412570 secs] [Times: user=4.03 sys=0.25, real=0.54 secs] 
2018-04-14T11:23:16.200+0800: 122355.196: [GC (Allocation Failure) 2018-04-14T11:23:16.200+0800: 122355.196: [ParNew: 11853366K->76480K(13212096K), 0.6681936 secs] 66413636K->54647127K(187275712K), 0.6686265 secs] [Times: user=3.98 sys=1.30, real=0.67 secs] 
2018-04-14T11:23:25.923+0800: 122364.919: [GC (Allocation Failure) 2018-04-14T11:23:25.923+0800: 122364.919: [ParNew: 11820608K->66423K(13212096K), 0.4971822 secs] 66391255K->54638591K(187275712K), 0.4976100 secs] [Times: user=3.83 sys=0.12, real=0.49 secs] 
2018-04-14T11:23:36.771+0800: 122375.767: [GC (Allocation Failure) 2018-04-14T11:23:36.771+0800: 122375.767: [ParNew: 11810551K->66515K(13212096K), 0.5448690 secs] 66382719K->54644226K(187275712K), 0.5452886 secs] [Times: user=3.97 sys=0.35, real=0.55 secs] 
2018-04-14T11:23:49.491+0800: 122388.487: [GC (Allocation Failure) 2018-04-14T11:23:49.491+0800: 122388.487: [ParNew: 11810643K->111698K(13212096K), 0.5710869 secs] 66388354K->54694095K(187275712K), 0.5714969 secs] [Times: user=4.32 sys=0.21, real=0.58 secs] 
2018-04-14T11:24:00.539+0800: 122399.535: [GC (Allocation Failure) 2018-04-14T11:24:00.539+0800: 122399.535: [ParNew: 11855826K->142462K(13212096K), 0.6433353 secs] 66438223K->54727370K(187275712K), 0.6437623 secs] [Times: user=3.86 sys=1.24, real=0.65 secs] 
2018-04-14T11:24:12.268+0800: 122411.264: [GC (Allocation Failure) 2018-04-14T11:24:12.268+0800: 122411.264: [ParNew: 11886590K->142198K(13212096K), 0.5379507 secs] 66471498K->54728822K(187275712K), 0.5383662 secs] [Times: user=4.02 sys=0.26, real=0.54 secs] 
2018-04-14T11:24:25.329+0800: 122424.325: [GC (Allocation Failure) 2018-04-14T11:24:25.329+0800: 122424.325: [ParNew: 11886326K->165053K(13212096K), 0.5730514 secs] 66472950K->54751985K(187275712K), 0.5734795 secs] [Times: user=4.25 sys=0.29, real=0.58 secs] 
2018-04-14T11:25:15.796+0800: 122474.792: [GC (Allocation Failure) 2018-04-14T11:25:15.796+0800: 122474.792: [ParNew: 11909181K->116224K(13212096K), 0.7472208 secs] 66496113K->54704103K(187275712K), 0.7476665 secs] [Times: user=4.46 sys=1.46, real=0.75 secs] 
2018-04-14T11:25:28.507+0800: 122487.503: [GC (Allocation Failure) 2018-04-14T11:25:28.507+0800: 122487.503: [ParNew: 11860352K->109317K(13212096K), 0.6148892 secs] 66448231K->54700471K(187275712K), 0.6153129 secs] [Times: user=4.61 sys=0.27, real=0.62 secs] 
2018-04-14T11:25:43.017+0800: 122502.013: [GC (Allocation Failure) 2018-04-14T11:25:43.017+0800: 122502.013: [ParNew: 11853445K->142855K(13212096K), 0.6099478 secs] 66444599K->54742940K(187275712K), 0.6103702 secs] [Times: user=4.42 sys=0.40, real=0.61 secs] 
2018-04-14T11:26:08.010+0800: 122527.006: [GC (Allocation Failure) 2018-04-14T11:26:08.010+0800: 122527.006: [ParNew: 11886983K->151135K(13212096K), 0.6909934 secs] 66487068K->54756502K(187275712K), 0.6914278 secs] [Times: user=4.21 sys=1.26, real=0.70 secs] 
2018-04-14T11:26:41.655+0800: 122560.651: [GC (Allocation Failure) 2018-04-14T11:26:41.655+0800: 122560.651: [ParNew: 11895263K->147124K(13212096K), 0.6782629 secs] 66500630K->54755284K(187275712K), 0.6786925 secs] [Times: user=4.64 sys=0.76, real=0.68 secs] 
2018-04-14T11:27:28.359+0800: 122607.355: [GC (Allocation Failure) 2018-04-14T11:27:28.359+0800: 122607.355: [ParNew: 11891252K->143722K(13212096K), 0.6518893 secs] 66499412K->54759251K(187275712K), 0.6523151 secs] [Times: user=4.48 sys=0.69, real=0.66 secs] 
2018-04-14T11:27:59.425+0800: 122638.421: [GC (Allocation Failure) 2018-04-14T11:27:59.425+0800: 122638.421: [ParNew: 11887850K->148161K(13212096K), 0.6141404 secs] 66503379K->54774876K(187275712K), 0.6145761 secs] [Times: user=4.39 sys=0.47, real=0.61 secs] 
2018-04-14T11:28:37.484+0800: 122676.480: [GC (Allocation Failure) 2018-04-14T11:28:37.484+0800: 122676.480: [ParNew: 11892289K->148947K(13212096K), 0.6789935 secs] 66519004K->54779509K(187275712K), 0.6794180 secs] [Times: user=4.75 sys=0.65, real=0.68 secs] 
2018-04-14T11:28:59.326+0800: 122698.322: [GC (Allocation Failure) 2018-04-14T11:28:59.326+0800: 122698.322: [ParNew: 11893075K->130392K(13212096K), 0.6572626 secs] 66523637K->54762793K(187275712K), 0.6576967 secs] [Times: user=4.24 sys=0.97, real=0.66 secs] 
2018-04-14T11:29:18.792+0800: 122717.788: [GC (Allocation Failure) 2018-04-14T11:29:18.792+0800: 122717.788: [ParNew: 11874520K->144919K(13212096K), 0.5671402 secs] 66506921K->54779954K(187275712K), 0.5675719 secs] [Times: user=4.08 sys=0.43, real=0.56 secs] 
2018-04-14T11:29:43.694+0800: 122742.690: [GC (Allocation Failure) 2018-04-14T11:29:43.695+0800: 122742.691: [ParNew: 11889047K->114556K(13212096K), 0.5722617 secs] 66524082K->54751393K(187275712K), 0.5726860 secs] [Times: user=4.23 sys=0.33, real=0.57 secs] 
2018-04-14T11:30:12.990+0800: 122771.986: [GC (Allocation Failure) 2018-04-14T11:30:12.990+0800: 122771.986: [ParNew: 11858684K->126080K(13212096K), 0.7312384 secs] 66495521K->54767324K(187275712K), 0.7316866 secs] [Times: user=4.32 sys=1.48, real=0.74 secs] 
2018-04-14T11:31:02.787+0800: 122821.783: [GC (Allocation Failure) 2018-04-14T11:31:02.787+0800: 122821.783: [ParNew: 11870208K->146757K(13212096K), 0.8060317 secs] 66511452K->54791187K(187275712K), 0.8064660 secs] [Times: user=4.94 sys=1.45, real=0.81 secs] 
2018-04-14T11:31:31.627+0800: 122850.623: [GC (Allocation Failure) 2018-04-14T11:31:31.627+0800: 122850.623: [ParNew: 11890885K->125698K(13212096K), 0.6076504 secs] 66535315K->54774082K(187275712K), 0.6080803 secs] [Times: user=4.34 sys=0.48, real=0.61 secs] 
2018-04-14T11:31:53.342+0800: 122872.338: [GC (Allocation Failure) 2018-04-14T11:31:53.342+0800: 122872.338: [ParNew: 11869826K->133296K(13212096K), 0.5338072 secs] 66518210K->54786922K(187275712K), 0.5342337 secs] [Times: user=3.80 sys=0.44, real=0.53 secs] 
2018-04-14T11:32:16.490+0800: 122895.486: [GC (Allocation Failure) 2018-04-14T11:32:16.490+0800: 122895.486: [ParNew: 11877424K->130555K(13212096K), 0.6158793 secs] 66531050K->54789667K(187275712K), 0.6163263 secs] [Times: user=3.84 sys=1.04, real=0.62 secs] 
2018-04-14T11:32:30.006+0800: 122909.002: [GC (Allocation Failure) 2018-04-14T11:32:30.006+0800: 122909.002: [ParNew: 11874683K->125997K(13212096K), 0.5416519 secs] 66533795K->54791384K(187275712K), 0.5420805 secs] [Times: user=4.00 sys=0.29, real=0.54 secs] 
2018-04-14T11:32:43.564+0800: 122922.560: [GC (Allocation Failure) 2018-04-14T11:32:43.564+0800: 122922.560: [ParNew: 11870125K->154272K(13212096K), 0.6277061 secs] 66535512K->54838580K(187275712K), 0.6281478 secs] [Times: user=4.59 sys=0.37, real=0.63 secs] 
2018-04-14T11:32:55.329+0800: 122934.325: [GC (Allocation Failure) 2018-04-14T11:32:55.329+0800: 122934.325: [ParNew: 11898400K->146972K(13212096K), 0.5290294 secs] 66582708K->54843806K(187275712K), 0.5294564 secs] [Times: user=3.94 sys=0.23, real=0.53 secs] 
2018-04-14T11:33:08.254+0800: 122947.250: [GC (Allocation Failure) 2018-04-14T11:33:08.254+0800: 122947.250: [ParNew: 11891100K->81672K(13212096K), 0.6459511 secs] 66587934K->54786960K(187275712K), 0.6463914 secs] [Times: user=3.51 sys=1.59, real=0.64 secs] 
2018-04-14T11:33:18.654+0800: 122957.650: [GC (Allocation Failure) 2018-04-14T11:33:18.654+0800: 122957.650: [ParNew: 11825800K->76880K(13212096K), 0.5037942 secs] 66531088K->54788194K(187275712K), 0.5042274 secs] [Times: user=3.86 sys=0.13, real=0.50 secs] 
2018-04-14T11:33:33.220+0800: 122972.216: [GC (Allocation Failure) 2018-04-14T11:33:33.221+0800: 122972.217: [ParNew: 11821008K->68379K(13212096K), 0.5364859 secs] 66532322K->54786437K(187275712K), 0.5369118 secs] [Times: user=3.88 sys=0.38, real=0.54 secs] 
2018-04-14T11:33:43.244+0800: 122982.240: [GC (Allocation Failure) 2018-04-14T11:33:43.244+0800: 122982.240: [ParNew: 11812507K->44891K(13212096K), 0.5338758 secs] 66530565K->54764702K(187275712K), 0.5342997 secs] [Times: user=4.07 sys=0.16, real=0.53 secs] 
2018-04-14T11:33:58.615+0800: 122997.611: [GC (Allocation Failure) 2018-04-14T11:33:58.615+0800: 122997.611: [ParNew: 11789019K->43934K(13212096K), 0.6282689 secs] 66508830K->54769665K(187275712K), 0.6287082 secs] [Times: user=3.70 sys=1.25, real=0.63 secs] 
2018-04-14T11:34:14.241+0800: 123013.237: [GC (Allocation Failure) 2018-04-14T11:34:14.241+0800: 123013.237: [ParNew: 11788062K->47295K(13212096K), 0.5005911 secs] 66513793K->54776411K(187275712K), 0.5010031 secs] [Times: user=3.79 sys=0.19, real=0.51 secs] 
2018-04-14T11:34:30.109+0800: 123029.105: [GC (Allocation Failure) 2018-04-14T11:34:30.109+0800: 123029.105: [ParNew: 11791423K->50411K(13212096K), 0.5741548 secs] 66520539K->54780550K(187275712K), 0.5745786 secs] [Times: user=4.14 sys=0.44, real=0.58 secs] 
2018-04-14T11:35:03.340+0800: 123062.336: [GC (Allocation Failure) 2018-04-14T11:35:03.340+0800: 123062.336: [ParNew: 11794539K->57005K(13212096K), 0.6495949 secs] 66524678K->54788290K(187275712K), 0.6500267 secs] [Times: user=3.62 sys=1.50, real=0.65 secs] 
2018-04-14T11:35:29.235+0800: 123088.231: [GC (Allocation Failure) 2018-04-14T11:35:29.235+0800: 123088.231: [ParNew: 11801133K->74144K(13212096K), 0.5444728 secs] 66532418K->54806649K(187275712K), 0.5449005 secs] [Times: user=4.07 sys=0.23, real=0.54 secs] 
2018-04-14T11:36:08.726+0800: 123127.723: [GC (Allocation Failure) 2018-04-14T11:36:08.727+0800: 123127.723: [ParNew: 11818272K->102287K(13212096K), 0.6459926 secs] 66550777K->54836449K(187275712K), 0.6464128 secs] [Times: user=4.66 sys=0.42, real=0.65 secs] 
2018-04-14T11:37:22.048+0800: 123201.044: [GC (Allocation Failure) 2018-04-14T11:37:22.048+0800: 123201.044: [ParNew: 11846415K->99223K(13212096K), 0.8044524 secs] 66580577K->54836068K(187275712K), 0.8048797 secs] [Times: user=4.17 sys=2.20, real=0.81 secs] 
2018-04-14T11:37:46.409+0800: 123225.405: [GC (Allocation Failure) 2018-04-14T11:37:46.409+0800: 123225.405: [ParNew: 11843351K->127622K(13212096K), 0.6698105 secs] 66580196K->54866157K(187275712K), 0.6702338 secs] [Times: user=4.80 sys=0.53, real=0.67 secs] 
2018-04-14T11:38:11.233+0800: 123250.229: [GC (Allocation Failure) 2018-04-14T11:38:11.233+0800: 123250.229: [ParNew: 11871750K->123753K(13212096K), 0.6611656 secs] 66610285K->54864915K(187275712K), 0.6616023 secs] [Times: user=4.15 sys=1.09, real=0.66 secs] 
2018-04-14T11:38:51.420+0800: 123290.416: [GC (Allocation Failure) 2018-04-14T11:38:51.420+0800: 123290.417: [ParNew: 11867881K->146403K(13212096K), 0.6095376 secs] 66609043K->54892686K(187275712K), 0.6099809 secs] [Times: user=4.12 sys=0.71, real=0.61 secs] 
2018-04-14T11:39:48.800+0800: 123347.796: [GC (Allocation Failure) 2018-04-14T11:39:48.801+0800: 123347.797: [ParNew: 11890531K->145836K(13212096K), 0.7266004 secs] 66636814K->54896371K(187275712K), 0.7270404 secs] [Times: user=4.30 sys=1.37, real=0.73 secs] 
2018-04-14T11:40:16.965+0800: 123375.961: [GC (Allocation Failure) 2018-04-14T11:40:16.966+0800: 123375.962: [ParNew: 11889964K->127769K(13212096K), 0.6299428 secs] 66640499K->54890475K(187275712K), 0.6303634 secs] [Times: user=4.24 sys=0.74, real=0.63 secs] 
2018-04-14T11:41:07.851+0800: 123426.847: [GC (Allocation Failure) 2018-04-14T11:41:07.852+0800: 123426.848: [ParNew: 11871897K->114491K(13212096K), 0.6933552 secs] 66634603K->54887931K(187275712K), 0.6938075 secs] [Times: user=4.07 sys=1.41, real=0.69 secs] 
2018-04-14T11:41:52.086+0800: 123471.082: [GC (Allocation Failure) 2018-04-14T11:41:52.086+0800: 123471.082: [ParNew: 11858619K->86570K(13212096K), 0.5962943 secs] 66632059K->54864918K(187275712K), 0.5967308 secs] [Times: user=4.20 sys=0.54, real=0.60 secs] 
2018-04-14T11:42:07.166+0800: 123486.162: [GC (Allocation Failure) 2018-04-14T11:42:07.166+0800: 123486.162: [ParNew: 11830698K->86681K(13212096K), 0.4773510 secs] 66609046K->54869911K(187275712K), 0.4777721 secs] [Times: user=3.64 sys=0.15, real=0.48 secs] 
2018-04-14T11:42:25.904+0800: 123504.900: [GC (Allocation Failure) 2018-04-14T11:42:25.904+0800: 123504.900: [ParNew: 11830809K->93784K(13212096K), 0.6381629 secs] 66614039K->54882708K(187275712K), 0.6386117 secs] [Times: user=3.77 sys=1.28, real=0.64 secs] 
2018-04-14T11:42:40.790+0800: 123519.786: [GC (Allocation Failure) 2018-04-14T11:42:40.790+0800: 123519.786: [ParNew: 11837912K->85010K(13212096K), 0.5329297 secs] 66626836K->54885658K(187275712K), 0.5333549 secs] [Times: user=3.93 sys=0.30, real=0.54 secs] 
2018-04-14T11:42:49.003+0800: 123527.999: [GC (Allocation Failure) 2018-04-14T11:42:49.003+0800: 123527.999: [ParNew: 11829138K->82387K(13212096K), 0.5040741 secs] 66629786K->54888485K(187275712K), 0.5044951 secs] [Times: user=3.77 sys=0.23, real=0.50 secs] 
2018-04-14T11:43:01.948+0800: 123540.945: [GC (Allocation Failure) 2018-04-14T11:43:01.949+0800: 123540.945: [ParNew: 11826515K->76234K(13212096K), 0.5471767 secs] 66632613K->54892820K(187275712K), 0.5476094 secs] [Times: user=4.08 sys=0.26, real=0.55 secs] 
2018-04-14T11:43:18.360+0800: 123557.356: [GC (Allocation Failure) 2018-04-14T11:43:18.360+0800: 123557.356: [ParNew: 11820362K->92415K(13212096K), 0.6492286 secs] 66636948K->54915754K(187275712K), 0.6496755 secs] [Times: user=4.03 sys=1.11, real=0.65 secs] 
2018-04-14T11:43:49.702+0800: 123588.698: [GC (Allocation Failure) 2018-04-14T11:43:49.702+0800: 123588.698: [ParNew: 11836543K->82620K(13212096K), 0.6090898 secs] 66659882K->54907075K(187275712K), 0.6095231 secs] [Times: user=4.11 sys=0.73, real=0.61 secs] 
2018-04-14T11:44:45.739+0800: 123644.735: [GC (Allocation Failure) 2018-04-14T11:44:45.740+0800: 123644.736: [ParNew: 11826748K->73691K(13212096K), 0.6490619 secs] 66651203K->54899345K(187275712K), 0.6494923 secs] [Times: user=3.69 sys=1.43, real=0.65 secs] 
2018-04-14T11:45:06.077+0800: 123665.073: [GC (Allocation Failure) 2018-04-14T11:45:06.077+0800: 123665.073: [ParNew: 11817819K->74025K(13212096K), 0.5322219 secs] 66643473K->54901698K(187275712K), 0.5326275 secs] [Times: user=3.78 sys=0.45, real=0.53 secs] 
2018-04-14T11:45:39.461+0800: 123698.457: [GC (Allocation Failure) 2018-04-14T11:45:39.462+0800: 123698.458: [ParNew: 11818153K->81731K(13212096K), 0.7021475 secs] 66645826K->54910288K(187275712K), 0.7025746 secs] [Times: user=3.98 sys=1.58, real=0.70 secs] 
2018-04-14T11:45:57.596+0800: 123716.592: [GC (Allocation Failure) 2018-04-14T11:45:57.596+0800: 123716.592: [ParNew: 11825859K->100253K(13212096K), 0.5311851 secs] 66654416K->54930070K(187275712K), 0.5316123 secs] [Times: user=4.01 sys=0.21, real=0.53 secs] 
2018-04-14T11:46:12.160+0800: 123731.156: [GC (Allocation Failure) 2018-04-14T11:46:12.160+0800: 123731.156: [ParNew: 11844381K->159308K(13212096K), 0.5845110 secs] 66674198K->54994631K(187275712K), 0.5849321 secs] [Times: user=4.31 sys=0.32, real=0.59 secs] 
2018-04-14T11:46:28.167+0800: 123747.163: [GC (Allocation Failure) 2018-04-14T11:46:28.167+0800: 123747.163: [ParNew: 11903436K->158178K(13212096K), 0.5255052 secs] 66738759K->55000095K(187275712K), 0.5259304 secs] [Times: user=4.00 sys=0.18, real=0.53 secs] 
2018-04-14T11:46:39.103+0800: 123758.099: [GC (Allocation Failure) 2018-04-14T11:46:39.103+0800: 123758.099: [ParNew: 11902306K->86671K(13212096K), 0.6324776 secs] 66744223K->54933181K(187275712K), 0.6329153 secs] [Times: user=3.53 sys=1.47, real=0.63 secs] 
2018-04-14T11:46:47.516+0800: 123766.512: [GC (Allocation Failure) 2018-04-14T11:46:47.516+0800: 123766.512: [ParNew: 11830799K->72442K(13212096K), 0.4713053 secs] 66677309K->54921158K(187275712K), 0.4717224 secs] [Times: user=3.67 sys=0.08, real=0.47 secs] 
2018-04-14T11:46:57.963+0800: 123776.959: [GC (Allocation Failure) 2018-04-14T11:46:57.963+0800: 123776.959: [ParNew: 11816570K->83434K(13212096K), 0.4971380 secs] 66665286K->54938227K(187275712K), 0.4975574 secs] [Times: user=3.60 sys=0.35, real=0.49 secs] 
2018-04-14T11:47:07.962+0800: 123786.958: [GC (Allocation Failure) 2018-04-14T11:47:07.963+0800: 123786.959: [ParNew: 11827562K->83161K(13212096K), 0.5484964 secs] 66682355K->54941336K(187275712K), 0.5489127 secs] [Times: user=4.05 sys=0.30, real=0.55 secs] 
2018-04-14T11:47:17.203+0800: 123796.199: [GC (Allocation Failure) 2018-04-14T11:47:17.203+0800: 123796.199: [ParNew: 11827289K->83529K(13212096K), 0.5169328 secs] 66685464K->54948294K(187275712K), 0.5173453 secs] [Times: user=4.02 sys=0.07, real=0.51 secs] 
2018-04-14T11:47:34.338+0800: 123813.334: [GC (Allocation Failure) 2018-04-14T11:47:34.338+0800: 123813.334: [ParNew: 11827657K->95889K(13212096K), 0.6658443 secs] 66692422K->54965520K(187275712K), 0.6662734 secs] [Times: user=3.93 sys=1.33, real=0.67 secs] 
2018-04-14T11:47:49.012+0800: 123828.008: [GC (Allocation Failure) 2018-04-14T11:47:49.013+0800: 123828.009: [ParNew: 11840017K->120863K(13212096K), 0.5743011 secs] 66709648K->54991827K(187275712K), 0.5747232 secs] [Times: user=4.10 sys=0.48, real=0.57 secs] 
2018-04-14T11:48:01.975+0800: 123840.971: [GC (Allocation Failure) 2018-04-14T11:48:01.976+0800: 123840.972: [ParNew: 11864991K->163920K(13212096K), 0.5683796 secs] 66735955K->55035749K(187275712K), 0.5687874 secs] [Times: user=4.06 sys=0.46, real=0.57 secs] 
2018-04-14T11:48:13.490+0800: 123852.486: [GC (Allocation Failure) 2018-04-14T11:48:13.490+0800: 123852.486: [ParNew: 11908048K->166267K(13212096K), 0.5043984 secs] 66779877K->55045535K(187275712K), 0.5048077 secs] [Times: user=3.99 sys=0.02, real=0.51 secs] 
2018-04-14T11:48:25.203+0800: 123864.199: [GC (Allocation Failure) 2018-04-14T11:48:25.203+0800: 123864.199: [ParNew: 11910395K->128707K(13212096K), 0.6360965 secs] 66789663K->55014822K(187275712K), 0.6365324 secs] [Times: user=3.73 sys=1.29, real=0.63 secs] 
2018-04-14T11:48:41.640+0800: 123880.636: [GC (Allocation Failure) 2018-04-14T11:48:41.640+0800: 123880.636: [ParNew: 11872835K->141770K(13212096K), 0.5701336 secs] 66758950K->55029764K(187275712K), 0.5705496 secs] [Times: user=4.27 sys=0.25, real=0.57 secs] 
2018-04-14T11:48:55.191+0800: 123894.187: [GC (Allocation Failure) 2018-04-14T11:48:55.191+0800: 123894.187: [ParNew: 11885898K->109488K(13212096K), 0.5453234 secs] 66773892K->55002239K(187275712K), 0.5457359 secs] [Times: user=3.96 sys=0.37, real=0.55 secs] 
2018-04-14T11:49:06.438+0800: 123905.434: [GC (Allocation Failure) 2018-04-14T11:49:06.438+0800: 123905.434: [ParNew: 11853616K->128357K(13212096K), 0.5443317 secs] 66746367K->55022513K(187275712K), 0.5447500 secs] [Times: user=4.08 sys=0.24, real=0.55 secs] 
2018-04-14T11:49:17.492+0800: 123916.488: [GC (Allocation Failure) 2018-04-14T11:49:17.492+0800: 123916.488: [ParNew: 11872485K->112028K(13212096K), 0.6692865 secs] 66766641K->55008278K(187275712K), 0.6697093 secs] [Times: user=4.12 sys=1.17, real=0.67 secs] 
2018-04-14T11:49:27.057+0800: 123926.053: [GC (Allocation Failure) 2018-04-14T11:49:27.057+0800: 123926.053: [ParNew: 11856156K->132163K(13212096K), 0.6030108 secs] 66752406K->55030039K(187275712K), 0.6034386 secs] [Times: user=4.57 sys=0.21, real=0.60 secs] 
2018-04-14T11:49:36.837+0800: 123935.833: [GC (Allocation Failure) 2018-04-14T11:49:36.837+0800: 123935.833: [ParNew: 11876291K->170553K(13212096K), 0.5690942 secs] 66774167K->55070899K(187275712K), 0.5695072 secs] [Times: user=4.19 sys=0.32, real=0.57 secs] 
2018-04-14T11:49:45.296+0800: 123944.292: [GC (Allocation Failure) 2018-04-14T11:49:45.296+0800: 123944.292: [ParNew: 11914681K->151642K(13212096K), 0.5818029 secs] 66815027K->55054498K(187275712K), 0.5822263 secs] [Times: user=4.43 sys=0.18, real=0.58 secs] 
2018-04-14T11:49:54.523+0800: 123953.519: [GC (Allocation Failure) 2018-04-14T11:49:54.523+0800: 123953.519: [ParNew: 11895770K->185205K(13212096K), 0.4963634 secs] 66798626K->55090235K(187275712K), 0.4967745 secs] [Times: user=3.94 sys=0.00, real=0.49 secs] 
2018-04-14T11:50:07.371+0800: 123966.367: [GC (Allocation Failure) 2018-04-14T11:50:07.372+0800: 123966.368: [ParNew: 11929333K->155312K(13212096K), 0.6402839 secs] 66834363K->55062471K(187275712K), 0.6407109 secs] [Times: user=4.08 sys=0.99, real=0.64 secs] 
2018-04-14T11:50:24.787+0800: 123983.784: [GC (Allocation Failure) 2018-04-14T11:50:24.788+0800: 123983.784: [ParNew: 11899440K->131644K(13212096K), 0.5891991 secs] 66806599K->55041213K(187275712K), 0.5896141 secs] [Times: user=4.33 sys=0.35, real=0.59 secs] 
2018-04-14T11:50:55.438+0800: 124014.434: [GC (Allocation Failure) 2018-04-14T11:50:55.439+0800: 124014.435: [ParNew: 11875772K->147585K(13212096K), 0.5946080 secs] 66785341K->55060936K(187275712K), 0.5950359 secs] [Times: user=4.36 sys=0.34, real=0.60 secs] 
2018-04-14T11:51:24.813+0800: 124043.809: [GC (Allocation Failure) 2018-04-14T11:51:24.813+0800: 124043.809: [ParNew: 11891713K->139594K(13212096K), 0.7281404 secs] 66805064K->55058488K(187275712K), 0.7285730 secs] [Times: user=4.30 sys=1.47, real=0.73 secs] 
2018-04-14T11:51:39.951+0800: 124058.947: [GC (Allocation Failure) 2018-04-14T11:51:39.951+0800: 124058.947: [ParNew: 11883722K->145550K(13212096K), 0.5753569 secs] 66802616K->55066957K(187275712K), 0.5757905 secs] [Times: user=4.30 sys=0.26, real=0.58 secs] 
2018-04-14T11:51:58.766+0800: 124077.762: [GC (Allocation Failure) 2018-04-14T11:51:58.766+0800: 124077.762: [ParNew: 11889678K->190098K(13212096K), 0.5541335 secs] 66811085K->55115499K(187275712K), 0.5545529 secs] [Times: user=4.07 sys=0.30, real=0.55 secs] 
2018-04-14T11:52:19.540+0800: 124098.536: [GC (Allocation Failure) 2018-04-14T11:52:19.541+0800: 124098.537: [ParNew: 11934226K->163340K(13212096K), 0.6928055 secs] 66859627K->55091739K(187275712K), 0.6932266 secs] [Times: user=4.15 sys=1.34, real=0.70 secs] 
2018-04-14T11:52:47.626+0800: 124126.622: [GC (Allocation Failure) 2018-04-14T11:52:47.626+0800: 124126.622: [ParNew: 11907468K->78834K(13212096K), 0.5529236 secs] 66835867K->55011999K(187275712K), 0.5533534 secs] [Times: user=3.95 sys=0.44, real=0.55 secs] 
2018-04-14T11:53:16.397+0800: 124155.393: [GC (Allocation Failure) 2018-04-14T11:53:16.397+0800: 124155.393: [ParNew: 11822962K->118534K(13212096K), 0.7361435 secs] 66756127K->55060141K(187275712K), 0.7365798 secs] [Times: user=4.44 sys=1.39, real=0.74 secs] 
2018-04-14T11:54:42.499+0800: 124241.495: [GC (Allocation Failure) 2018-04-14T11:54:42.500+0800: 124241.496: [ParNew: 11862662K->119085K(13212096K), 0.8250153 secs] 66804269K->55066915K(187275712K), 0.8254511 secs] [Times: user=4.80 sys=1.64, real=0.83 secs] 
2018-04-14T11:55:57.750+0800: 124316.746: [GC (Allocation Failure) 2018-04-14T11:55:57.750+0800: 124316.746: [ParNew: 11863213K->102843K(13212096K), 0.7873713 secs] 66811043K->55057528K(187275712K), 0.7878107 secs] [Times: user=4.80 sys=1.46, real=0.79 secs] 
2018-04-14T11:56:18.038+0800: 124337.034: [GC (Allocation Failure) 2018-04-14T11:56:18.038+0800: 124337.034: [ParNew: 11846971K->103273K(13212096K), 0.5461112 secs] 66801656K->55061590K(187275712K), 0.5465236 secs] [Times: user=4.23 sys=0.11, real=0.55 secs] 
2018-04-14T11:56:33.914+0800: 124352.910: [GC (Allocation Failure) 2018-04-14T11:56:33.914+0800: 124352.910: [ParNew: 11847401K->95078K(13212096K), 0.6262524 secs] 66805718K->55059829K(187275712K), 0.6266848 secs] [Times: user=3.83 sys=1.13, real=0.62 secs] 
2018-04-14T11:56:47.323+0800: 124366.319: [GC (Allocation Failure) 2018-04-14T11:56:47.323+0800: 124366.319: [ParNew: 11839206K->83108K(13212096K), 0.5760628 secs] 66803957K->55053063K(187275712K), 0.5764821 secs] [Times: user=4.08 sys=0.50, real=0.57 secs] 
2018-04-14T11:56:57.002+0800: 124375.998: [GC (Allocation Failure) 2018-04-14T11:56:57.002+0800: 124375.998: [ParNew: 11827236K->85907K(13212096K), 0.5519747 secs] 66797191K->55061541K(187275712K), 0.5524010 secs] [Times: user=4.11 sys=0.27, real=0.55 secs] 
2018-04-14T11:57:06.163+0800: 124385.159: [GC (Allocation Failure) 2018-04-14T11:57:06.163+0800: 124385.159: [ParNew: 11830035K->66681K(13212096K), 0.5042469 secs] 66805669K->55059332K(187275712K), 0.5046809 secs] [Times: user=3.79 sys=0.19, real=0.50 secs] 
2018-04-14T11:57:26.731+0800: 124405.727: [GC (Allocation Failure) 2018-04-14T11:57:26.731+0800: 124405.728: [ParNew: 11810809K->41762K(13212096K), 0.6460585 secs] 66803460K->55047659K(187275712K), 0.6464981 secs] [Times: user=3.91 sys=1.17, real=0.64 secs] 
2018-04-14T11:57:57.130+0800: 124436.126: [GC (Allocation Failure) 2018-04-14T11:57:57.131+0800: 124436.127: [ParNew: 11785890K->89779K(13212096K), 0.7268955 secs] 66791787K->55098297K(187275712K), 0.7273271 secs] [Times: user=4.85 sys=0.93, real=0.73 secs] 
2018-04-14T11:58:11.928+0800: 124450.924: [GC (Allocation Failure) 2018-04-14T11:58:11.929+0800: 124450.925: [ParNew: 11833907K->121582K(13212096K), 0.5337387 secs] 66842425K->55130828K(187275712K), 0.5341536 secs] [Times: user=3.93 sys=0.31, real=0.54 secs] 
2018-04-14T11:58:23.798+0800: 124462.794: [GC (Allocation Failure) 2018-04-14T11:58:23.798+0800: 124462.794: [ParNew: 11865710K->127717K(13212096K), 0.6254207 secs] 66874956K->55137718K(187275712K), 0.6258590 secs] [Times: user=3.65 sys=1.32, real=0.63 secs] 
2018-04-14T11:58:45.401+0800: 124484.397: [GC (Allocation Failure) 2018-04-14T11:58:45.401+0800: 124484.397: [ParNew: 11871845K->143532K(13212096K), 0.6313655 secs] 66881846K->55154876K(187275712K), 0.6317915 secs] [Times: user=4.42 sys=0.61, real=0.64 secs] 
2018-04-14T11:59:14.656+0800: 124513.652: [GC (Allocation Failure) 2018-04-14T11:59:14.656+0800: 124513.652: [ParNew: 11887660K->121775K(13212096K), 0.6240722 secs] 66899004K->55133940K(187275712K), 0.6244991 secs] [Times: user=4.45 sys=0.51, real=0.62 secs] 
2018-04-14T11:59:27.885+0800: 124526.881: [GC (Allocation Failure) 2018-04-14T11:59:27.885+0800: 124526.881: [ParNew: 11865903K->134742K(13212096K), 0.6391773 secs] 66878068K->55150956K(187275712K), 0.6396212 secs] [Times: user=3.78 sys=1.28, real=0.64 secs] 
2018-04-14T11:59:36.521+0800: 124535.517: [GC (Allocation Failure) 2018-04-14T11:59:36.522+0800: 124535.518: [ParNew: 11878870K->120581K(13212096K), 0.5338294 secs] 66895084K->55155583K(187275712K), 0.5342600 secs] [Times: user=4.20 sys=0.01, real=0.53 secs] 
2018-04-14T11:59:50.259+0800: 124549.255: [GC (Allocation Failure) 2018-04-14T11:59:50.260+0800: 124549.256: [ParNew: 11864709K->136325K(13212096K), 0.6150751 secs] 66899711K->55176403K(187275712K), 0.6155027 secs] [Times: user=4.31 sys=0.58, real=0.62 secs] 
2018-04-14T12:00:17.518+0800: 124576.514: [GC (Allocation Failure) 2018-04-14T12:00:17.519+0800: 124576.515: [ParNew: 11880453K->112498K(13212096K), 0.5879171 secs] 66920531K->55153517K(187275712K), 0.5883430 secs] [Times: user=4.33 sys=0.35, real=0.59 secs] 
2018-04-14T12:00:35.784+0800: 124594.780: [GC (Allocation Failure) 2018-04-14T12:00:35.784+0800: 124594.780: [ParNew: 11856626K->112399K(13212096K), 0.6071307 secs] 66897645K->55156536K(187275712K), 0.6075599 secs] [Times: user=3.73 sys=1.07, real=0.61 secs] 
2018-04-14T12:00:48.089+0800: 124607.086: [GC (Allocation Failure) 2018-04-14T12:00:48.090+0800: 124607.086: [ParNew: 11856527K->97963K(13212096K), 0.5573874 secs] 66900664K->55146668K(187275712K), 0.5578183 secs] [Times: user=4.01 sys=0.42, real=0.56 secs] 
2018-04-14T12:01:06.401+0800: 124625.397: [GC (Allocation Failure) 2018-04-14T12:01:06.401+0800: 124625.397: [ParNew: 11842091K->112641K(13212096K), 0.5477908 secs] 66890796K->55162686K(187275712K), 0.5482071 secs] [Times: user=3.84 sys=0.52, real=0.55 secs] 
2018-04-14T12:01:25.909+0800: 124644.905: [GC (Allocation Failure) 2018-04-14T12:01:25.910+0800: 124644.906: [ParNew: 11856769K->90144K(13212096K), 0.6175025 secs] 66906814K->55144623K(187275712K), 0.6179404 secs] [Times: user=3.94 sys=0.95, real=0.62 secs] 
2018-04-14T12:01:43.634+0800: 124662.630: [GC (Allocation Failure) 2018-04-14T12:01:43.634+0800: 124662.630: [ParNew: 11834272K->111608K(13212096K), 0.6160372 secs] 66888751K->55168719K(187275712K), 0.6164637 secs] [Times: user=4.58 sys=0.33, real=0.61 secs] 
2018-04-14T12:01:57.501+0800: 124676.497: [GC (Allocation Failure) 2018-04-14T12:01:57.501+0800: 124676.497: [ParNew: 11855736K->127375K(13212096K), 0.5535743 secs] 66912847K->55187842K(187275712K), 0.5539979 secs] [Times: user=4.17 sys=0.24, real=0.56 secs] 
2018-04-14T12:02:11.386+0800: 124690.382: [GC (Allocation Failure) 2018-04-14T12:02:11.386+0800: 124690.382: [ParNew: 11871503K->130132K(13212096K), 0.5367898 secs] 66931970K->55192913K(187275712K), 0.5372182 secs] [Times: user=3.85 sys=0.42, real=0.54 secs] 
2018-04-14T12:02:24.839+0800: 124703.835: [GC (Allocation Failure) 2018-04-14T12:02:24.839+0800: 124703.835: [ParNew: 11874260K->147014K(13212096K), 0.6059196 secs] 66937041K->55211758K(187275712K), 0.6063553 secs] [Times: user=4.48 sys=0.34, real=0.61 secs] 
2018-04-14T12:02:41.892+0800: 124720.888: [GC (Allocation Failure) 2018-04-14T12:02:41.892+0800: 124720.888: [ParNew: 11891142K->164139K(13212096K), 0.5890164 secs] 66955886K->55231162K(187275712K), 0.5894478 secs] [Times: user=4.24 sys=0.44, real=0.59 secs] 
2018-04-14T12:03:00.252+0800: 124739.249: [GC (Allocation Failure) 2018-04-14T12:03:00.253+0800: 124739.249: [ParNew: 11908267K->126690K(13212096K), 0.5596058 secs] 66975290K->55198803K(187275712K), 0.5600430 secs] [Times: user=4.13 sys=0.31, real=0.56 secs] 
2018-04-14T12:03:35.748+0800: 124774.744: [GC (Allocation Failure) 2018-04-14T12:03:35.748+0800: 124774.744: [ParNew: 11870818K->104117K(13212096K), 0.6382618 secs] 66942931K->55183130K(187275712K), 0.6387129 secs] [Times: user=3.67 sys=1.38, real=0.64 secs] 
2018-04-14T12:03:57.959+0800: 124796.955: [GC (Allocation Failure) 2018-04-14T12:03:57.959+0800: 124796.955: [ParNew: 11848245K->126436K(13212096K), 0.5877731 secs] 66927258K->55208372K(187275712K), 0.5881991 secs] [Times: user=4.14 sys=0.53, real=0.59 secs] 
2018-04-14T12:04:18.579+0800: 124817.575: [GC (Allocation Failure) 2018-04-14T12:04:18.579+0800: 124817.575: [ParNew: 11870564K->166395K(13212096K), 0.6552486 secs] 66952500K->55251361K(187275712K), 0.6556816 secs] [Times: user=3.61 sys=1.58, real=0.66 secs] 
2018-04-14T12:04:39.772+0800: 124838.768: [GC (Allocation Failure) 2018-04-14T12:04:39.773+0800: 124838.769: [ParNew: 11910523K->180638K(13212096K), 0.6523293 secs] 66995489K->55271856K(187275712K), 0.6527573 secs] [Times: user=4.71 sys=0.48, real=0.65 secs] 
2018-04-14T12:04:59.055+0800: 124858.051: [GC (Allocation Failure) 2018-04-14T12:04:59.056+0800: 124858.052: [ParNew: 11924766K->176858K(13212096K), 0.5827464 secs] 67015984K->55272986K(187275712K), 0.5831726 secs] [Times: user=4.31 sys=0.32, real=0.58 secs] 
2018-04-14T12:05:12.639+0800: 124871.636: [GC (Allocation Failure) 2018-04-14T12:05:12.640+0800: 124871.636: [ParNew: 11920986K->179179K(13212096K), 0.6440215 secs] 67017114K->55281895K(187275712K), 0.6444628 secs] [Times: user=3.77 sys=1.32, real=0.65 secs] 
2018-04-14T12:05:31.669+0800: 124890.665: [GC (Allocation Failure) 2018-04-14T12:05:31.669+0800: 124890.665: [ParNew: 11923307K->125198K(13212096K), 0.6026556 secs] 67026023K->55233948K(187275712K), 0.6030869 secs] [Times: user=4.45 sys=0.32, real=0.61 secs] 
2018-04-14T12:05:46.466+0800: 124905.462: [GC (Allocation Failure) 2018-04-14T12:05:46.466+0800: 124905.462: [ParNew: 11869326K->120848K(13212096K), 0.6112245 secs] 66978076K->55237946K(187275712K), 0.6116493 secs] [Times: user=4.50 sys=0.36, real=0.61 secs] 
2018-04-14T12:06:09.060+0800: 124928.056: [GC (Allocation Failure) 2018-04-14T12:06:09.061+0800: 124928.057: [ParNew: 11864976K->174840K(13212096K), 0.7363744 secs] 66982074K->55296449K(187275712K), 0.7368184 secs] [Times: user=4.58 sys=1.25, real=0.74 secs] 
2018-04-14T12:06:48.410+0800: 124967.406: [GC (Allocation Failure) 2018-04-14T12:06:48.410+0800: 124967.406: [ParNew: 11918968K->135434K(13212096K), 0.7109348 secs] 67040577K->55260350K(187275712K), 0.7113596 secs] [Times: user=4.52 sys=1.12, real=0.72 secs] 
2018-04-14T12:07:00.777+0800: 124979.773: [GC (Allocation Failure) 2018-04-14T12:07:00.777+0800: 124979.773: [ParNew: 11879562K->108245K(13212096K), 0.5700301 secs] 67004478K->55240604K(187275712K), 0.5704556 secs] [Times: user=4.34 sys=0.19, real=0.57 secs] 
2018-04-14T12:07:11.181+0800: 124990.177: [GC (Allocation Failure) 2018-04-14T12:07:11.181+0800: 124990.177: [ParNew: 11852373K->153306K(13212096K), 0.6268224 secs] 66984732K->55287831K(187275712K), 0.6272478 secs] [Times: user=3.55 sys=1.42, real=0.63 secs] 
2018-04-14T12:07:21.337+0800: 125000.333: [GC (Allocation Failure) 2018-04-14T12:07:21.338+0800: 125000.334: [ParNew: 11897434K->164416K(13212096K), 0.5260863 secs] 67031959K->55303804K(187275712K), 0.5265048 secs] [Times: user=4.13 sys=0.04, real=0.53 secs] 
2018-04-14T12:07:35.951+0800: 125014.947: [GC (Allocation Failure) 2018-04-14T12:07:35.951+0800: 125014.947: [ParNew: 11908544K->192461K(13212096K), 0.6271473 secs] 67047932K->55342215K(187275712K), 0.6275773 secs] [Times: user=4.47 sys=0.51, real=0.63 secs] 
2018-04-14T12:08:12.030+0800: 125051.026: [GC (Allocation Failure) 2018-04-14T12:08:12.030+0800: 125051.026: [ParNew: 11936589K->135488K(13212096K), 0.7485736 secs] 67086343K->55296569K(187275712K), 0.7490041 secs] [Times: user=4.33 sys=1.58, real=0.75 secs] 
2018-04-14T12:08:53.542+0800: 125092.538: [GC (Allocation Failure) 2018-04-14T12:08:53.542+0800: 125092.538: [ParNew: 11879616K->71629K(13212096K), 0.7548660 secs] 67040697K->55241107K(187275712K), 0.7552967 secs] [Times: user=4.86 sys=1.15, real=0.75 secs] 
2018-04-14T12:09:01.709+0800: 125100.705: [GC (Allocation Failure) 2018-04-14T12:09:01.710+0800: 125100.706: [ParNew: 11815757K->82374K(13212096K), 0.5148000 secs] 66985235K->55253396K(187275712K), 0.5152363 secs] [Times: user=3.90 sys=0.19, real=0.52 secs] 
2018-04-14T12:09:09.046+0800: 125108.042: [GC (Allocation Failure) 2018-04-14T12:09:09.046+0800: 125108.042: [ParNew: 11826502K->83895K(13212096K), 0.5139927 secs] 66997524K->55258382K(187275712K), 0.5144173 secs] [Times: user=4.02 sys=0.06, real=0.51 secs] 
2018-04-14T12:09:23.850+0800: 125122.847: [GC (Allocation Failure) 2018-04-14T12:09:23.851+0800: 125122.847: [ParNew: 11828023K->98909K(13212096K), 0.6289254 secs] 67002510K->55277527K(187275712K), 0.6293498 secs] [Times: user=3.91 sys=1.07, real=0.63 secs] 
2018-04-14T12:09:37.300+0800: 125136.296: [GC (Allocation Failure) 2018-04-14T12:09:37.300+0800: 125136.296: [ParNew: 11843037K->101390K(13212096K), 0.5620836 secs] 67021655K->55287411K(187275712K), 0.5625096 secs] [Times: user=4.22 sys=0.24, real=0.57 secs] 
2018-04-14T12:09:48.133+0800: 125147.129: [GC (Allocation Failure) 2018-04-14T12:09:48.133+0800: 125147.130: [ParNew: 11845518K->84734K(13212096K), 0.5453879 secs] 67031539K->55280276K(187275712K), 0.5458113 secs] [Times: user=4.00 sys=0.33, real=0.54 secs] 
2018-04-14T12:09:59.841+0800: 125158.837: [GC (Allocation Failure) 2018-04-14T12:09:59.842+0800: 125158.838: [ParNew: 11828862K->56579K(13212096K), 0.5420762 secs] 67024404K->55260379K(187275712K), 0.5425040 secs] [Times: user=4.02 sys=0.27, real=0.54 secs] 
2018-04-14T12:10:12.772+0800: 125171.768: [GC (Allocation Failure) 2018-04-14T12:10:12.772+0800: 125171.768: [ParNew: 11800707K->62217K(13212096K), 0.6393378 secs] 67004507K->55267504K(187275712K), 0.6397713 secs] [Times: user=3.83 sys=1.21, real=0.64 secs] 
2018-04-14T12:10:38.789+0800: 125197.785: [GC (Allocation Failure) 2018-04-14T12:10:38.789+0800: 125197.785: [ParNew: 11806345K->84441K(13212096K), 0.6162771 secs] 67011632K->55291674K(187275712K), 0.6166990 secs] [Times: user=4.26 sys=0.59, real=0.62 secs] 
2018-04-14T12:12:11.536+0800: 125290.532: [GC (Allocation Failure) 2018-04-14T12:12:11.536+0800: 125290.532: [ParNew: 11828569K->106739K(13212096K), 1.0599481 secs] 67035802K->55317724K(187275712K), 1.0603844 secs] [Times: user=5.94 sys=2.48, real=1.06 secs] 
2018-04-14T12:12:41.383+0800: 125320.379: [GC (Allocation Failure) 2018-04-14T12:12:41.383+0800: 125320.379: [ParNew: 11850867K->99841K(13212096K), 0.5700192 secs] 67061852K->55312145K(187275712K), 0.5704399 secs] [Times: user=3.99 sys=0.55, real=0.57 secs] 
2018-04-14T12:13:03.176+0800: 125342.172: [GC (Allocation Failure) 2018-04-14T12:13:03.176+0800: 125342.172: [ParNew: 11843969K->83762K(13212096K), 0.6479591 secs] 67056273K->55297563K(187275712K), 0.6484014 secs] [Times: user=3.75 sys=1.37, real=0.65 secs] 
2018-04-14T12:13:16.884+0800: 125355.880: [GC (Allocation Failure) 2018-04-14T12:13:16.884+0800: 125355.880: [ParNew: 11827890K->100512K(13212096K), 0.5525242 secs] 67041691K->55316427K(187275712K), 0.5529529 secs] [Times: user=4.02 sys=0.37, real=0.55 secs] 
2018-04-14T12:13:28.924+0800: 125367.920: [GC (Allocation Failure) 2018-04-14T12:13:28.924+0800: 125367.920: [ParNew: 11844640K->110467K(13212096K), 0.5911168 secs] 67060555K->55329717K(187275712K), 0.5915390 secs] [Times: user=4.38 sys=0.31, real=0.59 secs] 
2018-04-14T12:13:36.596+0800: 125375.593: [GC (Allocation Failure) 2018-04-14T12:13:36.597+0800: 125375.593: [ParNew: 11854595K->124204K(13212096K), 0.5364566 secs] 67073845K->55350784K(187275712K), 0.5368781 secs] [Times: user=4.04 sys=0.21, real=0.54 secs] 
2018-04-14T12:13:45.317+0800: 125384.313: [GC (Allocation Failure) 2018-04-14T12:13:45.317+0800: 125384.313: [ParNew: 11868332K->107111K(13212096K), 0.6471826 secs] 67094912K->55351633K(187275712K), 0.6476158 secs] [Times: user=4.09 sys=1.03, real=0.65 secs] 
2018-04-14T12:14:21.059+0800: 125420.055: [GC (Allocation Failure) 2018-04-14T12:14:21.059+0800: 125420.055: [ParNew: 11851239K->81977K(13212096K), 0.5486099 secs] 67095761K->55330766K(187275712K), 0.5490549 secs] [Times: user=3.92 sys=0.42, real=0.55 secs] 
2018-04-14T12:14:53.671+0800: 125452.667: [GC (Allocation Failure) 2018-04-14T12:14:53.671+0800: 125452.667: [ParNew: 11826105K->67657K(13212096K), 0.5622560 secs] 67074894K->55318405K(187275712K), 0.5626961 secs] [Times: user=3.94 sys=0.52, real=0.57 secs] 
2018-04-14T12:15:35.341+0800: 125494.337: [GC (Allocation Failure) 2018-04-14T12:15:35.342+0800: 125494.338: [ParNew: 11811785K->109624K(13212096K), 0.7897161 secs] 67062533K->55362626K(187275712K), 0.7901440 secs] [Times: user=4.21 sys=2.05, real=0.79 secs] 
2018-04-14T12:16:20.080+0800: 125539.076: [GC (Allocation Failure) 2018-04-14T12:16:20.080+0800: 125539.076: [ParNew: 11853752K->130962K(13212096K), 0.7373947 secs] 67106754K->55387636K(187275712K), 0.7378570 secs] [Times: user=4.38 sys=1.44, real=0.74 secs] 
2018-04-14T12:16:43.031+0800: 125562.027: [GC (Allocation Failure) 2018-04-14T12:16:43.031+0800: 125562.027: [ParNew: 11875090K->134648K(13212096K), 0.5740415 secs] 67131764K->55394215K(187275712K), 0.5744702 secs] [Times: user=4.25 sys=0.31, real=0.58 secs] 
2018-04-14T12:17:14.400+0800: 125593.396: [GC (Allocation Failure) 2018-04-14T12:17:14.400+0800: 125593.396: [ParNew: 11878776K->87554K(13212096K), 0.5854803 secs] 67138343K->55352476K(187275712K), 0.5859045 secs] [Times: user=4.10 sys=0.57, real=0.59 secs] 
2018-04-14T12:17:29.978+0800: 125608.974: [GC (Allocation Failure) 2018-04-14T12:17:29.978+0800: 125608.974: [ParNew: 11831682K->51488K(13212096K), 0.6362324 secs] 67096604K->55323880K(187275712K), 0.6366585 secs] [Times: user=3.78 sys=1.26, real=0.64 secs] 
2018-04-14T12:18:22.498+0800: 125661.494: [GC (Allocation Failure) 2018-04-14T12:18:22.498+0800: 125661.494: [ParNew: 11795616K->47839K(13212096K), 0.6767448 secs] 67068008K->55323243K(187275712K), 0.6771720 secs] [Times: user=4.36 sys=1.02, real=0.68 secs] 
2018-04-14T12:18:36.719+0800: 125675.715: [GC (Allocation Failure) 2018-04-14T12:18:36.720+0800: 125675.716: [ParNew: 11791967K->81094K(13212096K), 0.6317092 secs] 67067371K->55361379K(187275712K), 0.6321457 secs] [Times: user=3.52 sys=1.47, real=0.64 secs] 
2018-04-14T12:18:51.382+0800: 125690.378: [GC (Allocation Failure) 2018-04-14T12:18:51.383+0800: 125690.379: [ParNew: 11825222K->106602K(13212096K), 0.5203891 secs] 67105507K->55390008K(187275712K), 0.5208023 secs] [Times: user=4.03 sys=0.11, real=0.52 secs] 
2018-04-14T12:19:02.006+0800: 125701.002: [GC (Allocation Failure) 2018-04-14T12:19:02.006+0800: 125701.002: [ParNew: 11850730K->158806K(13212096K), 0.5433610 secs] 67134136K->55443116K(187275712K), 0.5437886 secs] [Times: user=3.99 sys=0.33, real=0.54 secs] 
2018-04-14T12:19:14.696+0800: 125713.692: [GC (Allocation Failure) 2018-04-14T12:19:14.696+0800: 125713.692: [ParNew: 11902934K->162335K(13212096K), 0.5614260 secs] 67187244K->55447638K(187275712K), 0.5618354 secs] [Times: user=4.11 sys=0.36, real=0.56 secs] 
2018-04-14T12:19:30.961+0800: 125729.957: [GC (Allocation Failure) 2018-04-14T12:19:30.961+0800: 125729.957: [ParNew: 11906463K->148095K(13212096K), 0.6574362 secs] 67191766K->55434209K(187275712K), 0.6578692 secs] [Times: user=4.16 sys=1.06, real=0.66 secs] 
2018-04-14T12:19:41.710+0800: 125740.706: [GC (Allocation Failure) 2018-04-14T12:19:41.711+0800: 125740.707: [ParNew: 11892223K->128456K(13212096K), 0.5043304 secs] 67178337K->55425174K(187275712K), 0.5047611 secs] [Times: user=3.92 sys=0.08, real=0.51 secs] 
2018-04-14T12:19:56.944+0800: 125755.940: [GC (Allocation Failure) 2018-04-14T12:19:56.944+0800: 125755.940: [ParNew: 11872584K->96111K(13212096K), 0.6806160 secs] 67169302K->55399902K(187275712K), 0.6810364 secs] [Times: user=4.60 sys=0.80, real=0.68 secs] 
2018-04-14T12:20:09.741+0800: 125768.737: [GC (Allocation Failure) 2018-04-14T12:20:09.741+0800: 125768.737: [ParNew: 11840239K->118114K(13212096K), 0.5800422 secs] 67144030K->55424798K(187275712K), 0.5804579 secs] [Times: user=4.21 sys=0.41, real=0.58 secs] 
2018-04-14T12:20:18.530+0800: 125777.526: [GC (Allocation Failure) 2018-04-14T12:20:18.530+0800: 125777.526: [ParNew: 11862242K->126093K(13212096K), 0.6209698 secs] 67168926K->55434012K(187275712K), 0.6213959 secs] [Times: user=3.53 sys=1.39, real=0.63 secs] 
2018-04-14T12:20:26.109+0800: 125785.105: [GC (Allocation Failure) 2018-04-14T12:20:26.109+0800: 125785.105: [ParNew: 11870221K->117941K(13212096K), 0.4779618 secs] 67178140K->55426684K(187275712K), 0.4783709 secs] [Times: user=3.65 sys=0.15, real=0.48 secs] 
2018-04-14T12:20:32.864+0800: 125791.861: [GC (Allocation Failure) 2018-04-14T12:20:32.865+0800: 125791.861: [ParNew: 11862069K->118705K(13212096K), 0.5072169 secs] 67170812K->55428990K(187275712K), 0.5076251 secs] [Times: user=3.86 sys=0.18, real=0.51 secs] 
2018-04-14T12:20:40.096+0800: 125799.092: [GC (Allocation Failure) 2018-04-14T12:20:40.096+0800: 125799.092: [ParNew: 11862833K->64230K(13212096K), 0.4815014 secs] 67173118K->55374983K(187275712K), 0.4819158 secs] [Times: user=3.72 sys=0.10, real=0.48 secs] 
2018-04-14T12:20:49.426+0800: 125808.422: [GC (Allocation Failure) 2018-04-14T12:20:49.426+0800: 125808.422: [ParNew: 11808358K->65290K(13212096K), 0.5220168 secs] 67119111K->55381790K(187275712K), 0.5224307 secs] [Times: user=3.88 sys=0.27, real=0.52 secs] 
2018-04-14T12:21:17.050+0800: 125836.047: [GC (Allocation Failure) 2018-04-14T12:21:17.051+0800: 125836.047: [ParNew: 11809418K->73596K(13212096K), 0.6853063 secs] 67125918K->55391202K(187275712K), 0.6857353 secs] [Times: user=3.93 sys=1.44, real=0.69 secs] 
2018-04-14T12:21:29.101+0800: 125848.097: [GC (Allocation Failure) 2018-04-14T12:21:29.101+0800: 125848.098: [ParNew: 11817724K->79120K(13212096K), 0.5703850 secs] 67135330K->55397205K(187275712K), 0.5707942 secs] [Times: user=3.98 sys=0.54, real=0.57 secs] 
2018-04-14T12:21:47.364+0800: 125866.360: [GC (Allocation Failure) 2018-04-14T12:21:47.364+0800: 125866.360: [ParNew: 11823248K->86006K(13212096K), 0.5429587 secs] 67141333K->55405351K(187275712K), 0.5433670 secs] [Times: user=3.94 sys=0.37, real=0.54 secs] 
2018-04-14T12:22:14.161+0800: 125893.157: [GC (Allocation Failure) 2018-04-14T12:22:14.161+0800: 125893.157: [ParNew: 11830134K->150699K(13212096K), 0.6696922 secs] 67149479K->55470668K(187275712K), 0.6701266 secs] [Times: user=4.06 sys=1.25, real=0.67 secs] 
2018-04-14T12:22:29.469+0800: 125908.465: [GC (Allocation Failure) 2018-04-14T12:22:29.469+0800: 125908.465: [ParNew: 11894827K->154793K(13212096K), 0.5746074 secs] 67214796K->55475614K(187275712K), 0.5750271 secs] [Times: user=4.23 sys=0.33, real=0.58 secs] 
2018-04-14T12:22:39.641+0800: 125918.637: [GC (Allocation Failure) 2018-04-14T12:22:39.641+0800: 125918.637: [ParNew: 11898703K->127923K(13212096K), 0.4959404 secs] 67219524K->55449537K(187275712K), 0.4963603 secs] [Times: user=3.83 sys=0.11, real=0.50 secs] 
2018-04-14T12:22:52.426+0800: 125931.422: [GC (Allocation Failure) 2018-04-14T12:22:52.426+0800: 125931.422: [ParNew: 11872051K->108434K(13212096K), 0.5035598 secs] 67193665K->55439712K(187275712K), 0.5039844 secs] [Times: user=3.74 sys=0.25, real=0.50 secs] 
2018-04-14T12:23:36.158+0800: 125975.154: [GC (Allocation Failure) 2018-04-14T12:23:36.159+0800: 125975.155: [ParNew: 11852562K->116460K(13212096K), 0.7957266 secs] 67183840K->55449705K(187275712K), 0.7961637 secs] [Times: user=4.50 sys=1.80, real=0.80 secs] 
2018-04-14T12:24:14.103+0800: 126013.099: [GC (Allocation Failure) 2018-04-14T12:24:14.104+0800: 126013.100: [ParNew: 11860588K->145739K(13212096K), 0.7032111 secs] 67193833K->55484172K(187275712K), 0.7036350 secs] [Times: user=4.28 sys=1.30, real=0.70 secs] 
2018-04-14T12:24:54.917+0800: 126053.913: [GC (Allocation Failure) 2018-04-14T12:24:54.917+0800: 126053.913: [ParNew: 11889867K->161109K(13212096K), 0.7229727 secs] 67228300K->55508886K(187275712K), 0.7234028 secs] [Times: user=4.51 sys=1.21, real=0.72 secs] 
2018-04-14T12:25:32.439+0800: 126091.435: [GC (Allocation Failure) 2018-04-14T12:25:32.440+0800: 126091.436: [ParNew: 11905237K->155481K(13212096K), 0.6047706 secs] 67253014K->55510160K(187275712K), 0.6051931 secs] [Times: user=4.26 sys=0.51, real=0.61 secs] 
2018-04-14T12:28:17.350+0800: 126256.346: [GC (Allocation Failure) 2018-04-14T12:28:17.351+0800: 126256.347: [ParNew: 11899609K->131698K(13212096K), 0.9016618 secs] 67254288K->55488674K(187275712K), 0.9020936 secs] [Times: user=5.22 sys=1.94, real=0.91 secs] 
2018-04-14T12:28:45.935+0800: 126284.932: [GC (Allocation Failure) 2018-04-14T12:28:45.936+0800: 126284.932: [ParNew: 11875826K->140032K(13212096K), 0.5515042 secs] 67232802K->55499735K(187275712K), 0.5519580 secs] [Times: user=4.11 sys=0.27, real=0.55 secs] 
2018-04-14T12:29:06.188+0800: 126305.184: [GC (Allocation Failure) 2018-04-14T12:29:06.188+0800: 126305.184: [ParNew: 11884160K->128169K(13212096K), 0.6786967 secs] 67243863K->55493913K(187275712K), 0.6791338 secs] [Times: user=3.65 sys=1.69, real=0.68 secs] 
2018-04-14T12:29:27.552+0800: 126326.548: [GC (Allocation Failure) 2018-04-14T12:29:27.553+0800: 126326.549: [ParNew: 11872297K->107074K(13212096K), 0.6038179 secs] 67238041K->55480423K(187275712K), 0.6042391 secs] [Times: user=4.31 sys=0.47, real=0.60 secs] 
2018-04-14T12:29:51.991+0800: 126350.987: [GC (Allocation Failure) 2018-04-14T12:29:51.991+0800: 126350.987: [ParNew: 11851202K->88800K(13212096K), 0.6468435 secs] 67224551K->55469580K(187275712K), 0.6472754 secs] [Times: user=3.54 sys=1.57, real=0.65 secs] 
2018-04-14T12:30:14.478+0800: 126373.474: [GC (Allocation Failure) 2018-04-14T12:30:14.480+0800: 126373.476: [ParNew: 11832928K->80139K(13212096K), 0.5317116 secs] 67213708K->55475565K(187275712K), 0.5338292 secs] [Times: user=3.97 sys=0.25, real=0.54 secs] 
2018-04-14T12:30:36.768+0800: 126395.764: [GC (Allocation Failure) 2018-04-14T12:30:36.769+0800: 126395.765: [ParNew: 11824267K->68100K(13212096K), 0.6428268 secs] 67219693K->55475078K(187275712K), 0.6432640 secs] [Times: user=4.28 sys=0.82, real=0.65 secs] 
2018-04-14T12:31:08.924+0800: 126427.920: [GC (Allocation Failure) 2018-04-14T12:31:08.924+0800: 126427.920: [ParNew: 11812228K->56268K(13212096K), 0.6840456 secs] 67219206K->55466584K(187275712K), 0.6844820 secs] [Times: user=4.07 sys=1.34, real=0.68 secs] 
2018-04-14T12:32:23.452+0800: 126502.448: [GC (Allocation Failure) 2018-04-14T12:32:23.452+0800: 126502.448: [ParNew: 11800396K->63160K(13212096K), 0.7550234 secs] 67210712K->55476158K(187275712K), 0.7554437 secs] [Times: user=4.77 sys=1.24, real=0.75 secs] 
2018-04-14T12:33:00.516+0800: 126539.512: [GC (Allocation Failure) 2018-04-14T12:33:00.516+0800: 126539.512: [ParNew: 11807288K->118552K(13212096K), 0.7140339 secs] 67220286K->55533858K(187275712K), 0.7144782 secs] [Times: user=4.37 sys=1.30, real=0.71 secs] 
2018-04-14T12:33:10.364+0800: 126549.360: [GC (Allocation Failure) 2018-04-14T12:33:10.364+0800: 126549.360: [ParNew: 11862680K->137058K(13212096K), 0.5622332 secs] 67277986K->55554500K(187275712K), 0.5626491 secs] [Times: user=4.12 sys=0.35, real=0.56 secs] 
2018-04-14T12:33:18.643+0800: 126557.639: [GC (Allocation Failure) 2018-04-14T12:33:18.643+0800: 126557.639: [ParNew: 11881186K->133576K(13212096K), 0.5003108 secs] 67298628K->55555609K(187275712K), 0.5007229 secs] [Times: user=3.80 sys=0.18, real=0.50 secs] 
2018-04-14T12:33:31.026+0800: 126570.022: [GC (Allocation Failure) 2018-04-14T12:33:31.026+0800: 126570.022: [ParNew: 11877704K->102277K(13212096K), 0.4742110 secs] 67299737K->55526485K(187275712K), 0.4746240 secs] [Times: user=3.69 sys=0.07, real=0.47 secs] 
2018-04-14T12:34:04.611+0800: 126603.607: [GC (Allocation Failure) 2018-04-14T12:34:04.611+0800: 126603.607: [ParNew: 11846405K->72828K(13212096K), 0.8150965 secs] 67270613K->55500536K(187275712K), 0.8155251 secs] [Times: user=4.72 sys=1.76, real=0.82 secs] 
2018-04-14T12:34:18.803+0800: 126617.799: [GC (Allocation Failure) 2018-04-14T12:34:18.804+0800: 126617.800: [ParNew: 11816956K->93719K(13212096K), 0.5922391 secs] 67244664K->55531251K(187275712K), 0.5926593 secs] [Times: user=4.01 sys=0.69, real=0.59 secs] 
2018-04-14T12:34:36.342+0800: 126635.338: [GC (Allocation Failure) 2018-04-14T12:34:36.342+0800: 126635.338: [ParNew: 11837847K->78553K(13212096K), 0.5015142 secs] 67275379K->55522632K(187275712K), 0.5019256 secs] [Times: user=3.85 sys=0.14, real=0.50 secs] 
2018-04-14T12:34:56.739+0800: 126655.736: [GC (Allocation Failure) 2018-04-14T12:34:56.740+0800: 126655.736: [ParNew: 11822681K->84673K(13212096K), 0.6619894 secs] 67266760K->55532301K(187275712K), 0.6624222 secs] [Times: user=3.90 sys=1.35, real=0.67 secs] 
2018-04-14T12:35:37.327+0800: 126696.323: [GC (Allocation Failure) 2018-04-14T12:35:37.327+0800: 126696.323: [ParNew: 11828801K->70272K(13212096K), 0.6368664 secs] 67276429K->55522983K(187275712K), 0.6372959 secs] [Times: user=4.27 sys=0.79, real=0.64 secs] 
2018-04-14T12:36:01.351+0800: 126720.347: [GC (Allocation Failure) 2018-04-14T12:36:01.352+0800: 126720.348: [ParNew: 11814400K->53365K(13212096K), 0.6280497 secs] 67267111K->55507535K(187275712K), 0.6284876 secs] [Times: user=3.97 sys=0.99, real=0.62 secs] 
2018-04-14T12:36:27.441+0800: 126746.437: [GC (Allocation Failure) 2018-04-14T12:36:27.442+0800: 126746.438: [ParNew: 11797388K->75508K(13212096K), 0.6461226 secs] 67251557K->55533475K(187275712K), 0.6465422 secs] [Times: user=4.58 sys=0.53, real=0.64 secs] 
2018-04-14T12:37:19.280+0800: 126798.276: [GC (Allocation Failure) 2018-04-14T12:37:19.281+0800: 126798.277: [ParNew: 11819636K->103292K(13212096K), 0.6947187 secs] 67277603K->55563215K(187275712K), 0.6951656 secs] [Times: user=3.93 sys=1.56, real=0.70 secs] 
2018-04-14T12:37:37.539+0800: 126816.535: [GC (Allocation Failure) 2018-04-14T12:37:37.539+0800: 126816.535: [ParNew: 11847420K->138159K(13212096K), 0.5576781 secs] 67307343K->55600601K(187275712K), 0.5581054 secs] [Times: user=4.05 sys=0.39, real=0.56 secs] 
2018-04-14T12:37:52.739+0800: 126831.735: [GC (Allocation Failure) 2018-04-14T12:37:52.739+0800: 126831.735: [ParNew: 11882287K->154850K(13212096K), 0.6529035 secs] 67344729K->55619060K(187275712K), 0.6533295 secs] [Times: user=4.70 sys=0.49, real=0.66 secs] 
2018-04-14T12:38:07.060+0800: 126846.056: [GC (Allocation Failure) 2018-04-14T12:38:07.060+0800: 126846.057: [ParNew: 11898978K->160491K(13212096K), 0.5458157 secs] 67363188K->55627138K(187275712K), 0.5462388 secs] [Times: user=4.23 sys=0.10, real=0.55 secs] 
2018-04-14T12:38:18.160+0800: 126857.156: [GC (Allocation Failure) 2018-04-14T12:38:18.160+0800: 126857.156: [ParNew: 11904619K->119580K(13212096K), 0.6432618 secs] 67371266K->55588526K(187275712K), 0.6437028 secs] [Times: user=3.46 sys=1.63, real=0.65 secs] 
2018-04-14T12:38:30.975+0800: 126869.971: [GC (Allocation Failure) 2018-04-14T12:38:30.975+0800: 126869.971: [ParNew: 11863708K->149131K(13212096K), 0.5317981 secs] 67332654K->55622609K(187275712K), 0.5322191 secs] [Times: user=3.97 sys=0.25, real=0.53 secs] 
2018-04-14T12:38:50.936+0800: 126889.932: [GC (Allocation Failure) 2018-04-14T12:38:50.936+0800: 126889.932: [ParNew: 11893259K->135122K(13212096K), 0.5717954 secs] 67366737K->55619392K(187275712K), 0.5722184 secs] [Times: user=4.12 sys=0.40, real=0.57 secs] 
2018-04-14T12:39:00.229+0800: 126899.225: [GC (Allocation Failure) 2018-04-14T12:39:00.229+0800: 126899.225: [ParNew: 11879250K->98606K(13212096K), 0.4860705 secs] 67363520K->55583973K(187275712K), 0.4864904 secs] [Times: user=3.86 sys=0.00, real=0.49 secs] 
2018-04-14T12:39:09.230+0800: 126908.226: [GC (Allocation Failure) 2018-04-14T12:39:09.230+0800: 126908.226: [ParNew: 11842734K->129529K(13212096K), 0.6045241 secs] 67328101K->55618790K(187275712K), 0.6049547 secs] [Times: user=3.78 sys=1.01, real=0.61 secs] 
2018-04-14T12:39:27.801+0800: 126926.797: [GC (Allocation Failure) 2018-04-14T12:39:27.802+0800: 126926.798: [ParNew: 11873657K->94511K(13212096K), 0.6126428 secs] 67362918K->55590308K(187275712K), 0.6130553 secs] [Times: user=4.12 sys=0.74, real=0.61 secs] 
2018-04-14T12:39:48.142+0800: 126947.138: [GC (Allocation Failure) 2018-04-14T12:39:48.142+0800: 126947.138: [ParNew: 11838639K->109388K(13212096K), 0.5420024 secs] 67334436K->55606691K(187275712K), 0.5424265 secs] [Times: user=3.94 sys=0.36, real=0.54 secs] 
2018-04-14T12:40:10.947+0800: 126969.943: [GC (Allocation Failure) 2018-04-14T12:40:10.947+0800: 126969.943: [ParNew: 11853516K->119028K(13212096K), 0.6544611 secs] 67350819K->55618294K(187275712K), 0.6548840 secs] [Times: user=3.99 sys=1.19, real=0.66 secs] 
2018-04-14T12:40:26.751+0800: 126985.747: [GC (Allocation Failure) 2018-04-14T12:40:26.751+0800: 126985.747: [ParNew: 11863156K->130774K(13212096K), 0.5859571 secs] 67362422K->55633180K(187275712K), 0.5863725 secs] [Times: user=4.12 sys=0.53, real=0.59 secs] 
2018-04-14T12:40:46.684+0800: 127005.680: [GC (Allocation Failure) 2018-04-14T12:40:46.684+0800: 127005.680: [ParNew: 11874902K->142977K(13212096K), 0.6551855 secs] 67377308K->55647043K(187275712K), 0.6555973 secs] [Times: user=4.55 sys=0.66, real=0.65 secs] 
2018-04-14T12:41:13.480+0800: 127032.476: [GC (Allocation Failure) 2018-04-14T12:41:13.480+0800: 127032.476: [ParNew: 11887105K->168979K(13212096K), 0.6508119 secs] 67391171K->55675065K(187275712K), 0.6512632 secs] [Times: user=4.21 sys=0.96, real=0.66 secs] 
2018-04-14T12:41:30.205+0800: 127049.201: [GC (Allocation Failure) 2018-04-14T12:41:30.205+0800: 127049.201: [ParNew: 11913107K->199525K(13212096K), 0.6599360 secs] 67419193K->55709481K(187275712K), 0.6603593 secs] [Times: user=4.74 sys=0.51, real=0.66 secs] 
2018-04-14T12:41:52.702+0800: 127071.698: [GC (Allocation Failure) 2018-04-14T12:41:52.703+0800: 127071.699: [ParNew: 11943653K->207206K(13212096K), 0.6026274 secs] 67453609K->55722767K(187275712K), 0.6030463 secs] [Times: user=4.35 sys=0.42, real=0.60 secs] 
2018-04-14T12:42:14.618+0800: 127093.614: [GC (Allocation Failure) 2018-04-14T12:42:14.619+0800: 127093.615: [ParNew: 11951334K->146733K(13212096K), 0.6773780 secs] 67466895K->55666146K(187275712K), 0.6778200 secs] [Times: user=3.86 sys=1.51, real=0.68 secs] 
2018-04-14T12:42:26.978+0800: 127105.975: [GC (Allocation Failure) 2018-04-14T12:42:26.979+0800: 127105.975: [ParNew: 11890861K->205819K(13212096K), 0.5737592 secs] 67410274K->55728176K(187275712K), 0.5741839 secs] [Times: user=4.18 sys=0.38, real=0.58 secs] 
2018-04-14T12:42:36.419+0800: 127115.415: [GC (Allocation Failure) 2018-04-14T12:42:36.419+0800: 127115.415: [ParNew: 11949947K->169640K(13212096K), 0.5972043 secs] 67472304K->55697012K(187275712K), 0.5976271 secs] [Times: user=4.61 sys=0.13, real=0.60 secs] 
2018-04-14T12:42:46.119+0800: 127125.115: [GC (Allocation Failure) 2018-04-14T12:42:46.119+0800: 127125.115: [ParNew: 11913768K->159217K(13212096K), 0.6132289 secs] 67441140K->55692744K(187275712K), 0.6137061 secs] [Times: user=4.48 sys=0.38, real=0.62 secs] 
2018-04-14T12:43:04.959+0800: 127143.955: [GC (Allocation Failure) 2018-04-14T12:43:04.959+0800: 127143.955: [ParNew: 11903345K->158093K(13212096K), 0.6570594 secs] 67436872K->55695826K(187275712K), 0.6574910 secs] [Times: user=4.02 sys=1.20, real=0.66 secs] 
2018-04-14T12:43:24.363+0800: 127163.359: [GC (Allocation Failure) 2018-04-14T12:43:24.363+0800: 127163.359: [ParNew: 11902221K->179724K(13212096K), 0.7282874 secs] 67439954K->55725553K(187275712K), 0.7287179 secs] [Times: user=5.23 sys=0.56, real=0.73 secs] 
2018-04-14T12:43:37.607+0800: 127176.603: [GC (Allocation Failure) 2018-04-14T12:43:37.607+0800: 127176.603: [ParNew: 11923852K->139123K(13212096K), 0.5191930 secs] 67469681K->55696669K(187275712K), 0.5196217 secs] [Times: user=3.86 sys=0.26, real=0.52 secs] 
2018-04-14T12:44:52.901+0800: 127251.897: [GC (Allocation Failure) 2018-04-14T12:44:52.901+0800: 127251.897: [ParNew: 11883251K->85466K(13212096K), 0.6788206 secs] 67440797K->55646949K(187275712K), 0.6792618 secs] [Times: user=3.96 sys=1.41, real=0.68 secs] 
2018-04-14T12:45:44.050+0800: 127303.046: [GC (Allocation Failure) 2018-04-14T12:45:44.050+0800: 127303.046: [ParNew: 11829594K->81065K(13212096K), 0.7117471 secs] 67391077K->55646848K(187275712K), 0.7121817 secs] [Times: user=4.50 sys=1.16, real=0.72 secs] 
2018-04-14T12:46:06.940+0800: 127325.936: [GC (Allocation Failure) 2018-04-14T12:46:06.941+0800: 127325.937: [ParNew: 11825193K->76445K(13212096K), 0.6167418 secs] 67390976K->55647667K(187275712K), 0.6171884 secs] [Times: user=3.71 sys=1.17, real=0.62 secs] 
2018-04-14T12:46:19.655+0800: 127338.651: [GC (Allocation Failure) 2018-04-14T12:46:19.655+0800: 127338.651: [ParNew: 11820573K->78982K(13212096K), 0.5504312 secs] 67391795K->55657551K(187275712K), 0.5508801 secs] [Times: user=4.03 sys=0.35, real=0.55 secs] 
2018-04-14T12:46:38.062+0800: 127357.058: [GC (Allocation Failure) 2018-04-14T12:46:38.063+0800: 127357.059: [ParNew: 11823110K->87450K(13212096K), 0.5162612 secs] 67401679K->55669493K(187275712K), 0.5166865 secs] [Times: user=3.67 sys=0.43, real=0.51 secs] 
2018-04-14T12:47:09.801+0800: 127388.797: [GC (Allocation Failure) 2018-04-14T12:47:09.801+0800: 127388.797: [ParNew: 11831578K->113975K(13212096K), 0.7369605 secs] 67413621K->55696516K(187275712K), 0.7374084 secs] [Times: user=4.33 sys=1.51, real=0.74 secs] 
2018-04-14T12:47:24.839+0800: 127403.835: [GC (Allocation Failure) 2018-04-14T12:47:24.839+0800: 127403.835: [ParNew: 11858103K->110409K(13212096K), 0.5086540 secs] 67440644K->55703681K(187275712K), 0.5090814 secs] [Times: user=3.86 sys=0.17, real=0.51 secs] 
2018-04-14T12:47:35.979+0800: 127414.975: [GC (Allocation Failure) 2018-04-14T12:47:35.980+0800: 127414.976: [ParNew: 11854537K->90795K(13212096K), 0.5108769 secs] 67447809K->55689855K(187275712K), 0.5113122 secs] [Times: user=3.81 sys=0.25, real=0.51 secs] 
2018-04-14T12:47:48.713+0800: 127427.709: [GC (Allocation Failure) 2018-04-14T12:47:48.713+0800: 127427.709: [ParNew: 11834923K->88547K(13212096K), 0.5545769 secs] 67433983K->55690380K(187275712K), 0.5550061 secs] [Times: user=4.00 sys=0.41, real=0.55 secs] 
2018-04-14T12:48:06.832+0800: 127445.828: [GC (Allocation Failure) 2018-04-14T12:48:06.832+0800: 127445.828: [ParNew: 11832675K->85392K(13212096K), 0.6284770 secs] 67434508K->55691087K(187275712K), 0.6289023 secs] [Times: user=3.50 sys=1.47, real=0.62 secs] 
2018-04-14T12:48:56.526+0800: 127495.522: [GC (Allocation Failure) 2018-04-14T12:48:56.526+0800: 127495.522: [ParNew: 11829520K->92914K(13212096K), 0.6135062 secs] 67435215K->55699403K(187275712K), 0.6139388 secs] [Times: user=4.00 sys=0.88, real=0.61 secs] 
2018-04-14T12:49:23.297+0800: 127522.293: [GC (Allocation Failure) 2018-04-14T12:49:23.298+0800: 127522.294: [ParNew: 11837042K->88751K(13212096K), 0.6624674 secs] 67443531K->55710029K(187275712K), 0.6629125 secs] [Times: user=4.00 sys=1.20, real=0.66 secs] 
2018-04-14T12:49:50.117+0800: 127549.113: [GC (Allocation Failure) 2018-04-14T12:49:50.117+0800: 127549.113: [ParNew: 11832879K->96553K(13212096K), 0.6019884 secs] 67454157K->55721032K(187275712K), 0.6024333 secs] [Times: user=4.08 sys=0.69, real=0.60 secs] 
2018-04-14T12:50:04.138+0800: 127563.134: [GC (Allocation Failure) 2018-04-14T12:50:04.138+0800: 127563.134: [ParNew: 11840681K->92825K(13212096K), 0.5032661 secs] 67465160K->55722343K(187275712K), 0.5036884 secs] [Times: user=3.46 sys=0.54, real=0.51 secs] 
2018-04-14T12:50:15.604+0800: 127574.600: [GC (Allocation Failure) 2018-04-14T12:50:15.604+0800: 127574.600: [ParNew: 11836953K->82995K(13212096K), 0.5170705 secs] 67466471K->55713317K(187275712K), 0.5174947 secs] [Times: user=4.02 sys=0.09, real=0.52 secs] 
2018-04-14T12:50:28.164+0800: 127587.160: [GC (Allocation Failure) 2018-04-14T12:50:28.164+0800: 127587.160: [ParNew: 11827123K->91682K(13212096K), 0.6380089 secs] 67457445K->55722954K(187275712K), 0.6384554 secs] [Times: user=3.59 sys=1.47, real=0.64 secs] 
2018-04-14T12:50:47.294+0800: 127606.290: [GC (Allocation Failure) 2018-04-14T12:50:47.294+0800: 127606.290: [ParNew: 11835810K->92617K(13212096K), 0.5443360 secs] 67467082K->55732537K(187275712K), 0.5447596 secs] [Times: user=3.99 sys=0.33, real=0.54 secs] 
2018-04-14T12:51:12.592+0800: 127631.588: [GC (Allocation Failure) 2018-04-14T12:51:12.592+0800: 127631.588: [ParNew: 11836745K->83127K(13212096K), 0.5317636 secs] 67476665K->55729485K(187275712K), 0.5321825 secs] [Times: user=3.86 sys=0.35, real=0.53 secs] 
2018-04-14T12:51:55.560+0800: 127674.557: [GC (Allocation Failure) 2018-04-14T12:51:55.561+0800: 127674.557: [ParNew: 11827255K->42457K(13212096K), 0.7936835 secs] 67473613K->55693487K(187275712K), 0.7941171 secs] [Times: user=4.59 sys=1.70, real=0.80 secs] 
2018-04-14T12:52:57.945+0800: 127736.941: [GC (Allocation Failure) 2018-04-14T12:52:57.945+0800: 127736.941: [ParNew: 11786585K->64346K(13212096K), 0.7612377 secs] 67437615K->55716438K(187275712K), 0.7616789 secs] [Times: user=4.11 sys=1.83, real=0.76 secs] 
2018-04-14T12:53:41.410+0800: 127780.406: [GC (Allocation Failure) 2018-04-14T12:53:41.410+0800: 127780.407: [ParNew: 11808474K->95505K(13212096K), 0.7105886 secs] 67460566K->55748615K(187275712K), 0.7110112 secs] [Times: user=4.85 sys=0.81, real=0.72 secs] 
2018-04-14T12:53:47.807+0800: 127786.803: [GC (Allocation Failure) 2018-04-14T12:53:47.807+0800: 127786.803: [ParNew: 11839633K->109616K(13212096K), 0.5476919 secs] 67492743K->55763396K(187275712K), 0.5481225 secs] [Times: user=4.13 sys=0.23, real=0.55 secs] 
2018-04-14T12:53:55.718+0800: 127794.714: [GC (Allocation Failure) 2018-04-14T12:53:55.719+0800: 127794.715: [ParNew: 11853744K->103927K(13212096K), 0.5303198 secs] 67507524K->55759512K(187275712K), 0.5307619 secs] [Times: user=3.99 sys=0.21, real=0.53 secs] 
2018-04-14T12:54:05.586+0800: 127804.582: [GC (Allocation Failure) 2018-04-14T12:54:05.586+0800: 127804.582: [ParNew: 11848055K->128190K(13212096K), 0.5075898 secs] 67503640K->55786512K(187275712K), 0.5080101 secs] [Times: user=3.75 sys=0.29, real=0.51 secs] 
2018-04-14T12:54:16.511+0800: 127815.507: [GC (Allocation Failure) 2018-04-14T12:54:16.511+0800: 127815.507: [ParNew: 11872318K->118318K(13212096K), 0.6067374 secs] 67530640K->55780153K(187275712K), 0.6071657 secs] [Times: user=3.79 sys=1.02, real=0.61 secs] 
2018-04-14T12:54:35.266+0800: 127834.262: [GC (Allocation Failure) 2018-04-14T12:54:35.267+0800: 127834.263: [ParNew: 11862446K->115343K(13212096K), 0.5540418 secs] 67524281K->55798087K(187275712K), 0.5544655 secs] [Times: user=3.80 sys=0.58, real=0.55 secs] 
2018-04-14T12:55:06.515+0800: 127865.511: [GC (Allocation Failure) 2018-04-14T12:55:06.516+0800: 127865.512: [ParNew: 11859471K->98051K(13212096K), 0.6861565 secs] 67542215K->55790035K(187275712K), 0.6865951 secs] [Times: user=3.91 sys=1.50, real=0.69 secs] 
2018-04-14T12:55:18.681+0800: 127877.677: [GC (Allocation Failure) 2018-04-14T12:55:18.681+0800: 127877.677: [ParNew: 11842179K->105659K(13212096K), 0.5099851 secs] 67534163K->55798603K(187275712K), 0.5104200 secs] [Times: user=4.01 sys=0.03, real=0.52 secs] 
2018-04-14T12:55:30.163+0800: 127889.159: [GC (Allocation Failure) 2018-04-14T12:55:30.163+0800: 127889.159: [ParNew: 11849787K->91112K(13212096K), 0.5218912 secs] 67542731K->55784785K(187275712K), 0.5223181 secs] [Times: user=3.86 sys=0.28, real=0.52 secs] 
2018-04-14T12:55:38.185+0800: 127897.181: [GC (Allocation Failure) 2018-04-14T12:55:38.185+0800: 127897.181: [ParNew: 11835240K->101960K(13212096K), 0.5186272 secs] 67528913K->55797268K(187275712K), 0.5190531 secs] [Times: user=3.97 sys=0.15, real=0.52 secs] 
2018-04-14T12:55:45.747+0800: 127904.743: [GC (Allocation Failure) 2018-04-14T12:55:45.747+0800: 127904.744: [ParNew: 11846088K->76757K(13212096K), 0.5101698 secs] 67541396K->55773932K(187275712K), 0.5105908 secs] [Times: user=3.99 sys=0.07, real=0.51 secs] 
2018-04-14T12:55:56.311+0800: 127915.307: [GC (Allocation Failure) 2018-04-14T12:55:56.311+0800: 127915.307: [ParNew: 11820885K->91793K(13212096K), 0.6414197 secs] 67518060K->55791266K(187275712K), 0.6418494 secs] [Times: user=3.44 sys=1.62, real=0.64 secs] 
2018-04-14T12:56:27.543+0800: 127946.539: [GC (Allocation Failure) 2018-04-14T12:56:27.543+0800: 127946.539: [ParNew: 11835921K->116075K(13212096K), 0.7468632 secs] 67535394K->55820513K(187275712K), 0.7473118 secs] [Times: user=4.79 sys=1.14, real=0.74 secs] 
2018-04-14T12:57:44.787+0800: 128023.783: [GC (Allocation Failure) 2018-04-14T12:57:44.788+0800: 128023.784: [ParNew: 11860203K->104814K(13212096K), 0.7894847 secs] 67564641K->55811597K(187275712K), 0.7899411 secs] [Times: user=5.02 sys=1.21, real=0.79 secs] 
2018-04-14T12:58:00.410+0800: 128039.406: [GC (Allocation Failure) 2018-04-14T12:58:00.410+0800: 128039.406: [ParNew: 11848942K->128233K(13212096K), 0.5220599 secs] 67555725K->55838119K(187275712K), 0.5224882 secs] [Times: user=3.81 sys=0.33, real=0.53 secs] 
2018-04-14T12:58:42.644+0800: 128081.640: [GC (Allocation Failure) 2018-04-14T12:58:42.644+0800: 128081.640: [ParNew: 11872361K->124820K(13212096K), 0.5709764 secs] 67582247K->55836629K(187275712K), 0.5714137 secs] [Times: user=4.06 sys=0.47, real=0.57 secs] 
2018-04-14T12:59:10.919+0800: 128109.915: [GC (Allocation Failure) 2018-04-14T12:59:10.919+0800: 128109.915: [ParNew: 11868948K->123932K(13212096K), 0.6927500 secs] 67580757K->55838275K(187275712K), 0.6931975 secs] [Times: user=4.42 sys=1.09, real=0.70 secs] 
2018-04-14T12:59:26.234+0800: 128125.230: [GC (Allocation Failure) 2018-04-14T12:59:26.234+0800: 128125.230: [ParNew: 11868060K->96506K(13212096K), 0.5080609 secs] 67582403K->55814119K(187275712K), 0.5084987 secs] [Times: user=3.70 sys=0.35, real=0.51 secs] 
2018-04-14T12:59:44.505+0800: 128143.502: [GC (Allocation Failure) 2018-04-14T12:59:44.506+0800: 128143.502: [ParNew: 11840634K->106173K(13212096K), 0.5867667 secs] 67558247K->55829948K(187275712K), 0.5872017 secs] [Times: user=4.24 sys=0.42, real=0.59 secs] 
2018-04-14T12:59:53.868+0800: 128152.864: [GC (Allocation Failure) 2018-04-14T12:59:53.868+0800: 128152.864: [ParNew: 11850301K->106726K(13212096K), 0.6383781 secs] 67574076K->55848985K(187275712K), 0.6388211 secs] [Times: user=3.79 sys=1.24, real=0.64 secs] 
2018-04-14T13:00:02.926+0800: 128161.922: [GC (Allocation Failure) 2018-04-14T13:00:02.927+0800: 128161.923: [ParNew: 11850854K->126012K(13212096K), 0.5475883 secs] 67593113K->55878538K(187275712K), 0.5480207 secs] [Times: user=4.14 sys=0.19, real=0.55 secs] 
2018-04-14T13:00:16.324+0800: 128175.321: [GC (Allocation Failure) 2018-04-14T13:00:16.325+0800: 128175.321: [ParNew: 11870140K->113030K(13212096K), 0.5385389 secs] 67622666K->55873536K(187275712K), 0.5389626 secs] [Times: user=3.90 sys=0.37, real=0.54 secs] 
2018-04-14T13:00:45.515+0800: 128204.511: [GC (Allocation Failure) 2018-04-14T13:00:45.515+0800: 128204.512: [ParNew: 11857158K->53936K(13212096K), 0.6862482 secs] 67617664K->55819929K(187275712K), 0.6866918 secs] [Times: user=3.71 sys=1.72, real=0.69 secs] 
2018-04-14T13:01:43.400+0800: 128262.396: [GC (Allocation Failure) 2018-04-14T13:01:43.401+0800: 128262.397: [ParNew: 11798064K->74217K(13212096K), 0.7473262 secs] 67564057K->55842778K(187275712K), 0.7477434 secs] [Times: user=4.85 sys=1.09, real=0.75 secs] 
2018-04-14T13:02:03.432+0800: 128282.428: [GC (Allocation Failure) 2018-04-14T13:02:03.432+0800: 128282.428: [ParNew: 11818345K->58810K(13212096K), 0.6562245 secs] 67586906K->55829404K(187275712K), 0.6566580 secs] [Times: user=3.80 sys=1.40, real=0.65 secs] 
2018-04-14T13:03:22.726+0800: 128361.722: [GC (Allocation Failure) 2018-04-14T13:03:22.726+0800: 128361.722: [ParNew: 11802938K->87918K(13212096K), 0.7595653 secs] 67573532K->55861484K(187275712K), 0.7600106 secs] [Times: user=4.70 sys=1.34, real=0.76 secs] 
2018-04-14T13:03:35.093+0800: 128374.089: [GC (Allocation Failure) 2018-04-14T13:03:35.093+0800: 128374.089: [ParNew: 11832046K->91652K(13212096K), 0.5135895 secs] 67605612K->55870436K(187275712K), 0.5140180 secs] [Times: user=3.93 sys=0.14, real=0.51 secs] 
2018-04-14T13:03:52.080+0800: 128391.076: [GC (Allocation Failure) 2018-04-14T13:03:52.080+0800: 128391.076: [ParNew: 11835780K->74884K(13212096K), 0.6602149 secs] 67614564K->55856886K(187275712K), 0.6606668 secs] [Times: user=4.05 sys=1.18, real=0.66 secs] 
2018-04-14T13:04:06.664+0800: 128405.660: [GC (Allocation Failure) 2018-04-14T13:04:06.665+0800: 128405.661: [ParNew: 11819012K->85979K(13212096K), 0.6251182 secs] 67601014K->55869575K(187275712K), 0.6255384 secs] [Times: user=4.25 sys=0.73, real=0.62 secs] 
2018-04-14T13:04:58.113+0800: 128457.109: [GC (Allocation Failure) 2018-04-14T13:04:58.113+0800: 128457.109: [ParNew: 11830107K->77619K(13212096K), 0.7372948 secs] 67613703K->55869405K(187275712K), 0.7377259 secs] [Times: user=4.06 sys=1.77, real=0.73 secs] 
2018-04-14T13:05:09.013+0800: 128468.009: [GC (Allocation Failure) 2018-04-14T13:05:09.013+0800: 128468.009: [ParNew: 11821747K->74826K(13212096K), 0.4898506 secs] 67613533K->55867467K(187275712K), 0.4902713 secs] [Times: user=3.89 sys=0.00, real=0.49 secs] 
2018-04-14T13:05:17.947+0800: 128476.943: [GC (Allocation Failure) 2018-04-14T13:05:17.947+0800: 128476.943: [ParNew: 11818954K->79910K(13212096K), 0.4696420 secs] 67611595K->55876607K(187275712K), 0.4700674 secs] [Times: user=3.37 sys=0.35, real=0.47 secs] 
2018-04-14T13:05:41.249+0800: 128500.245: [GC (Allocation Failure) 2018-04-14T13:05:41.249+0800: 128500.245: [ParNew: 11824038K->65061K(13212096K), 0.5548226 secs] 67620735K->55864733K(187275712K), 0.5552481 secs] [Times: user=3.85 sys=0.56, real=0.56 secs] 
2018-04-14T13:06:01.261+0800: 128520.257: [GC (Allocation Failure) 2018-04-14T13:06:01.261+0800: 128520.257: [ParNew: 11809189K->77516K(13212096K), 0.6611336 secs] 67608861K->55881704K(187275712K), 0.6615804 secs] [Times: user=3.99 sys=1.24, real=0.67 secs] 
2018-04-14T13:06:36.233+0800: 128555.229: [GC (Allocation Failure) 2018-04-14T13:06:36.233+0800: 128555.229: [ParNew: 11821644K->94417K(13212096K), 0.6112359 secs] 67625832K->55904333K(187275712K), 0.6116709 secs] [Times: user=3.95 sys=0.88, real=0.61 secs] 
2018-04-14T13:07:36.798+0800: 128615.794: [GC (Allocation Failure) 2018-04-14T13:07:36.798+0800: 128615.794: [ParNew: 11838545K->99729K(13212096K), 0.7960940 secs] 67648461K->55919164K(187275712K), 0.7965321 secs] [Times: user=4.66 sys=1.62, real=0.80 secs] 
2018-04-14T13:07:57.577+0800: 128636.573: [GC (Allocation Failure) 2018-04-14T13:07:57.577+0800: 128636.573: [ParNew: 11843857K->150767K(13212096K), 0.6138953 secs] 67663292K->55972128K(187275712K), 0.6143284 secs] [Times: user=4.52 sys=0.36, real=0.62 secs] 
2018-04-14T13:08:19.487+0800: 128658.483: [GC (Allocation Failure) 2018-04-14T13:08:19.487+0800: 128658.483: [ParNew: 11894895K->122948K(13212096K), 0.6263155 secs] 67716256K->55944815K(187275712K), 0.6267319 secs] [Times: user=4.16 sys=0.83, real=0.63 secs] 
2018-04-14T13:08:43.996+0800: 128682.992: [GC (Allocation Failure) 2018-04-14T13:08:43.996+0800: 128682.992: [ParNew: 11867076K->116158K(13212096K), 0.7169853 secs] 67688943K->55939772K(187275712K), 0.7174269 secs] [Times: user=4.69 sys=0.95, real=0.72 secs] 
2018-04-14T13:09:01.545+0800: 128700.541: [GC (Allocation Failure) 2018-04-14T13:09:01.545+0800: 128700.541: [ParNew: 11860286K->88065K(13212096K), 0.4945912 secs] 67683900K->55912684K(187275712K), 0.4950153 secs] [Times: user=3.39 sys=0.55, real=0.49 secs] 
2018-04-14T13:09:11.041+0800: 128710.037: [GC (Allocation Failure) 2018-04-14T13:09:11.041+0800: 128710.037: [ParNew: 11832193K->78210K(13212096K), 0.4794256 secs] 67656812K->55906001K(187275712K), 0.4798468 secs] [Times: user=3.69 sys=0.11, real=0.48 secs] 
2018-04-14T13:09:24.937+0800: 128723.934: [GC (Allocation Failure) 2018-04-14T13:09:24.938+0800: 128723.934: [ParNew: 11822338K->99326K(13212096K), 0.5382697 secs] 67650129K->55931972K(187275712K), 0.5387546 secs] [Times: user=4.10 sys=0.17, real=0.54 secs] 
2018-04-14T13:09:34.306+0800: 128733.302: [GC (Allocation Failure) 2018-04-14T13:09:34.306+0800: 128733.302: [ParNew: 11843454K->104986K(13212096K), 0.5919647 secs] 67676100K->55939483K(187275712K), 0.5923863 secs] [Times: user=3.71 sys=1.00, real=0.59 secs] 
2018-04-14T13:09:44.501+0800: 128743.497: [GC (Allocation Failure) 2018-04-14T13:09:44.502+0800: 128743.498: [ParNew: 11849114K->122488K(13212096K), 0.5311107 secs] 67683611K->55962987K(187275712K), 0.5314841 secs] [Times: user=3.96 sys=0.26, real=0.53 secs] 
2018-04-14T13:09:53.013+0800: 128752.009: [GC (Allocation Failure) 2018-04-14T13:09:53.013+0800: 128752.009: [ParNew: 11866616K->124368K(13212096K), 0.5197772 secs] 67707115K->55971984K(187275712K), 0.5201368 secs] [Times: user=3.95 sys=0.17, real=0.52 secs] 
2018-04-14T13:10:03.164+0800: 128762.160: [GC (Allocation Failure) 2018-04-14T13:10:03.164+0800: 128762.160: [ParNew: 11868496K->137578K(13212096K), 0.5366753 secs] 67716112K->55988842K(187275712K), 0.5370522 secs] [Times: user=3.96 sys=0.31, real=0.53 secs] 
2018-04-14T13:10:17.265+0800: 128776.261: [GC (Allocation Failure) 2018-04-14T13:10:17.266+0800: 128776.262: [ParNew: 11881706K->216210K(13212096K), 0.6996263 secs] 67732970K->56070547K(187275712K), 0.7000525 secs] [Times: user=4.48 sys=1.07, real=0.70 secs] 
2018-04-14T13:10:30.227+0800: 128789.223: [GC (Allocation Failure) 2018-04-14T13:10:30.227+0800: 128789.223: [ParNew: 11960338K->256851K(13212096K), 0.6145005 secs] 67814675K->56115703K(187275712K), 0.6149231 secs] [Times: user=4.43 sys=0.45, real=0.62 secs] 
2018-04-14T13:10:38.336+0800: 128797.332: [GC (Allocation Failure) 2018-04-14T13:10:38.336+0800: 128797.332: [ParNew: 12000979K->294010K(13212096K), 0.5665292 secs] 67859831K->56154210K(187275712K), 0.5669455 secs] [Times: user=4.20 sys=0.30, real=0.57 secs] 
2018-04-14T13:10:47.345+0800: 128806.341: [GC (Allocation Failure) 2018-04-14T13:10:47.345+0800: 128806.341: [ParNew: 12038138K->318233K(13212096K), 0.5616692 secs] 67898338K->56180013K(187275712K), 0.5620941 secs] [Times: user=4.30 sys=0.16, real=0.56 secs] 
2018-04-14T13:10:53.364+0800: 128812.360: [GC (Allocation Failure) 2018-04-14T13:10:53.364+0800: 128812.360: [ParNew: 12062361K->329706K(13212096K), 0.6120892 secs] 67924141K->56201492K(187275712K), 0.6125173 secs] [Times: user=3.88 sys=0.97, real=0.61 secs] 
2018-04-14T13:11:03.640+0800: 128822.636: [GC (Allocation Failure) 2018-04-14T13:11:03.640+0800: 128822.636: [ParNew: 12073834K->232258K(13212096K), 0.5745012 secs] 67945620K->56121752K(187275712K), 0.5749185 secs] [Times: user=4.54 sys=0.00, real=0.58 secs] 
2018-04-14T13:11:07.786+0800: 128826.782: [GC (Allocation Failure) 2018-04-14T13:11:07.786+0800: 128826.782: [ParNew: 11976386K->182444K(13212096K), 0.5215452 secs] 67865880K->56100729K(187275712K), 0.5219548 secs] [Times: user=4.07 sys=0.04, real=0.52 secs] 
2018-04-14T13:11:14.390+0800: 128833.386: [GC (Allocation Failure) 2018-04-14T13:11:14.391+0800: 128833.387: [ParNew: 11926572K->176384K(13212096K), 0.5751961 secs] 67844857K->56119165K(187275712K), 0.5756111 secs] [Times: user=4.14 sys=0.41, real=0.58 secs] 
2018-04-14T13:11:26.800+0800: 128845.796: [GC (Allocation Failure) 2018-04-14T13:11:26.800+0800: 128845.796: [ParNew: 11920512K->117408K(13212096K), 0.5612420 secs] 67863293K->56071143K(187275712K), 0.5616589 secs] [Times: user=4.06 sys=0.38, real=0.57 secs] 
2018-04-14T13:11:59.857+0800: 128878.853: [GC (Allocation Failure) 2018-04-14T13:11:59.857+0800: 128878.853: [ParNew: 11861536K->102068K(13212096K), 0.6438650 secs] 67815271K->56067886K(187275712K), 0.6443003 secs] [Times: user=3.63 sys=1.45, real=0.65 secs] 
2018-04-14T13:12:17.608+0800: 128896.604: [GC (Allocation Failure) 2018-04-14T13:12:17.608+0800: 128896.604: [ParNew: 11846196K->105823K(13212096K), 0.5766577 secs] 67812014K->56078896K(187275712K), 0.5770650 secs] [Times: user=4.21 sys=0.37, real=0.58 secs] 
2018-04-14T13:12:32.384+0800: 128911.380: [GC (Allocation Failure) 2018-04-14T13:12:32.384+0800: 128911.380: [ParNew: 11849951K->104910K(13212096K), 0.5796163 secs] 67823024K->56090212K(187275712K), 0.5800337 secs] [Times: user=4.39 sys=0.20, real=0.58 secs] 
2018-04-14T13:13:17.147+0800: 128956.143: [GC (Allocation Failure) 2018-04-14T13:13:17.147+0800: 128956.143: [ParNew: 11849038K->92737K(13212096K), 0.6406851 secs] 67834340K->56080024K(187275712K), 0.6411207 secs] [Times: user=3.82 sys=1.22, real=0.64 secs] 
2018-04-14T13:13:39.117+0800: 128978.113: [GC (Allocation Failure) 2018-04-14T13:13:39.117+0800: 128978.113: [ParNew: 11836865K->99090K(13212096K), 0.5808250 secs] 67824152K->56088977K(187275712K), 0.5812500 secs] [Times: user=4.07 sys=0.54, real=0.58 secs] 
2018-04-14T13:13:54.968+0800: 128993.964: [GC (Allocation Failure) 2018-04-14T13:13:54.968+0800: 128993.964: [ParNew: 11843218K->91462K(13212096K), 0.5003837 secs] 67833105K->56088074K(187275712K), 0.5008172 secs] [Times: user=3.87 sys=0.09, real=0.50 secs] 
2018-04-14T13:14:33.223+0800: 129032.219: [GC (Allocation Failure) 2018-04-14T13:14:33.224+0800: 129032.220: [ParNew: 11835590K->81121K(13212096K), 0.7295623 secs] 67832202K->56085950K(187275712K), 0.7299985 secs] [Times: user=4.07 sys=1.71, real=0.73 secs] 
2018-04-14T13:14:40.879+0800: 129039.875: [GC (Allocation Failure) 2018-04-14T13:14:40.880+0800: 129039.876: [ParNew: 11825249K->91877K(13212096K), 0.5495467 secs] 67830078K->56101028K(187275712K), 0.5499734 secs] [Times: user=4.00 sys=0.37, real=0.55 secs] 
2018-04-14T13:14:49.550+0800: 129048.546: [GC (Allocation Failure) 2018-04-14T13:14:49.550+0800: 129048.546: [ParNew: 11836005K->84561K(13212096K), 0.4901473 secs] 67845156K->56099695K(187275712K), 0.4905770 secs] [Times: user=3.78 sys=0.10, real=0.49 secs] 
2018-04-14T13:14:59.414+0800: 129058.410: [GC (Allocation Failure) 2018-04-14T13:14:59.414+0800: 129058.410: [ParNew: 11828689K->104334K(13212096K), 0.5010288 secs] 67843823K->56130679K(187275712K), 0.5014482 secs] [Times: user=3.97 sys=0.01, real=0.50 secs] 
2018-04-14T13:15:19.235+0800: 129078.231: [GC (Allocation Failure) 2018-04-14T13:15:19.236+0800: 129078.232: [ParNew: 11848462K->76750K(13212096K), 0.6630579 secs] 67874807K->56107838K(187275712K), 0.6634877 secs] [Times: user=3.67 sys=1.58, real=0.66 secs] 
2018-04-14T13:15:36.170+0800: 129095.166: [GC (Allocation Failure) 2018-04-14T13:15:36.170+0800: 129095.166: [ParNew: 11820878K->76616K(13212096K), 0.5170208 secs] 67851966K->56110411K(187275712K), 0.5174458 secs] [Times: user=3.48 sys=0.62, real=0.52 secs] 
2018-04-14T13:15:54.764+0800: 129113.760: [GC (Allocation Failure) 2018-04-14T13:15:54.764+0800: 129113.760: [ParNew: 11820744K->77488K(13212096K), 0.5232484 secs] 67854539K->56118829K(187275712K), 0.5236790 secs] [Times: user=3.95 sys=0.20, real=0.52 secs] 
2018-04-14T13:16:27.553+0800: 129146.549: [GC (Allocation Failure) 2018-04-14T13:16:27.553+0800: 129146.549: [ParNew: 11821616K->68029K(13212096K), 0.7725542 secs] 67862957K->56110100K(187275712K), 0.7729967 secs] [Times: user=4.10 sys=2.03, real=0.77 secs] 
2018-04-14T13:16:54.586+0800: 129173.583: [GC (Allocation Failure) 2018-04-14T13:16:54.587+0800: 129173.583: [ParNew: 11812157K->117645K(13212096K), 0.6377978 secs] 67854228K->56160768K(187275712K), 0.6382331 secs] [Times: user=4.57 sys=0.49, real=0.64 secs] 
2018-04-14T13:17:17.575+0800: 129196.571: [GC (Allocation Failure) 2018-04-14T13:17:17.575+0800: 129196.571: [ParNew: 11861773K->98003K(13212096K), 0.6411769 secs] 67904896K->56142931K(187275712K), 0.6416173 secs] [Times: user=3.90 sys=1.19, real=0.64 secs] 
2018-04-14T13:17:52.186+0800: 129231.182: [GC (Allocation Failure) 2018-04-14T13:17:52.186+0800: 129231.182: [ParNew: 11842131K->94184K(13212096K), 0.7189811 secs] 67887059K->56140758K(187275712K), 0.7194187 secs] [Times: user=4.74 sys=0.97, real=0.72 secs] 
2018-04-14T13:18:05.960+0800: 129244.956: [GC (Allocation Failure) 2018-04-14T13:18:05.960+0800: 129244.956: [ParNew: 11838312K->133616K(13212096K), 0.4874057 secs] 67884886K->56182124K(187275712K), 0.4878317 secs] [Times: user=3.79 sys=0.08, real=0.49 secs] 
2018-04-14T13:18:22.297+0800: 129261.293: [GC (Allocation Failure) 2018-04-14T13:18:22.297+0800: 129261.293: [ParNew: 11877744K->128649K(13212096K), 0.6793538 secs] 67926252K->56180880K(187275712K), 0.6797951 secs] [Times: user=4.20 sys=1.14, real=0.68 secs] 
2018-04-14T13:18:45.241+0800: 129284.237: [GC (Allocation Failure) 2018-04-14T13:18:45.242+0800: 129284.238: [ParNew: 11872777K->126018K(13212096K), 0.6891696 secs] 67925008K->56181398K(187275712K), 0.6895936 secs] [Times: user=4.44 sys=1.04, real=0.68 secs] 
2018-04-14T13:19:12.701+0800: 129311.697: [GC (Allocation Failure) 2018-04-14T13:19:12.701+0800: 129311.697: [ParNew: 11870146K->137935K(13212096K), 0.6155985 secs] 67925526K->56201777K(187275712K), 0.6160179 secs] [Times: user=4.51 sys=0.37, real=0.62 secs] 
2018-04-14T13:19:45.289+0800: 129344.285: [GC (Allocation Failure) 2018-04-14T13:19:45.289+0800: 129344.285: [ParNew: 11882063K->103142K(13212096K), 0.6519375 secs] 67945905K->56171464K(187275712K), 0.6523702 secs] [Times: user=3.97 sys=1.20, real=0.66 secs] 
2018-04-14T13:20:14.324+0800: 129373.320: [GC (Allocation Failure) 2018-04-14T13:20:14.324+0800: 129373.320: [ParNew: 11847270K->86004K(13212096K), 0.5997287 secs] 67915592K->56164430K(187275712K), 0.6001527 secs] [Times: user=4.33 sys=0.42, real=0.60 secs] 
2018-04-14T13:20:33.778+0800: 129392.775: [GC (Allocation Failure) 2018-04-14T13:20:33.779+0800: 129392.775: [ParNew: 11830132K->133991K(13212096K), 0.6582089 secs] 67908558K->56217994K(187275712K), 0.6586367 secs] [Times: user=3.64 sys=1.57, real=0.66 secs] 
2018-04-14T13:20:47.672+0800: 129406.668: [GC (Allocation Failure) 2018-04-14T13:20:47.672+0800: 129406.668: [ParNew: 11878119K->147336K(13212096K), 0.4918556 secs] 67962122K->56236040K(187275712K), 0.4922949 secs] [Times: user=3.91 sys=0.00, real=0.49 secs] 
2018-04-14T13:21:01.756+0800: 129420.752: [GC (Allocation Failure) 2018-04-14T13:21:01.756+0800: 129420.752: [ParNew: 11891464K->111052K(13212096K), 0.6044365 secs] 67980168K->56201594K(187275712K), 0.6048602 secs] [Times: user=4.18 sys=0.62, real=0.61 secs] 
2018-04-14T13:21:18.792+0800: 129437.788: [GC (Allocation Failure) 2018-04-14T13:21:18.792+0800: 129437.788: [ParNew: 11855180K->129152K(13212096K), 0.6264773 secs] 67945722K->56221413K(187275712K), 0.6269106 secs] [Times: user=4.69 sys=0.29, real=0.62 secs] 
2018-04-14T13:21:45.531+0800: 129464.527: [GC (Allocation Failure) 2018-04-14T13:21:45.531+0800: 129464.527: [ParNew: 11873280K->138432K(13212096K), 0.6889642 secs] 67965541K->56233159K(187275712K), 0.6894066 secs] [Times: user=4.34 sys=1.12, real=0.69 secs] 
2018-04-14T13:22:29.725+0800: 129508.721: [GC (Allocation Failure) 2018-04-14T13:22:29.725+0800: 129508.721: [ParNew: 11882560K->139773K(13212096K), 0.7352210 secs] 67977287K->56237992K(187275712K), 0.7356418 secs] [Times: user=4.96 sys=0.89, real=0.73 secs] 
2018-04-14T13:23:03.030+0800: 129542.027: [GC (Allocation Failure) 2018-04-14T13:23:03.031+0800: 129542.027: [ParNew: 11883901K->194867K(13212096K), 0.6688631 secs] 67982120K->56296601K(187275712K), 0.6692977 secs] [Times: user=4.22 sys=1.08, real=0.67 secs] 
2018-04-14T13:23:39.468+0800: 129578.464: [GC (Allocation Failure) 2018-04-14T13:23:39.468+0800: 129578.464: [ParNew: 11938995K->209481K(13212096K), 0.8604398 secs] 68040729K->56313305K(187275712K), 0.8608696 secs] [Times: user=5.20 sys=1.65, real=0.86 secs] 
2018-04-14T13:24:19.237+0800: 129618.233: [GC (Allocation Failure) 2018-04-14T13:24:19.237+0800: 129618.233: [ParNew: 11953609K->174107K(13212096K), 0.6335595 secs] 68057433K->56280882K(187275712K), 0.6340085 secs] [Times: user=3.78 sys=1.21, real=0.63 secs] 
2018-04-14T13:24:53.495+0800: 129652.492: [GC (Allocation Failure) 2018-04-14T13:24:53.496+0800: 129652.492: [ParNew: 11918235K->177067K(13212096K), 0.6475500 secs] 68025010K->56288825K(187275712K), 0.6479712 secs] [Times: user=4.45 sys=0.69, real=0.65 secs] 
2018-04-14T13:25:37.635+0800: 129696.631: [GC (Allocation Failure) 2018-04-14T13:25:37.635+0800: 129696.631: [ParNew: 11921195K->168476K(13212096K), 0.7571427 secs] 68032953K->56288420K(187275712K), 0.7575718 secs] [Times: user=4.58 sys=1.35, real=0.76 secs] 
2018-04-14T13:26:04.292+0800: 129723.288: [GC (Allocation Failure) 2018-04-14T13:26:04.292+0800: 129723.288: [ParNew: 11912604K->181271K(13212096K), 0.6574717 secs] 68032548K->56311077K(187275712K), 0.6579022 secs] [Times: user=4.66 sys=0.54, real=0.65 secs] 
2018-04-14T13:26:31.149+0800: 129750.145: [GC (Allocation Failure) 2018-04-14T13:26:31.149+0800: 129750.145: [ParNew: 11925399K->192731K(13212096K), 0.6879674 secs] 68055205K->56336515K(187275712K), 0.6883982 secs] [Times: user=4.93 sys=0.54, real=0.69 secs] 
2018-04-14T13:27:24.870+0800: 129803.866: [GC (Allocation Failure) 2018-04-14T13:27:24.870+0800: 129803.866: [ParNew: 11936859K->174563K(13212096K), 0.8425033 secs] 68080643K->56325425K(187275712K), 0.8429421 secs] [Times: user=4.87 sys=1.82, real=0.85 secs] 
2018-04-14T13:28:14.193+0800: 129853.189: [GC (Allocation Failure) 2018-04-14T13:28:14.194+0800: 129853.190: [ParNew: 11918691K->131599K(13212096K), 0.8273696 secs] 68069553K->56290447K(187275712K), 0.8278027 secs] [Times: user=5.12 sys=1.43, real=0.83 secs] 
2018-04-14T13:28:25.348+0800: 129864.344: [GC (Allocation Failure) 2018-04-14T13:28:25.348+0800: 129864.344: [ParNew: 11875727K->115998K(13212096K), 0.5082400 secs] 68034575K->56282993K(187275712K), 0.5086606 secs] [Times: user=4.04 sys=0.00, real=0.51 secs] 
2018-04-14T13:28:46.022+0800: 129885.018: [GC (Allocation Failure) 2018-04-14T13:28:46.022+0800: 129885.018: [ParNew: 11860126K->116562K(13212096K), 0.5281469 secs] 68027121K->56293334K(187275712K), 0.5285734 secs] [Times: user=3.77 sys=0.42, real=0.52 secs] 
2018-04-14T13:29:01.606+0800: 129900.602: [GC (Allocation Failure) 2018-04-14T13:29:01.607+0800: 129900.603: [ParNew: 11860690K->103191K(13212096K), 0.5248952 secs] 68037462K->56287704K(187275712K), 0.5253237 secs] [Times: user=3.89 sys=0.28, real=0.53 secs] 
2018-04-14T13:29:18.679+0800: 129917.675: [GC (Allocation Failure) 2018-04-14T13:29:18.679+0800: 129917.675: [ParNew: 11847319K->85150K(13212096K), 0.6381839 secs] 68031832K->56288370K(187275712K), 0.6386270 secs] [Times: user=3.77 sys=1.26, real=0.64 secs] 
2018-04-14T13:29:50.224+0800: 129949.220: [GC (Allocation Failure) 2018-04-14T13:29:50.225+0800: 129949.221: [ParNew: 11829278K->78928K(13212096K), 0.5666600 secs] 68032498K->56295740K(187275712K), 0.5670881 secs] [Times: user=3.90 sys=0.59, real=0.57 secs] 
2018-04-14T13:30:11.240+0800: 129970.236: [GC (Allocation Failure) 2018-04-14T13:30:11.240+0800: 129970.236: [ParNew: 11823056K->71241K(13212096K), 0.5934890 secs] 68039868K->56295590K(187275712K), 0.5939216 secs] [Times: user=4.26 sys=0.45, real=0.60 secs] 
2018-04-14T13:30:42.600+0800: 130001.596: [GC (Allocation Failure) 2018-04-14T13:30:42.600+0800: 130001.596: [ParNew: 11815369K->87539K(13212096K), 0.6452574 secs] 68039718K->56313656K(187275712K), 0.6457052 secs] [Times: user=4.03 sys=1.09, real=0.65 secs] 
2018-04-14T13:31:11.259+0800: 130030.255: [GC (Allocation Failure) 2018-04-14T13:31:11.260+0800: 130030.256: [ParNew: 11831667K->77170K(13212096K), 0.6158619 secs] 68057784K->56306007K(187275712K), 0.6162870 secs] [Times: user=4.23 sys=0.67, real=0.62 secs] 
2018-04-14T13:32:27.103+0800: 130106.099: [GC (Allocation Failure) 2018-04-14T13:32:27.103+0800: 130106.099: [ParNew: 11821298K->84744K(13212096K), 0.7954721 secs] 68050135K->56314234K(187275712K), 0.7959271 secs] [Times: user=4.80 sys=1.52, real=0.79 secs] 
2018-04-14T13:32:51.931+0800: 130130.927: [GC (Allocation Failure) 2018-04-14T13:32:51.931+0800: 130130.927: [ParNew: 11828872K->115152K(13212096K), 0.5201317 secs] 68058362K->56345766K(187275712K), 0.5205675 secs] [Times: user=3.69 sys=0.43, real=0.53 secs] 
2018-04-14T13:33:24.546+0800: 130163.542: [GC (Allocation Failure) 2018-04-14T13:33:24.546+0800: 130163.542: [ParNew: 11859280K->118404K(13212096K), 0.6831019 secs] 68089894K->56352549K(187275712K), 0.6835379 secs] [Times: user=4.20 sys=1.20, real=0.68 secs] 
2018-04-14T13:33:35.666+0800: 130174.662: [GC (Allocation Failure) 2018-04-14T13:33:35.666+0800: 130174.662: [ParNew: 11862532K->140272K(13212096K), 0.5007121 secs] 68096677K->56378292K(187275712K), 0.5011298 secs] [Times: user=3.96 sys=0.00, real=0.50 secs] 
2018-04-14T13:33:44.571+0800: 130183.567: [GC (Allocation Failure) 2018-04-14T13:33:44.571+0800: 130183.567: [ParNew: 11884400K->147832K(13212096K), 0.5959448 secs] 68122420K->56392688K(187275712K), 0.5963808 secs] [Times: user=4.33 sys=0.41, real=0.60 secs] 
2018-04-14T13:33:52.493+0800: 130191.489: [GC (Allocation Failure) 2018-04-14T13:33:52.493+0800: 130191.489: [ParNew: 11891960K->155862K(13212096K), 0.5379355 secs] 68136816K->56402575K(187275712K), 0.5383673 secs] [Times: user=4.07 sys=0.20, real=0.54 secs] 
2018-04-14T13:33:59.896+0800: 130198.893: [GC (Allocation Failure) 2018-04-14T13:33:59.897+0800: 130198.893: [ParNew: 11899990K->168458K(13212096K), 0.5875544 secs] 68146703K->56421359K(187275712K), 0.5879782 secs] [Times: user=4.55 sys=0.12, real=0.59 secs] 
2018-04-14T13:34:09.345+0800: 130208.341: [GC (Allocation Failure) 2018-04-14T13:34:09.346+0800: 130208.342: [ParNew: 11912586K->175188K(13212096K), 0.4969949 secs] 68165487K->56430774K(187275712K), 0.4974234 secs] [Times: user=3.76 sys=0.19, real=0.50 secs] 
2018-04-14T13:34:19.853+0800: 130218.849: [GC (Allocation Failure) 2018-04-14T13:34:19.853+0800: 130218.849: [ParNew: 11919316K->124160K(13212096K), 0.6176148 secs] 68174902K->56399291K(187275712K), 0.6180420 secs] [Times: user=3.94 sys=0.92, real=0.61 secs] 
2018-04-14T13:34:28.692+0800: 130227.688: [GC (Allocation Failure) 2018-04-14T13:34:28.692+0800: 130227.688: [ParNew: 11868288K->100765K(13212096K), 0.5756130 secs] 68143419K->56380266K(187275712K), 0.5760348 secs] [Times: user=4.23 sys=0.34, real=0.57 secs] 
2018-04-14T13:34:39.017+0800: 130238.013: [GC (Allocation Failure) 2018-04-14T13:34:39.017+0800: 130238.013: [ParNew: 11844893K->125966K(13212096K), 0.5983442 secs] 68124394K->56411753K(187275712K), 0.5987605 secs] [Times: user=4.31 sys=0.44, real=0.60 secs] 
2018-04-14T13:34:51.580+0800: 130250.576: [GC (Allocation Failure) 2018-04-14T13:34:51.580+0800: 130250.576: [ParNew: 11870094K->112781K(13212096K), 0.5195633 secs] 68155881K->56401056K(187275712K), 0.5199794 secs] [Times: user=3.81 sys=0.31, real=0.52 secs] 
2018-04-14T13:35:05.130+0800: 130264.126: [GC (Allocation Failure) 2018-04-14T13:35:05.131+0800: 130264.127: [ParNew: 11856909K->148681K(13212096K), 0.6206671 secs] 68145184K->56440007K(187275712K), 0.6210923 secs] [Times: user=3.81 sys=1.11, real=0.63 secs] 
2018-04-14T13:35:20.894+0800: 130279.890: [GC (Allocation Failure) 2018-04-14T13:35:20.894+0800: 130279.890: [ParNew: 11892809K->141303K(13212096K), 0.5153272 secs] 68184135K->56437116K(187275712K), 0.5157476 secs] [Times: user=3.88 sys=0.22, real=0.51 secs] 
2018-04-14T13:35:37.824+0800: 130296.820: [GC (Allocation Failure) 2018-04-14T13:35:37.824+0800: 130296.820: [ParNew: 11885431K->147558K(13212096K), 0.5938998 secs] 68181244K->56450923K(187275712K), 0.5943184 secs] [Times: user=4.14 sys=0.57, real=0.59 secs] 
2018-04-14T13:35:59.053+0800: 130318.049: [GC (Allocation Failure) 2018-04-14T13:35:59.053+0800: 130318.049: [ParNew: 11891686K->104214K(13212096K), 0.5485201 secs] 68195051K->56411614K(187275712K), 0.5489550 secs] [Times: user=4.13 sys=0.23, real=0.55 secs] 
2018-04-14T13:36:31.115+0800: 130350.111: [GC (Allocation Failure) 2018-04-14T13:36:31.116+0800: 130350.112: [ParNew: 11848342K->103772K(13212096K), 0.6737259 secs] 68155742K->56414323K(187275712K), 0.6741593 secs] [Times: user=3.90 sys=1.44, real=0.67 secs] 
2018-04-14T13:36:57.135+0800: 130376.131: [GC (Allocation Failure) 2018-04-14T13:36:57.136+0800: 130376.132: [ParNew: 11847900K->93560K(13212096K), 0.5793508 secs] 68158451K->56406038K(187275712K), 0.5797592 secs] [Times: user=4.29 sys=0.31, real=0.58 secs] 
2018-04-14T13:37:13.378+0800: 130392.374: [GC (Allocation Failure) 2018-04-14T13:37:13.378+0800: 130392.374: [ParNew: 11837688K->85078K(13212096K), 0.6565420 secs] 68150166K->56401132K(187275712K), 0.6569687 secs] [Times: user=4.00 sys=1.20, real=0.66 secs] 
2018-04-14T13:37:43.440+0800: 130422.436: [GC (Allocation Failure) 2018-04-14T13:37:43.440+0800: 130422.436: [ParNew: 11829206K->80091K(13212096K), 0.6896908 secs] 68145260K->56398510K(187275712K), 0.6901302 secs] [Times: user=4.76 sys=0.72, real=0.69 secs] 
2018-04-14T13:38:08.115+0800: 130447.111: [GC (Allocation Failure) 2018-04-14T13:38:08.115+0800: 130447.111: [ParNew: 11824219K->106757K(13212096K), 0.5737696 secs] 68142638K->56426193K(187275712K), 0.5741967 secs] [Times: user=4.01 sys=0.55, real=0.57 secs] 
2018-04-14T13:38:28.363+0800: 130467.359: [GC (Allocation Failure) 2018-04-14T13:38:28.364+0800: 130467.360: [ParNew: 11850885K->121729K(13212096K), 0.6434008 secs] 68170321K->56442332K(187275712K), 0.6438359 secs] [Times: user=4.16 sys=0.93, real=0.64 secs] 
2018-04-14T13:38:48.364+0800: 130487.360: [GC (Allocation Failure) 2018-04-14T13:38:48.365+0800: 130487.361: [ParNew: 11865857K->111427K(13212096K), 0.5784704 secs] 68186460K->56436243K(187275712K), 0.5789037 secs] [Times: user=4.06 sys=0.52, real=0.58 secs] 
2018-04-14T13:39:04.083+0800: 130503.079: [GC (Allocation Failure) 2018-04-14T13:39:04.083+0800: 130503.079: [ParNew: 11855555K->108492K(13212096K), 0.5737710 secs] 68180371K->56437724K(187275712K), 0.5742064 secs] [Times: user=4.42 sys=0.14, real=0.57 secs] 
2018-04-14T13:39:17.353+0800: 130516.349: [GC (Allocation Failure) 2018-04-14T13:39:17.353+0800: 130516.349: [ParNew: 11852620K->106166K(13212096K), 0.6326181 secs] 68181852K->56438636K(187275712K), 0.6330519 secs] [Times: user=3.56 sys=1.44, real=0.63 secs] 
2018-04-14T13:39:42.574+0800: 130541.570: [GC (Allocation Failure) 2018-04-14T13:39:42.574+0800: 130541.570: [ParNew: 11850294K->144639K(13212096K), 0.5769647 secs] 68182764K->56483274K(187275712K), 0.5773892 secs] [Times: user=4.38 sys=0.19, real=0.58 secs] 
2018-04-14T13:39:58.859+0800: 130557.855: [GC (Allocation Failure) 2018-04-14T13:39:58.859+0800: 130557.856: [ParNew: 11888767K->147437K(13212096K), 0.6505372 secs] 68227402K->56489517K(187275712K), 0.6509629 secs] [Times: user=4.75 sys=0.42, real=0.65 secs] 
2018-04-14T13:40:08.619+0800: 130567.615: [GC (Allocation Failure) 2018-04-14T13:40:08.619+0800: 130567.615: [ParNew: 11891565K->174678K(13212096K), 0.6301022 secs] 68233645K->56520148K(187275712K), 0.6305379 secs] [Times: user=4.28 sys=0.71, real=0.63 secs] 
2018-04-14T13:40:16.866+0800: 130575.862: [GC (Allocation Failure) 2018-04-14T13:40:16.866+0800: 130575.862: [ParNew: 11918806K->173575K(13212096K), 0.5597641 secs] 68264276K->56523077K(187275712K), 0.5601821 secs] [Times: user=4.35 sys=0.10, real=0.56 secs] 
2018-04-14T13:40:26.507+0800: 130585.503: [GC (Allocation Failure) 2018-04-14T13:40:26.507+0800: 130585.503: [ParNew: 11917703K->152231K(13212096K), 0.5442132 secs] 68267205K->56504656K(187275712K), 0.5446406 secs] [Times: user=4.13 sys=0.19, real=0.55 secs] 
2018-04-14T13:40:37.901+0800: 130596.897: [GC (Allocation Failure) 2018-04-14T13:40:37.901+0800: 130596.897: [ParNew: 11896359K->112849K(13212096K), 0.5367784 secs] 68248784K->56469527K(187275712K), 0.5372043 secs] [Times: user=3.99 sys=0.27, real=0.54 secs] 
2018-04-14T13:40:50.330+0800: 130609.326: [GC (Allocation Failure) 2018-04-14T13:40:50.331+0800: 130609.327: [ParNew: 11856977K->109297K(13212096K), 0.5145706 secs] 68213655K->56473978K(187275712K), 0.5149880 secs] [Times: user=3.95 sys=0.12, real=0.52 secs] 
2018-04-14T13:41:04.099+0800: 130623.095: [GC (Allocation Failure) 2018-04-14T13:41:04.099+0800: 130623.095: [ParNew: 11853425K->136528K(13212096K), 0.6111952 secs] 68218106K->56506990K(187275712K), 0.6116214 secs] [Times: user=3.97 sys=0.87, real=0.61 secs] 
2018-04-14T13:41:34.207+0800: 130653.203: [GC (Allocation Failure) 2018-04-14T13:41:34.207+0800: 130653.203: [ParNew: 11880656K->122023K(13212096K), 0.6311521 secs] 68251118K->56494891K(187275712K), 0.6315697 secs] [Times: user=4.12 sys=0.89, real=0.63 secs] 
2018-04-14T13:42:04.323+0800: 130683.319: [GC (Allocation Failure) 2018-04-14T13:42:04.323+0800: 130683.319: [ParNew: 11866151K->124535K(13212096K), 0.6922948 secs] 68239019K->56498517K(187275712K), 0.6927387 secs] [Times: user=4.28 sys=1.18, real=0.69 secs] 
2018-04-14T13:42:34.413+0800: 130713.409: [GC (Allocation Failure) 2018-04-14T13:42:34.413+0800: 130713.409: [ParNew: 11868663K->144442K(13212096K), 0.5925400 secs] 68242645K->56519871K(187275712K), 0.5929634 secs] [Times: user=3.82 sys=0.84, real=0.59 secs] 
2018-04-14T13:42:53.831+0800: 130732.827: [GC (Allocation Failure) 2018-04-14T13:42:53.831+0800: 130732.827: [ParNew: 11888570K->104377K(13212096K), 0.6598702 secs] 68263999K->56482454K(187275712K), 0.6602936 secs] [Times: user=3.89 sys=1.34, real=0.67 secs] 
2018-04-14T13:43:07.296+0800: 130746.292: [GC (Allocation Failure) 2018-04-14T13:43:07.297+0800: 130746.293: [ParNew: 11848505K->116265K(13212096K), 0.5836045 secs] 68226582K->56495505K(187275712K), 0.5840289 secs] [Times: user=4.35 sys=0.29, real=0.58 secs] 
2018-04-14T13:43:26.175+0800: 130765.171: [GC (Allocation Failure) 2018-04-14T13:43:26.175+0800: 130765.171: [ParNew: 11860393K->131646K(13212096K), 0.6235479 secs] 68239633K->56517631K(187275712K), 0.6239697 secs] [Times: user=4.26 sys=0.69, real=0.62 secs] 
2018-04-14T13:44:46.308+0800: 130845.304: [GC (Allocation Failure) 2018-04-14T13:44:46.308+0800: 130845.304: [ParNew: 11875774K->114012K(13212096K), 0.7711690 secs] 68261759K->56507252K(187275712K), 0.7715965 secs] [Times: user=4.39 sys=1.71, real=0.77 secs] 
2018-04-14T13:46:23.796+0800: 130942.792: [GC (Allocation Failure) 2018-04-14T13:46:23.796+0800: 130942.792: [ParNew: 11858140K->130242K(13212096K), 0.8986407 secs] 68251380K->56533196K(187275712K), 0.8991004 secs] [Times: user=4.98 sys=2.01, real=0.90 secs] 
2018-04-14T13:47:34.704+0800: 131013.700: [GC (Allocation Failure) 2018-04-14T13:47:34.704+0800: 131013.700: [ParNew: 11874370K->143242K(13212096K), 0.7921046 secs] 68277324K->56551427K(187275712K), 0.7925504 secs] [Times: user=5.14 sys=1.15, real=0.79 secs] 
2018-04-14T13:48:06.543+0800: 131045.540: [GC (Allocation Failure) 2018-04-14T13:48:06.544+0800: 131045.540: [ParNew: 11887370K->133612K(13212096K), 0.7554360 secs] 68295555K->56546125K(187275712K), 0.7558848 secs] [Times: user=4.52 sys=1.48, real=0.75 secs] 
2018-04-14T13:48:17.808+0800: 131056.804: [GC (Allocation Failure) 2018-04-14T13:48:17.809+0800: 131056.805: [ParNew: 11877740K->165906K(13212096K), 0.5133794 secs] 68290253K->56580862K(187275712K), 0.5137998 secs] [Times: user=3.91 sys=0.18, real=0.52 secs] 
2018-04-14T13:48:26.504+0800: 131065.500: [GC (Allocation Failure) 2018-04-14T13:48:26.505+0800: 131065.501: [ParNew: 11910034K->200633K(13212096K), 0.5871987 secs] 68324990K->56623520K(187275712K), 0.5876227 secs] [Times: user=4.38 sys=0.29, real=0.59 secs] 
2018-04-14T13:48:33.797+0800: 131072.793: [GC (Allocation Failure) 2018-04-14T13:48:33.798+0800: 131072.794: [ParNew: 11944761K->169047K(13212096K), 0.5308760 secs] 68367648K->56603288K(187275712K), 0.5312997 secs] [Times: user=4.07 sys=0.13, real=0.53 secs] 
2018-04-14T13:48:41.101+0800: 131080.097: [GC (Allocation Failure) 2018-04-14T13:48:41.101+0800: 131080.097: [ParNew: 11913175K->187654K(13212096K), 0.5189022 secs] 68347416K->56638717K(187275712K), 0.5193302 secs] [Times: user=4.03 sys=0.07, real=0.51 secs] 
2018-04-14T13:48:50.046+0800: 131089.042: [GC (Allocation Failure) 2018-04-14T13:48:50.047+0800: 131089.043: [ParNew: 11931782K->176087K(13212096K), 0.6310715 secs] 68382845K->56640916K(187275712K), 0.6315043 secs] [Times: user=3.48 sys=1.50, real=0.63 secs] 
2018-04-14T13:48:56.070+0800: 131095.066: [GC (Allocation Failure) 2018-04-14T13:48:56.070+0800: 131095.066: [ParNew: 11920215K->101952K(13212096K), 0.4816899 secs] 68385044K->56587223K(187275712K), 0.4821145 secs] [Times: user=3.81 sys=0.00, real=0.49 secs] 
2018-04-14T13:49:01.390+0800: 131100.386: [GC (Allocation Failure) 2018-04-14T13:49:01.391+0800: 131100.387: [ParNew: 11846080K->79550K(13212096K), 0.4969251 secs] 68331351K->56566594K(187275712K), 0.4973479 secs] [Times: user=3.91 sys=0.04, real=0.50 secs] 
2018-04-14T13:49:07.469+0800: 131106.465: [GC (Allocation Failure) 2018-04-14T13:49:07.469+0800: 131106.465: [ParNew: 11823678K->80726K(13212096K), 0.4923000 secs] 68310722K->56573184K(187275712K), 0.4927344 secs] [Times: user=3.83 sys=0.08, real=0.50 secs] 
2018-04-14T13:49:20.499+0800: 131119.495: [GC (Allocation Failure) 2018-04-14T13:49:20.499+0800: 131119.495: [ParNew: 11824854K->64797K(13212096K), 0.5000558 secs] 68317312K->56558088K(187275712K), 0.5004779 secs] [Times: user=3.47 sys=0.51, real=0.50 secs] 
2018-04-14T13:50:01.479+0800: 131160.475: [GC (Allocation Failure) 2018-04-14T13:50:01.479+0800: 131160.475: [ParNew: 11808925K->84177K(13212096K), 0.7054130 secs] 68302216K->56577899K(187275712K), 0.7058493 secs] [Times: user=4.29 sys=1.29, real=0.71 secs] 
2018-04-14T13:50:08.861+0800: 131167.857: [GC (Allocation Failure) 2018-04-14T13:50:08.861+0800: 131167.857: [ParNew: 11828305K->124585K(13212096K), 0.5225904 secs] 68322027K->56619102K(187275712K), 0.5230097 secs] [Times: user=4.06 sys=0.09, real=0.53 secs] 
2018-04-14T13:50:17.945+0800: 131176.941: [GC (Allocation Failure) 2018-04-14T13:50:17.945+0800: 131176.941: [ParNew: 11868713K->135273K(13212096K), 0.5604670 secs] 68363230K->56630394K(187275712K), 0.5608869 secs] [Times: user=4.44 sys=0.02, real=0.56 secs] 
2018-04-14T13:50:30.102+0800: 131189.098: [GC (Allocation Failure) 2018-04-14T13:50:30.103+0800: 131189.099: [ParNew: 11879401K->114512K(13212096K), 0.5478042 secs] 68374522K->56610350K(187275712K), 0.5482226 secs] [Times: user=4.03 sys=0.32, real=0.54 secs] 
2018-04-14T13:50:52.274+0800: 131211.270: [GC (Allocation Failure) 2018-04-14T13:50:52.275+0800: 131211.271: [ParNew: 11858640K->93598K(13212096K), 0.6182968 secs] 68354478K->56590643K(187275712K), 0.6187487 secs] [Times: user=3.79 sys=1.10, real=0.62 secs] 
2018-04-14T13:51:18.741+0800: 131237.737: [GC (Allocation Failure) 2018-04-14T13:51:18.742+0800: 131237.738: [ParNew: 11837726K->88442K(13212096K), 0.5825628 secs] 68334771K->56589751K(187275712K), 0.5829932 secs] [Times: user=3.91 sys=0.72, real=0.58 secs] 
2018-04-14T13:51:47.785+0800: 131266.781: [GC (Allocation Failure) 2018-04-14T13:51:47.785+0800: 131266.781: [ParNew: 11832570K->67396K(13212096K), 0.6027641 secs] 68333879K->56579509K(187275712K), 0.6031976 secs] [Times: user=4.45 sys=0.33, real=0.60 secs] 
2018-04-14T13:52:07.657+0800: 131286.653: [GC (Allocation Failure) 2018-04-14T13:52:07.657+0800: 131286.653: [ParNew: 11811524K->62973K(13212096K), 0.6256370 secs] 68323637K->56581033K(187275712K), 0.6260810 secs] [Times: user=3.76 sys=1.19, real=0.63 secs] 
2018-04-14T13:52:36.200+0800: 131315.196: [GC (Allocation Failure) 2018-04-14T13:52:36.200+0800: 131315.196: [ParNew: 11807101K->55172K(13212096K), 0.5660668 secs] 68325161K->56582748K(187275712K), 0.5665020 secs] [Times: user=3.91 sys=0.58, real=0.57 secs] 
2018-04-14T13:53:31.482+0800: 131370.478: [GC (Allocation Failure) 2018-04-14T13:53:31.482+0800: 131370.478: [ParNew: 11799300K->50437K(13212096K), 0.6769218 secs] 68326876K->56579415K(187275712K), 0.6773676 secs] [Times: user=3.52 sys=1.81, real=0.67 secs] 
2018-04-14T13:54:10.484+0800: 131409.480: [GC (Allocation Failure) 2018-04-14T13:54:10.484+0800: 131409.480: [ParNew: 11794565K->62064K(13212096K), 0.6738230 secs] 68323543K->56592849K(187275712K), 0.6742587 secs] [Times: user=4.50 sys=0.86, real=0.67 secs] 
2018-04-14T13:54:46.460+0800: 131445.456: [GC (Allocation Failure) 2018-04-14T13:54:46.460+0800: 131445.456: [ParNew: 11806192K->59873K(13212096K), 0.5713340 secs] 68336977K->56592893K(187275712K), 0.5717649 secs] [Times: user=4.13 sys=0.41, real=0.58 secs] 
2018-04-14T13:55:31.827+0800: 131490.823: [GC (Allocation Failure) 2018-04-14T13:55:31.828+0800: 131490.824: [ParNew: 11804001K->66340K(13212096K), 0.7722935 secs] 68337021K->56602385K(187275712K), 0.7727251 secs] [Times: user=4.45 sys=1.69, real=0.77 secs] 
2018-04-14T13:55:43.700+0800: 131502.696: [GC (Allocation Failure) 2018-04-14T13:55:43.700+0800: 131502.696: [ParNew: 11810468K->66595K(13212096K), 0.5531452 secs] 68346513K->56603322K(187275712K), 0.5535473 secs] [Times: user=4.23 sys=0.17, real=0.56 secs] 
2018-04-14T13:56:09.098+0800: 131528.095: [GC (Allocation Failure) 2018-04-14T13:56:09.099+0800: 131528.095: [ParNew: 11810723K->79609K(13212096K), 0.6297313 secs] 68347450K->56617896K(187275712K), 0.6301759 secs] [Times: user=4.07 sys=0.93, real=0.63 secs] 
2018-04-14T13:56:27.012+0800: 131546.008: [GC (Allocation Failure) 2018-04-14T13:56:27.012+0800: 131546.008: [ParNew: 11823737K->104124K(13212096K), 0.6474274 secs] 68362024K->56646475K(187275712K), 0.6478552 secs] [Times: user=4.73 sys=0.42, real=0.64 secs] 
2018-04-14T13:56:44.335+0800: 131563.331: [GC (Allocation Failure) 2018-04-14T13:56:44.336+0800: 131563.332: [ParNew: 11848252K->161504K(13212096K), 0.6414078 secs] 68390603K->56705631K(187275712K), 0.6418432 secs] [Times: user=4.65 sys=0.46, real=0.64 secs] 
2018-04-14T13:56:55.148+0800: 131574.145: [GC (Allocation Failure) 2018-04-14T13:56:55.149+0800: 131574.145: [ParNew: 11905632K->165211K(13212096K), 0.5917395 secs] 68449759K->56712009K(187275712K), 0.5921601 secs] [Times: user=4.69 sys=0.01, real=0.59 secs] 
2018-04-14T13:57:08.217+0800: 131587.213: [GC (Allocation Failure) 2018-04-14T13:57:08.217+0800: 131587.213: [ParNew: 11909339K->156050K(13212096K), 0.6435866 secs] 68456137K->56711402K(187275712K), 0.6440434 secs] [Times: user=3.65 sys=1.46, real=0.64 secs] 
2018-04-14T13:57:31.697+0800: 131610.693: [GC (Allocation Failure) 2018-04-14T13:57:31.698+0800: 131610.694: [ParNew: 11900178K->117865K(13212096K), 0.6526902 secs] 68455530K->56675557K(187275712K), 0.6531206 secs] [Times: user=4.60 sys=0.58, real=0.65 secs] 
2018-04-14T13:57:50.752+0800: 131629.748: [GC (Allocation Failure) 2018-04-14T13:57:50.752+0800: 131629.748: [ParNew: 11861993K->136047K(13212096K), 0.5403247 secs] 68419685K->56706893K(187275712K), 0.5407454 secs] [Times: user=3.94 sys=0.33, real=0.54 secs] 
2018-04-14T13:58:09.436+0800: 131648.432: [GC (Allocation Failure) 2018-04-14T13:58:09.436+0800: 131648.432: [ParNew: 11880175K->117553K(13212096K), 0.6449402 secs] 68451021K->56690654K(187275712K), 0.6453753 secs] [Times: user=3.46 sys=1.61, real=0.65 secs] 
2018-04-14T13:58:36.166+0800: 131675.162: [GC (Allocation Failure) 2018-04-14T13:58:36.166+0800: 131675.162: [ParNew: 11861681K->143335K(13212096K), 0.6219600 secs] 68434782K->56718363K(187275712K), 0.6223993 secs] [Times: user=4.21 sys=0.72, real=0.62 secs] 
2018-04-14T13:58:56.157+0800: 131695.153: [GC (Allocation Failure) 2018-04-14T13:58:56.157+0800: 131695.153: [ParNew: 11887463K->144952K(13212096K), 0.7146158 secs] 68462491K->56723025K(187275712K), 0.7150474 secs] [Times: user=5.11 sys=0.56, real=0.72 secs] 
2018-04-14T13:59:25.182+0800: 131724.178: [GC (Allocation Failure) 2018-04-14T13:59:25.182+0800: 131724.178: [ParNew: 11889080K->153059K(13212096K), 0.6668403 secs] 68467153K->56734760K(187275712K), 0.6672700 secs] [Times: user=4.26 sys=1.02, real=0.66 secs] 
2018-04-14T14:00:30.668+0800: 131789.664: [GC (Allocation Failure) 2018-04-14T14:00:30.668+0800: 131789.664: [ParNew: 11897187K->143888K(13212096K), 0.6212176 secs] 68478888K->56728576K(187275712K), 0.6216472 secs] [Times: user=4.29 sys=0.64, real=0.62 secs] 
2018-04-14T14:01:29.369+0800: 131848.365: [GC (Allocation Failure) 2018-04-14T14:01:29.369+0800: 131848.365: [ParNew: 11888016K->149939K(13212096K), 0.7155285 secs] 68472704K->56736676K(187275712K), 0.7159658 secs] [Times: user=4.12 sys=1.50, real=0.72 secs] 
2018-04-14T14:02:02.752+0800: 131881.748: [GC (Allocation Failure) 2018-04-14T14:02:02.752+0800: 131881.748: [ParNew: 11894067K->137755K(13212096K), 0.6132599 secs] 68480804K->56730456K(187275712K), 0.6136859 secs] [Times: user=4.25 sys=0.57, real=0.61 secs] 
2018-04-14T14:02:32.611+0800: 131911.607: [GC (Allocation Failure) 2018-04-14T14:02:32.611+0800: 131911.607: [ParNew: 11881883K->139389K(13212096K), 0.7402602 secs] 68474584K->56739766K(187275712K), 0.7407044 secs] [Times: user=4.45 sys=1.39, real=0.75 secs] 
2018-04-14T14:02:57.108+0800: 131936.104: [GC (Allocation Failure) 2018-04-14T14:02:57.108+0800: 131936.104: [ParNew: 11883517K->154330K(13212096K), 0.6537486 secs] 68483894K->56758752K(187275712K), 0.6541820 secs] [Times: user=4.70 sys=0.48, real=0.66 secs] 
2018-04-14T14:03:41.437+0800: 131980.433: [GC (Allocation Failure) 2018-04-14T14:03:41.437+0800: 131980.433: [ParNew: 11898458K->155599K(13212096K), 0.7343526 secs] 68502880K->56766437K(187275712K), 0.7348004 secs] [Times: user=4.64 sys=1.19, real=0.74 secs] 
2018-04-14T14:04:15.301+0800: 132014.297: [GC (Allocation Failure) 2018-04-14T14:04:15.302+0800: 132014.298: [ParNew: 11899727K->134979K(13212096K), 0.6519492 secs] 68510565K->56768022K(187275712K), 0.6523672 secs] [Times: user=4.49 sys=0.68, real=0.65 secs] 
2018-04-14T14:04:45.695+0800: 132044.691: [GC (Allocation Failure) 2018-04-14T14:04:45.695+0800: 132044.691: [ParNew: 11879107K->133712K(13212096K), 0.7434299 secs] 68512150K->56778165K(187275712K), 0.7438853 secs] [Times: user=4.70 sys=1.19, real=0.74 secs] 
2018-04-14T14:04:55.782+0800: 132054.778: [GC (Allocation Failure) 2018-04-14T14:04:55.782+0800: 132054.778: [ParNew: 11877840K->140380K(13212096K), 0.5329823 secs] 68522293K->56792596K(187275712K), 0.5334121 secs] [Times: user=4.16 sys=0.06, real=0.53 secs] 
2018-04-14T14:05:03.575+0800: 132062.571: [GC (Allocation Failure) 2018-04-14T14:05:03.575+0800: 132062.571: [ParNew: 11884508K->172762K(13212096K), 0.5555648 secs] 68536724K->56828973K(187275712K), 0.5559911 secs] [Times: user=4.18 sys=0.23, real=0.55 secs] 
2018-04-14T14:05:11.408+0800: 132070.404: [GC (Allocation Failure) 2018-04-14T14:05:11.408+0800: 132070.404: [ParNew: 11916890K->171688K(13212096K), 0.5844213 secs] 68573101K->56831675K(187275712K), 0.5848561 secs] [Times: user=4.31 sys=0.33, real=0.59 secs] 
2018-04-14T14:05:20.134+0800: 132079.130: [GC (Allocation Failure) 2018-04-14T14:05:20.134+0800: 132079.130: [ParNew: 11915816K->173415K(13212096K), 0.5206846 secs] 68575803K->56840425K(187275712K), 0.5211064 secs] [Times: user=4.02 sys=0.12, real=0.52 secs] 
2018-04-14T14:05:28.257+0800: 132087.253: [GC (Allocation Failure) 2018-04-14T14:05:28.257+0800: 132087.253: [ParNew: 11917543K->171322K(13212096K), 0.5032886 secs] 68584553K->56851438K(187275712K), 0.5040558 secs] [Times: user=3.74 sys=0.23, real=0.50 secs] 
2018-04-14T14:05:34.783+0800: 132093.779: [GC (Allocation Failure) 2018-04-14T14:05:34.784+0800: 132093.780: [ParNew: 11915450K->113230K(13212096K), 0.6427342 secs] 68595566K->56810952K(187275712K), 0.6431656 secs] [Times: user=3.76 sys=1.32, real=0.64 secs] 
2018-04-14T14:05:41.917+0800: 132100.913: [GC (Allocation Failure) 2018-04-14T14:05:41.918+0800: 132100.914: [ParNew: 11857358K->119566K(13212096K), 0.5204759 secs] 68555080K->56822303K(187275712K), 0.5208908 secs] [Times: user=4.04 sys=0.09, real=0.52 secs] 
2018-04-14T14:05:48.230+0800: 132107.226: [GC (Allocation Failure) 2018-04-14T14:05:48.230+0800: 132107.226: [ParNew: 11863694K->84654K(13212096K), 0.5422266 secs] 68566431K->56792592K(187275712K), 0.5426586 secs] [Times: user=4.06 sys=0.25, real=0.55 secs] 
2018-04-14T14:05:57.056+0800: 132116.052: [GC (Allocation Failure) 2018-04-14T14:05:57.057+0800: 132116.053: [ParNew: 11828782K->79405K(13212096K), 0.5177647 secs] 68536720K->56790990K(187275712K), 0.5181781 secs] [Times: user=3.70 sys=0.43, real=0.52 secs] 
2018-04-14T14:06:12.361+0800: 132131.357: [GC (Allocation Failure) 2018-04-14T14:06:12.361+0800: 132131.357: [ParNew: 11823533K->86341K(13212096K), 0.4933525 secs] 68535118K->56799700K(187275712K), 0.4937787 secs] [Times: user=3.83 sys=0.09, real=0.49 secs] 
2018-04-14T14:06:28.408+0800: 132147.404: [GC (Allocation Failure) 2018-04-14T14:06:28.408+0800: 132147.404: [ParNew: 11830469K->98749K(13212096K), 0.6742095 secs] 68543828K->56813924K(187275712K), 0.6746432 secs] [Times: user=4.20 sys=1.15, real=0.68 secs] 
2018-04-14T14:06:44.645+0800: 132163.641: [GC (Allocation Failure) 2018-04-14T14:06:44.645+0800: 132163.641: [ParNew: 11842877K->118986K(13212096K), 0.5851489 secs] 68558052K->56835430K(187275712K), 0.5855678 secs] [Times: user=4.45 sys=0.21, real=0.58 secs] 
2018-04-14T14:06:55.780+0800: 132174.776: [GC (Allocation Failure) 2018-04-14T14:06:55.780+0800: 132174.776: [ParNew: 11863114K->150445K(13212096K), 0.5176816 secs] 68579558K->56868099K(187275712K), 0.5181069 secs] [Times: user=3.89 sys=0.23, real=0.52 secs] 
2018-04-14T14:07:06.651+0800: 132185.647: [GC (Allocation Failure) 2018-04-14T14:07:06.651+0800: 132185.647: [ParNew: 11894573K->133908K(13212096K), 0.6164899 secs] 68612227K->56852672K(187275712K), 0.6169145 secs] [Times: user=3.52 sys=1.39, real=0.62 secs] 
2018-04-14T14:07:16.756+0800: 132195.752: [GC (Allocation Failure) 2018-04-14T14:07:16.757+0800: 132195.753: [ParNew: 11878036K->92740K(13212096K), 0.5009897 secs] 68596800K->56813517K(187275712K), 0.5014198 secs] [Times: user=3.97 sys=0.00, real=0.50 secs] 
2018-04-14T14:07:26.228+0800: 132205.224: [GC (Allocation Failure) 2018-04-14T14:07:26.228+0800: 132205.224: [ParNew: 11836868K->112184K(13212096K), 0.5736256 secs] 68557645K->56836804K(187275712K), 0.5740460 secs] [Times: user=4.22 sys=0.35, real=0.58 secs] 
2018-04-14T14:07:34.289+0800: 132213.285: [GC (Allocation Failure) 2018-04-14T14:07:34.289+0800: 132213.285: [ParNew: 11856312K->100953K(13212096K), 0.5276902 secs] 68580932K->56832494K(187275712K), 0.5281120 secs] [Times: user=3.99 sys=0.19, real=0.53 secs] 
2018-04-14T14:07:43.842+0800: 132222.838: [GC (Allocation Failure) 2018-04-14T14:07:43.842+0800: 132222.838: [ParNew: 11845081K->96430K(13212096K), 0.5623312 secs] 68576622K->56833356K(187275712K), 0.5627400 secs] [Times: user=4.22 sys=0.25, real=0.56 secs] 
2018-04-14T14:07:53.857+0800: 132232.853: [GC (Allocation Failure) 2018-04-14T14:07:53.858+0800: 132232.854: [ParNew: 11840558K->96097K(13212096K), 0.6446262 secs] 68577484K->56839136K(187275712K), 0.6450655 secs] [Times: user=3.56 sys=1.53, real=0.65 secs] 
2018-04-14T14:08:03.490+0800: 132242.486: [GC (Allocation Failure) 2018-04-14T14:08:03.490+0800: 132242.486: [ParNew: 11840225K->111833K(13212096K), 0.5585954 secs] 68583264K->56859256K(187275712K), 0.5590202 secs] [Times: user=4.32 sys=0.12, real=0.56 secs] 
2018-04-14T14:08:13.471+0800: 132252.467: [GC (Allocation Failure) 2018-04-14T14:08:13.471+0800: 132252.467: [ParNew: 11855961K->110728K(13212096K), 0.5668131 secs] 68603384K->56862458K(187275712K), 0.5672358 secs] [Times: user=4.15 sys=0.35, real=0.57 secs] 
2018-04-14T14:08:25.499+0800: 132264.495: [GC (Allocation Failure) 2018-04-14T14:08:25.499+0800: 132264.495: [ParNew: 11854856K->124791K(13212096K), 0.5255648 secs] 68606586K->56879547K(187275712K), 0.5259803 secs] [Times: user=3.89 sys=0.29, real=0.53 secs] 
2018-04-14T14:08:44.449+0800: 132283.445: [GC (Allocation Failure) 2018-04-14T14:08:44.449+0800: 132283.445: [ParNew: 11868919K->135240K(13212096K), 0.6511102 secs] 68623675K->56891348K(187275712K), 0.6515300 secs] [Times: user=3.81 sys=1.35, real=0.65 secs] 
2018-04-14T14:09:09.202+0800: 132308.198: [GC (Allocation Failure) 2018-04-14T14:09:09.202+0800: 132308.198: [ParNew: 11879368K->116262K(13212096K), 0.6590255 secs] 68635476K->56874479K(187275712K), 0.6594507 secs] [Times: user=4.48 sys=0.77, real=0.66 secs] 
2018-04-14T14:09:55.587+0800: 132354.583: [GC (Allocation Failure) 2018-04-14T14:09:55.587+0800: 132354.583: [ParNew: 11860390K->78204K(13212096K), 0.5492145 secs] 68618607K->56839217K(187275712K), 0.5496474 secs] [Times: user=3.90 sys=0.45, real=0.55 secs] 
2018-04-14T14:10:41.638+0800: 132400.634: [GC (Allocation Failure) 2018-04-14T14:10:41.638+0800: 132400.634: [ParNew: 11822332K->77975K(13212096K), 0.7004183 secs] 68583345K->56839861K(187275712K), 0.7008469 secs] [Times: user=3.82 sys=1.73, real=0.70 secs] 
2018-04-14T14:11:22.543+0800: 132441.539: [GC (Allocation Failure) 2018-04-14T14:11:22.544+0800: 132441.540: [ParNew: 11822103K->83370K(13212096K), 0.8142212 secs] 68583989K->56846561K(187275712K), 0.8146583 secs] [Times: user=5.02 sys=1.45, real=0.81 secs] 
2018-04-14T14:12:06.028+0800: 132485.024: [GC (Allocation Failure) 2018-04-14T14:12:06.028+0800: 132485.024: [ParNew: 11827498K->88502K(13212096K), 0.6179045 secs] 68590689K->56853280K(187275712K), 0.6183374 secs] [Times: user=4.24 sys=0.69, real=0.62 secs] 
2018-04-14T14:12:31.094+0800: 132510.090: [GC (Allocation Failure) 2018-04-14T14:12:31.095+0800: 132510.091: [ParNew: 11832630K->97166K(13212096K), 0.5145398 secs] 68597408K->56864203K(187275712K), 0.5149665 secs] [Times: user=3.90 sys=0.19, real=0.51 secs] 
2018-04-14T14:12:39.835+0800: 132518.831: [GC (Allocation Failure) 2018-04-14T14:12:39.835+0800: 132518.832: [ParNew: 11841294K->103492K(13212096K), 0.6633505 secs] 68608331K->56872016K(187275712K), 0.6637810 secs] [Times: user=4.03 sys=1.21, real=0.66 secs] 
2018-04-14T14:12:49.566+0800: 132528.562: [GC (Allocation Failure) 2018-04-14T14:12:49.566+0800: 132528.562: [ParNew: 11847620K->83920K(13212096K), 0.5022013 secs] 68616144K->56855811K(187275712K), 0.5026274 secs] [Times: user=3.98 sys=0.01, real=0.50 secs] 
2018-04-14T14:13:24.226+0800: 132563.222: [GC (Allocation Failure) 2018-04-14T14:13:24.226+0800: 132563.222: [ParNew: 11828048K->99348K(13212096K), 0.6081517 secs] 68599939K->56878864K(187275712K), 0.6085822 secs] [Times: user=4.13 sys=0.69, real=0.61 secs] 
2018-04-14T14:14:52.720+0800: 132651.716: [GC (Allocation Failure) 2018-04-14T14:14:52.720+0800: 132651.716: [ParNew: 11843476K->110993K(13212096K), 0.7307214 secs] 68622992K->56896225K(187275712K), 0.7311610 secs] [Times: user=4.39 sys=1.31, real=0.74 secs] 
2018-04-14T14:15:10.440+0800: 132669.436: [GC (Allocation Failure) 2018-04-14T14:15:10.440+0800: 132669.436: [ParNew: 11855121K->112853K(13212096K), 0.5778503 secs] 68640353K->56909480K(187275712K), 0.5782810 secs] [Times: user=4.09 sys=0.47, real=0.58 secs] 
2018-04-14T14:15:39.743+0800: 132698.739: [GC (Allocation Failure) 2018-04-14T14:15:39.743+0800: 132698.739: [ParNew: 11856981K->99680K(13212096K), 0.6231022 secs] 68653608K->56900322K(187275712K), 0.6235585 secs] [Times: user=4.62 sys=0.29, real=0.62 secs] 
2018-04-14T14:16:11.585+0800: 132730.582: [GC (Allocation Failure) 2018-04-14T14:16:11.586+0800: 132730.582: [ParNew: 11843808K->117469K(13212096K), 0.6474292 secs] 68644450K->56918647K(187275712K), 0.6478542 secs] [Times: user=3.66 sys=1.46, real=0.65 secs] 
2018-04-14T14:17:31.682+0800: 132810.678: [GC (Allocation Failure) 2018-04-14T14:17:31.682+0800: 132810.678: [ParNew: 11861597K->109461K(13212096K), 0.9014301 secs] 68662775K->56911602K(187275712K), 0.9018688 secs] [Times: user=5.70 sys=1.43, real=0.90 secs] 
2018-04-14T14:17:40.356+0800: 132819.352: [GC (Allocation Failure) 2018-04-14T14:17:40.357+0800: 132819.353: [ParNew: 11853589K->133163K(13212096K), 0.5799531 secs] 68655730K->56938376K(187275712K), 0.5803758 secs] [Times: user=4.59 sys=0.00, real=0.58 secs] 
2018-04-14T14:17:52.944+0800: 132831.940: [GC (Allocation Failure) 2018-04-14T14:17:52.944+0800: 132831.940: [ParNew: 11877291K->154183K(13212096K), 0.6062527 secs] 68682504K->56971779K(187275712K), 0.6066793 secs] [Times: user=4.42 sys=0.36, real=0.60 secs] 
2018-04-14T14:19:14.575+0800: 132913.572: [GC (Allocation Failure) 2018-04-14T14:19:14.576+0800: 132913.572: [ParNew: 11898311K->138870K(13212096K), 0.8335521 secs] 68715907K->56961671K(187275712K), 0.8339967 secs] [Times: user=5.01 sys=1.55, real=0.83 secs] 
2018-04-14T14:20:00.323+0800: 132959.319: [GC (Allocation Failure) 2018-04-14T14:20:00.323+0800: 132959.319: [ParNew: 11882998K->136999K(13212096K), 0.7463617 secs] 68705799K->56969180K(187275712K), 0.7467911 secs] [Times: user=5.00 sys=0.92, real=0.74 secs] 
2018-04-14T14:20:40.979+0800: 132999.975: [GC (Allocation Failure) 2018-04-14T14:20:40.979+0800: 132999.975: [ParNew: 11881127K->112232K(13212096K), 0.7825813 secs] 68713308K->56948484K(187275712K), 0.7830236 secs] [Times: user=4.60 sys=1.60, real=0.79 secs] 
2018-04-14T14:21:00.524+0800: 133019.520: [GC (Allocation Failure) 2018-04-14T14:21:00.524+0800: 133019.520: [ParNew: 11856360K->113886K(13212096K), 0.5372438 secs] 68692612K->56957140K(187275712K), 0.5376681 secs] [Times: user=3.92 sys=0.33, real=0.54 secs] 
2018-04-14T14:21:17.571+0800: 133036.567: [GC (Allocation Failure) 2018-04-14T14:21:17.571+0800: 133036.567: [ParNew: 11858014K->119583K(13212096K), 0.6343635 secs] 68701268K->56967080K(187275712K), 0.6347947 secs] [Times: user=4.67 sys=0.34, real=0.63 secs] 
2018-04-14T14:21:30.889+0800: 133049.885: [GC (Allocation Failure) 2018-04-14T14:21:30.890+0800: 133049.886: [ParNew: 11863711K->105020K(13212096K), 0.6389960 secs] 68711208K->56957805K(187275712K), 0.6394238 secs] [Times: user=3.53 sys=1.52, real=0.64 secs] 
2018-04-14T14:21:43.476+0800: 133062.472: [GC (Allocation Failure) 2018-04-14T14:21:43.477+0800: 133062.473: [ParNew: 11849148K->108152K(13212096K), 0.5676947 secs] 68701933K->56969977K(187275712K), 0.5681127 secs] [Times: user=4.30 sys=0.20, real=0.57 secs] 
2018-04-14T14:21:49.746+0800: 133068.742: [GC (Allocation Failure) 2018-04-14T14:21:49.747+0800: 133068.743: [ParNew: 11852280K->79176K(13212096K), 0.4921987 secs] 68714105K->56951881K(187275712K), 0.4926270 secs] [Times: user=3.58 sys=0.32, real=0.49 secs] 
2018-04-14T14:21:56.748+0800: 133075.744: [GC (Allocation Failure) 2018-04-14T14:21:56.748+0800: 133075.744: [ParNew: 11823304K->71104K(13212096K), 0.4893346 secs] 68696009K->56960742K(187275712K), 0.4897539 secs] [Times: user=3.46 sys=0.42, real=0.49 secs] 
2018-04-14T14:22:07.193+0800: 133086.189: [GC (Allocation Failure) 2018-04-14T14:22:07.193+0800: 133086.189: [ParNew: 11815232K->54200K(13212096K), 0.5318786 secs] 68704870K->56946595K(187275712K), 0.5323028 secs] [Times: user=3.98 sys=0.24, real=0.53 secs] 
2018-04-14T14:22:20.890+0800: 133099.886: [GC (Allocation Failure) 2018-04-14T14:22:20.890+0800: 133099.886: [ParNew: 11798328K->50473K(13212096K), 0.6578762 secs] 68690723K->56949036K(187275712K), 0.6583148 secs] [Times: user=3.72 sys=1.47, real=0.66 secs] 
2018-04-14T14:22:44.550+0800: 133123.546: [GC (Allocation Failure) 2018-04-14T14:22:44.551+0800: 133123.547: [ParNew: 11794601K->51736K(13212096K), 0.5470848 secs] 68693164K->56951914K(187275712K), 0.5475176 secs] [Times: user=4.07 sys=0.27, real=0.55 secs] 
2018-04-14T14:22:53.350+0800: 133132.346: [GC (Allocation Failure) 2018-04-14T14:22:53.350+0800: 133132.347: [ParNew: 11795864K->61122K(13212096K), 0.5058055 secs] 68696042K->56962426K(187275712K), 0.5062191 secs] [Times: user=3.89 sys=0.14, real=0.51 secs] 
2018-04-14T14:23:01.298+0800: 133140.294: [GC (Allocation Failure) 2018-04-14T14:23:01.298+0800: 133140.294: [ParNew: 11805250K->61081K(13212096K), 0.5169219 secs] 68706554K->56964880K(187275712K), 0.5173416 secs] [Times: user=3.91 sys=0.20, real=0.52 secs] 
2018-04-14T14:23:08.552+0800: 133147.548: [GC (Allocation Failure) 2018-04-14T14:23:08.553+0800: 133147.549: [ParNew: 11805209K->57100K(13212096K), 0.4577597 secs] 68709008K->56962425K(187275712K), 0.4581792 secs] [Times: user=3.52 sys=0.12, real=0.45 secs] 
2018-04-14T14:23:17.111+0800: 133156.107: [GC (Allocation Failure) 2018-04-14T14:23:17.111+0800: 133156.107: [ParNew: 11801228K->63638K(13212096K), 0.6451050 secs] 68706553K->56970710K(187275712K), 0.6455252 secs] [Times: user=3.68 sys=1.42, real=0.65 secs] 
2018-04-14T14:23:27.497+0800: 133166.493: [GC (Allocation Failure) 2018-04-14T14:23:27.497+0800: 133166.493: [ParNew: 11807766K->60625K(13212096K), 0.4835710 secs] 68714838K->56969319K(187275712K), 0.4839894 secs] [Times: user=3.58 sys=0.27, real=0.48 secs] 
2018-04-14T14:23:40.302+0800: 133179.298: [GC (Allocation Failure) 2018-04-14T14:23:40.303+0800: 133179.299: [ParNew: 11804753K->54295K(13212096K), 0.5093450 secs] 68713447K->56970644K(187275712K), 0.5097632 secs] [Times: user=3.75 sys=0.29, real=0.51 secs] 
2018-04-14T14:23:52.126+0800: 133191.122: [GC (Allocation Failure) 2018-04-14T14:23:52.127+0800: 133191.123: [ParNew: 11798423K->50456K(13212096K), 0.5869914 secs] 68714772K->56970997K(187275712K), 0.5874121 secs] [Times: user=4.22 sys=0.45, real=0.59 secs] 
2018-04-14T14:24:03.313+0800: 133202.309: [GC (Allocation Failure) 2018-04-14T14:24:03.313+0800: 133202.309: [ParNew: 11794584K->38411K(13212096K), 0.6386698 secs] 68715125K->56963043K(187275712K), 0.6390994 secs] [Times: user=3.46 sys=1.58, real=0.64 secs] 
2018-04-14T14:24:18.990+0800: 133217.987: [GC (Allocation Failure) 2018-04-14T14:24:18.991+0800: 133217.987: [ParNew: 11782539K->35321K(13212096K), 0.5226802 secs] 68707171K->56963842K(187275712K), 0.5231021 secs] [Times: user=3.98 sys=0.17, real=0.53 secs] 
2018-04-14T14:25:38.172+0800: 133297.168: [GC (Allocation Failure) 2018-04-14T14:25:38.173+0800: 133297.169: [ParNew: 11779449K->42663K(13212096K), 0.8354820 secs] 68707970K->56974208K(187275712K), 0.8359143 secs] [Times: user=4.96 sys=1.66, real=0.83 secs] 
2018-04-14T14:26:28.914+0800: 133347.910: [GC (Allocation Failure) 2018-04-14T14:26:28.914+0800: 133347.910: [ParNew: 11786791K->76032K(13212096K), 0.7079366 secs] 68718336K->57009519K(187275712K), 0.7083543 secs] [Times: user=4.48 sys=1.16, real=0.71 secs] 
2018-04-14T14:29:40.675+0800: 133539.671: [GC (Allocation Failure) 2018-04-14T14:29:40.675+0800: 133539.671: [ParNew: 11820160K->90621K(13212096K), 1.1030171 secs] 68753647K->57024972K(187275712K), 1.1034630 secs] [Times: user=5.86 sys=2.87, real=1.10 secs] 
2018-04-14T14:33:17.295+0800: 133756.291: [GC (Allocation Failure) 2018-04-14T14:33:17.295+0800: 133756.292: [ParNew: 11834749K->103844K(13212096K), 1.3339749 secs] 68769100K->57038657K(187275712K), 1.3343992 secs] [Times: user=7.01 sys=3.56, real=1.33 secs] 
2018-04-14T14:35:19.052+0800: 133878.048: [GC (Allocation Failure) 2018-04-14T14:35:19.052+0800: 133878.048: [ParNew: 11847972K->98297K(13212096K), 0.6416237 secs] 68782785K->57033556K(187275712K), 0.6420591 secs] [Times: user=4.66 sys=0.44, real=0.64 secs] 
2018-04-14T14:35:52.029+0800: 133911.026: [GC (Allocation Failure) 2018-04-14T14:35:52.030+0800: 133911.026: [ParNew: 11842425K->135366K(13212096K), 0.6591621 secs] 68777684K->57071115K(187275712K), 0.6596037 secs] [Times: user=3.88 sys=1.32, real=0.66 secs] 
2018-04-14T14:36:07.357+0800: 133926.353: [GC (Allocation Failure) 2018-04-14T14:36:07.357+0800: 133926.353: [ParNew: 11879494K->148922K(13212096K), 0.6055803 secs] 68815243K->57088255K(187275712K), 0.6060015 secs] [Times: user=4.51 sys=0.31, real=0.61 secs] 
2018-04-14T14:36:14.928+0800: 133933.924: [GC (Allocation Failure) 2018-04-14T14:36:14.928+0800: 133933.924: [ParNew: 11893050K->119567K(13212096K), 0.5139374 secs] 68832383K->57078068K(187275712K), 0.5143617 secs] [Times: user=3.89 sys=0.17, real=0.52 secs] 
2018-04-14T14:36:25.477+0800: 133944.473: [GC (Allocation Failure) 2018-04-14T14:36:25.477+0800: 133944.473: [ParNew: 11863695K->89354K(13212096K), 0.5779452 secs] 68822196K->57054442K(187275712K), 0.5783790 secs] [Times: user=3.52 sys=1.05, real=0.58 secs] 
2018-04-14T14:36:40.130+0800: 133959.126: [GC (Allocation Failure) 2018-04-14T14:36:40.131+0800: 133959.127: [ParNew: 11833482K->84246K(13212096K), 0.5711761 secs] 68798570K->57060983K(187275712K), 0.5716044 secs] [Times: user=4.31 sys=0.21, real=0.58 secs] 
2018-04-14T14:36:48.222+0800: 133967.218: [GC (Allocation Failure) 2018-04-14T14:36:48.222+0800: 133967.218: [ParNew: 11828374K->97042K(13212096K), 0.5269108 secs] 68805111K->57084014K(187275712K), 0.5273252 secs] [Times: user=3.98 sys=0.20, real=0.52 secs] 
2018-04-14T14:36:55.421+0800: 133974.418: [GC (Allocation Failure) 2018-04-14T14:36:55.422+0800: 133974.418: [ParNew: 11841170K->102428K(13212096K), 0.5451823 secs] 68828142K->57097000K(187275712K), 0.5456026 secs] [Times: user=4.14 sys=0.19, real=0.54 secs] 
2018-04-14T14:37:03.829+0800: 133982.825: [GC (Allocation Failure) 2018-04-14T14:37:03.829+0800: 133982.825: [ParNew: 11846556K->113966K(13212096K), 0.5453071 secs] 68841128K->57111178K(187275712K), 0.5457281 secs] [Times: user=4.11 sys=0.23, real=0.55 secs] 
2018-04-14T14:37:15.749+0800: 133994.745: [GC (Allocation Failure) 2018-04-14T14:37:15.749+0800: 133994.745: [ParNew: 11858094K->129658K(13212096K), 0.5008377 secs] 68855306K->57127435K(187275712K), 0.5012479 secs] [Times: user=3.98 sys=0.00, real=0.50 secs] 
2018-04-14T14:37:29.635+0800: 134008.631: [GC (Allocation Failure) 2018-04-14T14:37:29.635+0800: 134008.631: [ParNew: 11873786K->148125K(13212096K), 0.6191747 secs] 68871563K->57148619K(187275712K), 0.6195953 secs] [Times: user=3.84 sys=1.07, real=0.62 secs] 
2018-04-14T14:37:42.985+0800: 134021.981: [GC (Allocation Failure) 2018-04-14T14:37:42.985+0800: 134021.981: [ParNew: 11892253K->113927K(13212096K), 0.6356732 secs] 68892747K->57117627K(187275712K), 0.6360828 secs] [Times: user=4.66 sys=0.40, real=0.64 secs] 
2018-04-14T14:37:59.733+0800: 134038.729: [GC (Allocation Failure) 2018-04-14T14:37:59.733+0800: 134038.729: [ParNew: 11858055K->128013K(13212096K), 0.5453935 secs] 68861755K->57132153K(187275712K), 0.5458064 secs] [Times: user=3.99 sys=0.35, real=0.54 secs] 
2018-04-14T14:38:21.743+0800: 134060.739: [GC (Allocation Failure) 2018-04-14T14:38:21.743+0800: 134060.739: [ParNew: 11872141K->116192K(13212096K), 0.6512543 secs] 68876281K->57123937K(187275712K), 0.6516886 secs] [Times: user=3.68 sys=1.47, real=0.65 secs] 
2018-04-14T14:38:45.898+0800: 134084.895: [GC (Allocation Failure) 2018-04-14T14:38:45.899+0800: 134084.895: [ParNew: 11860320K->99551K(13212096K), 0.6009593 secs] 68868065K->57108117K(187275712K), 0.6013729 secs] [Times: user=3.96 sys=0.81, real=0.60 secs] 
2018-04-14T14:39:12.029+0800: 134111.025: [GC (Allocation Failure) 2018-04-14T14:39:12.029+0800: 134111.025: [ParNew: 11843679K->179522K(13212096K), 0.7424448 secs] 68852245K->57189836K(187275712K), 0.7428585 secs] [Times: user=4.28 sys=1.59, real=0.75 secs] 
2018-04-14T14:39:42.180+0800: 134141.176: [GC (Allocation Failure) 2018-04-14T14:39:42.180+0800: 134141.176: [ParNew: 11923650K->153560K(13212096K), 0.6169914 secs] 68933964K->57166072K(187275712K), 0.6174078 secs] [Times: user=4.56 sys=0.32, real=0.62 secs] 
2018-04-14T14:40:02.466+0800: 134161.462: [GC (Allocation Failure) 2018-04-14T14:40:02.466+0800: 134161.462: [ParNew: 11897688K->114192K(13212096K), 0.5760798 secs] 68910200K->57128392K(187275712K), 0.5765091 secs] [Times: user=4.05 sys=0.52, real=0.58 secs] 
2018-04-14T14:40:16.129+0800: 134175.125: [GC (Allocation Failure) 2018-04-14T14:40:16.129+0800: 134175.125: [ParNew: 11858320K->131779K(13212096K), 0.6519974 secs] 68872520K->57147936K(187275712K), 0.6524385 secs] [Times: user=4.00 sys=1.16, real=0.65 secs] 
2018-04-14T14:40:32.228+0800: 134191.224: [GC (Allocation Failure) 2018-04-14T14:40:32.228+0800: 134191.224: [ParNew: 11875907K->141813K(13212096K), 0.6531205 secs] 68892064K->57160514K(187275712K), 0.6535376 secs] [Times: user=4.69 sys=0.49, real=0.66 secs] 
2018-04-14T14:40:46.757+0800: 134205.753: [GC (Allocation Failure) 2018-04-14T14:40:46.757+0800: 134205.753: [ParNew: 11885941K->164005K(13212096K), 0.6391777 secs] 68904642K->57186739K(187275712K), 0.6395935 secs] [Times: user=4.64 sys=0.43, real=0.64 secs] 
2018-04-14T14:40:56.370+0800: 134215.366: [GC (Allocation Failure) 2018-04-14T14:40:56.370+0800: 134215.366: [ParNew: 11908133K->178434K(13212096K), 0.5506417 secs] 68930867K->57208918K(187275712K), 0.5510505 secs] [Times: user=4.27 sys=0.10, real=0.55 secs] 
2018-04-14T14:41:04.197+0800: 134223.193: [GC (Allocation Failure) 2018-04-14T14:41:04.197+0800: 134223.193: [ParNew: 11922562K->214083K(13212096K), 0.6553359 secs] 68953046K->57250704K(187275712K), 0.6557630 secs] [Times: user=4.10 sys=1.09, real=0.66 secs] 
2018-04-14T14:41:12.493+0800: 134231.489: [GC (Allocation Failure) 2018-04-14T14:41:12.494+0800: 134231.490: [ParNew: 11958211K->228627K(13212096K), 0.6363343 secs] 68994832K->57271288K(187275712K), 0.6367463 secs] [Times: user=4.75 sys=0.31, real=0.63 secs] 
2018-04-14T14:41:18.393+0800: 134237.389: [GC (Allocation Failure) 2018-04-14T14:41:18.393+0800: 134237.389: [ParNew: 11972755K->263572K(13212096K), 0.6109380 secs] 69015416K->57313100K(187275712K), 0.6113432 secs] [Times: user=4.81 sys=0.04, real=0.61 secs] 
2018-04-14T14:41:25.209+0800: 134244.205: [GC (Allocation Failure) 2018-04-14T14:41:25.209+0800: 134244.205: [ParNew: 12007700K->260834K(13212096K), 0.5538041 secs] 69057228K->57314539K(187275712K), 0.5542248 secs] [Times: user=4.19 sys=0.21, real=0.56 secs] 
2018-04-14T14:41:33.052+0800: 134252.048: [GC (Allocation Failure) 2018-04-14T14:41:33.052+0800: 134252.048: [ParNew: 12004962K->225363K(13212096K), 0.5169085 secs] 69058667K->57285631K(187275712K), 0.5173152 secs] [Times: user=3.73 sys=0.37, real=0.51 secs] 
2018-04-14T14:41:42.519+0800: 134261.515: [GC (Allocation Failure) 2018-04-14T14:41:42.520+0800: 134261.516: [ParNew: 11969491K->165755K(13212096K), 0.6516355 secs] 69029759K->57235280K(187275712K), 0.6520592 secs] [Times: user=4.19 sys=0.97, real=0.66 secs] 
2018-04-14T14:41:53.512+0800: 134272.508: [GC (Allocation Failure) 2018-04-14T14:41:53.512+0800: 134272.508: [ParNew: 11909883K->162746K(13212096K), 0.5384559 secs] 68979408K->57236509K(187275712K), 0.5388674 secs] [Times: user=4.18 sys=0.09, real=0.53 secs] 
2018-04-14T14:42:04.902+0800: 134283.898: [GC (Allocation Failure) 2018-04-14T14:42:04.902+0800: 134283.898: [ParNew: 11906874K->153389K(13212096K), 0.5425817 secs] 68980637K->57231198K(187275712K), 0.5429972 secs] [Times: user=3.95 sys=0.36, real=0.54 secs] 
2018-04-14T14:42:16.766+0800: 134295.762: [GC (Allocation Failure) 2018-04-14T14:42:16.766+0800: 134295.762: [ParNew: 11897517K->101879K(13212096K), 0.5496359 secs] 68975326K->57184478K(187275712K), 0.5500492 secs] [Times: user=4.03 sys=0.32, real=0.55 secs] 
2018-04-14T14:42:25.359+0800: 134304.355: [GC (Allocation Failure) 2018-04-14T14:42:25.359+0800: 134304.355: [ParNew: 11846007K->122859K(13212096K), 0.5176745 secs] 68928606K->57210947K(187275712K), 0.5185560 secs] [Times: user=4.05 sys=0.07, real=0.52 secs] 
2018-04-14T14:42:33.713+0800: 134312.709: [GC (Allocation Failure) 2018-04-14T14:42:33.713+0800: 134312.709: [ParNew: 11866987K->135617K(13212096K), 0.6354367 secs] 68955075K->57228875K(187275712K), 0.6358656 secs] [Times: user=4.11 sys=0.92, real=0.63 secs] 
2018-04-14T14:42:42.104+0800: 134321.100: [GC (Allocation Failure) 2018-04-14T14:42:42.104+0800: 134321.100: [ParNew: 11879745K->127078K(13212096K), 0.5894862 secs] 68973003K->57225257K(187275712K), 0.5899162 secs] [Times: user=4.27 sys=0.42, real=0.59 secs] 
2018-04-14T14:42:50.252+0800: 134329.248: [GC (Allocation Failure) 2018-04-14T14:42:50.252+0800: 134329.248: [ParNew: 11871206K->134167K(13212096K), 0.5026483 secs] 68969385K->57236785K(187275712K), 0.5030798 secs] [Times: user=3.56 sys=0.43, real=0.50 secs] 
2018-04-14T14:43:00.831+0800: 134339.827: [GC (Allocation Failure) 2018-04-14T14:43:00.831+0800: 134339.827: [ParNew: 11878295K->149944K(13212096K), 0.5797304 secs] 68980913K->57256083K(187275712K), 0.5801411 secs] [Times: user=4.27 sys=0.33, real=0.58 secs] 
2018-04-14T14:43:34.257+0800: 134373.253: [GC (Allocation Failure) 2018-04-14T14:43:34.257+0800: 134373.254: [ParNew: 11894072K->127922K(13212096K), 0.6812698 secs] 69000211K->57237232K(187275712K), 0.6817064 secs] [Times: user=4.23 sys=1.12, real=0.68 secs] 
2018-04-14T14:43:50.857+0800: 134389.853: [GC (Allocation Failure) 2018-04-14T14:43:50.857+0800: 134389.853: [ParNew: 11872050K->107396K(13212096K), 0.5792209 secs] 68981360K->57219366K(187275712K), 0.5796460 secs] [Times: user=4.31 sys=0.29, real=0.58 secs] 
2018-04-14T14:44:00.557+0800: 134399.553: [GC (Allocation Failure) 2018-04-14T14:44:00.557+0800: 134399.553: [ParNew: 11851524K->71863K(13212096K), 0.5020239 secs] 68963494K->57187212K(187275712K), 0.5024491 secs] [Times: user=3.58 sys=0.41, real=0.50 secs] 
2018-04-14T14:44:09.269+0800: 134408.265: [GC (Allocation Failure) 2018-04-14T14:44:09.269+0800: 134408.265: [ParNew: 11815991K->82400K(13212096K), 0.5037575 secs] 68931340K->57200953K(187275712K), 0.5041777 secs] [Times: user=3.93 sys=0.07, real=0.51 secs] 
2018-04-14T14:44:18.913+0800: 134417.909: [GC (Allocation Failure) 2018-04-14T14:44:18.913+0800: 134417.909: [ParNew: 11826528K->74804K(13212096K), 0.6540195 secs] 68945081K->57201292K(187275712K), 0.6544447 secs] [Times: user=3.47 sys=1.69, real=0.65 secs] 
2018-04-14T14:44:42.756+0800: 134441.752: [GC (Allocation Failure) 2018-04-14T14:44:42.757+0800: 134441.753: [ParNew: 11818932K->76712K(13212096K), 0.5368217 secs] 68945420K->57212927K(187275712K), 0.5372494 secs] [Times: user=3.86 sys=0.38, real=0.54 secs] 
2018-04-14T14:44:57.767+0800: 134456.763: [GC (Allocation Failure) 2018-04-14T14:44:57.767+0800: 134456.763: [ParNew: 11820840K->76472K(13212096K), 0.5487390 secs] 68957055K->57223069K(187275712K), 0.5491641 secs] [Times: user=4.01 sys=0.33, real=0.55 secs] 
2018-04-14T14:45:08.481+0800: 134467.477: [GC (Allocation Failure) 2018-04-14T14:45:08.481+0800: 134467.477: [ParNew: 11820600K->79201K(13212096K), 0.5092826 secs] 68967197K->57228357K(187275712K), 0.5097219 secs] [Times: user=4.01 sys=0.03, real=0.51 secs] 
2018-04-14T14:45:20.965+0800: 134479.961: [GC (Allocation Failure) 2018-04-14T14:45:20.965+0800: 134479.961: [ParNew: 11823329K->54565K(13212096K), 0.6171238 secs] 68972485K->57204616K(187275712K), 0.6175487 secs] [Times: user=3.79 sys=1.10, real=0.62 secs] 
2018-04-14T14:46:01.163+0800: 134520.159: [GC (Allocation Failure) 2018-04-14T14:46:01.164+0800: 134520.160: [ParNew: 11798693K->54762K(13212096K), 0.6953618 secs] 68948744K->57205823K(187275712K), 0.6957747 secs] [Times: user=4.94 sys=0.59, real=0.69 secs] 
2018-04-14T14:47:47.617+0800: 134626.613: [GC (Allocation Failure) 2018-04-14T14:47:47.617+0800: 134626.613: [ParNew: 11798890K->63753K(13212096K), 0.8257946 secs] 68949951K->57215897K(187275712K), 0.8262256 secs] [Times: user=4.75 sys=1.77, real=0.83 secs] 
2018-04-14T14:49:34.566+0800: 134733.562: [GC (Allocation Failure) 2018-04-14T14:49:34.566+0800: 134733.562: [ParNew: 11807881K->82837K(13212096K), 0.9513338 secs] 68960025K->57239236K(187275712K), 0.9517688 secs] [Times: user=5.46 sys=2.04, real=0.95 secs] 
2018-04-14T14:50:01.285+0800: 134760.282: [GC (Allocation Failure) 2018-04-14T14:50:01.286+0800: 134760.282: [ParNew: 11826965K->112723K(13212096K), 0.6410433 secs] 68983364K->57271169K(187275712K), 0.6414638 secs] [Times: user=4.55 sys=0.56, real=0.64 secs] 
2018-04-14T14:51:00.744+0800: 134819.740: [GC (Allocation Failure) 2018-04-14T14:51:00.744+0800: 134819.740: [ParNew: 11856851K->107817K(13212096K), 0.7804730 secs] 69015297K->57266927K(187275712K), 0.7809373 secs] [Times: user=4.75 sys=1.43, real=0.78 secs] 
2018-04-14T14:51:51.371+0800: 134870.367: [GC (Allocation Failure) 2018-04-14T14:51:51.371+0800: 134870.367: [ParNew: 11851945K->123953K(13212096K), 0.6718137 secs] 69011055K->57284300K(187275712K), 0.6722574 secs] [Times: user=4.44 sys=0.89, real=0.68 secs] 
2018-04-14T14:52:27.284+0800: 134906.280: [GC (Allocation Failure) 2018-04-14T14:52:27.284+0800: 134906.280: [ParNew: 11868081K->109078K(13212096K), 0.6686849 secs] 69028428K->57270378K(187275712K), 0.6691233 secs] [Times: user=4.14 sys=1.17, real=0.67 secs] 
2018-04-14T14:53:07.475+0800: 134946.471: [GC (Allocation Failure) 2018-04-14T14:53:07.475+0800: 134946.471: [ParNew: 11853206K->93433K(13212096K), 0.6292777 secs] 69014506K->57265539K(187275712K), 0.6297184 secs] [Times: user=4.02 sys=0.97, real=0.63 secs] 
2018-04-14T14:53:43.330+0800: 134982.326: [GC (Allocation Failure) 2018-04-14T14:53:43.330+0800: 134982.326: [ParNew: 11837561K->90007K(13212096K), 0.7012112 secs] 69009667K->57270978K(187275712K), 0.7016711 secs] [Times: user=4.73 sys=0.81, real=0.71 secs] 
2018-04-14T14:54:10.069+0800: 135009.065: [GC (Allocation Failure) 2018-04-14T14:54:10.069+0800: 135009.065: [ParNew: 11834135K->85373K(13212096K), 0.5131114 secs] 69015106K->57270563K(187275712K), 0.5135390 secs] [Times: user=3.76 sys=0.32, real=0.52 secs] 
2018-04-14T14:54:27.358+0800: 135026.355: [GC (Allocation Failure) 2018-04-14T14:54:27.359+0800: 135026.355: [ParNew: 11829501K->70915K(13212096K), 0.5461360 secs] 69014691K->57260916K(187275712K), 0.5465589 secs] [Times: user=4.02 sys=0.31, real=0.55 secs] 
2018-04-14T14:54:50.312+0800: 135049.308: [GC (Allocation Failure) 2018-04-14T14:54:50.312+0800: 135049.308: [ParNew: 11815043K->54808K(13212096K), 0.6194712 secs] 69005044K->57259447K(187275712K), 0.6199072 secs] [Times: user=3.48 sys=1.41, real=0.62 secs] 
2018-04-14T14:55:05.908+0800: 135064.904: [GC (Allocation Failure) 2018-04-14T14:55:05.908+0800: 135064.904: [ParNew: 11798936K->51219K(13212096K), 0.4958792 secs] 69003575K->57260657K(187275712K), 0.4963291 secs] [Times: user=3.62 sys=0.32, real=0.50 secs] 
2018-04-14T14:55:22.174+0800: 135081.170: [GC (Allocation Failure) 2018-04-14T14:55:22.174+0800: 135081.170: [ParNew: 11795347K->52858K(13212096K), 0.5829485 secs] 69004785K->57264647K(187275712K), 0.5833790 secs] [Times: user=4.05 sys=0.60, real=0.58 secs] 
2018-04-14T14:55:34.699+0800: 135093.695: [GC (Allocation Failure) 2018-04-14T14:55:34.699+0800: 135093.695: [ParNew: 11796986K->44260K(13212096K), 0.6482670 secs] 69008775K->57258412K(187275712K), 0.6487045 secs] [Times: user=3.61 sys=1.50, real=0.65 secs] 
2018-04-14T14:55:47.643+0800: 135106.639: [GC (Allocation Failure) 2018-04-14T14:55:47.643+0800: 135106.639: [ParNew: 11788388K->44834K(13212096K), 0.4853318 secs] 69002540K->57261383K(187275712K), 0.4857568 secs] [Times: user=3.82 sys=0.05, real=0.48 secs] 
2018-04-14T14:55:57.413+0800: 135116.409: [GC (Allocation Failure) 2018-04-14T14:55:57.413+0800: 135116.409: [ParNew: 11788962K->43525K(13212096K), 0.5355970 secs] 69005511K->57262545K(187275712K), 0.5360221 secs] [Times: user=3.89 sys=0.36, real=0.53 secs] 
2018-04-14T14:56:06.134+0800: 135125.130: [GC (Allocation Failure) 2018-04-14T14:56:06.134+0800: 135125.130: [ParNew: 11787653K->47082K(13212096K), 0.4757370 secs] 69006673K->57267905K(187275712K), 0.4761539 secs] [Times: user=3.45 sys=0.34, real=0.47 secs] 
2018-04-14T14:56:14.751+0800: 135133.747: [GC (Allocation Failure) 2018-04-14T14:56:14.751+0800: 135133.747: [ParNew: 11791210K->51029K(13212096K), 0.5161536 secs] 69012033K->57276477K(187275712K), 0.5165748 secs] [Times: user=3.86 sys=0.25, real=0.52 secs] 
2018-04-14T14:56:23.850+0800: 135142.846: [GC (Allocation Failure) 2018-04-14T14:56:23.850+0800: 135142.846: [ParNew: 11795157K->64182K(13212096K), 0.6479333 secs] 69020605K->57291192K(187275712K), 0.6483606 secs] [Times: user=3.62 sys=1.49, real=0.65 secs] 
2018-04-14T14:56:34.842+0800: 135153.838: [GC (Allocation Failure) 2018-04-14T14:56:34.842+0800: 135153.838: [ParNew: 11808310K->65332K(13212096K), 0.5241222 secs] 69035320K->57293480K(187275712K), 0.5245472 secs] [Times: user=4.10 sys=0.05, real=0.52 secs] 
2018-04-14T14:56:49.221+0800: 135168.217: [GC (Allocation Failure) 2018-04-14T14:56:49.221+0800: 135168.217: [ParNew: 11809460K->71541K(13212096K), 0.5684556 secs] 69037608K->57301011K(187275712K), 0.5688776 secs] [Times: user=4.20 sys=0.32, real=0.57 secs] 
2018-04-14T14:57:41.654+0800: 135220.650: [GC (Allocation Failure) 2018-04-14T14:57:41.655+0800: 135220.651: [ParNew: 11815669K->64537K(13212096K), 0.7996951 secs] 69045139K->57295082K(187275712K), 0.8001476 secs] [Times: user=4.37 sys=1.91, real=0.80 secs] 
2018-04-14T14:58:06.920+0800: 135245.916: [GC (Allocation Failure) 2018-04-14T14:58:06.920+0800: 135245.916: [ParNew: 11808665K->41044K(13212096K), 0.5105985 secs] 69039210K->57271929K(187275712K), 0.5110159 secs] [Times: user=3.65 sys=0.40, real=0.52 secs] 
2018-04-14T14:59:25.006+0800: 135324.002: [GC (Allocation Failure) 2018-04-14T14:59:25.006+0800: 135324.002: [ParNew: 11785172K->105506K(13212096K), 0.7803705 secs] 69016057K->57337512K(187275712K), 0.7807997 secs] [Times: user=4.62 sys=1.54, real=0.78 secs] 
2018-04-14T14:59:45.083+0800: 135344.079: [GC (Allocation Failure) 2018-04-14T14:59:45.084+0800: 135344.080: [ParNew: 11849560K->112046K(13212096K), 0.6094484 secs] 69081566K->57346586K(187275712K), 0.6098789 secs] [Times: user=4.71 sys=0.13, real=0.61 secs] 
2018-04-14T15:00:00.845+0800: 135359.841: [GC (Allocation Failure) 2018-04-14T15:00:00.845+0800: 135359.841: [ParNew: 11856174K->81146K(13212096K), 0.5472662 secs] 69090714K->57317349K(187275712K), 0.5476902 secs] [Times: user=3.65 sys=0.71, real=0.55 secs] 
2018-04-14T15:00:23.156+0800: 135382.152: [GC (Allocation Failure) 2018-04-14T15:00:23.156+0800: 135382.152: [ParNew: 11825274K->68798K(13212096K), 0.5247397 secs] 69061477K->57306261K(187275712K), 0.5251675 secs] [Times: user=3.84 sys=0.33, real=0.52 secs] 
2018-04-14T15:00:37.015+0800: 135396.011: [GC (Allocation Failure) 2018-04-14T15:00:37.016+0800: 135396.012: [ParNew: 11812926K->85341K(13212096K), 0.6300613 secs] 69050389K->57328134K(187275712K), 0.6305017 secs] [Times: user=3.85 sys=1.11, real=0.63 secs] 
2018-04-14T15:00:49.420+0800: 135408.416: [GC (Allocation Failure) 2018-04-14T15:00:49.421+0800: 135408.417: [ParNew: 11829469K->83118K(13212096K), 0.4873345 secs] 69072262K->57328087K(187275712K), 0.4877581 secs] [Times: user=3.77 sys=0.10, real=0.49 secs] 
2018-04-14T15:01:15.735+0800: 135434.731: [GC (Allocation Failure) 2018-04-14T15:01:15.735+0800: 135434.731: [ParNew: 11827246K->72658K(13212096K), 0.6261150 secs] 69072215K->57330421K(187275712K), 0.6265390 secs] [Times: user=4.42 sys=0.54, real=0.62 secs] 
2018-04-14T15:01:24.628+0800: 135443.624: [GC (Allocation Failure) 2018-04-14T15:01:24.628+0800: 135443.624: [ParNew: 11816786K->92062K(13212096K), 0.4876124 secs] 69074549K->57350634K(187275712K), 0.4883747 secs] [Times: user=3.65 sys=0.23, real=0.49 secs] 
2018-04-14T15:01:39.921+0800: 135458.917: [GC (Allocation Failure) 2018-04-14T15:01:39.921+0800: 135458.917: [ParNew: 11836190K->154282K(13212096K), 0.6558559 secs] 69094762K->57414008K(187275712K), 0.6562800 secs] [Times: user=3.62 sys=1.54, real=0.66 secs] 
2018-04-14T15:01:54.756+0800: 135473.753: [GC (Allocation Failure) 2018-04-14T15:01:54.757+0800: 135473.753: [ParNew: 11898410K->129380K(13212096K), 0.5130800 secs] 69158136K->57395684K(187275712K), 0.5135058 secs] [Times: user=3.75 sys=0.32, real=0.51 secs] 
2018-04-14T15:02:16.386+0800: 135495.382: [GC (Allocation Failure) 2018-04-14T15:02:16.386+0800: 135495.382: [ParNew: 11873508K->105634K(13212096K), 0.5421179 secs] 69139812K->57376365K(187275712K), 0.5425521 secs] [Times: user=4.05 sys=0.26, real=0.54 secs] 
2018-04-14T15:03:32.818+0800: 135571.814: [GC (Allocation Failure) 2018-04-14T15:03:32.818+0800: 135571.814: [ParNew: 11849762K->89084K(13212096K), 0.8052322 secs] 69120493K->57362724K(187275712K), 0.8056661 secs] [Times: user=4.18 sys=2.20, real=0.81 secs] 
2018-04-14T15:03:45.991+0800: 135584.987: [GC (Allocation Failure) 2018-04-14T15:03:45.991+0800: 135584.987: [ParNew: 11833212K->137183K(13212096K), 0.5488823 secs] 69106852K->57412527K(187275712K), 0.5492982 secs] [Times: user=3.98 sys=0.37, real=0.55 secs] 
2018-04-14T15:06:03.325+0800: 135722.321: [GC (Allocation Failure) 2018-04-14T15:06:03.325+0800: 135722.321: [ParNew: 11881311K->104237K(13212096K), 0.8792507 secs] 69156655K->57381824K(187275712K), 0.8796834 secs] [Times: user=5.44 sys=1.48, real=0.88 secs] 
2018-04-14T15:06:36.822+0800: 135755.818: [GC (Allocation Failure) 2018-04-14T15:06:36.823+0800: 135755.819: [ParNew: 11848365K->102776K(13212096K), 0.5863012 secs] 69125952K->57383938K(187275712K), 0.5867297 secs] [Times: user=3.88 sys=0.76, real=0.58 secs] 
2018-04-14T15:06:54.063+0800: 135773.059: [GC (Allocation Failure) 2018-04-14T15:06:54.063+0800: 135773.059: [ParNew: 11846904K->106192K(13212096K), 0.5261797 secs] 69128066K->57388178K(187275712K), 0.5265971 secs] [Times: user=3.95 sys=0.24, real=0.52 secs] 
2018-04-14T15:07:18.099+0800: 135797.095: [GC (Allocation Failure) 2018-04-14T15:07:18.099+0800: 135797.095: [ParNew: 11850320K->111134K(13212096K), 0.6346979 secs] 69132306K->57393935K(187275712K), 0.6351379 secs] [Times: user=3.38 sys=1.64, real=0.64 secs] 
2018-04-14T15:07:35.690+0800: 135814.686: [GC (Allocation Failure) 2018-04-14T15:07:35.690+0800: 135814.686: [ParNew: 11855262K->105324K(13212096K), 0.5612595 secs] 69138063K->57394687K(187275712K), 0.5616847 secs] [Times: user=4.00 sys=0.44, real=0.57 secs] 
2018-04-14T15:07:54.181+0800: 135833.177: [GC (Allocation Failure) 2018-04-14T15:07:54.181+0800: 135833.177: [ParNew: 11849452K->125627K(13212096K), 0.5483436 secs] 69138815K->57425643K(187275712K), 0.5487793 secs] [Times: user=3.93 sys=0.42, real=0.55 secs] 
2018-04-14T15:08:11.850+0800: 135850.846: [GC (Allocation Failure) 2018-04-14T15:08:11.850+0800: 135850.846: [ParNew: 11869755K->123498K(13212096K), 0.6591670 secs] 69169771K->57433883K(187275712K), 0.6596139 secs] [Times: user=4.14 sys=1.06, real=0.66 secs] 
2018-04-14T15:08:22.704+0800: 135861.700: [GC (Allocation Failure) 2018-04-14T15:08:22.704+0800: 135861.700: [ParNew: 11867626K->130604K(13212096K), 0.5112366 secs] 69178011K->57448504K(187275712K), 0.5116608 secs] [Times: user=4.02 sys=0.03, real=0.51 secs] 
2018-04-14T15:08:33.280+0800: 135872.276: [GC (Allocation Failure) 2018-04-14T15:08:33.281+0800: 135872.277: [ParNew: 11874732K->82495K(13212096K), 0.5451925 secs] 69192632K->57402315K(187275712K), 0.5456160 secs] [Times: user=3.98 sys=0.35, real=0.55 secs] 
2018-04-14T15:08:44.473+0800: 135883.469: [GC (Allocation Failure) 2018-04-14T15:08:44.474+0800: 135883.470: [ParNew: 11826623K->87331K(13212096K), 0.5525951 secs] 69146443K->57412413K(187275712K), 0.5530110 secs] [Times: user=3.95 sys=0.43, real=0.55 secs] 
2018-04-14T15:09:02.828+0800: 135901.824: [GC (Allocation Failure) 2018-04-14T15:09:02.829+0800: 135901.825: [ParNew: 11831459K->86316K(13212096K), 0.6171753 secs] 69156541K->57416115K(187275712K), 0.6175907 secs] [Times: user=3.77 sys=1.11, real=0.62 secs] 
2018-04-14T15:09:20.251+0800: 135919.247: [GC (Allocation Failure) 2018-04-14T15:09:20.251+0800: 135919.247: [ParNew: 11830444K->73617K(13212096K), 0.4944545 secs] 69160243K->57408357K(187275712K), 0.4948803 secs] [Times: user=3.85 sys=0.07, real=0.50 secs] 
2018-04-14T15:09:33.643+0800: 135932.639: [GC (Allocation Failure) 2018-04-14T15:09:33.643+0800: 135932.639: [ParNew: 11817745K->92054K(13212096K), 0.5598352 secs] 69152485K->57432480K(187275712K), 0.5602622 secs] [Times: user=4.30 sys=0.14, real=0.56 secs] 
2018-04-14T15:09:50.794+0800: 135949.790: [GC (Allocation Failure) 2018-04-14T15:09:50.795+0800: 135949.791: [ParNew: 11836182K->86520K(13212096K), 0.5578404 secs] 69176608K->57429222K(187275712K), 0.5582515 secs] [Times: user=4.15 sys=0.28, real=0.56 secs] 
2018-04-14T15:10:11.842+0800: 135970.838: [GC (Allocation Failure) 2018-04-14T15:10:11.842+0800: 135970.838: [ParNew: 11830648K->105947K(13212096K), 0.6364164 secs] 69173350K->57449293K(187275712K), 0.6368568 secs] [Times: user=4.01 sys=1.04, real=0.63 secs] 
2018-04-14T15:10:28.718+0800: 135987.714: [GC (Allocation Failure) 2018-04-14T15:10:28.718+0800: 135987.714: [ParNew: 11850075K->122970K(13212096K), 0.5688997 secs] 69193421K->57468256K(187275712K), 0.5693111 secs] [Times: user=4.26 sys=0.26, real=0.57 secs] 
2018-04-14T15:10:51.183+0800: 136010.179: [GC (Allocation Failure) 2018-04-14T15:10:51.183+0800: 136010.179: [ParNew: 11867098K->150260K(13212096K), 0.6130583 secs] 69212384K->57497790K(187275712K), 0.6134810 secs] [Times: user=4.18 sys=0.68, real=0.61 secs] 
2018-04-14T15:11:02.794+0800: 136021.790: [GC (Allocation Failure) 2018-04-14T15:11:02.794+0800: 136021.790: [ParNew: 11894388K->139269K(13212096K), 0.6395917 secs] 69241918K->57492059K(187275712K), 0.6400352 secs] [Times: user=3.84 sys=1.20, real=0.64 secs] 
2018-04-14T15:11:16.050+0800: 136035.046: [GC (Allocation Failure) 2018-04-14T15:11:16.051+0800: 136035.047: [ParNew: 11883397K->99219K(13212096K), 0.5476361 secs] 69236187K->57454174K(187275712K), 0.5480680 secs] [Times: user=4.07 sys=0.28, real=0.55 secs] 
2018-04-14T15:11:34.679+0800: 136053.675: [GC (Allocation Failure) 2018-04-14T15:11:34.679+0800: 136053.675: [ParNew: 11843347K->115421K(13212096K), 0.5370561 secs] 69198302K->57475757K(187275712K), 0.5374782 secs] [Times: user=3.77 sys=0.50, real=0.54 secs] 
2018-04-14T15:11:53.915+0800: 136072.911: [GC (Allocation Failure) 2018-04-14T15:11:53.915+0800: 136072.911: [ParNew: 11859549K->121312K(13212096K), 0.6863218 secs] 69219885K->57487467K(187275712K), 0.6867547 secs] [Times: user=4.10 sys=1.33, real=0.69 secs] 
2018-04-14T15:12:18.073+0800: 136097.069: [GC (Allocation Failure) 2018-04-14T15:12:18.073+0800: 136097.069: [ParNew: 11865440K->140639K(13212096K), 0.6011201 secs] 69231595K->57511366K(187275712K), 0.6015439 secs] [Times: user=4.55 sys=0.22, real=0.60 secs] 
2018-04-14T15:12:52.755+0800: 136131.751: [GC (Allocation Failure) 2018-04-14T15:12:52.755+0800: 136131.751: [ParNew: 11884767K->126346K(13212096K), 0.5899974 secs] 69255494K->57502905K(187275712K), 0.5904235 secs] [Times: user=4.10 sys=0.59, real=0.59 secs] 
2018-04-14T15:13:18.219+0800: 136157.215: [GC (Allocation Failure) 2018-04-14T15:13:18.219+0800: 136157.215: [ParNew: 11870474K->94433K(13212096K), 0.6695421 secs] 69247033K->57472251K(187275712K), 0.6699768 secs] [Times: user=3.70 sys=1.59, real=0.67 secs] 
2018-04-14T15:13:45.775+0800: 136184.771: [GC (Allocation Failure) 2018-04-14T15:13:45.775+0800: 136184.771: [ParNew: 11838561K->132740K(13212096K), 0.6454444 secs] 69216379K->57512079K(187275712K), 0.6458749 secs] [Times: user=4.73 sys=0.41, real=0.65 secs] 
2018-04-14T15:13:52.039+0800: 136191.035: [GC (Allocation Failure) 2018-04-14T15:13:52.039+0800: 136191.035: [ParNew: 11876868K->140711K(13212096K), 0.4860407 secs] 69256207K->57521223K(187275712K), 0.4864601 secs] [Times: user=3.62 sys=0.24, real=0.49 secs] 
2018-04-14T15:14:01.212+0800: 136200.208: [GC (Allocation Failure) 2018-04-14T15:14:01.212+0800: 136200.208: [ParNew: 11884839K->92310K(13212096K), 0.5311618 secs] 69265351K->57476905K(187275712K), 0.5315931 secs] [Times: user=3.86 sys=0.34, real=0.53 secs] 
2018-04-14T15:14:09.508+0800: 136208.504: [GC (Allocation Failure) 2018-04-14T15:14:09.509+0800: 136208.505: [ParNew: 11836438K->110404K(13212096K), 0.5553747 secs] 69221033K->57501386K(187275712K), 0.5557971 secs] [Times: user=4.10 sys=0.30, real=0.56 secs] 
2018-04-14T15:14:23.702+0800: 136222.698: [GC (Allocation Failure) 2018-04-14T15:14:23.702+0800: 136222.698: [ParNew: 11854532K->95037K(13212096K), 0.5415980 secs] 69245514K->57492789K(187275712K), 0.5420170 secs] [Times: user=3.84 sys=0.46, real=0.54 secs] 
2018-04-14T15:15:20.319+0800: 136279.315: [GC (Allocation Failure) 2018-04-14T15:15:20.319+0800: 136279.315: [ParNew: 11839165K->119368K(13212096K), 0.7275322 secs] 69236917K->57524187K(187275712K), 0.7279616 secs] [Times: user=4.09 sys=1.66, real=0.73 secs] 
2018-04-14T15:15:58.935+0800: 136317.931: [GC (Allocation Failure) 2018-04-14T15:15:58.935+0800: 136317.931: [ParNew: 11863496K->119044K(13212096K), 0.6569775 secs] 69268315K->57526778K(187275712K), 0.6574155 secs] [Times: user=4.54 sys=0.69, real=0.66 secs] 
2018-04-14T15:16:22.946+0800: 136341.942: [GC (Allocation Failure) 2018-04-14T15:16:22.946+0800: 136341.942: [ParNew: 11863172K->101305K(13212096K), 0.5690282 secs] 69270906K->57509461K(187275712K), 0.5694539 secs] [Times: user=4.03 sys=0.50, real=0.57 secs] 
2018-04-14T15:16:42.755+0800: 136361.751: [GC (Allocation Failure) 2018-04-14T15:16:42.756+0800: 136361.752: [ParNew: 11845433K->134337K(13212096K), 0.6527046 secs] 69253589K->57545727K(187275712K), 0.6531451 secs] [Times: user=4.03 sys=1.14, real=0.65 secs] 
2018-04-14T15:16:57.253+0800: 136376.249: [GC (Allocation Failure) 2018-04-14T15:16:57.254+0800: 136376.250: [ParNew: 11878465K->132305K(13212096K), 0.5685916 secs] 69289855K->57550357K(187275712K), 0.5690119 secs] [Times: user=4.34 sys=0.18, real=0.57 secs] 
2018-04-14T15:17:11.838+0800: 136390.834: [GC (Allocation Failure) 2018-04-14T15:17:11.838+0800: 136390.835: [ParNew: 11876433K->151714K(13212096K), 0.6032833 secs] 69294485K->57577829K(187275712K), 0.6036943 secs] [Times: user=4.26 sys=0.53, real=0.61 secs] 
2018-04-14T15:17:23.585+0800: 136402.581: [GC (Allocation Failure) 2018-04-14T15:17:23.585+0800: 136402.581: [ParNew: 11895842K->133308K(13212096K), 0.5701696 secs] 69321957K->57572250K(187275712K), 0.5705967 secs] [Times: user=4.26 sys=0.27, real=0.57 secs] 
2018-04-14T15:17:35.342+0800: 136414.338: [GC (Allocation Failure) 2018-04-14T15:17:35.342+0800: 136414.338: [ParNew: 11877436K->130505K(13212096K), 0.6568258 secs] 69316378K->57581762K(187275712K), 0.6572570 secs] [Times: user=3.70 sys=1.47, real=0.65 secs] 
2018-04-14T15:17:46.843+0800: 136425.839: [GC (Allocation Failure) 2018-04-14T15:17:46.843+0800: 136425.839: [ParNew: 11874633K->100231K(13212096K), 0.5373895 secs] 69325890K->57560128K(187275712K), 0.5378162 secs] [Times: user=4.11 sys=0.15, real=0.53 secs] 
2018-04-14T15:18:21.398+0800: 136460.394: [GC (Allocation Failure) 2018-04-14T15:18:21.399+0800: 136460.395: [ParNew: 11844359K->104176K(13212096K), 0.6014569 secs] 69304256K->57565935K(187275712K), 0.6018834 secs] [Times: user=4.03 sys=0.74, real=0.60 secs] 
2018-04-14T15:18:46.547+0800: 136485.543: [GC (Allocation Failure) 2018-04-14T15:18:46.547+0800: 136485.543: [ParNew: 11848304K->124180K(13212096K), 0.6537867 secs] 69310063K->57587364K(187275712K), 0.6542221 secs] [Times: user=3.96 sys=1.22, real=0.65 secs] 
2018-04-14T15:19:06.318+0800: 136505.314: [GC (Allocation Failure) 2018-04-14T15:19:06.318+0800: 136505.314: [ParNew: 11868308K->143764K(13212096K), 0.6404133 secs] 69331492K->57607535K(187275712K), 0.6408243 secs] [Times: user=4.49 sys=0.61, real=0.64 secs] 
2018-04-14T15:19:28.712+0800: 136527.708: [GC (Allocation Failure) 2018-04-14T15:19:28.712+0800: 136527.708: [ParNew: 11887892K->170326K(13212096K), 0.5664941 secs] 69351663K->57635526K(187275712K), 0.5669128 secs] [Times: user=4.40 sys=0.09, real=0.56 secs] 
2018-04-14T15:19:56.067+0800: 136555.063: [GC (Allocation Failure) 2018-04-14T15:19:56.067+0800: 136555.063: [ParNew: 11914454K->224017K(13212096K), 0.7443564 secs] 69379654K->57690767K(187275712K), 0.7447979 secs] [Times: user=4.62 sys=1.29, real=0.75 secs] 
2018-04-14T15:20:23.044+0800: 136582.040: [GC (Allocation Failure) 2018-04-14T15:20:23.045+0800: 136582.041: [ParNew: 11968145K->213188K(13212096K), 0.6386510 secs] 69434895K->57680614K(187275712K), 0.6390779 secs] [Times: user=4.15 sys=0.92, real=0.64 secs] 
2018-04-14T15:20:39.336+0800: 136598.332: [GC (Allocation Failure) 2018-04-14T15:20:39.336+0800: 136598.332: [ParNew: 11957316K->144104K(13212096K), 0.6462493 secs] 69424742K->57616391K(187275712K), 0.6466848 secs] [Times: user=4.01 sys=1.11, real=0.65 secs] 
2018-04-14T15:20:47.870+0800: 136606.866: [GC (Allocation Failure) 2018-04-14T15:20:47.870+0800: 136606.866: [ParNew: 11888232K->176392K(13212096K), 0.5482604 secs] 69360519K->57654379K(187275712K), 0.5486858 secs] [Times: user=4.25 sys=0.11, real=0.55 secs] 
2018-04-14T15:20:57.001+0800: 136615.998: [GC (Allocation Failure) 2018-04-14T15:20:57.002+0800: 136615.998: [ParNew: 11920520K->162246K(13212096K), 0.6066852 secs] 69398507K->57644289K(187275712K), 0.6071037 secs] [Times: user=4.57 sys=0.25, real=0.60 secs] 
2018-04-14T15:21:09.834+0800: 136628.830: [GC (Allocation Failure) 2018-04-14T15:21:09.834+0800: 136628.830: [ParNew: 11906374K->134244K(13212096K), 0.5540208 secs] 69388417K->57626844K(187275712K), 0.5544456 secs] [Times: user=4.07 sys=0.32, real=0.55 secs] 
2018-04-14T15:21:35.690+0800: 136654.686: [GC (Allocation Failure) 2018-04-14T15:21:35.690+0800: 136654.686: [ParNew: 11878372K->105941K(13212096K), 0.7507047 secs] 69370972K->57604127K(187275712K), 0.7511411 secs] [Times: user=4.46 sys=1.48, real=0.76 secs] 
2018-04-14T15:21:49.877+0800: 136668.873: [GC (Allocation Failure) 2018-04-14T15:21:49.878+0800: 136668.874: [ParNew: 11850069K->135073K(13212096K), 0.5348717 secs] 69348255K->57639881K(187275712K), 0.5352898 secs] [Times: user=4.10 sys=0.13, real=0.54 secs] 
2018-04-14T15:22:02.720+0800: 136681.716: [GC (Allocation Failure) 2018-04-14T15:22:02.720+0800: 136681.716: [ParNew: 11879201K->186650K(13212096K), 0.5626362 secs] 69384009K->57695605K(187275712K), 0.5630620 secs] [Times: user=4.10 sys=0.37, real=0.57 secs] 
2018-04-14T15:22:18.637+0800: 136697.633: [GC (Allocation Failure) 2018-04-14T15:22:18.637+0800: 136697.633: [ParNew: 11930778K->154041K(13212096K), 0.5721942 secs] 69439733K->57667824K(187275712K), 0.5726228 secs] [Times: user=4.17 sys=0.38, real=0.57 secs] 
2018-04-14T15:22:36.641+0800: 136715.637: [GC (Allocation Failure) 2018-04-14T15:22:36.641+0800: 136715.637: [ParNew: 11898169K->112644K(13212096K), 0.6043811 secs] 69411952K->57629113K(187275712K), 0.6048386 secs] [Times: user=3.54 sys=1.25, real=0.61 secs] 
2018-04-14T15:23:09.862+0800: 136748.858: [GC (Allocation Failure) 2018-04-14T15:23:09.863+0800: 136748.859: [ParNew: 11856772K->87652K(13212096K), 0.5818835 secs] 69373241K->57606784K(187275712K), 0.5822975 secs] [Times: user=3.79 sys=0.83, real=0.58 secs] 
2018-04-14T15:24:07.265+0800: 136806.261: [GC (Allocation Failure) 2018-04-14T15:24:07.265+0800: 136806.261: [ParNew: 11831780K->152874K(13212096K), 0.8771338 secs] 69350912K->57677602K(187275712K), 0.8775569 secs] [Times: user=5.49 sys=1.38, real=0.88 secs] 
2018-04-14T15:25:27.084+0800: 136886.081: [GC (Allocation Failure) 2018-04-14T15:25:27.085+0800: 136886.081: [ParNew: 11897002K->117337K(13212096K), 0.8767932 secs] 69421730K->57644943K(187275712K), 0.8772199 secs] [Times: user=5.35 sys=1.63, real=0.88 secs] 
2018-04-14T15:25:59.134+0800: 136918.130: [GC (Allocation Failure) 2018-04-14T15:25:59.134+0800: 136918.130: [ParNew: 11861465K->115282K(13212096K), 0.6676849 secs] 69389071K->57648059K(187275712K), 0.6681242 secs] [Times: user=4.09 sys=1.18, real=0.67 secs] 
2018-04-14T15:27:09.862+0800: 136988.858: [GC (Allocation Failure) 2018-04-14T15:27:09.862+0800: 136988.858: [ParNew: 11859410K->95327K(13212096K), 0.6354805 secs] 69392187K->57629908K(187275712K), 0.6358298 secs] [Times: user=4.13 sys=0.92, real=0.63 secs] 
2018-04-14T15:28:22.129+0800: 137061.125: [GC (Allocation Failure) 2018-04-14T15:28:22.129+0800: 137061.125: [ParNew: 11839455K->108271K(13212096K), 0.7776734 secs] 69374036K->57643641K(187275712K), 0.7780365 secs] [Times: user=4.26 sys=1.90, real=0.78 secs] 
2018-04-14T15:28:57.202+0800: 137096.198: [GC (Allocation Failure) 2018-04-14T15:28:57.202+0800: 137096.198: [ParNew: 11852399K->120472K(13212096K), 0.6202537 secs] 69387769K->57660419K(187275712K), 0.6206852 secs] [Times: user=4.58 sys=0.36, real=0.62 secs] 
2018-04-14T15:29:29.104+0800: 137128.100: [GC (Allocation Failure) 2018-04-14T15:29:29.104+0800: 137128.100: [ParNew: 11864600K->99383K(13212096K), 0.6512962 secs] 69404547K->57653964K(187275712K), 0.6517263 secs] [Times: user=3.76 sys=1.37, real=0.65 secs] 
2018-04-14T15:30:01.224+0800: 137160.220: [GC (Allocation Failure) 2018-04-14T15:30:01.224+0800: 137160.220: [ParNew: 11843511K->96113K(13212096K), 0.6094033 secs] 69398092K->57664265K(187275712K), 0.6098234 secs] [Times: user=4.06 sys=0.78, real=0.61 secs] 
2018-04-14T15:30:37.145+0800: 137196.141: [GC (Allocation Failure) 2018-04-14T15:30:37.145+0800: 137196.141: [ParNew: 11840241K->104757K(13212096K), 0.6739634 secs] 69408393K->57675426K(187275712K), 0.6743945 secs] [Times: user=4.01 sys=1.31, real=0.67 secs] 
2018-04-14T15:31:04.194+0800: 137223.190: [GC (Allocation Failure) 2018-04-14T15:31:04.194+0800: 137223.190: [ParNew: 11848885K->106609K(13212096K), 0.6650435 secs] 69419554K->57684898K(187275712K), 0.6654665 secs] [Times: user=4.65 sys=0.64, real=0.66 secs] 
2018-04-14T15:31:30.985+0800: 137249.981: [GC (Allocation Failure) 2018-04-14T15:31:30.985+0800: 137249.981: [ParNew: 11850737K->80497K(13212096K), 0.5212992 secs] 69429026K->57664149K(187275712K), 0.5217228 secs] [Times: user=3.62 sys=0.52, real=0.52 secs] 
2018-04-14T15:31:56.693+0800: 137275.689: [GC (Allocation Failure) 2018-04-14T15:31:56.693+0800: 137275.689: [ParNew: 11824625K->67346K(13212096K), 0.6496858 secs] 69408277K->57653464K(187275712K), 0.6501343 secs] [Times: user=3.98 sys=1.17, real=0.65 secs] 
2018-04-14T15:32:40.764+0800: 137319.760: [GC (Allocation Failure) 2018-04-14T15:32:40.764+0800: 137319.760: [ParNew: 11811474K->63364K(13212096K), 0.6352556 secs] 69397592K->57652896K(187275712K), 0.6356810 secs] [Times: user=4.26 sys=0.80, real=0.63 secs] 
2018-04-14T15:32:58.104+0800: 137337.101: [GC (Allocation Failure) 2018-04-14T15:32:58.105+0800: 137337.101: [ParNew: 11807492K->72169K(13212096K), 0.6843305 secs] 69397024K->57666231K(187275712K), 0.6847704 secs] [Times: user=4.08 sys=1.34, real=0.68 secs] 
2018-04-14T15:33:08.295+0800: 137347.292: [GC (Allocation Failure) 2018-04-14T15:33:08.296+0800: 137347.292: [ParNew: 11816297K->78226K(13212096K), 0.4567003 secs] 69410359K->57675799K(187275712K), 0.4571199 secs] [Times: user=3.42 sys=0.22, real=0.46 secs] 
2018-04-14T15:33:25.048+0800: 137364.044: [GC (Allocation Failure) 2018-04-14T15:33:25.048+0800: 137364.044: [ParNew: 11822354K->69645K(13212096K), 0.6119920 secs] 69419927K->57668721K(187275712K), 0.6124238 secs] [Times: user=4.50 sys=0.38, real=0.61 secs] 
2018-04-14T15:33:49.923+0800: 137388.919: [GC (Allocation Failure) 2018-04-14T15:33:49.924+0800: 137388.920: [ParNew: 11813773K->90293K(13212096K), 0.6944997 secs] 69412849K->57692574K(187275712K), 0.6949266 secs] [Times: user=3.90 sys=1.58, real=0.69 secs] 
2018-04-14T15:34:01.849+0800: 137400.845: [GC (Allocation Failure) 2018-04-14T15:34:01.849+0800: 137400.845: [ParNew: 11834421K->107004K(13212096K), 0.5791817 secs] 69436702K->57710974K(187275712K), 0.5796100 secs] [Times: user=4.35 sys=0.25, real=0.58 secs] 
2018-04-14T15:34:08.697+0800: 137407.693: [GC (Allocation Failure) 2018-04-14T15:34:08.697+0800: 137407.693: [ParNew: 11851132K->105306K(13212096K), 0.4789161 secs] 69455102K->57714945K(187275712K), 0.4793297 secs] [Times: user=3.47 sys=0.33, real=0.48 secs] 
2018-04-14T15:34:13.658+0800: 137412.654: [GC (Allocation Failure) 2018-04-14T15:34:13.658+0800: 137412.654: [ParNew: 11849434K->109380K(13212096K), 0.4633620 secs] 69459073K->57723372K(187275712K), 0.4637739 secs] [Times: user=3.43 sys=0.25, real=0.47 secs] 
2018-04-14T15:34:18.977+0800: 137417.973: [GC (Allocation Failure) 2018-04-14T15:34:18.977+0800: 137417.973: [ParNew: 11853508K->105736K(13212096K), 0.4979894 secs] 69467500K->57721570K(187275712K), 0.4984094 secs] [Times: user=3.90 sys=0.07, real=0.50 secs] 
2018-04-14T15:34:24.408+0800: 137423.404: [GC (Allocation Failure) 2018-04-14T15:34:24.409+0800: 137423.405: [ParNew: 11849864K->106155K(13212096K), 0.5076541 secs] 69465698K->57726937K(187275712K), 0.5080814 secs] [Times: user=3.92 sys=0.11, real=0.51 secs] 
2018-04-14T15:34:31.421+0800: 137430.417: [GC (Allocation Failure) 2018-04-14T15:34:31.421+0800: 137430.417: [ParNew: 11850283K->100938K(13212096K), 0.4774270 secs] 69471065K->57732271K(187275712K), 0.4778475 secs] [Times: user=3.78 sys=0.00, real=0.48 secs] 
2018-04-14T15:34:38.964+0800: 137437.960: [GC (Allocation Failure) 2018-04-14T15:34:38.964+0800: 137437.960: [ParNew: 11845066K->68942K(13212096K), 0.6368734 secs] 69476399K->57703067K(187275712K), 0.6373309 secs] [Times: user=3.75 sys=1.29, real=0.64 secs] 
2018-04-14T15:34:45.147+0800: 137444.143: [GC (Allocation Failure) 2018-04-14T15:34:45.148+0800: 137444.144: [ParNew: 11813070K->72915K(13212096K), 0.4985109 secs] 69447195K->57708981K(187275712K), 0.4989350 secs] [Times: user=3.78 sys=0.19, real=0.50 secs] 
2018-04-14T15:34:52.319+0800: 137451.316: [GC (Allocation Failure) 2018-04-14T15:34:52.320+0800: 137451.316: [ParNew: 11817043K->70356K(13212096K), 0.4982391 secs] 69453109K->57708225K(187275712K), 0.4986550 secs] [Times: user=3.79 sys=0.17, real=0.50 secs] 
2018-04-14T15:35:00.103+0800: 137459.099: [GC (Allocation Failure) 2018-04-14T15:35:00.103+0800: 137459.099: [ParNew: 11814484K->73869K(13212096K), 0.5091329 secs] 69452353K->57713605K(187275712K), 0.5095549 secs] [Times: user=3.83 sys=0.21, real=0.51 secs] 
2018-04-14T15:35:09.553+0800: 137468.549: [GC (Allocation Failure) 2018-04-14T15:35:09.553+0800: 137468.549: [ParNew: 11817997K->86528K(13212096K), 0.5269848 secs] 69457733K->57727294K(187275712K), 0.5274043 secs] [Times: user=3.91 sys=0.29, real=0.52 secs] 
2018-04-14T15:35:20.433+0800: 137479.429: [GC (Allocation Failure) 2018-04-14T15:35:20.434+0800: 137479.430: [ParNew: 11830656K->111534K(13212096K), 0.6312663 secs] 69471422K->57752977K(187275712K), 0.6316823 secs] [Times: user=3.71 sys=1.29, real=0.63 secs] 
2018-04-14T15:35:34.470+0800: 137493.466: [GC (Allocation Failure) 2018-04-14T15:35:34.471+0800: 137493.467: [ParNew: 11855662K->122737K(13212096K), 0.5922363 secs] 69497105K->57765294K(187275712K), 0.5926487 secs] [Times: user=4.24 sys=0.48, real=0.60 secs] 
2018-04-14T15:35:44.345+0800: 137503.341: [GC (Allocation Failure) 2018-04-14T15:35:44.345+0800: 137503.342: [ParNew: 11866865K->128935K(13212096K), 0.5472437 secs] 69509422K->57772471K(187275712K), 0.5476349 secs] [Times: user=4.01 sys=0.35, real=0.55 secs] 
2018-04-14T15:35:53.612+0800: 137512.608: [GC (Allocation Failure) 2018-04-14T15:35:53.612+0800: 137512.608: [ParNew: 11873063K->151682K(13212096K), 0.5402470 secs] 69516599K->57796244K(187275712K), 0.5406554 secs] [Times: user=4.07 sys=0.23, real=0.54 secs] 
2018-04-14T15:36:01.037+0800: 137520.033: [GC (Allocation Failure) 2018-04-14T15:36:01.037+0800: 137520.033: [ParNew: 11895810K->123833K(13212096K), 0.4666293 secs] 69540372K->57769315K(187275712K), 0.4670433 secs] [Times: user=3.56 sys=0.15, real=0.47 secs] 
2018-04-14T15:36:08.837+0800: 137527.833: [GC (Allocation Failure) 2018-04-14T15:36:08.837+0800: 137527.833: [ParNew: 11867961K->119505K(13212096K), 0.6274270 secs] 69513443K->57767209K(187275712K), 0.6278454 secs] [Times: user=3.64 sys=1.33, real=0.63 secs] 
2018-04-14T15:36:16.537+0800: 137535.533: [GC (Allocation Failure) 2018-04-14T15:36:16.537+0800: 137535.533: [ParNew: 11863633K->90194K(13212096K), 0.4794221 secs] 69511337K->57739745K(187275712K), 0.4798349 secs] [Times: user=3.61 sys=0.21, real=0.48 secs] 
2018-04-14T15:36:23.441+0800: 137542.437: [GC (Allocation Failure) 2018-04-14T15:36:23.441+0800: 137542.437: [ParNew: 11834322K->71835K(13212096K), 0.5132859 secs] 69483873K->57722698K(187275712K), 0.5136634 secs] [Times: user=3.93 sys=0.15, real=0.52 secs] 
2018-04-14T15:36:33.233+0800: 137552.229: [GC (Allocation Failure) 2018-04-14T15:36:33.233+0800: 137552.229: [ParNew: 11815963K->71803K(13212096K), 0.5023898 secs] 69466826K->57724446K(187275712K), 0.5027529 secs] [Times: user=3.82 sys=0.18, real=0.50 secs] 
2018-04-14T15:36:47.966+0800: 137566.962: [GC (Allocation Failure) 2018-04-14T15:36:47.967+0800: 137566.963: [ParNew: 11815931K->123055K(13212096K), 0.5433523 secs] 69468574K->57778098K(187275712K), 0.5437672 secs] [Times: user=4.04 sys=0.28, real=0.54 secs] 
2018-04-14T15:36:57.681+0800: 137576.677: [GC (Allocation Failure) 2018-04-14T15:36:57.681+0800: 137576.677: [ParNew: 11867183K->163689K(13212096K), 0.6472384 secs] 69522226K->57820247K(187275712K), 0.6476618 secs] [Times: user=3.75 sys=1.36, real=0.65 secs] 
2018-04-14T15:37:11.599+0800: 137590.595: [GC (Allocation Failure) 2018-04-14T15:37:11.599+0800: 137590.596: [ParNew: 11907817K->167903K(13212096K), 0.5713649 secs] 69564375K->57826270K(187275712K), 0.5717790 secs] [Times: user=4.12 sys=0.43, real=0.57 secs] 
2018-04-14T15:37:24.318+0800: 137603.314: [GC (Allocation Failure) 2018-04-14T15:37:24.318+0800: 137603.314: [ParNew: 11912031K->132569K(13212096K), 0.5621523 secs] 69570398K->57791372K(187275712K), 0.5625728 secs] [Times: user=3.97 sys=0.51, real=0.56 secs] 
2018-04-14T15:37:33.421+0800: 137612.417: [GC (Allocation Failure) 2018-04-14T15:37:33.421+0800: 137612.417: [ParNew: 11876697K->160115K(13212096K), 0.5443705 secs] 69535500K->57820227K(187275712K), 0.5447817 secs] [Times: user=4.03 sys=0.29, real=0.55 secs] 
2018-04-14T15:37:41.438+0800: 137620.434: [GC (Allocation Failure) 2018-04-14T15:37:41.439+0800: 137620.435: [ParNew: 11904243K->196657K(13212096K), 0.5167343 secs] 69564355K->57859373K(187275712K), 0.5171349 secs] [Times: user=3.84 sys=0.26, real=0.52 secs] 
2018-04-14T15:37:49.705+0800: 137628.702: [GC (Allocation Failure) 2018-04-14T15:37:49.706+0800: 137628.702: [ParNew: 11940785K->227765K(13212096K), 0.6736879 secs] 69603501K->57899662K(187275712K), 0.6741332 secs] [Times: user=4.20 sys=1.10, real=0.67 secs] 
2018-04-14T15:38:01.485+0800: 137640.481: [GC (Allocation Failure) 2018-04-14T15:38:01.485+0800: 137640.481: [ParNew: 11971893K->217448K(13212096K), 0.5345072 secs] 69643790K->57895955K(187275712K), 0.5349295 secs] [Times: user=4.00 sys=0.24, real=0.53 secs] 
2018-04-14T15:38:21.170+0800: 137660.166: [GC (Allocation Failure) 2018-04-14T15:38:21.170+0800: 137660.166: [ParNew: 11961576K->140367K(13212096K), 0.5663845 secs] 69640083K->57821562K(187275712K), 0.5668014 secs] [Times: user=4.21 sys=0.30, real=0.57 secs] 
2018-04-14T15:38:45.033+0800: 137684.029: [GC (Allocation Failure) 2018-04-14T15:38:45.033+0800: 137684.029: [ParNew: 11884495K->148586K(13212096K), 0.7109325 secs] 69565690K->57833362K(187275712K), 0.7113602 secs] [Times: user=4.29 sys=1.35, real=0.71 secs] 
2018-04-14T15:39:41.574+0800: 137740.570: [GC (Allocation Failure) 2018-04-14T15:39:41.574+0800: 137740.570: [ParNew: 11892714K->142193K(13212096K), 0.7263027 secs] 69577490K->57830173K(187275712K), 0.7267255 secs] [Times: user=4.94 sys=0.83, real=0.72 secs] 
2018-04-14T15:40:08.992+0800: 137767.988: [GC (Allocation Failure) 2018-04-14T15:40:08.992+0800: 137767.988: [ParNew: 11886321K->141484K(13212096K), 0.6444963 secs] 69574301K->57836835K(187275712K), 0.6449404 secs] [Times: user=3.97 sys=1.13, real=0.64 secs] 
2018-04-14T15:41:02.644+0800: 137821.640: [GC (Allocation Failure) 2018-04-14T15:41:02.644+0800: 137821.640: [ParNew: 11885612K->181345K(13212096K), 0.8207348 secs] 69580963K->57885734K(187275712K), 0.8211689 secs] [Times: user=5.62 sys=0.86, real=0.82 secs] 
2018-04-14T15:42:20.995+0800: 137899.991: [GC (Allocation Failure) 2018-04-14T15:42:20.996+0800: 137899.992: [ParNew: 11925473K->141424K(13212096K), 0.7053583 secs] 69629862K->57851092K(187275712K), 0.7057907 secs] [Times: user=3.96 sys=1.62, real=0.71 secs] 
2018-04-14T15:43:56.956+0800: 137995.952: [GC (Allocation Failure) 2018-04-14T15:43:56.956+0800: 137995.952: [ParNew: 11885552K->123657K(13212096K), 0.9954258 secs] 69595220K->57839257K(187275712K), 0.9958622 secs] [Times: user=6.00 sys=1.79, real=1.00 secs] 
2018-04-14T15:46:16.091+0800: 138135.087: [GC (Allocation Failure) 2018-04-14T15:46:16.091+0800: 138135.087: [ParNew: 11867785K->127411K(13212096K), 1.0158025 secs] 69583385K->57850892K(187275712K), 1.0161401 secs] [Times: user=6.16 sys=1.93, real=1.02 secs] 
2018-04-14T15:48:26.259+0800: 138265.255: [GC (Allocation Failure) 2018-04-14T15:48:26.259+0800: 138265.255: [ParNew: 11871539K->111911K(13212096K), 0.9672644 secs] 69595020K->57843406K(187275712K), 0.9676945 secs] [Times: user=5.65 sys=2.01, real=0.97 secs] 
2018-04-14T15:48:48.746+0800: 138287.742: [GC (Allocation Failure) 2018-04-14T15:48:48.746+0800: 138287.742: [ParNew: 11856039K->103755K(13212096K), 0.5145375 secs] 69587534K->57838975K(187275712K), 0.5149642 secs] [Times: user=3.77 sys=0.32, real=0.51 secs] 
2018-04-14T15:49:10.893+0800: 138309.890: [GC (Allocation Failure) 2018-04-14T15:49:10.894+0800: 138309.890: [ParNew: 11847883K->88321K(13212096K), 0.6701369 secs] 69583103K->57832129K(187275712K), 0.6705823 secs] [Times: user=3.83 sys=1.46, real=0.67 secs] 
2018-04-14T15:49:19.599+0800: 138318.595: [GC (Allocation Failure) 2018-04-14T15:49:19.599+0800: 138318.595: [ParNew: 11832449K->91308K(13212096K), 0.4871849 secs] 69576257K->57842006K(187275712K), 0.4876080 secs] [Times: user=3.69 sys=0.17, real=0.49 secs] 
2018-04-14T15:49:28.724+0800: 138327.720: [GC (Allocation Failure) 2018-04-14T15:49:28.724+0800: 138327.720: [ParNew: 11835436K->66725K(13212096K), 0.5945379 secs] 69586134K->57826697K(187275712K), 0.5949584 secs] [Times: user=4.41 sys=0.30, real=0.59 secs] 
2018-04-14T15:49:41.915+0800: 138340.911: [GC (Allocation Failure) 2018-04-14T15:49:41.915+0800: 138340.911: [ParNew: 11810853K->69864K(13212096K), 0.6425808 secs] 69570825K->57842891K(187275712K), 0.6429954 secs] [Times: user=4.45 sys=0.64, real=0.64 secs] 
2018-04-14T15:49:52.674+0800: 138351.670: [GC (Allocation Failure) 2018-04-14T15:49:52.674+0800: 138351.670: [ParNew: 11813992K->58047K(13212096K), 0.5142019 secs] 69587019K->57842960K(187275712K), 0.5146359 secs] [Times: user=3.82 sys=0.24, real=0.51 secs] 
2018-04-14T15:50:06.542+0800: 138365.538: [GC (Allocation Failure) 2018-04-14T15:50:06.542+0800: 138365.538: [ParNew: 11802175K->41366K(13212096K), 0.6048963 secs] 69587088K->57830953K(187275712K), 0.6053308 secs] [Times: user=3.70 sys=1.07, real=0.60 secs] 
2018-04-14T15:50:19.025+0800: 138378.021: [GC (Allocation Failure) 2018-04-14T15:50:19.026+0800: 138378.022: [ParNew: 11785494K->45146K(13212096K), 0.5115598 secs] 69575081K->57835936K(187275712K), 0.5119761 secs] [Times: user=3.85 sys=0.21, real=0.51 secs] 
2018-04-14T15:50:33.283+0800: 138392.279: [GC (Allocation Failure) 2018-04-14T15:50:33.283+0800: 138392.279: [ParNew: 11789274K->53253K(13212096K), 0.4948266 secs] 69580064K->57844922K(187275712K), 0.4952464 secs] [Times: user=3.56 sys=0.38, real=0.49 secs] 
2018-04-14T15:50:41.601+0800: 138400.597: [GC (Allocation Failure) 2018-04-14T15:50:41.601+0800: 138400.597: [ParNew: 11797381K->46475K(13212096K), 0.4657740 secs] 69589050K->57839039K(187275712K), 0.4661936 secs] [Times: user=3.40 sys=0.31, real=0.47 secs] 
2018-04-14T15:50:46.732+0800: 138405.728: [GC (Allocation Failure) 2018-04-14T15:50:46.732+0800: 138405.728: [ParNew: 11790603K->54707K(13212096K), 0.5526837 secs] 69583167K->57849576K(187275712K), 0.5531009 secs] [Times: user=4.01 sys=0.38, real=0.55 secs] 
2018-04-14T15:50:51.754+0800: 138410.750: [GC (Allocation Failure) 2018-04-14T15:50:51.755+0800: 138410.751: [ParNew: 11798835K->54026K(13212096K), 0.4975135 secs] 69593704K->57850956K(187275712K), 0.4979412 secs] [Times: user=3.59 sys=0.38, real=0.50 secs] 
2018-04-14T15:50:56.987+0800: 138415.983: [GC (Allocation Failure) 2018-04-14T15:50:56.987+0800: 138415.983: [ParNew: 11798154K->48994K(13212096K), 0.4657751 secs] 69595084K->57847692K(187275712K), 0.4661848 secs] [Times: user=3.55 sys=0.16, real=0.47 secs] 
2018-04-14T15:51:02.366+0800: 138421.362: [GC (Allocation Failure) 2018-04-14T15:51:02.366+0800: 138421.362: [ParNew: 11793122K->50768K(13212096K), 0.4745176 secs] 69591820K->57851609K(187275712K), 0.4749342 secs] [Times: user=3.48 sys=0.30, real=0.47 secs] 
2018-04-14T15:51:09.704+0800: 138428.700: [GC (Allocation Failure) 2018-04-14T15:51:09.704+0800: 138428.700: [ParNew: 11794896K->47005K(13212096K), 0.4940976 secs] 69595737K->57850441K(187275712K), 0.4945097 secs] [Times: user=3.77 sys=0.15, real=0.49 secs] 
2018-04-14T15:51:19.029+0800: 138438.025: [GC (Allocation Failure) 2018-04-14T15:51:19.029+0800: 138438.025: [ParNew: 11791133K->35508K(13212096K), 0.5113644 secs] 69594569K->57843957K(187275712K), 0.5117857 secs] [Times: user=3.83 sys=0.24, real=0.51 secs] 
2018-04-14T15:51:43.942+0800: 138462.938: [GC (Allocation Failure) 2018-04-14T15:51:43.942+0800: 138462.938: [ParNew: 11779636K->30806K(13212096K), 0.6385701 secs] 69588085K->57840189K(187275712K), 0.6389875 secs] [Times: user=3.54 sys=1.49, real=0.63 secs] 
2018-04-14T15:52:13.553+0800: 138492.549: [GC (Allocation Failure) 2018-04-14T15:52:13.553+0800: 138492.549: [ParNew: 11774934K->77334K(13212096K), 0.5056296 secs] 69584317K->57887052K(187275712K), 0.5060514 secs] [Times: user=3.67 sys=0.35, real=0.50 secs] 
2018-04-14T15:52:25.901+0800: 138504.897: [GC (Allocation Failure) 2018-04-14T15:52:25.901+0800: 138504.897: [ParNew: 11821462K->101802K(13212096K), 0.5902687 secs] 69631180K->57912145K(187275712K), 0.5906966 secs] [Times: user=4.19 sys=0.51, real=0.60 secs] 
2018-04-14T15:52:35.179+0800: 138514.175: [GC (Allocation Failure) 2018-04-14T15:52:35.179+0800: 138514.175: [ParNew: 11845930K->124545K(13212096K), 0.5241444 secs] 69656273K->57935279K(187275712K), 0.5245580 secs] [Times: user=4.08 sys=0.10, real=0.53 secs] 
2018-04-14T15:52:46.682+0800: 138525.678: [GC (Allocation Failure) 2018-04-14T15:52:46.682+0800: 138525.678: [ParNew: 11868673K->132996K(13212096K), 0.6196163 secs] 69679407K->57945337K(187275712K), 0.6200643 secs] [Times: user=3.73 sys=1.19, real=0.62 secs] 
2018-04-14T15:53:06.928+0800: 138545.924: [GC (Allocation Failure) 2018-04-14T15:53:06.929+0800: 138545.925: [ParNew: 11877124K->134652K(13212096K), 0.5646825 secs] 69689465K->57947435K(187275712K), 0.5650954 secs] [Times: user=3.98 sys=0.51, real=0.57 secs] 
2018-04-14T15:53:33.728+0800: 138572.724: [GC (Allocation Failure) 2018-04-14T15:53:33.728+0800: 138572.724: [ParNew: 11878780K->97411K(13212096K), 0.5808090 secs] 69691563K->57913494K(187275712K), 0.5812242 secs] [Times: user=4.04 sys=0.58, real=0.58 secs] 
2018-04-14T15:53:49.101+0800: 138588.097: [GC (Allocation Failure) 2018-04-14T15:53:49.102+0800: 138588.098: [ParNew: 11841539K->125910K(13212096K), 0.6320963 secs] 69657622K->57950940K(187275712K), 0.6325355 secs] [Times: user=3.99 sys=1.00, real=0.63 secs] 
2018-04-14T15:54:05.649+0800: 138604.646: [GC (Allocation Failure) 2018-04-14T15:54:05.650+0800: 138604.646: [ParNew: 11870038K->131362K(13212096K), 0.5584365 secs] 69695068K->57958902K(187275712K), 0.5588473 secs] [Times: user=4.02 sys=0.42, real=0.56 secs] 
2018-04-14T15:54:15.733+0800: 138614.729: [GC (Allocation Failure) 2018-04-14T15:54:15.733+0800: 138614.730: [ParNew: 11875490K->143769K(13212096K), 0.5094405 secs] 69703030K->57972377K(187275712K), 0.5098441 secs] [Times: user=3.87 sys=0.18, real=0.51 secs] 
2018-04-14T15:54:33.465+0800: 138632.461: [GC (Allocation Failure) 2018-04-14T15:54:33.465+0800: 138632.462: [ParNew: 11887897K->96805K(13212096K), 0.5373858 secs] 69716505K->57929971K(187275712K), 0.5378072 secs] [Times: user=4.01 sys=0.27, real=0.54 secs] 
2018-04-14T15:54:46.567+0800: 138645.563: [GC (Allocation Failure) 2018-04-14T15:54:46.567+0800: 138645.563: [ParNew: 11840933K->119445K(13212096K), 0.6308771 secs] 69674099K->57957780K(187275712K), 0.6313132 secs] [Times: user=4.06 sys=0.94, real=0.63 secs] 
2018-04-14T15:55:05.788+0800: 138664.784: [GC (Allocation Failure) 2018-04-14T15:55:05.788+0800: 138664.784: [ParNew: 11863573K->120919K(13212096K), 0.6139741 secs] 69701908K->57964430K(187275712K), 0.6143954 secs] [Times: user=4.11 sys=0.77, real=0.62 secs] 
2018-04-14T15:55:40.370+0800: 138699.366: [GC (Allocation Failure) 2018-04-14T15:55:40.370+0800: 138699.366: [ParNew: 11865047K->147457K(13212096K), 0.6858964 secs] 69708558K->57993384K(187275712K), 0.6863329 secs] [Times: user=4.35 sys=1.07, real=0.69 secs] 
2018-04-14T15:55:56.735+0800: 138715.731: [GC (Allocation Failure) 2018-04-14T15:55:56.736+0800: 138715.732: [ParNew: 11891585K->130195K(13212096K), 0.5574657 secs] 69737512K->57978519K(187275712K), 0.5579032 secs] [Times: user=4.34 sys=0.08, real=0.56 secs] 
2018-04-14T15:56:23.593+0800: 138742.589: [GC (Allocation Failure) 2018-04-14T15:56:23.593+0800: 138742.589: [ParNew: 11874323K->154013K(13212096K), 0.5903214 secs] 69722647K->58003425K(187275712K), 0.5907368 secs] [Times: user=4.29 sys=0.38, real=0.59 secs] 
2018-04-14T15:56:56.229+0800: 138775.225: [GC (Allocation Failure) 2018-04-14T15:56:56.229+0800: 138775.225: [ParNew: 11898141K->130224K(13212096K), 0.7427543 secs] 69747553K->57982981K(187275712K), 0.7432332 secs] [Times: user=4.28 sys=1.51, real=0.75 secs] 
2018-04-14T15:57:28.220+0800: 138807.216: [GC (Allocation Failure) 2018-04-14T15:57:28.220+0800: 138807.216: [ParNew: 11874352K->169071K(13212096K), 0.6394589 secs] 69727109K->58024997K(187275712K), 0.6398788 secs] [Times: user=4.51 sys=0.55, real=0.64 secs] 
2018-04-14T15:58:06.625+0800: 138845.621: [GC (Allocation Failure) 2018-04-14T15:58:06.625+0800: 138845.621: [ParNew: 11913199K->183988K(13212096K), 0.7851886 secs] 69769125K->58044279K(187275712K), 0.7856098 secs] [Times: user=5.49 sys=0.74, real=0.78 secs] 
2018-04-14T15:59:56.403+0800: 138955.399: [GC (Allocation Failure) 2018-04-14T15:59:56.403+0800: 138955.399: [ParNew: 11928116K->143202K(13212096K), 1.0547083 secs] 69788407K->58012508K(187275712K), 1.0551424 secs] [Times: user=5.13 sys=3.19, real=1.05 secs] 
2018-04-14T16:00:40.418+0800: 138999.414: [GC (Allocation Failure) 2018-04-14T16:00:40.418+0800: 138999.414: [ParNew: 11887330K->137413K(13212096K), 0.6304013 secs] 69756636K->58013573K(187275712K), 0.6308366 secs] [Times: user=4.43 sys=0.55, real=0.63 secs] 
2018-04-14T16:00:52.074+0800: 139011.070: [GC (Allocation Failure) 2018-04-14T16:00:52.074+0800: 139011.070: [ParNew: 11881541K->144736K(13212096K), 0.5594835 secs] 69757701K->58029732K(187275712K), 0.5599083 secs] [Times: user=3.48 sys=0.94, real=0.56 secs] 
2018-04-14T16:01:02.009+0800: 139021.005: [GC (Allocation Failure) 2018-04-14T16:01:02.009+0800: 139021.005: [ParNew: 11888864K->147424K(13212096K), 0.6048070 secs] 69773860K->58045793K(187275712K), 0.6052305 secs] [Times: user=4.27 sys=0.52, real=0.61 secs] 
2018-04-14T16:01:11.824+0800: 139030.820: [GC (Allocation Failure) 2018-04-14T16:01:11.824+0800: 139030.820: [ParNew: 11891552K->150341K(13212096K), 0.5410894 secs] 69789921K->58060857K(187275712K), 0.5415201 secs] [Times: user=4.04 sys=0.24, real=0.54 secs] 
2018-04-14T16:01:22.247+0800: 139041.243: [GC (Allocation Failure) 2018-04-14T16:01:22.248+0800: 139041.244: [ParNew: 11894469K->180268K(13212096K), 0.5561183 secs] 69804985K->58102627K(187275712K), 0.5565441 secs] [Times: user=4.13 sys=0.28, real=0.56 secs] 
2018-04-14T16:01:29.687+0800: 139048.683: [GC (Allocation Failure) 2018-04-14T16:01:29.688+0800: 139048.684: [ParNew: 11924396K->179626K(13212096K), 0.6647920 secs] 69846755K->58125217K(187275712K), 0.6652220 secs] [Times: user=3.90 sys=1.32, real=0.67 secs] 
2018-04-14T16:01:35.800+0800: 139054.796: [GC (Allocation Failure) 2018-04-14T16:01:35.800+0800: 139054.796: [ParNew: 11923754K->127660K(13212096K), 0.5087141 secs] 69869345K->58078907K(187275712K), 0.5091314 secs] [Times: user=4.03 sys=0.00, real=0.51 secs] 
2018-04-14T16:01:42.947+0800: 139061.943: [GC (Allocation Failure) 2018-04-14T16:01:42.947+0800: 139061.943: [ParNew: 11871788K->105687K(13212096K), 0.5444395 secs] 69823035K->58061960K(187275712K), 0.5448565 secs] [Times: user=4.08 sys=0.23, real=0.55 secs] 
2018-04-14T16:01:54.891+0800: 139073.887: [GC (Allocation Failure) 2018-04-14T16:01:54.892+0800: 139073.888: [ParNew: 11849815K->57652K(13212096K), 0.5123335 secs] 69806088K->58015552K(187275712K), 0.5127479 secs] [Times: user=3.78 sys=0.30, real=0.51 secs] 
2018-04-14T16:02:12.588+0800: 139091.584: [GC (Allocation Failure) 2018-04-14T16:02:12.588+0800: 139091.584: [ParNew: 11801780K->67747K(13212096K), 0.6807790 secs] 69759680K->58029317K(187275712K), 0.6812068 secs] [Times: user=4.05 sys=1.35, real=0.68 secs] 
2018-04-14T16:02:19.465+0800: 139098.461: [GC (Allocation Failure) 2018-04-14T16:02:19.465+0800: 139098.461: [ParNew: 11811875K->100327K(13212096K), 0.4794631 secs] 69773445K->58062560K(187275712K), 0.4798813 secs] [Times: user=3.81 sys=0.00, real=0.48 secs] 
2018-04-14T16:02:28.198+0800: 139107.194: [GC (Allocation Failure) 2018-04-14T16:02:28.199+0800: 139107.195: [ParNew: 11844455K->111988K(13212096K), 0.5290748 secs] 69806688K->58075247K(187275712K), 0.5294856 secs] [Times: user=3.94 sys=0.26, real=0.53 secs] 
2018-04-14T16:02:39.775+0800: 139118.771: [GC (Allocation Failure) 2018-04-14T16:02:39.776+0800: 139118.772: [ParNew: 11856116K->103355K(13212096K), 0.5237438 secs] 69819375K->58067694K(187275712K), 0.5241559 secs] [Times: user=3.82 sys=0.33, real=0.52 secs] 
2018-04-14T16:03:58.085+0800: 139197.081: [GC (Allocation Failure) 2018-04-14T16:03:58.085+0800: 139197.081: [ParNew: 11847483K->91369K(13212096K), 0.9109549 secs] 69811822K->58056301K(187275712K), 0.9113847 secs] [Times: user=5.10 sys=2.12, real=0.91 secs] 
2018-04-14T16:04:39.547+0800: 139238.543: [GC (Allocation Failure) 2018-04-14T16:04:39.547+0800: 139238.543: [ParNew: 11835497K->72163K(13212096K), 0.5778027 secs] 69800429K->58038022K(187275712K), 0.5782316 secs] [Times: user=4.16 sys=0.43, real=0.58 secs] 
2018-04-14T16:04:58.584+0800: 139257.580: [GC (Allocation Failure) 2018-04-14T16:04:58.584+0800: 139257.580: [ParNew: 11816291K->63918K(13212096K), 0.5933732 secs] 69782150K->58033298K(187275712K), 0.5938097 secs] [Times: user=3.51 sys=1.21, real=0.59 secs] 
2018-04-14T16:05:32.729+0800: 139291.725: [GC (Allocation Failure) 2018-04-14T16:05:32.730+0800: 139291.726: [ParNew: 11808046K->70716K(13212096K), 0.6194652 secs] 69777426K->58040934K(187275712K), 0.6198862 secs] [Times: user=4.26 sys=0.88, real=0.62 secs] 
2018-04-14T16:05:52.967+0800: 139311.963: [GC (Allocation Failure) 2018-04-14T16:05:52.967+0800: 139311.963: [ParNew: 11814844K->85235K(13212096K), 0.6490730 secs] 69785062K->58056375K(187275712K), 0.6495197 secs] [Times: user=3.61 sys=1.53, real=0.65 secs] 
2018-04-14T16:06:05.476+0800: 139324.472: [GC (Allocation Failure) 2018-04-14T16:06:05.476+0800: 139324.472: [ParNew: 11829363K->129871K(13212096K), 0.5759901 secs] 69800503K->58102428K(187275712K), 0.5764219 secs] [Times: user=4.51 sys=0.05, real=0.58 secs] 
2018-04-14T16:06:17.411+0800: 139336.407: [GC (Allocation Failure) 2018-04-14T16:06:17.412+0800: 139336.408: [ParNew: 11873955K->169758K(13212096K), 0.5567271 secs] 69846513K->58147446K(187275712K), 0.5571558 secs] [Times: user=4.20 sys=0.22, real=0.55 secs] 
2018-04-14T16:06:32.076+0800: 139351.072: [GC (Allocation Failure) 2018-04-14T16:06:32.076+0800: 139351.072: [ParNew: 11913886K->128059K(13212096K), 0.5102102 secs] 69891574K->58113694K(187275712K), 0.5106367 secs] [Times: user=3.88 sys=0.16, real=0.51 secs] 
2018-04-14T16:06:55.615+0800: 139374.611: [GC (Allocation Failure) 2018-04-14T16:06:55.615+0800: 139374.611: [ParNew: 11872187K->91658K(13212096K), 0.6521999 secs] 69857822K->58078632K(187275712K), 0.6526379 secs] [Times: user=3.99 sys=1.18, real=0.65 secs] 
2018-04-14T16:07:06.518+0800: 139385.514: [GC (Allocation Failure) 2018-04-14T16:07:06.518+0800: 139385.514: [ParNew: 11835786K->102838K(13212096K), 0.5920313 secs] 69822760K->58096324K(187275712K), 0.5924499 secs] [Times: user=4.11 sys=0.60, real=0.59 secs] 
2018-04-14T16:07:15.414+0800: 139394.410: [GC (Allocation Failure) 2018-04-14T16:07:15.414+0800: 139394.410: [ParNew: 11846966K->87816K(13212096K), 0.5294207 secs] 69840452K->58089803K(187275712K), 0.5297744 secs] [Times: user=3.95 sys=0.25, real=0.53 secs] 
2018-04-14T16:07:25.902+0800: 139404.898: [GC (Allocation Failure) 2018-04-14T16:07:25.902+0800: 139404.898: [ParNew: 11831944K->57633K(13212096K), 0.4837398 secs] 69833931K->58063473K(187275712K), 0.4840836 secs] [Times: user=3.76 sys=0.09, real=0.48 secs] 
2018-04-14T16:07:45.147+0800: 139424.143: [GC (Allocation Failure) 2018-04-14T16:07:45.147+0800: 139424.143: [ParNew: 11801761K->56064K(13212096K), 0.6285745 secs] 69807601K->58065124K(187275712K), 0.6290000 secs] [Times: user=3.51 sys=1.46, real=0.63 secs] 
2018-04-14T16:07:56.272+0800: 139435.269: [GC (Allocation Failure) 2018-04-14T16:07:56.273+0800: 139435.269: [ParNew: 11800192K->51927K(13212096K), 0.4876666 secs] 69809252K->58064279K(187275712K), 0.4880833 secs] [Times: user=3.41 sys=0.46, real=0.48 secs] 
2018-04-14T16:08:10.568+0800: 139449.564: [GC (Allocation Failure) 2018-04-14T16:08:10.568+0800: 139449.564: [ParNew: 11796055K->44954K(13212096K), 0.4920245 secs] 69808407K->58061437K(187275712K), 0.4924512 secs] [Times: user=3.51 sys=0.40, real=0.49 secs] 
2018-04-14T16:08:30.741+0800: 139469.737: [GC (Allocation Failure) 2018-04-14T16:08:30.742+0800: 139469.738: [ParNew: 11789082K->45308K(13212096K), 0.6620830 secs] 69805565K->58063604K(187275712K), 0.6625358 secs] [Times: user=3.64 sys=1.60, real=0.66 secs] 
2018-04-14T16:08:56.707+0800: 139495.703: [GC (Allocation Failure) 2018-04-14T16:08:56.708+0800: 139495.704: [ParNew: 11789436K->55454K(13212096K), 0.6518249 secs] 69807732K->58078001K(187275712K), 0.6522402 secs] [Times: user=4.25 sys=0.92, real=0.65 secs] 
2018-04-14T16:09:10.104+0800: 139509.100: [GC (Allocation Failure) 2018-04-14T16:09:10.104+0800: 139509.100: [ParNew: 11799582K->59846K(13212096K), 0.5441189 secs] 69822129K->58082962K(187275712K), 0.5445244 secs] [Times: user=3.80 sys=0.51, real=0.54 secs] 
2018-04-14T16:09:26.443+0800: 139525.439: [GC (Allocation Failure) 2018-04-14T16:09:26.443+0800: 139525.439: [ParNew: 11803974K->68467K(13212096K), 0.6555515 secs] 69827090K->58092669K(187275712K), 0.6559753 secs] [Times: user=3.95 sys=1.22, real=0.65 secs] 
2018-04-14T16:10:29.475+0800: 139588.471: [GC (Allocation Failure) 2018-04-14T16:10:29.475+0800: 139588.471: [ParNew: 11812595K->57122K(13212096K), 0.8071042 secs] 69836797K->58081720K(187275712K), 0.8075287 secs] [Times: user=4.99 sys=1.42, real=0.81 secs] 
2018-04-14T16:10:41.918+0800: 139600.914: [GC (Allocation Failure) 2018-04-14T16:10:41.918+0800: 139600.914: [ParNew: 11801250K->60278K(13212096K), 0.4969789 secs] 69825848K->58085727K(187275712K), 0.4974015 secs] [Times: user=3.78 sys=0.17, real=0.50 secs] 
2018-04-14T16:10:50.168+0800: 139609.164: [GC (Allocation Failure) 2018-04-14T16:10:50.169+0800: 139609.165: [ParNew: 11804406K->56066K(13212096K), 0.6251106 secs] 69829855K->58082737K(187275712K), 0.6255316 secs] [Times: user=3.26 sys=1.68, real=0.63 secs] 
2018-04-14T16:10:58.778+0800: 139617.774: [GC (Allocation Failure) 2018-04-14T16:10:58.778+0800: 139617.774: [ParNew: 11800194K->46810K(13212096K), 0.4570789 secs] 69826865K->58077935K(187275712K), 0.4574887 secs] [Times: user=3.63 sys=0.00, real=0.46 secs] 
2018-04-14T16:11:06.879+0800: 139625.875: [GC (Allocation Failure) 2018-04-14T16:11:06.879+0800: 139625.875: [ParNew: 11790938K->52090K(13212096K), 0.5096077 secs] 69822063K->58086136K(187275712K), 0.5100316 secs] [Times: user=3.82 sys=0.25, real=0.51 secs] 
2018-04-14T16:11:19.767+0800: 139638.763: [GC (Allocation Failure) 2018-04-14T16:11:19.767+0800: 139638.763: [ParNew: 11796218K->40857K(13212096K), 0.5444863 secs] 69830264K->58077591K(187275712K), 0.5449064 secs] [Times: user=3.87 sys=0.45, real=0.55 secs] 
2018-04-14T16:12:05.237+0800: 139684.233: [GC (Allocation Failure) 2018-04-14T16:12:05.237+0800: 139684.233: [ParNew: 11784985K->40841K(13212096K), 0.6616442 secs] 69821719K->58082292K(187275712K), 0.6620643 secs] [Times: user=3.93 sys=1.30, real=0.66 secs] 
2018-04-14T16:13:21.662+0800: 139760.658: [GC (Allocation Failure) 2018-04-14T16:13:21.662+0800: 139760.658: [ParNew: 11784969K->55265K(13212096K), 0.7360863 secs] 69826420K->58097223K(187275712K), 0.7365023 secs] [Times: user=4.58 sys=1.28, real=0.73 secs] 
2018-04-14T16:13:41.880+0800: 139780.876: [GC (Allocation Failure) 2018-04-14T16:13:41.880+0800: 139780.876: [ParNew: 11799393K->65227K(13212096K), 0.5221795 secs] 69841351K->58107741K(187275712K), 0.5226042 secs] [Times: user=3.83 sys=0.31, real=0.53 secs] 
2018-04-14T16:13:54.059+0800: 139793.055: [GC (Allocation Failure) 2018-04-14T16:13:54.059+0800: 139793.055: [ParNew: 11809355K->61982K(13212096K), 0.6416945 secs] 69851869K->58105048K(187275712K), 0.6421303 secs] [Times: user=3.72 sys=1.37, real=0.64 secs] 
2018-04-14T16:14:05.177+0800: 139804.173: [GC (Allocation Failure) 2018-04-14T16:14:05.177+0800: 139804.173: [ParNew: 11806110K->80858K(13212096K), 0.5572490 secs] 69849176K->58124167K(187275712K), 0.5576659 secs] [Times: user=4.18 sys=0.25, real=0.56 secs] 
2018-04-14T16:14:34.102+0800: 139833.098: [GC (Allocation Failure) 2018-04-14T16:14:34.102+0800: 139833.098: [ParNew: 11824986K->86773K(13212096K), 0.5669978 secs] 69868295K->58130461K(187275712K), 0.5674200 secs] [Times: user=3.98 sys=0.51, real=0.56 secs] 
2018-04-14T16:14:53.085+0800: 139852.081: [GC (Allocation Failure) 2018-04-14T16:14:53.085+0800: 139852.081: [ParNew: 11830901K->75872K(13212096K), 0.5739273 secs] 69874589K->58123792K(187275712K), 0.5743742 secs] [Times: user=4.19 sys=0.36, real=0.57 secs] 
2018-04-14T16:15:03.999+0800: 139862.995: [GC (Allocation Failure) 2018-04-14T16:15:03.999+0800: 139862.995: [ParNew: 11820000K->88253K(13212096K), 0.6003864 secs] 69867920K->58146598K(187275712K), 0.6007967 secs] [Times: user=3.62 sys=1.12, real=0.60 secs] 
2018-04-14T16:15:14.767+0800: 139873.763: [GC (Allocation Failure) 2018-04-14T16:15:14.767+0800: 139873.763: [ParNew: 11832381K->88799K(13212096K), 0.4982558 secs] 69890726K->58150818K(187275712K), 0.4986794 secs] [Times: user=3.72 sys=0.23, real=0.50 secs] 
2018-04-14T16:15:42.111+0800: 139901.108: [GC (Allocation Failure) 2018-04-14T16:15:42.112+0800: 139901.108: [ParNew: 11832927K->116222K(13212096K), 0.5430224 secs] 69894946K->58179326K(187275712K), 0.5434464 secs] [Times: user=3.78 sys=0.49, real=0.54 secs] 
2018-04-14T16:16:26.046+0800: 139945.042: [GC (Allocation Failure) 2018-04-14T16:16:26.046+0800: 139945.042: [ParNew: 11860350K->97467K(13212096K), 0.7312612 secs] 69923454K->58162324K(187275712K), 0.7317010 secs] [Times: user=4.30 sys=1.49, real=0.73 secs] 
2018-04-14T16:16:52.055+0800: 139971.051: [GC (Allocation Failure) 2018-04-14T16:16:52.055+0800: 139971.051: [ParNew: 11841595K->97992K(13212096K), 0.5835616 secs] 69906452K->58167377K(187275712K), 0.5839789 secs] [Times: user=4.26 sys=0.38, real=0.58 secs] 
2018-04-14T16:17:28.143+0800: 140007.139: [GC (Allocation Failure) 2018-04-14T16:17:28.144+0800: 140007.140: [ParNew: 11842120K->102275K(13212096K), 0.6537744 secs] 69911505K->58175797K(187275712K), 0.6542096 secs] [Times: user=3.80 sys=1.37, real=0.65 secs] 
2018-04-14T16:18:51.542+0800: 140090.538: [GC (Allocation Failure) 2018-04-14T16:18:51.542+0800: 140090.539: [ParNew: 11846403K->97723K(13212096K), 0.7120467 secs] 69919925K->58174012K(187275712K), 0.7124754 secs] [Times: user=4.57 sys=1.09, real=0.71 secs] 
2018-04-14T16:19:36.070+0800: 140135.066: [GC (Allocation Failure) 2018-04-14T16:19:36.070+0800: 140135.066: [ParNew: 11841851K->93259K(13212096K), 0.6971036 secs] 69918140K->58172860K(187275712K), 0.6975344 secs] [Times: user=3.97 sys=1.54, real=0.70 secs] 
2018-04-14T16:19:56.098+0800: 140155.094: [GC (Allocation Failure) 2018-04-14T16:19:56.098+0800: 140155.094: [ParNew: 11837387K->79050K(13212096K), 0.5017677 secs] 69916988K->58165816K(187275712K), 0.5021984 secs] [Times: user=3.39 sys=0.58, real=0.50 secs] 
2018-04-14T16:20:32.423+0800: 140191.419: [GC (Allocation Failure) 2018-04-14T16:20:32.423+0800: 140191.419: [ParNew: 11823178K->74277K(13212096K), 0.6426657 secs] 69909944K->58164306K(187275712K), 0.6430973 secs] [Times: user=3.59 sys=1.49, real=0.64 secs] 
2018-04-14T16:21:41.329+0800: 140260.325: [GC (Allocation Failure) 2018-04-14T16:21:41.329+0800: 140260.325: [ParNew: 11818405K->74541K(13212096K), 0.7612659 secs] 69908434K->58167296K(187275712K), 0.7616900 secs] [Times: user=5.04 sys=1.01, real=0.76 secs] 
2018-04-14T16:22:07.529+0800: 140286.525: [GC (Allocation Failure) 2018-04-14T16:22:07.529+0800: 140286.525: [ParNew: 11818669K->59523K(13212096K), 0.6527621 secs] 69911424K->58161604K(187275712K), 0.6531881 secs] [Times: user=4.02 sys=1.13, real=0.66 secs] 
2018-04-14T16:22:31.172+0800: 140310.168: [GC (Allocation Failure) 2018-04-14T16:22:31.172+0800: 140310.168: [ParNew: 11803651K->55364K(13212096K), 0.5735283 secs] 69905732K->58167791K(187275712K), 0.5739515 secs] [Times: user=3.86 sys=0.68, real=0.57 secs] 
2018-04-14T16:22:47.782+0800: 140326.778: [GC (Allocation Failure) 2018-04-14T16:22:47.782+0800: 140326.778: [ParNew: 11799492K->46130K(13212096K), 0.5327476 secs] 69911919K->58161172K(187275712K), 0.5331650 secs] [Times: user=3.99 sys=0.24, real=0.53 secs] 
2018-04-14T16:22:58.411+0800: 140337.407: [GC (Allocation Failure) 2018-04-14T16:22:58.412+0800: 140337.408: [ParNew: 11790258K->53640K(13212096K), 0.6086149 secs] 69905300K->58169214K(187275712K), 0.6090521 secs] [Times: user=3.86 sys=0.97, real=0.60 secs] 
2018-04-14T16:23:07.159+0800: 140346.155: [GC (Allocation Failure) 2018-04-14T16:23:07.159+0800: 140346.155: [ParNew: 11797768K->55902K(13212096K), 0.5113879 secs] 69913342K->58172964K(187275712K), 0.5118134 secs] [Times: user=3.87 sys=0.19, real=0.51 secs] 
2018-04-14T16:23:20.006+0800: 140359.002: [GC (Allocation Failure) 2018-04-14T16:23:20.006+0800: 140359.002: [ParNew: 11800030K->54593K(13212096K), 0.4921233 secs] 69917092K->58177810K(187275712K), 0.4925544 secs] [Times: user=3.59 sys=0.31, real=0.49 secs] 
2018-04-14T16:23:46.089+0800: 140385.085: [GC (Allocation Failure) 2018-04-14T16:23:46.089+0800: 140385.085: [ParNew: 11798721K->45451K(13212096K), 0.6686184 secs] 69921938K->58170232K(187275712K), 0.6690511 secs] [Times: user=3.35 sys=1.93, real=0.67 secs] 
2018-04-14T16:24:12.636+0800: 140411.632: [GC (Allocation Failure) 2018-04-14T16:24:12.636+0800: 140411.632: [ParNew: 11789579K->46411K(13212096K), 0.5142517 secs] 69914360K->58172534K(187275712K), 0.5146779 secs] [Times: user=3.83 sys=0.26, real=0.51 secs] 
2018-04-14T16:24:30.110+0800: 140429.106: [GC (Allocation Failure) 2018-04-14T16:24:30.111+0800: 140429.107: [ParNew: 11790539K->48658K(13212096K), 0.4912856 secs] 69916662K->58176702K(187275712K), 0.4917080 secs] [Times: user=3.39 sys=0.51, real=0.50 secs] 
2018-04-14T16:24:41.326+0800: 140440.322: [GC (Allocation Failure) 2018-04-14T16:24:41.326+0800: 140440.322: [ParNew: 11792786K->47877K(13212096K), 0.4777841 secs] 69920830K->58177538K(187275712K), 0.4782003 secs] [Times: user=3.50 sys=0.28, real=0.48 secs] 
2018-04-14T16:24:59.753+0800: 140458.749: [GC (Allocation Failure) 2018-04-14T16:24:59.753+0800: 140458.749: [ParNew: 11792005K->54341K(13212096K), 0.6581220 secs] 69921666K->58186190K(187275712K), 0.6585562 secs] [Times: user=3.79 sys=1.42, real=0.66 secs] 
2018-04-14T16:25:20.110+0800: 140479.106: [GC (Allocation Failure) 2018-04-14T16:25:20.110+0800: 140479.106: [ParNew: 11798469K->49127K(13212096K), 0.5461762 secs] 69930318K->58182153K(187275712K), 0.5465992 secs] [Times: user=3.78 sys=0.57, real=0.55 secs] 
2018-04-14T16:25:44.351+0800: 140503.347: [GC (Allocation Failure) 2018-04-14T16:25:44.352+0800: 140503.348: [ParNew: 11793255K->55198K(13212096K), 0.5936006 secs] 69926281K->58189690K(187275712K), 0.5940299 secs] [Times: user=4.19 sys=0.52, real=0.59 secs] 
2018-04-14T16:26:29.278+0800: 140548.274: [GC (Allocation Failure) 2018-04-14T16:26:29.278+0800: 140548.274: [ParNew: 11799326K->60869K(13212096K), 0.6666275 secs] 69933818K->58197310K(187275712K), 0.6670585 secs] [Times: user=4.25 sys=1.05, real=0.67 secs] 
2018-04-14T16:26:50.981+0800: 140569.977: [GC (Allocation Failure) 2018-04-14T16:26:50.982+0800: 140569.978: [ParNew: 11804997K->101652K(13212096K), 0.5980893 secs] 69941438K->58239312K(187275712K), 0.5985084 secs] [Times: user=4.26 sys=0.49, real=0.59 secs] 
2018-04-14T16:27:05.119+0800: 140584.115: [GC (Allocation Failure) 2018-04-14T16:27:05.119+0800: 140584.115: [ParNew: 11845780K->124894K(13212096K), 0.6619205 secs] 69983440K->58264656K(187275712K), 0.6623453 secs] [Times: user=3.60 sys=1.62, real=0.66 secs] 
2018-04-14T16:27:27.207+0800: 140606.203: [GC (Allocation Failure) 2018-04-14T16:27:27.208+0800: 140606.204: [ParNew: 11869022K->125891K(13212096K), 0.6479079 secs] 70008784K->58267546K(187275712K), 0.6483389 secs] [Times: user=4.45 sys=0.67, real=0.65 secs] 
2018-04-14T16:27:49.249+0800: 140628.245: [GC (Allocation Failure) 2018-04-14T16:27:49.249+0800: 140628.245: [ParNew: 11870019K->171957K(13212096K), 0.5776019 secs] 70011674K->58315136K(187275712K), 0.5780304 secs] [Times: user=4.02 sys=0.56, real=0.58 secs] 
2018-04-14T16:28:06.930+0800: 140645.926: [GC (Allocation Failure) 2018-04-14T16:28:06.930+0800: 140645.926: [ParNew: 11916085K->151495K(13212096K), 0.6530239 secs] 70059264K->58295979K(187275712K), 0.6534514 secs] [Times: user=3.71 sys=1.46, real=0.66 secs] 
2018-04-14T16:28:26.720+0800: 140665.716: [GC (Allocation Failure) 2018-04-14T16:28:26.720+0800: 140665.716: [ParNew: 11895623K->137913K(13212096K), 0.5281564 secs] 70040107K->58287732K(187275712K), 0.5285960 secs] [Times: user=3.99 sys=0.21, real=0.53 secs] 
2018-04-14T16:28:40.331+0800: 140679.327: [GC (Allocation Failure) 2018-04-14T16:28:40.331+0800: 140679.327: [ParNew: 11882041K->125575K(13212096K), 0.5400063 secs] 70031860K->58288670K(187275712K), 0.5404311 secs] [Times: user=3.97 sys=0.31, real=0.55 secs] 
2018-04-14T16:28:49.816+0800: 140688.812: [GC (Allocation Failure) 2018-04-14T16:28:49.817+0800: 140688.813: [ParNew: 11869703K->126054K(13212096K), 0.5949364 secs] 70032798K->58299056K(187275712K), 0.5953565 secs] [Times: user=4.33 sys=0.39, real=0.60 secs] 
2018-04-14T16:29:03.027+0800: 140702.023: [GC (Allocation Failure) 2018-04-14T16:29:03.027+0800: 140702.023: [ParNew: 11870182K->116952K(13212096K), 0.6248060 secs] 70043184K->58298537K(187275712K), 0.6252348 secs] [Times: user=3.58 sys=1.36, real=0.63 secs] 
2018-04-14T16:29:14.456+0800: 140713.452: [GC (Allocation Failure) 2018-04-14T16:29:14.456+0800: 140713.452: [ParNew: 11861080K->70706K(13212096K), 0.4869671 secs] 70042665K->58255242K(187275712K), 0.4873914 secs] [Times: user=3.87 sys=0.00, real=0.49 secs] 
2018-04-14T16:29:26.399+0800: 140725.395: [GC (Allocation Failure) 2018-04-14T16:29:26.399+0800: 140725.395: [ParNew: 11814834K->59505K(13212096K), 0.6023498 secs] 69999370K->58246601K(187275712K), 0.6027830 secs] [Times: user=4.12 sys=0.67, real=0.61 secs] 
2018-04-14T16:29:37.587+0800: 140736.583: [GC (Allocation Failure) 2018-04-14T16:29:37.587+0800: 140736.583: [ParNew: 11803633K->83364K(13212096K), 0.5399714 secs] 69990729K->58271551K(187275712K), 0.5404005 secs] [Times: user=4.02 sys=0.27, real=0.54 secs] 
2018-04-14T16:29:48.053+0800: 140747.049: [GC (Allocation Failure) 2018-04-14T16:29:48.053+0800: 140747.049: [ParNew: 11827492K->133602K(13212096K), 0.4902241 secs] 70015679K->58323182K(187275712K), 0.4906465 secs] [Times: user=3.88 sys=0.00, real=0.49 secs] 
2018-04-14T16:30:02.101+0800: 140761.097: [GC (Allocation Failure) 2018-04-14T16:30:02.102+0800: 140761.098: [ParNew: 11877730K->180658K(13212096K), 0.6729496 secs] 70067310K->58370986K(187275712K), 0.6733796 secs] [Times: user=3.81 sys=1.50, real=0.67 secs] 
2018-04-14T16:30:17.437+0800: 140776.433: [GC (Allocation Failure) 2018-04-14T16:30:17.437+0800: 140776.433: [ParNew: 11924786K->156972K(13212096K), 0.5997675 secs] 70115114K->58347677K(187275712K), 0.6001995 secs] [Times: user=4.39 sys=0.39, real=0.60 secs] 
2018-04-14T16:30:32.273+0800: 140791.269: [GC (Allocation Failure) 2018-04-14T16:30:32.273+0800: 140791.269: [ParNew: 11901100K->108486K(13212096K), 0.5164552 secs] 70091805K->58299687K(187275712K), 0.5168698 secs] [Times: user=3.82 sys=0.29, real=0.51 secs] 
2018-04-14T16:30:49.538+0800: 140808.534: [GC (Allocation Failure) 2018-04-14T16:30:49.538+0800: 140808.534: [ParNew: 11852614K->111325K(13212096K), 0.6504830 secs] 70043815K->58306593K(187275712K), 0.6509280 secs] [Times: user=4.01 sys=1.15, real=0.65 secs] 
2018-04-14T16:31:14.538+0800: 140833.534: [GC (Allocation Failure) 2018-04-14T16:31:14.538+0800: 140833.535: [ParNew: 11855453K->100228K(13212096K), 0.5566440 secs] 70050721K->58298127K(187275712K), 0.5570628 secs] [Times: user=4.00 sys=0.42, real=0.56 secs] 
2018-04-14T16:31:35.398+0800: 140854.394: [GC (Allocation Failure) 2018-04-14T16:31:35.398+0800: 140854.394: [ParNew: 11844356K->87735K(13212096K), 0.5001342 secs] 70042255K->58288747K(187275712K), 0.5005415 secs] [Times: user=3.46 sys=0.52, real=0.50 secs] 
2018-04-14T16:32:05.429+0800: 140884.426: [GC (Allocation Failure) 2018-04-14T16:32:05.430+0800: 140884.426: [ParNew: 11831863K->118294K(13212096K), 0.6780632 secs] 70032875K->58323471K(187275712K), 0.6785021 secs] [Times: user=4.00 sys=1.37, real=0.68 secs] 
2018-04-14T16:32:44.646+0800: 140923.642: [GC (Allocation Failure) 2018-04-14T16:32:44.646+0800: 140923.642: [ParNew: 11862422K->135365K(13212096K), 0.6901020 secs] 70067599K->58342175K(187275712K), 0.6905334 secs] [Times: user=4.65 sys=0.84, real=0.69 secs] 
2018-04-14T16:34:05.571+0800: 141004.567: [GC (Allocation Failure) 2018-04-14T16:34:05.571+0800: 141004.567: [ParNew: 11879493K->135713K(13212096K), 0.7736088 secs] 70086303K->58344880K(187275712K), 0.7740410 secs] [Times: user=4.58 sys=1.53, real=0.78 secs] 
2018-04-14T16:36:35.540+0800: 141154.536: [GC (Allocation Failure) 2018-04-14T16:36:35.540+0800: 141154.536: [ParNew: 11879841K->127271K(13212096K), 1.0448997 secs] 70089008K->58340446K(187275712K), 1.0453450 secs] [Times: user=5.42 sys=2.82, real=1.05 secs] 
2018-04-14T16:38:38.081+0800: 141277.077: [GC (Allocation Failure) 2018-04-14T16:38:38.082+0800: 141277.078: [ParNew: 11871399K->112281K(13212096K), 0.9519560 secs] 70084574K->58332767K(187275712K), 0.9524013 secs] [Times: user=5.46 sys=2.06, real=0.95 secs] 
2018-04-14T16:39:18.801+0800: 141317.797: [GC (Allocation Failure) 2018-04-14T16:39:18.801+0800: 141317.797: [ParNew: 11856409K->135693K(13212096K), 0.6088180 secs] 70076895K->58361446K(187275712K), 0.6092502 secs] [Times: user=4.15 sys=0.69, real=0.61 secs] 
2018-04-14T16:39:43.777+0800: 141342.773: [GC (Allocation Failure) 2018-04-14T16:39:43.778+0800: 141342.774: [ParNew: 11879821K->144988K(13212096K), 0.5881641 secs] 70105574K->58376083K(187275712K), 0.5885841 secs] [Times: user=4.23 sys=0.45, real=0.59 secs] 
2018-04-14T16:39:59.137+0800: 141358.133: [GC (Allocation Failure) 2018-04-14T16:39:59.137+0800: 141358.133: [ParNew: 11889116K->143804K(13212096K), 0.6097850 secs] 70120211K->58379332K(187275712K), 0.6102361 secs] [Times: user=3.65 sys=1.18, real=0.61 secs] 
2018-04-14T16:40:33.816+0800: 141392.812: [GC (Allocation Failure) 2018-04-14T16:40:33.816+0800: 141392.812: [ParNew: 11887932K->118989K(13212096K), 0.7478984 secs] 70123460K->58365322K(187275712K), 0.7483293 secs] [Times: user=5.01 sys=0.92, real=0.75 secs] 
2018-04-14T16:41:17.007+0800: 141436.003: [GC (Allocation Failure) 2018-04-14T16:41:17.007+0800: 141436.003: [ParNew: 11863117K->112788K(13212096K), 0.6940658 secs] 70109450K->58375148K(187275712K), 0.6945264 secs] [Times: user=4.23 sys=1.25, real=0.70 secs] 
2018-04-14T16:41:38.685+0800: 141457.681: [GC (Allocation Failure) 2018-04-14T16:41:38.685+0800: 141457.681: [ParNew: 11856916K->114181K(13212096K), 0.7007964 secs] 70119276K->58384967K(187275712K), 0.7012199 secs] [Times: user=4.78 sys=0.76, real=0.70 secs] 
2018-04-14T16:41:47.929+0800: 141466.925: [GC (Allocation Failure) 2018-04-14T16:41:47.929+0800: 141466.925: [ParNew: 11858309K->138463K(13212096K), 0.5847300 secs] 70129095K->58412439K(187275712K), 0.5851478 secs] [Times: user=4.14 sys=0.51, real=0.59 secs] 
2018-04-14T16:41:53.962+0800: 141472.958: [GC (Allocation Failure) 2018-04-14T16:41:53.962+0800: 141472.958: [ParNew: 11882591K->151651K(13212096K), 0.4850008 secs] 70156567K->58433341K(187275712K), 0.4854288 secs] [Times: user=3.61 sys=0.24, real=0.48 secs] 
2018-04-14T16:42:00.412+0800: 141479.408: [GC (Allocation Failure) 2018-04-14T16:42:00.413+0800: 141479.409: [ParNew: 11895779K->145683K(13212096K), 0.5018890 secs] 70177469K->58429800K(187275712K), 0.5023079 secs] [Times: user=3.76 sys=0.24, real=0.50 secs] 
2018-04-14T16:42:09.950+0800: 141488.946: [GC (Allocation Failure) 2018-04-14T16:42:09.950+0800: 141488.946: [ParNew: 11889811K->119220K(13212096K), 0.4896047 secs] 70173928K->58406387K(187275712K), 0.4900251 secs] [Times: user=3.45 sys=0.43, real=0.49 secs] 
2018-04-14T16:42:21.660+0800: 141500.656: [GC (Allocation Failure) 2018-04-14T16:42:21.660+0800: 141500.656: [ParNew: 11863348K->125092K(13212096K), 0.5710608 secs] 70150515K->58419417K(187275712K), 0.5714909 secs] [Times: user=4.42 sys=0.10, real=0.58 secs] 
2018-04-14T16:42:34.079+0800: 141513.075: [GC (Allocation Failure) 2018-04-14T16:42:34.079+0800: 141513.075: [ParNew: 11869220K->92473K(13212096K), 0.4878833 secs] 70163545K->58393027K(187275712K), 0.4883150 secs] [Times: user=3.61 sys=0.26, real=0.49 secs] 
2018-04-14T16:42:42.191+0800: 141521.187: [GC (Allocation Failure) 2018-04-14T16:42:42.191+0800: 141521.188: [ParNew: 11836601K->75966K(13212096K), 0.4622439 secs] 70137155K->58379722K(187275712K), 0.4626512 secs] [Times: user=3.67 sys=0.01, real=0.46 secs] 
2018-04-14T16:42:50.443+0800: 141529.439: [GC (Allocation Failure) 2018-04-14T16:42:50.444+0800: 141529.440: [ParNew: 11820094K->69759K(13212096K), 0.6439236 secs] 70123850K->58381405K(187275712K), 0.6443435 secs] [Times: user=3.46 sys=1.61, real=0.64 secs] 
2018-04-14T16:43:00.743+0800: 141539.739: [GC (Allocation Failure) 2018-04-14T16:43:00.743+0800: 141539.739: [ParNew: 11813887K->62160K(13212096K), 0.4789076 secs] 70125533K->58383981K(187275712K), 0.4793187 secs] [Times: user=3.77 sys=0.02, real=0.48 secs] 
2018-04-14T16:43:11.209+0800: 141550.206: [GC (Allocation Failure) 2018-04-14T16:43:11.210+0800: 141550.206: [ParNew: 11806288K->74791K(13212096K), 0.5727336 secs] 70128109K->58399995K(187275712K), 0.5731490 secs] [Times: user=3.92 sys=0.63, real=0.58 secs] 
2018-04-14T16:43:20.659+0800: 141559.655: [GC (Allocation Failure) 2018-04-14T16:43:20.659+0800: 141559.655: [ParNew: 11818919K->82381K(13212096K), 0.5266469 secs] 70144123K->58410644K(187275712K), 0.5270618 secs] [Times: user=3.93 sys=0.26, real=0.53 secs] 
2018-04-14T16:43:31.859+0800: 141570.855: [GC (Allocation Failure) 2018-04-14T16:43:31.860+0800: 141570.856: [ParNew: 11826509K->90176K(13212096K), 0.4754742 secs] 70154772K->58420299K(187275712K), 0.4759126 secs] [Times: user=3.77 sys=0.00, real=0.48 secs] 
2018-04-14T16:43:43.228+0800: 141582.224: [GC (Allocation Failure) 2018-04-14T16:43:43.228+0800: 141582.224: [ParNew: 11834304K->104082K(13212096K), 0.6801207 secs] 70164427K->58435895K(187275712K), 0.6805436 secs] [Times: user=4.00 sys=1.38, real=0.68 secs] 
2018-04-14T16:43:53.533+0800: 141592.529: [GC (Allocation Failure) 2018-04-14T16:43:53.533+0800: 141592.530: [ParNew: 11848210K->107150K(13212096K), 0.4925063 secs] 70180023K->58440369K(187275712K), 0.4929245 secs] [Times: user=3.48 sys=0.44, real=0.49 secs] 
2018-04-14T16:44:03.165+0800: 141602.161: [GC (Allocation Failure) 2018-04-14T16:44:03.165+0800: 141602.161: [ParNew: 11851278K->131161K(13212096K), 0.4986178 secs] 70184497K->58468333K(187275712K), 0.4990210 secs] [Times: user=3.47 sys=0.49, real=0.50 secs] 
2018-04-14T16:44:13.694+0800: 141612.690: [GC (Allocation Failure) 2018-04-14T16:44:13.694+0800: 141612.690: [ParNew: 11875289K->119757K(13212096K), 0.5395657 secs] 70212461K->58459377K(187275712K), 0.5399749 secs] [Times: user=4.06 sys=0.23, real=0.54 secs] 
2018-04-14T16:44:26.033+0800: 141625.029: [GC (Allocation Failure) 2018-04-14T16:44:26.033+0800: 141625.029: [ParNew: 11863885K->137659K(13212096K), 0.6462759 secs] 70203505K->58479692K(187275712K), 0.6467004 secs] [Times: user=3.63 sys=1.46, real=0.64 secs] 
2018-04-14T16:44:35.511+0800: 141634.507: [GC (Allocation Failure) 2018-04-14T16:44:35.511+0800: 141634.508: [ParNew: 11881787K->132188K(13212096K), 0.4738187 secs] 70223820K->58478518K(187275712K), 0.4742240 secs] [Times: user=3.54 sys=0.22, real=0.47 secs] 
2018-04-14T16:44:42.652+0800: 141641.648: [GC (Allocation Failure) 2018-04-14T16:44:42.652+0800: 141641.648: [ParNew: 11876316K->123707K(13212096K), 0.5150908 secs] 70222646K->58477967K(187275712K), 0.5155027 secs] [Times: user=3.91 sys=0.16, real=0.51 secs] 
2018-04-14T16:44:50.307+0800: 141649.303: [GC (Allocation Failure) 2018-04-14T16:44:50.307+0800: 141649.303: [ParNew: 11867835K->96348K(13212096K), 0.5146855 secs] 70222095K->58455090K(187275712K), 0.5150838 secs] [Times: user=3.93 sys=0.15, real=0.52 secs] 
2018-04-14T16:45:01.769+0800: 141660.765: [GC (Allocation Failure) 2018-04-14T16:45:01.769+0800: 141660.765: [ParNew: 11840476K->105775K(13212096K), 0.5006436 secs] 70199218K->58469873K(187275712K), 0.5010489 secs] [Times: user=3.82 sys=0.16, real=0.50 secs] 
2018-04-14T16:45:14.689+0800: 141673.685: [GC (Allocation Failure) 2018-04-14T16:45:14.689+0800: 141673.685: [ParNew: 11849903K->107089K(13212096K), 0.6407700 secs] 70214001K->58474447K(187275712K), 0.6411891 secs] [Times: user=3.47 sys=1.59, real=0.64 secs] 
2018-04-14T16:45:22.031+0800: 141681.027: [GC (Allocation Failure) 2018-04-14T16:45:22.031+0800: 141681.027: [ParNew: 11851217K->74698K(13212096K), 0.5153571 secs] 70218575K->58447774K(187275712K), 0.5157802 secs] [Times: user=4.03 sys=0.05, real=0.52 secs] 
2018-04-14T16:45:33.945+0800: 141692.941: [GC (Allocation Failure) 2018-04-14T16:45:33.945+0800: 141692.942: [ParNew: 11818826K->77884K(13212096K), 0.5182598 secs] 70191902K->58455816K(187275712K), 0.5186774 secs] [Times: user=3.52 sys=0.59, real=0.52 secs] 
2018-04-14T16:46:04.445+0800: 141723.441: [GC (Allocation Failure) 2018-04-14T16:46:04.445+0800: 141723.441: [ParNew: 11822012K->63543K(13212096K), 0.5383293 secs] 70199944K->58444749K(187275712K), 0.5387406 secs] [Times: user=3.72 sys=0.56, real=0.54 secs] 
2018-04-14T16:47:08.600+0800: 141787.596: [GC (Allocation Failure) 2018-04-14T16:47:08.600+0800: 141787.596: [ParNew: 11807671K->77290K(13212096K), 0.8810034 secs] 70188877K->58464484K(187275712K), 0.8814324 secs] [Times: user=4.83 sys=2.16, real=0.89 secs] 
2018-04-14T16:47:43.024+0800: 141822.020: [GC (Allocation Failure) 2018-04-14T16:47:43.024+0800: 141822.020: [ParNew: 11821418K->96947K(13212096K), 0.6299220 secs] 70208612K->58486805K(187275712K), 0.6303276 secs] [Times: user=4.52 sys=0.45, real=0.63 secs] 
2018-04-14T16:48:22.558+0800: 141861.554: [GC (Allocation Failure) 2018-04-14T16:48:22.558+0800: 141861.554: [ParNew: 11841075K->80912K(13212096K), 0.7514392 secs] 70230933K->58473065K(187275712K), 0.7518903 secs] [Times: user=4.07 sys=1.86, real=0.75 secs] 
2018-04-14T16:49:11.486+0800: 141910.482: [GC (Allocation Failure) 2018-04-14T16:49:11.486+0800: 141910.482: [ParNew: 11825040K->140928K(13212096K), 0.6568919 secs] 70217193K->58534736K(187275712K), 0.6573121 secs] [Times: user=4.44 sys=0.74, real=0.66 secs] 
2018-04-14T16:50:00.251+0800: 141959.247: [GC (Allocation Failure) 2018-04-14T16:50:00.251+0800: 141959.247: [ParNew: 11885056K->112919K(13212096K), 0.8612092 secs] 70278864K->58508150K(187275712K), 0.8616430 secs] [Times: user=4.62 sys=2.20, real=0.87 secs] 
2018-04-14T16:51:16.310+0800: 142035.306: [GC (Allocation Failure) 2018-04-14T16:51:16.310+0800: 142035.306: [ParNew: 11857047K->110781K(13212096K), 0.9249045 secs] 70252278K->58509494K(187275712K), 0.9253500 secs] [Times: user=5.18 sys=2.06, real=0.93 secs] 
2018-04-14T16:52:12.608+0800: 142091.604: [GC (Allocation Failure) 2018-04-14T16:52:12.608+0800: 142091.604: [ParNew: 11854909K->149841K(13212096K), 0.9468918 secs] 70253622K->58558024K(187275712K), 0.9473139 secs] [Times: user=5.65 sys=1.84, real=0.95 secs] 
2018-04-14T16:52:36.014+0800: 142115.010: [GC (Allocation Failure) 2018-04-14T16:52:36.014+0800: 142115.010: [ParNew: 11893969K->181483K(13212096K), 0.7907619 secs] 70302152K->58600362K(187275712K), 0.7912011 secs] [Times: user=4.88 sys=1.37, real=0.79 secs] 
2018-04-14T16:52:46.415+0800: 142125.411: [GC (Allocation Failure) 2018-04-14T16:52:46.415+0800: 142125.411: [ParNew: 11925611K->200586K(13212096K), 0.5652594 secs] 70344490K->58623179K(187275712K), 0.5656869 secs] [Times: user=4.32 sys=0.18, real=0.56 secs] 
2018-04-14T16:52:56.522+0800: 142135.518: [GC (Allocation Failure) 2018-04-14T16:52:56.522+0800: 142135.518: [ParNew: 11944714K->131719K(13212096K), 0.5335607 secs] 70367307K->58560736K(187275712K), 0.5339880 secs] [Times: user=3.97 sys=0.26, real=0.53 secs] 
2018-04-14T16:53:14.819+0800: 142153.815: [GC (Allocation Failure) 2018-04-14T16:53:14.820+0800: 142153.816: [ParNew: 11875847K->105104K(13212096K), 0.5089538 secs] 70304864K->58539828K(187275712K), 0.5092995 secs] [Times: user=3.66 sys=0.39, real=0.51 secs] 
2018-04-14T16:53:31.906+0800: 142170.902: [GC (Allocation Failure) 2018-04-14T16:53:31.906+0800: 142170.902: [ParNew: 11849232K->82155K(13212096K), 0.6612842 secs] 70283956K->58534736K(187275712K), 0.6617255 secs] [Times: user=4.04 sys=1.18, real=0.66 secs] 
2018-04-14T16:54:53.086+0800: 142252.082: [GC (Allocation Failure) 2018-04-14T16:54:53.086+0800: 142252.082: [ParNew: 11826283K->68695K(13212096K), 1.0220068 secs] 70278864K->58534251K(187275712K), 1.0224529 secs] [Times: user=5.80 sys=2.28, real=1.02 secs] 
2018-04-14T16:56:03.696+0800: 142322.692: [GC (Allocation Failure) 2018-04-14T16:56:03.696+0800: 142322.692: [ParNew: 11812823K->68520K(13212096K), 0.7468815 secs] 70278379K->58536574K(187275712K), 0.7473166 secs] [Times: user=4.49 sys=1.46, real=0.75 secs] 
2018-04-14T16:56:50.142+0800: 142369.138: [GC (Allocation Failure) 2018-04-14T16:56:50.143+0800: 142369.139: [ParNew: 11812648K->94470K(13212096K), 0.6923852 secs] 70280702K->58563303K(187275712K), 0.6928349 secs] [Times: user=4.02 sys=1.46, real=0.69 secs] 
2018-04-14T16:57:26.427+0800: 142405.423: [GC (Allocation Failure) 2018-04-14T16:57:26.427+0800: 142405.423: [ParNew: 11838598K->109106K(13212096K), 0.7383294 secs] 70307431K->58578196K(187275712K), 0.7387654 secs] [Times: user=4.88 sys=1.01, real=0.74 secs] 
2018-04-14T16:57:52.729+0800: 142431.725: [GC (Allocation Failure) 2018-04-14T16:57:52.729+0800: 142431.725: [ParNew: 11853234K->87617K(13212096K), 0.6525762 secs] 70322324K->58557660K(187275712K), 0.6530353 secs] [Times: user=3.90 sys=1.26, real=0.66 secs] 
2018-04-14T16:58:38.679+0800: 142477.675: [GC (Allocation Failure) 2018-04-14T16:58:38.679+0800: 142477.675: [ParNew: 11831745K->108405K(13212096K), 0.7732212 secs] 70301788K->58581100K(187275712K), 0.7736497 secs] [Times: user=5.23 sys=1.71, real=0.78 secs] 
2018-04-14T16:58:51.081+0800: 142490.077: [GC (Allocation Failure) 2018-04-14T16:58:51.082+0800: 142490.078: [ParNew: 11852533K->100507K(13212096K), 0.6321053 secs] 70325228K->58581945K(187275712K), 0.6325387 secs] [Times: user=3.66 sys=1.32, real=0.63 secs] 
2018-04-14T16:58:59.914+0800: 142498.910: [GC (Allocation Failure) 2018-04-14T16:58:59.914+0800: 142498.910: [ParNew: 11844635K->94386K(13212096K), 0.4723912 secs] 70326073K->58578494K(187275712K), 0.4728095 secs] [Times: user=3.58 sys=0.17, real=0.47 secs] 
2018-04-14T16:59:09.205+0800: 142508.201: [GC (Allocation Failure) 2018-04-14T16:59:09.205+0800: 142508.202: [ParNew: 11838514K->93988K(13212096K), 0.5038798 secs] 70322622K->58586165K(187275712K), 0.5042948 secs] [Times: user=3.77 sys=0.23, real=0.50 secs] 
2018-04-14T16:59:19.488+0800: 142518.484: [GC (Allocation Failure) 2018-04-14T16:59:19.488+0800: 142518.484: [ParNew: 11838116K->95353K(13212096K), 0.4769543 secs] 70330293K->58596558K(187275712K), 0.4773744 secs] [Times: user=3.66 sys=0.12, real=0.48 secs] 
2018-04-14T16:59:32.296+0800: 142531.292: [GC (Allocation Failure) 2018-04-14T16:59:32.296+0800: 142531.292: [ParNew: 11839481K->64137K(13212096K), 0.5490643 secs] 70340686K->58567430K(187275712K), 0.5494749 secs] [Times: user=4.00 sys=0.36, real=0.55 secs] 
2018-04-14T16:59:43.384+0800: 142542.380: [GC (Allocation Failure) 2018-04-14T16:59:43.384+0800: 142542.380: [ParNew: 11808265K->60941K(13212096K), 0.6572517 secs] 70311558K->58574087K(187275712K), 0.6576633 secs] [Times: user=3.81 sys=1.36, real=0.66 secs] 
2018-04-14T16:59:52.274+0800: 142551.270: [GC (Allocation Failure) 2018-04-14T16:59:52.274+0800: 142551.270: [ParNew: 11805069K->55014K(13212096K), 0.4724424 secs] 70318215K->58570796K(187275712K), 0.4728657 secs] [Times: user=3.54 sys=0.21, real=0.47 secs] 
2018-04-14T17:00:00.815+0800: 142559.811: [GC (Allocation Failure) 2018-04-14T17:00:00.815+0800: 142559.811: [ParNew: 11799142K->57213K(13212096K), 0.4923862 secs] 70314924K->58575388K(187275712K), 0.4928021 secs] [Times: user=3.71 sys=0.20, real=0.49 secs] 
2018-04-14T17:00:08.686+0800: 142567.682: [GC (Allocation Failure) 2018-04-14T17:00:08.686+0800: 142567.682: [ParNew: 11801341K->60651K(13212096K), 0.5092284 secs] 70319516K->58581529K(187275712K), 0.5096393 secs] [Times: user=3.55 sys=0.49, real=0.51 secs] 
2018-04-14T17:00:15.753+0800: 142574.749: [GC (Allocation Failure) 2018-04-14T17:00:15.753+0800: 142574.749: [ParNew: 11804779K->52728K(13212096K), 0.4869906 secs] 70325657K->58577007K(187275712K), 0.4874034 secs] [Times: user=3.73 sys=0.14, real=0.48 secs] 
2018-04-14T17:00:23.045+0800: 142582.042: [GC (Allocation Failure) 2018-04-14T17:00:23.046+0800: 142582.042: [ParNew: 11796856K->55695K(13212096K), 0.4698119 secs] 70321135K->58582868K(187275712K), 0.4702087 secs] [Times: user=3.55 sys=0.18, real=0.47 secs] 
2018-04-14T17:00:30.479+0800: 142589.475: [GC (Allocation Failure) 2018-04-14T17:00:30.479+0800: 142589.475: [ParNew: 11799823K->52441K(13212096K), 0.6269991 secs] 70326996K->58583000K(187275712K), 0.6274314 secs] [Times: user=3.87 sys=1.09, real=0.63 secs] 
2018-04-14T17:00:37.895+0800: 142596.891: [GC (Allocation Failure) 2018-04-14T17:00:37.895+0800: 142596.891: [ParNew: 11796569K->52145K(13212096K), 0.4355575 secs] 70327128K->58585798K(187275712K), 0.4359722 secs] [Times: user=3.40 sys=0.06, real=0.44 secs] 
2018-04-14T17:00:46.532+0800: 142605.528: [GC (Allocation Failure) 2018-04-14T17:00:46.532+0800: 142605.528: [ParNew: 11796273K->50649K(13212096K), 0.5012686 secs] 70329926K->58587397K(187275712K), 0.5016771 secs] [Times: user=3.79 sys=0.19, real=0.50 secs] 
2018-04-14T17:00:58.187+0800: 142617.183: [GC (Allocation Failure) 2018-04-14T17:00:58.187+0800: 142617.183: [ParNew: 11794777K->43942K(13212096K), 0.5223151 secs] 70331525K->58583014K(187275712K), 0.5227218 secs] [Times: user=3.86 sys=0.29, real=0.52 secs] 
2018-04-14T17:01:13.038+0800: 142632.034: [GC (Allocation Failure) 2018-04-14T17:01:13.038+0800: 142632.034: [ParNew: 11788070K->50526K(13212096K), 0.4531481 secs] 70327142K->58591934K(187275712K), 0.4535459 secs] [Times: user=3.55 sys=0.05, real=0.46 secs] 
2018-04-14T17:01:26.755+0800: 142645.751: [GC (Allocation Failure) 2018-04-14T17:01:26.755+0800: 142645.751: [ParNew: 11794654K->65555K(13212096K), 0.6081379 secs] 70336062K->58612143K(187275712K), 0.6085561 secs] [Times: user=3.42 sys=1.38, real=0.61 secs] 
2018-04-14T17:01:46.898+0800: 142665.894: [GC (Allocation Failure) 2018-04-14T17:01:46.898+0800: 142665.894: [ParNew: 11809683K->65249K(13212096K), 0.5893535 secs] 70356271K->58613270K(187275712K), 0.5897593 secs] [Times: user=3.88 sys=0.80, real=0.59 secs] 
2018-04-14T17:02:05.727+0800: 142684.723: [GC (Allocation Failure) 2018-04-14T17:02:05.727+0800: 142684.723: [ParNew: 11809377K->85941K(13212096K), 0.6232721 secs] 70357398K->58635003K(187275712K), 0.6236825 secs] [Times: user=4.45 sys=0.49, real=0.62 secs] 
2018-04-14T17:02:24.496+0800: 142703.492: [GC (Allocation Failure) 2018-04-14T17:02:24.496+0800: 142703.492: [ParNew: 11830069K->92090K(13212096K), 0.6467264 secs] 70379131K->58641945K(187275712K), 0.6471623 secs] [Times: user=3.98 sys=1.10, real=0.65 secs] 
2018-04-14T17:02:44.983+0800: 142723.979: [GC (Allocation Failure) 2018-04-14T17:02:44.983+0800: 142723.980: [ParNew: 11836218K->95734K(13212096K), 0.5473483 secs] 70386073K->58646726K(187275712K), 0.5477402 secs] [Times: user=3.82 sys=0.53, real=0.54 secs] 
2018-04-14T17:03:00.985+0800: 142739.981: [GC (Allocation Failure) 2018-04-14T17:03:00.985+0800: 142739.981: [ParNew: 11839862K->81049K(13212096K), 0.5238581 secs] 70390854K->58633984K(187275712K), 0.5242712 secs] [Times: user=3.78 sys=0.39, real=0.52 secs] 
2018-04-14T17:03:13.134+0800: 142752.131: [GC (Allocation Failure) 2018-04-14T17:03:13.135+0800: 142752.131: [ParNew: 11825177K->52030K(13212096K), 0.6358917 secs] 70378112K->58608438K(187275712K), 0.6362965 secs] [Times: user=3.49 sys=1.54, real=0.63 secs] 
2018-04-14T17:03:47.078+0800: 142786.074: [GC (Allocation Failure) 2018-04-14T17:03:47.078+0800: 142786.074: [ParNew: 11796158K->48723K(13212096K), 0.5211534 secs] 70352566K->58607485K(187275712K), 0.5215725 secs] [Times: user=3.56 sys=0.58, real=0.52 secs] 
2018-04-14T17:04:16.072+0800: 142815.068: [GC (Allocation Failure) 2018-04-14T17:04:16.072+0800: 142815.068: [ParNew: 11792851K->67216K(13212096K), 0.5765615 secs] 70351613K->58629995K(187275712K), 0.5769653 secs] [Times: user=3.95 sys=0.64, real=0.57 secs] 
2018-04-14T17:04:41.478+0800: 142840.474: [GC (Allocation Failure) 2018-04-14T17:04:41.478+0800: 142840.474: [ParNew: 11811344K->92339K(13212096K), 0.6690114 secs] 70374123K->58658546K(187275712K), 0.6694425 secs] [Times: user=3.78 sys=1.50, real=0.67 secs] 
2018-04-14T17:05:17.940+0800: 142876.936: [GC (Allocation Failure) 2018-04-14T17:05:17.940+0800: 142876.936: [ParNew: 11836467K->100227K(13212096K), 0.6887512 secs] 70402674K->58668522K(187275712K), 0.6891627 secs] [Times: user=4.34 sys=1.14, real=0.69 secs] 
2018-04-14T17:05:42.605+0800: 142901.601: [GC (Allocation Failure) 2018-04-14T17:05:42.605+0800: 142901.601: [ParNew: 11844355K->126487K(13212096K), 0.6051388 secs] 70412650K->58695984K(187275712K), 0.6055408 secs] [Times: user=4.29 sys=0.53, real=0.60 secs] 
2018-04-14T17:06:10.562+0800: 142929.558: [GC (Allocation Failure) 2018-04-14T17:06:10.562+0800: 142929.558: [ParNew: 11870615K->146402K(13212096K), 0.6664562 secs] 70440112K->58716704K(187275712K), 0.6668797 secs] [Times: user=3.95 sys=1.33, real=0.66 secs] 
2018-04-14T17:06:47.143+0800: 142966.139: [GC (Allocation Failure) 2018-04-14T17:06:47.144+0800: 142966.140: [ParNew: 11890530K->139510K(13212096K), 0.7709658 secs] 70460832K->58713089K(187275712K), 0.7713292 secs] [Times: user=4.93 sys=1.19, real=0.77 secs] 
2018-04-14T17:07:29.991+0800: 143008.987: [GC (Allocation Failure) 2018-04-14T17:07:29.991+0800: 143008.987: [ParNew: 11883638K->142222K(13212096K), 0.6892184 secs] 70457217K->58723712K(187275712K), 0.6896409 secs] [Times: user=4.01 sys=1.38, real=0.69 secs] 
2018-04-14T17:08:01.999+0800: 143040.995: [GC (Allocation Failure) 2018-04-14T17:08:01.999+0800: 143040.995: [ParNew: 11886350K->182122K(13212096K), 0.7000749 secs] 70467840K->58767265K(187275712K), 0.7004901 secs] [Times: user=4.67 sys=0.85, real=0.70 secs] 
2018-04-14T17:08:42.079+0800: 143081.075: [GC (Allocation Failure) 2018-04-14T17:08:42.079+0800: 143081.076: [ParNew: 11926250K->210836K(13212096K), 0.7407447 secs] 70511393K->58799342K(187275712K), 0.7411753 secs] [Times: user=4.24 sys=1.59, real=0.74 secs] 
2018-04-14T17:09:08.473+0800: 143107.469: [GC (Allocation Failure) 2018-04-14T17:09:08.473+0800: 143107.469: [ParNew: 11954964K->211378K(13212096K), 0.6767476 secs] 70543470K->58802419K(187275712K), 0.6771539 secs] [Times: user=4.58 sys=0.80, real=0.67 secs] 
2018-04-14T17:10:17.923+0800: 143176.919: [GC (Allocation Failure) 2018-04-14T17:10:17.924+0800: 143176.920: [ParNew: 11955506K->139515K(13212096K), 0.7530435 secs] 70546547K->58733688K(187275712K), 0.7534648 secs] [Times: user=4.23 sys=1.74, real=0.75 secs] 
2018-04-14T17:11:10.410+0800: 143229.406: [GC (Allocation Failure) 2018-04-14T17:11:10.410+0800: 143229.406: [ParNew: 11883643K->180348K(13212096K), 0.6990892 secs] 70477816K->58778435K(187275712K), 0.6995013 secs] [Times: user=4.43 sys=1.10, real=0.70 secs] 
2018-04-14T17:13:44.279+0800: 143383.275: [GC (Allocation Failure) 2018-04-14T17:13:44.279+0800: 143383.275: [ParNew: 11924476K->164273K(13212096K), 0.9506722 secs] 70522563K->58770137K(187275712K), 0.9511044 secs] [Times: user=5.49 sys=1.99, real=0.95 secs] 
2018-04-14T17:14:17.231+0800: 143416.227: [GC (Allocation Failure) 2018-04-14T17:14:17.232+0800: 143416.228: [ParNew: 11908401K->154456K(13212096K), 0.6345053 secs] 70514265K->58771024K(187275712K), 0.6349261 secs] [Times: user=4.05 sys=0.98, real=0.63 secs] 
2018-04-14T17:14:43.985+0800: 143442.981: [GC (Allocation Failure) 2018-04-14T17:14:43.985+0800: 143442.981: [ParNew: 11898584K->114335K(13212096K), 0.6818802 secs] 70515152K->58744564K(187275712K), 0.6822924 secs] [Times: user=3.96 sys=1.42, real=0.68 secs] 
2018-04-14T17:15:03.916+0800: 143462.913: [GC (Allocation Failure) 2018-04-14T17:15:03.917+0800: 143462.913: [ParNew: 11858463K->99071K(13212096K), 0.5228225 secs] 70488692K->58741402K(187275712K), 0.5232367 secs] [Times: user=3.85 sys=0.30, real=0.52 secs] 
2018-04-14T17:15:21.317+0800: 143480.313: [GC (Allocation Failure) 2018-04-14T17:15:21.317+0800: 143480.313: [ParNew: 11843199K->83667K(13212096K), 0.5250497 secs] 70485530K->58738126K(187275712K), 0.5254680 secs] [Times: user=3.80 sys=0.36, real=0.53 secs] 
2018-04-14T17:15:32.408+0800: 143491.404: [GC (Allocation Failure) 2018-04-14T17:15:32.408+0800: 143491.404: [ParNew: 11827795K->89240K(13212096K), 0.4893061 secs] 70482254K->58755203K(187275712K), 0.4897213 secs] [Times: user=3.79 sys=0.09, real=0.49 secs] 
2018-04-14T17:15:43.734+0800: 143502.730: [GC (Allocation Failure) 2018-04-14T17:15:43.734+0800: 143502.730: [ParNew: 11833368K->80041K(13212096K), 0.6231683 secs] 70499331K->58766716K(187275712K), 0.6235905 secs] [Times: user=3.80 sys=1.11, real=0.62 secs] 
2018-04-14T17:15:53.810+0800: 143512.806: [GC (Allocation Failure) 2018-04-14T17:15:53.810+0800: 143512.806: [ParNew: 11824169K->68534K(13212096K), 0.5150001 secs] 70510844K->58758718K(187275712K), 0.5154453 secs] [Times: user=3.88 sys=0.21, real=0.52 secs] 
2018-04-14T17:16:01.864+0800: 143520.860: [GC (Allocation Failure) 2018-04-14T17:16:01.864+0800: 143520.860: [ParNew: 11812662K->92124K(13212096K), 0.5050128 secs] 70502846K->58787784K(187275712K), 0.5054163 secs] [Times: user=3.85 sys=0.16, real=0.50 secs] 
2018-04-14T17:16:10.371+0800: 143529.367: [GC (Allocation Failure) 2018-04-14T17:16:10.371+0800: 143529.367: [ParNew: 11836252K->101546K(13212096K), 0.4693166 secs] 70531912K->58800282K(187275712K), 0.4697323 secs] [Times: user=3.65 sys=0.08, real=0.47 secs] 
2018-04-14T17:16:19.877+0800: 143538.873: [GC (Allocation Failure) 2018-04-14T17:16:19.878+0800: 143538.874: [ParNew: 11845674K->109056K(13212096K), 0.5336553 secs] 70544410K->58810987K(187275712K), 0.5340558 secs] [Times: user=4.06 sys=0.17, real=0.54 secs] 
2018-04-14T17:16:29.531+0800: 143548.527: [GC (Allocation Failure) 2018-04-14T17:16:29.532+0800: 143548.528: [ParNew: 11853184K->121648K(13212096K), 0.6135725 secs] 70555115K->58826500K(187275712K), 0.6139916 secs] [Times: user=3.57 sys=1.29, real=0.61 secs] 
2018-04-14T17:16:37.548+0800: 143556.544: [GC (Allocation Failure) 2018-04-14T17:16:37.549+0800: 143556.545: [ParNew: 11865776K->99055K(13212096K), 0.4829316 secs] 70570628K->58806196K(187275712K), 0.4833380 secs] [Times: user=3.84 sys=0.00, real=0.49 secs] 
2018-04-14T17:16:45.509+0800: 143564.505: [GC (Allocation Failure) 2018-04-14T17:16:45.510+0800: 143564.506: [ParNew: 11843183K->119917K(13212096K), 0.5533979 secs] 70550324K->58831197K(187275712K), 0.5538102 secs] [Times: user=4.06 sys=0.34, real=0.56 secs] 
2018-04-14T17:16:56.049+0800: 143575.045: [GC (Allocation Failure) 2018-04-14T17:16:56.049+0800: 143575.045: [ParNew: 11864045K->130454K(13212096K), 0.5335749 secs] 70575325K->58849230K(187275712K), 0.5339863 secs] [Times: user=4.00 sys=0.23, real=0.54 secs] 
2018-04-14T17:17:04.797+0800: 143583.793: [GC (Allocation Failure) 2018-04-14T17:17:04.798+0800: 143583.794: [ParNew: 11874582K->108038K(13212096K), 0.4952571 secs] 70593358K->58835767K(187275712K), 0.4956590 secs] [Times: user=3.58 sys=0.34, real=0.50 secs] 
2018-04-14T17:17:12.416+0800: 143591.412: [GC (Allocation Failure) 2018-04-14T17:17:12.416+0800: 143591.412: [ParNew: 11852166K->92643K(13212096K), 0.6298178 secs] 70579895K->58826463K(187275712K), 0.6302302 secs] [Times: user=3.37 sys=1.60, real=0.63 secs] 
2018-04-14T17:17:20.308+0800: 143599.304: [GC (Allocation Failure) 2018-04-14T17:17:20.308+0800: 143599.304: [ParNew: 11836771K->88224K(13212096K), 0.4660708 secs] 70570591K->58825690K(187275712K), 0.4664708 secs] [Times: user=3.70 sys=0.00, real=0.47 secs] 
2018-04-14T17:17:29.030+0800: 143608.026: [GC (Allocation Failure) 2018-04-14T17:17:29.030+0800: 143608.026: [ParNew: 11832352K->114756K(13212096K), 0.4954430 secs] 70569818K->58855373K(187275712K), 0.4958407 secs] [Times: user=3.76 sys=0.18, real=0.50 secs] 
2018-04-14T17:17:37.011+0800: 143616.007: [GC (Allocation Failure) 2018-04-14T17:17:37.011+0800: 143616.007: [ParNew: 11858884K->97311K(13212096K), 0.5384689 secs] 70599501K->58840965K(187275712K), 0.5388653 secs] [Times: user=3.99 sys=0.28, real=0.54 secs] 
2018-04-14T17:17:46.584+0800: 143625.580: [GC (Allocation Failure) 2018-04-14T17:17:46.584+0800: 143625.580: [ParNew: 11841439K->101940K(13212096K), 0.4763822 secs] 70585093K->58849295K(187275712K), 0.4767780 secs] [Times: user=3.45 sys=0.33, real=0.47 secs] 
2018-04-14T17:17:57.487+0800: 143636.483: [GC (Allocation Failure) 2018-04-14T17:17:57.487+0800: 143636.483: [ParNew: 11846068K->113351K(13212096K), 0.6536801 secs] 70593423K->58863972K(187275712K), 0.6541073 secs] [Times: user=3.77 sys=1.40, real=0.66 secs] 
2018-04-14T17:18:08.897+0800: 143647.893: [GC (Allocation Failure) 2018-04-14T17:18:08.897+0800: 143647.893: [ParNew: 11857479K->83106K(13212096K), 0.5675512 secs] 70608100K->58837528K(187275712K), 0.5679592 secs] [Times: user=4.20 sys=0.31, real=0.57 secs] 
2018-04-14T17:18:23.710+0800: 143662.706: [GC (Allocation Failure) 2018-04-14T17:18:23.710+0800: 143662.706: [ParNew: 11827234K->121580K(13212096K), 0.6098034 secs] 70581656K->58880755K(187275712K), 0.6101942 secs] [Times: user=4.39 sys=0.46, real=0.61 secs] 
2018-04-14T17:18:37.512+0800: 143676.508: [GC (Allocation Failure) 2018-04-14T17:18:37.512+0800: 143676.508: [ParNew: 11865708K->132716K(13212096K), 0.5280705 secs] 70624883K->58898408K(187275712K), 0.5284737 secs] [Times: user=3.98 sys=0.21, real=0.52 secs] 
2018-04-14T17:18:51.487+0800: 143690.483: [GC (Allocation Failure) 2018-04-14T17:18:51.487+0800: 143690.484: [ParNew: 11876844K->145537K(13212096K), 0.6397188 secs] 70642536K->58914172K(187275712K), 0.6401720 secs] [Times: user=3.62 sys=1.44, real=0.64 secs] 
2018-04-14T17:19:06.658+0800: 143705.654: [GC (Allocation Failure) 2018-04-14T17:19:06.658+0800: 143705.654: [ParNew: 11889665K->168345K(13212096K), 0.5672477 secs] 70658300K->58941073K(187275712K), 0.5676702 secs] [Times: user=4.33 sys=0.18, real=0.57 secs] 
2018-04-14T17:19:23.445+0800: 143722.441: [GC (Allocation Failure) 2018-04-14T17:19:23.445+0800: 143722.441: [ParNew: 11912473K->135061K(13212096K), 0.5249008 secs] 70685201K->58911397K(187275712K), 0.5253174 secs] [Times: user=3.80 sys=0.36, real=0.52 secs] 
2018-04-14T17:19:41.273+0800: 143740.269: [GC (Allocation Failure) 2018-04-14T17:19:41.273+0800: 143740.269: [ParNew: 11879189K->92225K(13212096K), 0.6298692 secs] 70655525K->58872687K(187275712K), 0.6303019 secs] [Times: user=3.85 sys=1.13, real=0.63 secs] 
2018-04-14T17:20:01.090+0800: 143760.086: [GC (Allocation Failure) 2018-04-14T17:20:01.090+0800: 143760.086: [ParNew: 11836353K->112404K(13212096K), 0.5522584 secs] 70616815K->58896206K(187275712K), 0.5526752 secs] [Times: user=4.02 sys=0.37, real=0.56 secs] 
2018-04-14T17:20:12.678+0800: 143771.674: [GC (Allocation Failure) 2018-04-14T17:20:12.678+0800: 143771.674: [ParNew: 11856532K->150086K(13212096K), 0.5523601 secs] 70640334K->58936960K(187275712K), 0.5527777 secs] [Times: user=4.00 sys=0.40, real=0.55 secs] 
2018-04-14T17:20:24.880+0800: 143783.876: [GC (Allocation Failure) 2018-04-14T17:20:24.880+0800: 143783.876: [ParNew: 11894214K->141720K(13212096K), 0.5823551 secs] 70681088K->58936332K(187275712K), 0.5827796 secs] [Times: user=4.20 sys=0.43, real=0.59 secs] 
2018-04-14T17:20:37.307+0800: 143796.303: [GC (Allocation Failure) 2018-04-14T17:20:37.308+0800: 143796.304: [ParNew: 11885848K->161791K(13212096K), 0.6122865 secs] 70680460K->58959326K(187275712K), 0.6127148 secs] [Times: user=3.95 sys=0.90, real=0.61 secs] 
2018-04-14T17:20:49.158+0800: 143808.154: [GC (Allocation Failure) 2018-04-14T17:20:49.158+0800: 143808.154: [ParNew: 11905919K->140997K(13212096K), 0.5590306 secs] 70703454K->58940744K(187275712K), 0.5594532 secs] [Times: user=4.10 sys=0.34, real=0.56 secs] 
2018-04-14T17:21:04.893+0800: 143823.889: [GC (Allocation Failure) 2018-04-14T17:21:04.893+0800: 143823.889: [ParNew: 11885125K->163826K(13212096K), 0.5373454 secs] 70684872K->58965608K(187275712K), 0.5377647 secs] [Times: user=3.82 sys=0.44, real=0.53 secs] 
2018-04-14T17:21:19.647+0800: 143838.643: [GC (Allocation Failure) 2018-04-14T17:21:19.647+0800: 143838.643: [ParNew: 11907954K->150979K(13212096K), 0.5532768 secs] 70709736K->58958485K(187275712K), 0.5537003 secs] [Times: user=4.29 sys=0.12, real=0.55 secs] 
2018-04-14T17:21:38.187+0800: 143857.183: [GC (Allocation Failure) 2018-04-14T17:21:38.187+0800: 143857.183: [ParNew: 11895107K->130487K(13212096K), 0.6914987 secs] 70702613K->58944164K(187275712K), 0.6919240 secs] [Times: user=3.97 sys=1.51, real=0.69 secs] 
2018-04-14T17:22:09.483+0800: 143888.479: [GC (Allocation Failure) 2018-04-14T17:22:09.483+0800: 143888.479: [ParNew: 11874615K->99231K(13212096K), 0.5648006 secs] 70688292K->58916962K(187275712K), 0.5652319 secs] [Times: user=3.81 sys=0.66, real=0.56 secs] 
2018-04-14T17:23:38.101+0800: 143977.097: [GC (Allocation Failure) 2018-04-14T17:23:38.101+0800: 143977.097: [ParNew: 11843359K->138958K(13212096K), 0.8725373 secs] 70661090K->58959390K(187275712K), 0.8729806 secs] [Times: user=4.43 sys=2.49, real=0.88 secs] 
2018-04-14T17:24:08.859+0800: 144007.855: [GC (Allocation Failure) 2018-04-14T17:24:08.860+0800: 144007.856: [ParNew: 11883086K->172091K(13212096K), 0.6382219 secs] 70703518K->58995838K(187275712K), 0.6386320 secs] [Times: user=4.74 sys=0.29, real=0.64 secs] 
2018-04-14T17:24:43.708+0800: 144042.704: [GC (Allocation Failure) 2018-04-14T17:24:43.708+0800: 144042.704: [ParNew: 11916219K->185773K(13212096K), 0.6607453 secs] 70739966K->59012495K(187275712K), 0.6611726 secs] [Times: user=4.32 sys=0.91, real=0.66 secs] 
2018-04-14T17:25:07.562+0800: 144066.558: [GC (Allocation Failure) 2018-04-14T17:25:07.562+0800: 144066.558: [ParNew: 11929901K->195264K(13212096K), 0.6440085 secs] 70756623K->59023839K(187275712K), 0.6444152 secs] [Times: user=4.72 sys=0.41, real=0.64 secs] 
2018-04-14T17:25:41.938+0800: 144100.934: [GC (Allocation Failure) 2018-04-14T17:25:41.938+0800: 144100.934: [ParNew: 11939392K->172135K(13212096K), 0.7033972 secs] 70767967K->59005118K(187275712K), 0.7038183 secs] [Times: user=4.93 sys=0.67, real=0.71 secs] 
2018-04-14T17:26:09.063+0800: 144128.059: [GC (Allocation Failure) 2018-04-14T17:26:09.063+0800: 144128.060: [ParNew: 11916263K->163920K(13212096K), 0.6601352 secs] 70749246K->59003445K(187275712K), 0.6605684 secs] [Times: user=3.89 sys=1.33, real=0.66 secs] 
2018-04-14T17:26:40.835+0800: 144159.831: [GC (Allocation Failure) 2018-04-14T17:26:40.835+0800: 144159.832: [ParNew: 11908048K->117875K(13212096K), 0.8182595 secs] 70747573K->58975918K(187275712K), 0.8186131 secs] [Times: user=4.79 sys=1.72, real=0.82 secs] 
2018-04-14T17:27:41.991+0800: 144220.987: [GC (Allocation Failure) 2018-04-14T17:27:41.991+0800: 144220.987: [ParNew: 11862003K->120656K(13212096K), 0.7220335 secs] 70720046K->58992739K(187275712K), 0.7224735 secs] [Times: user=4.15 sys=1.54, real=0.73 secs] 
2018-04-14T17:28:54.027+0800: 144293.023: [GC (Allocation Failure) 2018-04-14T17:28:54.027+0800: 144293.023: [ParNew: 11864784K->110373K(13212096K), 0.8672470 secs] 70736867K->58990463K(187275712K), 0.8676849 secs] [Times: user=4.85 sys=2.01, real=0.87 secs] 
2018-04-14T17:29:51.534+0800: 144350.530: [GC (Allocation Failure) 2018-04-14T17:29:51.534+0800: 144350.530: [ParNew: 11854501K->134989K(13212096K), 0.6549300 secs] 70734591K->59020443K(187275712K), 0.6552971 secs] [Times: user=4.24 sys=0.97, real=0.65 secs] 
2018-04-14T17:30:42.712+0800: 144401.708: [GC (Allocation Failure) 2018-04-14T17:30:42.712+0800: 144401.708: [ParNew: 11879117K->117245K(13212096K), 0.8068182 secs] 70764571K->59006266K(187275712K), 0.8071889 secs] [Times: user=4.77 sys=1.64, real=0.80 secs] 
2018-04-14T17:31:49.539+0800: 144468.535: [GC (Allocation Failure) 2018-04-14T17:31:49.539+0800: 144468.535: [ParNew: 11861373K->112032K(13212096K), 0.7313883 secs] 70750394K->59003638K(187275712K), 0.7317410 secs] [Times: user=4.50 sys=1.33, real=0.73 secs] 
2018-04-14T17:32:27.745+0800: 144506.741: [GC (Allocation Failure) 2018-04-14T17:32:27.746+0800: 144506.742: [ParNew: 11856160K->148588K(13212096K), 0.6412973 secs] 70747766K->59041971K(187275712K), 0.6417427 secs] [Times: user=3.73 sys=1.36, real=0.64 secs] 
2018-04-14T17:32:54.536+0800: 144533.532: [GC (Allocation Failure) 2018-04-14T17:32:54.536+0800: 144533.532: [ParNew: 11892716K->158414K(13212096K), 0.5880534 secs] 70786099K->59059825K(187275712K), 0.5884864 secs] [Times: user=3.92 sys=0.76, real=0.59 secs] 
2018-04-14T17:33:08.363+0800: 144547.359: [GC (Allocation Failure) 2018-04-14T17:33:08.363+0800: 144547.359: [ParNew: 11902542K->181548K(13212096K), 0.5324408 secs] 70803953K->59093731K(187275712K), 0.5328641 secs] [Times: user=3.99 sys=0.22, real=0.53 secs] 
2018-04-14T17:33:23.621+0800: 144562.618: [GC (Allocation Failure) 2018-04-14T17:33:23.622+0800: 144562.618: [ParNew: 11925676K->188931K(13212096K), 0.6385124 secs] 70837859K->59113819K(187275712K), 0.6389533 secs] [Times: user=3.75 sys=1.29, real=0.63 secs] 
2018-04-14T17:33:35.876+0800: 144574.872: [GC (Allocation Failure) 2018-04-14T17:33:35.877+0800: 144574.873: [ParNew: 11933059K->177546K(13212096K), 0.5532173 secs] 70857947K->59116254K(187275712K), 0.5536396 secs] [Times: user=4.09 sys=0.29, real=0.55 secs] 
2018-04-14T17:33:45.277+0800: 144584.273: [GC (Allocation Failure) 2018-04-14T17:33:45.278+0800: 144584.274: [ParNew: 11921674K->182450K(13212096K), 0.5288039 secs] 70860382K->59126232K(187275712K), 0.5292240 secs] [Times: user=4.02 sys=0.18, real=0.53 secs] 
2018-04-14T17:33:53.765+0800: 144592.761: [GC (Allocation Failure) 2018-04-14T17:33:53.765+0800: 144592.761: [ParNew: 11926578K->118859K(13212096K), 0.5296431 secs] 70870360K->59074218K(187275712K), 0.5300906 secs] [Times: user=4.02 sys=0.18, real=0.53 secs] 
2018-04-14T17:34:00.469+0800: 144599.465: [GC (Allocation Failure) 2018-04-14T17:34:00.469+0800: 144599.465: [ParNew: 11862987K->126668K(13212096K), 0.5139645 secs] 70818346K->59090011K(187275712K), 0.5143823 secs] [Times: user=3.99 sys=0.08, real=0.52 secs] 
2018-04-14T17:34:06.820+0800: 144605.816: [GC (Allocation Failure) 2018-04-14T17:34:06.820+0800: 144605.816: [ParNew: 11870796K->119444K(13212096K), 0.5149101 secs] 70834139K->59094596K(187275712K), 0.5153320 secs] [Times: user=3.41 sys=0.66, real=0.52 secs] 
2018-04-14T17:34:17.237+0800: 144616.233: [GC (Allocation Failure) 2018-04-14T17:34:17.237+0800: 144616.233: [ParNew: 11863572K->70646K(13212096K), 0.5101795 secs] 70838724K->59048470K(187275712K), 0.5106049 secs] [Times: user=3.82 sys=0.23, real=0.51 secs] 
2018-04-14T17:34:28.998+0800: 144627.995: [GC (Allocation Failure) 2018-04-14T17:34:28.999+0800: 144627.995: [ParNew: 11814774K->47873K(13212096K), 0.5330985 secs] 70792598K->59027528K(187275712K), 0.5335214 secs] [Times: user=3.87 sys=0.37, real=0.54 secs] 
2018-04-14T17:34:37.002+0800: 144635.998: [GC (Allocation Failure) 2018-04-14T17:34:37.002+0800: 144635.998: [ParNew: 11792001K->59703K(13212096K), 0.5037382 secs] 70771656K->59042225K(187275712K), 0.5041588 secs] [Times: user=3.59 sys=0.41, real=0.50 secs] 
2018-04-14T17:34:45.268+0800: 144644.264: [GC (Allocation Failure) 2018-04-14T17:34:45.268+0800: 144644.265: [ParNew: 11803831K->72222K(13212096K), 0.4951619 secs] 70786353K->59056075K(187275712K), 0.4955687 secs] [Times: user=3.61 sys=0.32, real=0.50 secs] 
2018-04-14T17:34:51.574+0800: 144650.570: [GC (Allocation Failure) 2018-04-14T17:34:51.575+0800: 144650.571: [ParNew: 11816350K->87581K(13212096K), 0.4394975 secs] 70800203K->59072756K(187275712K), 0.4399337 secs] [Times: user=3.43 sys=0.06, real=0.44 secs] 
2018-04-14T17:34:56.993+0800: 144655.989: [GC (Allocation Failure) 2018-04-14T17:34:56.993+0800: 144655.989: [ParNew: 11831709K->82318K(13212096K), 0.6312489 secs] 70816884K->59068540K(187275712K), 0.6316595 secs] [Times: user=3.47 sys=1.52, real=0.63 secs] 
2018-04-14T17:35:03.815+0800: 144662.811: [GC (Allocation Failure) 2018-04-14T17:35:03.815+0800: 144662.811: [ParNew: 11826446K->86394K(13212096K), 0.5057962 secs] 70812668K->59073646K(187275712K), 0.5062268 secs] [Times: user=4.01 sys=0.00, real=0.51 secs] 
2018-04-14T17:35:09.417+0800: 144668.414: [GC (Allocation Failure) 2018-04-14T17:35:09.418+0800: 144668.414: [ParNew: 11830522K->95876K(13212096K), 0.4981818 secs] 70817774K->59085611K(187275712K), 0.4985927 secs] [Times: user=3.59 sys=0.36, real=0.50 secs] 
2018-04-14T17:35:16.598+0800: 144675.594: [GC (Allocation Failure) 2018-04-14T17:35:16.598+0800: 144675.594: [ParNew: 11840004K->111084K(13212096K), 0.4806124 secs] 70829739K->59105366K(187275712K), 0.4810250 secs] [Times: user=3.67 sys=0.14, real=0.48 secs] 
2018-04-14T17:35:23.747+0800: 144682.743: [GC (Allocation Failure) 2018-04-14T17:35:23.747+0800: 144682.743: [ParNew: 11855212K->101767K(13212096K), 0.4640721 secs] 70849494K->59101342K(187275712K), 0.4644934 secs] [Times: user=3.62 sys=0.05, real=0.46 secs] 
2018-04-14T17:35:33.736+0800: 144692.732: [GC (Allocation Failure) 2018-04-14T17:35:33.737+0800: 144692.733: [ParNew: 11845895K->95043K(13212096K), 0.4937370 secs] 70845470K->59097787K(187275712K), 0.4941525 secs] [Times: user=3.69 sys=0.22, real=0.49 secs] 
2018-04-14T17:35:47.467+0800: 144706.463: [GC (Allocation Failure) 2018-04-14T17:35:47.467+0800: 144706.463: [ParNew: 11839171K->82637K(13212096K), 0.6107394 secs] 70841915K->59088425K(187275712K), 0.6111971 secs] [Times: user=3.38 sys=1.45, real=0.61 secs] 
2018-04-14T17:36:03.509+0800: 144722.505: [GC (Allocation Failure) 2018-04-14T17:36:03.509+0800: 144722.505: [ParNew: 11826765K->68332K(13212096K), 0.5427611 secs] 70832553K->59078913K(187275712K), 0.5431820 secs] [Times: user=4.03 sys=0.29, real=0.55 secs] 
2018-04-14T17:36:39.033+0800: 144758.029: [GC (Allocation Failure) 2018-04-14T17:36:39.033+0800: 144758.029: [ParNew: 11812460K->51966K(13212096K), 0.7349688 secs] 70823041K->59067389K(187275712K), 0.7353938 secs] [Times: user=4.05 sys=1.76, real=0.73 secs] 
2018-04-14T17:37:00.401+0800: 144779.397: [GC (Allocation Failure) 2018-04-14T17:37:00.401+0800: 144779.397: [ParNew: 11796094K->57212K(13212096K), 0.5464902 secs] 70811517K->59073933K(187275712K), 0.5469059 secs] [Times: user=3.99 sys=0.35, real=0.54 secs] 
2018-04-14T17:37:12.822+0800: 144791.818: [GC (Allocation Failure) 2018-04-14T17:37:12.822+0800: 144791.819: [ParNew: 11801340K->61916K(13212096K), 0.4806040 secs] 70818061K->59080735K(187275712K), 0.4810277 secs] [Times: user=3.56 sys=0.25, real=0.48 secs] 
2018-04-14T17:37:25.199+0800: 144804.195: [GC (Allocation Failure) 2018-04-14T17:37:25.199+0800: 144804.195: [ParNew: 11806044K->70242K(13212096K), 0.5106842 secs] 70824863K->59090790K(187275712K), 0.5110965 secs] [Times: user=3.96 sys=0.61, real=0.51 secs] 
2018-04-14T17:37:34.896+0800: 144813.892: [GC (Allocation Failure) 2018-04-14T17:37:34.896+0800: 144813.892: [ParNew: 11814370K->89580K(13212096K), 0.6337218 secs] 70834918K->59111484K(187275712K), 0.6341421 secs] [Times: user=3.99 sys=1.03, real=0.63 secs] 
2018-04-14T17:37:45.548+0800: 144824.544: [GC (Allocation Failure) 2018-04-14T17:37:45.548+0800: 144824.544: [ParNew: 11833708K->101796K(13212096K), 0.5160264 secs] 70855612K->59125250K(187275712K), 0.5164410 secs] [Times: user=4.05 sys=0.03, real=0.52 secs] 
2018-04-14T17:38:04.436+0800: 144843.432: [GC (Allocation Failure) 2018-04-14T17:38:04.436+0800: 144843.432: [ParNew: 11845924K->111062K(13212096K), 0.5477361 secs] 70869378K->59138166K(187275712K), 0.5481512 secs] [Times: user=3.89 sys=0.44, real=0.55 secs] 
2018-04-14T17:38:41.229+0800: 144880.225: [GC (Allocation Failure) 2018-04-14T17:38:41.229+0800: 144880.225: [ParNew: 11855190K->116233K(13212096K), 0.6991712 secs] 70882294K->59146248K(187275712K), 0.6995454 secs] [Times: user=4.06 sys=1.46, real=0.70 secs] 
2018-04-14T17:39:05.651+0800: 144904.647: [GC (Allocation Failure) 2018-04-14T17:39:05.651+0800: 144904.647: [ParNew: 11860361K->151926K(13212096K), 0.6164327 secs] 70890376K->59186029K(187275712K), 0.6168474 secs] [Times: user=4.54 sys=0.37, real=0.62 secs] 
2018-04-14T17:40:21.197+0800: 144980.193: [GC (Allocation Failure) 2018-04-14T17:40:21.198+0800: 144980.194: [ParNew: 11896054K->119936K(13212096K), 0.7352150 secs] 70930157K->59155271K(187275712K), 0.7356635 secs] [Times: user=4.15 sys=1.67, real=0.74 secs] 
2018-04-14T17:41:11.822+0800: 145030.818: [GC (Allocation Failure) 2018-04-14T17:41:11.822+0800: 145030.818: [ParNew: 11864064K->151081K(13212096K), 0.8389070 secs] 70899399K->59188138K(187275712K), 0.8393447 secs] [Times: user=4.73 sys=1.95, real=0.84 secs] 
2018-04-14T17:41:58.919+0800: 145077.915: [GC (Allocation Failure) 2018-04-14T17:41:58.919+0800: 145077.916: [ParNew: 11895209K->208562K(13212096K), 0.6921084 secs] 70932266K->59248392K(187275712K), 0.6925596 secs] [Times: user=4.18 sys=1.25, real=0.70 secs] 
2018-04-14T17:42:46.299+0800: 145125.295: [GC (Allocation Failure) 2018-04-14T17:42:46.299+0800: 145125.295: [ParNew: 11952690K->190309K(13212096K), 0.6216986 secs] 70992520K->59233437K(187275712K), 0.6221193 secs] [Times: user=4.02 sys=0.87, real=0.62 secs] 
2018-04-14T17:43:16.898+0800: 145155.894: [GC (Allocation Failure) 2018-04-14T17:43:16.898+0800: 145155.894: [ParNew: 11934437K->184067K(13212096K), 0.7606495 secs] 70977565K->59238444K(187275712K), 0.7610926 secs] [Times: user=4.48 sys=1.53, real=0.76 secs] 
2018-04-14T17:43:58.286+0800: 145197.282: [GC (Allocation Failure) 2018-04-14T17:43:58.286+0800: 145197.282: [ParNew: 11928195K->151050K(13212096K), 0.6774721 secs] 70982572K->59225188K(187275712K), 0.6779056 secs] [Times: user=4.24 sys=1.12, real=0.68 secs] 
2018-04-14T17:45:03.222+0800: 145262.218: [GC (Allocation Failure) 2018-04-14T17:45:03.222+0800: 145262.218: [ParNew: 11895178K->124853K(13212096K), 0.7216237 secs] 70969316K->59216741K(187275712K), 0.7220710 secs] [Times: user=4.45 sys=1.25, real=0.72 secs] 
2018-04-14T17:45:31.512+0800: 145290.508: [GC (Allocation Failure) 2018-04-14T17:45:31.513+0800: 145290.509: [ParNew: 11868981K->174022K(13212096K), 0.5899018 secs] 70960869K->59275811K(187275712K), 0.5903176 secs] [Times: user=4.05 sys=0.63, real=0.59 secs] 
2018-04-14T17:46:01.597+0800: 145320.594: [GC (Allocation Failure) 2018-04-14T17:46:01.598+0800: 145320.594: [ParNew: 11918150K->171660K(13212096K), 0.6164102 secs] 71019939K->59288950K(187275712K), 0.6168353 secs] [Times: user=4.27 sys=0.62, real=0.62 secs] 
2018-04-14T17:46:41.056+0800: 145360.052: [GC (Allocation Failure) 2018-04-14T17:46:41.056+0800: 145360.052: [ParNew: 11915788K->158364K(13212096K), 0.6980658 secs] 71033078K->59291466K(187275712K), 0.6984925 secs] [Times: user=4.12 sys=1.40, real=0.70 secs] 
2018-04-14T17:47:09.762+0800: 145388.758: [GC (Allocation Failure) 2018-04-14T17:47:09.762+0800: 145388.758: [ParNew: 11902492K->143605K(13212096K), 0.5867170 secs] 71035594K->59285932K(187275712K), 0.5871491 secs] [Times: user=4.12 sys=0.54, real=0.58 secs] 
2018-04-14T17:47:40.413+0800: 145419.409: [GC (Allocation Failure) 2018-04-14T17:47:40.413+0800: 145419.409: [ParNew: 11887733K->139759K(13212096K), 0.7042395 secs] 71030060K->59287834K(187275712K), 0.7046843 secs] [Times: user=4.35 sys=1.23, real=0.70 secs] 
2018-04-14T17:48:07.208+0800: 145446.204: [GC (Allocation Failure) 2018-04-14T17:48:07.208+0800: 145446.204: [ParNew: 11883887K->134583K(13212096K), 0.6112520 secs] 71031962K->59288685K(187275712K), 0.6116748 secs] [Times: user=4.04 sys=0.81, real=0.61 secs] 
2018-04-14T17:48:24.166+0800: 145463.162: [GC (Allocation Failure) 2018-04-14T17:48:24.167+0800: 145463.163: [ParNew: 11878711K->145601K(13212096K), 0.5617830 secs] 71032813K->59305212K(187275712K), 0.5622008 secs] [Times: user=4.05 sys=0.42, real=0.56 secs] 
2018-04-14T17:48:44.517+0800: 145483.513: [GC (Allocation Failure) 2018-04-14T17:48:44.517+0800: 145483.513: [ParNew: 11889729K->122016K(13212096K), 0.6558256 secs] 71049340K->59284772K(187275712K), 0.6562781 secs] [Times: user=4.21 sys=0.99, real=0.66 secs] 
2018-04-14T17:49:10.247+0800: 145509.243: [GC (Allocation Failure) 2018-04-14T17:49:10.247+0800: 145509.243: [ParNew: 11866144K->145724K(13212096K), 0.6658903 secs] 71028900K->59314157K(187275712K), 0.6663191 secs] [Times: user=4.53 sys=0.75, real=0.67 secs] 
2018-04-14T17:49:26.575+0800: 145525.571: [GC (Allocation Failure) 2018-04-14T17:49:26.575+0800: 145525.571: [ParNew: 11889852K->170427K(13212096K), 0.6123288 secs] 71058285K->59341808K(187275712K), 0.6127485 secs] [Times: user=4.64 sys=0.24, real=0.61 secs] 
2018-04-14T17:49:37.145+0800: 145536.141: [GC (Allocation Failure) 2018-04-14T17:49:37.145+0800: 145536.142: [ParNew: 11914555K->195321K(13212096K), 0.6620519 secs] 71085936K->59369264K(187275712K), 0.6624813 secs] [Times: user=4.38 sys=0.86, real=0.66 secs] 
2018-04-14T17:49:46.248+0800: 145545.244: [GC (Allocation Failure) 2018-04-14T17:49:46.248+0800: 145545.244: [ParNew: 11939449K->205989K(13212096K), 0.5180826 secs] 71113392K->59383310K(187275712K), 0.5185017 secs] [Times: user=4.00 sys=0.11, real=0.52 secs] 
2018-04-14T17:50:00.774+0800: 145559.770: [GC (Allocation Failure) 2018-04-14T17:50:00.774+0800: 145559.770: [ParNew: 11950117K->210526K(13212096K), 0.5639083 secs] 71127438K->59389922K(187275712K), 0.5643163 secs] [Times: user=3.99 sys=0.48, real=0.56 secs] 
2018-04-14T17:50:16.150+0800: 145575.146: [GC (Allocation Failure) 2018-04-14T17:50:16.150+0800: 145575.146: [ParNew: 11954654K->141054K(13212096K), 0.5845876 secs] 71134050K->59325746K(187275712K), 0.5849965 secs] [Times: user=4.26 sys=0.40, real=0.59 secs] 
2018-04-14T17:50:29.044+0800: 145588.040: [GC (Allocation Failure) 2018-04-14T17:50:29.044+0800: 145588.040: [ParNew: 11885182K->147144K(13212096K), 0.6272014 secs] 71069874K->59338746K(187275712K), 0.6276358 secs] [Times: user=3.74 sys=1.22, real=0.63 secs] 
2018-04-14T17:50:40.831+0800: 145599.827: [GC (Allocation Failure) 2018-04-14T17:50:40.831+0800: 145599.827: [ParNew: 11891272K->110888K(13212096K), 0.5701865 secs] 71082874K->59307970K(187275712K), 0.5706113 secs] [Times: user=4.13 sys=0.39, real=0.58 secs] 
2018-04-14T17:50:50.753+0800: 145609.749: [GC (Allocation Failure) 2018-04-14T17:50:50.753+0800: 145609.749: [ParNew: 11855016K->122033K(13212096K), 0.5815392 secs] 71052098K->59325943K(187275712K), 0.5819540 secs] [Times: user=4.23 sys=0.39, real=0.58 secs] 
2018-04-14T17:50:59.482+0800: 145618.478: [GC (Allocation Failure) 2018-04-14T17:50:59.482+0800: 145618.478: [ParNew: 11866161K->120231K(13212096K), 0.5263647 secs] 71070071K->59327173K(187275712K), 0.5267878 secs] [Times: user=4.06 sys=0.12, real=0.52 secs] 
2018-04-14T17:51:08.340+0800: 145627.336: [GC (Allocation Failure) 2018-04-14T17:51:08.340+0800: 145627.336: [ParNew: 11864359K->115723K(13212096K), 0.5800912 secs] 71071301K->59325576K(187275712K), 0.5805283 secs] [Times: user=4.20 sys=0.41, real=0.58 secs] 
2018-04-14T17:51:15.871+0800: 145634.867: [GC (Allocation Failure) 2018-04-14T17:51:15.871+0800: 145634.867: [ParNew: 11859851K->137108K(13212096K), 0.5142179 secs] 71069704K->59349467K(187275712K), 0.5146467 secs] [Times: user=3.90 sys=0.19, real=0.52 secs] 
2018-04-14T17:51:23.358+0800: 145642.354: [GC (Allocation Failure) 2018-04-14T17:51:23.358+0800: 145642.354: [ParNew: 11881236K->161069K(13212096K), 0.5478712 secs] 71093595K->59376226K(187275712K), 0.5482901 secs] [Times: user=4.09 sys=0.26, real=0.55 secs] 
2018-04-14T17:51:30.215+0800: 145649.211: [GC (Allocation Failure) 2018-04-14T17:51:30.215+0800: 145649.211: [ParNew: 11905197K->132408K(13212096K), 0.5561926 secs] 71120354K->59350710K(187275712K), 0.5566145 secs] [Times: user=4.11 sys=0.30, real=0.56 secs] 
2018-04-14T17:51:36.348+0800: 145655.344: [GC (Allocation Failure) 2018-04-14T17:51:36.348+0800: 145655.344: [ParNew: 11876536K->175408K(13212096K), 0.5455951 secs] 71094838K->59402420K(187275712K), 0.5460046 secs] [Times: user=4.15 sys=0.17, real=0.55 secs] 
2018-04-14T17:51:42.533+0800: 145661.529: [GC (Allocation Failure) 2018-04-14T17:51:42.533+0800: 145661.529: [ParNew: 11919536K->156567K(13212096K), 0.5508301 secs] 71146548K->59391662K(187275712K), 0.5512538 secs] [Times: user=4.16 sys=0.19, real=0.55 secs] 
2018-04-14T17:51:49.099+0800: 145668.095: [GC (Allocation Failure) 2018-04-14T17:51:49.099+0800: 145668.095: [ParNew: 11900695K->192346K(13212096K), 0.5195384 secs] 71135790K->59434622K(187275712K), 0.5199651 secs] [Times: user=4.11 sys=0.01, real=0.52 secs] 
2018-04-14T17:51:53.809+0800: 145672.805: [GC (Allocation Failure) 2018-04-14T17:51:53.809+0800: 145672.805: [ParNew: 11936474K->185956K(13212096K), 0.5269572 secs] 71178750K->59436423K(187275712K), 0.5277506 secs] [Times: user=4.27 sys=0.42, real=0.53 secs] 
2018-04-14T17:52:01.119+0800: 145680.115: [GC (Allocation Failure) 2018-04-14T17:52:01.120+0800: 145680.116: [ParNew: 11930084K->206228K(13212096K), 0.6359332 secs] 71180551K->59474594K(187275712K), 0.6363570 secs] [Times: user=3.76 sys=1.24, real=0.64 secs] 
2018-04-14T17:52:15.177+0800: 145694.173: [GC (Allocation Failure) 2018-04-14T17:52:15.177+0800: 145694.173: [ParNew: 11950356K->114508K(13212096K), 0.5994401 secs] 71218722K->59388035K(187275712K), 0.5998583 secs] [Times: user=4.40 sys=0.36, real=0.60 secs] 
2018-04-14T17:52:38.582+0800: 145717.578: [GC (Allocation Failure) 2018-04-14T17:52:38.582+0800: 145717.578: [ParNew: 11858636K->160901K(13212096K), 0.5719866 secs] 71132163K->59441206K(187275712K), 0.5724084 secs] [Times: user=4.20 sys=0.34, real=0.57 secs] 
2018-04-14T17:52:49.927+0800: 145728.923: [GC (Allocation Failure) 2018-04-14T17:52:49.927+0800: 145728.923: [ParNew: 11905029K->162589K(13212096K), 0.6149459 secs] 71185334K->59444622K(187275712K), 0.6153927 secs] [Times: user=3.67 sys=1.20, real=0.62 secs] 
2018-04-14T17:52:57.582+0800: 145736.578: [GC (Allocation Failure) 2018-04-14T17:52:57.582+0800: 145736.578: [ParNew: 11906717K->145553K(13212096K), 0.5568523 secs] 71188750K->59431955K(187275712K), 0.5572673 secs] [Times: user=4.16 sys=0.26, real=0.55 secs] 
2018-04-14T17:53:11.921+0800: 145750.917: [GC (Allocation Failure) 2018-04-14T17:53:11.922+0800: 145750.918: [ParNew: 11889681K->165052K(13212096K), 0.5551546 secs] 71176083K->59453837K(187275712K), 0.5555780 secs] [Times: user=4.05 sys=0.36, real=0.55 secs] 
2018-04-14T17:53:23.737+0800: 145762.733: [GC (Allocation Failure) 2018-04-14T17:53:23.738+0800: 145762.734: [ParNew: 11909180K->161049K(13212096K), 0.5711648 secs] 71197965K->59452389K(187275712K), 0.5715795 secs] [Times: user=4.12 sys=0.43, real=0.57 secs] 
2018-04-14T17:53:39.746+0800: 145778.742: [GC (Allocation Failure) 2018-04-14T17:53:39.747+0800: 145778.743: [ParNew: 11905177K->113023K(13212096K), 0.6243977 secs] 71196517K->59407829K(187275712K), 0.6248329 secs] [Times: user=3.39 sys=1.56, real=0.63 secs] 
2018-04-14T17:53:49.958+0800: 145788.954: [GC (Allocation Failure) 2018-04-14T17:53:49.959+0800: 145788.955: [ParNew: 11857151K->117059K(13212096K), 0.5458653 secs] 71151957K->59416566K(187275712K), 0.5462830 secs] [Times: user=4.00 sys=0.32, real=0.55 secs] 
2018-04-14T17:54:08.391+0800: 145807.387: [GC (Allocation Failure) 2018-04-14T17:54:08.391+0800: 145807.387: [ParNew: 11861187K->126478K(13212096K), 0.5690892 secs] 71160694K->59429054K(187275712K), 0.5695091 secs] [Times: user=4.02 sys=0.51, real=0.57 secs] 
2018-04-14T17:54:19.526+0800: 145818.522: [GC (Allocation Failure) 2018-04-14T17:54:19.526+0800: 145818.523: [ParNew: 11870606K->139517K(13212096K), 0.6688475 secs] 71173182K->59445492K(187275712K), 0.6692784 secs] [Times: user=4.12 sys=1.17, real=0.67 secs] 
2018-04-14T17:54:36.041+0800: 145835.037: [GC (Allocation Failure) 2018-04-14T17:54:36.041+0800: 145835.037: [ParNew: 11883645K->164110K(13212096K), 0.4964229 secs] 71189620K->59471739K(187275712K), 0.4968457 secs] [Times: user=3.58 sys=0.37, real=0.50 secs] 
2018-04-14T17:54:46.695+0800: 145845.691: [GC (Allocation Failure) 2018-04-14T17:54:46.695+0800: 145845.691: [ParNew: 11908238K->148395K(13212096K), 0.5816499 secs] 71215867K->59457606K(187275712K), 0.5820704 secs] [Times: user=4.19 sys=0.43, real=0.58 secs] 
2018-04-14T17:54:56.180+0800: 145855.176: [GC (Allocation Failure) 2018-04-14T17:54:56.180+0800: 145855.176: [ParNew: 11892523K->146092K(13212096K), 0.5041498 secs] 71201734K->59461020K(187275712K), 0.5045623 secs] [Times: user=3.62 sys=0.38, real=0.51 secs] 
2018-04-14T17:55:17.018+0800: 145876.014: [GC (Allocation Failure) 2018-04-14T17:55:17.018+0800: 145876.014: [ParNew: 11890220K->109813K(13212096K), 0.6339797 secs] 71205148K->59427403K(187275712K), 0.6344074 secs] [Times: user=3.75 sys=1.28, real=0.64 secs] 
2018-04-14T17:55:56.024+0800: 145915.020: [GC (Allocation Failure) 2018-04-14T17:55:56.024+0800: 145915.020: [ParNew: 11853941K->113081K(13212096K), 0.6110101 secs] 71171531K->59433052K(187275712K), 0.6114300 secs] [Times: user=4.01 sys=0.85, real=0.61 secs] 
2018-04-14T17:56:03.790+0800: 145922.786: [GC (Allocation Failure) 2018-04-14T17:56:03.790+0800: 145922.786: [ParNew: 11857209K->98399K(13212096K), 0.5240785 secs] 71177180K->59425022K(187275712K), 0.5244956 secs] [Times: user=3.73 sys=0.43, real=0.53 secs] 
2018-04-14T17:56:14.877+0800: 145933.873: [GC (Allocation Failure) 2018-04-14T17:56:14.878+0800: 145933.874: [ParNew: 11842527K->94283K(13212096K), 0.4779364 secs] 71169150K->59428141K(187275712K), 0.4783490 secs] [Times: user=3.79 sys=0.00, real=0.48 secs] 
2018-04-14T17:56:36.030+0800: 145955.026: [GC (Allocation Failure) 2018-04-14T17:56:36.030+0800: 145955.026: [ParNew: 11838411K->114748K(13212096K), 0.7099825 secs] 71172269K->59452598K(187275712K), 0.7104056 secs] [Times: user=4.20 sys=1.39, real=0.71 secs] 
2018-04-14T17:57:54.411+0800: 146033.407: [GC (Allocation Failure) 2018-04-14T17:57:54.411+0800: 146033.407: [ParNew: 11858876K->138197K(13212096K), 0.7587358 secs] 71196726K->59477758K(187275712K), 0.7591702 secs] [Times: user=5.16 sys=0.81, real=0.76 secs] 
2018-04-14T18:00:19.748+0800: 146178.744: [GC (Allocation Failure) 2018-04-14T18:00:19.748+0800: 146178.744: [ParNew: 11882325K->101792K(13212096K), 0.8990713 secs] 71221886K->59443965K(187275712K), 0.8995084 secs] [Times: user=4.84 sys=2.24, real=0.90 secs] 
2018-04-14T18:01:44.780+0800: 146263.776: [GC (Allocation Failure) 2018-04-14T18:01:44.780+0800: 146263.776: [ParNew: 11845920K->136276K(13212096K), 0.8449375 secs] 71188093K->59487978K(187275712K), 0.8453680 secs] [Times: user=4.98 sys=1.61, real=0.85 secs] 
2018-04-14T18:04:22.951+0800: 146421.947: [GC (Allocation Failure) 2018-04-14T18:04:22.952+0800: 146421.948: [ParNew: 11880404K->136530K(13212096K), 0.7605373 secs] 71232106K->59489176K(187275712K), 0.7609743 secs] [Times: user=4.93 sys=1.06, real=0.76 secs] 
2018-04-14T18:05:16.818+0800: 146475.814: [GC (Allocation Failure) 2018-04-14T18:05:16.819+0800: 146475.815: [ParNew: 11880658K->137679K(13212096K), 0.7313157 secs] 71233304K->59491184K(187275712K), 0.7317448 secs] [Times: user=4.08 sys=1.69, real=0.73 secs] 
2018-04-14T18:06:09.819+0800: 146528.815: [GC (Allocation Failure) 2018-04-14T18:06:09.820+0800: 146528.816: [ParNew: 11881807K->194781K(13212096K), 0.7943051 secs] 71235312K->59554742K(187275712K), 0.7947300 secs] [Times: user=5.43 sys=0.88, real=0.80 secs] 
2018-04-14T18:06:21.483+0800: 146540.479: [GC (Allocation Failure) 2018-04-14T18:06:21.483+0800: 146540.479: [ParNew: 11938909K->198228K(13212096K), 0.5616064 secs] 71298870K->59566251K(187275712K), 0.5620465 secs] [Times: user=4.12 sys=0.34, real=0.56 secs] 
2018-04-14T18:06:33.195+0800: 146552.191: [GC (Allocation Failure) 2018-04-14T18:06:33.195+0800: 146552.191: [ParNew: 11942356K->199605K(13212096K), 0.6227872 secs] 71310379K->59579069K(187275712K), 0.6232078 secs] [Times: user=4.66 sys=0.26, real=0.62 secs] 
2018-04-14T18:06:47.506+0800: 146566.502: [GC (Allocation Failure) 2018-04-14T18:06:47.506+0800: 146566.502: [ParNew: 11943733K->186259K(13212096K), 0.6325410 secs] 71323197K->59581268K(187275712K), 0.6329788 secs] [Times: user=3.76 sys=1.24, real=0.63 secs] 
2018-04-14T18:07:18.593+0800: 146597.589: [GC (Allocation Failure) 2018-04-14T18:07:18.594+0800: 146597.590: [ParNew: 11930387K->125159K(13212096K), 0.6590395 secs] 71325396K->59534398K(187275712K), 0.6594651 secs] [Times: user=4.18 sys=1.06, real=0.66 secs] 
2018-04-14T18:07:42.881+0800: 146621.877: [GC (Allocation Failure) 2018-04-14T18:07:42.881+0800: 146621.877: [ParNew: 11869287K->79872K(13212096K), 0.6171126 secs] 71278526K->59493737K(187275712K), 0.6175398 secs] [Times: user=4.56 sys=0.34, real=0.62 secs] 
2018-04-14T18:07:55.358+0800: 146634.354: [GC (Allocation Failure) 2018-04-14T18:07:55.359+0800: 146634.355: [ParNew: 11824000K->81225K(13212096K), 0.6325306 secs] 71237865K->59507391K(187275712K), 0.6329810 secs] [Times: user=3.77 sys=1.23, real=0.64 secs] 
2018-04-14T18:08:02.770+0800: 146641.766: [GC (Allocation Failure) 2018-04-14T18:08:02.770+0800: 146641.766: [ParNew: 11825353K->84626K(13212096K), 0.4984705 secs] 71251519K->59519147K(187275712K), 0.4988818 secs] [Times: user=3.85 sys=0.10, real=0.50 secs] 
2018-04-14T18:08:08.733+0800: 146647.729: [GC (Allocation Failure) 2018-04-14T18:08:08.734+0800: 146647.730: [ParNew: 11828754K->89110K(13212096K), 0.5409835 secs] 71263275K->59531912K(187275712K), 0.5413931 secs] [Times: user=4.07 sys=0.21, real=0.54 secs] 
2018-04-14T18:08:13.821+0800: 146652.817: [GC (Allocation Failure) 2018-04-14T18:08:13.821+0800: 146652.817: [ParNew: 11833238K->78484K(13212096K), 0.4748274 secs] 71276040K->59527970K(187275712K), 0.4752239 secs] [Times: user=3.77 sys=0.00, real=0.48 secs] 
2018-04-14T18:08:18.647+0800: 146657.643: [GC (Allocation Failure) 2018-04-14T18:08:18.647+0800: 146657.643: [ParNew: 11822612K->64716K(13212096K), 0.4918578 secs] 71272098K->59516922K(187275712K), 0.4922536 secs] [Times: user=3.88 sys=0.02, real=0.49 secs] 
2018-04-14T18:08:24.331+0800: 146663.327: [GC (Allocation Failure) 2018-04-14T18:08:24.331+0800: 146663.327: [ParNew: 11808844K->79007K(13212096K), 0.5228060 secs] 71261050K->59535158K(187275712K), 0.5232267 secs] [Times: user=4.00 sys=0.15, real=0.53 secs] 
2018-04-14T18:08:32.356+0800: 146671.352: [GC (Allocation Failure) 2018-04-14T18:08:32.356+0800: 146671.352: [ParNew: 11823135K->81202K(13212096K), 0.5225285 secs] 71279286K->59544498K(187275712K), 0.5229330 secs] [Times: user=4.11 sys=0.04, real=0.52 secs] 
2018-04-14T18:08:41.605+0800: 146680.601: [GC (Allocation Failure) 2018-04-14T18:08:41.605+0800: 146680.601: [ParNew: 11825330K->53008K(13212096K), 0.5910702 secs] 71288626K->59521418K(187275712K), 0.5914928 secs] [Times: user=3.53 sys=1.15, real=0.59 secs] 
2018-04-14T18:08:51.514+0800: 146690.511: [GC (Allocation Failure) 2018-04-14T18:08:51.515+0800: 146690.511: [ParNew: 11797136K->46112K(13212096K), 0.5205688 secs] 71265546K->59517278K(187275712K), 0.5209799 secs] [Times: user=3.82 sys=0.32, real=0.52 secs] 
2018-04-14T18:09:02.480+0800: 146701.476: [GC (Allocation Failure) 2018-04-14T18:09:02.480+0800: 146701.476: [ParNew: 11790240K->37976K(13212096K), 0.5486955 secs] 71261406K->59512277K(187275712K), 0.5491081 secs] [Times: user=3.91 sys=0.45, real=0.55 secs] 
2018-04-14T18:09:16.866+0800: 146715.862: [GC (Allocation Failure) 2018-04-14T18:09:16.867+0800: 146715.863: [ParNew: 11782104K->33311K(13212096K), 0.4785672 secs] 71256405K->59509604K(187275712K), 0.4789762 secs] [Times: user=3.39 sys=0.40, real=0.48 secs] 
2018-04-14T18:09:39.098+0800: 146738.094: [GC (Allocation Failure) 2018-04-14T18:09:39.098+0800: 146738.094: [ParNew: 11777439K->39226K(13212096K), 0.6503974 secs] 71253732K->59516864K(187275712K), 0.6508320 secs] [Times: user=3.91 sys=1.25, real=0.65 secs] 
2018-04-14T18:09:55.304+0800: 146754.300: [GC (Allocation Failure) 2018-04-14T18:09:55.304+0800: 146754.300: [ParNew: 11783354K->38090K(13212096K), 0.5492637 secs] 71260992K->59517102K(187275712K), 0.5496820 secs] [Times: user=3.80 sys=0.58, real=0.55 secs] 
2018-04-14T18:10:08.011+0800: 146767.007: [GC (Allocation Failure) 2018-04-14T18:10:08.011+0800: 146767.007: [ParNew: 11782218K->49357K(13212096K), 0.5372377 secs] 71261230K->59528892K(187275712K), 0.5376452 secs] [Times: user=3.90 sys=0.37, real=0.54 secs] 
2018-04-14T18:10:25.383+0800: 146784.379: [GC (Allocation Failure) 2018-04-14T18:10:25.384+0800: 146784.380: [ParNew: 11793485K->51468K(13212096K), 0.6118521 secs] 71273020K->59531716K(187275712K), 0.6122713 secs] [Times: user=3.56 sys=1.29, real=0.61 secs] 
2018-04-14T18:10:37.084+0800: 146796.080: [GC (Allocation Failure) 2018-04-14T18:10:37.084+0800: 146796.080: [ParNew: 11795596K->70034K(13212096K), 0.5442693 secs] 71275844K->59551258K(187275712K), 0.5446310 secs] [Times: user=4.10 sys=0.22, real=0.54 secs] 
2018-04-14T18:10:46.041+0800: 146805.037: [GC (Allocation Failure) 2018-04-14T18:10:46.041+0800: 146805.037: [ParNew: 11814162K->69976K(13212096K), 0.5811656 secs] 71295386K->59552263K(187275712K), 0.5815791 secs] [Times: user=4.03 sys=0.59, real=0.59 secs] 
2018-04-14T18:10:56.468+0800: 146815.464: [GC (Allocation Failure) 2018-04-14T18:10:56.468+0800: 146815.464: [ParNew: 11814104K->62378K(13212096K), 0.5284797 secs] 71296391K->59546500K(187275712K), 0.5289002 secs] [Times: user=3.89 sys=0.31, real=0.53 secs] 
2018-04-14T18:11:13.735+0800: 146832.731: [GC (Allocation Failure) 2018-04-14T18:11:13.736+0800: 146832.732: [ParNew: 11806506K->53296K(13212096K), 0.6326232 secs] 71290628K->59538662K(187275712K), 0.6330431 secs] [Times: user=3.92 sys=1.09, real=0.63 secs] 
2018-04-14T18:11:30.409+0800: 146849.405: [GC (Allocation Failure) 2018-04-14T18:11:30.410+0800: 146849.406: [ParNew: 11797424K->58234K(13212096K), 0.5423678 secs] 71282790K->59547962K(187275712K), 0.5427828 secs] [Times: user=3.98 sys=0.34, real=0.55 secs] 
2018-04-14T18:11:41.091+0800: 146860.087: [GC (Allocation Failure) 2018-04-14T18:11:41.091+0800: 146860.087: [ParNew: 11802362K->59680K(13212096K), 0.5138350 secs] 71292090K->59552884K(187275712K), 0.5142395 secs] [Times: user=3.78 sys=0.30, real=0.52 secs] 
2018-04-14T18:11:56.315+0800: 146875.311: [GC (Allocation Failure) 2018-04-14T18:11:56.315+0800: 146875.311: [ParNew: 11803808K->46394K(13212096K), 0.5246759 secs] 71297012K->59542106K(187275712K), 0.5250914 secs] [Times: user=3.97 sys=0.20, real=0.52 secs] 
2018-04-14T18:12:27.004+0800: 146906.000: [GC (Allocation Failure) 2018-04-14T18:12:27.004+0800: 146906.000: [ParNew: 11790522K->40956K(13212096K), 0.6917455 secs] 71286234K->59537884K(187275712K), 0.6921756 secs] [Times: user=3.71 sys=1.78, real=0.69 secs] 
2018-04-14T18:13:02.595+0800: 146941.591: [GC (Allocation Failure) 2018-04-14T18:13:02.595+0800: 146941.591: [ParNew: 11785084K->48978K(13212096K), 0.6022569 secs] 71282012K->59546749K(187275712K), 0.6026814 secs] [Times: user=3.84 sys=0.95, real=0.60 secs] 
2018-04-14T18:14:02.827+0800: 147001.823: [GC (Allocation Failure) 2018-04-14T18:14:02.827+0800: 147001.823: [ParNew: 11793106K->59201K(13212096K), 0.8389046 secs] 71290877K->59557914K(187275712K), 0.8393259 secs] [Times: user=4.38 sys=2.25, real=0.84 secs] 
2018-04-14T18:15:46.685+0800: 147105.681: [GC (Allocation Failure) 2018-04-14T18:15:46.685+0800: 147105.681: [ParNew: 11803329K->76401K(13212096K), 0.8448649 secs] 71302042K->59575995K(187275712K), 0.8452964 secs] [Times: user=4.86 sys=1.76, real=0.84 secs] 
2018-04-14T18:17:45.160+0800: 147224.156: [GC (Allocation Failure) 2018-04-14T18:17:45.160+0800: 147224.156: [ParNew: 11820529K->104323K(13212096K), 0.8391191 secs] 71320123K->59604287K(187275712K), 0.8395407 secs] [Times: user=5.08 sys=1.57, real=0.84 secs] 
2018-04-14T18:18:48.297+0800: 147287.293: [GC (Allocation Failure) 2018-04-14T18:18:48.297+0800: 147287.293: [ParNew: 11848451K->133072K(13212096K), 0.7292420 secs] 71348415K->59634735K(187275712K), 0.7296553 secs] [Times: user=4.06 sys=1.67, real=0.73 secs] 
2018-04-14T18:19:24.222+0800: 147323.218: [GC (Allocation Failure) 2018-04-14T18:19:24.222+0800: 147323.218: [ParNew: 11877200K->173624K(13212096K), 0.5791750 secs] 71378863K->59676040K(187275712K), 0.5795922 secs] [Times: user=3.83 sys=0.77, real=0.58 secs] 
2018-04-14T18:19:44.963+0800: 147343.959: [GC (Allocation Failure) 2018-04-14T18:19:44.963+0800: 147343.959: [ParNew: 11917752K->165977K(13212096K), 0.7239528 secs] 71420168K->59669845K(187275712K), 0.7243769 secs] [Times: user=4.96 sys=0.79, real=0.72 secs] 
2018-04-14T18:20:03.060+0800: 147362.056: [GC (Allocation Failure) 2018-04-14T18:20:03.060+0800: 147362.056: [ParNew: 11910105K->164630K(13212096K), 0.6068585 secs] 71413973K->59674857K(187275712K), 0.6072647 secs] [Times: user=4.17 sys=0.66, real=0.61 secs] 
2018-04-14T18:20:16.882+0800: 147375.878: [GC (Allocation Failure) 2018-04-14T18:20:16.882+0800: 147375.878: [ParNew: 11908758K->162627K(13212096K), 0.5879744 secs] 71418985K->59685266K(187275712K), 0.5884140 secs] [Times: user=4.30 sys=0.35, real=0.58 secs] 
2018-04-14T18:20:29.939+0800: 147388.935: [GC (Allocation Failure) 2018-04-14T18:20:29.939+0800: 147388.935: [ParNew: 11906755K->157139K(13212096K), 0.4878819 secs] 71429394K->59695294K(187275712K), 0.4882973 secs] [Times: user=3.56 sys=0.29, real=0.49 secs] 
2018-04-14T18:20:40.806+0800: 147399.802: [GC (Allocation Failure) 2018-04-14T18:20:40.807+0800: 147399.803: [ParNew: 11901267K->91154K(13212096K), 0.6275706 secs] 71439422K->59649634K(187275712K), 0.6279919 secs] [Times: user=3.67 sys=1.28, real=0.63 secs] 
2018-04-14T18:20:53.510+0800: 147412.506: [GC (Allocation Failure) 2018-04-14T18:20:53.510+0800: 147412.506: [ParNew: 11835282K->94313K(13212096K), 0.5054846 secs] 71393762K->59657898K(187275712K), 0.5058968 secs] [Times: user=3.81 sys=0.21, real=0.51 secs] 
2018-04-14T18:21:03.449+0800: 147422.445: [GC (Allocation Failure) 2018-04-14T18:21:03.449+0800: 147422.445: [ParNew: 11838441K->98898K(13212096K), 0.5246437 secs] 71402026K->59664616K(187275712K), 0.5250433 secs] [Times: user=3.84 sys=0.33, real=0.53 secs] 
2018-04-14T18:21:10.515+0800: 147429.511: [GC (Allocation Failure) 2018-04-14T18:21:10.515+0800: 147429.511: [ParNew: 11843026K->120206K(13212096K), 0.5075988 secs] 71408744K->59687902K(187275712K), 0.5080179 secs] [Times: user=3.93 sys=0.10, real=0.51 secs] 
2018-04-14T18:21:17.840+0800: 147436.836: [GC (Allocation Failure) 2018-04-14T18:21:17.840+0800: 147436.836: [ParNew: 11864334K->114980K(13212096K), 0.5035327 secs] 71432030K->59687214K(187275712K), 0.5039370 secs] [Times: user=3.97 sys=0.03, real=0.51 secs] 
2018-04-14T18:21:28.265+0800: 147447.261: [GC (Allocation Failure) 2018-04-14T18:21:28.265+0800: 147447.261: [ParNew: 11859108K->82591K(13212096K), 0.6424402 secs] 71431342K->59656776K(187275712K), 0.6428671 secs] [Times: user=3.45 sys=1.62, real=0.64 secs] 
2018-04-14T18:21:45.926+0800: 147464.922: [GC (Allocation Failure) 2018-04-14T18:21:45.926+0800: 147464.922: [ParNew: 11826719K->77020K(13212096K), 0.5504217 secs] 71400904K->59652767K(187275712K), 0.5508321 secs] [Times: user=3.87 sys=0.50, real=0.55 secs] 
2018-04-14T18:22:03.794+0800: 147482.790: [GC (Allocation Failure) 2018-04-14T18:22:03.794+0800: 147482.791: [ParNew: 11821148K->105444K(13212096K), 0.5500302 secs] 71396895K->59682390K(187275712K), 0.5504371 secs] [Times: user=4.00 sys=0.37, real=0.55 secs] 
2018-04-14T18:22:20.703+0800: 147499.699: [GC (Allocation Failure) 2018-04-14T18:22:20.703+0800: 147499.700: [ParNew: 11849572K->94251K(13212096K), 0.6315480 secs] 71426518K->59673412K(187275712K), 0.6319675 secs] [Times: user=3.58 sys=1.42, real=0.63 secs] 
2018-04-14T18:22:43.941+0800: 147522.938: [GC (Allocation Failure) 2018-04-14T18:22:43.942+0800: 147522.938: [ParNew: 11838379K->61780K(13212096K), 0.5984392 secs] 71417540K->59642953K(187275712K), 0.5988310 secs] [Times: user=4.38 sys=0.38, real=0.59 secs] 
2018-04-14T18:23:09.504+0800: 147548.500: [GC (Allocation Failure) 2018-04-14T18:23:09.504+0800: 147548.500: [ParNew: 11805908K->94349K(13212096K), 0.5793707 secs] 71387081K->59676074K(187275712K), 0.5797354 secs] [Times: user=4.41 sys=0.20, real=0.58 secs] 
2018-04-14T18:23:30.745+0800: 147569.741: [GC (Allocation Failure) 2018-04-14T18:23:30.746+0800: 147569.742: [ParNew: 11838477K->104893K(13212096K), 0.6422555 secs] 71420202K->59687519K(187275712K), 0.6426579 secs] [Times: user=3.80 sys=1.29, real=0.64 secs] 
2018-04-14T18:23:48.016+0800: 147587.012: [GC (Allocation Failure) 2018-04-14T18:23:48.017+0800: 147587.013: [ParNew: 11849021K->86695K(13212096K), 0.5309100 secs] 71431647K->59671023K(187275712K), 0.5313068 secs] [Times: user=3.83 sys=0.38, real=0.53 secs] 
2018-04-14T18:23:59.820+0800: 147598.816: [GC (Allocation Failure) 2018-04-14T18:23:59.820+0800: 147598.816: [ParNew: 11830823K->108523K(13212096K), 0.5864401 secs] 71415151K->59694821K(187275712K), 0.5868432 secs] [Times: user=4.49 sys=0.17, real=0.59 secs] 
2018-04-14T18:24:09.511+0800: 147608.507: [GC (Allocation Failure) 2018-04-14T18:24:09.511+0800: 147608.507: [ParNew: 11852651K->134063K(13212096K), 0.6333625 secs] 71438949K->59721690K(187275712K), 0.6337837 secs] [Times: user=3.68 sys=1.33, real=0.63 secs] 
2018-04-14T18:24:16.817+0800: 147615.813: [GC (Allocation Failure) 2018-04-14T18:24:16.818+0800: 147615.814: [ParNew: 11878191K->175193K(13212096K), 0.5824611 secs] 71465818K->59765137K(187275712K), 0.5828621 secs] [Times: user=4.50 sys=0.11, real=0.58 secs] 
2018-04-14T18:24:24.381+0800: 147623.377: [GC (Allocation Failure) 2018-04-14T18:24:24.381+0800: 147623.377: [ParNew: 11919321K->190494K(13212096K), 0.5898904 secs] 71509265K->59783692K(187275712K), 0.5902991 secs] [Times: user=4.54 sys=0.15, real=0.60 secs] 
2018-04-14T18:24:33.301+0800: 147632.297: [GC (Allocation Failure) 2018-04-14T18:24:33.301+0800: 147632.297: [ParNew: 11934622K->210332K(13212096K), 0.5865706 secs] 71527820K->59806397K(187275712K), 0.5869751 secs] [Times: user=4.32 sys=0.33, real=0.58 secs] 
2018-04-14T18:24:42.176+0800: 147641.172: [GC (Allocation Failure) 2018-04-14T18:24:42.176+0800: 147641.172: [ParNew: 11954460K->224952K(13212096K), 0.5448741 secs] 71550525K->59823787K(187275712K), 0.5452695 secs] [Times: user=4.11 sys=0.22, real=0.54 secs] 
2018-04-14T18:24:49.961+0800: 147648.957: [GC (Allocation Failure) 2018-04-14T18:24:49.961+0800: 147648.957: [ParNew: 11969080K->227838K(13212096K), 0.5326444 secs] 71567915K->59830587K(187275712K), 0.5330385 secs] [Times: user=4.20 sys=0.03, real=0.54 secs] 
2018-04-14T18:25:00.965+0800: 147659.961: [GC (Allocation Failure) 2018-04-14T18:25:00.966+0800: 147659.962: [ParNew: 11971966K->193973K(13212096K), 0.6467902 secs] 71574715K->59803509K(187275712K), 0.6472033 secs] [Times: user=3.42 sys=1.69, real=0.65 secs] 
2018-04-14T18:25:26.736+0800: 147685.732: [GC (Allocation Failure) 2018-04-14T18:25:26.736+0800: 147685.732: [ParNew: 11938101K->95909K(13212096K), 0.5292262 secs] 71547637K->59709996K(187275712K), 0.5296390 secs] [Times: user=3.61 sys=0.58, real=0.53 secs] 
2018-04-14T18:25:39.445+0800: 147698.441: [GC (Allocation Failure) 2018-04-14T18:25:39.446+0800: 147698.442: [ParNew: 11840037K->62665K(13212096K), 0.5253644 secs] 71454124K->59678419K(187275712K), 0.5257723 secs] [Times: user=3.88 sys=0.29, real=0.53 secs] 
2018-04-14T18:25:49.625+0800: 147708.621: [GC (Allocation Failure) 2018-04-14T18:25:49.625+0800: 147708.621: [ParNew: 11806793K->68654K(13212096K), 0.4983401 secs] 71422547K->59687394K(187275712K), 0.4987420 secs] [Times: user=3.94 sys=0.01, real=0.50 secs] 
2018-04-14T18:26:01.181+0800: 147720.177: [GC (Allocation Failure) 2018-04-14T18:26:01.181+0800: 147720.177: [ParNew: 11812782K->72229K(13212096K), 0.6220553 secs] 71431522K->59696654K(187275712K), 0.6224657 secs] [Times: user=3.29 sys=1.63, real=0.63 secs] 
2018-04-14T18:26:10.831+0800: 147729.827: [GC (Allocation Failure) 2018-04-14T18:26:10.831+0800: 147729.827: [ParNew: 11816357K->64122K(13212096K), 0.5436230 secs] 71440782K->59693633K(187275712K), 0.5440305 secs] [Times: user=4.11 sys=0.21, real=0.55 secs] 
2018-04-14T18:26:20.251+0800: 147739.247: [GC (Allocation Failure) 2018-04-14T18:26:20.251+0800: 147739.247: [ParNew: 11808250K->75982K(13212096K), 0.5489886 secs] 71437761K->59708865K(187275712K), 0.5493895 secs] [Times: user=4.10 sys=0.25, real=0.55 secs] 
2018-04-14T18:26:33.982+0800: 147752.978: [GC (Allocation Failure) 2018-04-14T18:26:33.982+0800: 147752.978: [ParNew: 11819845K->68439K(13212096K), 0.4821932 secs] 71452728K->59707955K(187275712K), 0.4826019 secs] [Times: user=3.38 sys=0.44, real=0.48 secs] 
2018-04-14T18:26:52.875+0800: 147771.871: [GC (Allocation Failure) 2018-04-14T18:26:52.875+0800: 147771.871: [ParNew: 11812567K->71480K(13212096K), 0.6337385 secs] 71452083K->59712474K(187275712K), 0.6341189 secs] [Times: user=3.44 sys=1.57, real=0.63 secs] 
2018-04-14T18:28:41.951+0800: 147880.947: [GC (Allocation Failure) 2018-04-14T18:28:41.952+0800: 147880.948: [ParNew: 11815608K->61690K(13212096K), 0.6889650 secs] 71456602K->59703911K(187275712K), 0.6893415 secs] [Times: user=4.49 sys=0.95, real=0.68 secs] 
2018-04-14T18:30:43.422+0800: 148002.418: [GC (Allocation Failure) 2018-04-14T18:30:43.423+0800: 148002.419: [ParNew: 11805818K->86310K(13212096K), 0.9093905 secs] 71448039K->59730634K(187275712K), 0.9098053 secs] [Times: user=4.93 sys=2.22, real=0.91 secs] 
2018-04-14T18:32:52.057+0800: 148131.053: [GC (Allocation Failure) 2018-04-14T18:32:52.057+0800: 148131.053: [ParNew: 11830438K->112316K(13212096K), 1.1650953 secs] 71474762K->59758661K(187275712K), 1.1655345 secs] [Times: user=6.27 sys=2.94, real=1.17 secs] 
2018-04-14T18:33:33.110+0800: 148172.106: [GC (Allocation Failure) 2018-04-14T18:33:33.111+0800: 148172.107: [ParNew: 11856444K->136282K(13212096K), 0.6906801 secs] 71502789K->59783138K(187275712K), 0.6911068 secs] [Times: user=4.07 sys=1.42, real=0.70 secs] 
2018-04-14T18:33:59.371+0800: 148198.367: [GC (Allocation Failure) 2018-04-14T18:33:59.371+0800: 148198.367: [ParNew: 11880410K->139713K(13212096K), 0.6452183 secs] 71527266K->59788145K(187275712K), 0.6456407 secs] [Times: user=4.16 sys=0.96, real=0.65 secs] 
2018-04-14T18:36:11.254+0800: 148330.250: [GC (Allocation Failure) 2018-04-14T18:36:11.255+0800: 148330.251: [ParNew: 11883841K->144792K(13212096K), 1.0348111 secs] 71532273K->59795462K(187275712K), 1.0352323 secs] [Times: user=5.28 sys=2.92, real=1.03 secs] 
2018-04-14T18:36:46.088+0800: 148365.084: [GC (Allocation Failure) 2018-04-14T18:36:46.088+0800: 148365.084: [ParNew: 11888920K->149051K(13212096K), 0.6386764 secs] 71539590K->59808172K(187275712K), 0.6391121 secs] [Times: user=4.56 sys=0.50, real=0.64 secs] 
2018-04-14T18:37:25.142+0800: 148404.138: [GC (Allocation Failure) 2018-04-14T18:37:25.142+0800: 148404.138: [ParNew: 11893179K->104120K(13212096K), 0.6384341 secs] 71552300K->59774343K(187275712K), 0.6388641 secs] [Times: user=3.45 sys=1.60, real=0.63 secs] 
2018-04-14T18:37:39.859+0800: 148418.855: [GC (Allocation Failure) 2018-04-14T18:37:39.859+0800: 148418.855: [ParNew: 11848248K->103407K(13212096K), 0.4889259 secs] 71518471K->59785385K(187275712K), 0.4893440 secs] [Times: user=3.60 sys=0.27, real=0.49 secs] 
2018-04-14T18:37:58.528+0800: 148437.524: [GC (Allocation Failure) 2018-04-14T18:37:58.528+0800: 148437.524: [ParNew: 11847535K->87221K(13212096K), 0.6030767 secs] 71529513K->59775431K(187275712K), 0.6034848 secs] [Times: user=4.17 sys=0.61, real=0.61 secs] 
2018-04-14T18:38:22.165+0800: 148461.161: [GC (Allocation Failure) 2018-04-14T18:38:22.165+0800: 148461.161: [ParNew: 11831349K->111494K(13212096K), 0.6217154 secs] 71519559K->59802934K(187275712K), 0.6221413 secs] [Times: user=3.48 sys=1.44, real=0.62 secs] 
2018-04-14T18:38:39.963+0800: 148478.959: [GC (Allocation Failure) 2018-04-14T18:38:39.963+0800: 148478.959: [ParNew: 11855622K->120796K(13212096K), 0.5357819 secs] 71547062K->59821943K(187275712K), 0.5362000 secs] [Times: user=3.86 sys=0.39, real=0.53 secs] 
2018-04-14T18:38:51.112+0800: 148490.108: [GC (Allocation Failure) 2018-04-14T18:38:51.112+0800: 148490.108: [ParNew: 11864924K->122708K(13212096K), 0.5360171 secs] 71566071K->59830814K(187275712K), 0.5364251 secs] [Times: user=4.01 sys=0.25, real=0.53 secs] 
2018-04-14T18:38:58.365+0800: 148497.361: [GC (Allocation Failure) 2018-04-14T18:38:58.366+0800: 148497.362: [ParNew: 11866836K->139085K(13212096K), 0.4669871 secs] 71574942K->59855202K(187275712K), 0.4673908 secs] [Times: user=3.55 sys=0.15, real=0.47 secs] 
2018-04-14T18:39:05.238+0800: 148504.234: [GC (Allocation Failure) 2018-04-14T18:39:05.239+0800: 148504.235: [ParNew: 11883213K->141569K(13212096K), 0.6412309 secs] 71599330K->59858609K(187275712K), 0.6416414 secs] [Times: user=3.74 sys=1.34, real=0.64 secs] 
2018-04-14T18:39:14.504+0800: 148513.500: [GC (Allocation Failure) 2018-04-14T18:39:14.504+0800: 148513.500: [ParNew: 11885697K->113963K(13212096K), 0.4978183 secs] 71602737K->59834453K(187275712K), 0.4982246 secs] [Times: user=3.95 sys=0.00, real=0.50 secs] 
2018-04-14T18:39:28.813+0800: 148527.809: [GC (Allocation Failure) 2018-04-14T18:39:28.813+0800: 148527.809: [ParNew: 11858091K->92725K(13212096K), 0.5309914 secs] 71578581K->59819238K(187275712K), 0.5313718 secs] [Times: user=3.78 sys=0.44, real=0.53 secs] 
2018-04-14T18:39:54.136+0800: 148553.132: [GC (Allocation Failure) 2018-04-14T18:39:54.136+0800: 148553.132: [ParNew: 11836853K->77115K(13212096K), 0.5409313 secs] 71563366K->59810968K(187275712K), 0.5413490 secs] [Times: user=3.86 sys=0.44, real=0.54 secs] 
2018-04-14T18:40:07.011+0800: 148566.007: [GC (Allocation Failure) 2018-04-14T18:40:07.011+0800: 148566.007: [ParNew: 11821243K->47917K(13212096K), 0.6264817 secs] 71555096K->59785264K(187275712K), 0.6269005 secs] [Times: user=3.46 sys=1.48, real=0.63 secs] 
2018-04-14T18:40:27.644+0800: 148586.640: [GC (Allocation Failure) 2018-04-14T18:40:27.644+0800: 148586.640: [ParNew: 11792045K->80451K(13212096K), 0.5114501 secs] 71529392K->59818847K(187275712K), 0.5118688 secs] [Times: user=3.49 sys=0.56, real=0.51 secs] 
2018-04-14T18:41:13.934+0800: 148632.930: [GC (Allocation Failure) 2018-04-14T18:41:13.934+0800: 148632.930: [ParNew: 11824579K->74604K(13212096K), 0.8296650 secs] 71562975K->59814240K(187275712K), 0.8300774 secs] [Times: user=4.84 sys=1.73, real=0.83 secs] 
2018-04-14T18:41:38.207+0800: 148657.203: [GC (Allocation Failure) 2018-04-14T18:41:38.207+0800: 148657.203: [ParNew: 11818732K->75335K(13212096K), 0.5688024 secs] 71558368K->59817661K(187275712K), 0.5692085 secs] [Times: user=4.07 sys=0.45, real=0.57 secs] 
2018-04-14T18:41:53.199+0800: 148672.195: [GC (Allocation Failure) 2018-04-14T18:41:53.199+0800: 148672.195: [ParNew: 11819463K->77010K(13212096K), 0.5046760 secs] 71561789K->59825900K(187275712K), 0.5050894 secs] [Times: user=3.72 sys=0.29, real=0.51 secs] 
2018-04-14T18:42:09.434+0800: 148688.430: [GC (Allocation Failure) 2018-04-14T18:42:09.434+0800: 148688.430: [ParNew: 11821138K->114907K(13212096K), 0.4970419 secs] 71570028K->59868787K(187275712K), 0.4974492 secs] [Times: user=3.76 sys=0.19, real=0.50 secs] 
2018-04-14T18:42:23.299+0800: 148702.295: [GC (Allocation Failure) 2018-04-14T18:42:23.299+0800: 148702.295: [ParNew: 11859035K->136299K(13212096K), 0.6182562 secs] 71612915K->59891548K(187275712K), 0.6186841 secs] [Times: user=3.58 sys=1.31, real=0.62 secs] 
2018-04-14T18:42:33.379+0800: 148712.375: [GC (Allocation Failure) 2018-04-14T18:42:33.379+0800: 148712.375: [ParNew: 11880427K->150662K(13212096K), 0.5123366 secs] 71635676K->59910592K(187275712K), 0.5127419 secs] [Times: user=3.89 sys=0.18, real=0.52 secs] 
2018-04-14T18:42:44.421+0800: 148723.417: [GC (Allocation Failure) 2018-04-14T18:42:44.421+0800: 148723.417: [ParNew: 11894790K->158877K(13212096K), 0.5413232 secs] 71654720K->59925120K(187275712K), 0.5417528 secs] [Times: user=3.97 sys=0.33, real=0.55 secs] 
2018-04-14T18:43:02.615+0800: 148741.611: [GC (Allocation Failure) 2018-04-14T18:43:02.615+0800: 148741.611: [ParNew: 11903005K->79085K(13212096K), 0.5365048 secs] 71669248K->59849632K(187275712K), 0.5369036 secs] [Times: user=3.96 sys=0.31, real=0.54 secs] 
2018-04-14T18:43:23.000+0800: 148761.996: [GC (Allocation Failure) 2018-04-14T18:43:23.000+0800: 148761.996: [ParNew: 11823213K->72181K(13212096K), 0.6947907 secs] 71593760K->59845369K(187275712K), 0.6951801 secs] [Times: user=4.29 sys=1.21, real=0.70 secs] 
2018-04-14T18:43:38.997+0800: 148777.993: [GC (Allocation Failure) 2018-04-14T18:43:38.997+0800: 148777.993: [ParNew: 11816309K->108577K(13212096K), 0.5629032 secs] 71589497K->59884070K(187275712K), 0.5633120 secs] [Times: user=3.91 sys=0.56, real=0.56 secs] 
2018-04-14T18:43:50.926+0800: 148789.922: [GC (Allocation Failure) 2018-04-14T18:43:50.926+0800: 148789.922: [ParNew: 11852705K->163747K(13212096K), 0.5429047 secs] 71628198K->59940543K(187275712K), 0.5433114 secs] [Times: user=3.98 sys=0.30, real=0.54 secs] 
2018-04-14T18:44:04.402+0800: 148803.398: [GC (Allocation Failure) 2018-04-14T18:44:04.402+0800: 148803.398: [ParNew: 11907875K->160619K(13212096K), 0.6504731 secs] 71684671K->59938851K(187275712K), 0.6508843 secs] [Times: user=3.62 sys=1.51, real=0.65 secs] 
2018-04-14T18:45:29.174+0800: 148888.170: [GC (Allocation Failure) 2018-04-14T18:45:29.175+0800: 148888.171: [ParNew: 11904747K->103046K(13212096K), 0.6743519 secs] 71682979K->59882224K(187275712K), 0.6747602 secs] [Times: user=4.54 sys=0.83, real=0.67 secs] 
2018-04-14T18:46:40.761+0800: 148959.757: [GC (Allocation Failure) 2018-04-14T18:46:40.761+0800: 148959.757: [ParNew: 11847174K->107951K(13212096K), 0.7358645 secs] 71626352K->59888855K(187275712K), 0.7362818 secs] [Times: user=4.08 sys=1.68, real=0.74 secs] 
2018-04-14T18:48:33.831+0800: 149072.827: [GC (Allocation Failure) 2018-04-14T18:48:33.831+0800: 149072.827: [ParNew: 11852079K->82749K(13212096K), 0.9015341 secs] 71632983K->59866015K(187275712K), 0.9019480 secs] [Times: user=4.92 sys=2.18, real=0.91 secs] 
2018-04-14T18:50:06.123+0800: 149165.119: [GC (Allocation Failure) 2018-04-14T18:50:06.123+0800: 149165.119: [ParNew: 11826877K->113933K(13212096K), 0.7336651 secs] 71610143K->59899090K(187275712K), 0.7340705 secs] [Times: user=4.76 sys=0.98, real=0.73 secs] 
2018-04-14T18:50:59.216+0800: 149218.212: [GC (Allocation Failure) 2018-04-14T18:50:59.216+0800: 149218.212: [ParNew: 11858061K->119416K(13212096K), 0.7108507 secs] 71643218K->59908103K(187275712K), 0.7112712 secs] [Times: user=4.16 sys=1.45, real=0.71 secs] 
2018-04-14T18:51:20.382+0800: 149239.379: [GC (Allocation Failure) 2018-04-14T18:51:20.383+0800: 149239.379: [ParNew: 11863544K->125319K(13212096K), 0.5583856 secs] 71652231K->59916611K(187275712K), 0.5588064 secs] [Times: user=4.00 sys=0.43, real=0.56 secs] 
2018-04-14T18:51:38.916+0800: 149257.912: [GC (Allocation Failure) 2018-04-14T18:51:38.916+0800: 149257.912: [ParNew: 11869447K->130135K(13212096K), 0.5995196 secs] 71660739K->59929152K(187275712K), 0.5999431 secs] [Times: user=4.44 sys=0.32, real=0.60 secs] 
2018-04-14T18:51:57.783+0800: 149276.779: [GC (Allocation Failure) 2018-04-14T18:51:57.783+0800: 149276.779: [ParNew: 11874263K->129622K(13212096K), 0.7010030 secs] 71673280K->59935282K(187275712K), 0.7014282 secs] [Times: user=4.26 sys=1.26, real=0.70 secs] 
2018-04-14T18:52:18.306+0800: 149297.302: [GC (Allocation Failure) 2018-04-14T18:52:18.307+0800: 149297.303: [ParNew: 11873750K->110040K(13212096K), 0.5006708 secs] 71679410K->59924275K(187275712K), 0.5010795 secs] [Times: user=3.59 sys=0.37, real=0.50 secs] 
2018-04-14T18:52:35.657+0800: 149314.653: [GC (Allocation Failure) 2018-04-14T18:52:35.657+0800: 149314.654: [ParNew: 11854168K->88438K(13212096K), 0.5696628 secs] 71668403K->59920389K(187275712K), 0.5700747 secs] [Times: user=4.14 sys=0.37, real=0.57 secs] 
2018-04-14T18:52:48.387+0800: 149327.383: [GC (Allocation Failure) 2018-04-14T18:52:48.387+0800: 149327.383: [ParNew: 11832566K->77909K(13212096K), 0.5427341 secs] 71664517K->59914230K(187275712K), 0.5431354 secs] [Times: user=4.05 sys=0.27, real=0.54 secs] 
2018-04-14T18:53:00.760+0800: 149339.756: [GC (Allocation Failure) 2018-04-14T18:53:00.761+0800: 149339.757: [ParNew: 11822037K->83942K(13212096K), 0.5998689 secs] 71658358K->59922695K(187275712K), 0.6002858 secs] [Times: user=3.58 sys=1.17, real=0.60 secs] 
2018-04-14T18:53:13.966+0800: 149352.962: [GC (Allocation Failure) 2018-04-14T18:53:13.966+0800: 149352.962: [ParNew: 11828070K->74843K(13212096K), 0.4803527 secs] 71666823K->59915299K(187275712K), 0.4807613 secs] [Times: user=3.68 sys=0.14, real=0.48 secs] 
2018-04-14T18:53:26.089+0800: 149365.085: [GC (Allocation Failure) 2018-04-14T18:53:26.089+0800: 149365.085: [ParNew: 11818971K->73606K(13212096K), 0.6098472 secs] 71659427K->59918878K(187275712K), 0.6102420 secs] [Times: user=4.36 sys=0.50, real=0.61 secs] 
2018-04-14T18:53:38.504+0800: 149377.500: [GC (Allocation Failure) 2018-04-14T18:53:38.504+0800: 149377.500: [ParNew: 11817734K->62883K(13212096K), 0.5010900 secs] 71663006K->59918533K(187275712K), 0.5014923 secs] [Times: user=3.49 sys=0.48, real=0.50 secs] 
2018-04-14T18:53:57.697+0800: 149396.693: [GC (Allocation Failure) 2018-04-14T18:53:57.697+0800: 149396.694: [ParNew: 11807011K->50171K(13212096K), 0.6502771 secs] 71662661K->59906616K(187275712K), 0.6506812 secs] [Times: user=3.89 sys=1.27, real=0.65 secs] 
2018-04-14T18:54:18.972+0800: 149417.968: [GC (Allocation Failure) 2018-04-14T18:54:18.973+0800: 149417.969: [ParNew: 11794299K->49172K(13212096K), 0.5726623 secs] 71650744K->59911215K(187275712K), 0.5730645 secs] [Times: user=3.80 sys=0.75, real=0.57 secs] 
2018-04-14T18:54:38.863+0800: 149437.859: [GC (Allocation Failure) 2018-04-14T18:54:38.864+0800: 149437.860: [ParNew: 11793300K->65296K(13212096K), 0.5449578 secs] 71655343K->59928103K(187275712K), 0.5453578 secs] [Times: user=3.94 sys=0.38, real=0.54 secs] 
2018-04-14T18:55:00.113+0800: 149459.109: [GC (Allocation Failure) 2018-04-14T18:55:00.114+0800: 149459.110: [ParNew: 11809424K->91083K(13212096K), 0.6478416 secs] 71672231K->59955622K(187275712K), 0.6485121 secs] [Times: user=3.93 sys=1.19, real=0.65 secs] 
2018-04-14T18:55:29.584+0800: 149488.580: [GC (Allocation Failure) 2018-04-14T18:55:29.584+0800: 149488.580: [ParNew: 11835211K->98577K(13212096K), 0.5824619 secs] 71699750K->59964423K(187275712K), 0.5828686 secs] [Times: user=4.02 sys=0.60, real=0.58 secs] 
2018-04-14T18:55:52.408+0800: 149511.404: [GC (Allocation Failure) 2018-04-14T18:55:52.408+0800: 149511.405: [ParNew: 11842705K->127322K(13212096K), 0.5204684 secs] 71708551K->59994767K(187275712K), 0.5208721 secs] [Times: user=3.89 sys=0.26, real=0.52 secs] 
2018-04-14T18:56:16.768+0800: 149535.764: [GC (Allocation Failure) 2018-04-14T18:56:16.768+0800: 149535.764: [ParNew: 11871450K->148734K(13212096K), 0.6812001 secs] 71738895K->60017891K(187275712K), 0.6816265 secs] [Times: user=4.32 sys=1.08, real=0.68 secs] 
2018-04-14T18:56:29.822+0800: 149548.818: [GC (Allocation Failure) 2018-04-14T18:56:29.822+0800: 149548.818: [ParNew: 11892862K->182286K(13212096K), 0.6545824 secs] 71762019K->60053594K(187275712K), 0.6549871 secs] [Times: user=4.53 sys=0.67, real=0.65 secs] 
2018-04-14T18:56:46.141+0800: 149565.137: [GC (Allocation Failure) 2018-04-14T18:56:46.141+0800: 149565.137: [ParNew: 11926414K->154094K(13212096K), 0.5836680 secs] 71797722K->60028762K(187275712K), 0.5840956 secs] [Times: user=4.18 sys=0.44, real=0.59 secs] 
2018-04-14T18:57:01.633+0800: 149580.629: [GC (Allocation Failure) 2018-04-14T18:57:01.633+0800: 149580.629: [ParNew: 11898222K->105223K(13212096K), 0.6367832 secs] 71772890K->59984034K(187275712K), 0.6372130 secs] [Times: user=3.60 sys=1.43, real=0.63 secs] 
2018-04-14T18:57:14.911+0800: 149593.907: [GC (Allocation Failure) 2018-04-14T18:57:14.912+0800: 149593.908: [ParNew: 11849351K->112320K(13212096K), 0.6027207 secs] 71728162K->59996377K(187275712K), 0.6031302 secs] [Times: user=4.39 sys=0.39, real=0.60 secs] 
2018-04-14T18:57:47.755+0800: 149626.751: [GC (Allocation Failure) 2018-04-14T18:57:47.755+0800: 149626.751: [ParNew: 11856448K->93916K(13212096K), 0.6564253 secs] 71740505K->59989498K(187275712K), 0.6568352 secs] [Times: user=4.50 sys=0.71, real=0.66 secs] 
2018-04-14T18:59:00.834+0800: 149699.830: [GC (Allocation Failure) 2018-04-14T18:59:00.834+0800: 149699.830: [ParNew: 11838044K->101746K(13212096K), 0.7203708 secs] 71733626K->60001386K(187275712K), 0.7207896 secs] [Times: user=4.01 sys=1.66, real=0.72 secs] 
2018-04-14T19:00:05.082+0800: 149764.078: [GC (Allocation Failure) 2018-04-14T19:00:05.082+0800: 149764.078: [ParNew: 11845874K->113720K(13212096K), 0.7985875 secs] 71745514K->60015594K(187275712K), 0.7989997 secs] [Times: user=5.11 sys=1.21, real=0.79 secs] 
2018-04-14T19:00:21.114+0800: 149780.110: [GC (Allocation Failure) 2018-04-14T19:00:21.114+0800: 149780.110: [ParNew: 11857848K->104352K(13212096K), 0.6548985 secs] 71759722K->60010652K(187275712K), 0.6553256 secs] [Times: user=4.19 sys=1.00, real=0.65 secs] 
2018-04-14T19:00:41.068+0800: 149800.064: [GC (Allocation Failure) 2018-04-14T19:00:41.068+0800: 149800.064: [ParNew: 11848480K->126701K(13212096K), 0.5302436 secs] 71754780K->60034742K(187275712K), 0.5306705 secs] [Times: user=3.88 sys=0.34, real=0.53 secs] 
2018-04-14T19:02:16.163+0800: 149895.159: [GC (Allocation Failure) 2018-04-14T19:02:16.163+0800: 149895.159: [ParNew: 11870829K->111276K(13212096K), 0.9259389 secs] 71778870K->60020299K(187275712K), 0.9263920 secs] [Times: user=5.17 sys=2.16, real=0.92 secs] 
2018-04-14T19:03:01.657+0800: 149940.653: [GC (Allocation Failure) 2018-04-14T19:03:01.657+0800: 149940.653: [ParNew: 11855404K->167194K(13212096K), 0.6636834 secs] 71764427K->60081404K(187275712K), 0.6640441 secs] [Times: user=4.67 sys=0.56, real=0.66 secs] 
2018-04-14T19:03:24.114+0800: 149963.110: [GC (Allocation Failure) 2018-04-14T19:03:24.114+0800: 149963.110: [ParNew: 11911322K->192749K(13212096K), 0.6901695 secs] 71825532K->60119597K(187275712K), 0.6906147 secs] [Times: user=4.25 sys=1.21, real=0.69 secs] 
2018-04-14T19:03:52.577+0800: 149991.573: [GC (Allocation Failure) 2018-04-14T19:03:52.578+0800: 149991.574: [ParNew: 11936877K->151091K(13212096K), 0.6537173 secs] 71863725K->60092790K(187275712K), 0.6541469 secs] [Times: user=4.55 sys=0.62, real=0.66 secs] 
2018-04-14T19:04:16.191+0800: 150015.187: [GC (Allocation Failure) 2018-04-14T19:04:16.191+0800: 150015.187: [ParNew: 11895219K->140865K(13212096K), 0.6573557 secs] 71836918K->60085983K(187275712K), 0.6577908 secs] [Times: user=4.57 sys=0.64, real=0.66 secs] 
2018-04-14T19:04:31.937+0800: 150030.933: [GC (Allocation Failure) 2018-04-14T19:04:31.937+0800: 150030.933: [ParNew: 11884993K->144978K(13212096K), 0.6407428 secs] 71830111K->60093450K(187275712K), 0.6411732 secs] [Times: user=3.93 sys=1.13, real=0.64 secs] 
2018-04-14T19:04:54.034+0800: 150053.030: [GC (Allocation Failure) 2018-04-14T19:04:54.034+0800: 150053.030: [ParNew: 11889106K->110485K(13212096K), 0.5609161 secs] 71837578K->60075285K(187275712K), 0.5613820 secs] [Times: user=3.68 sys=0.77, real=0.56 secs] 
2018-04-14T19:06:50.042+0800: 150169.038: [GC (Allocation Failure) 2018-04-14T19:06:50.042+0800: 150169.038: [ParNew: 11854613K->52773K(13212096K), 0.9353112 secs] 71819413K->60024091K(187275712K), 0.9357329 secs] [Times: user=5.22 sys=2.20, real=0.93 secs] 
2018-04-14T19:07:10.409+0800: 150189.405: [GC (Allocation Failure) 2018-04-14T19:07:10.409+0800: 150189.405: [ParNew: 11796901K->62894K(13212096K), 0.5239157 secs] 71768219K->60035771K(187275712K), 0.5243269 secs] [Times: user=3.65 sys=0.52, real=0.53 secs] 
2018-04-14T19:07:18.815+0800: 150197.811: [GC (Allocation Failure) 2018-04-14T19:07:18.815+0800: 150197.811: [ParNew: 11807022K->74130K(13212096K), 0.4693361 secs] 71779899K->60048988K(187275712K), 0.4697506 secs] [Times: user=3.49 sys=0.24, real=0.47 secs] 
2018-04-14T19:07:28.066+0800: 150207.062: [GC (Allocation Failure) 2018-04-14T19:07:28.066+0800: 150207.062: [ParNew: 11818258K->73829K(13212096K), 0.6317302 secs] 71793116K->60050229K(187275712K), 0.6321634 secs] [Times: user=3.53 sys=1.47, real=0.63 secs] 
2018-04-14T19:07:36.243+0800: 150215.239: [GC (Allocation Failure) 2018-04-14T19:07:36.243+0800: 150215.239: [ParNew: 11817957K->79696K(13212096K), 0.4760797 secs] 71794357K->60057720K(187275712K), 0.4764947 secs] [Times: user=3.65 sys=0.13, real=0.47 secs] 
2018-04-14T19:07:46.215+0800: 150225.211: [GC (Allocation Failure) 2018-04-14T19:07:46.215+0800: 150225.211: [ParNew: 11823824K->82399K(13212096K), 0.4922186 secs] 71801848K->60062605K(187275712K), 0.4926333 secs] [Times: user=3.78 sys=0.14, real=0.49 secs] 
2018-04-14T19:08:00.669+0800: 150239.665: [GC (Allocation Failure) 2018-04-14T19:08:00.670+0800: 150239.666: [ParNew: 11826527K->84176K(13212096K), 0.5872587 secs] 71806733K->60075881K(187275712K), 0.5876714 secs] [Times: user=4.11 sys=0.55, real=0.59 secs] 
2018-04-14T19:08:25.404+0800: 150264.400: [GC (Allocation Failure) 2018-04-14T19:08:25.405+0800: 150264.401: [ParNew: 11828304K->71748K(13212096K), 0.6990849 secs] 71820009K->60068444K(187275712K), 0.6995044 secs] [Times: user=3.95 sys=1.56, real=0.70 secs] 
2018-04-14T19:09:02.060+0800: 150301.056: [GC (Allocation Failure) 2018-04-14T19:09:02.060+0800: 150301.056: [ParNew: 11815876K->43130K(13212096K), 0.5633019 secs] 71812572K->60040449K(187275712K), 0.5637215 secs] [Times: user=4.03 sys=0.45, real=0.57 secs] 
2018-04-14T19:09:41.840+0800: 150340.836: [GC (Allocation Failure) 2018-04-14T19:09:41.840+0800: 150340.836: [ParNew: 11787258K->93143K(13212096K), 0.5916721 secs] 71784577K->60091255K(187275712K), 0.5924304 secs] [Times: user=4.08 sys=0.60, real=0.60 secs] 
2018-04-14T19:10:01.134+0800: 150360.130: [GC (Allocation Failure) 2018-04-14T19:10:01.134+0800: 150360.130: [ParNew: 11837271K->98804K(13212096K), 0.6314504 secs] 71835383K->60097565K(187275712K), 0.6318732 secs] [Times: user=3.95 sys=1.06, real=0.63 secs] 
2018-04-14T19:10:59.379+0800: 150418.376: [GC (Allocation Failure) 2018-04-14T19:10:59.380+0800: 150418.376: [ParNew: 11842932K->119949K(13212096K), 0.7211111 secs] 71841693K->60121056K(187275712K), 0.7215273 secs] [Times: user=4.49 sys=1.23, real=0.72 secs] 
2018-04-14T19:11:14.616+0800: 150433.612: [GC (Allocation Failure) 2018-04-14T19:11:14.616+0800: 150433.612: [ParNew: 11864077K->132981K(13212096K), 0.6403114 secs] 71865184K->60137447K(187275712K), 0.6407313 secs] [Times: user=3.66 sys=1.40, real=0.64 secs] 
2018-04-14T19:11:29.308+0800: 150448.304: [GC (Allocation Failure) 2018-04-14T19:11:29.309+0800: 150448.305: [ParNew: 11877109K->131793K(13212096K), 0.5771783 secs] 71881575K->60138075K(187275712K), 0.5775889 secs] [Times: user=4.16 sys=0.42, real=0.58 secs] 
2018-04-14T19:11:52.292+0800: 150471.288: [GC (Allocation Failure) 2018-04-14T19:11:52.292+0800: 150471.288: [ParNew: 11875921K->91692K(13212096K), 0.5130065 secs] 71882203K->60100124K(187275712K), 0.5134331 secs] [Times: user=3.44 sys=0.64, real=0.51 secs] 
2018-04-14T19:12:08.969+0800: 150487.965: [GC (Allocation Failure) 2018-04-14T19:12:08.969+0800: 150487.965: [ParNew: 11835820K->96570K(13212096K), 0.5326577 secs] 71844252K->60113869K(187275712K), 0.5330880 secs] [Times: user=3.99 sys=0.25, real=0.54 secs] 
2018-04-14T19:12:27.972+0800: 150506.968: [GC (Allocation Failure) 2018-04-14T19:12:27.972+0800: 150506.968: [ParNew: 11840698K->85569K(13212096K), 0.6457447 secs] 71857997K->60107648K(187275712K), 0.6461787 secs] [Times: user=3.67 sys=1.45, real=0.64 secs] 
2018-04-14T19:13:03.729+0800: 150542.725: [GC (Allocation Failure) 2018-04-14T19:13:03.729+0800: 150542.725: [ParNew: 11829697K->99271K(13212096K), 0.6122861 secs] 71851776K->60128250K(187275712K), 0.6127119 secs] [Times: user=4.25 sys=0.61, real=0.62 secs] 
2018-04-14T19:13:32.832+0800: 150571.828: [GC (Allocation Failure) 2018-04-14T19:13:32.832+0800: 150571.828: [ParNew: 11843399K->94114K(13212096K), 0.6767069 secs] 71872378K->60128642K(187275712K), 0.6771402 secs] [Times: user=3.83 sys=1.50, real=0.67 secs] 
2018-04-14T19:13:50.448+0800: 150589.444: [GC (Allocation Failure) 2018-04-14T19:13:50.448+0800: 150589.444: [ParNew: 11838242K->69788K(13212096K), 0.5028487 secs] 71872770K->60107930K(187275712K), 0.5032696 secs] [Times: user=3.77 sys=0.22, real=0.50 secs] 
2018-04-14T19:16:38.813+0800: 150757.809: [GC (Allocation Failure) 2018-04-14T19:16:38.814+0800: 150757.810: [ParNew: 11813916K->78881K(13212096K), 0.9202273 secs] 71852058K->60118307K(187275712K), 0.9206617 secs] [Times: user=5.75 sys=1.52, real=0.92 secs] 
2018-04-14T19:17:03.512+0800: 150782.508: [GC (Allocation Failure) 2018-04-14T19:17:03.512+0800: 150782.508: [ParNew: 11823009K->105271K(13212096K), 0.5939559 secs] 71862435K->60146185K(187275712K), 0.5943883 secs] [Times: user=4.33 sys=0.38, real=0.59 secs] 
2018-04-14T19:17:56.799+0800: 150835.795: [GC (Allocation Failure) 2018-04-14T19:17:56.799+0800: 150835.795: [ParNew: 11849399K->101139K(13212096K), 0.6820498 secs] 71890313K->60144498K(187275712K), 0.6824832 secs] [Times: user=4.95 sys=0.48, real=0.69 secs] 
2018-04-14T19:18:38.862+0800: 150877.858: [GC (Allocation Failure) 2018-04-14T19:18:38.862+0800: 150877.858: [ParNew: 11845267K->109556K(13212096K), 0.7605991 secs] 71888626K->60157594K(187275712K), 0.7610485 secs] [Times: user=5.03 sys=0.99, real=0.76 secs] 
2018-04-14T19:19:02.401+0800: 150901.397: [GC (Allocation Failure) 2018-04-14T19:19:02.401+0800: 150901.397: [ParNew: 11853684K->119290K(13212096K), 0.5672182 secs] 71901722K->60173131K(187275712K), 0.5676440 secs] [Times: user=4.16 sys=0.34, real=0.57 secs] 
2018-04-14T19:20:51.146+0800: 151010.142: [GC (Allocation Failure) 2018-04-14T19:20:51.146+0800: 151010.142: [ParNew: 11863418K->85257K(13212096K), 0.7874853 secs] 71917259K->60139756K(187275712K), 0.7879257 secs] [Times: user=4.69 sys=1.56, real=0.79 secs] 
2018-04-14T19:21:19.101+0800: 151038.097: [GC (Allocation Failure) 2018-04-14T19:21:19.101+0800: 151038.097: [ParNew: 11829385K->128702K(13212096K), 0.7095765 secs] 71883884K->60192471K(187275712K), 0.7100098 secs] [Times: user=4.92 sys=0.68, real=0.71 secs] 
2018-04-14T19:21:36.238+0800: 151055.234: [GC (Allocation Failure) 2018-04-14T19:21:36.238+0800: 151055.234: [ParNew: 11872830K->139016K(13212096K), 0.5946129 secs] 71936599K->60203836K(187275712K), 0.5950424 secs] [Times: user=4.19 sys=0.54, real=0.60 secs] 
2018-04-14T19:21:50.574+0800: 151069.570: [GC (Allocation Failure) 2018-04-14T19:21:50.574+0800: 151069.570: [ParNew: 11883144K->98448K(13212096K), 0.6372190 secs] 71947964K->60176762K(187275712K), 0.6376463 secs] [Times: user=4.02 sys=1.01, real=0.64 secs] 
2018-04-14T19:22:14.912+0800: 151093.908: [GC (Allocation Failure) 2018-04-14T19:22:14.913+0800: 151093.909: [ParNew: 11842576K->70925K(13212096K), 0.6322183 secs] 71920890K->60151547K(187275712K), 0.6326389 secs] [Times: user=4.29 sys=0.74, real=0.63 secs] 
2018-04-14T19:22:46.991+0800: 151125.987: [GC (Allocation Failure) 2018-04-14T19:22:46.991+0800: 151125.987: [ParNew: 11815053K->57826K(13212096K), 0.6239706 secs] 71895675K->60140084K(187275712K), 0.6243855 secs] [Times: user=4.44 sys=0.53, real=0.63 secs] 
2018-04-14T19:23:19.357+0800: 151158.353: [GC (Allocation Failure) 2018-04-14T19:23:19.357+0800: 151158.353: [ParNew: 11801954K->55603K(13212096K), 0.6965363 secs] 71884212K->60142026K(187275712K), 0.6969203 secs] [Times: user=4.23 sys=1.31, real=0.70 secs] 
2018-04-14T19:23:31.732+0800: 151170.728: [GC (Allocation Failure) 2018-04-14T19:23:31.732+0800: 151170.728: [ParNew: 11799731K->108771K(13212096K), 0.6858710 secs] 71886154K->60198535K(187275712K), 0.6862898 secs] [Times: user=4.77 sys=0.66, real=0.68 secs] 
2018-04-14T19:23:42.139+0800: 151181.135: [GC (Allocation Failure) 2018-04-14T19:23:42.139+0800: 151181.135: [ParNew: 11852899K->152637K(13212096K), 0.5446767 secs] 71942663K->60244904K(187275712K), 0.5450873 secs] [Times: user=4.04 sys=0.29, real=0.55 secs] 
2018-04-14T19:23:50.112+0800: 151189.108: [GC (Allocation Failure) 2018-04-14T19:23:50.112+0800: 151189.108: [ParNew: 11896765K->109840K(13212096K), 0.4943476 secs] 71989032K->60203360K(187275712K), 0.4947521 secs] [Times: user=3.71 sys=0.22, real=0.49 secs] 
2018-04-14T19:24:03.319+0800: 151202.315: [GC (Allocation Failure) 2018-04-14T19:24:03.319+0800: 151202.315: [ParNew: 11853968K->85587K(13212096K), 0.6379723 secs] 71947488K->60181460K(187275712K), 0.6384002 secs] [Times: user=3.49 sys=1.55, real=0.64 secs] 
2018-04-14T19:24:31.900+0800: 151230.896: [GC (Allocation Failure) 2018-04-14T19:24:31.900+0800: 151230.896: [ParNew: 11829715K->81848K(13212096K), 0.5811858 secs] 71925588K->60178806K(187275712K), 0.5815847 secs] [Times: user=3.99 sys=0.63, real=0.59 secs] 
2018-04-14T19:24:59.869+0800: 151258.865: [GC (Allocation Failure) 2018-04-14T19:24:59.869+0800: 151258.865: [ParNew: 11825976K->51850K(13212096K), 0.6881736 secs] 71922934K->60154745K(187275712K), 0.6885866 secs] [Times: user=3.82 sys=1.61, real=0.69 secs] 
2018-04-14T19:25:12.701+0800: 151271.697: [GC (Allocation Failure) 2018-04-14T19:25:12.701+0800: 151271.697: [ParNew: 11795978K->54165K(13212096K), 0.5473577 secs] 71898873K->60162226K(187275712K), 0.5477572 secs] [Times: user=4.16 sys=0.19, real=0.55 secs] 
2018-04-14T19:25:37.348+0800: 151296.344: [GC (Allocation Failure) 2018-04-14T19:25:37.348+0800: 151296.344: [ParNew: 11798293K->84804K(13212096K), 0.5670987 secs] 71906354K->60194686K(187275712K), 0.5675152 secs] [Times: user=3.97 sys=0.53, real=0.57 secs] 
2018-04-14T19:26:37.828+0800: 151356.825: [GC (Allocation Failure) 2018-04-14T19:26:37.829+0800: 151356.825: [ParNew: 11828932K->92302K(13212096K), 0.8091789 secs] 71938814K->60203638K(187275712K), 0.8096084 secs] [Times: user=4.76 sys=1.65, real=0.81 secs] 
2018-04-14T19:26:58.612+0800: 151377.608: [GC (Allocation Failure) 2018-04-14T19:26:58.613+0800: 151377.609: [ParNew: 11836430K->90325K(13212096K), 0.5863697 secs] 71947766K->60207213K(187275712K), 0.5867799 secs] [Times: user=4.12 sys=0.53, real=0.58 secs] 
2018-04-14T19:27:20.082+0800: 151399.078: [GC (Allocation Failure) 2018-04-14T19:27:20.082+0800: 151399.078: [ParNew: 11834453K->118021K(13212096K), 0.6154164 secs] 71951341K->60238549K(187275712K), 0.6158174 secs] [Times: user=4.54 sys=0.36, real=0.61 secs] 
2018-04-14T19:27:47.746+0800: 151426.742: [GC (Allocation Failure) 2018-04-14T19:27:47.746+0800: 151426.743: [ParNew: 11862149K->135499K(13212096K), 0.6953631 secs] 71982677K->60257918K(187275712K), 0.6957847 secs] [Times: user=4.29 sys=1.22, real=0.70 secs] 
2018-04-14T19:28:07.183+0800: 151446.179: [GC (Allocation Failure) 2018-04-14T19:28:07.183+0800: 151446.179: [ParNew: 11879627K->127770K(13212096K), 0.6601488 secs] 72002046K->60250976K(187275712K), 0.6605549 secs] [Times: user=4.70 sys=0.54, real=0.66 secs] 
2018-04-14T19:28:35.059+0800: 151474.055: [GC (Allocation Failure) 2018-04-14T19:28:35.059+0800: 151474.055: [ParNew: 11871898K->120557K(13212096K), 0.5536562 secs] 71995104K->60249151K(187275712K), 0.5540615 secs] [Times: user=4.06 sys=0.32, real=0.56 secs] 
2018-04-14T19:28:58.522+0800: 151497.518: [GC (Allocation Failure) 2018-04-14T19:28:58.522+0800: 151497.518: [ParNew: 11864685K->100656K(13212096K), 0.6431159 secs] 71993279K->60246378K(187275712K), 0.6435677 secs] [Times: user=3.44 sys=1.63, real=0.64 secs] 
2018-04-14T19:29:16.042+0800: 151515.039: [GC (Allocation Failure) 2018-04-14T19:29:16.043+0800: 151515.039: [ParNew: 11844784K->71018K(13212096K), 0.5736860 secs] 71990506K->60219396K(187275712K), 0.5741022 secs] [Times: user=4.16 sys=0.40, real=0.57 secs] 
2018-04-14T19:29:32.211+0800: 151531.208: [GC (Allocation Failure) 2018-04-14T19:29:32.212+0800: 151531.208: [ParNew: 11815146K->93053K(13212096K), 0.5365551 secs] 71963524K->60245207K(187275712K), 0.5369695 secs] [Times: user=3.95 sys=0.32, real=0.53 secs] 
2018-04-14T19:29:58.040+0800: 151557.036: [GC (Allocation Failure) 2018-04-14T19:29:58.040+0800: 151557.036: [ParNew: 11837181K->92731K(13212096K), 0.6130008 secs] 71989335K->60246931K(187275712K), 0.6134440 secs] [Times: user=3.50 sys=1.35, real=0.62 secs] 
2018-04-14T19:30:28.403+0800: 151587.399: [GC (Allocation Failure) 2018-04-14T19:30:28.403+0800: 151587.399: [ParNew: 11836859K->89574K(13212096K), 0.6361594 secs] 71991059K->60245659K(187275712K), 0.6365793 secs] [Times: user=4.39 sys=0.65, real=0.63 secs] 
2018-04-14T19:30:57.460+0800: 151616.456: [GC (Allocation Failure) 2018-04-14T19:30:57.460+0800: 151616.456: [ParNew: 11833702K->121862K(13212096K), 0.7134888 secs] 71989787K->60280111K(187275712K), 0.7139268 secs] [Times: user=4.46 sys=1.19, real=0.72 secs] 
2018-04-14T19:31:34.694+0800: 151653.690: [GC (Allocation Failure) 2018-04-14T19:31:34.694+0800: 151653.690: [ParNew: 11865990K->98844K(13212096K), 0.7257721 secs] 72024239K->60259133K(187275712K), 0.7261932 secs] [Times: user=4.60 sys=1.18, real=0.72 secs] 
2018-04-14T19:31:53.580+0800: 151672.576: [GC (Allocation Failure) 2018-04-14T19:31:53.580+0800: 151672.576: [ParNew: 11842972K->98302K(13212096K), 0.5157892 secs] 72003261K->60263148K(187275712K), 0.5162181 secs] [Times: user=3.87 sys=0.23, real=0.52 secs] 
2018-04-14T19:32:42.160+0800: 151721.156: [GC (Allocation Failure) 2018-04-14T19:32:42.160+0800: 151721.156: [ParNew: 11842430K->94533K(13212096K), 0.7304099 secs] 72007276K->60261505K(187275712K), 0.7308499 secs] [Times: user=4.10 sys=1.67, real=0.73 secs] 
2018-04-14T19:34:50.474+0800: 151849.470: [GC (Allocation Failure) 2018-04-14T19:34:50.474+0800: 151849.470: [ParNew: 11838661K->119097K(13212096K), 1.0820557 secs] 72005633K->60293431K(187275712K), 1.0824867 secs] [Times: user=6.02 sys=2.52, real=1.08 secs] 
2018-04-14T19:36:13.365+0800: 151932.361: [GC (Allocation Failure) 2018-04-14T19:36:13.365+0800: 151932.361: [ParNew: 11863225K->94271K(13212096K), 0.7762067 secs] 72037559K->60277182K(187275712K), 0.7766553 secs] [Times: user=4.37 sys=1.73, real=0.78 secs] 
2018-04-14T19:36:31.417+0800: 151950.413: [GC (Allocation Failure) 2018-04-14T19:36:31.417+0800: 151950.413: [ParNew: 11838399K->96049K(13212096K), 0.5611371 secs] 72021310K->60284548K(187275712K), 0.5615683 secs] [Times: user=4.06 sys=0.39, real=0.56 secs] 
2018-04-14T19:36:38.492+0800: 151957.488: [GC (Allocation Failure) 2018-04-14T19:36:38.492+0800: 151957.489: [ParNew: 11840177K->111229K(13212096K), 0.5003508 secs] 72028676K->60307022K(187275712K), 0.5008346 secs] [Times: user=3.84 sys=0.13, real=0.50 secs] 
2018-04-14T19:36:45.631+0800: 151964.627: [GC (Allocation Failure) 2018-04-14T19:36:45.632+0800: 151964.628: [ParNew: 11855357K->106842K(13212096K), 0.5227461 secs] 72051150K->60304955K(187275712K), 0.5231717 secs] [Times: user=4.00 sys=0.15, real=0.52 secs] 
2018-04-14T19:36:55.162+0800: 151974.158: [GC (Allocation Failure) 2018-04-14T19:36:55.163+0800: 151974.159: [ParNew: 11850970K->93554K(13212096K), 0.4611246 secs] 72049083K->60299751K(187275712K), 0.4615494 secs] [Times: user=3.40 sys=0.26, real=0.46 secs] 
2018-04-14T19:37:04.748+0800: 151983.745: [GC (Allocation Failure) 2018-04-14T19:37:04.749+0800: 151983.745: [ParNew: 11837682K->111554K(13212096K), 0.6459080 secs] 72043879K->60330079K(187275712K), 0.6463417 secs] [Times: user=4.07 sys=1.03, real=0.65 secs] 
2018-04-14T19:37:14.266+0800: 151993.262: [GC (Allocation Failure) 2018-04-14T19:37:14.266+0800: 151993.262: [ParNew: 11855682K->122456K(13212096K), 0.5204565 secs] 72074207K->60350266K(187275712K), 0.5208766 secs] [Times: user=4.06 sys=0.07, real=0.52 secs] 
2018-04-14T19:37:22.589+0800: 152001.585: [GC (Allocation Failure) 2018-04-14T19:37:22.589+0800: 152001.585: [ParNew: 11866584K->91931K(13212096K), 0.4807843 secs] 72094394K->60324709K(187275712K), 0.4812188 secs] [Times: user=3.41 sys=0.41, real=0.48 secs] 
2018-04-14T19:37:30.528+0800: 152009.524: [GC (Allocation Failure) 2018-04-14T19:37:30.529+0800: 152009.525: [ParNew: 11836059K->88906K(13212096K), 0.5129083 secs] 72068837K->60322409K(187275712K), 0.5133327 secs] [Times: user=3.90 sys=0.19, real=0.52 secs] 
2018-04-14T19:37:39.170+0800: 152018.166: [GC (Allocation Failure) 2018-04-14T19:37:39.170+0800: 152018.166: [ParNew: 11833034K->89136K(13212096K), 0.5401794 secs] 72066537K->60324030K(187275712K), 0.5406037 secs] [Times: user=3.99 sys=0.30, real=0.54 secs] 
2018-04-14T19:37:53.637+0800: 152032.634: [GC (Allocation Failure) 2018-04-14T19:37:53.638+0800: 152032.634: [ParNew: 11833264K->82954K(13212096K), 0.6100604 secs] 72068158K->60322151K(187275712K), 0.6105057 secs] [Times: user=3.12 sys=2.23, real=0.61 secs] 
2018-04-14T19:38:14.155+0800: 152053.151: [GC (Allocation Failure) 2018-04-14T19:38:14.155+0800: 152053.151: [ParNew: 11827082K->87890K(13212096K), 0.5635531 secs] 72066279K->60331599K(187275712K), 0.5639935 secs] [Times: user=4.12 sys=0.35, real=0.56 secs] 
2018-04-14T19:38:38.974+0800: 152077.970: [GC (Allocation Failure) 2018-04-14T19:38:38.975+0800: 152077.971: [ParNew: 11832018K->130780K(13212096K), 0.5956632 secs] 72075727K->60379971K(187275712K), 0.5960967 secs] [Times: user=3.99 sys=0.74, real=0.59 secs] 
2018-04-14T19:39:03.162+0800: 152102.158: [GC (Allocation Failure) 2018-04-14T19:39:03.163+0800: 152102.159: [ParNew: 11874908K->116885K(13212096K), 0.6022379 secs] 72124099K->60368726K(187275712K), 0.6026740 secs] [Times: user=3.57 sys=1.20, real=0.60 secs] 
2018-04-14T19:39:18.252+0800: 152117.248: [GC (Allocation Failure) 2018-04-14T19:39:18.252+0800: 152117.248: [ParNew: 11861013K->115407K(13212096K), 0.5976912 secs] 72112854K->60368799K(187275712K), 0.5981193 secs] [Times: user=4.41 sys=0.33, real=0.59 secs] 
2018-04-14T19:39:42.865+0800: 152141.861: [GC (Allocation Failure) 2018-04-14T19:39:42.865+0800: 152141.861: [ParNew: 11859535K->150342K(13212096K), 0.5769749 secs] 72112927K->60404106K(187275712K), 0.5773899 secs] [Times: user=4.14 sys=0.41, real=0.58 secs] 
2018-04-14T19:40:24.161+0800: 152183.157: [GC (Allocation Failure) 2018-04-14T19:40:24.161+0800: 152183.157: [ParNew: 11894470K->147777K(13212096K), 0.8645609 secs] 72148234K->60402848K(187275712K), 0.8650081 secs] [Times: user=4.89 sys=1.97, real=0.87 secs] 
2018-04-14T19:40:41.492+0800: 152200.488: [GC (Allocation Failure) 2018-04-14T19:40:41.492+0800: 152200.488: [ParNew: 11891905K->169412K(13212096K), 0.6122047 secs] 72146976K->60428956K(187275712K), 0.6125636 secs] [Times: user=4.47 sys=0.38, real=0.61 secs] 
2018-04-14T19:40:48.646+0800: 152207.642: [GC (Allocation Failure) 2018-04-14T19:40:48.646+0800: 152207.642: [ParNew: 11913540K->167105K(13212096K), 0.4931957 secs] 72173084K->60431085K(187275712K), 0.4936191 secs] [Times: user=3.62 sys=0.29, real=0.49 secs] 
2018-04-14T19:40:57.104+0800: 152216.100: [GC (Allocation Failure) 2018-04-14T19:40:57.104+0800: 152216.100: [ParNew: 11911233K->213792K(13212096K), 0.5169025 secs] 72175213K->60481669K(187275712K), 0.5173396 secs] [Times: user=4.07 sys=0.03, real=0.52 secs] 
2018-04-14T19:41:06.986+0800: 152225.982: [GC (Allocation Failure) 2018-04-14T19:41:06.986+0800: 152225.982: [ParNew: 11957920K->214516K(13212096K), 0.6151026 secs] 72225797K->60489234K(187275712K), 0.6155353 secs] [Times: user=3.99 sys=0.88, real=0.62 secs] 
2018-04-14T19:41:16.333+0800: 152235.329: [GC (Allocation Failure) 2018-04-14T19:41:16.333+0800: 152235.329: [ParNew: 11958644K->203527K(13212096K), 0.5523863 secs] 72233362K->60496907K(187275712K), 0.5528056 secs] [Times: user=3.95 sys=0.43, real=0.55 secs] 
2018-04-14T19:41:28.607+0800: 152247.603: [GC (Allocation Failure) 2018-04-14T19:41:28.608+0800: 152247.604: [ParNew: 11947655K->127776K(13212096K), 0.5286258 secs] 72241035K->60433416K(187275712K), 0.5290556 secs] [Times: user=3.82 sys=0.37, real=0.53 secs] 
2018-04-14T19:41:43.806+0800: 152262.802: [GC (Allocation Failure) 2018-04-14T19:41:43.806+0800: 152262.802: [ParNew: 11871904K->148877K(13212096K), 0.6611226 secs] 72177544K->60459872K(187275712K), 0.6615481 secs] [Times: user=3.92 sys=1.31, real=0.66 secs] 
2018-04-14T19:42:01.511+0800: 152280.507: [GC (Allocation Failure) 2018-04-14T19:42:01.511+0800: 152280.507: [ParNew: 11893005K->182803K(13212096K), 0.6155165 secs] 72204000K->60496356K(187275712K), 0.6159379 secs] [Times: user=4.62 sys=0.28, real=0.61 secs] 
2018-04-14T19:42:14.915+0800: 152293.911: [GC (Allocation Failure) 2018-04-14T19:42:14.916+0800: 152293.912: [ParNew: 11926931K->138650K(13212096K), 0.5400165 secs] 72240484K->60455636K(187275712K), 0.5404338 secs] [Times: user=3.95 sys=0.33, real=0.54 secs] 
2018-04-14T19:42:42.270+0800: 152321.266: [GC (Allocation Failure) 2018-04-14T19:42:42.270+0800: 152321.266: [ParNew: 11882778K->103671K(13212096K), 0.6732056 secs] 72199764K->60422821K(187275712K), 0.6736401 secs] [Times: user=3.79 sys=1.53, real=0.68 secs] 
2018-04-14T19:42:53.546+0800: 152332.542: [GC (Allocation Failure) 2018-04-14T19:42:53.547+0800: 152332.543: [ParNew: 11847799K->128094K(13212096K), 0.5196736 secs] 72166949K->60449733K(187275712K), 0.5200975 secs] [Times: user=4.09 sys=0.02, real=0.52 secs] 
2018-04-14T19:43:21.824+0800: 152360.820: [GC (Allocation Failure) 2018-04-14T19:43:21.825+0800: 152360.821: [ParNew: 11872222K->117102K(13212096K), 0.6105188 secs] 72193861K->60440659K(187275712K), 0.6109392 secs] [Times: user=4.36 sys=0.48, real=0.61 secs] 
2018-04-14T19:44:07.337+0800: 152406.333: [GC (Allocation Failure) 2018-04-14T19:44:07.337+0800: 152406.333: [ParNew: 11861230K->128691K(13212096K), 0.8104013 secs] 72184787K->60457692K(187275712K), 0.8108463 secs] [Times: user=4.75 sys=1.61, real=0.81 secs] 
2018-04-14T19:44:25.731+0800: 152424.727: [GC (Allocation Failure) 2018-04-14T19:44:25.731+0800: 152424.727: [ParNew: 11872819K->101074K(13212096K), 0.5267074 secs] 72201820K->60433800K(187275712K), 0.5271378 secs] [Times: user=3.82 sys=0.35, real=0.52 secs] 
2018-04-14T19:44:53.610+0800: 152452.606: [GC (Allocation Failure) 2018-04-14T19:44:53.610+0800: 152452.606: [ParNew: 11845202K->109310K(13212096K), 0.6348250 secs] 72177928K->60445986K(187275712K), 0.6352567 secs] [Times: user=4.42 sys=0.60, real=0.64 secs] 
2018-04-14T19:45:06.141+0800: 152465.137: [GC (Allocation Failure) 2018-04-14T19:45:06.141+0800: 152465.137: [ParNew: 11853438K->97811K(13212096K), 0.6259743 secs] 72190114K->60442341K(187275712K), 0.6264085 secs] [Times: user=3.29 sys=1.65, real=0.63 secs] 
2018-04-14T19:45:59.010+0800: 152518.006: [GC (Allocation Failure) 2018-04-14T19:45:59.010+0800: 152518.006: [ParNew: 11841939K->80439K(13212096K), 0.6957006 secs] 72186469K->60429329K(187275712K), 0.6961258 secs] [Times: user=4.46 sys=1.07, real=0.70 secs] 
2018-04-14T19:47:45.915+0800: 152624.911: [GC (Allocation Failure) 2018-04-14T19:47:45.916+0800: 152624.912: [ParNew: 11824567K->102328K(13212096K), 1.0225823 secs] 72173457K->60458953K(187275712K), 1.0230231 secs] [Times: user=5.46 sys=2.63, real=1.02 secs] 
2018-04-14T19:48:34.603+0800: 152673.599: [GC (Allocation Failure) 2018-04-14T19:48:34.603+0800: 152673.599: [ParNew: 11846456K->153002K(13212096K), 0.7007951 secs] 72203081K->60518823K(187275712K), 0.7012237 secs] [Times: user=4.97 sys=0.60, real=0.70 secs] 
2018-04-14T19:48:49.161+0800: 152688.157: [GC (Allocation Failure) 2018-04-14T19:48:49.161+0800: 152688.157: [ParNew: 11897130K->237378K(13212096K), 0.6921063 secs] 72262951K->60605216K(187275712K), 0.6925465 secs] [Times: user=4.11 sys=1.36, real=0.70 secs] 
2018-04-14T19:49:05.801+0800: 152704.797: [GC (Allocation Failure) 2018-04-14T19:49:05.801+0800: 152704.797: [ParNew: 11981506K->252988K(13212096K), 0.5887067 secs] 72349344K->60627197K(187275712K), 0.5891355 secs] [Times: user=4.66 sys=0.01, real=0.59 secs] 
2018-04-14T19:49:37.289+0800: 152736.285: [GC (Allocation Failure) 2018-04-14T19:49:37.289+0800: 152736.285: [ParNew: 11997116K->203516K(13212096K), 0.5810137 secs] 72371325K->60579260K(187275712K), 0.5814337 secs] [Times: user=4.33 sys=0.29, real=0.58 secs] 
2018-04-14T19:50:09.843+0800: 152768.840: [GC (Allocation Failure) 2018-04-14T19:50:09.844+0800: 152768.840: [ParNew: 11947644K->244894K(13212096K), 0.6996018 secs] 72323388K->60624213K(187275712K), 0.7000425 secs] [Times: user=4.24 sys=1.32, real=0.70 secs] 
2018-04-14T19:50:31.208+0800: 152790.204: [GC (Allocation Failure) 2018-04-14T19:50:31.208+0800: 152790.204: [ParNew: 11989022K->231573K(13212096K), 0.6143157 secs] 72368341K->60626115K(187275712K), 0.6147408 secs] [Times: user=4.20 sys=0.68, real=0.62 secs] 
2018-04-14T19:50:53.718+0800: 152812.714: [GC (Allocation Failure) 2018-04-14T19:50:53.718+0800: 152812.714: [ParNew: 11975701K->203825K(13212096K), 0.6722212 secs] 72370243K->60626002K(187275712K), 0.6726712 secs] [Times: user=4.09 sys=1.21, real=0.67 secs] 
2018-04-14T19:51:21.556+0800: 152840.552: [GC (Allocation Failure) 2018-04-14T19:51:21.556+0800: 152840.552: [ParNew: 11947953K->225201K(13212096K), 0.6981946 secs] 72370130K->60667892K(187275712K), 0.6986197 secs] [Times: user=4.54 sys=0.99, real=0.70 secs] 
2018-04-14T19:51:32.538+0800: 152851.534: [GC (Allocation Failure) 2018-04-14T19:51:32.538+0800: 152851.534: [ParNew: 11969329K->163750K(13212096K), 0.5430482 secs] 72412020K->60625260K(187275712K), 0.5434792 secs] [Times: user=4.07 sys=0.22, real=0.55 secs] 
2018-04-14T19:51:41.656+0800: 152860.652: [GC (Allocation Failure) 2018-04-14T19:51:41.657+0800: 152860.653: [ParNew: 11907878K->161937K(13212096K), 0.5260706 secs] 72369388K->60629694K(187275712K), 0.5264594 secs] [Times: user=4.08 sys=0.10, real=0.53 secs] 
2018-04-14T19:51:49.295+0800: 152868.291: [GC (Allocation Failure) 2018-04-14T19:51:49.295+0800: 152868.291: [ParNew: 11906065K->143439K(13212096K), 0.5687664 secs] 72373822K->60618167K(187275712K), 0.5691978 secs] [Times: user=3.41 sys=1.10, real=0.57 secs] 
2018-04-14T19:51:58.452+0800: 152877.448: [GC (Allocation Failure) 2018-04-14T19:51:58.453+0800: 152877.449: [ParNew: 11887567K->107344K(13212096K), 0.5484379 secs] 72362295K->60586825K(187275712K), 0.5488588 secs] [Times: user=4.08 sys=0.27, real=0.55 secs] 
2018-04-14T19:52:09.289+0800: 152888.285: [GC (Allocation Failure) 2018-04-14T19:52:09.289+0800: 152888.285: [ParNew: 11851472K->139495K(13212096K), 0.6048830 secs] 72330953K->60623626K(187275712K), 0.6052967 secs] [Times: user=4.27 sys=0.54, real=0.61 secs] 
2018-04-14T19:52:21.791+0800: 152900.787: [GC (Allocation Failure) 2018-04-14T19:52:21.791+0800: 152900.787: [ParNew: 11883623K->159531K(13212096K), 0.5372369 secs] 72367754K->60650313K(187275712K), 0.5375985 secs] [Times: user=3.97 sys=0.82, real=0.54 secs] 
2018-04-14T19:52:37.940+0800: 152916.936: [GC (Allocation Failure) 2018-04-14T19:52:37.940+0800: 152916.936: [ParNew: 11903659K->173538K(13212096K), 0.6598239 secs] 72394441K->60666732K(187275712K), 0.6602620 secs] [Times: user=3.79 sys=1.44, real=0.66 secs] 
2018-04-14T19:52:53.921+0800: 152932.917: [GC (Allocation Failure) 2018-04-14T19:52:53.921+0800: 152932.917: [ParNew: 11917666K->207442K(13212096K), 0.5595760 secs] 72410860K->60701788K(187275712K), 0.5600060 secs] [Times: user=4.13 sys=0.32, real=0.56 secs] 
2018-04-14T19:53:32.867+0800: 152971.863: [GC (Allocation Failure) 2018-04-14T19:53:32.867+0800: 152971.863: [ParNew: 11951570K->170270K(13212096K), 0.5529004 secs] 72445916K->60665849K(187275712K), 0.5533237 secs] [Times: user=3.73 sys=0.67, real=0.55 secs] 
2018-04-14T19:53:49.301+0800: 152988.297: [GC (Allocation Failure) 2018-04-14T19:53:49.302+0800: 152988.298: [ParNew: 11914398K->122424K(13212096K), 0.6447983 secs] 72409977K->60619906K(187275712K), 0.6451754 secs] [Times: user=3.93 sys=1.18, real=0.64 secs] 
2018-04-14T19:54:00.480+0800: 152999.476: [GC (Allocation Failure) 2018-04-14T19:54:00.480+0800: 152999.476: [ParNew: 11866552K->108723K(13212096K), 0.5616866 secs] 72364034K->60611472K(187275712K), 0.5620991 secs] [Times: user=4.02 sys=0.45, real=0.57 secs] 
2018-04-14T19:54:12.054+0800: 153011.050: [GC (Allocation Failure) 2018-04-14T19:54:12.055+0800: 153011.051: [ParNew: 11852851K->111727K(13212096K), 0.5789313 secs] 72355600K->60617625K(187275712K), 0.5793475 secs] [Times: user=4.11 sys=0.48, real=0.58 secs] 
2018-04-14T19:54:23.872+0800: 153022.868: [GC (Allocation Failure) 2018-04-14T19:54:23.872+0800: 153022.868: [ParNew: 11855855K->141710K(13212096K), 0.5375040 secs] 72361753K->60653758K(187275712K), 0.5379157 secs] [Times: user=3.97 sys=0.29, real=0.53 secs] 
2018-04-14T19:54:35.270+0800: 153034.267: [GC (Allocation Failure) 2018-04-14T19:54:35.271+0800: 153034.267: [ParNew: 11885838K->171959K(13212096K), 0.6544470 secs] 72397886K->60691118K(187275712K), 0.6548761 secs] [Times: user=4.17 sys=1.01, real=0.66 secs] 
2018-04-14T19:54:44.410+0800: 153043.406: [GC (Allocation Failure) 2018-04-14T19:54:44.411+0800: 153043.407: [ParNew: 11916087K->157034K(13212096K), 0.5609000 secs] 72435246K->60689773K(187275712K), 0.5613329 secs] [Times: user=4.31 sys=0.11, real=0.57 secs] 
2018-04-14T19:54:54.025+0800: 153053.021: [GC (Allocation Failure) 2018-04-14T19:54:54.025+0800: 153053.021: [ParNew: 11901162K->121352K(13212096K), 0.5006673 secs] 72433901K->60659615K(187275712K), 0.5010873 secs] [Times: user=3.77 sys=0.20, real=0.50 secs] 
2018-04-14T19:55:04.436+0800: 153063.432: [GC (Allocation Failure) 2018-04-14T19:55:04.437+0800: 153063.433: [ParNew: 11865480K->119650K(13212096K), 0.5587950 secs] 72403743K->60660692K(187275712K), 0.5592203 secs] [Times: user=4.10 sys=0.33, real=0.56 secs] 
2018-04-14T19:55:13.959+0800: 153072.955: [GC (Allocation Failure) 2018-04-14T19:55:13.959+0800: 153072.955: [ParNew: 11863778K->145165K(13212096K), 0.4994970 secs] 72404820K->60693434K(187275712K), 0.4999202 secs] [Times: user=3.87 sys=0.09, real=0.50 secs] 
2018-04-14T19:55:21.424+0800: 153080.420: [GC (Allocation Failure) 2018-04-14T19:55:21.424+0800: 153080.420: [ParNew: 11889293K->134453K(13212096K), 0.6324676 secs] 72437562K->60688471K(187275712K), 0.6328964 secs] [Times: user=3.92 sys=1.09, real=0.63 secs] 
2018-04-14T19:55:29.727+0800: 153088.723: [GC (Allocation Failure) 2018-04-14T19:55:29.727+0800: 153088.723: [ParNew: 11878581K->161723K(13212096K), 0.5031564 secs] 72432599K->60720261K(187275712K), 0.5035752 secs] [Times: user=3.79 sys=0.20, real=0.50 secs] 
2018-04-14T19:55:42.861+0800: 153101.857: [GC (Allocation Failure) 2018-04-14T19:55:42.861+0800: 153101.857: [ParNew: 11905851K->136488K(13212096K), 0.5448576 secs] 72464389K->60699362K(187275712K), 0.5452717 secs] [Times: user=4.02 sys=0.30, real=0.55 secs] 
2018-04-14T19:55:57.128+0800: 153116.124: [GC (Allocation Failure) 2018-04-14T19:55:57.128+0800: 153116.124: [ParNew: 11880616K->123627K(13212096K), 0.5451777 secs] 72443490K->60690401K(187275712K), 0.5455954 secs] [Times: user=3.95 sys=0.38, real=0.55 secs] 
2018-04-14T19:56:13.214+0800: 153132.210: [GC (Allocation Failure) 2018-04-14T19:56:13.214+0800: 153132.210: [ParNew: 11867755K->101600K(13212096K), 0.6301832 secs] 72434529K->60673612K(187275712K), 0.6308977 secs] [Times: user=4.77 sys=0.23, real=0.63 secs] 
2018-04-14T19:56:24.592+0800: 153143.588: [GC (Allocation Failure) 2018-04-14T19:56:24.592+0800: 153143.588: [ParNew: 11845728K->109058K(13212096K), 0.5995135 secs] 72417740K->60684531K(187275712K), 0.5999441 secs] [Times: user=3.73 sys=1.02, real=0.60 secs] 
2018-04-14T19:56:32.432+0800: 153151.428: [GC (Allocation Failure) 2018-04-14T19:56:32.432+0800: 153151.428: [ParNew: 11853186K->127580K(13212096K), 0.5198384 secs] 72428659K->60705024K(187275712K), 0.5202561 secs] [Times: user=3.89 sys=0.24, real=0.52 secs] 
2018-04-14T19:56:41.700+0800: 153160.696: [GC (Allocation Failure) 2018-04-14T19:56:41.700+0800: 153160.696: [ParNew: 11871708K->157463K(13212096K), 0.6080908 secs] 72449152K->60738112K(187275712K), 0.6085064 secs] [Times: user=4.33 sys=0.51, real=0.61 secs] 
2018-04-14T19:56:53.138+0800: 153172.134: [GC (Allocation Failure) 2018-04-14T19:56:53.138+0800: 153172.134: [ParNew: 11901591K->162964K(13212096K), 0.6272669 secs] 72482240K->60745883K(187275712K), 0.6276958 secs] [Times: user=4.71 sys=0.28, real=0.63 secs] 
2018-04-14T19:57:08.400+0800: 153187.396: [GC (Allocation Failure) 2018-04-14T19:57:08.400+0800: 153187.396: [ParNew: 11907092K->149054K(13212096K), 0.6162042 secs] 72490011K->60734424K(187275712K), 0.6166360 secs] [Times: user=3.37 sys=1.50, real=0.62 secs] 
2018-04-14T19:57:20.756+0800: 153199.752: [GC (Allocation Failure) 2018-04-14T19:57:20.756+0800: 153199.752: [ParNew: 11893182K->94388K(13212096K), 0.5691312 secs] 72478552K->60685487K(187275712K), 0.5695501 secs] [Times: user=4.13 sys=0.38, real=0.57 secs] 
2018-04-14T19:57:35.105+0800: 153214.101: [GC (Allocation Failure) 2018-04-14T19:57:35.105+0800: 153214.101: [ParNew: 11838516K->97792K(13212096K), 0.5183402 secs] 72429615K->60694518K(187275712K), 0.5186840 secs] [Times: user=3.73 sys=0.37, real=0.52 secs] 
2018-04-14T19:57:43.324+0800: 153222.320: [GC (Allocation Failure) 2018-04-14T19:57:43.324+0800: 153222.320: [ParNew: 11841920K->84320K(13212096K), 0.5400908 secs] 72438646K->60686857K(187275712K), 0.5404522 secs] [Times: user=4.18 sys=0.10, real=0.54 secs] 
2018-04-14T19:57:55.963+0800: 153234.959: [GC (Allocation Failure) 2018-04-14T19:57:55.964+0800: 153234.960: [ParNew: 11828448K->98893K(13212096K), 0.6312878 secs] 72430985K->60706168K(187275712K), 0.6317188 secs] [Times: user=3.62 sys=1.36, real=0.63 secs] 
2018-04-14T19:59:20.176+0800: 153319.172: [GC (Allocation Failure) 2018-04-14T19:59:20.176+0800: 153319.172: [ParNew: 11843021K->70413K(13212096K), 0.9349735 secs] 72450296K->60680877K(187275712K), 0.9354095 secs] [Times: user=5.21 sys=2.15, real=0.94 secs] 
2018-04-14T19:59:48.943+0800: 153347.939: [GC (Allocation Failure) 2018-04-14T19:59:48.943+0800: 153347.939: [ParNew: 11814541K->81100K(13212096K), 0.5301880 secs] 72425005K->60693904K(187275712K), 0.5306154 secs] [Times: user=3.86 sys=0.35, real=0.53 secs] 
2018-04-14T20:01:43.702+0800: 153462.698: [GC (Allocation Failure) 2018-04-14T20:01:43.702+0800: 153462.698: [ParNew: 11825228K->94729K(13212096K), 0.8314549 secs] 72438032K->60709433K(187275712K), 0.8318839 secs] [Times: user=4.51 sys=1.99, real=0.83 secs] 
2018-04-14T20:03:12.432+0800: 153551.428: [GC (Allocation Failure) 2018-04-14T20:03:12.432+0800: 153551.428: [ParNew: 11838857K->145384K(13212096K), 0.8113755 secs] 72453561K->60761938K(187275712K), 0.8118114 secs] [Times: user=5.47 sys=0.97, real=0.81 secs] 
2018-04-14T20:03:57.394+0800: 153596.390: [GC (Allocation Failure) 2018-04-14T20:03:57.394+0800: 153596.390: [ParNew: 11889512K->163412K(13212096K), 0.7101846 secs] 72506066K->60781524K(187275712K), 0.7106172 secs] [Times: user=3.84 sys=1.78, real=0.71 secs] 
2018-04-14T20:04:55.246+0800: 153654.242: [GC (Allocation Failure) 2018-04-14T20:04:55.246+0800: 153654.242: [ParNew: 11907540K->143605K(13212096K), 0.6158182 secs] 72525652K->60764384K(187275712K), 0.6162497 secs] [Times: user=4.52 sys=0.37, real=0.62 secs] 
2018-04-14T20:05:04.719+0800: 153663.715: [GC (Allocation Failure) 2018-04-14T20:05:04.719+0800: 153663.715: [ParNew: 11887733K->143185K(13212096K), 0.6356615 secs] 72508512K->60778038K(187275712K), 0.6360838 secs] [Times: user=3.87 sys=1.15, real=0.64 secs] 
2018-04-14T20:05:11.915+0800: 153670.911: [GC (Allocation Failure) 2018-04-14T20:05:11.916+0800: 153670.912: [ParNew: 11887313K->177958K(13212096K), 0.5061344 secs] 72522166K->60814909K(187275712K), 0.5065458 secs] [Times: user=3.95 sys=0.08, real=0.51 secs] 
2018-04-14T20:05:18.770+0800: 153677.766: [GC (Allocation Failure) 2018-04-14T20:05:18.770+0800: 153677.766: [ParNew: 11922086K->117370K(13212096K), 0.5004428 secs] 72559037K->60769685K(187275712K), 0.5008527 secs] [Times: user=3.86 sys=0.09, real=0.51 secs] 
2018-04-14T20:05:26.978+0800: 153685.974: [GC (Allocation Failure) 2018-04-14T20:05:26.979+0800: 153685.975: [ParNew: 11861498K->113117K(13212096K), 0.5472964 secs] 72513813K->60777876K(187275712K), 0.5477105 secs] [Times: user=4.12 sys=0.21, real=0.55 secs] 
2018-04-14T20:05:41.679+0800: 153700.675: [GC (Allocation Failure) 2018-04-14T20:05:41.679+0800: 153700.676: [ParNew: 11857245K->98647K(13212096K), 0.5091366 secs] 72522004K->60778743K(187275712K), 0.5095660 secs] [Times: user=3.60 sys=0.43, real=0.51 secs] 
2018-04-14T20:06:07.506+0800: 153726.502: [GC (Allocation Failure) 2018-04-14T20:06:07.506+0800: 153726.502: [ParNew: 11842775K->78040K(13212096K), 0.6915752 secs] 72522871K->60765561K(187275712K), 0.6920026 secs] [Times: user=4.09 sys=1.38, real=0.69 secs] 
2018-04-14T20:06:29.129+0800: 153748.125: [GC (Allocation Failure) 2018-04-14T20:06:29.130+0800: 153748.126: [ParNew: 11822168K->66160K(13212096K), 0.5774430 secs] 72509689K->60755758K(187275712K), 0.5778635 secs] [Times: user=4.01 sys=0.59, real=0.58 secs] 
2018-04-14T20:06:41.824+0800: 153760.820: [GC (Allocation Failure) 2018-04-14T20:06:41.824+0800: 153760.820: [ParNew: 11810288K->47683K(13212096K), 0.4803896 secs] 72499886K->60738667K(187275712K), 0.4808052 secs] [Times: user=3.45 sys=0.37, real=0.48 secs] 
2018-04-14T20:06:57.329+0800: 153776.325: [GC (Allocation Failure) 2018-04-14T20:06:57.330+0800: 153776.326: [ParNew: 11791811K->53634K(13212096K), 0.6128116 secs] 72482795K->60745818K(187275712K), 0.6132276 secs] [Times: user=3.09 sys=1.75, real=0.62 secs] 
2018-04-14T20:07:21.948+0800: 153800.944: [GC (Allocation Failure) 2018-04-14T20:07:21.948+0800: 153800.944: [ParNew: 11797762K->78380K(13212096K), 0.5988600 secs] 72489946K->60771965K(187275712K), 0.5992788 secs] [Times: user=4.02 sys=0.75, real=0.60 secs] 
2018-04-14T20:07:43.788+0800: 153822.784: [GC (Allocation Failure) 2018-04-14T20:07:43.788+0800: 153822.784: [ParNew: 11822508K->122991K(13212096K), 0.6121902 secs] 72516093K->60818840K(187275712K), 0.6125851 secs] [Times: user=4.65 sys=0.21, real=0.61 secs] 
2018-04-14T20:08:00.969+0800: 153839.965: [GC (Allocation Failure) 2018-04-14T20:08:00.969+0800: 153839.965: [ParNew: 11867119K->144236K(13212096K), 0.6297315 secs] 72562968K->60843758K(187275712K), 0.6301637 secs] [Times: user=4.11 sys=0.88, real=0.63 secs] 
2018-04-14T20:08:17.451+0800: 153856.447: [GC (Allocation Failure) 2018-04-14T20:08:17.451+0800: 153856.447: [ParNew: 11888364K->147727K(13212096K), 0.5712614 secs] 72587886K->60849551K(187275712K), 0.5716633 secs] [Times: user=4.01 sys=0.52, real=0.58 secs] 
2018-04-14T20:08:28.760+0800: 153867.756: [GC (Allocation Failure) 2018-04-14T20:08:28.761+0800: 153867.757: [ParNew: 11891855K->146510K(13212096K), 0.5109043 secs] 72593679K->60852157K(187275712K), 0.5113076 secs] [Times: user=3.82 sys=0.23, real=0.52 secs] 
2018-04-14T20:08:45.598+0800: 153884.595: [GC (Allocation Failure) 2018-04-14T20:08:45.599+0800: 153884.595: [ParNew: 11890638K->126894K(13212096K), 0.5036862 secs] 72596285K->60835443K(187275712K), 0.5040871 secs] [Times: user=3.68 sys=0.32, real=0.51 secs] 
2018-04-14T20:08:59.968+0800: 153898.964: [GC (Allocation Failure) 2018-04-14T20:08:59.968+0800: 153898.965: [ParNew: 11871022K->154155K(13212096K), 0.6928242 secs] 72579571K->60865164K(187275712K), 0.6932274 secs] [Times: user=4.28 sys=1.22, real=0.70 secs] 
2018-04-14T20:09:22.909+0800: 153921.905: [GC (Allocation Failure) 2018-04-14T20:09:22.909+0800: 153921.905: [ParNew: 11898283K->102451K(13212096K), 0.5267606 secs] 72609292K->60815173K(187275712K), 0.5271695 secs] [Times: user=3.49 sys=0.69, real=0.53 secs] 
2018-04-14T20:09:34.027+0800: 153933.023: [GC (Allocation Failure) 2018-04-14T20:09:34.027+0800: 153933.023: [ParNew: 11846579K->65697K(13212096K), 0.4758889 secs] 72559301K->60780226K(187275712K), 0.4762922 secs] [Times: user=3.47 sys=0.32, real=0.48 secs] 
2018-04-14T20:09:41.732+0800: 153940.728: [GC (Allocation Failure) 2018-04-14T20:09:41.732+0800: 153940.728: [ParNew: 11809825K->54364K(13212096K), 0.4647524 secs] 72524354K->60770486K(187275712K), 0.4651492 secs] [Times: user=3.57 sys=0.12, real=0.46 secs] 
2018-04-14T20:09:53.181+0800: 153952.177: [GC (Allocation Failure) 2018-04-14T20:09:53.181+0800: 153952.177: [ParNew: 11798492K->66038K(13212096K), 0.5992637 secs] 72514614K->60783524K(187275712K), 0.5996569 secs] [Times: user=3.28 sys=1.47, real=0.60 secs] 
2018-04-14T20:10:06.720+0800: 153965.716: [GC (Allocation Failure) 2018-04-14T20:10:06.720+0800: 153965.716: [ParNew: 11810166K->69582K(13212096K), 0.5085471 secs] 72527652K->60791254K(187275712K), 0.5089336 secs] [Times: user=3.79 sys=0.24, real=0.51 secs] 
2018-04-14T20:10:20.667+0800: 153979.663: [GC (Allocation Failure) 2018-04-14T20:10:20.667+0800: 153979.663: [ParNew: 11813710K->72918K(13212096K), 0.5281008 secs] 72535382K->60795762K(187275712K), 0.5284860 secs] [Times: user=3.82 sys=0.37, real=0.53 secs] 
2018-04-14T20:11:26.290+0800: 154045.286: [GC (Allocation Failure) 2018-04-14T20:11:26.290+0800: 154045.286: [ParNew: 11817046K->71937K(13212096K), 0.7838869 secs] 72539890K->60797708K(187275712K), 0.7842858 secs] [Times: user=4.93 sys=1.27, real=0.79 secs] 
2018-04-14T20:12:04.793+0800: 154083.789: [GC (Allocation Failure) 2018-04-14T20:12:04.793+0800: 154083.789: [ParNew: 11816065K->87339K(13212096K), 0.5562653 secs] 72541836K->60814771K(187275712K), 0.5566693 secs] [Times: user=3.72 sys=0.70, real=0.55 secs] 
2018-04-14T20:12:25.257+0800: 154104.253: [GC (Allocation Failure) 2018-04-14T20:12:25.257+0800: 154104.254: [ParNew: 11831467K->119649K(13212096K), 0.5622082 secs] 72558899K->60847938K(187275712K), 0.5626430 secs] [Times: user=4.21 sys=0.25, real=0.56 secs] 
2018-04-14T20:12:44.154+0800: 154123.150: [GC (Allocation Failure) 2018-04-14T20:12:44.154+0800: 154123.150: [ParNew: 11863777K->157104K(13212096K), 0.6489384 secs] 72592066K->60888620K(187275712K), 0.6493704 secs] [Times: user=4.19 sys=0.96, real=0.65 secs] 
2018-04-14T20:13:23.959+0800: 154162.955: [GC (Allocation Failure) 2018-04-14T20:13:23.959+0800: 154162.955: [ParNew: 11901232K->151558K(13212096K), 0.5758913 secs] 72632748K->60886578K(187275712K), 0.5763048 secs] [Times: user=4.00 sys=0.58, real=0.58 secs] 
2018-04-14T20:13:55.977+0800: 154194.973: [GC (Allocation Failure) 2018-04-14T20:13:55.977+0800: 154194.974: [ParNew: 11895686K->174996K(13212096K), 0.6630152 secs] 72630706K->60912182K(187275712K), 0.6634442 secs] [Times: user=3.73 sys=1.49, real=0.66 secs] 
2018-04-14T20:14:44.456+0800: 154243.452: [GC (Allocation Failure) 2018-04-14T20:14:44.456+0800: 154243.452: [ParNew: 11919124K->135282K(13212096K), 0.6603317 secs] 72656310K->60883785K(187275712K), 0.6607352 secs] [Times: user=4.52 sys=0.70, real=0.66 secs] 
2018-04-14T20:15:47.292+0800: 154306.288: [GC (Allocation Failure) 2018-04-14T20:15:47.292+0800: 154306.288: [ParNew: 11879410K->156453K(13212096K), 0.7503530 secs] 72627913K->60909852K(187275712K), 0.7507727 secs] [Times: user=4.52 sys=1.42, real=0.75 secs] 
2018-04-14T20:18:43.748+0800: 154482.744: [GC (Allocation Failure) 2018-04-14T20:18:43.748+0800: 154482.744: [ParNew: 11900581K->157245K(13212096K), 1.1366810 secs] 72653980K->60912884K(187275712K), 1.1371265 secs] [Times: user=6.72 sys=2.28, real=1.14 secs] 
2018-04-14T20:20:24.364+0800: 154583.360: [GC (Allocation Failure) 2018-04-14T20:20:24.364+0800: 154583.361: [ParNew: 11901373K->143033K(13212096K), 1.0964938 secs] 72657012K->60901358K(187275712K), 1.0969044 secs] [Times: user=6.54 sys=2.18, real=1.10 secs] 
2018-04-14T20:20:47.184+0800: 154606.180: [GC (Allocation Failure) 2018-04-14T20:20:47.185+0800: 154606.181: [ParNew: 11887161K->180795K(13212096K), 0.6430365 secs] 72645486K->60945525K(187275712K), 0.6434094 secs] [Times: user=4.00 sys=1.10, real=0.64 secs] 
2018-04-14T20:21:07.678+0800: 154626.674: [GC (Allocation Failure) 2018-04-14T20:21:07.678+0800: 154626.674: [ParNew: 11924923K->193922K(13212096K), 0.5906207 secs] 72689653K->60966552K(187275712K), 0.5910424 secs] [Times: user=4.25 sys=0.44, real=0.59 secs] 
2018-04-14T20:21:20.792+0800: 154639.788: [GC (Allocation Failure) 2018-04-14T20:21:20.792+0800: 154639.788: [ParNew: 11938050K->166568K(13212096K), 0.5324222 secs] 72710680K->60946114K(187275712K), 0.5328351 secs] [Times: user=3.89 sys=0.33, real=0.53 secs] 
2018-04-14T20:21:33.544+0800: 154652.540: [GC (Allocation Failure) 2018-04-14T20:21:33.544+0800: 154652.540: [ParNew: 11910696K->135346K(13212096K), 0.5088950 secs] 72690242K->60931345K(187275712K), 0.5093085 secs] [Times: user=3.85 sys=0.18, real=0.51 secs] 
2018-04-14T20:21:59.577+0800: 154678.573: [GC (Allocation Failure) 2018-04-14T20:21:59.577+0800: 154678.573: [ParNew: 11879474K->95580K(13212096K), 0.6163543 secs] 72675473K->60906194K(187275712K), 0.6167884 secs] [Times: user=3.87 sys=0.99, real=0.62 secs] 
2018-04-14T20:22:13.636+0800: 154692.632: [GC (Allocation Failure) 2018-04-14T20:22:13.637+0800: 154692.633: [ParNew: 11839708K->67629K(13212096K), 0.5205305 secs] 72650322K->60882607K(187275712K), 0.5209380 secs] [Times: user=3.70 sys=0.44, real=0.52 secs] 
2018-04-14T20:22:30.240+0800: 154709.236: [GC (Allocation Failure) 2018-04-14T20:22:30.240+0800: 154709.236: [ParNew: 11811757K->79568K(13212096K), 0.5409900 secs] 72626735K->60897777K(187275712K), 0.5414024 secs] [Times: user=3.84 sys=0.46, real=0.55 secs] 
2018-04-14T20:22:43.905+0800: 154722.901: [GC (Allocation Failure) 2018-04-14T20:22:43.905+0800: 154722.901: [ParNew: 11823696K->96484K(13212096K), 0.6059578 secs] 72641905K->60924176K(187275712K), 0.6063686 secs] [Times: user=3.15 sys=1.65, real=0.61 secs] 
2018-04-14T20:22:58.633+0800: 154737.629: [GC (Allocation Failure) 2018-04-14T20:22:58.633+0800: 154737.629: [ParNew: 11840612K->87675K(13212096K), 0.4904164 secs] 72668304K->60922049K(187275712K), 0.4908360 secs] [Times: user=3.82 sys=0.06, real=0.49 secs] 
2018-04-14T20:23:12.647+0800: 154751.643: [GC (Allocation Failure) 2018-04-14T20:23:12.647+0800: 154751.643: [ParNew: 11831803K->59886K(13212096K), 0.5608825 secs] 72666177K->60895688K(187275712K), 0.5612842 secs] [Times: user=3.86 sys=0.60, real=0.56 secs] 
2018-04-14T20:23:30.555+0800: 154769.551: [GC (Allocation Failure) 2018-04-14T20:23:30.555+0800: 154769.551: [ParNew: 11804014K->99507K(13212096K), 0.5204908 secs] 72639816K->60938174K(187275712K), 0.5208985 secs] [Times: user=3.85 sys=0.27, real=0.52 secs] 
2018-04-14T20:23:49.643+0800: 154788.639: [GC (Allocation Failure) 2018-04-14T20:23:49.643+0800: 154788.639: [ParNew: 11843635K->79706K(13212096K), 0.6454159 secs] 72682302K->60919452K(187275712K), 0.6458601 secs] [Times: user=4.10 sys=1.00, real=0.64 secs] 
2018-04-14T20:24:14.595+0800: 154813.591: [GC (Allocation Failure) 2018-04-14T20:24:14.595+0800: 154813.591: [ParNew: 11823834K->79344K(13212096K), 0.5385735 secs] 72663580K->60922485K(187275712K), 0.5389758 secs] [Times: user=3.81 sys=0.47, real=0.54 secs] 
2018-04-14T20:24:28.212+0800: 154827.208: [GC (Allocation Failure) 2018-04-14T20:24:28.212+0800: 154827.208: [ParNew: 11823472K->76465K(13212096K), 0.4771653 secs] 72666613K->60922459K(187275712K), 0.4775606 secs] [Times: user=3.60 sys=0.17, real=0.47 secs] 
2018-04-14T20:24:56.092+0800: 154855.088: [GC (Allocation Failure) 2018-04-14T20:24:56.092+0800: 154855.088: [ParNew: 11820593K->79107K(13212096K), 0.7037144 secs] 72666587K->60927436K(187275712K), 0.7041373 secs] [Times: user=4.22 sys=1.36, real=0.70 secs] 
2018-04-14T20:26:48.985+0800: 154967.981: [GC (Allocation Failure) 2018-04-14T20:26:48.985+0800: 154967.981: [ParNew: 11823235K->121149K(13212096K), 0.9554906 secs] 72671564K->60970296K(187275712K), 0.9559086 secs] [Times: user=5.34 sys=2.20, real=0.95 secs] 
2018-04-14T20:27:35.192+0800: 155014.188: [GC (Allocation Failure) 2018-04-14T20:27:35.193+0800: 155014.189: [ParNew: 11865277K->145414K(13212096K), 0.6319407 secs] 72714424K->60999394K(187275712K), 0.6323549 secs] [Times: user=4.28 sys=0.68, real=0.63 secs] 
2018-04-14T20:28:01.131+0800: 155040.127: [GC (Allocation Failure) 2018-04-14T20:28:01.131+0800: 155040.127: [ParNew: 11889542K->132592K(13212096K), 0.5812184 secs] 72743522K->60989384K(187275712K), 0.5816243 secs] [Times: user=4.16 sys=0.44, real=0.59 secs] 
2018-04-14T20:28:30.857+0800: 155069.853: [GC (Allocation Failure) 2018-04-14T20:28:30.858+0800: 155069.854: [ParNew: 11876720K->179162K(13212096K), 0.6949396 secs] 72733512K->61038200K(187275712K), 0.6953849 secs] [Times: user=4.25 sys=1.27, real=0.70 secs] 
2018-04-14T20:30:26.669+0800: 155185.665: [GC (Allocation Failure) 2018-04-14T20:30:26.669+0800: 155185.665: [ParNew: 11923290K->146635K(13212096K), 0.9513837 secs] 72782328K->61008326K(187275712K), 0.9518228 secs] [Times: user=5.66 sys=1.89, real=0.95 secs] 
2018-04-14T20:32:16.041+0800: 155295.037: [GC (Allocation Failure) 2018-04-14T20:32:16.041+0800: 155295.037: [ParNew: 11890763K->153767K(13212096K), 0.8292961 secs] 72752454K->61021388K(187275712K), 0.8297114 secs] [Times: user=5.43 sys=1.16, real=0.83 secs] 
2018-04-14T20:32:43.593+0800: 155322.589: [GC (Allocation Failure) 2018-04-14T20:32:43.593+0800: 155322.589: [ParNew: 11897895K->182454K(13212096K), 0.6925831 secs] 72765516K->61059025K(187275712K), 0.6930091 secs] [Times: user=4.57 sys=0.92, real=0.69 secs] 
2018-04-14T20:33:14.123+0800: 155353.119: [GC (Allocation Failure) 2018-04-14T20:33:14.123+0800: 155353.119: [ParNew: 11926582K->153825K(13212096K), 0.5651763 secs] 72803153K->61035693K(187275712K), 0.5655469 secs] [Times: user=3.96 sys=0.53, real=0.56 secs] 
2018-04-14T20:33:45.072+0800: 155384.068: [GC (Allocation Failure) 2018-04-14T20:33:45.073+0800: 155384.069: [ParNew: 11897953K->147737K(13212096K), 0.5557067 secs] 72779821K->61031224K(187275712K), 0.5564597 secs] [Times: user=4.15 sys=0.27, real=0.55 secs] 
2018-04-14T20:34:20.083+0800: 155419.079: [GC (Allocation Failure) 2018-04-14T20:34:20.083+0800: 155419.080: [ParNew: 11891865K->162028K(13212096K), 0.7265786 secs] 72775352K->61053536K(187275712K), 0.7270016 secs] [Times: user=4.08 sys=1.68, real=0.72 secs] 
2018-04-14T20:35:07.215+0800: 155466.211: [GC (Allocation Failure) 2018-04-14T20:35:07.215+0800: 155466.211: [ParNew: 11906156K->156005K(13212096K), 0.5973569 secs] 72797664K->61063744K(187275712K), 0.5977767 secs] [Times: user=4.04 sys=0.68, real=0.60 secs] 
2018-04-14T20:35:58.708+0800: 155517.704: [GC (Allocation Failure) 2018-04-14T20:35:58.708+0800: 155517.704: [ParNew: 11900133K->113790K(13212096K), 0.7264398 secs] 72807872K->61034649K(187275712K), 0.7268703 secs] [Times: user=4.16 sys=1.57, real=0.73 secs] 
2018-04-14T20:36:23.000+0800: 155541.996: [GC (Allocation Failure) 2018-04-14T20:36:23.000+0800: 155541.996: [ParNew: 11857918K->106645K(13212096K), 0.5550930 secs] 72778777K->61037137K(187275712K), 0.5555024 secs] [Times: user=3.96 sys=0.45, real=0.56 secs] 
2018-04-14T20:36:41.787+0800: 155560.783: [GC (Allocation Failure) 2018-04-14T20:36:41.787+0800: 155560.783: [ParNew: 11850773K->83200K(13212096K), 0.6183195 secs] 72781265K->61025363K(187275712K), 0.6187391 secs] [Times: user=3.59 sys=1.30, real=0.62 secs] 
2018-04-14T20:37:12.715+0800: 155591.711: [GC (Allocation Failure) 2018-04-14T20:37:12.716+0800: 155591.712: [ParNew: 11827328K->67543K(13212096K), 0.5710348 secs] 72769491K->61012040K(187275712K), 0.5714458 secs] [Times: user=3.90 sys=0.65, real=0.57 secs] 
2018-04-14T20:37:55.446+0800: 155634.442: [GC (Allocation Failure) 2018-04-14T20:37:55.447+0800: 155634.443: [ParNew: 11811671K->90127K(13212096K), 0.6413396 secs] 72756168K->61037176K(187275712K), 0.6417570 secs] [Times: user=4.09 sys=0.99, real=0.64 secs] 
2018-04-14T20:38:19.312+0800: 155658.308: [GC (Allocation Failure) 2018-04-14T20:38:19.312+0800: 155658.308: [ParNew: 11834255K->118942K(13212096K), 0.5546598 secs] 72781304K->61072268K(187275712K), 0.5550696 secs] [Times: user=3.98 sys=0.41, real=0.55 secs] 
2018-04-14T20:38:31.721+0800: 155670.717: [GC (Allocation Failure) 2018-04-14T20:38:31.721+0800: 155670.717: [ParNew: 11863070K->125239K(13212096K), 0.5684755 secs] 72816396K->61083241K(187275712K), 0.5688450 secs] [Times: user=4.11 sys=0.40, real=0.57 secs] 
2018-04-14T20:38:41.259+0800: 155680.256: [GC (Allocation Failure) 2018-04-14T20:38:41.260+0800: 155680.256: [ParNew: 11869367K->140878K(13212096K), 0.5424565 secs] 72827369K->61101809K(187275712K), 0.5428290 secs] [Times: user=4.11 sys=0.20, real=0.55 secs] 
2018-04-14T20:38:51.062+0800: 155690.058: [GC (Allocation Failure) 2018-04-14T20:38:51.062+0800: 155690.058: [ParNew: 11885006K->153430K(13212096K), 0.5273224 secs] 72845937K->61115672K(187275712K), 0.5277224 secs] [Times: user=4.12 sys=0.07, real=0.52 secs] 
2018-04-14T20:39:03.691+0800: 155702.687: [GC (Allocation Failure) 2018-04-14T20:39:03.691+0800: 155702.687: [ParNew: 11897558K->162942K(13212096K), 0.6323439 secs] 72859800K->61130007K(187275712K), 0.6327628 secs] [Times: user=3.45 sys=1.56, real=0.64 secs] 
2018-04-14T20:39:29.746+0800: 155728.742: [GC (Allocation Failure) 2018-04-14T20:39:29.746+0800: 155728.742: [ParNew: 11907070K->111813K(13212096K), 0.6239339 secs] 72874135K->61090276K(187275712K), 0.6243454 secs] [Times: user=4.12 sys=0.82, real=0.62 secs] 
2018-04-14T20:39:47.444+0800: 155746.440: [GC (Allocation Failure) 2018-04-14T20:39:47.444+0800: 155746.440: [ParNew: 11855941K->132749K(13212096K), 0.5157387 secs] 72834404K->61117226K(187275712K), 0.5161061 secs] [Times: user=3.58 sys=0.51, real=0.51 secs] 
2018-04-14T20:39:59.028+0800: 155758.024: [GC (Allocation Failure) 2018-04-14T20:39:59.028+0800: 155758.024: [ParNew: 11876877K->91771K(13212096K), 0.5998311 secs] 72861354K->61076703K(187275712K), 0.6002511 secs] [Times: user=3.79 sys=0.95, real=0.60 secs] 
2018-04-14T20:40:09.211+0800: 155768.207: [GC (Allocation Failure) 2018-04-14T20:40:09.212+0800: 155768.208: [ParNew: 11835899K->102289K(13212096K), 0.5192057 secs] 72820831K->61088173K(187275712K), 0.5196076 secs] [Times: user=3.83 sys=0.29, real=0.51 secs] 
2018-04-14T20:40:19.984+0800: 155778.980: [GC (Allocation Failure) 2018-04-14T20:40:19.984+0800: 155778.980: [ParNew: 11846417K->96915K(13212096K), 0.5788755 secs] 72832301K->61084205K(187275712K), 0.5792730 secs] [Times: user=4.44 sys=0.15, real=0.58 secs] 
2018-04-14T20:40:34.158+0800: 155793.155: [GC (Allocation Failure) 2018-04-14T20:40:34.159+0800: 155793.155: [ParNew: 11841043K->107547K(13212096K), 0.5840682 secs] 72828333K->61099248K(187275712K), 0.5844606 secs] [Times: user=4.22 sys=0.41, real=0.59 secs] 
2018-04-14T20:40:53.595+0800: 155812.591: [GC (Allocation Failure) 2018-04-14T20:40:53.595+0800: 155812.591: [ParNew: 11851675K->115810K(13212096K), 0.6499300 secs] 72843376K->61110664K(187275712K), 0.6503504 secs] [Times: user=4.02 sys=1.11, real=0.65 secs] 
2018-04-14T20:41:26.077+0800: 155845.073: [GC (Allocation Failure) 2018-04-14T20:41:26.077+0800: 155845.073: [ParNew: 11859938K->138879K(13212096K), 0.7547593 secs] 72854792K->61138410K(187275712K), 0.7551944 secs] [Times: user=4.80 sys=1.19, real=0.76 secs] 
2018-04-14T20:41:56.839+0800: 155875.835: [GC (Allocation Failure) 2018-04-14T20:41:56.839+0800: 155875.835: [ParNew: 11883007K->154798K(13212096K), 0.5842856 secs] 72882538K->61156372K(187275712K), 0.5850489 secs] [Times: user=4.17 sys=0.47, real=0.59 secs] 
2018-04-14T20:42:32.710+0800: 155911.706: [GC (Allocation Failure) 2018-04-14T20:42:32.710+0800: 155911.706: [ParNew: 11898926K->138116K(13212096K), 0.6888872 secs] 72900500K->61141055K(187275712K), 0.6892898 secs] [Times: user=4.10 sys=1.35, real=0.69 secs] 
2018-04-14T20:43:15.588+0800: 155954.584: [GC (Allocation Failure) 2018-04-14T20:43:15.588+0800: 155954.584: [ParNew: 11882244K->159256K(13212096K), 0.6345631 secs] 72885183K->61163753K(187275712K), 0.6361313 secs] [Times: user=4.51 sys=0.51, real=0.64 secs] 
2018-04-14T20:44:35.329+0800: 156034.325: [GC (Allocation Failure) 2018-04-14T20:44:35.330+0800: 156034.326: [ParNew: 11903384K->186774K(13212096K), 0.9004116 secs] 72907881K->61194487K(187275712K), 0.9007797 secs] [Times: user=4.87 sys=2.20, real=0.90 secs] 
2018-04-14T20:46:35.859+0800: 156154.855: [GC (Allocation Failure) 2018-04-14T20:46:35.860+0800: 156154.856: [ParNew: 11930902K->148277K(13212096K), 1.2233327 secs] 72938615K->61162032K(187275712K), 1.2237072 secs] [Times: user=6.13 sys=3.56, real=1.23 secs] 
2018-04-14T20:47:00.549+0800: 156179.545: [GC (Allocation Failure) 2018-04-14T20:47:00.549+0800: 156179.545: [ParNew: 11892405K->169685K(13212096K), 0.5006791 secs] 72906160K->61191062K(187275712K), 0.5010660 secs] [Times: user=3.57 sys=0.39, real=0.50 secs] 
2018-04-14T20:47:14.900+0800: 156193.896: [GC (Allocation Failure) 2018-04-14T20:47:14.900+0800: 156193.896: [ParNew: 11913813K->164245K(13212096K), 0.6209661 secs] 72935190K->61193443K(187275712K), 0.6213424 secs] [Times: user=3.45 sys=1.45, real=0.62 secs] 
2018-04-14T20:47:32.838+0800: 156211.834: [GC (Allocation Failure) 2018-04-14T20:47:32.839+0800: 156211.835: [ParNew: 11908373K->176042K(13212096K), 0.5402065 secs] 72937571K->61218886K(187275712K), 0.5406339 secs] [Times: user=3.91 sys=0.36, real=0.54 secs] 
2018-04-14T20:47:45.211+0800: 156224.207: [GC (Allocation Failure) 2018-04-14T20:47:45.211+0800: 156224.207: [ParNew: 11920170K->208475K(13212096K), 0.5596932 secs] 72963014K->61267561K(187275712K), 0.5600638 secs] [Times: user=4.19 sys=0.25, real=0.56 secs] 
2018-04-14T20:48:03.290+0800: 156242.286: [GC (Allocation Failure) 2018-04-14T20:48:03.290+0800: 156242.286: [ParNew: 11952603K->163932K(13212096K), 0.6432517 secs] 73011689K->61241748K(187275712K), 0.6436514 secs] [Times: user=4.01 sys=1.08, real=0.65 secs] 
2018-04-14T20:48:12.429+0800: 156251.425: [GC (Allocation Failure) 2018-04-14T20:48:12.429+0800: 156251.425: [ParNew: 11908060K->92795K(13212096K), 0.5000790 secs] 72985876K->61187697K(187275712K), 0.5004647 secs] [Times: user=3.65 sys=0.31, real=0.50 secs] 
2018-04-14T20:48:22.448+0800: 156261.444: [GC (Allocation Failure) 2018-04-14T20:48:22.448+0800: 156261.444: [ParNew: 11836923K->71783K(13212096K), 0.5636505 secs] 72931825K->61170610K(187275712K), 0.5640357 secs] [Times: user=4.08 sys=0.40, real=0.57 secs] 
2018-04-14T20:48:52.829+0800: 156291.825: [GC (Allocation Failure) 2018-04-14T20:48:52.829+0800: 156291.825: [ParNew: 11815911K->52136K(13212096K), 0.5348277 secs] 72914738K->61153179K(187275712K), 0.5352137 secs] [Times: user=3.80 sys=0.46, real=0.54 secs] 
2018-04-14T20:49:40.056+0800: 156339.052: [GC (Allocation Failure) 2018-04-14T20:49:40.056+0800: 156339.052: [ParNew: 11796264K->85223K(13212096K), 0.7747495 secs] 72897307K->61186896K(187275712K), 0.7751504 secs] [Times: user=4.20 sys=1.95, real=0.77 secs] 
2018-04-14T20:50:13.079+0800: 156372.075: [GC (Allocation Failure) 2018-04-14T20:50:13.079+0800: 156372.075: [ParNew: 11829351K->119190K(13212096K), 0.7263594 secs] 72931024K->61222628K(187275712K), 0.7267674 secs] [Times: user=4.26 sys=1.50, real=0.73 secs] 
2018-04-14T20:51:12.198+0800: 156431.194: [GC (Allocation Failure) 2018-04-14T20:51:12.198+0800: 156431.194: [ParNew: 11863318K->137145K(13212096K), 0.9393832 secs] 72966756K->61241677K(187275712K), 0.9397682 secs] [Times: user=5.51 sys=1.96, real=0.94 secs] 
2018-04-14T20:51:44.985+0800: 156463.981: [GC (Allocation Failure) 2018-04-14T20:51:44.985+0800: 156463.981: [ParNew: 11881273K->145657K(13212096K), 0.6820385 secs] 72985805K->61250488K(187275712K), 0.6824351 secs] [Times: user=3.91 sys=1.47, real=0.68 secs] 
2018-04-14T20:53:36.860+0800: 156575.857: [GC (Allocation Failure) 2018-04-14T20:53:36.861+0800: 156575.857: [ParNew: 11889785K->132674K(13212096K), 1.0275796 secs] 72994616K->61237766K(187275712K), 1.0279569 secs] [Times: user=6.36 sys=1.80, real=1.03 secs] 
2018-04-14T20:54:11.961+0800: 156610.957: [GC (Allocation Failure) 2018-04-14T20:54:11.961+0800: 156610.957: [ParNew: 11876802K->133835K(13212096K), 0.6554720 secs] 72981894K->61241431K(187275712K), 0.6558798 secs] [Times: user=3.59 sys=1.56, real=0.66 secs] 
2018-04-14T20:55:42.757+0800: 156701.753: [GC (Allocation Failure) 2018-04-14T20:55:42.757+0800: 156701.753: [ParNew: 11877963K->146338K(13212096K), 0.7405415 secs] 72985559K->61256588K(187275712K), 0.7409285 secs] [Times: user=4.80 sys=1.06, real=0.74 secs] 
2018-04-14T20:56:31.319+0800: 156750.315: [GC (Allocation Failure) 2018-04-14T20:56:31.319+0800: 156750.315: [ParNew: 11890466K->137706K(13212096K), 0.7883542 secs] 73000716K->61253780K(187275712K), 0.7887888 secs] [Times: user=4.48 sys=1.77, real=0.79 secs] 
2018-04-14T20:57:38.274+0800: 156817.271: [GC (Allocation Failure) 2018-04-14T20:57:38.275+0800: 156817.271: [ParNew: 11881834K->145913K(13212096K), 0.8055655 secs] 72997908K->61273815K(187275712K), 0.8059563 secs] [Times: user=5.50 sys=0.87, real=0.80 secs] 
2018-04-14T20:58:24.766+0800: 156863.762: [GC (Allocation Failure) 2018-04-14T20:58:24.767+0800: 156863.763: [ParNew: 11890041K->116533K(13212096K), 0.6732405 secs] 73017943K->61255100K(187275712K), 0.6736378 secs] [Times: user=3.57 sys=1.74, real=0.67 secs] 
2018-04-14T20:58:48.855+0800: 156887.851: [GC (Allocation Failure) 2018-04-14T20:58:48.856+0800: 156887.852: [ParNew: 11860661K->148073K(13212096K), 0.6270151 secs] 72999228K->61297693K(187275712K), 0.6274156 secs] [Times: user=4.28 sys=0.68, real=0.63 secs] 
2018-04-14T20:59:07.052+0800: 156906.048: [GC (Allocation Failure) 2018-04-14T20:59:07.052+0800: 156906.048: [ParNew: 11892201K->147795K(13212096K), 0.6617651 secs] 73041821K->61302563K(187275712K), 0.6621801 secs] [Times: user=3.55 sys=1.69, real=0.66 secs] 
2018-04-14T20:59:22.800+0800: 156921.796: [GC (Allocation Failure) 2018-04-14T20:59:22.800+0800: 156921.796: [ParNew: 11891923K->128305K(13212096K), 0.5983067 secs] 73046691K->61290490K(187275712K), 0.5987076 secs] [Times: user=4.24 sys=0.52, real=0.60 secs] 
2018-04-14T20:59:32.794+0800: 156931.790: [GC (Allocation Failure) 2018-04-14T20:59:32.794+0800: 156931.790: [ParNew: 11872433K->122695K(13212096K), 0.5413561 secs] 73034618K->61295199K(187275712K), 0.5417574 secs] [Times: user=3.99 sys=0.29, real=0.54 secs] 
2018-04-14T20:59:50.226+0800: 156949.222: [GC (Allocation Failure) 2018-04-14T20:59:50.226+0800: 156949.222: [ParNew: 11866820K->102022K(13212096K), 0.6214660 secs] 73039324K->61283634K(187275712K), 0.6218589 secs] [Times: user=4.50 sys=0.43, real=0.62 secs] 
2018-04-14T21:00:14.275+0800: 156973.271: [GC (Allocation Failure) 2018-04-14T21:00:14.275+0800: 156973.271: [ParNew: 11846150K->76434K(13212096K), 0.6181710 secs] 73027762K->61260280K(187275712K), 0.6185867 secs] [Times: user=3.65 sys=1.22, real=0.62 secs] 
2018-04-14T21:00:28.903+0800: 156987.899: [GC (Allocation Failure) 2018-04-14T21:00:28.903+0800: 156987.899: [ParNew: 11820562K->97511K(13212096K), 0.5691305 secs] 73004408K->61291687K(187275712K), 0.5695232 secs] [Times: user=4.14 sys=0.36, real=0.57 secs] 
2018-04-14T21:00:34.521+0800: 156993.517: [GC (Allocation Failure) 2018-04-14T21:00:34.521+0800: 156993.517: [ParNew: 11841639K->97302K(13212096K), 0.4850946 secs] 73035815K->61301445K(187275712K), 0.4854897 secs] [Times: user=3.51 sys=0.34, real=0.49 secs] 
2018-04-14T21:00:41.609+0800: 157000.605: [GC (Allocation Failure) 2018-04-14T21:00:41.610+0800: 157000.606: [ParNew: 11841430K->73869K(13212096K), 0.4952863 secs] 73045573K->61278910K(187275712K), 0.4956800 secs] [Times: user=3.54 sys=0.40, real=0.50 secs] 
2018-04-14T21:00:59.683+0800: 157018.679: [GC (Allocation Failure) 2018-04-14T21:00:59.683+0800: 157018.679: [ParNew: 11817997K->77819K(13212096K), 0.6476585 secs] 73023038K->61283349K(187275712K), 0.6480597 secs] [Times: user=3.85 sys=1.27, real=0.64 secs] 
2018-04-14T21:01:28.933+0800: 157047.929: [GC (Allocation Failure) 2018-04-14T21:01:28.933+0800: 157047.929: [ParNew: 11821947K->99529K(13212096K), 0.6177194 secs] 73027477K->61309459K(187275712K), 0.6181081 secs] [Times: user=4.46 sys=0.43, real=0.61 secs] 
2018-04-14T21:01:41.178+0800: 157060.174: [GC (Allocation Failure) 2018-04-14T21:01:41.178+0800: 157060.174: [ParNew: 11843657K->113703K(13212096K), 0.5031810 secs] 73053587K->61325869K(187275712K), 0.5035736 secs] [Times: user=3.70 sys=0.30, real=0.51 secs] 
2018-04-14T21:01:53.125+0800: 157072.121: [GC (Allocation Failure) 2018-04-14T21:01:53.125+0800: 157072.121: [ParNew: 11857831K->136250K(13212096K), 0.4636769 secs] 73069997K->61349397K(187275712K), 0.4640792 secs] [Times: user=3.68 sys=0.01, real=0.46 secs] 
2018-04-14T21:02:12.148+0800: 157091.144: [GC (Allocation Failure) 2018-04-14T21:02:12.148+0800: 157091.144: [ParNew: 11880378K->83709K(13212096K), 0.6152459 secs] 73093525K->61297059K(187275712K), 0.6156626 secs] [Times: user=3.15 sys=1.72, real=0.62 secs] 
2018-04-14T21:02:34.270+0800: 157113.266: [GC (Allocation Failure) 2018-04-14T21:02:34.270+0800: 157113.266: [ParNew: 11827837K->56585K(13212096K), 0.6272153 secs] 73041187K->61270800K(187275712K), 0.6276159 secs] [Times: user=4.17 sys=0.82, real=0.63 secs] 
2018-04-14T21:02:49.742+0800: 157128.738: [GC (Allocation Failure) 2018-04-14T21:02:49.742+0800: 157128.738: [ParNew: 11800713K->64661K(13212096K), 0.5350250 secs] 73014928K->61280809K(187275712K), 0.5354173 secs] [Times: user=3.78 sys=0.48, real=0.53 secs] 
2018-04-14T21:03:00.629+0800: 157139.625: [GC (Allocation Failure) 2018-04-14T21:03:00.629+0800: 157139.625: [ParNew: 11808789K->57642K(13212096K), 0.6019602 secs] 73024937K->61278369K(187275712K), 0.6023509 secs] [Times: user=3.21 sys=1.53, real=0.61 secs] 
2018-04-14T21:03:41.886+0800: 157180.882: [GC (Allocation Failure) 2018-04-14T21:03:41.886+0800: 157180.882: [ParNew: 11801770K->52904K(13212096K), 0.5833290 secs] 73022497K->61275406K(187275712K), 0.5837280 secs] [Times: user=3.73 sys=0.90, real=0.58 secs] 
2018-04-14T21:05:43.680+0800: 157302.676: [GC (Allocation Failure) 2018-04-14T21:05:43.681+0800: 157302.677: [ParNew: 11797032K->66343K(13212096K), 0.8501185 secs] 73019534K->61290482K(187275712K), 0.8505293 secs] [Times: user=5.24 sys=1.47, real=0.85 secs] 
2018-04-14T21:06:03.413+0800: 157322.409: [GC (Allocation Failure) 2018-04-14T21:06:03.413+0800: 157322.409: [ParNew: 11810471K->84595K(13212096K), 0.5711170 secs] 73034610K->61310026K(187275712K), 0.5715200 secs] [Times: user=4.09 sys=0.45, real=0.57 secs] 
2018-04-14T21:06:30.962+0800: 157349.958: [GC (Allocation Failure) 2018-04-14T21:06:30.963+0800: 157349.959: [ParNew: 11828723K->80540K(13212096K), 0.5840506 secs] 73054154K->61308481K(187275712K), 0.5844535 secs] [Times: user=4.25 sys=0.40, real=0.58 secs] 
2018-04-14T21:07:15.691+0800: 157394.687: [GC (Allocation Failure) 2018-04-14T21:07:15.691+0800: 157394.687: [ParNew: 11824668K->77778K(13212096K), 0.6582530 secs] 73052609K->61307971K(187275712K), 0.6586716 secs] [Times: user=3.67 sys=1.54, real=0.65 secs] 
2018-04-14T21:07:30.211+0800: 157409.207: [GC (Allocation Failure) 2018-04-14T21:07:30.211+0800: 157409.207: [ParNew: 11821906K->70776K(13212096K), 0.5061036 secs] 73052099K->61301651K(187275712K), 0.5065112 secs] [Times: user=3.45 sys=0.57, real=0.51 secs] 
2018-04-14T21:07:47.877+0800: 157426.873: [GC (Allocation Failure) 2018-04-14T21:07:47.877+0800: 157426.873: [ParNew: 11814904K->72837K(13212096K), 0.5225546 secs] 73045779K->61312214K(187275712K), 0.5229554 secs] [Times: user=3.72 sys=0.42, real=0.52 secs] 
2018-04-14T21:08:06.971+0800: 157445.967: [GC (Allocation Failure) 2018-04-14T21:08:06.971+0800: 157445.967: [ParNew: 11816965K->103229K(13212096K), 0.6636989 secs] 73056342K->61364972K(187275712K), 0.6641280 secs] [Times: user=3.79 sys=1.41, real=0.67 secs] 
2018-04-14T21:08:18.582+0800: 157457.578: [GC (Allocation Failure) 2018-04-14T21:08:18.582+0800: 157457.578: [ParNew: 11847357K->113544K(13212096K), 0.5882771 secs] 73109100K->61377264K(187275712K), 0.5886859 secs] [Times: user=4.35 sys=0.33, real=0.58 secs] 
2018-04-14T21:08:33.749+0800: 157472.745: [GC (Allocation Failure) 2018-04-14T21:08:33.749+0800: 157472.745: [ParNew: 11857672K->138217K(13212096K), 0.5529578 secs] 73121392K->61403436K(187275712K), 0.5533561 secs] [Times: user=3.85 sys=0.55, real=0.56 secs] 
2018-04-14T21:09:36.031+0800: 157535.027: [GC (Allocation Failure) 2018-04-14T21:09:36.031+0800: 157535.027: [ParNew: 11882345K->104016K(13212096K), 0.6921380 secs] 73147564K->61372004K(187275712K), 0.6925560 secs] [Times: user=3.75 sys=1.73, real=0.70 secs] 
2018-04-14T21:10:15.839+0800: 157574.835: [GC (Allocation Failure) 2018-04-14T21:10:15.839+0800: 157574.835: [ParNew: 11848144K->49675K(13212096K), 0.5611671 secs] 73116132K->61318290K(187275712K), 0.5615779 secs] [Times: user=3.76 sys=0.70, real=0.56 secs] 
2018-04-14T21:10:46.213+0800: 157605.209: [GC (Allocation Failure) 2018-04-14T21:10:46.213+0800: 157605.209: [ParNew: 11793803K->62346K(13212096K), 0.6156968 secs] 73062418K->61332393K(187275712K), 0.6161343 secs] [Times: user=3.78 sys=1.08, real=0.61 secs] 
2018-04-14T21:11:23.141+0800: 157642.137: [GC (Allocation Failure) 2018-04-14T21:11:23.142+0800: 157642.138: [ParNew: 11806474K->97806K(13212096K), 0.6061154 secs] 73076521K->61371312K(187275712K), 0.6065333 secs] [Times: user=3.96 sys=0.86, real=0.60 secs] 
2018-04-14T21:12:45.248+0800: 157724.244: [GC (Allocation Failure) 2018-04-14T21:12:45.248+0800: 157724.244: [ParNew: 11841934K->128786K(13212096K), 0.7353931 secs] 73115440K->61402852K(187275712K), 0.7358383 secs] [Times: user=4.22 sys=1.62, real=0.74 secs] 
2018-04-14T21:13:10.357+0800: 157749.353: [GC (Allocation Failure) 2018-04-14T21:13:10.357+0800: 157749.353: [ParNew: 11872914K->161484K(13212096K), 0.6235784 secs] 73146980K->61437337K(187275712K), 0.6239986 secs] [Times: user=4.35 sys=0.61, real=0.62 secs] 
2018-04-14T21:13:34.428+0800: 157773.424: [GC (Allocation Failure) 2018-04-14T21:13:34.429+0800: 157773.425: [ParNew: 11905612K->132278K(13212096K), 0.5445301 secs] 73181465K->61413019K(187275712K), 0.5449443 secs] [Times: user=4.01 sys=0.29, real=0.55 secs] 
2018-04-14T21:13:56.537+0800: 157795.533: [GC (Allocation Failure) 2018-04-14T21:13:56.537+0800: 157795.533: [ParNew: 11876406K->94116K(13212096K), 0.6377747 secs] 73157147K->61376690K(187275712K), 0.6381956 secs] [Times: user=3.88 sys=1.17, real=0.64 secs] 
2018-04-14T21:14:05.132+0800: 157804.128: [GC (Allocation Failure) 2018-04-14T21:14:05.132+0800: 157804.128: [ParNew: 11838244K->90105K(13212096K), 0.4818488 secs] 73120818K->61374930K(187275712K), 0.4822631 secs] [Times: user=3.71 sys=0.13, real=0.48 secs] 
2018-04-14T21:14:20.560+0800: 157819.556: [GC (Allocation Failure) 2018-04-14T21:14:20.560+0800: 157819.556: [ParNew: 11834233K->68520K(13212096K), 0.5476907 secs] 73119058K->61355632K(187275712K), 0.5480917 secs] [Times: user=3.69 sys=0.68, real=0.55 secs] 
2018-04-14T21:14:52.719+0800: 157851.715: [GC (Allocation Failure) 2018-04-14T21:14:52.720+0800: 157851.716: [ParNew: 11812648K->67628K(13212096K), 0.6878394 secs] 73099760K->61361937K(187275712K), 0.6882702 secs] [Times: user=3.81 sys=1.58, real=0.69 secs] 
2018-04-14T21:15:00.008+0800: 157859.004: [GC (Allocation Failure) 2018-04-14T21:15:00.008+0800: 157859.004: [ParNew: 11811756K->81584K(13212096K), 0.5226799 secs] 73106065K->61379341K(187275712K), 0.5230873 secs] [Times: user=4.06 sys=0.08, real=0.53 secs] 
2018-04-14T21:15:06.963+0800: 157865.959: [GC (Allocation Failure) 2018-04-14T21:15:06.963+0800: 157865.959: [ParNew: 11825712K->68585K(13212096K), 0.4980924 secs] 73123469K->61370379K(187275712K), 0.4984993 secs] [Times: user=3.80 sys=0.16, real=0.50 secs] 
2018-04-14T21:15:14.896+0800: 157873.892: [GC (Allocation Failure) 2018-04-14T21:15:14.896+0800: 157873.892: [ParNew: 11812713K->61671K(13212096K), 0.4674733 secs] 73114507K->61366619K(187275712K), 0.4678841 secs] [Times: user=3.34 sys=0.38, real=0.47 secs] 
2018-04-14T21:15:27.728+0800: 157886.724: [GC (Allocation Failure) 2018-04-14T21:15:27.728+0800: 157886.724: [ParNew: 11805799K->69000K(13212096K), 0.4957781 secs] 73110747K->61377756K(187275712K), 0.4962016 secs] [Times: user=3.71 sys=0.23, real=0.50 secs] 
2018-04-14T21:15:37.766+0800: 157896.762: [GC (Allocation Failure) 2018-04-14T21:15:37.766+0800: 157896.762: [ParNew: 11813128K->63083K(13212096K), 0.6080765 secs] 73121884K->61372957K(187275712K), 0.6085137 secs] [Times: user=3.15 sys=1.67, real=0.61 secs] 
2018-04-14T21:15:55.473+0800: 157914.469: [GC (Allocation Failure) 2018-04-14T21:15:55.473+0800: 157914.469: [ParNew: 11807211K->43311K(13212096K), 0.5756399 secs] 73117085K->61360227K(187275712K), 0.5760504 secs] [Times: user=4.28 sys=0.30, real=0.57 secs] 
2018-04-14T21:16:18.693+0800: 157937.690: [GC (Allocation Failure) 2018-04-14T21:16:18.694+0800: 157937.690: [ParNew: 11787439K->66570K(13212096K), 0.5696412 secs] 73104355K->61385639K(187275712K), 0.5700644 secs] [Times: user=4.22 sys=0.30, real=0.57 secs] 
2018-04-14T21:16:31.916+0800: 157950.912: [GC (Allocation Failure) 2018-04-14T21:16:31.916+0800: 157950.912: [ParNew: 11810698K->89975K(13212096K), 0.4791888 secs] 73129767K->61410165K(187275712K), 0.4795967 secs] [Times: user=3.79 sys=0.02, real=0.48 secs] 
2018-04-14T21:16:43.698+0800: 157962.694: [GC (Allocation Failure) 2018-04-14T21:16:43.698+0800: 157962.694: [ParNew: 11834103K->126148K(13212096K), 0.6442855 secs] 73154293K->61447505K(187275712K), 0.6447104 secs] [Times: user=3.71 sys=1.38, real=0.65 secs] 
2018-04-14T21:16:59.003+0800: 157977.999: [GC (Allocation Failure) 2018-04-14T21:16:59.003+0800: 157977.999: [ParNew: 11870276K->142743K(13212096K), 0.5611893 secs] 73191633K->61466045K(187275712K), 0.5616001 secs] [Times: user=3.95 sys=0.51, real=0.56 secs] 
2018-04-14T21:17:12.698+0800: 157991.694: [GC (Allocation Failure) 2018-04-14T21:17:12.698+0800: 157991.694: [ParNew: 11886871K->130936K(13212096K), 0.5628819 secs] 73210173K->61456312K(187275712K), 0.5632932 secs] [Times: user=4.03 sys=0.44, real=0.57 secs] 
2018-04-14T21:17:32.074+0800: 158011.070: [GC (Allocation Failure) 2018-04-14T21:17:32.074+0800: 158011.070: [ParNew: 11875064K->79843K(13212096K), 0.6497480 secs] 73200440K->61408483K(187275712K), 0.6501709 secs] [Times: user=3.64 sys=1.49, real=0.65 secs] 
2018-04-14T21:17:58.306+0800: 158037.302: [GC (Allocation Failure) 2018-04-14T21:17:58.306+0800: 158037.302: [ParNew: 11823971K->116131K(13212096K), 0.5435741 secs] 73152611K->61452841K(187275712K), 0.5439844 secs] [Times: user=4.09 sys=0.22, real=0.54 secs] 
2018-04-14T21:18:18.907+0800: 158057.904: [GC (Allocation Failure) 2018-04-14T21:18:18.908+0800: 158057.904: [ParNew: 11860259K->163941K(13212096K), 0.5998300 secs] 73196969K->61504253K(187275712K), 0.6002432 secs] [Times: user=4.49 sys=0.28, real=0.60 secs] 
2018-04-14T21:18:44.434+0800: 158083.430: [GC (Allocation Failure) 2018-04-14T21:18:44.434+0800: 158083.430: [ParNew: 11908069K->128148K(13212096K), 0.6929032 secs] 73248381K->61469029K(187275712K), 0.6933258 secs] [Times: user=4.37 sys=1.12, real=0.69 secs] 
2018-04-14T21:19:43.911+0800: 158142.907: [GC (Allocation Failure) 2018-04-14T21:19:43.911+0800: 158142.907: [ParNew: 11872276K->115238K(13212096K), 0.7420896 secs] 73213157K->61456532K(187275712K), 0.7425088 secs] [Times: user=4.79 sys=1.11, real=0.75 secs] 
2018-04-14T21:20:02.987+0800: 158161.983: [GC (Allocation Failure) 2018-04-14T21:20:02.987+0800: 158161.983: [ParNew: 11859366K->114818K(13212096K), 0.5226215 secs] 73200660K->61456316K(187275712K), 0.5231054 secs] [Times: user=3.98 sys=0.17, real=0.52 secs] 
2018-04-14T21:20:14.820+0800: 158173.816: [GC (Allocation Failure) 2018-04-14T21:20:14.820+0800: 158173.816: [ParNew: 11858946K->120702K(13212096K), 0.5952723 secs] 73200444K->61463382K(187275712K), 0.5956945 secs] [Times: user=3.74 sys=0.98, real=0.60 secs] 
2018-04-14T21:20:24.832+0800: 158183.828: [GC (Allocation Failure) 2018-04-14T21:20:24.832+0800: 158183.828: [ParNew: 11864830K->126718K(13212096K), 0.5207426 secs] 73207510K->61475990K(187275712K), 0.5211570 secs] [Times: user=3.92 sys=0.21, real=0.52 secs] 
2018-04-14T21:20:32.985+0800: 158191.981: [GC (Allocation Failure) 2018-04-14T21:20:32.985+0800: 158191.981: [ParNew: 11870846K->128665K(13212096K), 0.5178666 secs] 73220118K->61486445K(187275712K), 0.5182892 secs] [Times: user=3.97 sys=0.14, real=0.52 secs] 
2018-04-14T21:20:45.682+0800: 158204.678: [GC (Allocation Failure) 2018-04-14T21:20:45.683+0800: 158204.679: [ParNew: 11872793K->117639K(13212096K), 0.5170441 secs] 73230573K->61487232K(187275712K), 0.5174613 secs] [Times: user=3.92 sys=0.17, real=0.51 secs] 
2018-04-14T21:20:57.430+0800: 158216.426: [GC (Allocation Failure) 2018-04-14T21:20:57.431+0800: 158216.427: [ParNew: 11861767K->82797K(13212096K), 0.6583697 secs] 73231360K->61463984K(187275712K), 0.6588047 secs] [Times: user=4.15 sys=1.05, real=0.66 secs] 
2018-04-14T21:21:07.174+0800: 158226.170: [GC (Allocation Failure) 2018-04-14T21:21:07.175+0800: 158226.171: [ParNew: 11826925K->98740K(13212096K), 0.5055321 secs] 73208112K->61485986K(187275712K), 0.5059554 secs] [Times: user=3.95 sys=0.06, real=0.50 secs] 
2018-04-14T21:21:15.530+0800: 158234.526: [GC (Allocation Failure) 2018-04-14T21:21:15.531+0800: 158234.527: [ParNew: 11842868K->96722K(13212096K), 0.5094491 secs] 73230114K->61485245K(187275712K), 0.5098678 secs] [Times: user=3.85 sys=0.20, real=0.51 secs] 
2018-04-14T21:21:24.933+0800: 158243.929: [GC (Allocation Failure) 2018-04-14T21:21:24.933+0800: 158243.929: [ParNew: 11840850K->111728K(13212096K), 0.5559326 secs] 73229373K->61501558K(187275712K), 0.5562892 secs] [Times: user=4.12 sys=0.30, real=0.55 secs] 
2018-04-14T21:21:32.271+0800: 158251.267: [GC (Allocation Failure) 2018-04-14T21:21:32.272+0800: 158251.268: [ParNew: 11855856K->117471K(13212096K), 0.5358567 secs] 73245686K->61509372K(187275712K), 0.5362218 secs] [Times: user=4.08 sys=0.19, real=0.53 secs] 
2018-04-14T21:21:51.063+0800: 158270.059: [GC (Allocation Failure) 2018-04-14T21:21:51.063+0800: 158270.059: [ParNew: 11861599K->54309K(13212096K), 0.6122615 secs] 73253500K->61448021K(187275712K), 0.6126807 secs] [Times: user=3.50 sys=1.35, real=0.61 secs] 
2018-04-14T21:22:26.969+0800: 158305.965: [GC (Allocation Failure) 2018-04-14T21:22:26.969+0800: 158305.965: [ParNew: 11798437K->60877K(13212096K), 0.5957187 secs] 73192149K->61455217K(187275712K), 0.5961290 secs] [Times: user=3.97 sys=0.78, real=0.60 secs] 
2018-04-14T21:22:35.520+0800: 158314.516: [GC (Allocation Failure) 2018-04-14T21:22:35.520+0800: 158314.516: [ParNew: 11805005K->67868K(13212096K), 0.5261438 secs] 73199345K->61463242K(187275712K), 0.5265603 secs] [Times: user=4.03 sys=0.15, real=0.53 secs] 
2018-04-14T21:22:43.654+0800: 158322.650: [GC (Allocation Failure) 2018-04-14T21:22:43.654+0800: 158322.650: [ParNew: 11811996K->78174K(13212096K), 0.5360620 secs] 73207370K->61474562K(187275712K), 0.5364674 secs] [Times: user=4.14 sys=0.12, real=0.53 secs] 
2018-04-14T21:22:54.976+0800: 158333.972: [GC (Allocation Failure) 2018-04-14T21:22:54.976+0800: 158333.972: [ParNew: 11822302K->84180K(13212096K), 0.5617791 secs] 73218690K->61482351K(187275712K), 0.5621976 secs] [Times: user=3.98 sys=0.47, real=0.56 secs] 
2018-04-14T21:23:10.542+0800: 158349.538: [GC (Allocation Failure) 2018-04-14T21:23:10.542+0800: 158349.538: [ParNew: 11828308K->105672K(13212096K), 0.5365335 secs] 73226479K->61505020K(187275712K), 0.5369524 secs] [Times: user=3.72 sys=0.53, real=0.53 secs] 
2018-04-14T21:23:40.463+0800: 158379.459: [GC (Allocation Failure) 2018-04-14T21:23:40.463+0800: 158379.460: [ParNew: 11849800K->93169K(13212096K), 0.5582459 secs] 73249148K->61493916K(187275712K), 0.5586562 secs] [Times: user=3.93 sys=0.51, real=0.56 secs] 
2018-04-14T21:24:36.332+0800: 158435.328: [GC (Allocation Failure) 2018-04-14T21:24:36.332+0800: 158435.328: [ParNew: 11837297K->81527K(13212096K), 0.7465300 secs] 73238044K->61485450K(187275712K), 0.7469693 secs] [Times: user=4.61 sys=1.27, real=0.74 secs] 
2018-04-14T21:24:51.795+0800: 158450.791: [GC (Allocation Failure) 2018-04-14T21:24:51.795+0800: 158450.791: [ParNew: 11825655K->111247K(13212096K), 0.5954624 secs] 73229578K->61515946K(187275712K), 0.5958824 secs] [Times: user=4.32 sys=0.41, real=0.59 secs] 
2018-04-14T21:25:11.340+0800: 158470.336: [GC (Allocation Failure) 2018-04-14T21:25:11.340+0800: 158470.336: [ParNew: 11855375K->132283K(13212096K), 0.5107598 secs] 73260074K->61537668K(187275712K), 0.5111850 secs] [Times: user=3.51 sys=0.55, real=0.52 secs] 
2018-04-14T21:25:57.538+0800: 158516.534: [GC (Allocation Failure) 2018-04-14T21:25:57.538+0800: 158516.534: [ParNew: 11876411K->157819K(13212096K), 0.7524430 secs] 73281796K->61565583K(187275712K), 0.7528661 secs] [Times: user=4.60 sys=1.37, real=0.75 secs] 
2018-04-14T21:27:27.811+0800: 158606.807: [GC (Allocation Failure) 2018-04-14T21:27:27.811+0800: 158606.807: [ParNew: 11901947K->119187K(13212096K), 0.8231008 secs] 73309711K->61532153K(187275712K), 0.8235376 secs] [Times: user=4.43 sys=2.05, real=0.83 secs] 
2018-04-14T21:28:22.599+0800: 158661.595: [GC (Allocation Failure) 2018-04-14T21:28:22.600+0800: 158661.596: [ParNew: 11863315K->151878K(13212096K), 0.6448577 secs] 73276281K->61569232K(187275712K), 0.6452827 secs] [Times: user=4.28 sys=0.79, real=0.65 secs] 
2018-04-14T21:29:02.313+0800: 158701.309: [GC (Allocation Failure) 2018-04-14T21:29:02.313+0800: 158701.309: [ParNew: 11896006K->136135K(13212096K), 0.6237491 secs] 73313360K->61562266K(187275712K), 0.6241828 secs] [Times: user=4.27 sys=0.67, real=0.62 secs] 
2018-04-14T21:29:21.740+0800: 158720.736: [GC (Allocation Failure) 2018-04-14T21:29:21.740+0800: 158720.736: [ParNew: 11880263K->183816K(13212096K), 0.6396228 secs] 73306394K->61613166K(187275712K), 0.6400530 secs] [Times: user=3.76 sys=1.30, real=0.64 secs] 
2018-04-14T21:29:39.563+0800: 158738.559: [GC (Allocation Failure) 2018-04-14T21:29:39.563+0800: 158738.559: [ParNew: 11927944K->184888K(13212096K), 0.5248809 secs] 73357294K->61619186K(187275712K), 0.5253116 secs] [Times: user=3.82 sys=0.35, real=0.52 secs] 
2018-04-14T21:30:18.434+0800: 158777.430: [GC (Allocation Failure) 2018-04-14T21:30:18.435+0800: 158777.431: [ParNew: 11929016K->186567K(13212096K), 0.6222811 secs] 73363314K->61633941K(187275712K), 0.6227243 secs] [Times: user=4.41 sys=0.52, real=0.62 secs] 
2018-04-14T21:31:05.319+0800: 158824.315: [GC (Allocation Failure) 2018-04-14T21:31:05.319+0800: 158824.315: [ParNew: 11930695K->181619K(13212096K), 0.7981166 secs] 73378069K->61647179K(187275712K), 0.7985517 secs] [Times: user=4.93 sys=1.36, real=0.80 secs] 
2018-04-14T21:31:58.122+0800: 158877.118: [GC (Allocation Failure) 2018-04-14T21:31:58.122+0800: 158877.118: [ParNew: 11925747K->143205K(13212096K), 0.6000355 secs] 73391307K->61624208K(187275712K), 0.6004667 secs] [Times: user=3.93 sys=0.81, real=0.60 secs] 
2018-04-14T21:32:51.242+0800: 158930.238: [GC (Allocation Failure) 2018-04-14T21:32:51.242+0800: 158930.238: [ParNew: 11887333K->123903K(13212096K), 0.8226531 secs] 73368336K->61610357K(187275712K), 0.8230998 secs] [Times: user=4.92 sys=1.60, real=0.82 secs] 
2018-04-14T21:33:25.383+0800: 158964.379: [GC (Allocation Failure) 2018-04-14T21:33:25.383+0800: 158964.379: [ParNew: 11868031K->128354K(13212096K), 0.6396961 secs] 73354485K->61617016K(187275712K), 0.6401282 secs] [Times: user=4.33 sys=0.77, real=0.64 secs] 
2018-04-14T21:33:52.782+0800: 158991.778: [GC (Allocation Failure) 2018-04-14T21:33:52.782+0800: 158991.778: [ParNew: 11872482K->140847K(13212096K), 0.6867436 secs] 73361144K->61631891K(187275712K), 0.6871880 secs] [Times: user=4.14 sys=1.30, real=0.68 secs] 
2018-04-14T21:34:17.801+0800: 159016.797: [GC (Allocation Failure) 2018-04-14T21:34:17.802+0800: 159016.798: [ParNew: 11884975K->120765K(13212096K), 0.6510835 secs] 73376019K->61618793K(187275712K), 0.6515227 secs] [Times: user=4.16 sys=1.00, real=0.65 secs] 
2018-04-14T21:34:39.722+0800: 159038.718: [GC (Allocation Failure) 2018-04-14T21:34:39.722+0800: 159038.718: [ParNew: 11864893K->148796K(13212096K), 0.6505410 secs] 73362921K->61656422K(187275712K), 0.6509646 secs] [Times: user=3.47 sys=1.67, real=0.65 secs] 
2018-04-14T21:35:11.722+0800: 159070.718: [GC (Allocation Failure) 2018-04-14T21:35:11.722+0800: 159070.718: [ParNew: 11892924K->145692K(13212096K), 0.5374569 secs] 73400550K->61665578K(187275712K), 0.5378827 secs] [Times: user=3.91 sys=0.34, real=0.53 secs] 
2018-04-14T21:35:27.317+0800: 159086.313: [GC (Allocation Failure) 2018-04-14T21:35:27.318+0800: 159086.314: [ParNew: 11889820K->139500K(13212096K), 0.6154492 secs] 73409706K->61664822K(187275712K), 0.6158757 secs] [Times: user=4.43 sys=0.46, real=0.62 secs] 
2018-04-14T21:35:39.788+0800: 159098.784: [GC (Allocation Failure) 2018-04-14T21:35:39.788+0800: 159098.784: [ParNew: 11883628K->162872K(13212096K), 0.5152770 secs] 73408950K->61694505K(187275712K), 0.5157307 secs] [Times: user=4.04 sys=0.04, real=0.52 secs] 
2018-04-14T21:35:50.171+0800: 159109.167: [GC (Allocation Failure) 2018-04-14T21:35:50.171+0800: 159109.167: [ParNew: 11906959K->149752K(13212096K), 0.6045518 secs] 73438592K->61685729K(187275712K), 0.6050054 secs] [Times: user=3.31 sys=1.49, real=0.61 secs] 
2018-04-14T21:35:58.036+0800: 159117.032: [GC (Allocation Failure) 2018-04-14T21:35:58.036+0800: 159117.032: [ParNew: 11893880K->131990K(13212096K), 0.5535161 secs] 73429857K->61673089K(187275712K), 0.5539468 secs] [Times: user=4.06 sys=0.34, real=0.55 secs] 
2018-04-14T21:36:07.344+0800: 159126.340: [GC (Allocation Failure) 2018-04-14T21:36:07.344+0800: 159126.340: [ParNew: 11876118K->137620K(13212096K), 0.4804574 secs] 73417217K->61684102K(187275712K), 0.4808752 secs] [Times: user=3.57 sys=0.25, real=0.48 secs] 
2018-04-14T21:36:15.492+0800: 159134.488: [GC (Allocation Failure) 2018-04-14T21:36:15.492+0800: 159134.488: [ParNew: 11881748K->93206K(13212096K), 0.5285309 secs] 73428230K->61650809K(187275712K), 0.5289641 secs] [Times: user=3.95 sys=0.24, real=0.52 secs] 
2018-04-14T21:36:25.408+0800: 159144.404: [GC (Allocation Failure) 2018-04-14T21:36:25.408+0800: 159144.404: [ParNew: 11837334K->93664K(13212096K), 0.4638532 secs] 73394937K->61659439K(187275712K), 0.4642791 secs] [Times: user=3.68 sys=0.00, real=0.47 secs] 
2018-04-14T21:36:35.402+0800: 159154.398: [GC (Allocation Failure) 2018-04-14T21:36:35.403+0800: 159154.399: [ParNew: 11837792K->97628K(13212096K), 0.6457160 secs] 73403567K->61669436K(187275712K), 0.6461391 secs] [Times: user=3.53 sys=1.57, real=0.64 secs] 
2018-04-14T21:36:44.605+0800: 159163.601: [GC (Allocation Failure) 2018-04-14T21:36:44.605+0800: 159163.601: [ParNew: 11841756K->92325K(13212096K), 0.5184432 secs] 73413564K->61669673K(187275712K), 0.5188604 secs] [Times: user=3.93 sys=0.19, real=0.52 secs] 
2018-04-14T21:36:53.117+0800: 159172.113: [GC (Allocation Failure) 2018-04-14T21:36:53.118+0800: 159172.114: [ParNew: 11836453K->118629K(13212096K), 0.5123435 secs] 73413801K->61697691K(187275712K), 0.5127657 secs] [Times: user=3.63 sys=0.44, real=0.51 secs] 
2018-04-14T21:37:00.508+0800: 159179.504: [GC (Allocation Failure) 2018-04-14T21:37:00.508+0800: 159179.504: [ParNew: 11862757K->134241K(13212096K), 0.5000290 secs] 73441819K->61716420K(187275712K), 0.5004339 secs] [Times: user=3.56 sys=0.41, real=0.50 secs] 
2018-04-14T21:37:07.248+0800: 159186.244: [GC (Allocation Failure) 2018-04-14T21:37:07.248+0800: 159186.244: [ParNew: 11878369K->160593K(13212096K), 0.5299697 secs] 73460548K->61743629K(187275712K), 0.5303810 secs] [Times: user=4.06 sys=0.17, real=0.53 secs] 
2018-04-14T21:37:13.223+0800: 159192.219: [GC (Allocation Failure) 2018-04-14T21:37:13.223+0800: 159192.219: [ParNew: 11904721K->164548K(13212096K), 0.4779317 secs] 73487757K->61748719K(187275712K), 0.4783938 secs] [Times: user=3.63 sys=0.17, real=0.48 secs] 
2018-04-14T21:37:18.585+0800: 159197.581: [GC (Allocation Failure) 2018-04-14T21:37:18.586+0800: 159197.582: [ParNew: 11908676K->105770K(13212096K), 0.5982154 secs] 73492847K->61692704K(187275712K), 0.5986137 secs] [Times: user=3.68 sys=1.04, real=0.60 secs] 
2018-04-14T21:37:24.411+0800: 159203.407: [GC (Allocation Failure) 2018-04-14T21:37:24.412+0800: 159203.408: [ParNew: 11849898K->107310K(13212096K), 0.4709886 secs] 73436832K->61696828K(187275712K), 0.4714043 secs] [Times: user=3.60 sys=0.14, real=0.47 secs] 
2018-04-14T21:37:28.419+0800: 159207.415: [GC (Allocation Failure) 2018-04-14T21:37:28.419+0800: 159207.415: [ParNew: 11851438K->98631K(13212096K), 0.4894526 secs] 73440956K->61694058K(187275712K), 0.4898604 secs] [Times: user=3.87 sys=0.02, real=0.49 secs] 
2018-04-14T21:37:32.975+0800: 159211.971: [GC (Allocation Failure) 2018-04-14T21:37:32.975+0800: 159211.971: [ParNew: 11842759K->84334K(13212096K), 0.5160947 secs] 73438186K->61683712K(187275712K), 0.5165137 secs] [Times: user=3.68 sys=0.42, real=0.52 secs] 
2018-04-14T21:37:38.791+0800: 159217.787: [GC (Allocation Failure) 2018-04-14T21:37:38.791+0800: 159217.787: [ParNew: 11828462K->97608K(13212096K), 0.4981400 secs] 73427840K->61699613K(187275712K), 0.4985375 secs] [Times: user=3.56 sys=0.39, real=0.50 secs] 
2018-04-14T21:37:48.996+0800: 159227.992: [GC (Allocation Failure) 2018-04-14T21:37:48.996+0800: 159227.992: [ParNew: 11841736K->108214K(13212096K), 0.5541064 secs] 73443741K->61713931K(187275712K), 0.5545219 secs] [Times: user=4.08 sys=0.32, real=0.55 secs] 
2018-04-14T21:38:17.449+0800: 159256.445: [GC (Allocation Failure) 2018-04-14T21:38:17.449+0800: 159256.445: [ParNew: 11852342K->95614K(13212096K), 0.6712713 secs] 73458059K->61702365K(187275712K), 0.6716932 secs] [Times: user=3.55 sys=1.70, real=0.67 secs] 
2018-04-14T21:38:37.646+0800: 159276.642: [GC (Allocation Failure) 2018-04-14T21:38:37.646+0800: 159276.642: [ParNew: 11839742K->126770K(13212096K), 0.6220790 secs] 73446493K->61734812K(187275712K), 0.6224896 secs] [Times: user=4.19 sys=0.76, real=0.62 secs] 
2018-04-14T21:39:33.906+0800: 159332.902: [GC (Allocation Failure) 2018-04-14T21:39:33.906+0800: 159332.902: [ParNew: 11870898K->126769K(13212096K), 0.7808125 secs] 73478940K->61735520K(187275712K), 0.7812320 secs] [Times: user=4.53 sys=1.58, real=0.78 secs] 
2018-04-14T21:40:23.388+0800: 159382.384: [GC (Allocation Failure) 2018-04-14T21:40:23.389+0800: 159382.385: [ParNew: 11868545K->142576K(13212096K), 0.7489823 secs] 73477296K->61753526K(187275712K), 0.7494069 secs] [Times: user=4.77 sys=1.19, real=0.75 secs] 
2018-04-14T21:41:36.835+0800: 159455.831: [GC (Allocation Failure) 2018-04-14T21:41:36.835+0800: 159455.831: [ParNew: 11886704K->155056K(13212096K), 0.8607795 secs] 73497654K->61766857K(187275712K), 0.8611955 secs] [Times: user=5.12 sys=1.69, real=0.86 secs] 
2018-04-14T21:42:46.893+0800: 159525.889: [GC (Allocation Failure) 2018-04-14T21:42:46.893+0800: 159525.889: [ParNew: 11899184K->158845K(13212096K), 0.6274793 secs] 73510985K->61771917K(187275712K), 0.6278982 secs] [Times: user=4.18 sys=0.82, real=0.62 secs] 
2018-04-14T21:44:11.887+0800: 159610.883: [GC (Allocation Failure) 2018-04-14T21:44:11.888+0800: 159610.884: [ParNew: 11902973K->170690K(13212096K), 1.1386211 secs] 73516045K->61791423K(187275712K), 1.1390426 secs] [Times: user=5.80 sys=3.17, real=1.14 secs] 
2018-04-14T21:45:12.665+0800: 159671.661: [GC (Allocation Failure) 2018-04-14T21:45:12.665+0800: 159671.661: [ParNew: 11914818K->147900K(13212096K), 0.7823420 secs] 73535551K->61778207K(187275712K), 0.7827736 secs] [Times: user=4.48 sys=1.63, real=0.78 secs] 
2018-04-14T21:46:31.364+0800: 159750.360: [GC (Allocation Failure) 2018-04-14T21:46:31.365+0800: 159750.361: [ParNew: 11892028K->187942K(13212096K), 0.9582227 secs] 73522335K->61828165K(187275712K), 0.9586341 secs] [Times: user=5.48 sys=2.13, real=0.96 secs] 
2018-04-14T21:48:01.625+0800: 159840.621: [GC (Allocation Failure) 2018-04-14T21:48:01.625+0800: 159840.621: [ParNew: 11932070K->150462K(13212096K), 1.0176465 secs] 73572293K->61803596K(187275712K), 1.0180618 secs] [Times: user=5.13 sys=2.90, real=1.02 secs] 
2018-04-14T21:48:43.936+0800: 159882.932: [GC (Allocation Failure) 2018-04-14T21:48:43.936+0800: 159882.932: [ParNew: 11894590K->150852K(13212096K), 0.7409644 secs] 73547724K->61817251K(187275712K), 0.7413960 secs] [Times: user=4.10 sys=1.75, real=0.74 secs] 
2018-04-14T21:49:12.259+0800: 159911.255: [GC (Allocation Failure) 2018-04-14T21:49:12.259+0800: 159911.255: [ParNew: 11894980K->140649K(13212096K), 0.5437736 secs] 73561379K->61814965K(187275712K), 0.5441851 secs] [Times: user=3.90 sys=0.40, real=0.55 secs] 
2018-04-14T21:49:41.550+0800: 159940.546: [GC (Allocation Failure) 2018-04-14T21:49:41.550+0800: 159940.546: [ParNew: 11884777K->178733K(13212096K), 0.6855321 secs] 73559093K->61864405K(187275712K), 0.6859464 secs] [Times: user=4.84 sys=0.60, real=0.69 secs] 
2018-04-14T21:49:51.840+0800: 159950.836: [GC (Allocation Failure) 2018-04-14T21:49:51.840+0800: 159950.836: [ParNew: 11922861K->177646K(13212096K), 0.6244620 secs] 73608533K->61873414K(187275712K), 0.6248901 secs] [Times: user=3.54 sys=1.39, real=0.63 secs] 
2018-04-14T21:49:59.372+0800: 159958.368: [GC (Allocation Failure) 2018-04-14T21:49:59.372+0800: 159958.368: [ParNew: 11921774K->151821K(13212096K), 0.4509825 secs] 73617542K->61854910K(187275712K), 0.4513800 secs] [Times: user=3.59 sys=0.00, real=0.45 secs] 
2018-04-14T21:50:06.239+0800: 159965.235: [GC (Allocation Failure) 2018-04-14T21:50:06.240+0800: 159965.236: [ParNew: 11895949K->140308K(13212096K), 0.5214058 secs] 73599038K->61857005K(187275712K), 0.5218103 secs] [Times: user=3.65 sys=0.47, real=0.53 secs] 
2018-04-14T21:50:13.304+0800: 159972.300: [GC (Allocation Failure) 2018-04-14T21:50:13.304+0800: 159972.300: [ParNew: 11884436K->126336K(13212096K), 0.5084367 secs] 73601133K->61861273K(187275712K), 0.5088414 secs] [Times: user=3.91 sys=0.10, real=0.51 secs] 
2018-04-14T21:50:22.927+0800: 159981.923: [GC (Allocation Failure) 2018-04-14T21:50:22.927+0800: 159981.923: [ParNew: 11870464K->113472K(13212096K), 0.4802142 secs] 73605401K->61855375K(187275712K), 0.4806161 secs] [Times: user=3.73 sys=0.08, real=0.48 secs] 
2018-04-14T21:50:39.807+0800: 159998.803: [GC (Allocation Failure) 2018-04-14T21:50:39.807+0800: 159998.803: [ParNew: 11857600K->116263K(13212096K), 0.6214774 secs] 73599503K->61869787K(187275712K), 0.6219266 secs] [Times: user=3.53 sys=1.37, real=0.62 secs] 
2018-04-14T21:50:51.344+0800: 160010.340: [GC (Allocation Failure) 2018-04-14T21:50:51.345+0800: 160010.341: [ParNew: 11860391K->84756K(13212096K), 0.4986461 secs] 73613915K->61839931K(187275712K), 0.4990592 secs] [Times: user=3.79 sys=0.17, real=0.50 secs] 
2018-04-14T21:51:00.909+0800: 160019.905: [GC (Allocation Failure) 2018-04-14T21:51:00.909+0800: 160019.905: [ParNew: 11828884K->91360K(13212096K), 0.4999791 secs] 73584059K->61846887K(187275712K), 0.5003930 secs] [Times: user=3.55 sys=0.43, real=0.50 secs] 
2018-04-14T21:51:14.886+0800: 160033.882: [GC (Allocation Failure) 2018-04-14T21:51:14.887+0800: 160033.883: [ParNew: 11835488K->91077K(13212096K), 0.5170040 secs] 73591015K->61847559K(187275712K), 0.5174030 secs] [Times: user=3.82 sys=0.29, real=0.52 secs] 
2018-04-14T21:51:26.058+0800: 160045.054: [GC (Allocation Failure) 2018-04-14T21:51:26.058+0800: 160045.054: [ParNew: 11835205K->102621K(13212096K), 0.5163694 secs] 73591687K->61860029K(187275712K), 0.5168339 secs] [Times: user=3.77 sys=0.33, real=0.52 secs] 
2018-04-14T21:51:35.274+0800: 160054.270: [GC (Allocation Failure) 2018-04-14T21:51:35.275+0800: 160054.271: [ParNew: 11846749K->84867K(13212096K), 0.5958724 secs] 73604157K->61845049K(187275712K), 0.5962787 secs] [Times: user=3.53 sys=1.19, real=0.59 secs] 
2018-04-14T21:51:42.364+0800: 160061.360: [GC (Allocation Failure) 2018-04-14T21:51:42.364+0800: 160061.360: [ParNew: 11828995K->106240K(13212096K), 0.4980708 secs] 73589177K->61867681K(187275712K), 0.4984759 secs] [Times: user=3.91 sys=0.06, real=0.50 secs] 
2018-04-14T21:51:52.051+0800: 160071.047: [GC (Allocation Failure) 2018-04-14T21:51:52.051+0800: 160071.047: [ParNew: 11850368K->123896K(13212096K), 0.5391460 secs] 73611809K->61886407K(187275712K), 0.5395525 secs] [Times: user=4.05 sys=0.23, real=0.54 secs] 
2018-04-14T21:52:06.157+0800: 160085.153: [GC (Allocation Failure) 2018-04-14T21:52:06.157+0800: 160085.153: [ParNew: 11868024K->168065K(13212096K), 0.5308663 secs] 73630535K->61931688K(187275712K), 0.5312660 secs] [Times: user=3.93 sys=0.29, real=0.53 secs] 
2018-04-14T21:52:34.697+0800: 160113.693: [GC (Allocation Failure) 2018-04-14T21:52:34.697+0800: 160113.693: [ParNew: 11912193K->177678K(13212096K), 0.7958976 secs] 73675816K->61943932K(187275712K), 0.7963112 secs] [Times: user=4.95 sys=1.36, real=0.80 secs] 
2018-04-14T21:52:56.889+0800: 160135.885: [GC (Allocation Failure) 2018-04-14T21:52:56.889+0800: 160135.885: [ParNew: 11921806K->151411K(13212096K), 0.5713952 secs] 73688060K->61922379K(187275712K), 0.5718083 secs] [Times: user=4.08 sys=0.46, real=0.57 secs] 
2018-04-14T21:53:09.839+0800: 160148.835: [GC (Allocation Failure) 2018-04-14T21:53:09.840+0800: 160148.836: [ParNew: 11895539K->114375K(13212096K), 0.5153076 secs] 73666507K->61887272K(187275712K), 0.5156915 secs] [Times: user=3.84 sys=0.26, real=0.52 secs] 
2018-04-14T21:53:20.222+0800: 160159.218: [GC (Allocation Failure) 2018-04-14T21:53:20.222+0800: 160159.218: [ParNew: 11858503K->98804K(13212096K), 0.4986825 secs] 73631400K->61872959K(187275712K), 0.4990744 secs] [Times: user=3.83 sys=0.14, real=0.49 secs] 
2018-04-14T21:53:41.344+0800: 160180.340: [GC (Allocation Failure) 2018-04-14T21:53:41.345+0800: 160180.341: [ParNew: 11842932K->134513K(13212096K), 0.6322903 secs] 73617087K->61910697K(187275712K), 0.6326997 secs] [Times: user=3.58 sys=1.43, real=0.63 secs] 
2018-04-14T21:54:06.930+0800: 160205.926: [GC (Allocation Failure) 2018-04-14T21:54:06.930+0800: 160205.926: [ParNew: 11878641K->152280K(13212096K), 0.6174183 secs] 73654825K->61932925K(187275712K), 0.6178196 secs] [Times: user=4.09 sys=0.81, real=0.62 secs] 
2018-04-14T21:54:44.254+0800: 160243.250: [GC (Allocation Failure) 2018-04-14T21:54:44.254+0800: 160243.250: [ParNew: 11896408K->132420K(13212096K), 0.7184187 secs] 73677053K->61921875K(187275712K), 0.7188550 secs] [Times: user=4.17 sys=1.50, real=0.72 secs] 
2018-04-14T21:55:21.789+0800: 160280.785: [GC (Allocation Failure) 2018-04-14T21:55:21.789+0800: 160280.785: [ParNew: 11876548K->139003K(13212096K), 0.6995674 secs] 73666003K->61933182K(187275712K), 0.6999702 secs] [Times: user=4.41 sys=1.15, real=0.70 secs] 
2018-04-14T21:56:09.200+0800: 160328.196: [GC (Allocation Failure) 2018-04-14T21:56:09.200+0800: 160328.196: [ParNew: 11883131K->163083K(13212096K), 0.7044867 secs] 73677310K->61960554K(187275712K), 0.7049082 secs] [Times: user=4.33 sys=1.24, real=0.71 secs] 
2018-04-14T21:56:27.822+0800: 160346.818: [GC (Allocation Failure) 2018-04-14T21:56:27.822+0800: 160346.818: [ParNew: 11907211K->170383K(13212096K), 0.5246433 secs] 73704682K->61969349K(187275712K), 0.5250530 secs] [Times: user=3.88 sys=0.29, real=0.52 secs] 
2018-04-14T21:56:43.186+0800: 160362.182: [GC (Allocation Failure) 2018-04-14T21:56:43.186+0800: 160362.182: [ParNew: 11914511K->118275K(13212096K), 0.6956260 secs] 73713477K->61921115K(187275712K), 0.6960379 secs] [Times: user=4.89 sys=0.64, real=0.70 secs] 
2018-04-14T21:57:00.211+0800: 160379.208: [GC (Allocation Failure) 2018-04-14T21:57:00.212+0800: 160379.208: [ParNew: 11862403K->107187K(13212096K), 0.6212768 secs] 73665243K->61914613K(187275712K), 0.6217078 secs] [Times: user=3.32 sys=1.60, real=0.62 secs] 
2018-04-14T21:57:19.327+0800: 160398.323: [GC (Allocation Failure) 2018-04-14T21:57:19.327+0800: 160398.323: [ParNew: 11851315K->112789K(13212096K), 0.5460554 secs] 73658741K->61928390K(187275712K), 0.5464799 secs] [Times: user=4.00 sys=0.33, real=0.55 secs] 
2018-04-14T21:57:57.534+0800: 160436.530: [GC (Allocation Failure) 2018-04-14T21:57:57.534+0800: 160436.530: [ParNew: 11856917K->97847K(13212096K), 0.7169482 secs] 73672518K->61926132K(187275712K), 0.7173640 secs] [Times: user=4.81 sys=0.89, real=0.71 secs] 
2018-04-14T21:58:20.461+0800: 160459.457: [GC (Allocation Failure) 2018-04-14T21:58:20.461+0800: 160459.457: [ParNew: 11841975K->77265K(13212096K), 0.6085873 secs] 73670260K->61912332K(187275712K), 0.6090056 secs] [Times: user=3.70 sys=1.11, real=0.61 secs] 
2018-04-14T21:59:13.726+0800: 160512.722: [GC (Allocation Failure) 2018-04-14T21:59:13.727+0800: 160512.723: [ParNew: 11821393K->77450K(13212096K), 0.6567761 secs] 73656460K->61916706K(187275712K), 0.6571780 secs] [Times: user=4.47 sys=0.75, real=0.66 secs] 
2018-04-14T21:59:43.365+0800: 160542.361: [GC (Allocation Failure) 2018-04-14T21:59:43.365+0800: 160542.361: [ParNew: 11821578K->99371K(13212096K), 0.5987216 secs] 73660834K->61939504K(187275712K), 0.5991227 secs] [Times: user=4.38 sys=0.37, real=0.60 secs] 
2018-04-14T22:00:43.059+0800: 160602.055: [GC (Allocation Failure) 2018-04-14T22:00:43.059+0800: 160602.055: [ParNew: 11843499K->99856K(13212096K), 0.6852781 secs] 73683632K->61941580K(187275712K), 0.6856965 secs] [Times: user=4.17 sys=1.25, real=0.69 secs] 
2018-04-14T22:01:28.401+0800: 160647.397: [GC (Allocation Failure) 2018-04-14T22:01:28.402+0800: 160647.398: [ParNew: 11843984K->95006K(13212096K), 0.7142058 secs] 73685708K->61939173K(187275712K), 0.7146383 secs] [Times: user=4.15 sys=1.51, real=0.71 secs] 
2018-04-14T22:02:00.042+0800: 160679.038: [GC (Allocation Failure) 2018-04-14T22:02:00.042+0800: 160679.038: [ParNew: 11839134K->94562K(13212096K), 0.5649576 secs] 73683301K->61950452K(187275712K), 0.5653867 secs] [Times: user=3.81 sys=0.68, real=0.56 secs] 
2018-04-14T22:02:22.287+0800: 160701.283: [GC (Allocation Failure) 2018-04-14T22:02:22.287+0800: 160701.283: [ParNew: 11838690K->90849K(13212096K), 0.5708437 secs] 73694580K->61948063K(187275712K), 0.5712624 secs] [Times: user=4.16 sys=0.39, real=0.57 secs] 
2018-04-14T22:02:33.658+0800: 160712.654: [GC (Allocation Failure) 2018-04-14T22:02:33.658+0800: 160712.654: [ParNew: 11834977K->75223K(13212096K), 0.6097420 secs] 73692191K->61936398K(187275712K), 0.6101705 secs] [Times: user=3.22 sys=1.60, real=0.61 secs] 
2018-04-14T22:02:56.879+0800: 160735.875: [GC (Allocation Failure) 2018-04-14T22:02:56.879+0800: 160735.875: [ParNew: 11819351K->56845K(13212096K), 0.5640955 secs] 73680526K->61919826K(187275712K), 0.5645170 secs] [Times: user=3.99 sys=0.50, real=0.57 secs] 
2018-04-14T22:03:28.224+0800: 160767.220: [GC (Allocation Failure) 2018-04-14T22:03:28.225+0800: 160767.221: [ParNew: 11800973K->58593K(13212096K), 0.6595885 secs] 73663954K->61927712K(187275712K), 0.6600107 secs] [Times: user=4.56 sys=0.67, real=0.66 secs] 
2018-04-14T22:03:53.248+0800: 160792.244: [GC (Allocation Failure) 2018-04-14T22:03:53.248+0800: 160792.244: [ParNew: 11802721K->67835K(13212096K), 0.6874288 secs] 73671840K->61944129K(187275712K), 0.6878516 secs] [Times: user=4.19 sys=1.24, real=0.69 secs] 
2018-04-14T22:04:09.894+0800: 160808.890: [GC (Allocation Failure) 2018-04-14T22:04:09.894+0800: 160808.890: [ParNew: 11811963K->65496K(13212096K), 0.5279331 secs] 73688257K->61946850K(187275712K), 0.5283490 secs] [Times: user=3.69 sys=0.50, real=0.53 secs] 
2018-04-14T22:04:55.217+0800: 160854.213: [GC (Allocation Failure) 2018-04-14T22:04:55.217+0800: 160854.213: [ParNew: 11809624K->46028K(13212096K), 0.5695480 secs] 73690978K->61930270K(187275712K), 0.5699686 secs] [Times: user=3.88 sys=0.66, real=0.57 secs] 
2018-04-14T22:05:11.617+0800: 160870.613: [GC (Allocation Failure) 2018-04-14T22:05:11.617+0800: 160870.613: [ParNew: 11790156K->49417K(13212096K), 0.6035321 secs] 73674398K->61934308K(187275712K), 0.6039520 secs] [Times: user=3.47 sys=1.31, real=0.60 secs] 
2018-04-14T22:06:15.814+0800: 160934.810: [GC (Allocation Failure) 2018-04-14T22:06:15.814+0800: 160934.810: [ParNew: 11793545K->69695K(13212096K), 0.6055316 secs] 73678436K->61955300K(187275712K), 0.6059502 secs] [Times: user=4.01 sys=0.80, real=0.60 secs] 
2018-04-14T22:07:10.995+0800: 160989.991: [GC (Allocation Failure) 2018-04-14T22:07:10.995+0800: 160989.991: [ParNew: 11813823K->101603K(13212096K), 0.8164436 secs] 73699428K->61993579K(187275712K), 0.8168704 secs] [Times: user=4.73 sys=1.70, real=0.82 secs] 
2018-04-14T22:08:12.825+0800: 161051.821: [GC (Allocation Failure) 2018-04-14T22:08:12.825+0800: 161051.821: [ParNew: 11845731K->97481K(13212096K), 0.6696111 secs] 73737707K->61991916K(187275712K), 0.6700560 secs] [Times: user=3.80 sys=1.51, real=0.67 secs] 
2018-04-14T22:08:30.041+0800: 161069.037: [GC (Allocation Failure) 2018-04-14T22:08:30.042+0800: 161069.038: [ParNew: 11841609K->90736K(13212096K), 0.5401783 secs] 73736044K->61986164K(187275712K), 0.5406081 secs] [Times: user=3.84 sys=0.45, real=0.54 secs] 
2018-04-14T22:08:41.277+0800: 161080.273: [GC (Allocation Failure) 2018-04-14T22:08:41.277+0800: 161080.273: [ParNew: 11834864K->82437K(13212096K), 0.5511031 secs] 73730292K->61980353K(187275712K), 0.5515177 secs] [Times: user=3.89 sys=0.49, real=0.55 secs] 
2018-04-14T22:09:32.607+0800: 161131.603: [GC (Allocation Failure) 2018-04-14T22:09:32.608+0800: 161131.604: [ParNew: 11826565K->73421K(13212096K), 0.7372069 secs] 73724481K->61972732K(187275712K), 0.7376428 secs] [Times: user=3.93 sys=1.90, real=0.74 secs] 
2018-04-14T22:10:11.460+0800: 161170.457: [GC (Allocation Failure) 2018-04-14T22:10:11.461+0800: 161170.457: [ParNew: 11817549K->88889K(13212096K), 0.6842269 secs] 73716860K->61992214K(187275712K), 0.6846482 secs] [Times: user=4.05 sys=1.39, real=0.69 secs] 
2018-04-14T22:10:25.200+0800: 161184.196: [GC (Allocation Failure) 2018-04-14T22:10:25.200+0800: 161184.196: [ParNew: 11833017K->80700K(13212096K), 0.5042939 secs] 73736342K->61992490K(187275712K), 0.5047112 secs] [Times: user=3.71 sys=0.28, real=0.51 secs] 
2018-04-14T22:10:36.057+0800: 161195.053: [GC (Allocation Failure) 2018-04-14T22:10:36.057+0800: 161195.053: [ParNew: 11824828K->105185K(13212096K), 0.5532235 secs] 73736618K->62026537K(187275712K), 0.5536530 secs] [Times: user=4.16 sys=0.22, real=0.55 secs] 
2018-04-14T22:10:47.968+0800: 161206.964: [GC (Allocation Failure) 2018-04-14T22:10:47.968+0800: 161206.964: [ParNew: 11849313K->113993K(13212096K), 0.6098160 secs] 73770665K->62037538K(187275712K), 0.6102368 secs] [Times: user=3.35 sys=1.48, real=0.61 secs] 
2018-04-14T22:11:50.902+0800: 161269.899: [GC (Allocation Failure) 2018-04-14T22:11:50.903+0800: 161269.899: [ParNew: 11858121K->128246K(13212096K), 0.6450410 secs] 73781666K->62052872K(187275712K), 0.6454875 secs] [Times: user=3.98 sys=1.16, real=0.64 secs] 
2018-04-14T22:12:02.763+0800: 161281.759: [GC (Allocation Failure) 2018-04-14T22:12:02.763+0800: 161281.759: [ParNew: 11872374K->117804K(13212096K), 0.5997798 secs] 73797000K->62047620K(187275712K), 0.6002125 secs] [Times: user=3.78 sys=0.97, real=0.60 secs] 
2018-04-14T22:12:16.164+0800: 161295.160: [GC (Allocation Failure) 2018-04-14T22:12:16.164+0800: 161295.160: [ParNew: 11861932K->131862K(13212096K), 0.5246135 secs] 73791748K->62070551K(187275712K), 0.5250273 secs] [Times: user=4.01 sys=0.14, real=0.52 secs] 
2018-04-14T22:12:36.902+0800: 161315.899: [GC (Allocation Failure) 2018-04-14T22:12:36.903+0800: 161315.899: [ParNew: 11875990K->205407K(13212096K), 0.6165304 secs] 73814679K->62144859K(187275712K), 0.6169506 secs] [Times: user=4.44 sys=0.47, real=0.61 secs] 
2018-04-14T22:13:04.344+0800: 161343.340: [GC (Allocation Failure) 2018-04-14T22:13:04.344+0800: 161343.340: [ParNew: 11949535K->158111K(13212096K), 0.6813702 secs] 73888987K->62106275K(187275712K), 0.6818022 secs] [Times: user=4.01 sys=1.36, real=0.68 secs] 
2018-04-14T22:14:24.540+0800: 161423.536: [GC (Allocation Failure) 2018-04-14T22:14:24.540+0800: 161423.536: [ParNew: 11902239K->125803K(13212096K), 0.6553140 secs] 73850403K->62079875K(187275712K), 0.6556712 secs] [Times: user=4.26 sys=0.93, real=0.66 secs] 
2018-04-14T22:14:49.590+0800: 161448.586: [GC (Allocation Failure) 2018-04-14T22:14:49.590+0800: 161448.586: [ParNew: 11869931K->86651K(13212096K), 0.5910344 secs] 73824003K->62059647K(187275712K), 0.5914523 secs] [Times: user=4.10 sys=0.58, real=0.60 secs] 
2018-04-14T22:15:25.469+0800: 161484.465: [GC (Allocation Failure) 2018-04-14T22:15:25.469+0800: 161484.465: [ParNew: 11830779K->95166K(13212096K), 0.7082478 secs] 73803775K->62069151K(187275712K), 0.7086705 secs] [Times: user=3.97 sys=1.66, real=0.71 secs] 
2018-04-14T22:15:42.389+0800: 161501.385: [GC (Allocation Failure) 2018-04-14T22:15:42.389+0800: 161501.385: [ParNew: 11839294K->96078K(13212096K), 0.4871864 secs] 73813279K->62074073K(187275712K), 0.4876096 secs] [Times: user=3.33 sys=0.54, real=0.49 secs] 
2018-04-14T22:15:52.560+0800: 161511.556: [GC (Allocation Failure) 2018-04-14T22:15:52.560+0800: 161511.556: [ParNew: 11840206K->98637K(13212096K), 0.4607724 secs] 73818201K->62092586K(187275712K), 0.4611966 secs] [Times: user=3.59 sys=0.04, real=0.47 secs] 
2018-04-14T22:16:05.758+0800: 161524.754: [GC (Allocation Failure) 2018-04-14T22:16:05.758+0800: 161524.754: [ParNew: 11842765K->107674K(13212096K), 0.6464658 secs] 73836714K->62103856K(187275712K), 0.6468929 secs] [Times: user=3.90 sys=1.22, real=0.65 secs] 
2018-04-14T22:16:29.478+0800: 161548.474: [GC (Allocation Failure) 2018-04-14T22:16:29.478+0800: 161548.474: [ParNew: 11851802K->99275K(13212096K), 0.5616049 secs] 73847984K->62103428K(187275712K), 0.5620238 secs] [Times: user=3.96 sys=0.50, real=0.56 secs] 
2018-04-14T22:16:55.513+0800: 161574.509: [GC (Allocation Failure) 2018-04-14T22:16:55.513+0800: 161574.509: [ParNew: 11843403K->71513K(13212096K), 0.5017462 secs] 73847556K->62083831K(187275712K), 0.5021720 secs] [Times: user=3.61 sys=0.38, real=0.50 secs] 
2018-04-14T22:17:45.607+0800: 161624.603: [GC (Allocation Failure) 2018-04-14T22:17:45.607+0800: 161624.603: [ParNew: 11815641K->74299K(13212096K), 0.6838475 secs] 73827959K->62091316K(187275712K), 0.6842896 secs] [Times: user=4.01 sys=1.39, real=0.69 secs] 
2018-04-14T22:18:24.225+0800: 161663.221: [GC (Allocation Failure) 2018-04-14T22:18:24.225+0800: 161663.221: [ParNew: 11818427K->83334K(13212096K), 0.6423085 secs] 73835444K->62102452K(187275712K), 0.6427374 secs] [Times: user=4.24 sys=0.87, real=0.64 secs] 
2018-04-14T22:18:50.798+0800: 161689.795: [GC (Allocation Failure) 2018-04-14T22:18:50.799+0800: 161689.795: [ParNew: 11827462K->85494K(13212096K), 0.6372479 secs] 73846580K->62105849K(187275712K), 0.6376876 secs] [Times: user=3.50 sys=1.54, real=0.64 secs] 
2018-04-14T22:19:23.358+0800: 161722.354: [GC (Allocation Failure) 2018-04-14T22:19:23.358+0800: 161722.354: [ParNew: 11829622K->90038K(13212096K), 0.6491437 secs] 73849977K->62112093K(187275712K), 0.6495693 secs] [Times: user=4.35 sys=0.80, real=0.65 secs] 
2018-04-14T22:20:03.780+0800: 161762.776: [GC (Allocation Failure) 2018-04-14T22:20:03.780+0800: 161762.776: [ParNew: 11834166K->126970K(13212096K), 0.6419628 secs] 73856221K->62152270K(187275712K), 0.6424045 secs] [Times: user=3.86 sys=1.23, real=0.65 secs] 
2018-04-14T22:21:00.868+0800: 161819.864: [GC (Allocation Failure) 2018-04-14T22:21:00.868+0800: 161819.864: [ParNew: 11871098K->118178K(13212096K), 0.5886437 secs] 73896398K->62147943K(187275712K), 0.5890634 secs] [Times: user=3.89 sys=0.78, real=0.59 secs] 
2018-04-14T22:21:48.286+0800: 161867.282: [GC (Allocation Failure) 2018-04-14T22:21:48.286+0800: 161867.282: [ParNew: 11862306K->130886K(13212096K), 0.7058768 secs] 73892071K->62168862K(187275712K), 0.7063181 secs] [Times: user=4.23 sys=1.37, real=0.71 secs] 
2018-04-14T22:22:22.713+0800: 161901.709: [GC (Allocation Failure) 2018-04-14T22:22:22.714+0800: 161901.710: [ParNew: 11875014K->131451K(13212096K), 0.7908339 secs] 73912990K->62172268K(187275712K), 0.7912603 secs] [Times: user=5.03 sys=1.27, real=0.79 secs] 
2018-04-14T22:22:34.841+0800: 161913.837: [GC (Allocation Failure) 2018-04-14T22:22:34.841+0800: 161913.837: [ParNew: 11875579K->125797K(13212096K), 0.5279858 secs] 73916396K->62168526K(187275712K), 0.5284105 secs] [Times: user=4.09 sys=0.11, real=0.53 secs] 
2018-04-14T22:22:49.217+0800: 161928.214: [GC (Allocation Failure) 2018-04-14T22:22:49.218+0800: 161928.214: [ParNew: 11869925K->107946K(13212096K), 0.6303748 secs] 73912654K->62152835K(187275712K), 0.6307400 secs] [Times: user=3.92 sys=1.07, real=0.63 secs] 
2018-04-14T22:23:06.640+0800: 161945.636: [GC (Allocation Failure) 2018-04-14T22:23:06.640+0800: 161945.636: [ParNew: 11852074K->116979K(13212096K), 0.6483941 secs] 73896963K->62170997K(187275712K), 0.6487500 secs] [Times: user=4.31 sys=0.83, real=0.65 secs] 
2018-04-14T22:23:49.399+0800: 161988.395: [GC (Allocation Failure) 2018-04-14T22:23:49.399+0800: 161988.395: [ParNew: 11861107K->86234K(13212096K), 0.6748872 secs] 73915125K->62148388K(187275712K), 0.6753502 secs] [Times: user=3.37 sys=1.97, real=0.68 secs] 
2018-04-14T22:24:09.521+0800: 162008.517: [GC (Allocation Failure) 2018-04-14T22:24:09.521+0800: 162008.517: [ParNew: 11830362K->61736K(13212096K), 0.4904631 secs] 73892516K->62131846K(187275712K), 0.4908796 secs] [Times: user=3.45 sys=0.44, real=0.49 secs] 
2018-04-14T22:24:23.417+0800: 162022.413: [GC (Allocation Failure) 2018-04-14T22:24:23.417+0800: 162022.413: [ParNew: 11805864K->65148K(13212096K), 0.5268126 secs] 73875974K->62137488K(187275712K), 0.5272319 secs] [Times: user=3.83 sys=0.37, real=0.53 secs] 
2018-04-14T22:24:47.674+0800: 162046.670: [GC (Allocation Failure) 2018-04-14T22:24:47.674+0800: 162046.670: [ParNew: 11809276K->68145K(13212096K), 0.6280869 secs] 73881616K->62142700K(187275712K), 0.6284959 secs] [Times: user=3.36 sys=1.61, real=0.63 secs] 
2018-04-14T22:25:25.169+0800: 162084.165: [GC (Allocation Failure) 2018-04-14T22:25:25.169+0800: 162084.165: [ParNew: 11812273K->55079K(13212096K), 0.6635906 secs] 73886828K->62135550K(187275712K), 0.6639979 secs] [Times: user=4.30 sys=0.98, real=0.67 secs] 
2018-04-14T22:25:36.730+0800: 162095.726: [GC (Allocation Failure) 2018-04-14T22:25:36.730+0800: 162095.726: [ParNew: 11799207K->69212K(13212096K), 0.5500084 secs] 73879678K->62155395K(187275712K), 0.5504153 secs] [Times: user=4.08 sys=0.29, real=0.55 secs] 
2018-04-14T22:25:48.125+0800: 162107.121: [GC (Allocation Failure) 2018-04-14T22:25:48.125+0800: 162107.121: [ParNew: 11813340K->68862K(13212096K), 0.4873297 secs] 73899523K->62160696K(187275712K), 0.4877199 secs] [Times: user=3.60 sys=0.28, real=0.49 secs] 
2018-04-14T22:26:04.885+0800: 162123.881: [GC (Allocation Failure) 2018-04-14T22:26:04.885+0800: 162123.881: [ParNew: 11812990K->67594K(13212096K), 0.6314277 secs] 73904824K->62164701K(187275712K), 0.6318408 secs] [Times: user=3.97 sys=1.03, real=0.63 secs] 
2018-04-14T22:26:39.653+0800: 162158.649: [GC (Allocation Failure) 2018-04-14T22:26:39.653+0800: 162158.649: [ParNew: 11811722K->39778K(13212096K), 0.5237549 secs] 73908829K->62137949K(187275712K), 0.5241917 secs] [Times: user=3.72 sys=0.45, real=0.52 secs] 
2018-04-14T22:27:06.075+0800: 162185.071: [GC (Allocation Failure) 2018-04-14T22:27:06.075+0800: 162185.071: [ParNew: 11783906K->55303K(13212096K), 0.7147540 secs] 73882077K->62155889K(187275712K), 0.7151632 secs] [Times: user=4.04 sys=1.62, real=0.71 secs] 
2018-04-14T22:27:14.158+0800: 162193.154: [GC (Allocation Failure) 2018-04-14T22:27:14.158+0800: 162193.154: [ParNew: 11799431K->62855K(13212096K), 0.5010793 secs] 73900017K->62168276K(187275712K), 0.5014882 secs] [Times: user=3.98 sys=0.00, real=0.50 secs] 
2018-04-14T22:27:19.496+0800: 162198.492: [GC (Allocation Failure) 2018-04-14T22:27:19.496+0800: 162198.492: [ParNew: 11806983K->53230K(13212096K), 0.4932699 secs] 73912404K->62160445K(187275712K), 0.4936849 secs] [Times: user=3.64 sys=0.29, real=0.49 secs] 
2018-04-14T22:27:24.972+0800: 162203.968: [GC (Allocation Failure) 2018-04-14T22:27:24.973+0800: 162203.969: [ParNew: 11797358K->62607K(13212096K), 0.4813673 secs] 73904573K->62171628K(187275712K), 0.4817667 secs] [Times: user=3.78 sys=0.04, real=0.48 secs] 
2018-04-14T22:27:32.866+0800: 162211.862: [GC (Allocation Failure) 2018-04-14T22:27:32.866+0800: 162211.862: [ParNew: 11806735K->65672K(13212096K), 0.5152128 secs] 73915756K->62176925K(187275712K), 0.5156168 secs] [Times: user=3.82 sys=0.28, real=0.52 secs] 
2018-04-14T22:27:44.065+0800: 162223.061: [GC (Allocation Failure) 2018-04-14T22:27:44.065+0800: 162223.061: [ParNew: 11809800K->65885K(13212096K), 0.5173747 secs] 73921053K->62184604K(187275712K), 0.5177802 secs] [Times: user=3.87 sys=0.25, real=0.52 secs] 
2018-04-14T22:27:56.747+0800: 162235.743: [GC (Allocation Failure) 2018-04-14T22:27:56.747+0800: 162235.743: [ParNew: 11810013K->69931K(13212096K), 0.5714687 secs] 73928732K->62194277K(187275712K), 0.5718780 secs] [Times: user=3.62 sys=0.90, real=0.57 secs] 
2018-04-14T22:28:08.312+0800: 162247.308: [GC (Allocation Failure) 2018-04-14T22:28:08.313+0800: 162247.309: [ParNew: 11814059K->69078K(13212096K), 0.4723689 secs] 73938405K->62197919K(187275712K), 0.4727848 secs] [Times: user=3.75 sys=0.00, real=0.47 secs] 
2018-04-14T22:28:21.294+0800: 162260.290: [GC (Allocation Failure) 2018-04-14T22:28:21.294+0800: 162260.290: [ParNew: 11813206K->55987K(13212096K), 0.5002608 secs] 73942047K->62189160K(187275712K), 0.5006789 secs] [Times: user=3.71 sys=0.26, real=0.50 secs] 
2018-04-14T22:28:37.910+0800: 162276.906: [GC (Allocation Failure) 2018-04-14T22:28:37.910+0800: 162276.906: [ParNew: 11800115K->62098K(13212096K), 0.5034376 secs] 73933288K->62198859K(187275712K), 0.5038433 secs] [Times: user=3.40 sys=0.60, real=0.51 secs] 
2018-04-14T22:29:02.284+0800: 162301.280: [GC (Allocation Failure) 2018-04-14T22:29:02.285+0800: 162301.281: [ParNew: 11806226K->83061K(13212096K), 0.6430036 secs] 73942987K->62221608K(187275712K), 0.6434294 secs] [Times: user=3.89 sys=1.19, real=0.64 secs] 
2018-04-14T22:29:40.844+0800: 162339.840: [GC (Allocation Failure) 2018-04-14T22:29:40.844+0800: 162339.840: [ParNew: 11827189K->99783K(13212096K), 0.6912867 secs] 73965736K->62239920K(187275712K), 0.6916977 secs] [Times: user=4.54 sys=0.94, real=0.69 secs] 
2018-04-14T22:29:53.353+0800: 162352.349: [GC (Allocation Failure) 2018-04-14T22:29:53.353+0800: 162352.349: [ParNew: 11843911K->120165K(13212096K), 0.5122348 secs] 73984048K->62262314K(187275712K), 0.5126460 secs] [Times: user=3.88 sys=0.18, real=0.51 secs] 
2018-04-14T22:30:01.115+0800: 162360.111: [GC (Allocation Failure) 2018-04-14T22:30:01.115+0800: 162360.111: [ParNew: 11864293K->134236K(13212096K), 0.4755133 secs] 74006442K->62277167K(187275712K), 0.4759135 secs] [Times: user=3.76 sys=0.00, real=0.47 secs] 
2018-04-14T22:30:08.640+0800: 162367.636: [GC (Allocation Failure) 2018-04-14T22:30:08.640+0800: 162367.637: [ParNew: 11878364K->141922K(13212096K), 0.6140951 secs] 74021295K->62289065K(187275712K), 0.6145064 secs] [Times: user=3.59 sys=1.27, real=0.62 secs] 
2018-04-14T22:30:18.821+0800: 162377.817: [GC (Allocation Failure) 2018-04-14T22:30:18.821+0800: 162377.817: [ParNew: 11886050K->140522K(13212096K), 0.5582384 secs] 74033193K->62289262K(187275712K), 0.5586309 secs] [Times: user=4.12 sys=0.32, real=0.56 secs] 
2018-04-14T22:30:29.673+0800: 162388.669: [GC (Allocation Failure) 2018-04-14T22:30:29.673+0800: 162388.669: [ParNew: 11884650K->131792K(13212096K), 0.5081426 secs] 74033390K->62286369K(187275712K), 0.5085439 secs] [Times: user=3.82 sys=0.21, real=0.51 secs] 
2018-04-14T22:30:40.921+0800: 162399.917: [GC (Allocation Failure) 2018-04-14T22:30:40.921+0800: 162399.917: [ParNew: 11875920K->88480K(13212096K), 0.4768334 secs] 74030497K->62249713K(187275712K), 0.4772305 secs] [Times: user=3.36 sys=0.43, real=0.47 secs] 
2018-04-14T22:30:50.481+0800: 162409.477: [GC (Allocation Failure) 2018-04-14T22:30:50.482+0800: 162409.478: [ParNew: 11832608K->99594K(13212096K), 0.6223424 secs] 73993841K->62269699K(187275712K), 0.6227599 secs] [Times: user=3.43 sys=1.48, real=0.62 secs] 
2018-04-14T22:31:06.229+0800: 162425.225: [GC (Allocation Failure) 2018-04-14T22:31:06.229+0800: 162425.225: [ParNew: 11843722K->64693K(13212096K), 0.5424510 secs] 74013827K->62240786K(187275712K), 0.5428560 secs] [Times: user=3.91 sys=0.40, real=0.55 secs] 
2018-04-14T22:31:44.696+0800: 162463.692: [GC (Allocation Failure) 2018-04-14T22:31:44.696+0800: 162463.692: [ParNew: 11808821K->54020K(13212096K), 0.5588801 secs] 73984914K->62232768K(187275712K), 0.5592938 secs] [Times: user=3.62 sys=0.83, real=0.56 secs] 
2018-04-14T22:32:25.552+0800: 162504.548: [GC (Allocation Failure) 2018-04-14T22:32:25.552+0800: 162504.549: [ParNew: 11798148K->61657K(13212096K), 0.7154006 secs] 73976896K->62241702K(187275712K), 0.7158298 secs] [Times: user=3.93 sys=1.75, real=0.71 secs] 
2018-04-14T22:33:23.558+0800: 162562.555: [GC (Allocation Failure) 2018-04-14T22:33:23.559+0800: 162562.555: [ParNew: 11805785K->101505K(13212096K), 0.8349225 secs] 73985830K->62282634K(187275712K), 0.8353604 secs] [Times: user=4.80 sys=1.82, real=0.84 secs] 
2018-04-14T22:35:05.757+0800: 162664.753: [GC (Allocation Failure) 2018-04-14T22:35:05.757+0800: 162664.753: [ParNew: 11845633K->139809K(13212096K), 0.6878215 secs] 74026762K->62321899K(187275712K), 0.6882424 secs] [Times: user=4.60 sys=0.86, real=0.69 secs] 
2018-04-14T22:36:05.369+0800: 162724.365: [GC (Allocation Failure) 2018-04-14T22:36:05.369+0800: 162724.365: [ParNew: 11883937K->154606K(13212096K), 0.7504643 secs] 74066027K->62337608K(187275712K), 0.7509024 secs] [Times: user=4.56 sys=1.35, real=0.75 secs] 
2018-04-14T22:36:57.929+0800: 162776.925: [GC (Allocation Failure) 2018-04-14T22:36:57.929+0800: 162776.925: [ParNew: 11898734K->187965K(13212096K), 0.8101947 secs] 74081736K->62372342K(187275712K), 0.8106291 secs] [Times: user=4.92 sys=1.46, real=0.81 secs] 
2018-04-14T22:38:39.521+0800: 162878.517: [GC (Allocation Failure) 2018-04-14T22:38:39.522+0800: 162878.518: [ParNew: 11932093K->154462K(13212096K), 0.9775843 secs] 74116470K->62341244K(187275712K), 0.9780221 secs] [Times: user=5.38 sys=2.38, real=0.97 secs] 
2018-04-14T22:40:21.277+0800: 162980.273: [GC (Allocation Failure) 2018-04-14T22:40:21.277+0800: 162980.273: [ParNew: 11898590K->208403K(13212096K), 1.1480781 secs] 74085372K->62399481K(187275712K), 1.1485138 secs] [Times: user=6.10 sys=3.00, real=1.15 secs] 
2018-04-14T22:40:52.815+0800: 163011.811: [GC (Allocation Failure) 2018-04-14T22:40:52.815+0800: 163011.811: [ParNew: 11952531K->207414K(13212096K), 0.6195388 secs] 74143609K->62417836K(187275712K), 0.6198878 secs] [Times: user=4.23 sys=0.68, real=0.62 secs] 
2018-04-14T22:41:46.739+0800: 163065.735: [GC (Allocation Failure) 2018-04-14T22:41:46.739+0800: 163065.735: [ParNew: 11951542K->135381K(13212096K), 0.8733002 secs] 74161964K->62360354K(187275712K), 0.8737450 secs] [Times: user=5.14 sys=1.79, real=0.88 secs] 
2018-04-14T22:42:41.848+0800: 163120.844: [GC (Allocation Failure) 2018-04-14T22:42:41.848+0800: 163120.844: [ParNew: 11879509K->109457K(13212096K), 0.6064361 secs] 74104482K->62346706K(187275712K), 0.6072362 secs] [Times: user=3.87 sys=0.94, real=0.61 secs] 
2018-04-14T22:42:55.064+0800: 163134.060: [GC (Allocation Failure) 2018-04-14T22:42:55.064+0800: 163134.060: [ParNew: 11853585K->120999K(13212096K), 0.6172360 secs] 74090834K->62372862K(187275712K), 0.6176610 secs] [Times: user=4.08 sys=0.80, real=0.62 secs] 
2018-04-14T22:43:06.880+0800: 163145.876: [GC (Allocation Failure) 2018-04-14T22:43:06.880+0800: 163145.876: [ParNew: 11865127K->92278K(13212096K), 0.5509270 secs] 74116990K->62359894K(187275712K), 0.5513472 secs] [Times: user=3.98 sys=0.38, real=0.56 secs] 
2018-04-14T22:43:26.938+0800: 163165.934: [GC (Allocation Failure) 2018-04-14T22:43:26.938+0800: 163165.934: [ParNew: 11836406K->96448K(13212096K), 0.5837505 secs] 74104022K->62370177K(187275712K), 0.5841716 secs] [Times: user=4.24 sys=0.40, real=0.59 secs] 
2018-04-14T22:44:14.009+0800: 163213.005: [GC (Allocation Failure) 2018-04-14T22:44:14.009+0800: 163213.005: [ParNew: 11840576K->86059K(13212096K), 0.6457989 secs] 74114305K->62369945K(187275712K), 0.6462378 secs] [Times: user=3.84 sys=1.26, real=0.65 secs] 
2018-04-14T22:44:26.243+0800: 163225.239: [GC (Allocation Failure) 2018-04-14T22:44:26.243+0800: 163225.239: [ParNew: 11830187K->85010K(13212096K), 0.5989070 secs] 74114073K->62371179K(187275712K), 0.5993302 secs] [Times: user=4.12 sys=0.65, real=0.60 secs] 
2018-04-14T22:44:40.950+0800: 163239.946: [GC (Allocation Failure) 2018-04-14T22:44:40.950+0800: 163239.946: [ParNew: 11829138K->72054K(13212096K), 0.4621937 secs] 74115307K->62360676K(187275712K), 0.4626131 secs] [Times: user=3.42 sys=0.25, real=0.47 secs] 
2018-04-14T22:44:48.918+0800: 163247.914: [GC (Allocation Failure) 2018-04-14T22:44:48.918+0800: 163247.914: [ParNew: 11816182K->76721K(13212096K), 0.4278562 secs] 74104804K->62367923K(187275712K), 0.4282782 secs] [Times: user=3.32 sys=0.09, real=0.43 secs] 
2018-04-14T22:44:59.038+0800: 163258.034: [GC (Allocation Failure) 2018-04-14T22:44:59.038+0800: 163258.034: [ParNew: 11820849K->67407K(13212096K), 0.6104716 secs] 74112051K->62362831K(187275712K), 0.6108978 secs] [Times: user=3.33 sys=1.50, real=0.61 secs] 
2018-04-14T22:45:06.583+0800: 163265.579: [GC (Allocation Failure) 2018-04-14T22:45:06.583+0800: 163265.580: [ParNew: 11811535K->64369K(13212096K), 0.4807198 secs] 74106959K->62364800K(187275712K), 0.4811486 secs] [Times: user=3.81 sys=0.01, real=0.48 secs] 
2018-04-14T22:45:15.811+0800: 163274.807: [GC (Allocation Failure) 2018-04-14T22:45:15.812+0800: 163274.808: [ParNew: 11808497K->62054K(13212096K), 0.5113535 secs] 74108928K->62367265K(187275712K), 0.5117824 secs] [Times: user=3.83 sys=0.23, real=0.51 secs] 
2018-04-14T22:45:27.985+0800: 163286.981: [GC (Allocation Failure) 2018-04-14T22:45:27.985+0800: 163286.981: [ParNew: 11806182K->60033K(13212096K), 0.4871673 secs] 74111393K->62368892K(187275712K), 0.4875889 secs] [Times: user=3.40 sys=0.48, real=0.49 secs] 
2018-04-14T22:45:38.267+0800: 163297.263: [GC (Allocation Failure) 2018-04-14T22:45:38.267+0800: 163297.263: [ParNew: 11804161K->46596K(13212096K), 0.5017413 secs] 74113020K->62357278K(187275712K), 0.5021549 secs] [Times: user=3.83 sys=0.17, real=0.50 secs] 
2018-04-14T22:45:46.632+0800: 163305.628: [GC (Allocation Failure) 2018-04-14T22:45:46.632+0800: 163305.628: [ParNew: 11790724K->51556K(13212096K), 0.6207868 secs] 74101406K->62366813K(187275712K), 0.6212217 secs] [Times: user=3.06 sys=1.85, real=0.62 secs] 
2018-04-14T22:45:53.547+0800: 163312.543: [GC (Allocation Failure) 2018-04-14T22:45:53.547+0800: 163312.543: [ParNew: 11795684K->45685K(13212096K), 0.4380288 secs] 74110941K->62361812K(187275712K), 0.4384399 secs] [Times: user=3.42 sys=0.07, real=0.44 secs] 
2018-04-14T22:45:58.284+0800: 163317.280: [GC (Allocation Failure) 2018-04-14T22:45:58.284+0800: 163317.281: [ParNew: 11789813K->58552K(13212096K), 0.4768303 secs] 74105940K->62375945K(187275712K), 0.4772438 secs] [Times: user=3.79 sys=0.00, real=0.48 secs] 
2018-04-14T22:46:04.210+0800: 163323.206: [GC (Allocation Failure) 2018-04-14T22:46:04.210+0800: 163323.206: [ParNew: 11802680K->68435K(13212096K), 0.5430521 secs] 74120073K->62388331K(187275712K), 0.5434694 secs] [Times: user=4.28 sys=0.05, real=0.55 secs] 
2018-04-14T22:46:11.222+0800: 163330.218: [GC (Allocation Failure) 2018-04-14T22:46:11.222+0800: 163330.218: [ParNew: 11812563K->71455K(13212096K), 0.4898969 secs] 74132459K->62393522K(187275712K), 0.4903073 secs] [Times: user=3.81 sys=0.09, real=0.49 secs] 
2018-04-14T22:46:21.396+0800: 163340.392: [GC (Allocation Failure) 2018-04-14T22:46:21.396+0800: 163340.392: [ParNew: 11815583K->79468K(13212096K), 0.5187021 secs] 74137650K->62405495K(187275712K), 0.5191084 secs] [Times: user=3.92 sys=0.20, real=0.52 secs] 
2018-04-14T22:46:33.188+0800: 163352.184: [GC (Allocation Failure) 2018-04-14T22:46:33.188+0800: 163352.184: [ParNew: 11823596K->81617K(13212096K), 0.4956010 secs] 74149623K->62411091K(187275712K), 0.4960172 secs] [Times: user=3.62 sys=0.32, real=0.50 secs] 
2018-04-14T22:46:45.653+0800: 163364.649: [GC (Allocation Failure) 2018-04-14T22:46:45.653+0800: 163364.649: [ParNew: 11825745K->78597K(13212096K), 0.6300562 secs] 74155219K->62411686K(187275712K), 0.6304978 secs] [Times: user=3.94 sys=1.05, real=0.63 secs] 
2018-04-14T22:46:56.314+0800: 163375.310: [GC (Allocation Failure) 2018-04-14T22:46:56.314+0800: 163375.310: [ParNew: 11822725K->79062K(13212096K), 0.4781772 secs] 74155814K->62414885K(187275712K), 0.4785857 secs] [Times: user=3.63 sys=0.17, real=0.48 secs] 
2018-04-14T22:47:12.494+0800: 163391.490: [GC (Allocation Failure) 2018-04-14T22:47:12.495+0800: 163391.491: [ParNew: 11823190K->70368K(13212096K), 0.5388879 secs] 74159013K->62408267K(187275712K), 0.5392970 secs] [Times: user=3.90 sys=0.38, real=0.54 secs] 
2018-04-14T22:48:03.403+0800: 163442.399: [GC (Allocation Failure) 2018-04-14T22:48:03.403+0800: 163442.399: [ParNew: 11814496K->61841K(13212096K), 0.6847884 secs] 74152395K->62401078K(187275712K), 0.6852301 secs] [Times: user=4.04 sys=1.34, real=0.68 secs] 
2018-04-14T22:48:59.283+0800: 163498.279: [GC (Allocation Failure) 2018-04-14T22:48:59.284+0800: 163498.280: [ParNew: 11805969K->85228K(13212096K), 0.7165793 secs] 74145206K->62425748K(187275712K), 0.7170036 secs] [Times: user=4.18 sys=1.51, real=0.71 secs] 
2018-04-14T22:49:22.177+0800: 163521.173: [GC (Allocation Failure) 2018-04-14T22:49:22.177+0800: 163521.173: [ParNew: 11829356K->85100K(13212096K), 0.6647562 secs] 74169876K->62426897K(187275712K), 0.6651909 secs] [Times: user=4.21 sys=1.05, real=0.67 secs] 
2018-04-14T22:49:39.176+0800: 163538.172: [GC (Allocation Failure) 2018-04-14T22:49:39.176+0800: 163538.173: [ParNew: 11829228K->93599K(13212096K), 0.5959599 secs] 74171025K->62437162K(187275712K), 0.5963837 secs] [Times: user=4.42 sys=0.31, real=0.60 secs] 
2018-04-14T22:49:57.530+0800: 163556.526: [GC (Allocation Failure) 2018-04-14T22:49:57.530+0800: 163556.526: [ParNew: 11837727K->144258K(13212096K), 0.5608814 secs] 74181290K->62488756K(187275712K), 0.5612990 secs] [Times: user=4.04 sys=0.41, real=0.57 secs] 
2018-04-14T22:50:18.823+0800: 163577.819: [GC (Allocation Failure) 2018-04-14T22:50:18.824+0800: 163577.820: [ParNew: 11888386K->200775K(13212096K), 0.7900276 secs] 74232884K->62546838K(187275712K), 0.7904900 secs] [Times: user=4.78 sys=1.44, real=0.79 secs] 
2018-04-14T22:50:38.182+0800: 163597.178: [GC (Allocation Failure) 2018-04-14T22:50:38.182+0800: 163597.178: [ParNew: 11944903K->175221K(13212096K), 0.6383042 secs] 74290966K->62529442K(187275712K), 0.6387234 secs] [Times: user=4.28 sys=0.78, real=0.63 secs] 
2018-04-14T22:50:48.095+0800: 163607.091: [GC (Allocation Failure) 2018-04-14T22:50:48.095+0800: 163607.091: [ParNew: 11919349K->120460K(13212096K), 0.5176545 secs] 74273570K->62483901K(187275712K), 0.5180832 secs] [Times: user=3.89 sys=0.22, real=0.52 secs] 
2018-04-14T22:51:55.598+0800: 163674.594: [GC (Allocation Failure) 2018-04-14T22:51:55.599+0800: 163674.595: [ParNew: 11864588K->131463K(13212096K), 0.8959019 secs] 74228029K->62496640K(187275712K), 0.8963273 secs] [Times: user=4.85 sys=2.23, real=0.90 secs] 
2018-04-14T22:52:35.054+0800: 163714.050: [GC (Allocation Failure) 2018-04-14T22:52:35.054+0800: 163714.050: [ParNew: 11875591K->156275K(13212096K), 0.7082939 secs] 74240768K->62523627K(187275712K), 0.7086573 secs] [Times: user=4.75 sys=0.87, real=0.71 secs] 
2018-04-14T22:54:00.856+0800: 163799.852: [GC (Allocation Failure) 2018-04-14T22:54:00.856+0800: 163799.852: [ParNew: 11900403K->158225K(13212096K), 1.0874415 secs] 74267755K->62531930K(187275712K), 1.0878710 secs] [Times: user=6.06 sys=2.56, real=1.09 secs] 
2018-04-14T22:56:08.995+0800: 163927.991: [GC (Allocation Failure) 2018-04-14T22:56:08.995+0800: 163927.991: [ParNew: 11902353K->121931K(13212096K), 1.1596392 secs] 74276058K->62505752K(187275712K), 1.1600850 secs] [Times: user=6.38 sys=2.79, real=1.16 secs] 
2018-04-14T22:57:53.000+0800: 164031.996: [GC (Allocation Failure) 2018-04-14T22:57:53.001+0800: 164031.997: [ParNew: 11866059K->131644K(13212096K), 0.9155476 secs] 74249880K->62519883K(187275712K), 0.9159935 secs] [Times: user=5.29 sys=1.93, real=0.92 secs] 
2018-04-14T22:58:42.080+0800: 164081.076: [GC (Allocation Failure) 2018-04-14T22:58:42.080+0800: 164081.076: [ParNew: 11875772K->161199K(13212096K), 0.7418384 secs] 74264011K->62552439K(187275712K), 0.7422622 secs] [Times: user=4.80 sys=1.09, real=0.75 secs] 
2018-04-14T22:59:38.502+0800: 164137.498: [GC (Allocation Failure) 2018-04-14T22:59:38.502+0800: 164137.499: [ParNew: 11905327K->161770K(13212096K), 0.7565959 secs] 74296567K->62562918K(187275712K), 0.7570652 secs] [Times: user=4.26 sys=1.70, real=0.75 secs] 
2018-04-14T23:00:27.767+0800: 164186.763: [GC (Allocation Failure) 2018-04-14T23:00:27.767+0800: 164186.763: [ParNew: 11905898K->118601K(13212096K), 0.5833294 secs] 74307046K->62533571K(187275712K), 0.5837578 secs] [Times: user=4.20 sys=0.42, real=0.58 secs] 
2018-04-14T23:00:39.529+0800: 164198.525: [GC (Allocation Failure) 2018-04-14T23:00:39.529+0800: 164198.525: [ParNew: 11862729K->105224K(13212096K), 0.5871386 secs] 74277699K->62525005K(187275712K), 0.5875603 secs] [Times: user=3.47 sys=1.16, real=0.59 secs] 
2018-04-14T23:00:46.072+0800: 164205.068: [GC (Allocation Failure) 2018-04-14T23:00:46.072+0800: 164205.068: [ParNew: 11849352K->96604K(13212096K), 0.4482426 secs] 74269133K->62522970K(187275712K), 0.4486640 secs] [Times: user=3.57 sys=0.00, real=0.44 secs] 
2018-04-14T23:00:52.544+0800: 164211.540: [GC (Allocation Failure) 2018-04-14T23:00:52.545+0800: 164211.541: [ParNew: 11840732K->86145K(13212096K), 0.4893203 secs] 74267098K->62523418K(187275712K), 0.4897325 secs] [Times: user=3.46 sys=0.42, real=0.49 secs] 
2018-04-14T23:01:00.194+0800: 164219.190: [GC (Allocation Failure) 2018-04-14T23:01:00.194+0800: 164219.190: [ParNew: 11830273K->72287K(13212096K), 0.4506626 secs] 74267546K->62515444K(187275712K), 0.4510760 secs] [Times: user=3.25 sys=0.32, real=0.45 secs] 
2018-04-14T23:01:11.073+0800: 164230.069: [GC (Allocation Failure) 2018-04-14T23:01:11.073+0800: 164230.069: [ParNew: 11816415K->63978K(13212096K), 0.4828267 secs] 74259572K->62522445K(187275712K), 0.4832488 secs] [Times: user=3.49 sys=0.32, real=0.48 secs] 
2018-04-14T23:01:24.982+0800: 164243.978: [GC (Allocation Failure) 2018-04-14T23:01:24.982+0800: 164243.978: [ParNew: 11808106K->47637K(13212096K), 0.4561345 secs] 74266573K->62514483K(187275712K), 0.4565458 secs] [Times: user=3.61 sys=0.00, real=0.45 secs] 
2018-04-14T23:01:32.295+0800: 164251.291: [GC (Allocation Failure) 2018-04-14T23:01:32.295+0800: 164251.291: [ParNew: 11791765K->55600K(13212096K), 0.6034734 secs] 74258611K->62524031K(187275712K), 0.6038818 secs] [Times: user=3.57 sys=1.21, real=0.60 secs] 
2018-04-14T23:01:40.866+0800: 164259.862: [GC (Allocation Failure) 2018-04-14T23:01:40.866+0800: 164259.862: [ParNew: 11799728K->74095K(13212096K), 0.4853292 secs] 74268159K->62543916K(187275712K), 0.4857375 secs] [Times: user=3.56 sys=0.27, real=0.49 secs] 
2018-04-14T23:01:51.712+0800: 164270.708: [GC (Allocation Failure) 2018-04-14T23:01:51.712+0800: 164270.708: [ParNew: 11818223K->101885K(13212096K), 0.4741924 secs] 74288044K->62572215K(187275712K), 0.4745950 secs] [Times: user=3.55 sys=0.22, real=0.47 secs] 
2018-04-14T23:02:02.864+0800: 164281.860: [GC (Allocation Failure) 2018-04-14T23:02:02.864+0800: 164281.860: [ParNew: 11846013K->100962K(13212096K), 0.5265195 secs] 74316343K->62571991K(187275712K), 0.5269403 secs] [Times: user=3.87 sys=0.33, real=0.52 secs] 
2018-04-14T23:02:11.000+0800: 164289.996: [GC (Allocation Failure) 2018-04-14T23:02:11.000+0800: 164289.997: [ParNew: 11845090K->104312K(13212096K), 0.5028088 secs] 74316119K->62579566K(187275712K), 0.5032027 secs] [Times: user=3.99 sys=0.02, real=0.51 secs] 
2018-04-14T23:02:26.600+0800: 164305.596: [GC (Allocation Failure) 2018-04-14T23:02:26.600+0800: 164305.596: [ParNew: 11848440K->101676K(13212096K), 0.6010002 secs] 74323694K->62579068K(187275712K), 0.6014122 secs] [Times: user=3.64 sys=1.12, real=0.61 secs] 
2018-04-14T23:02:42.795+0800: 164321.791: [GC (Allocation Failure) 2018-04-14T23:02:42.795+0800: 164321.791: [ParNew: 11845804K->123170K(13212096K), 0.5661293 secs] 74323196K->62602714K(187275712K), 0.5665334 secs] [Times: user=3.83 sys=0.67, real=0.57 secs] 
2018-04-14T23:02:53.694+0800: 164332.690: [GC (Allocation Failure) 2018-04-14T23:02:53.695+0800: 164332.691: [ParNew: 11867298K->127409K(13212096K), 0.5294145 secs] 74346842K->62610794K(187275712K), 0.5298257 secs] [Times: user=3.95 sys=0.24, real=0.53 secs] 
2018-04-14T23:03:00.843+0800: 164339.839: [GC (Allocation Failure) 2018-04-14T23:03:00.843+0800: 164339.840: [ParNew: 11871537K->94198K(13212096K), 0.4306688 secs] 74354922K->62579356K(187275712K), 0.4310704 secs] [Times: user=3.36 sys=0.07, real=0.43 secs] 
2018-04-14T23:03:09.069+0800: 164348.065: [GC (Allocation Failure) 2018-04-14T23:03:09.069+0800: 164348.065: [ParNew: 11838326K->102353K(13212096K), 0.6206368 secs] 74323484K->62588431K(187275712K), 0.6210540 secs] [Times: user=3.48 sys=1.42, real=0.62 secs] 
2018-04-14T23:03:18.898+0800: 164357.894: [GC (Allocation Failure) 2018-04-14T23:03:18.898+0800: 164357.894: [ParNew: 11846481K->94642K(13212096K), 0.5184616 secs] 74332559K->62582056K(187275712K), 0.5188587 secs] [Times: user=3.79 sys=0.33, real=0.52 secs] 
2018-04-14T23:03:31.133+0800: 164370.129: [GC (Allocation Failure) 2018-04-14T23:03:31.133+0800: 164370.129: [ParNew: 11838770K->97861K(13212096K), 0.4991534 secs] 74326184K->62588594K(187275712K), 0.4995579 secs] [Times: user=3.54 sys=0.43, real=0.50 secs] 
2018-04-14T23:03:43.997+0800: 164382.993: [GC (Allocation Failure) 2018-04-14T23:03:43.997+0800: 164382.993: [ParNew: 11841989K->71888K(13212096K), 0.5014909 secs] 74332722K->62567323K(187275712K), 0.5018956 secs] [Times: user=3.68 sys=0.29, real=0.50 secs] 
2018-04-14T23:03:58.464+0800: 164397.460: [GC (Allocation Failure) 2018-04-14T23:03:58.465+0800: 164397.461: [ParNew: 11816016K->78302K(13212096K), 0.6226828 secs] 74311451K->62577632K(187275712K), 0.6231070 secs] [Times: user=3.57 sys=1.33, real=0.62 secs] 
2018-04-14T23:04:53.457+0800: 164452.453: [GC (Allocation Failure) 2018-04-14T23:04:53.458+0800: 164452.454: [ParNew: 11822430K->58720K(13212096K), 0.5723544 secs] 74321760K->62560442K(187275712K), 0.5727669 secs] [Times: user=3.81 sys=0.74, real=0.57 secs] 
2018-04-14T23:06:11.290+0800: 164530.286: [GC (Allocation Failure) 2018-04-14T23:06:11.290+0800: 164530.286: [ParNew: 11802848K->73925K(13212096K), 0.8106626 secs] 74304570K->62579370K(187275712K), 0.8110821 secs] [Times: user=4.72 sys=1.70, real=0.81 secs] 
2018-04-14T23:08:08.633+0800: 164647.629: [GC (Allocation Failure) 2018-04-14T23:08:08.634+0800: 164647.630: [ParNew: 11818053K->103244K(13212096K), 0.8777218 secs] 74323498K->62611644K(187275712K), 0.8781423 secs] [Times: user=5.75 sys=1.17, real=0.88 secs] 
2018-04-14T23:09:25.908+0800: 164724.904: [GC (Allocation Failure) 2018-04-14T23:09:25.908+0800: 164724.904: [ParNew: 11847372K->144194K(13212096K), 0.7588882 secs] 74355772K->62652920K(187275712K), 0.7593092 secs] [Times: user=4.37 sys=1.62, real=0.76 secs] 
2018-04-14T23:10:44.437+0800: 164803.433: [GC (Allocation Failure) 2018-04-14T23:10:44.437+0800: 164803.433: [ParNew: 11887182K->122603K(13212096K), 0.7543250 secs] 74395908K->62632307K(187275712K), 0.7547662 secs] [Times: user=4.63 sys=1.35, real=0.76 secs] 
2018-04-14T23:12:44.492+0800: 164923.488: [GC (Allocation Failure) 2018-04-14T23:12:44.492+0800: 164923.488: [ParNew: 11866731K->145644K(13212096K), 0.7062499 secs] 74376435K->62657035K(187275712K), 0.7066790 secs] [Times: user=4.91 sys=0.71, real=0.70 secs] 
2018-04-14T23:13:19.593+0800: 164958.589: [GC (Allocation Failure) 2018-04-14T23:13:19.593+0800: 164958.589: [ParNew: 11889772K->191822K(13212096K), 0.5815601 secs] 74401163K->62704194K(187275712K), 0.5819918 secs] [Times: user=4.25 sys=0.38, real=0.58 secs] 
2018-04-14T23:13:55.015+0800: 164994.011: [GC (Allocation Failure) 2018-04-14T23:13:55.015+0800: 164994.011: [ParNew: 11935950K->150151K(13212096K), 0.7168764 secs] 74448322K->62678979K(187275712K), 0.7173159 secs] [Times: user=3.96 sys=1.69, real=0.72 secs] 
2018-04-14T23:14:20.166+0800: 165019.162: [GC (Allocation Failure) 2018-04-14T23:14:20.166+0800: 165019.162: [ParNew: 11894279K->138656K(13212096K), 0.5401719 secs] 74423107K->62682184K(187275712K), 0.5406023 secs] [Times: user=3.61 sys=0.66, real=0.54 secs] 
2018-04-14T23:14:45.030+0800: 165044.026: [GC (Allocation Failure) 2018-04-14T23:14:45.030+0800: 165044.026: [ParNew: 11882784K->107563K(13212096K), 0.6248083 secs] 74426312K->62663046K(187275712K), 0.6252344 secs] [Times: user=3.86 sys=1.06, real=0.63 secs] 
2018-04-14T23:15:04.521+0800: 165063.517: [GC (Allocation Failure) 2018-04-14T23:15:04.521+0800: 165063.517: [ParNew: 11851691K->107806K(13212096K), 0.5054759 secs] 74407174K->62672067K(187275712K), 0.5058851 secs] [Times: user=3.54 sys=0.46, real=0.51 secs] 
2018-04-14T23:15:20.340+0800: 165079.336: [GC (Allocation Failure) 2018-04-14T23:15:20.340+0800: 165079.336: [ParNew: 11851934K->90017K(13212096K), 0.4930103 secs] 74416195K->62674937K(187275712K), 0.4934330 secs] [Times: user=3.62 sys=0.27, real=0.50 secs] 
2018-04-14T23:15:34.027+0800: 165093.023: [GC (Allocation Failure) 2018-04-14T23:15:34.027+0800: 165093.023: [ParNew: 11834145K->61846K(13212096K), 0.6473151 secs] 74419065K->62652342K(187275712K), 0.6477408 secs] [Times: user=3.76 sys=1.35, real=0.65 secs] 
2018-04-14T23:15:44.768+0800: 165103.764: [GC (Allocation Failure) 2018-04-14T23:15:44.769+0800: 165103.765: [ParNew: 11805974K->68884K(13212096K), 0.4877967 secs] 74396470K->62661059K(187275712K), 0.4882305 secs] [Times: user=3.58 sys=0.31, real=0.49 secs] 
2018-04-14T23:15:56.299+0800: 165115.295: [GC (Allocation Failure) 2018-04-14T23:15:56.299+0800: 165115.295: [ParNew: 11813012K->67904K(13212096K), 0.5039146 secs] 74405187K->62662012K(187275712K), 0.5043329 secs] [Times: user=3.67 sys=0.34, real=0.51 secs] 
2018-04-14T23:16:08.025+0800: 165127.021: [GC (Allocation Failure) 2018-04-14T23:16:08.025+0800: 165127.021: [ParNew: 11812032K->67201K(13212096K), 0.4739304 secs] 74406140K->62664050K(187275712K), 0.4743304 secs] [Times: user=3.21 sys=0.56, real=0.47 secs] 
2018-04-14T23:16:13.591+0800: 165132.587: [GC (Allocation Failure) 2018-04-14T23:16:13.591+0800: 165132.587: [ParNew: 11811329K->61868K(13212096K), 0.4662369 secs] 74408178K->62661334K(187275712K), 0.4666415 secs] [Times: user=3.49 sys=0.22, real=0.47 secs] 
2018-04-14T23:16:21.003+0800: 165139.999: [GC (Allocation Failure) 2018-04-14T23:16:21.004+0800: 165140.000: [ParNew: 11805996K->68719K(13212096K), 0.5704043 secs] 74405462K->62673524K(187275712K), 0.5708059 secs] [Times: user=3.26 sys=1.25, real=0.57 secs] 
2018-04-14T23:16:30.788+0800: 165149.784: [GC (Allocation Failure) 2018-04-14T23:16:30.788+0800: 165149.784: [ParNew: 11812847K->38848K(13212096K), 0.4667186 secs] 74417652K->62645157K(187275712K), 0.4670973 secs] [Times: user=3.72 sys=0.00, real=0.47 secs] 
2018-04-14T23:16:45.094+0800: 165164.090: [GC (Allocation Failure) 2018-04-14T23:16:45.094+0800: 165164.090: [ParNew: 11782976K->36985K(13212096K), 0.4776971 secs] 74389285K->62643946K(187275712K), 0.4780872 secs] [Times: user=3.52 sys=0.28, real=0.48 secs] 
2018-04-14T23:16:57.630+0800: 165176.626: [GC (Allocation Failure) 2018-04-14T23:16:57.630+0800: 165176.627: [ParNew: 11781113K->54204K(13212096K), 0.4819728 secs] 74388074K->62662061K(187275712K), 0.4823934 secs] [Times: user=3.41 sys=0.44, real=0.49 secs] 
2018-04-14T23:17:08.243+0800: 165187.239: [GC (Allocation Failure) 2018-04-14T23:17:08.243+0800: 165187.239: [ParNew: 11798332K->84619K(13212096K), 0.4532841 secs] 74406189K->62693828K(187275712K), 0.4536876 secs] [Times: user=3.41 sys=0.20, real=0.45 secs] 
2018-04-14T23:17:19.865+0800: 165198.861: [GC (Allocation Failure) 2018-04-14T23:17:19.865+0800: 165198.861: [ParNew: 11828747K->88500K(13212096K), 0.6295680 secs] 74437956K->62698235K(187275712K), 0.6299856 secs] [Times: user=3.40 sys=1.58, real=0.63 secs] 
2018-04-14T23:17:54.193+0800: 165233.189: [GC (Allocation Failure) 2018-04-14T23:17:54.193+0800: 165233.189: [ParNew: 11832628K->77845K(13212096K), 0.5795149 secs] 74442363K->62688097K(187275712K), 0.5799320 secs] [Times: user=3.87 sys=0.75, real=0.58 secs] 
2018-04-14T23:18:23.085+0800: 165262.081: [GC (Allocation Failure) 2018-04-14T23:18:23.085+0800: 165262.081: [ParNew: 11821973K->65257K(13212096K), 0.5416822 secs] 74432225K->62675695K(187275712K), 0.5420960 secs] [Times: user=3.85 sys=0.46, real=0.54 secs] 
2018-04-14T23:18:50.263+0800: 165289.259: [GC (Allocation Failure) 2018-04-14T23:18:50.263+0800: 165289.259: [ParNew: 11809385K->102314K(13212096K), 0.6832825 secs] 74419823K->62714921K(187275712K), 0.6836944 secs] [Times: user=3.61 sys=1.77, real=0.68 secs] 
2018-04-14T23:19:12.814+0800: 165311.810: [GC (Allocation Failure) 2018-04-14T23:19:12.814+0800: 165311.810: [ParNew: 11846442K->120586K(13212096K), 0.5831450 secs] 74459049K->62735824K(187275712K), 0.5835506 secs] [Times: user=3.91 sys=0.69, real=0.58 secs] 
2018-04-14T23:19:38.294+0800: 165337.290: [GC (Allocation Failure) 2018-04-14T23:19:38.294+0800: 165337.290: [ParNew: 11864714K->129129K(13212096K), 0.6039394 secs] 74479952K->62748737K(187275712K), 0.6043629 secs] [Times: user=3.67 sys=1.08, real=0.60 secs] 
2018-04-14T23:20:20.349+0800: 165379.345: [GC (Allocation Failure) 2018-04-14T23:20:20.349+0800: 165379.345: [ParNew: 11873257K->102074K(13212096K), 0.6518753 secs] 74492865K->62724076K(187275712K), 0.6523044 secs] [Times: user=4.28 sys=0.92, real=0.66 secs] 
2018-04-14T23:20:31.225+0800: 165390.221: [GC (Allocation Failure) 2018-04-14T23:20:31.225+0800: 165390.221: [ParNew: 11846202K->100943K(13212096K), 0.6272028 secs] 74468204K->62730926K(187275712K), 0.6276231 secs] [Times: user=3.57 sys=1.39, real=0.63 secs] 
2018-04-14T23:20:43.583+0800: 165402.579: [GC (Allocation Failure) 2018-04-14T23:20:43.584+0800: 165402.580: [ParNew: 11845071K->102575K(13212096K), 0.4899733 secs] 74475054K->62734816K(187275712K), 0.4903826 secs] [Times: user=3.89 sys=0.00, real=0.49 secs] 
2018-04-14T23:20:57.365+0800: 165416.361: [GC (Allocation Failure) 2018-04-14T23:20:57.365+0800: 165416.361: [ParNew: 11846703K->88955K(13212096K), 0.5467639 secs] 74478944K->62728510K(187275712K), 0.5471845 secs] [Times: user=3.83 sys=0.51, real=0.55 secs] 
2018-04-14T23:21:08.290+0800: 165427.286: [GC (Allocation Failure) 2018-04-14T23:21:08.290+0800: 165427.286: [ParNew: 11833083K->80474K(13212096K), 0.4549216 secs] 74472638K->62725401K(187275712K), 0.4553387 secs] [Times: user=3.28 sys=0.34, real=0.46 secs] 
2018-04-14T23:21:27.405+0800: 165446.401: [GC (Allocation Failure) 2018-04-14T23:21:27.405+0800: 165446.401: [ParNew: 11824602K->98206K(13212096K), 0.7170796 secs] 74469529K->62750123K(187275712K), 0.7174925 secs] [Times: user=4.49 sys=1.16, real=0.72 secs] 
2018-04-14T23:22:07.978+0800: 165486.974: [GC (Allocation Failure) 2018-04-14T23:22:07.979+0800: 165486.975: [ParNew: 11842334K->113416K(13212096K), 0.6315702 secs] 74494251K->62767433K(187275712K), 0.6319347 secs] [Times: user=4.21 sys=0.81, real=0.63 secs] 
2018-04-14T23:23:23.407+0800: 165562.403: [GC (Allocation Failure) 2018-04-14T23:23:23.407+0800: 165562.403: [ParNew: 11857544K->97542K(13212096K), 0.7808522 secs] 74511561K->62753030K(187275712K), 0.7813009 secs] [Times: user=4.36 sys=1.82, real=0.78 secs] 
2018-04-14T23:25:00.346+0800: 165659.342: [GC (Allocation Failure) 2018-04-14T23:25:00.347+0800: 165659.343: [ParNew: 11841670K->122914K(13212096K), 0.8650527 secs] 74497158K->62780335K(187275712K), 0.8655131 secs] [Times: user=4.48 sys=2.30, real=0.87 secs] 
2018-04-14T23:25:17.352+0800: 165676.348: [GC (Allocation Failure) 2018-04-14T23:25:17.352+0800: 165676.348: [ParNew: 11867042K->146461K(13212096K), 0.5866359 secs] 74524463K->62807751K(187275712K), 0.5870688 secs] [Times: user=4.31 sys=0.35, real=0.58 secs] 
2018-04-14T23:26:03.327+0800: 165722.324: [GC (Allocation Failure) 2018-04-14T23:26:03.328+0800: 165722.324: [ParNew: 11890589K->139885K(13212096K), 0.6833959 secs] 74551879K->62802148K(187275712K), 0.6838143 secs] [Times: user=4.40 sys=1.00, real=0.69 secs] 
2018-04-14T23:26:59.854+0800: 165778.850: [GC (Allocation Failure) 2018-04-14T23:26:59.854+0800: 165778.850: [ParNew: 11884013K->136783K(13212096K), 1.0303158 secs] 74546276K->62802353K(187275712K), 1.0307398 secs] [Times: user=5.20 sys=2.93, real=1.03 secs] 
2018-04-14T23:29:00.016+0800: 165899.012: [GC (Allocation Failure) 2018-04-14T23:29:00.016+0800: 165899.012: [ParNew: 11880911K->122905K(13212096K), 0.8182113 secs] 74546481K->62790659K(187275712K), 0.8186526 secs] [Times: user=4.68 sys=1.78, real=0.82 secs] 
2018-04-14T23:31:50.402+0800: 166069.398: [GC (Allocation Failure) 2018-04-14T23:31:50.402+0800: 166069.398: [ParNew: 11867033K->112473K(13212096K), 0.8925446 secs] 74534787K->62791433K(187275712K), 0.8933000 secs] [Times: user=6.01 sys=1.07, real=0.89 secs] 
2018-04-14T23:32:50.901+0800: 166129.897: [GC (Allocation Failure) 2018-04-14T23:32:50.901+0800: 166129.897: [ParNew: 11856601K->102503K(13212096K), 0.7250538 secs] 74535561K->62792974K(187275712K), 0.7254776 secs] [Times: user=3.92 sys=1.82, real=0.73 secs] 
2018-04-14T23:33:10.020+0800: 166149.016: [GC (Allocation Failure) 2018-04-14T23:33:10.020+0800: 166149.016: [ParNew: 11846631K->83409K(13212096K), 0.4526605 secs] 74537102K->62781058K(187275712K), 0.4530683 secs] [Times: user=3.23 sys=0.36, real=0.46 secs] 
2018-04-14T23:33:19.346+0800: 166158.342: [GC (Allocation Failure) 2018-04-14T23:33:19.346+0800: 166158.342: [ParNew: 11827537K->92829K(13212096K), 0.4703562 secs] 74525186K->62794882K(187275712K), 0.4707662 secs] [Times: user=3.48 sys=0.25, real=0.47 secs] 
2018-04-14T23:33:36.304+0800: 166175.300: [GC (Allocation Failure) 2018-04-14T23:33:36.304+0800: 166175.300: [ParNew: 11836957K->100380K(13212096K), 0.5988405 secs] 74539010K->62806309K(187275712K), 0.5992655 secs] [Times: user=3.76 sys=0.97, real=0.60 secs] 
2018-04-14T23:34:16.027+0800: 166215.023: [GC (Allocation Failure) 2018-04-14T23:34:16.027+0800: 166215.023: [ParNew: 11844508K->135811K(13212096K), 0.6073308 secs] 74550437K->62849375K(187275712K), 0.6077704 secs] [Times: user=3.94 sys=0.85, real=0.61 secs] 
2018-04-14T23:34:41.407+0800: 166240.403: [GC (Allocation Failure) 2018-04-14T23:34:41.408+0800: 166240.404: [ParNew: 11879939K->120943K(13212096K), 0.5445567 secs] 74593503K->62845344K(187275712K), 0.5449855 secs] [Times: user=3.95 sys=0.36, real=0.55 secs] 
2018-04-14T23:35:19.223+0800: 166278.219: [GC (Allocation Failure) 2018-04-14T23:35:19.223+0800: 166278.219: [ParNew: 11865071K->89549K(13212096K), 0.6625416 secs] 74589472K->62831916K(187275712K), 0.6629667 secs] [Times: user=3.22 sys=1.99, real=0.66 secs] 
2018-04-14T23:35:41.279+0800: 166300.275: [GC (Allocation Failure) 2018-04-14T23:35:41.279+0800: 166300.275: [ParNew: 11833677K->84467K(13212096K), 0.5273895 secs] 74576044K->62828011K(187275712K), 0.5277977 secs] [Times: user=3.68 sys=0.52, real=0.53 secs] 
2018-04-14T23:36:00.512+0800: 166319.508: [GC (Allocation Failure) 2018-04-14T23:36:00.512+0800: 166319.508: [ParNew: 11828595K->94205K(13212096K), 0.6352046 secs] 74572139K->62838315K(187275712K), 0.6356146 secs] [Times: user=3.46 sys=1.56, real=0.63 secs] 
2018-04-14T23:36:34.359+0800: 166353.355: [GC (Allocation Failure) 2018-04-14T23:36:34.360+0800: 166353.356: [ParNew: 11838333K->89950K(13212096K), 0.6777996 secs] 74582443K->62836803K(187275712K), 0.6782213 secs] [Times: user=4.17 sys=1.22, real=0.68 secs] 
2018-04-14T23:37:00.707+0800: 166379.703: [GC (Allocation Failure) 2018-04-14T23:37:00.707+0800: 166379.703: [ParNew: 11834078K->89436K(13212096K), 0.5207201 secs] 74580931K->62842983K(187275712K), 0.5211450 secs] [Times: user=3.69 sys=0.45, real=0.52 secs] 
2018-04-14T23:37:30.753+0800: 166409.749: [GC (Allocation Failure) 2018-04-14T23:37:30.753+0800: 166409.749: [ParNew: 11833564K->80572K(13212096K), 0.6505419 secs] 74587111K->62835201K(187275712K), 0.6509711 secs] [Times: user=3.74 sys=1.42, real=0.65 secs] 
2018-04-14T23:38:24.319+0800: 166463.315: [GC (Allocation Failure) 2018-04-14T23:38:24.319+0800: 166463.315: [ParNew: 11824700K->57853K(13212096K), 0.7074725 secs] 74579329K->62814294K(187275712K), 0.7078934 secs] [Times: user=4.47 sys=1.16, real=0.71 secs] 
2018-04-14T23:38:36.337+0800: 166475.334: [GC (Allocation Failure) 2018-04-14T23:38:36.338+0800: 166475.334: [ParNew: 11801981K->80665K(13212096K), 0.6161430 secs] 74558422K->62838801K(187275712K), 0.6165515 secs] [Times: user=3.16 sys=1.72, real=0.62 secs] 
2018-04-14T23:38:46.958+0800: 166485.954: [GC (Allocation Failure) 2018-04-14T23:38:46.958+0800: 166485.954: [ParNew: 11824793K->83113K(13212096K), 0.4491757 secs] 74582929K->62842186K(187275712K), 0.4495816 secs] [Times: user=3.56 sys=0.01, real=0.45 secs] 
2018-04-14T23:38:56.740+0800: 166495.736: [GC (Allocation Failure) 2018-04-14T23:38:56.740+0800: 166495.736: [ParNew: 11827241K->112820K(13212096K), 0.5080129 secs] 74586314K->62873357K(187275712K), 0.5084197 secs] [Times: user=3.83 sys=0.21, real=0.51 secs] 
2018-04-14T23:39:05.173+0800: 166504.169: [GC (Allocation Failure) 2018-04-14T23:39:05.173+0800: 166504.170: [ParNew: 11856948K->128720K(13212096K), 0.4972180 secs] 74617485K->62891422K(187275712K), 0.4976133 secs] [Times: user=3.80 sys=0.15, real=0.49 secs] 
2018-04-14T23:39:15.969+0800: 166514.965: [GC (Allocation Failure) 2018-04-14T23:39:15.970+0800: 166514.966: [ParNew: 11872848K->114429K(13212096K), 0.4936495 secs] 74635550K->62879896K(187275712K), 0.4940480 secs] [Times: user=3.79 sys=0.14, real=0.50 secs] 
2018-04-14T23:39:38.512+0800: 166537.508: [GC (Allocation Failure) 2018-04-14T23:39:38.512+0800: 166537.508: [ParNew: 11858557K->147082K(13212096K), 0.6263626 secs] 74624024K->62920084K(187275712K), 0.6267779 secs] [Times: user=3.67 sys=1.29, real=0.62 secs] 
2018-04-14T23:39:54.838+0800: 166553.834: [GC (Allocation Failure) 2018-04-14T23:39:54.838+0800: 166553.834: [ParNew: 11891210K->157144K(13212096K), 0.5207345 secs] 74664212K->62933887K(187275712K), 0.5211397 secs] [Times: user=3.78 sys=0.35, real=0.52 secs] 
2018-04-14T23:40:14.605+0800: 166573.601: [GC (Allocation Failure) 2018-04-14T23:40:14.605+0800: 166573.601: [ParNew: 11901272K->170225K(13212096K), 0.5631840 secs] 74678015K->62950621K(187275712K), 0.5635806 secs] [Times: user=3.93 sys=0.55, real=0.56 secs] 
2018-04-14T23:40:27.167+0800: 166586.163: [GC (Allocation Failure) 2018-04-14T23:40:27.168+0800: 166586.164: [ParNew: 11914353K->146924K(13212096K), 0.6045682 secs] 74694749K->62931787K(187275712K), 0.6049785 secs] [Times: user=3.75 sys=1.04, real=0.61 secs] 
2018-04-14T23:40:39.904+0800: 166598.900: [GC (Allocation Failure) 2018-04-14T23:40:39.904+0800: 166598.900: [ParNew: 11891052K->126217K(13212096K), 0.5635267 secs] 74675915K->62913960K(187275712K), 0.5639312 secs] [Times: user=4.15 sys=0.32, real=0.56 secs] 
2018-04-14T23:40:54.412+0800: 166613.408: [GC (Allocation Failure) 2018-04-14T23:40:54.412+0800: 166613.408: [ParNew: 11870345K->131060K(13212096K), 0.5325635 secs] 74658088K->62923435K(187275712K), 0.5329666 secs] [Times: user=3.81 sys=0.43, real=0.53 secs] 
2018-04-14T23:41:13.480+0800: 166632.476: [GC (Allocation Failure) 2018-04-14T23:41:13.480+0800: 166632.476: [ParNew: 11875188K->123382K(13212096K), 0.5415655 secs] 74667563K->62918350K(187275712K), 0.5419693 secs] [Times: user=4.01 sys=0.28, real=0.55 secs] 
2018-04-14T23:41:25.596+0800: 166644.592: [GC (Allocation Failure) 2018-04-14T23:41:25.597+0800: 166644.593: [ParNew: 11867510K->122460K(13212096K), 0.6089195 secs] 74662478K->62927638K(187275712K), 0.6093285 secs] [Times: user=3.27 sys=1.54, real=0.61 secs] 
2018-04-14T23:41:39.989+0800: 166658.985: [GC (Allocation Failure) 2018-04-14T23:41:39.989+0800: 166658.985: [ParNew: 11866588K->143743K(13212096K), 0.5707308 secs] 74671766K->62955982K(187275712K), 0.5711335 secs] [Times: user=4.00 sys=0.53, real=0.57 secs] 
2018-04-14T23:41:55.807+0800: 166674.803: [GC (Allocation Failure) 2018-04-14T23:41:55.807+0800: 166674.803: [ParNew: 11887871K->140762K(13212096K), 0.4902041 secs] 74700110K->62959302K(187275712K), 0.4905972 secs] [Times: user=3.67 sys=0.20, real=0.49 secs] 
2018-04-14T23:42:07.524+0800: 166686.520: [GC (Allocation Failure) 2018-04-14T23:42:07.524+0800: 166686.520: [ParNew: 11884890K->100980K(13212096K), 0.6307006 secs] 74703430K->62923754K(187275712K), 0.6311110 secs] [Times: user=3.47 sys=1.50, real=0.63 secs] 
2018-04-14T23:42:15.545+0800: 166694.541: [GC (Allocation Failure) 2018-04-14T23:42:15.545+0800: 166694.541: [ParNew: 11845108K->113429K(13212096K), 0.5198940 secs] 74667882K->62938633K(187275712K), 0.5202889 secs] [Times: user=4.09 sys=0.03, real=0.52 secs] 
2018-04-14T23:42:24.952+0800: 166703.948: [GC (Allocation Failure) 2018-04-14T23:42:24.953+0800: 166703.949: [ParNew: 11857557K->139504K(13212096K), 0.5223957 secs] 74682761K->62969593K(187275712K), 0.5227929 secs] [Times: user=3.89 sys=0.24, real=0.52 secs] 
2018-04-14T23:42:35.511+0800: 166714.507: [GC (Allocation Failure) 2018-04-14T23:42:35.511+0800: 166714.507: [ParNew: 11883632K->107912K(13212096K), 0.4885133 secs] 74713721K->62941029K(187275712K), 0.4889025 secs] [Times: user=3.65 sys=0.24, real=0.48 secs] 
2018-04-14T23:42:44.708+0800: 166723.704: [GC (Allocation Failure) 2018-04-14T23:42:44.708+0800: 166723.704: [ParNew: 11852040K->121437K(13212096K), 0.5090516 secs] 74685157K->62958018K(187275712K), 0.5094792 secs] [Times: user=3.97 sys=0.07, real=0.51 secs] 
2018-04-14T23:42:54.779+0800: 166733.775: [GC (Allocation Failure) 2018-04-14T23:42:54.779+0800: 166733.775: [ParNew: 11865565K->110212K(13212096K), 0.5943930 secs] 74702146K->62954916K(187275712K), 0.5948017 secs] [Times: user=3.62 sys=1.09, real=0.60 secs] 
2018-04-14T23:43:06.728+0800: 166745.724: [GC (Allocation Failure) 2018-04-14T23:43:06.728+0800: 166745.724: [ParNew: 11854340K->77201K(13212096K), 0.5591464 secs] 74699044K->62925807K(187275712K), 0.5595469 secs] [Times: user=4.10 sys=0.34, real=0.56 secs] 
2018-04-14T23:43:18.097+0800: 166757.093: [GC (Allocation Failure) 2018-04-14T23:43:18.098+0800: 166757.094: [ParNew: 11821329K->83552K(13212096K), 0.5049397 secs] 74669935K->62934619K(187275712K), 0.5053376 secs] [Times: user=3.75 sys=0.27, real=0.51 secs] 
2018-04-14T23:43:27.037+0800: 166766.033: [GC (Allocation Failure) 2018-04-14T23:43:27.037+0800: 166766.033: [ParNew: 11827680K->77620K(13212096K), 0.5242356 secs] 74678747K->62932981K(187275712K), 0.5246506 secs] [Times: user=3.93 sys=0.25, real=0.53 secs] 
2018-04-14T23:43:36.260+0800: 166775.256: [GC (Allocation Failure) 2018-04-14T23:43:36.261+0800: 166775.257: [ParNew: 11821748K->87645K(13212096K), 0.4910584 secs] 74677109K->62945912K(187275712K), 0.4914537 secs] [Times: user=3.67 sys=0.24, real=0.50 secs] 
2018-04-14T23:43:45.553+0800: 166784.549: [GC (Allocation Failure) 2018-04-14T23:43:45.553+0800: 166784.549: [ParNew: 11831773K->83426K(13212096K), 0.6199202 secs] 74690040K->62944284K(187275712K), 0.6203326 secs] [Times: user=3.54 sys=1.36, real=0.62 secs] 
2018-04-14T23:43:54.774+0800: 166793.770: [GC (Allocation Failure) 2018-04-14T23:43:54.774+0800: 166793.770: [ParNew: 11827554K->82601K(13212096K), 0.4624572 secs] 74688412K->62946310K(187275712K), 0.4628545 secs] [Times: user=3.42 sys=0.26, real=0.46 secs] 
2018-04-14T23:44:15.084+0800: 166814.080: [GC (Allocation Failure) 2018-04-14T23:44:15.084+0800: 166814.080: [ParNew: 11826729K->112146K(13212096K), 0.5874772 secs] 74690438K->62979521K(187275712K), 0.5878683 secs] [Times: user=4.01 sys=0.67, real=0.59 secs] 
2018-04-14T23:44:51.066+0800: 166850.062: [GC (Allocation Failure) 2018-04-14T23:44:51.067+0800: 166850.063: [ParNew: 11856274K->93852K(13212096K), 0.6281624 secs] 74723649K->62963053K(187275712K), 0.6285696 secs] [Times: user=3.32 sys=1.66, real=0.63 secs] 
2018-04-14T23:45:26.878+0800: 166885.874: [GC (Allocation Failure) 2018-04-14T23:45:26.878+0800: 166885.874: [ParNew: 11837980K->53778K(13212096K), 0.5178579 secs] 74707181K->62924236K(187275712K), 0.5182687 secs] [Times: user=3.50 sys=0.62, real=0.52 secs] 
2018-04-14T23:46:29.305+0800: 166948.301: [GC (Allocation Failure) 2018-04-14T23:46:29.306+0800: 166948.302: [ParNew: 11797906K->116672K(13212096K), 0.7580551 secs] 74668364K->62988394K(187275712K), 0.7584871 secs] [Times: user=4.29 sys=1.63, real=0.76 secs] 
2018-04-14T23:47:36.095+0800: 167015.091: [GC (Allocation Failure) 2018-04-14T23:47:36.095+0800: 167015.091: [ParNew: 11860800K->139952K(13212096K), 0.7461286 secs] 74732522K->63012867K(187275712K), 0.7465614 secs] [Times: user=4.54 sys=1.37, real=0.75 secs] 
2018-04-14T23:49:43.292+0800: 167142.288: [GC (Allocation Failure) 2018-04-14T23:49:43.292+0800: 167142.288: [ParNew: 11884080K->115588K(13212096K), 1.1651252 secs] 74756995K->62990211K(187275712K), 1.1655592 secs] [Times: user=6.54 sys=2.69, real=1.16 secs] 
2018-04-14T23:50:42.269+0800: 167201.265: [GC (Allocation Failure) 2018-04-14T23:50:42.269+0800: 167201.265: [ParNew: 11859716K->129632K(13212096K), 0.7544954 secs] 74734339K->63007505K(187275712K), 0.7549266 secs] [Times: user=3.99 sys=1.99, real=0.76 secs] 
2018-04-14T23:50:51.640+0800: 167210.636: [GC (Allocation Failure) 2018-04-14T23:50:51.640+0800: 167210.636: [ParNew: 11873760K->137408K(13212096K), 0.4588525 secs] 74751633K->63018003K(187275712K), 0.4592646 secs] [Times: user=3.55 sys=0.10, real=0.46 secs] 
2018-04-14T23:51:05.683+0800: 167224.679: [GC (Allocation Failure) 2018-04-14T23:51:05.684+0800: 167224.680: [ParNew: 11881536K->114391K(13212096K), 0.5384423 secs] 74762131K->62998786K(187275712K), 0.5388627 secs] [Times: user=3.71 sys=0.57, real=0.54 secs] 
2018-04-14T23:51:42.376+0800: 167261.372: [GC (Allocation Failure) 2018-04-14T23:51:42.376+0800: 167261.372: [ParNew: 11858519K->97716K(13212096K), 0.5864875 secs] 74742914K->62997969K(187275712K), 0.5869213 secs] [Times: user=4.23 sys=0.42, real=0.59 secs] 
2018-04-14T23:52:04.081+0800: 167283.077: [GC (Allocation Failure) 2018-04-14T23:52:04.081+0800: 167283.077: [ParNew: 11841844K->76768K(13212096K), 0.6399402 secs] 74742097K->62997561K(187275712K), 0.6403660 secs] [Times: user=3.60 sys=1.44, real=0.64 secs] 
2018-04-14T23:53:18.307+0800: 167357.303: [GC (Allocation Failure) 2018-04-14T23:53:18.307+0800: 167357.303: [ParNew: 11820896K->50050K(13212096K), 0.8845554 secs] 74741689K->62979779K(187275712K), 0.8849782 secs] [Times: user=4.88 sys=2.10, real=0.89 secs] 
2018-04-14T23:53:36.996+0800: 167375.992: [GC (Allocation Failure) 2018-04-14T23:53:36.997+0800: 167375.993: [ParNew: 11794178K->63023K(13212096K), 0.4807136 secs] 74723907K->62997622K(187275712K), 0.4811290 secs] [Times: user=3.57 sys=0.25, real=0.48 secs] 
2018-04-14T23:53:47.622+0800: 167386.619: [GC (Allocation Failure) 2018-04-14T23:53:47.623+0800: 167386.619: [ParNew: 11807151K->57608K(13212096K), 0.4672337 secs] 74741750K->62992946K(187275712K), 0.4676438 secs] [Times: user=3.53 sys=0.19, real=0.46 secs] 
2018-04-14T23:54:00.069+0800: 167399.065: [GC (Allocation Failure) 2018-04-14T23:54:00.069+0800: 167399.065: [ParNew: 11801736K->62997K(13212096K), 0.4787573 secs] 74737074K->62999024K(187275712K), 0.4791626 secs] [Times: user=3.62 sys=0.19, real=0.48 secs] 
2018-04-14T23:54:08.820+0800: 167407.816: [GC (Allocation Failure) 2018-04-14T23:54:08.820+0800: 167407.816: [ParNew: 11807125K->66717K(13212096K), 0.4935529 secs] 74743152K->63004717K(187275712K), 0.4939563 secs] [Times: user=3.82 sys=0.10, real=0.50 secs] 
2018-04-14T23:54:14.821+0800: 167413.817: [GC (Allocation Failure) 2018-04-14T23:54:14.821+0800: 167413.817: [ParNew: 11810845K->65574K(13212096K), 0.4401655 secs] 74748845K->63005063K(187275712K), 0.4405709 secs] [Times: user=3.39 sys=0.11, real=0.45 secs] 
2018-04-14T23:54:21.159+0800: 167420.155: [GC (Allocation Failure) 2018-04-14T23:54:21.159+0800: 167420.155: [ParNew: 11809702K->60075K(13212096K), 0.5898450 secs] 74749191K->63009807K(187275712K), 0.5902656 secs] [Times: user=3.74 sys=0.92, real=0.59 secs] 
2018-04-14T23:54:28.305+0800: 167427.301: [GC (Allocation Failure) 2018-04-14T23:54:28.305+0800: 167427.301: [ParNew: 11804203K->40149K(13212096K), 0.4352016 secs] 74753935K->62995590K(187275712K), 0.4356093 secs] [Times: user=3.31 sys=0.15, real=0.43 secs] 
2018-04-14T23:54:40.330+0800: 167439.326: [GC (Allocation Failure) 2018-04-14T23:54:40.330+0800: 167439.326: [ParNew: 11784277K->39813K(13212096K), 0.4622196 secs] 74739718K->62998396K(187275712K), 0.4626282 secs] [Times: user=3.22 sys=0.46, real=0.47 secs] 
2018-04-14T23:55:24.150+0800: 167483.146: [GC (Allocation Failure) 2018-04-14T23:55:24.150+0800: 167483.146: [ParNew: 11783941K->62664K(13212096K), 0.7143908 secs] 74742524K->63022013K(187275712K), 0.7148147 secs] [Times: user=4.31 sys=1.35, real=0.72 secs] 
2018-04-14T23:55:39.213+0800: 167498.209: [GC (Allocation Failure) 2018-04-14T23:55:39.214+0800: 167498.210: [ParNew: 11806792K->92359K(13212096K), 0.5144953 secs] 74766141K->63052400K(187275712K), 0.5149185 secs] [Times: user=4.04 sys=0.06, real=0.51 secs] 
2018-04-14T23:55:45.431+0800: 167504.427: [GC (Allocation Failure) 2018-04-14T23:55:45.431+0800: 167504.427: [ParNew: 11836487K->75053K(13212096K), 0.4538650 secs] 74796528K->63035537K(187275712K), 0.4542526 secs] [Times: user=3.40 sys=0.22, real=0.46 secs] 
2018-04-14T23:55:58.724+0800: 167517.720: [GC (Allocation Failure) 2018-04-14T23:55:58.724+0800: 167517.720: [ParNew: 11819181K->36853K(13212096K), 0.4975146 secs] 74779665K->62997764K(187275712K), 0.4979275 secs] [Times: user=3.48 sys=0.48, real=0.50 secs] 
2018-04-14T23:56:17.994+0800: 167536.990: [GC (Allocation Failure) 2018-04-14T23:56:17.994+0800: 167536.990: [ParNew: 11780981K->50395K(13212096K), 0.5405804 secs] 74741892K->63012002K(187275712K), 0.5409879 secs] [Times: user=3.90 sys=0.39, real=0.54 secs] 
2018-04-14T23:56:45.511+0800: 167564.507: [GC (Allocation Failure) 2018-04-14T23:56:45.511+0800: 167564.507: [ParNew: 11794523K->87240K(13212096K), 0.6894110 secs] 74756130K->63049422K(187275712K), 0.6897798 secs] [Times: user=4.05 sys=1.42, real=0.69 secs] 
2018-04-14T23:57:00.782+0800: 167579.778: [GC (Allocation Failure) 2018-04-14T23:57:00.782+0800: 167579.778: [ParNew: 11831368K->123022K(13212096K), 0.5327866 secs] 74793550K->63094779K(187275712K), 0.5331471 secs] [Times: user=3.85 sys=0.39, real=0.53 secs] 
2018-04-14T23:57:12.449+0800: 167591.445: [GC (Allocation Failure) 2018-04-14T23:57:12.449+0800: 167591.445: [ParNew: 11867150K->136266K(13212096K), 0.5037374 secs] 74838907K->63109643K(187275712K), 0.5040885 secs] [Times: user=3.82 sys=0.20, real=0.51 secs] 
2018-04-14T23:57:24.008+0800: 167603.004: [GC (Allocation Failure) 2018-04-14T23:57:24.008+0800: 167603.004: [ParNew: 11880394K->143402K(13212096K), 0.6488005 secs] 74853771K->63116950K(187275712K), 0.6492233 secs] [Times: user=3.63 sys=1.50, real=0.65 secs] 
2018-04-14T23:57:40.541+0800: 167619.537: [GC (Allocation Failure) 2018-04-14T23:57:40.541+0800: 167619.537: [ParNew: 11887530K->103247K(13212096K), 0.6204095 secs] 74861078K->63077335K(187275712K), 0.6208219 secs] [Times: user=4.47 sys=0.46, real=0.63 secs] 
2018-04-14T23:57:59.386+0800: 167638.382: [GC (Allocation Failure) 2018-04-14T23:57:59.386+0800: 167638.382: [ParNew: 11847375K->107825K(13212096K), 0.5821568 secs] 74821463K->63086208K(187275712K), 0.5825619 secs] [Times: user=4.18 sys=0.44, real=0.58 secs] 
2018-04-14T23:58:19.261+0800: 167658.257: [GC (Allocation Failure) 2018-04-14T23:58:19.261+0800: 167658.257: [ParNew: 11851953K->127729K(13212096K), 0.6473861 secs] 74830336K->63112072K(187275712K), 0.6478097 secs] [Times: user=3.55 sys=1.56, real=0.65 secs] 
2018-04-14T23:58:38.757+0800: 167677.753: [GC (Allocation Failure) 2018-04-14T23:58:38.758+0800: 167677.754: [ParNew: 11871857K->153516K(13212096K), 0.6035576 secs] 74856200K->63138892K(187275712K), 0.6040558 secs] [Times: user=4.60 sys=0.19, real=0.61 secs] 
2018-04-14T23:58:46.323+0800: 167685.319: [GC (Allocation Failure) 2018-04-14T23:58:46.323+0800: 167685.319: [ParNew: 11897644K->189168K(13212096K), 0.5069793 secs] 74883020K->63179050K(187275712K), 0.5073881 secs] [Times: user=3.87 sys=0.15, real=0.50 secs] 
2018-04-14T23:58:53.621+0800: 167692.617: [GC (Allocation Failure) 2018-04-14T23:58:53.622+0800: 167692.618: [ParNew: 11933296K->187466K(13212096K), 0.5091823 secs] 74923178K->63178287K(187275712K), 0.5095928 secs] [Times: user=3.91 sys=0.13, real=0.50 secs] 
2018-04-14T23:59:02.274+0800: 167701.270: [GC (Allocation Failure) 2018-04-14T23:59:02.275+0800: 167701.271: [ParNew: 11931594K->184855K(13212096K), 0.5773468 secs] 74922415K->63176952K(187275712K), 0.5777483 secs] [Times: user=4.27 sys=0.31, real=0.58 secs] 
2018-04-14T23:59:12.756+0800: 167711.752: [GC (Allocation Failure) 2018-04-14T23:59:12.757+0800: 167711.753: [ParNew: 11928983K->189924K(13212096K), 0.6523687 secs] 74921080K->63184940K(187275712K), 0.6528006 secs] [Times: user=3.52 sys=1.61, real=0.65 secs] 
2018-04-14T23:59:28.556+0800: 167727.552: [GC (Allocation Failure) 2018-04-14T23:59:28.556+0800: 167727.552: [ParNew: 11934052K->179093K(13212096K), 0.5292121 secs] 74929068K->63180616K(187275712K), 0.5296297 secs] [Times: user=3.94 sys=0.25, real=0.53 secs] 
2018-04-15T00:00:44.728+0800: 167803.724: [GC (Allocation Failure) 2018-04-15T00:00:44.728+0800: 167803.724: [ParNew: 11923221K->115307K(13212096K), 0.7616314 secs] 74924744K->63123790K(187275712K), 0.7620602 secs] [Times: user=4.50 sys=1.52, real=0.76 secs] 
2018-04-15T00:02:45.048+0800: 167924.044: [GC (Allocation Failure) 2018-04-15T00:02:45.048+0800: 167924.044: [ParNew: 11859435K->114765K(13212096K), 0.8249267 secs] 74867918K->63126203K(187275712K), 0.8253771 secs] [Times: user=5.11 sys=1.39, real=0.83 secs] 
2018-04-15T00:03:51.886+0800: 167990.882: [GC (Allocation Failure) 2018-04-15T00:03:51.886+0800: 167990.882: [ParNew: 11858893K->170220K(13212096K), 0.6844388 secs] 74870331K->63186552K(187275712K), 0.6848889 secs] [Times: user=4.01 sys=1.39, real=0.68 secs] 
2018-04-15T00:04:44.464+0800: 168043.460: [GC (Allocation Failure) 2018-04-15T00:04:44.464+0800: 168043.460: [ParNew: 11914348K->146189K(13212096K), 0.6531360 secs] 74930680K->63167580K(187275712K), 0.6535680 secs] [Times: user=4.45 sys=0.70, real=0.65 secs] 
2018-04-15T00:05:01.646+0800: 168060.642: [GC (Allocation Failure) 2018-04-15T00:05:01.646+0800: 168060.642: [ParNew: 11890317K->119176K(13212096K), 0.5265363 secs] 74911708K->63145211K(187275712K), 0.5269684 secs] [Times: user=4.01 sys=0.17, real=0.53 secs] 
2018-04-15T00:05:13.060+0800: 168072.056: [GC (Allocation Failure) 2018-04-15T00:05:13.061+0800: 168072.057: [ParNew: 11863304K->144326K(13212096K), 0.6428401 secs] 74889339K->63183852K(187275712K), 0.6432776 secs] [Times: user=3.37 sys=1.69, real=0.65 secs] 
2018-04-15T00:05:22.182+0800: 168081.178: [GC (Allocation Failure) 2018-04-15T00:05:22.182+0800: 168081.178: [ParNew: 11888454K->133747K(13212096K), 0.5373044 secs] 74927980K->63186940K(187275712K), 0.5376654 secs] [Times: user=4.00 sys=0.26, real=0.53 secs] 
2018-04-15T00:05:34.716+0800: 168093.712: [GC (Allocation Failure) 2018-04-15T00:05:34.716+0800: 168093.712: [ParNew: 11877875K->132627K(13212096K), 0.5229924 secs] 74931068K->63205114K(187275712K), 0.5234125 secs] [Times: user=3.89 sys=0.24, real=0.52 secs] 
2018-04-15T00:05:59.363+0800: 168118.359: [GC (Allocation Failure) 2018-04-15T00:05:59.364+0800: 168118.360: [ParNew: 11876755K->74725K(13212096K), 0.6240947 secs] 74949242K->63153067K(187275712K), 0.6245148 secs] [Times: user=4.13 sys=0.83, real=0.62 secs] 
2018-04-15T00:06:28.913+0800: 168147.909: [GC (Allocation Failure) 2018-04-15T00:06:28.913+0800: 168147.909: [ParNew: 11818853K->62376K(13212096K), 0.6567178 secs] 74897195K->63146684K(187275712K), 0.6571366 secs] [Times: user=4.13 sys=1.09, real=0.65 secs] 
2018-04-15T00:06:57.285+0800: 168176.281: [GC (Allocation Failure) 2018-04-15T00:06:57.285+0800: 168176.281: [ParNew: 11806504K->54504K(13212096K), 0.5618865 secs] 74890812K->63140600K(187275712K), 0.5622979 secs] [Times: user=3.84 sys=0.63, real=0.56 secs] 
2018-04-15T00:07:03.848+0800: 168182.844: [GC (Allocation Failure) 2018-04-15T00:07:03.848+0800: 168182.844: [ParNew: 11798632K->52902K(13212096K), 0.4550897 secs] 74884728K->63141754K(187275712K), 0.4555250 secs] [Times: user=3.45 sys=0.16, real=0.46 secs] 
2018-04-15T00:07:09.538+0800: 168188.534: [GC (Allocation Failure) 2018-04-15T00:07:09.538+0800: 168188.534: [ParNew: 11797030K->48903K(13212096K), 0.6290683 secs] 74885882K->63142093K(187275712K), 0.6294822 secs] [Times: user=3.30 sys=1.68, real=0.63 secs] 
2018-04-15T00:07:15.883+0800: 168194.879: [GC (Allocation Failure) 2018-04-15T00:07:15.883+0800: 168194.879: [ParNew: 11793031K->50422K(13212096K), 0.4351319 secs] 74886221K->63148878K(187275712K), 0.4355387 secs] [Times: user=3.39 sys=0.06, real=0.43 secs] 
2018-04-15T00:07:23.217+0800: 168202.213: [GC (Allocation Failure) 2018-04-15T00:07:23.217+0800: 168202.213: [ParNew: 11794550K->43663K(13212096K), 0.4927741 secs] 74893006K->63145099K(187275712K), 0.4931743 secs] [Times: user=3.50 sys=0.42, real=0.49 secs] 
2018-04-15T00:07:38.775+0800: 168217.771: [GC (Allocation Failure) 2018-04-15T00:07:38.775+0800: 168217.771: [ParNew: 11787791K->40809K(13212096K), 0.4746045 secs] 74889227K->63143598K(187275712K), 0.4750095 secs] [Times: user=3.46 sys=0.31, real=0.47 secs] 
2018-04-15T00:07:59.650+0800: 168238.646: [GC (Allocation Failure) 2018-04-15T00:07:59.650+0800: 168238.646: [ParNew: 11784937K->43874K(13212096K), 0.6812879 secs] 74887726K->63149528K(187275712K), 0.6817077 secs] [Times: user=3.78 sys=1.61, real=0.69 secs] 
2018-04-15T00:08:14.318+0800: 168253.314: [GC (Allocation Failure) 2018-04-15T00:08:14.318+0800: 168253.314: [ParNew: 11788002K->37137K(13212096K), 0.4769174 secs] 74893656K->63143179K(187275712K), 0.4773239 secs] [Times: user=3.69 sys=0.11, real=0.48 secs] 
2018-04-15T00:08:32.496+0800: 168271.492: [GC (Allocation Failure) 2018-04-15T00:08:32.496+0800: 168271.492: [ParNew: 11781265K->46257K(13212096K), 0.5468829 secs] 74887307K->63152505K(187275712K), 0.5472879 secs] [Times: user=3.71 sys=0.65, real=0.55 secs] 
2018-04-15T00:08:46.015+0800: 168285.011: [GC (Allocation Failure) 2018-04-15T00:08:46.016+0800: 168285.012: [ParNew: 11790385K->33367K(13212096K), 0.5297030 secs] 74896633K->63142949K(187275712K), 0.5300992 secs] [Times: user=3.81 sys=0.40, real=0.53 secs] 
2018-04-15T00:09:09.596+0800: 168308.592: [GC (Allocation Failure) 2018-04-15T00:09:09.597+0800: 168308.593: [ParNew: 11777495K->33711K(13212096K), 0.6256111 secs] 74887077K->63143633K(187275712K), 0.6260360 secs] [Times: user=3.64 sys=1.30, real=0.63 secs] 
2018-04-15T00:10:00.331+0800: 168359.327: [GC (Allocation Failure) 2018-04-15T00:10:00.332+0800: 168359.328: [ParNew: 11777839K->35757K(13212096K), 0.6886291 secs] 74887761K->63146600K(187275712K), 0.6890429 secs] [Times: user=4.23 sys=1.24, real=0.68 secs] 
2018-04-15T00:10:31.348+0800: 168390.344: [GC (Allocation Failure) 2018-04-15T00:10:31.348+0800: 168390.344: [ParNew: 11779885K->51007K(13212096K), 0.6567518 secs] 74890728K->63165057K(187275712K), 0.6571845 secs] [Times: user=3.89 sys=1.30, real=0.66 secs] 
2018-04-15T00:11:23.563+0800: 168442.559: [GC (Allocation Failure) 2018-04-15T00:11:23.563+0800: 168442.559: [ParNew: 11795135K->50824K(13212096K), 0.7223813 secs] 74909185K->63165658K(187275712K), 0.7227802 secs] [Times: user=4.67 sys=1.09, real=0.72 secs] 
2018-04-15T00:11:43.094+0800: 168462.090: [GC (Allocation Failure) 2018-04-15T00:11:43.094+0800: 168462.090: [ParNew: 11794952K->65916K(13212096K), 0.5621988 secs] 74909786K->63181724K(187275712K), 0.5626745 secs] [Times: user=4.20 sys=0.28, real=0.56 secs] 
2018-04-15T00:12:17.878+0800: 168496.874: [GC (Allocation Failure) 2018-04-15T00:12:17.878+0800: 168496.874: [ParNew: 11810044K->86649K(13212096K), 0.7947065 secs] 74925852K->63203253K(187275712K), 0.7951229 secs] [Times: user=4.32 sys=1.98, real=0.80 secs] 
2018-04-15T00:12:49.578+0800: 168528.574: [GC (Allocation Failure) 2018-04-15T00:12:49.578+0800: 168528.574: [ParNew: 11830777K->94236K(13212096K), 0.5598547 secs] 74947381K->63211671K(187275712K), 0.5602678 secs] [Times: user=3.96 sys=0.50, real=0.56 secs] 
2018-04-15T00:13:15.299+0800: 168554.295: [GC (Allocation Failure) 2018-04-15T00:13:15.299+0800: 168554.295: [ParNew: 11838364K->94535K(13212096K), 0.6031693 secs] 74955799K->63216101K(187275712K), 0.6035980 secs] [Times: user=3.50 sys=1.27, real=0.61 secs] 
2018-04-15T00:13:32.591+0800: 168571.588: [GC (Allocation Failure) 2018-04-15T00:13:32.592+0800: 168571.588: [ParNew: 11838663K->105262K(13212096K), 0.6571666 secs] 74960229K->63228784K(187275712K), 0.6575136 secs] [Times: user=4.39 sys=0.85, real=0.65 secs] 
2018-04-15T00:13:46.194+0800: 168585.190: [GC (Allocation Failure) 2018-04-15T00:13:46.194+0800: 168585.190: [ParNew: 11849390K->115150K(13212096K), 0.5152936 secs] 74972912K->63243088K(187275712K), 0.5156514 secs] [Times: user=3.61 sys=0.48, real=0.51 secs] 
2018-04-15T00:14:00.223+0800: 168599.219: [GC (Allocation Failure) 2018-04-15T00:14:00.223+0800: 168599.220: [ParNew: 11859278K->80908K(13212096K), 0.4207681 secs] 74987216K->63214218K(187275712K), 0.4211229 secs] [Times: user=3.22 sys=0.13, real=0.42 secs] 
2018-04-15T00:14:15.696+0800: 168614.692: [GC (Allocation Failure) 2018-04-15T00:14:15.696+0800: 168614.692: [ParNew: 11825036K->69660K(13212096K), 0.6050895 secs] 74958346K->63207746K(187275712K), 0.6055308 secs] [Times: user=3.64 sys=1.13, real=0.61 secs] 
2018-04-15T00:14:39.214+0800: 168638.210: [GC (Allocation Failure) 2018-04-15T00:14:39.214+0800: 168638.210: [ParNew: 11813788K->69907K(13212096K), 0.5617385 secs] 74951874K->63210496K(187275712K), 0.5621617 secs] [Times: user=3.94 sys=0.52, real=0.56 secs] 
2018-04-15T00:14:54.178+0800: 168653.174: [GC (Allocation Failure) 2018-04-15T00:14:54.178+0800: 168653.174: [ParNew: 11814035K->74374K(13212096K), 0.5083896 secs] 74954624K->63219316K(187275712K), 0.5088169 secs] [Times: user=3.79 sys=0.25, real=0.51 secs] 
2018-04-15T00:15:08.385+0800: 168667.381: [GC (Allocation Failure) 2018-04-15T00:15:08.385+0800: 168667.381: [ParNew: 11818502K->80894K(13212096K), 0.6100005 secs] 74963444K->63230483K(187275712K), 0.6104294 secs] [Times: user=3.18 sys=1.66, real=0.61 secs] 
2018-04-15T00:15:25.898+0800: 168684.894: [GC (Allocation Failure) 2018-04-15T00:15:25.898+0800: 168684.894: [ParNew: 11825022K->79542K(13212096K), 0.5443781 secs] 74974611K->63230509K(187275712K), 0.5447964 secs] [Times: user=3.78 sys=0.55, real=0.55 secs] 
2018-04-15T00:15:53.836+0800: 168712.832: [GC (Allocation Failure) 2018-04-15T00:15:53.836+0800: 168712.832: [ParNew: 11823670K->89597K(13212096K), 0.5972866 secs] 74974637K->63241227K(187275712K), 0.5977035 secs] [Times: user=3.95 sys=0.80, real=0.60 secs] 
2018-04-15T00:16:17.366+0800: 168736.362: [GC (Allocation Failure) 2018-04-15T00:16:17.367+0800: 168736.363: [ParNew: 11833725K->101578K(13212096K), 0.6278710 secs] 74985355K->63255546K(187275712K), 0.6283189 secs] [Times: user=3.54 sys=1.39, real=0.63 secs] 
2018-04-15T00:16:37.102+0800: 168756.098: [GC (Allocation Failure) 2018-04-15T00:16:37.102+0800: 168756.098: [ParNew: 11845706K->124993K(13212096K), 0.5022537 secs] 74999674K->63284075K(187275712K), 0.5026632 secs] [Times: user=3.34 sys=0.63, real=0.50 secs] 
2018-04-15T00:16:51.472+0800: 168770.468: [GC (Allocation Failure) 2018-04-15T00:16:51.473+0800: 168770.469: [ParNew: 11869121K->95241K(13212096K), 0.5233340 secs] 75028203K->63255540K(187275712K), 0.5237568 secs] [Times: user=3.81 sys=0.36, real=0.52 secs] 
2018-04-15T00:17:07.223+0800: 168786.219: [GC (Allocation Failure) 2018-04-15T00:17:07.223+0800: 168786.219: [ParNew: 11839369K->87047K(13212096K), 0.6209007 secs] 74999668K->63249904K(187275712K), 0.6213185 secs] [Times: user=3.77 sys=1.14, real=0.62 secs] 
2018-04-15T00:17:26.717+0800: 168805.713: [GC (Allocation Failure) 2018-04-15T00:17:26.717+0800: 168805.713: [ParNew: 11831175K->101003K(13212096K), 0.5660311 secs] 74994032K->63266808K(187275712K), 0.5664472 secs] [Times: user=4.22 sys=0.28, real=0.57 secs] 
2018-04-15T00:17:40.157+0800: 168819.153: [GC (Allocation Failure) 2018-04-15T00:17:40.158+0800: 168819.154: [ParNew: 11845131K->169760K(13212096K), 0.5744495 secs] 75010936K->63341141K(187275712K), 0.5748613 secs] [Times: user=4.25 sys=0.31, real=0.58 secs] 
2018-04-15T00:17:55.198+0800: 168834.194: [GC (Allocation Failure) 2018-04-15T00:17:55.198+0800: 168834.194: [ParNew: 11913888K->172534K(13212096K), 0.5255427 secs] 75085269K->63350431K(187275712K), 0.5259618 secs] [Times: user=3.93 sys=0.24, real=0.53 secs] 
2018-04-15T00:19:22.075+0800: 168921.071: [GC (Allocation Failure) 2018-04-15T00:19:22.076+0800: 168921.072: [ParNew: 11916662K->139511K(13212096K), 0.8311211 secs] 75094559K->63321553K(187275712K), 0.8315377 secs] [Times: user=4.19 sys=2.37, real=0.83 secs] 
2018-04-15T00:21:09.433+0800: 169028.429: [GC (Allocation Failure) 2018-04-15T00:21:09.433+0800: 169028.429: [ParNew: 11883639K->159445K(13212096K), 1.1418827 secs] 75065681K->63342596K(187275712K), 1.1423073 secs] [Times: user=6.20 sys=2.79, real=1.14 secs] 
2018-04-15T00:22:03.963+0800: 169082.959: [GC (Allocation Failure) 2018-04-15T00:22:03.963+0800: 169082.959: [ParNew: 11903573K->161686K(13212096K), 0.6168323 secs] 75086724K->63349352K(187275712K), 0.6172268 secs] [Times: user=3.92 sys=0.97, real=0.61 secs] 
2018-04-15T00:22:40.742+0800: 169119.738: [GC (Allocation Failure) 2018-04-15T00:22:40.742+0800: 169119.738: [ParNew: 11905814K->171709K(13212096K), 0.6380096 secs] 75093480K->63363025K(187275712K), 0.6384453 secs] [Times: user=3.87 sys=1.17, real=0.63 secs] 
2018-04-15T00:23:02.452+0800: 169141.448: [GC (Allocation Failure) 2018-04-15T00:23:02.452+0800: 169141.448: [ParNew: 11915837K->156776K(13212096K), 0.5867041 secs] 75107153K->63355980K(187275712K), 0.5871215 secs] [Times: user=3.98 sys=0.68, real=0.58 secs] 
2018-04-15T00:23:21.841+0800: 169160.837: [GC (Allocation Failure) 2018-04-15T00:23:21.841+0800: 169160.837: [ParNew: 11900890K->129011K(13212096K), 0.4613654 secs] 75100094K->63338497K(187275712K), 0.4617744 secs] [Times: user=3.31 sys=0.34, real=0.47 secs] 
2018-04-15T00:23:39.246+0800: 169178.242: [GC (Allocation Failure) 2018-04-15T00:23:39.246+0800: 169178.242: [ParNew: 11873139K->88807K(13212096K), 0.6320879 secs] 75082625K->63317130K(187275712K), 0.6325045 secs] [Times: user=3.53 sys=1.46, real=0.63 secs] 
2018-04-15T00:24:03.200+0800: 169202.196: [GC (Allocation Failure) 2018-04-15T00:24:03.200+0800: 169202.196: [ParNew: 11832935K->86303K(13212096K), 0.6409528 secs] 75061258K->63326618K(187275712K), 0.6413633 secs] [Times: user=4.43 sys=0.66, real=0.65 secs] 
2018-04-15T00:24:22.801+0800: 169221.797: [GC (Allocation Failure) 2018-04-15T00:24:22.801+0800: 169221.797: [ParNew: 11830431K->120210K(13212096K), 0.5790989 secs] 75070746K->63365765K(187275712K), 0.5794956 secs] [Times: user=4.35 sys=0.25, real=0.57 secs] 
2018-04-15T00:24:37.881+0800: 169236.877: [GC (Allocation Failure) 2018-04-15T00:24:37.881+0800: 169236.877: [ParNew: 11864338K->96229K(13212096K), 0.6312507 secs] 75109893K->63345493K(187275712K), 0.6316682 secs] [Times: user=3.85 sys=1.14, real=0.64 secs] 
2018-04-15T00:24:56.309+0800: 169255.305: [GC (Allocation Failure) 2018-04-15T00:24:56.309+0800: 169255.305: [ParNew: 11840357K->66615K(13212096K), 0.4674413 secs] 75089621K->63317964K(187275712K), 0.4678450 secs] [Times: user=3.52 sys=0.20, real=0.47 secs] 
2018-04-15T00:25:05.343+0800: 169264.339: [GC (Allocation Failure) 2018-04-15T00:25:05.343+0800: 169264.339: [ParNew: 11810743K->63473K(13212096K), 0.4680620 secs] 75062092K->63316855K(187275712K), 0.4684620 secs] [Times: user=3.61 sys=0.11, real=0.47 secs] 
2018-04-15T00:25:19.826+0800: 169278.822: [GC (Allocation Failure) 2018-04-15T00:25:19.827+0800: 169278.823: [ParNew: 11807601K->61430K(13212096K), 0.4498124 secs] 75060983K->63316160K(187275712K), 0.4502058 secs] [Times: user=3.27 sys=0.31, real=0.45 secs] 
2018-04-15T00:25:42.673+0800: 169301.670: [GC (Allocation Failure) 2018-04-15T00:25:42.674+0800: 169301.670: [ParNew: 11805558K->54172K(13212096K), 0.6048568 secs] 75060288K->63318842K(187275712K), 0.6052735 secs] [Times: user=3.35 sys=1.43, real=0.60 secs] 
2018-04-15T00:25:57.437+0800: 169316.433: [GC (Allocation Failure) 2018-04-15T00:25:57.437+0800: 169316.433: [ParNew: 11798300K->61838K(13212096K), 0.5595840 secs] 75062970K->63332077K(187275712K), 0.5599940 secs] [Times: user=3.88 sys=0.56, real=0.56 secs] 
2018-04-15T00:26:09.948+0800: 169328.944: [GC (Allocation Failure) 2018-04-15T00:26:09.948+0800: 169328.944: [ParNew: 11805966K->57571K(13212096K), 0.4696955 secs] 75076205K->63331262K(187275712K), 0.4700894 secs] [Times: user=3.60 sys=0.13, real=0.47 secs] 
2018-04-15T00:26:22.983+0800: 169341.979: [GC (Allocation Failure) 2018-04-15T00:26:22.983+0800: 169341.979: [ParNew: 11801699K->63528K(13212096K), 0.4914511 secs] 75075390K->63339629K(187275712K), 0.4918522 secs] [Times: user=3.76 sys=0.15, real=0.49 secs] 
2018-04-15T00:26:43.856+0800: 169362.852: [GC (Allocation Failure) 2018-04-15T00:26:43.856+0800: 169362.852: [ParNew: 11807656K->49018K(13212096K), 0.6132041 secs] 75083757K->63325452K(187275712K), 0.6136480 secs] [Times: user=3.21 sys=1.63, real=0.61 secs] 
2018-04-15T00:27:44.467+0800: 169423.463: [GC (Allocation Failure) 2018-04-15T00:27:44.467+0800: 169423.463: [ParNew: 11793146K->52987K(13212096K), 0.6503992 secs] 75069580K->63331158K(187275712K), 0.6507854 secs] [Times: user=4.28 sys=0.89, real=0.65 secs] 
2018-04-15T00:28:20.245+0800: 169459.241: [GC (Allocation Failure) 2018-04-15T00:28:20.245+0800: 169459.241: [ParNew: 11797115K->57898K(13212096K), 0.6274026 secs] 75075286K->63337963K(187275712K), 0.6278239 secs] [Times: user=3.64 sys=1.31, real=0.63 secs] 
2018-04-15T00:28:48.661+0800: 169487.657: [GC (Allocation Failure) 2018-04-15T00:28:48.661+0800: 169487.657: [ParNew: 11802026K->48664K(13212096K), 0.5918373 secs] 75082091K->63331154K(187275712K), 0.5922331 secs] [Times: user=4.11 sys=0.59, real=0.60 secs] 
2018-04-15T00:30:01.570+0800: 169560.566: [GC (Allocation Failure) 2018-04-15T00:30:01.570+0800: 169560.566: [ParNew: 11792792K->69984K(13212096K), 0.6914916 secs] 75075282K->63353719K(187275712K), 0.6919126 secs] [Times: user=4.25 sys=1.23, real=0.70 secs] 
2018-04-15T00:31:07.035+0800: 169626.031: [GC (Allocation Failure) 2018-04-15T00:31:07.035+0800: 169626.031: [ParNew: 11814112K->66221K(13212096K), 0.8252924 secs] 75097847K->63350732K(187275712K), 0.8257042 secs] [Times: user=5.27 sys=1.30, real=0.82 secs] 
2018-04-15T00:31:49.557+0800: 169668.553: [GC (Allocation Failure) 2018-04-15T00:31:49.557+0800: 169668.554: [ParNew: 11810349K->66231K(13212096K), 0.6970437 secs] 75094860K->63351240K(187275712K), 0.6974101 secs] [Times: user=4.06 sys=1.48, real=0.70 secs] 
2018-04-15T00:32:06.327+0800: 169685.323: [GC (Allocation Failure) 2018-04-15T00:32:06.327+0800: 169685.323: [ParNew: 11810359K->68491K(13212096K), 0.4873445 secs] 75095368K->63355501K(187275712K), 0.4877005 secs] [Times: user=3.56 sys=0.31, real=0.49 secs] 
2018-04-15T00:32:16.279+0800: 169695.275: [GC (Allocation Failure) 2018-04-15T00:32:16.279+0800: 169695.275: [ParNew: 11812619K->81959K(13212096K), 0.4402438 secs] 75099629K->63371148K(187275712K), 0.4406520 secs] [Times: user=3.20 sys=0.29, real=0.44 secs] 
2018-04-15T00:32:25.376+0800: 169704.372: [GC (Allocation Failure) 2018-04-15T00:32:25.376+0800: 169704.372: [ParNew: 11826087K->80049K(13212096K), 0.5061541 secs] 75115276K->63371273K(187275712K), 0.5065581 secs] [Times: user=3.66 sys=0.37, real=0.51 secs] 
2018-04-15T00:32:34.930+0800: 169713.926: [GC (Allocation Failure) 2018-04-15T00:32:34.931+0800: 169713.927: [ParNew: 11824177K->80193K(13212096K), 0.5957437 secs] 75115401K->63377245K(187275712K), 0.5963973 secs] [Times: user=3.39 sys=1.33, real=0.60 secs] 
2018-04-15T00:32:49.084+0800: 169728.080: [GC (Allocation Failure) 2018-04-15T00:32:49.085+0800: 169728.081: [ParNew: 11824321K->70528K(13212096K), 0.5549419 secs] 75121373K->63376586K(187275712K), 0.5553463 secs] [Times: user=3.83 sys=0.58, real=0.55 secs] 
2018-04-15T00:33:17.811+0800: 169756.807: [GC (Allocation Failure) 2018-04-15T00:33:17.811+0800: 169756.807: [ParNew: 11814656K->65653K(13212096K), 0.5926611 secs] 75120714K->63373954K(187275712K), 0.5930871 secs] [Times: user=3.81 sys=0.89, real=0.60 secs] 
2018-04-15T00:34:19.655+0800: 169818.651: [GC (Allocation Failure) 2018-04-15T00:34:19.655+0800: 169818.651: [ParNew: 11809781K->67922K(13212096K), 0.8459467 secs] 75118082K->63378735K(187275712K), 0.8463723 secs] [Times: user=5.05 sys=1.60, real=0.84 secs] 
2018-04-15T00:34:32.255+0800: 169831.251: [GC (Allocation Failure) 2018-04-15T00:34:32.255+0800: 169831.251: [ParNew: 11812050K->67628K(13212096K), 0.5092812 secs] 75122863K->63384622K(187275712K), 0.5096869 secs] [Times: user=3.76 sys=0.26, real=0.51 secs] 
2018-04-15T00:34:49.509+0800: 169848.505: [GC (Allocation Failure) 2018-04-15T00:34:49.509+0800: 169848.505: [ParNew: 11811756K->69168K(13212096K), 0.5003019 secs] 75128750K->63387478K(187275712K), 0.5006973 secs] [Times: user=3.69 sys=0.29, real=0.50 secs] 
2018-04-15T00:35:28.278+0800: 169887.274: [GC (Allocation Failure) 2018-04-15T00:35:28.279+0800: 169887.275: [ParNew: 11813296K->57429K(13212096K), 0.6405838 secs] 75131606K->63376143K(187275712K), 0.6410007 secs] [Times: user=3.71 sys=1.38, real=0.64 secs] 
2018-04-15T00:38:06.278+0800: 170045.274: [GC (Allocation Failure) 2018-04-15T00:38:06.278+0800: 170045.274: [ParNew: 11801557K->77766K(13212096K), 0.9312459 secs] 75120271K->63397627K(187275712K), 0.9316673 secs] [Times: user=5.54 sys=1.82, real=0.93 secs] 
2018-04-15T00:40:22.200+0800: 170181.196: [GC (Allocation Failure) 2018-04-15T00:40:22.200+0800: 170181.196: [ParNew: 11821894K->73638K(13212096K), 0.6762677 secs] 75141755K->63401090K(187275712K), 0.6766757 secs] [Times: user=4.24 sys=1.08, real=0.68 secs] 
2018-04-15T00:40:39.460+0800: 170198.456: [GC (Allocation Failure) 2018-04-15T00:40:39.461+0800: 170198.457: [ParNew: 11817766K->116895K(13212096K), 0.5967111 secs] 75145218K->63449071K(187275712K), 0.5971144 secs] [Times: user=4.57 sys=0.17, real=0.60 secs] 
2018-04-15T00:40:56.146+0800: 170215.142: [GC (Allocation Failure) 2018-04-15T00:40:56.146+0800: 170215.142: [ParNew: 11861023K->133519K(13212096K), 0.6555364 secs] 75193199K->63466665K(187275712K), 0.6559623 secs] [Times: user=3.86 sys=1.36, real=0.66 secs] 
2018-04-15T00:41:18.134+0800: 170237.130: [GC (Allocation Failure) 2018-04-15T00:41:18.134+0800: 170237.130: [ParNew: 11877647K->127304K(13212096K), 0.5863469 secs] 75210793K->63461656K(187275712K), 0.5867580 secs] [Times: user=4.01 sys=0.65, real=0.58 secs] 
2018-04-15T00:41:35.667+0800: 170254.663: [GC (Allocation Failure) 2018-04-15T00:41:35.667+0800: 170254.663: [ParNew: 11871432K->137565K(13212096K), 0.5301148 secs] 75205784K->63473162K(187275712K), 0.5305238 secs] [Times: user=3.86 sys=0.36, real=0.53 secs] 
2018-04-15T00:41:53.781+0800: 170272.777: [GC (Allocation Failure) 2018-04-15T00:41:53.781+0800: 170272.777: [ParNew: 11881693K->110452K(13212096K), 0.6336651 secs] 75217290K->63456761K(187275712K), 0.6341002 secs] [Times: user=3.84 sys=1.15, real=0.64 secs] 
2018-04-15T00:42:04.482+0800: 170283.478: [GC (Allocation Failure) 2018-04-15T00:42:04.482+0800: 170283.478: [ParNew: 11854580K->80123K(13212096K), 0.4946703 secs] 75200889K->63439074K(187275712K), 0.4950922 secs] [Times: user=3.74 sys=0.18, real=0.49 secs] 
2018-04-15T00:42:14.067+0800: 170293.063: [GC (Allocation Failure) 2018-04-15T00:42:14.067+0800: 170293.063: [ParNew: 11824251K->91101K(13212096K), 0.4890894 secs] 75183202K->63457945K(187275712K), 0.4895251 secs] [Times: user=3.67 sys=0.21, real=0.49 secs] 
2018-04-15T00:42:20.306+0800: 170299.302: [GC (Allocation Failure) 2018-04-15T00:42:20.306+0800: 170299.302: [ParNew: 11835229K->77203K(13212096K), 0.4709700 secs] 75202073K->63451793K(187275712K), 0.4713841 secs] [Times: user=3.68 sys=0.06, real=0.47 secs] 
2018-04-15T00:42:26.969+0800: 170305.965: [GC (Allocation Failure) 2018-04-15T00:42:26.969+0800: 170305.965: [ParNew: 11821331K->68795K(13212096K), 0.4617927 secs] 75195921K->63451718K(187275712K), 0.4621917 secs] [Times: user=3.66 sys=0.00, real=0.46 secs] 
2018-04-15T00:42:32.804+0800: 170311.801: [GC (Allocation Failure) 2018-04-15T00:42:32.805+0800: 170311.801: [ParNew: 11812923K->47934K(13212096K), 0.4858722 secs] 75195846K->63440772K(187275712K), 0.4862686 secs] [Times: user=3.85 sys=0.00, real=0.48 secs] 
2018-04-15T00:42:38.790+0800: 170317.786: [GC (Allocation Failure) 2018-04-15T00:42:38.790+0800: 170317.786: [ParNew: 11792062K->50464K(13212096K), 0.6016484 secs] 75184900K->63447338K(187275712K), 0.6020732 secs] [Times: user=3.16 sys=1.60, real=0.61 secs] 
2018-04-15T00:42:45.830+0800: 170324.826: [GC (Allocation Failure) 2018-04-15T00:42:45.830+0800: 170324.827: [ParNew: 11794592K->53537K(13212096K), 0.4887235 secs] 75191466K->63452846K(187275712K), 0.4891330 secs] [Times: user=3.79 sys=0.11, real=0.49 secs] 
2018-04-15T00:42:53.283+0800: 170332.279: [GC (Allocation Failure) 2018-04-15T00:42:53.283+0800: 170332.279: [ParNew: 11797665K->55286K(13212096K), 0.5122882 secs] 75196974K->63456182K(187275712K), 0.5126947 secs] [Times: user=3.60 sys=0.47, real=0.51 secs] 
2018-04-15T00:43:01.142+0800: 170340.138: [GC (Allocation Failure) 2018-04-15T00:43:01.142+0800: 170340.138: [ParNew: 11799414K->54268K(13212096K), 0.4718082 secs] 75200310K->63456932K(187275712K), 0.4722213 secs] [Times: user=3.38 sys=0.35, real=0.47 secs] 
2018-04-15T00:43:14.466+0800: 170353.462: [GC (Allocation Failure) 2018-04-15T00:43:14.466+0800: 170353.462: [ParNew: 11798396K->47854K(13212096K), 0.5594172 secs] 75201060K->63451891K(187275712K), 0.5598278 secs] [Times: user=4.23 sys=0.23, real=0.56 secs] 
2018-04-15T00:43:36.020+0800: 170375.017: [GC (Allocation Failure) 2018-04-15T00:43:36.021+0800: 170375.017: [ParNew: 11791982K->74895K(13212096K), 0.6673185 secs] 75196019K->63479860K(187275712K), 0.6677335 secs] [Times: user=4.22 sys=1.08, real=0.67 secs] 
2018-04-15T00:43:50.689+0800: 170389.685: [GC (Allocation Failure) 2018-04-15T00:43:50.690+0800: 170389.686: [ParNew: 11819023K->99618K(13212096K), 0.5300839 secs] 75223988K->63505189K(187275712K), 0.5304820 secs] [Times: user=3.81 sys=0.40, real=0.53 secs] 
2018-04-15T00:44:01.678+0800: 170400.674: [GC (Allocation Failure) 2018-04-15T00:44:01.678+0800: 170400.674: [ParNew: 11843746K->102584K(13212096K), 0.5442823 secs] 75249317K->63512625K(187275712K), 0.5446923 secs] [Times: user=4.06 sys=0.25, real=0.55 secs] 
2018-04-15T00:44:13.140+0800: 170412.136: [GC (Allocation Failure) 2018-04-15T00:44:13.140+0800: 170412.136: [ParNew: 11846712K->94728K(13212096K), 0.4715420 secs] 75256753K->63505997K(187275712K), 0.4719452 secs] [Times: user=3.54 sys=0.20, real=0.48 secs] 
2018-04-15T00:44:26.529+0800: 170425.525: [GC (Allocation Failure) 2018-04-15T00:44:26.529+0800: 170425.525: [ParNew: 11838856K->82720K(13212096K), 0.6047336 secs] 75250125K->63495539K(187275712K), 0.6051559 secs] [Times: user=3.22 sys=1.57, real=0.61 secs] 
2018-04-15T00:44:39.420+0800: 170438.416: [GC (Allocation Failure) 2018-04-15T00:44:39.420+0800: 170438.416: [ParNew: 11826848K->115464K(13212096K), 0.5194276 secs] 75239667K->63529844K(187275712K), 0.5198389 secs] [Times: user=3.85 sys=0.26, real=0.52 secs] 
2018-04-15T00:44:49.734+0800: 170448.730: [GC (Allocation Failure) 2018-04-15T00:44:49.734+0800: 170448.730: [ParNew: 11859592K->105139K(13212096K), 0.4960477 secs] 75273972K->63522178K(187275712K), 0.4964608 secs] [Times: user=3.76 sys=0.19, real=0.49 secs] 
2018-04-15T00:45:05.014+0800: 170464.010: [GC (Allocation Failure) 2018-04-15T00:45:05.014+0800: 170464.010: [ParNew: 11849267K->48363K(13212096K), 0.5183278 secs] 75266306K->63466597K(187275712K), 0.5187405 secs] [Times: user=3.71 sys=0.42, real=0.52 secs] 
2018-04-15T00:45:22.533+0800: 170481.529: [GC (Allocation Failure) 2018-04-15T00:45:22.533+0800: 170481.529: [ParNew: 11792491K->36393K(13212096K), 0.6239993 secs] 75210725K->63456481K(187275712K), 0.6244314 secs] [Times: user=3.76 sys=1.18, real=0.62 secs] 
2018-04-15T00:45:55.350+0800: 170514.347: [GC (Allocation Failure) 2018-04-15T00:45:55.351+0800: 170514.347: [ParNew: 11780521K->40377K(13212096K), 0.5534122 secs] 75200609K->63461263K(187275712K), 0.5538174 secs] [Times: user=3.77 sys=0.64, real=0.56 secs] 
2018-04-15T00:46:54.176+0800: 170573.172: [GC (Allocation Failure) 2018-04-15T00:46:54.177+0800: 170573.173: [ParNew: 11784505K->56122K(13212096K), 0.7682585 secs] 75205391K->63477462K(187275712K), 0.7687037 secs] [Times: user=4.52 sys=1.57, real=0.77 secs] 
2018-04-15T00:47:18.339+0800: 170597.335: [GC (Allocation Failure) 2018-04-15T00:47:18.339+0800: 170597.335: [ParNew: 11800250K->64104K(13212096K), 0.5785237 secs] 75221590K->63486164K(187275712K), 0.5789436 secs] [Times: user=4.09 sys=0.52, real=0.58 secs] 
2018-04-15T00:48:00.626+0800: 170639.622: [GC (Allocation Failure) 2018-04-15T00:48:00.626+0800: 170639.622: [ParNew: 11808232K->63690K(13212096K), 0.6571420 secs] 75230292K->63486256K(187275712K), 0.6575799 secs] [Times: user=3.59 sys=1.60, real=0.66 secs] 
2018-04-15T00:48:48.807+0800: 170687.803: [GC (Allocation Failure) 2018-04-15T00:48:48.807+0800: 170687.803: [ParNew: 11807818K->54938K(13212096K), 0.5721586 secs] 75230384K->63477881K(187275712K), 0.5725794 secs] [Times: user=3.65 sys=0.88, real=0.57 secs] 
2018-04-15T00:50:32.585+0800: 170791.581: [GC (Allocation Failure) 2018-04-15T00:50:32.585+0800: 170791.581: [ParNew: 11799066K->83298K(13212096K), 0.7487721 secs] 75222009K->63506990K(187275712K), 0.7492083 secs] [Times: user=4.40 sys=1.52, real=0.75 secs] 
2018-04-15T00:52:14.743+0800: 170893.739: [GC (Allocation Failure) 2018-04-15T00:52:14.743+0800: 170893.739: [ParNew: 11827426K->80686K(13212096K), 0.7617729 secs] 75251118K->63507484K(187275712K), 0.7621951 secs] [Times: user=5.01 sys=1.03, real=0.76 secs] 
2018-04-15T00:54:39.290+0800: 171038.286: [GC (Allocation Failure) 2018-04-15T00:54:39.290+0800: 171038.286: [ParNew: 11824814K->97353K(13212096K), 1.1784264 secs] 75251612K->63526797K(187275712K), 1.1787888 secs] [Times: user=6.05 sys=3.31, real=1.18 secs] 
2018-04-15T00:55:32.819+0800: 171091.815: [GC (Allocation Failure) 2018-04-15T00:55:32.820+0800: 171091.816: [ParNew: 11841481K->102194K(13212096K), 0.5550387 secs] 75270925K->63532877K(187275712K), 0.5554638 secs] [Times: user=3.99 sys=0.41, real=0.56 secs] 
2018-04-15T00:56:18.812+0800: 171137.808: [GC (Allocation Failure) 2018-04-15T00:56:18.812+0800: 171137.808: [ParNew: 11846322K->92628K(13212096K), 0.7376773 secs] 75277005K->63524370K(187275712K), 0.7381173 secs] [Times: user=4.46 sys=1.38, real=0.73 secs] 
2018-04-15T00:56:41.841+0800: 171160.837: [GC (Allocation Failure) 2018-04-15T00:56:41.842+0800: 171160.838: [ParNew: 11836756K->100037K(13212096K), 0.5462447 secs] 75268498K->63534509K(187275712K), 0.5466647 secs] [Times: user=3.74 sys=0.61, real=0.54 secs] 
2018-04-15T00:56:52.842+0800: 171171.838: [GC (Allocation Failure) 2018-04-15T00:56:52.842+0800: 171171.838: [ParNew: 11844165K->91132K(13212096K), 0.4477607 secs] 75278637K->63536305K(187275712K), 0.4481827 secs] [Times: user=3.37 sys=0.17, real=0.44 secs] 
2018-04-15T00:57:00.509+0800: 171179.505: [GC (Allocation Failure) 2018-04-15T00:57:00.509+0800: 171179.505: [ParNew: 11835260K->88896K(13212096K), 0.6034336 secs] 75280433K->63541694K(187275712K), 0.6038665 secs] [Times: user=3.37 sys=1.41, real=0.61 secs] 
2018-04-15T00:57:08.350+0800: 171187.346: [GC (Allocation Failure) 2018-04-15T00:57:08.350+0800: 171187.346: [ParNew: 11833024K->98580K(13212096K), 0.4737591 secs] 75285822K->63557909K(187275712K), 0.4741827 secs] [Times: user=3.61 sys=0.15, real=0.48 secs] 
2018-04-15T00:57:18.855+0800: 171197.851: [GC (Allocation Failure) 2018-04-15T00:57:18.855+0800: 171197.851: [ParNew: 11842708K->97902K(13212096K), 0.4936650 secs] 75302037K->63563094K(187275712K), 0.4940986 secs] [Times: user=3.67 sys=0.26, real=0.49 secs] 
2018-04-15T00:57:32.305+0800: 171211.301: [GC (Allocation Failure) 2018-04-15T00:57:32.305+0800: 171211.301: [ParNew: 11842030K->67550K(13212096K), 0.5185692 secs] 75307222K->63544061K(187275712K), 0.5189922 secs] [Times: user=3.45 sys=0.65, real=0.52 secs] 
2018-04-15T00:57:49.280+0800: 171228.276: [GC (Allocation Failure) 2018-04-15T00:57:49.281+0800: 171228.277: [ParNew: 11811678K->88204K(13212096K), 0.6744071 secs] 75288189K->63566184K(187275712K), 0.6748348 secs] [Times: user=4.02 sys=1.30, real=0.68 secs] 
2018-04-15T00:58:00.951+0800: 171239.948: [GC (Allocation Failure) 2018-04-15T00:58:00.952+0800: 171239.948: [ParNew: 11832332K->75159K(13212096K), 0.4988802 secs] 75310312K->63557565K(187275712K), 0.4992917 secs] [Times: user=3.92 sys=0.05, real=0.49 secs] 
2018-04-15T00:58:14.936+0800: 171253.932: [GC (Allocation Failure) 2018-04-15T00:58:14.936+0800: 171253.932: [ParNew: 11819287K->39579K(13212096K), 0.4908695 secs] 75301693K->63522859K(187275712K), 0.4912776 secs] [Times: user=3.32 sys=0.59, real=0.49 secs] 
2018-04-15T00:58:26.570+0800: 171265.567: [GC (Allocation Failure) 2018-04-15T00:58:26.571+0800: 171265.567: [ParNew: 11783707K->42114K(13212096K), 0.4512414 secs] 75266987K->63526592K(187275712K), 0.4516569 secs] [Times: user=3.15 sys=0.44, real=0.46 secs] 
2018-04-15T00:58:38.559+0800: 171277.555: [GC (Allocation Failure) 2018-04-15T00:58:38.560+0800: 171277.556: [ParNew: 11786242K->35152K(13212096K), 0.4290257 secs] 75270720K->63520888K(187275712K), 0.4294443 secs] [Times: user=3.41 sys=0.00, real=0.43 secs] 
2018-04-15T00:58:47.136+0800: 171286.132: [GC (Allocation Failure) 2018-04-15T00:58:47.136+0800: 171286.132: [ParNew: 11779280K->46966K(13212096K), 0.5963496 secs] 75265016K->63533985K(187275712K), 0.5967692 secs] [Times: user=3.04 sys=1.69, real=0.60 secs] 
2018-04-15T00:59:04.834+0800: 171303.830: [GC (Allocation Failure) 2018-04-15T00:59:04.835+0800: 171303.831: [ParNew: 11791094K->57455K(13212096K), 0.5107889 secs] 75278113K->63547279K(187275712K), 0.5111983 secs] [Times: user=3.56 sys=0.50, real=0.51 secs] 
2018-04-15T00:59:23.690+0800: 171322.686: [GC (Allocation Failure) 2018-04-15T00:59:23.690+0800: 171322.686: [ParNew: 11801583K->47155K(13212096K), 0.5383023 secs] 75291407K->63538031K(187275712K), 0.5387241 secs] [Times: user=3.80 sys=0.49, real=0.54 secs] 
2018-04-15T00:59:38.016+0800: 171337.012: [GC (Allocation Failure) 2018-04-15T00:59:38.016+0800: 171337.012: [ParNew: 11791283K->50283K(13212096K), 0.6055004 secs] 75282159K->63542725K(187275712K), 0.6059325 secs] [Times: user=3.49 sys=1.30, real=0.61 secs] 
2018-04-15T01:00:05.985+0800: 171364.981: [GC (Allocation Failure) 2018-04-15T01:00:05.985+0800: 171364.981: [ParNew: 11794411K->46821K(13212096K), 0.5976909 secs] 75286853K->63539628K(187275712K), 0.5981003 secs] [Times: user=3.72 sys=1.04, real=0.60 secs] 
2018-04-15T01:01:12.793+0800: 171431.789: [GC (Allocation Failure) 2018-04-15T01:01:12.794+0800: 171431.790: [ParNew: 11790949K->83822K(13212096K), 0.7414321 secs] 75283756K->63577367K(187275712K), 0.7418637 secs] [Times: user=4.17 sys=1.68, real=0.74 secs] 
2018-04-15T01:01:43.451+0800: 171462.447: [GC (Allocation Failure) 2018-04-15T01:01:43.451+0800: 171462.447: [ParNew: 11827950K->75003K(13212096K), 0.5796026 secs] 75321495K->63572300K(187275712K), 0.5800189 secs] [Times: user=4.45 sys=0.15, real=0.58 secs] 
2018-04-15T01:04:34.142+0800: 171633.138: [GC (Allocation Failure) 2018-04-15T01:04:34.142+0800: 171633.138: [ParNew: 11819131K->89497K(13212096K), 0.9438439 secs] 75316428K->63590653K(187275712K), 0.9442855 secs] [Times: user=5.59 sys=1.85, real=0.94 secs] 
2018-04-15T01:05:17.026+0800: 171676.022: [GC (Allocation Failure) 2018-04-15T01:05:17.026+0800: 171676.022: [ParNew: 11833625K->119732K(13212096K), 0.6060804 secs] 75334781K->63621768K(187275712K), 0.6065076 secs] [Times: user=4.07 sys=0.73, real=0.61 secs] 
2018-04-15T01:06:05.915+0800: 171724.911: [GC (Allocation Failure) 2018-04-15T01:06:05.915+0800: 171724.911: [ParNew: 11863860K->127485K(13212096K), 0.7723878 secs] 75365896K->63630411K(187275712K), 0.7728246 secs] [Times: user=4.54 sys=1.59, real=0.77 secs] 
2018-04-15T01:06:41.455+0800: 171760.451: [GC (Allocation Failure) 2018-04-15T01:06:41.456+0800: 171760.452: [ParNew: 11871613K->146905K(13212096K), 0.5672156 secs] 75374539K->63651637K(187275712K), 0.5676485 secs] [Times: user=4.01 sys=0.51, real=0.57 secs] 
2018-04-15T01:06:57.562+0800: 171776.558: [GC (Allocation Failure) 2018-04-15T01:06:57.562+0800: 171776.558: [ParNew: 11891033K->134480K(13212096K), 0.5817817 secs] 75395765K->63645706K(187275712K), 0.5821990 secs] [Times: user=4.15 sys=0.48, real=0.58 secs] 
2018-04-15T01:07:20.694+0800: 171799.691: [GC (Allocation Failure) 2018-04-15T01:07:20.695+0800: 171799.691: [ParNew: 11878608K->125336K(13212096K), 0.6231795 secs] 75389834K->63639308K(187275712K), 0.6236420 secs] [Times: user=3.44 sys=1.49, real=0.62 secs] 
2018-04-15T01:07:37.699+0800: 171816.695: [GC (Allocation Failure) 2018-04-15T01:07:37.699+0800: 171816.695: [ParNew: 11869464K->114668K(13212096K), 0.5320127 secs] 75383436K->63642491K(187275712K), 0.5324382 secs] [Times: user=3.79 sys=0.43, real=0.54 secs] 
2018-04-15T01:08:06.312+0800: 171845.308: [GC (Allocation Failure) 2018-04-15T01:08:06.313+0800: 171845.309: [ParNew: 11858796K->94072K(13212096K), 0.6021489 secs] 75386619K->63634009K(187275712K), 0.6025752 secs] [Times: user=4.28 sys=0.50, real=0.60 secs] 
2018-04-15T01:08:40.492+0800: 171879.488: [GC (Allocation Failure) 2018-04-15T01:08:40.492+0800: 171879.489: [ParNew: 11838200K->78106K(13212096K), 0.6742466 secs] 75378137K->63624154K(187275712K), 0.6746760 secs] [Times: user=4.04 sys=1.28, real=0.67 secs] 
2018-04-15T01:09:42.809+0800: 171941.805: [GC (Allocation Failure) 2018-04-15T01:09:42.810+0800: 171941.806: [ParNew: 11822234K->86423K(13212096K), 0.6924359 secs] 75368282K->63638558K(187275712K), 0.6928637 secs] [Times: user=4.77 sys=0.70, real=0.70 secs] 
2018-04-15T01:09:55.478+0800: 171954.474: [GC (Allocation Failure) 2018-04-15T01:09:55.478+0800: 171954.474: [ParNew: 11830551K->77314K(13212096K), 0.6070894 secs] 75382686K->63642043K(187275712K), 0.6075164 secs] [Times: user=3.21 sys=1.58, real=0.61 secs] 
2018-04-15T01:10:04.027+0800: 171963.023: [GC (Allocation Failure) 2018-04-15T01:10:04.027+0800: 171963.023: [ParNew: 11821442K->80600K(13212096K), 0.5707795 secs] 75386171K->63648198K(187275712K), 0.5711968 secs] [Times: user=4.22 sys=0.32, real=0.57 secs] 
2018-04-15T01:10:11.924+0800: 171970.920: [GC (Allocation Failure) 2018-04-15T01:10:11.924+0800: 171970.920: [ParNew: 11824728K->102030K(13212096K), 0.4888238 secs] 75392326K->63671495K(187275712K), 0.4892405 secs] [Times: user=3.74 sys=0.14, real=0.49 secs] 
2018-04-15T01:10:27.020+0800: 171986.016: [GC (Allocation Failure) 2018-04-15T01:10:27.020+0800: 171986.016: [ParNew: 11846158K->103681K(13212096K), 0.5864427 secs] 75415623K->63675241K(187275712K), 0.5868579 secs] [Times: user=4.02 sys=0.64, real=0.59 secs] 
2018-04-15T01:10:34.308+0800: 171993.304: [GC (Allocation Failure) 2018-04-15T01:10:34.308+0800: 171993.304: [ParNew: 11847809K->88626K(13212096K), 0.4131875 secs] 75419369K->63666468K(187275712K), 0.4135973 secs] [Times: user=3.12 sys=0.15, real=0.42 secs] 
2018-04-15T01:10:47.607+0800: 172006.603: [GC (Allocation Failure) 2018-04-15T01:10:47.607+0800: 172006.603: [ParNew: 11832754K->50580K(13212096K), 0.6352686 secs] 75410596K->63636154K(187275712K), 0.6357144 secs] [Times: user=3.33 sys=1.69, real=0.64 secs] 
2018-04-15T01:11:26.625+0800: 172045.621: [GC (Allocation Failure) 2018-04-15T01:11:26.625+0800: 172045.621: [ParNew: 11794708K->36876K(13212096K), 0.5978883 secs] 75380282K->63624205K(187275712K), 0.5983073 secs] [Times: user=3.77 sys=0.99, real=0.60 secs] 
2018-04-15T01:11:40.823+0800: 172059.819: [GC (Allocation Failure) 2018-04-15T01:11:40.823+0800: 172059.819: [ParNew: 11781004K->39618K(13212096K), 0.4538145 secs] 75368333K->63627616K(187275712K), 0.4542361 secs] [Times: user=3.18 sys=0.43, real=0.45 secs] 
2018-04-15T01:12:26.006+0800: 172105.002: [GC (Allocation Failure) 2018-04-15T01:12:26.006+0800: 172105.002: [ParNew: 11783746K->51473K(13212096K), 0.6418499 secs] 75371744K->63639819K(187275712K), 0.6422871 secs] [Times: user=3.58 sys=1.46, real=0.64 secs] 
2018-04-15T01:12:43.965+0800: 172122.961: [GC (Allocation Failure) 2018-04-15T01:12:43.965+0800: 172122.961: [ParNew: 11795601K->47249K(13212096K), 0.5291062 secs] 75383947K->63637252K(187275712K), 0.5295265 secs] [Times: user=3.65 sys=0.56, real=0.53 secs] 
2018-04-15T01:12:52.240+0800: 172131.236: [GC (Allocation Failure) 2018-04-15T01:12:52.240+0800: 172131.236: [ParNew: 11791377K->52415K(13212096K), 0.4630866 secs] 75381380K->63642808K(187275712K), 0.4634314 secs] [Times: user=3.67 sys=0.01, real=0.47 secs] 
2018-04-15T01:13:00.885+0800: 172139.881: [GC (Allocation Failure) 2018-04-15T01:13:00.885+0800: 172139.881: [ParNew: 11796543K->67447K(13212096K), 0.4576924 secs] 75386936K->63659128K(187275712K), 0.4580721 secs] [Times: user=3.40 sys=0.25, real=0.46 secs] 
2018-04-15T01:13:18.594+0800: 172157.590: [GC (Allocation Failure) 2018-04-15T01:13:18.594+0800: 172157.590: [ParNew: 11811575K->94164K(13212096K), 0.6298489 secs] 75403256K->63690210K(187275712K), 0.6303027 secs] [Times: user=3.58 sys=1.39, real=0.63 secs] 
2018-04-15T01:13:41.874+0800: 172180.871: [GC (Allocation Failure) 2018-04-15T01:13:41.875+0800: 172180.871: [ParNew: 11838292K->103928K(13212096K), 0.5666555 secs] 75434338K->63700774K(187275712K), 0.5670782 secs] [Times: user=3.93 sys=0.56, real=0.57 secs] 
2018-04-15T01:13:54.899+0800: 172193.895: [GC (Allocation Failure) 2018-04-15T01:13:54.899+0800: 172193.895: [ParNew: 11848056K->103531K(13212096K), 0.5075931 secs] 75444902K->63707608K(187275712K), 0.5080046 secs] [Times: user=3.77 sys=0.24, real=0.51 secs] 
2018-04-15T01:14:13.548+0800: 172212.544: [GC (Allocation Failure) 2018-04-15T01:14:13.549+0800: 172212.545: [ParNew: 11847659K->79968K(13212096K), 0.6743412 secs] 75451736K->63685876K(187275712K), 0.6747603 secs] [Times: user=3.82 sys=1.50, real=0.68 secs] 
2018-04-15T01:15:09.389+0800: 172268.385: [GC (Allocation Failure) 2018-04-15T01:15:09.389+0800: 172268.385: [ParNew: 11824096K->104879K(13212096K), 0.7451426 secs] 75430004K->63711687K(187275712K), 0.7455617 secs] [Times: user=4.76 sys=1.15, real=0.75 secs] 
2018-04-15T01:16:21.312+0800: 172340.308: [GC (Allocation Failure) 2018-04-15T01:16:21.312+0800: 172340.308: [ParNew: 11849007K->96191K(13212096K), 0.7964885 secs] 75455815K->63704402K(187275712K), 0.7969294 secs] [Times: user=4.40 sys=1.89, real=0.79 secs] 
2018-04-15T01:16:37.192+0800: 172356.188: [GC (Allocation Failure) 2018-04-15T01:16:37.192+0800: 172356.188: [ParNew: 11840319K->93861K(13212096K), 0.4786448 secs] 75448530K->63703712K(187275712K), 0.4790607 secs] [Times: user=3.70 sys=0.10, real=0.47 secs] 
2018-04-15T01:17:49.562+0800: 172428.558: [GC (Allocation Failure) 2018-04-15T01:17:49.562+0800: 172428.558: [ParNew: 11837989K->76479K(13212096K), 0.6920820 secs] 75447840K->63687887K(187275712K), 0.6925061 secs] [Times: user=4.68 sys=0.81, real=0.69 secs] 
2018-04-15T01:20:17.499+0800: 172576.495: [GC (Allocation Failure) 2018-04-15T01:20:17.500+0800: 172576.496: [ParNew: 11820607K->95184K(13212096K), 1.1549523 secs] 75432015K->63708191K(187275712K), 1.1553866 secs] [Times: user=5.95 sys=3.19, real=1.16 secs] 
2018-04-15T01:21:10.483+0800: 172629.479: [GC (Allocation Failure) 2018-04-15T01:21:10.484+0800: 172629.480: [ParNew: 11839312K->139503K(13212096K), 0.5891114 secs] 75452319K->63753376K(187275712K), 0.5895387 secs] [Times: user=4.20 sys=0.48, real=0.59 secs] 
2018-04-15T01:22:40.816+0800: 172719.812: [GC (Allocation Failure) 2018-04-15T01:22:40.816+0800: 172719.812: [ParNew: 11883631K->121530K(13212096K), 1.1805536 secs] 75497504K->63745582K(187275712K), 1.1809811 secs] [Times: user=6.43 sys=2.94, real=1.18 secs] 
2018-04-15T01:22:58.102+0800: 172737.098: [GC (Allocation Failure) 2018-04-15T01:22:58.102+0800: 172737.098: [ParNew: 11865658K->116010K(13212096K), 0.4856313 secs] 75489710K->63749199K(187275712K), 0.4860712 secs] [Times: user=3.62 sys=0.23, real=0.48 secs] 
2018-04-15T01:23:06.080+0800: 172745.076: [GC (Allocation Failure) 2018-04-15T01:23:06.080+0800: 172745.076: [ParNew: 11860138K->105391K(13212096K), 0.6012141 secs] 75493327K->63739551K(187275712K), 0.6016357 secs] [Times: user=3.46 sys=1.29, real=0.61 secs] 
2018-04-15T01:23:14.058+0800: 172753.054: [GC (Allocation Failure) 2018-04-15T01:23:14.058+0800: 172753.054: [ParNew: 11849519K->105445K(13212096K), 0.4977544 secs] 75483679K->63745663K(187275712K), 0.4981832 secs] [Times: user=3.94 sys=0.02, real=0.50 secs] 
2018-04-15T01:23:20.671+0800: 172759.667: [GC (Allocation Failure) 2018-04-15T01:23:20.672+0800: 172759.668: [ParNew: 11849573K->108713K(13212096K), 0.4831715 secs] 75489791K->63761362K(187275712K), 0.4835757 secs] [Times: user=3.67 sys=0.16, real=0.48 secs] 
2018-04-15T01:23:28.196+0800: 172767.192: [GC (Allocation Failure) 2018-04-15T01:23:28.196+0800: 172767.192: [ParNew: 11852841K->80526K(13212096K), 0.4630059 secs] 75505490K->63742975K(187275712K), 0.4634594 secs] [Times: user=3.30 sys=0.36, real=0.46 secs] 
2018-04-15T01:23:52.226+0800: 172791.222: [GC (Allocation Failure) 2018-04-15T01:23:52.226+0800: 172791.223: [ParNew: 11824654K->59748K(13212096K), 0.4720389 secs] 75487103K->63743824K(187275712K), 0.4724607 secs] [Times: user=3.20 sys=0.53, real=0.47 secs] 
2018-04-15T01:24:31.843+0800: 172830.840: [GC (Allocation Failure) 2018-04-15T01:24:31.844+0800: 172830.840: [ParNew: 11803876K->27620K(13212096K), 0.6286558 secs] 75487952K->63713090K(187275712K), 0.6290841 secs] [Times: user=3.26 sys=1.72, real=0.63 secs] 
2018-04-15T01:26:37.100+0800: 172956.096: [GC (Allocation Failure) 2018-04-15T01:26:37.101+0800: 172956.097: [ParNew: 11771748K->41809K(13212096K), 0.9014443 secs] 75457218K->63729823K(187275712K), 0.9018743 secs] [Times: user=5.06 sys=2.08, real=0.91 secs] 
2018-04-15T01:27:45.674+0800: 173024.670: [GC (Allocation Failure) 2018-04-15T01:27:45.674+0800: 173024.671: [ParNew: 11785937K->83210K(13212096K), 0.7378039 secs] 75473951K->63772204K(187275712K), 0.7382286 secs] [Times: user=5.05 sys=0.81, real=0.74 secs] 
2018-04-15T01:28:34.129+0800: 173073.125: [GC (Allocation Failure) 2018-04-15T01:28:34.130+0800: 173073.126: [ParNew: 11827338K->100357K(13212096K), 0.7789666 secs] 75516332K->63789764K(187275712K), 0.7793851 secs] [Times: user=4.33 sys=1.86, real=0.78 secs] 
2018-04-15T01:29:13.179+0800: 173112.175: [GC (Allocation Failure) 2018-04-15T01:29:13.179+0800: 173112.175: [ParNew: 11844485K->131116K(13212096K), 0.5530120 secs] 75533892K->63820740K(187275712K), 0.5534422 secs] [Times: user=3.68 sys=0.70, real=0.56 secs] 
2018-04-15T01:29:40.075+0800: 173139.071: [GC (Allocation Failure) 2018-04-15T01:29:40.075+0800: 173139.071: [ParNew: 11875244K->93626K(13212096K), 0.6225084 secs] 75564868K->63783685K(187275712K), 0.6229354 secs] [Times: user=3.57 sys=1.36, real=0.62 secs] 
2018-04-15T01:30:01.164+0800: 173160.160: [GC (Allocation Failure) 2018-04-15T01:30:01.165+0800: 173160.161: [ParNew: 11837754K->113920K(13212096K), 0.5338481 secs] 75527813K->63805840K(187275712K), 0.5342533 secs] [Times: user=3.71 sys=0.54, real=0.53 secs] 
2018-04-15T01:30:25.119+0800: 173184.115: [GC (Allocation Failure) 2018-04-15T01:30:25.119+0800: 173184.115: [ParNew: 11858048K->100662K(13212096K), 0.4878498 secs] 75549968K->63798646K(187275712K), 0.4882768 secs] [Times: user=3.55 sys=0.33, real=0.49 secs] 
2018-04-15T01:30:54.198+0800: 173213.194: [GC (Allocation Failure) 2018-04-15T01:30:54.199+0800: 173213.195: [ParNew: 11844790K->86639K(13212096K), 0.6831608 secs] 75542774K->63795280K(187275712K), 0.6835882 secs] [Times: user=3.91 sys=1.49, real=0.69 secs] 
2018-04-15T01:31:11.617+0800: 173230.613: [GC (Allocation Failure) 2018-04-15T01:31:11.617+0800: 173230.613: [ParNew: 11830767K->58367K(13212096K), 0.5358076 secs] 75539408K->63781670K(187275712K), 0.5362254 secs] [Times: user=3.71 sys=0.54, real=0.54 secs] 
2018-04-15T01:31:23.646+0800: 173242.642: [GC (Allocation Failure) 2018-04-15T01:31:23.646+0800: 173242.642: [ParNew: 11802495K->72447K(13212096K), 0.5032688 secs] 75525798K->63803162K(187275712K), 0.5036859 secs] [Times: user=3.50 sys=0.49, real=0.50 secs] 
2018-04-15T01:31:40.626+0800: 173259.622: [GC (Allocation Failure) 2018-04-15T01:31:40.626+0800: 173259.622: [ParNew: 11816575K->89107K(13212096K), 0.6497446 secs] 75547290K->63822123K(187275712K), 0.6501799 secs] [Times: user=3.99 sys=1.16, real=0.65 secs] 
2018-04-15T01:31:54.879+0800: 173273.875: [GC (Allocation Failure) 2018-04-15T01:31:54.879+0800: 173273.875: [ParNew: 11833235K->89781K(13212096K), 0.4894436 secs] 75566251K->63824779K(187275712K), 0.4898719 secs] [Times: user=3.47 sys=0.41, real=0.49 secs] 
2018-04-15T01:32:12.751+0800: 173291.747: [GC (Allocation Failure) 2018-04-15T01:32:12.751+0800: 173291.747: [ParNew: 11833909K->97662K(13212096K), 0.5219652 secs] 75568907K->63835621K(187275712K), 0.5223487 secs] [Times: user=3.72 sys=0.43, real=0.52 secs] 
2018-04-15T01:32:25.383+0800: 173304.379: [GC (Allocation Failure) 2018-04-15T01:32:25.383+0800: 173304.379: [ParNew: 11841790K->94973K(13212096K), 0.5014180 secs] 75579749K->63835909K(187275712K), 0.5021513 secs] [Times: user=3.91 sys=0.07, real=0.50 secs] 
2018-04-15T01:32:42.022+0800: 173321.018: [GC (Allocation Failure) 2018-04-15T01:32:42.022+0800: 173321.018: [ParNew: 11839101K->89026K(13212096K), 0.6132989 secs] 75580037K->63832317K(187275712K), 0.6137118 secs] [Times: user=3.30 sys=1.56, real=0.61 secs] 
2018-04-15T01:33:34.495+0800: 173373.491: [GC (Allocation Failure) 2018-04-15T01:33:34.496+0800: 173373.492: [ParNew: 11833154K->57511K(13212096K), 0.6025059 secs] 75576445K->63802480K(187275712K), 0.6029234 secs] [Times: user=4.05 sys=0.74, real=0.60 secs] 
2018-04-15T01:34:43.364+0800: 173442.361: [GC (Allocation Failure) 2018-04-15T01:34:43.365+0800: 173442.361: [ParNew: 11801639K->76411K(13212096K), 0.9192667 secs] 75546608K->63822364K(187275712K), 0.9196934 secs] [Times: user=5.28 sys=2.01, real=0.92 secs] 
2018-04-15T01:35:14.465+0800: 173473.461: [GC (Allocation Failure) 2018-04-15T01:35:14.465+0800: 173473.461: [ParNew: 11820539K->106241K(13212096K), 0.5677218 secs] 75566492K->63852968K(187275712K), 0.5681374 secs] [Times: user=3.95 sys=0.56, real=0.57 secs] 
2018-04-15T01:35:39.216+0800: 173498.212: [GC (Allocation Failure) 2018-04-15T01:35:39.216+0800: 173498.212: [ParNew: 11850369K->114587K(13212096K), 0.6358515 secs] 75597096K->63862101K(187275712K), 0.6362841 secs] [Times: user=3.75 sys=1.27, real=0.64 secs] 
2018-04-15T01:36:20.838+0800: 173539.834: [GC (Allocation Failure) 2018-04-15T01:36:20.838+0800: 173539.834: [ParNew: 11858715K->123663K(13212096K), 0.6516785 secs] 75606229K->63871755K(187275712K), 0.6520948 secs] [Times: user=4.35 sys=0.81, real=0.65 secs] 
2018-04-15T01:36:40.592+0800: 173559.588: [GC (Allocation Failure) 2018-04-15T01:36:40.592+0800: 173559.588: [ParNew: 11867791K->120369K(13212096K), 0.4675176 secs] 75615883K->63868936K(187275712K), 0.4679242 secs] [Times: user=3.65 sys=0.08, real=0.46 secs] 
2018-04-15T01:36:51.754+0800: 173570.750: [GC (Allocation Failure) 2018-04-15T01:36:51.754+0800: 173570.750: [ParNew: 11864497K->93904K(13212096K), 0.6361519 secs] 75613064K->63847068K(187275712K), 0.6365752 secs] [Times: user=3.32 sys=1.70, real=0.63 secs] 
2018-04-15T01:37:03.585+0800: 173582.581: [GC (Allocation Failure) 2018-04-15T01:37:03.585+0800: 173582.581: [ParNew: 11838032K->107832K(13212096K), 0.5414416 secs] 75591196K->63867016K(187275712K), 0.5418542 secs] [Times: user=3.94 sys=0.37, real=0.54 secs] 
2018-04-15T01:37:15.470+0800: 173594.466: [GC (Allocation Failure) 2018-04-15T01:37:15.471+0800: 173594.467: [ParNew: 11851960K->110084K(13212096K), 0.4821641 secs] 75611144K->63874757K(187275712K), 0.4825742 secs] [Times: user=3.38 sys=0.46, real=0.49 secs] 
2018-04-15T01:37:27.198+0800: 173606.194: [GC (Allocation Failure) 2018-04-15T01:37:27.198+0800: 173606.194: [ParNew: 11854212K->104888K(13212096K), 0.4886969 secs] 75618885K->63876036K(187275712K), 0.4891050 secs] [Times: user=3.79 sys=0.10, real=0.49 secs] 
2018-04-15T01:37:41.112+0800: 173620.109: [GC (Allocation Failure) 2018-04-15T01:37:41.113+0800: 173620.109: [ParNew: 11849016K->87309K(13212096K), 0.6007363 secs] 75620164K->63864652K(187275712K), 0.6011631 secs] [Times: user=3.63 sys=1.13, real=0.60 secs] 
2018-04-15T01:37:59.101+0800: 173638.097: [GC (Allocation Failure) 2018-04-15T01:37:59.101+0800: 173638.097: [ParNew: 11831437K->85824K(13212096K), 0.5024528 secs] 75608780K->63864553K(187275712K), 0.5028621 secs] [Times: user=3.73 sys=0.26, real=0.51 secs] 
2018-04-15T01:38:21.319+0800: 173660.315: [GC (Allocation Failure) 2018-04-15T01:38:21.319+0800: 173660.316: [ParNew: 11829952K->90954K(13212096K), 0.5389537 secs] 75608681K->63871466K(187275712K), 0.5393666 secs] [Times: user=3.81 sys=0.48, real=0.54 secs] 
2018-04-15T01:38:54.708+0800: 173693.704: [GC (Allocation Failure) 2018-04-15T01:38:54.708+0800: 173693.704: [ParNew: 11835082K->95318K(13212096K), 0.6199375 secs] 75615594K->63876816K(187275712K), 0.6203695 secs] [Times: user=3.10 sys=1.80, real=0.62 secs] 
2018-04-15T01:39:18.174+0800: 173717.170: [GC (Allocation Failure) 2018-04-15T01:39:18.174+0800: 173717.170: [ParNew: 11839446K->104515K(13212096K), 0.5909902 secs] 75620944K->63886834K(187275712K), 0.5913906 secs] [Times: user=3.78 sys=0.92, real=0.59 secs] 
2018-04-15T01:39:42.136+0800: 173741.132: [GC (Allocation Failure) 2018-04-15T01:39:42.136+0800: 173741.132: [ParNew: 11848643K->116074K(13212096K), 0.4836200 secs] 75630962K->63899268K(187275712K), 0.4840216 secs] [Times: user=3.46 sys=0.38, real=0.48 secs] 
2018-04-15T01:40:22.283+0800: 173781.279: [GC (Allocation Failure) 2018-04-15T01:40:22.284+0800: 173781.280: [ParNew: 11860202K->104326K(13212096K), 0.8956432 secs] 75643396K->63889828K(187275712K), 0.8960621 secs] [Times: user=4.65 sys=2.46, real=0.89 secs] 
2018-04-15T01:40:58.259+0800: 173817.255: [GC (Allocation Failure) 2018-04-15T01:40:58.259+0800: 173817.255: [ParNew: 11848454K->114317K(13212096K), 0.5507974 secs] 75633956K->63903890K(187275712K), 0.5515782 secs] [Times: user=3.73 sys=0.63, real=0.55 secs] 
2018-04-15T01:41:33.499+0800: 173852.495: [GC (Allocation Failure) 2018-04-15T01:41:33.500+0800: 173852.496: [ParNew: 11858445K->127083K(13212096K), 0.7284173 secs] 75648018K->63920487K(187275712K), 0.7288369 secs] [Times: user=4.07 sys=1.71, real=0.73 secs] 
2018-04-15T01:41:55.719+0800: 173874.715: [GC (Allocation Failure) 2018-04-15T01:41:55.719+0800: 173874.715: [ParNew: 11871211K->136321K(13212096K), 0.5285407 secs] 75664615K->63933932K(187275712K), 0.5289545 secs] [Times: user=3.78 sys=0.42, real=0.53 secs] 
2018-04-15T01:42:16.814+0800: 173895.810: [GC (Allocation Failure) 2018-04-15T01:42:16.815+0800: 173895.811: [ParNew: 11880449K->151000K(13212096K), 0.6428136 secs] 75678060K->63950642K(187275712K), 0.6432493 secs] [Times: user=3.83 sys=1.26, real=0.64 secs] 
2018-04-15T01:42:35.425+0800: 173914.421: [GC (Allocation Failure) 2018-04-15T01:42:35.425+0800: 173914.421: [ParNew: 11895128K->142561K(13212096K), 0.4744300 secs] 75694770K->63945761K(187275712K), 0.4748617 secs] [Times: user=3.67 sys=0.11, real=0.47 secs] 
2018-04-15T01:42:47.332+0800: 173926.328: [GC (Allocation Failure) 2018-04-15T01:42:47.332+0800: 173926.328: [ParNew: 11886689K->128825K(13212096K), 0.5442333 secs] 75689889K->63940901K(187275712K), 0.5446404 secs] [Times: user=3.84 sys=0.48, real=0.54 secs] 
2018-04-15T01:43:02.014+0800: 173941.010: [GC (Allocation Failure) 2018-04-15T01:43:02.014+0800: 173941.010: [ParNew: 11872953K->159224K(13212096K), 0.5113848 secs] 75685029K->63982182K(187275712K), 0.5118166 secs] [Times: user=3.85 sys=0.21, real=0.51 secs] 
2018-04-15T01:43:17.567+0800: 173956.563: [GC (Allocation Failure) 2018-04-15T01:43:17.567+0800: 173956.563: [ParNew: 11903352K->187387K(13212096K), 0.6359373 secs] 75726310K->64018687K(187275712K), 0.6363582 secs] [Times: user=4.09 sys=0.95, real=0.64 secs] 
2018-04-15T01:43:40.029+0800: 173979.025: [GC (Allocation Failure) 2018-04-15T01:43:40.029+0800: 173979.025: [ParNew: 11931515K->173217K(13212096K), 0.5565711 secs] 75762815K->64006336K(187275712K), 0.5569968 secs] [Times: user=3.92 sys=0.51, real=0.56 secs] 
2018-04-15T01:44:04.132+0800: 174003.128: [GC (Allocation Failure) 2018-04-15T01:44:04.132+0800: 174003.128: [ParNew: 11917345K->185922K(13212096K), 0.5529420 secs] 75750464K->64022328K(187275712K), 0.5536659 secs] [Times: user=3.94 sys=0.45, real=0.55 secs] 
2018-04-15T01:44:15.951+0800: 174014.947: [GC (Allocation Failure) 2018-04-15T01:44:15.951+0800: 174014.947: [ParNew: 11930050K->157687K(13212096K), 0.6002493 secs] 75766456K->63997981K(187275712K), 0.6006772 secs] [Times: user=3.48 sys=1.27, real=0.61 secs] 
2018-04-15T01:44:36.417+0800: 174035.413: [GC (Allocation Failure) 2018-04-15T01:44:36.417+0800: 174035.413: [ParNew: 11901815K->122076K(13212096K), 0.4937637 secs] 75742109K->63965971K(187275712K), 0.4941768 secs] [Times: user=3.50 sys=0.43, real=0.49 secs] 
2018-04-15T01:44:55.878+0800: 174054.874: [GC (Allocation Failure) 2018-04-15T01:44:55.879+0800: 174054.875: [ParNew: 11866204K->121815K(13212096K), 0.5790686 secs] 75710099K->63969371K(187275712K), 0.5794863 secs] [Times: user=4.05 sys=0.56, real=0.58 secs] 
2018-04-15T01:45:10.483+0800: 174069.479: [GC (Allocation Failure) 2018-04-15T01:45:10.483+0800: 174069.479: [ParNew: 11865943K->140334K(13212096K), 0.6137697 secs] 75713499K->63995127K(187275712K), 0.6141994 secs] [Times: user=3.72 sys=1.14, real=0.61 secs] 
2018-04-15T01:45:26.706+0800: 174085.702: [GC (Allocation Failure) 2018-04-15T01:45:26.706+0800: 174085.702: [ParNew: 11884462K->134797K(13212096K), 0.5552179 secs] 75739255K->64005661K(187275712K), 0.5556344 secs] [Times: user=4.20 sys=0.19, real=0.56 secs] 
2018-04-15T01:45:43.614+0800: 174102.610: [GC (Allocation Failure) 2018-04-15T01:45:43.614+0800: 174102.610: [ParNew: 11878925K->142351K(13212096K), 0.5524032 secs] 75749789K->64021161K(187275712K), 0.5528357 secs] [Times: user=4.09 sys=0.29, real=0.55 secs] 
2018-04-15T01:46:05.130+0800: 174124.126: [GC (Allocation Failure) 2018-04-15T01:46:05.131+0800: 174124.127: [ParNew: 11886479K->112801K(13212096K), 0.6051421 secs] 75765289K->63993854K(187275712K), 0.6055793 secs] [Times: user=3.74 sys=1.04, real=0.61 secs] 
2018-04-15T01:46:24.589+0800: 174143.585: [GC (Allocation Failure) 2018-04-15T01:46:24.590+0800: 174143.586: [ParNew: 11856929K->101811K(13212096K), 0.5000352 secs] 75737982K->63987598K(187275712K), 0.5004543 secs] [Times: user=3.78 sys=0.19, real=0.50 secs] 
2018-04-15T01:46:56.358+0800: 174175.354: [GC (Allocation Failure) 2018-04-15T01:46:56.359+0800: 174175.355: [ParNew: 11845939K->100510K(13212096K), 0.6247672 secs] 75731726K->63991570K(187275712K), 0.6251959 secs] [Times: user=4.16 sys=0.80, real=0.63 secs] 
2018-04-15T01:47:13.922+0800: 174192.918: [GC (Allocation Failure) 2018-04-15T01:47:13.922+0800: 174192.918: [ParNew: 11844638K->91567K(13212096K), 0.6029332 secs] 75735698K->63984569K(187275712K), 0.6033656 secs] [Times: user=3.44 sys=1.34, real=0.60 secs] 
2018-04-15T01:47:43.071+0800: 174222.067: [GC (Allocation Failure) 2018-04-15T01:47:43.071+0800: 174222.067: [ParNew: 11835695K->87985K(13212096K), 0.6955461 secs] 75728697K->63985250K(187275712K), 0.6959618 secs] [Times: user=4.50 sys=1.05, real=0.70 secs] 
2018-04-15T01:47:53.928+0800: 174232.924: [GC (Allocation Failure) 2018-04-15T01:47:53.929+0800: 174232.925: [ParNew: 11832113K->84367K(13212096K), 0.4439807 secs] 75729378K->63992315K(187275712K), 0.4443949 secs] [Times: user=3.23 sys=0.30, real=0.45 secs] 
2018-04-15T01:48:12.933+0800: 174251.929: [GC (Allocation Failure) 2018-04-15T01:48:12.934+0800: 174251.930: [ParNew: 11828495K->81517K(13212096K), 0.6718563 secs] 75736443K->63996925K(187275712K), 0.6722861 secs] [Times: user=3.95 sys=1.35, real=0.67 secs] 
2018-04-15T01:48:45.386+0800: 174284.382: [GC (Allocation Failure) 2018-04-15T01:48:45.386+0800: 174284.383: [ParNew: 11825645K->98571K(13212096K), 0.5901372 secs] 75741053K->64017274K(187275712K), 0.5905636 secs] [Times: user=4.17 sys=0.53, real=0.59 secs] 
2018-04-15T01:49:20.807+0800: 174319.803: [GC (Allocation Failure) 2018-04-15T01:49:20.807+0800: 174319.803: [ParNew: 11842699K->93506K(13212096K), 0.4725261 secs] 75761402K->64019059K(187275712K), 0.4729617 secs] [Times: user=3.48 sys=0.26, real=0.47 secs] 
2018-04-15T01:49:36.675+0800: 174335.671: [GC (Allocation Failure) 2018-04-15T01:49:36.675+0800: 174335.671: [ParNew: 11837634K->63647K(13212096K), 0.5977427 secs] 75763187K->63990583K(187275712K), 0.5981722 secs] [Times: user=3.46 sys=1.27, real=0.60 secs] 
2018-04-15T01:49:55.972+0800: 174354.968: [GC (Allocation Failure) 2018-04-15T01:49:55.973+0800: 174354.969: [ParNew: 11807775K->59965K(13212096K), 0.5829532 secs] 75734711K->63991403K(187275712K), 0.5833730 secs] [Times: user=3.62 sys=1.02, real=0.58 secs] 
2018-04-15T01:50:10.428+0800: 174369.424: [GC (Allocation Failure) 2018-04-15T01:50:10.428+0800: 174369.424: [ParNew: 11804093K->69447K(13212096K), 0.4460605 secs] 75735531K->64002166K(187275712K), 0.4464834 secs] [Times: user=3.14 sys=0.40, real=0.45 secs] 
2018-04-15T01:50:24.222+0800: 174383.218: [GC (Allocation Failure) 2018-04-15T01:50:24.222+0800: 174383.218: [ParNew: 11813575K->86853K(13212096K), 0.6259195 secs] 75746294K->64022735K(187275712K), 0.6263648 secs] [Times: user=3.59 sys=1.35, real=0.62 secs] 
2018-04-15T01:51:09.311+0800: 174428.307: [GC (Allocation Failure) 2018-04-15T01:51:09.311+0800: 174428.307: [ParNew: 11830981K->92872K(13212096K), 0.6485858 secs] 75766863K->64039171K(187275712K), 0.6490123 secs] [Times: user=4.20 sys=0.89, real=0.65 secs] 
2018-04-15T01:51:21.645+0800: 174440.641: [GC (Allocation Failure) 2018-04-15T01:51:21.646+0800: 174440.642: [ParNew: 11837000K->74087K(13212096K), 0.4817724 secs] 75783299K->64026180K(187275712K), 0.4821958 secs] [Times: user=3.36 sys=0.47, real=0.48 secs] 
2018-04-15T01:52:17.064+0800: 174496.060: [GC (Allocation Failure) 2018-04-15T01:52:17.064+0800: 174496.060: [ParNew: 11818215K->67103K(13212096K), 0.7472101 secs] 75770308K->64020872K(187275712K), 0.7476496 secs] [Times: user=4.41 sys=1.48, real=0.75 secs] 
2018-04-15T01:52:42.051+0800: 174521.047: [GC (Allocation Failure) 2018-04-15T01:52:42.051+0800: 174521.047: [ParNew: 11811231K->72742K(13212096K), 0.4806661 secs] 75765000K->64028267K(187275712K), 0.4810894 secs] [Times: user=3.38 sys=0.44, real=0.49 secs] 
2018-04-15T01:54:08.388+0800: 174607.384: [GC (Allocation Failure) 2018-04-15T01:54:08.388+0800: 174607.385: [ParNew: 11816870K->100680K(13212096K), 0.7124651 secs] 75772395K->64056817K(187275712K), 0.7129075 secs] [Times: user=3.94 sys=1.69, real=0.72 secs] 
2018-04-15T01:54:45.666+0800: 174644.662: [GC (Allocation Failure) 2018-04-15T01:54:45.666+0800: 174644.662: [ParNew: 11844808K->129315K(13212096K), 0.6870678 secs] 75800945K->64088894K(187275712K), 0.6874993 secs] [Times: user=4.56 sys=0.91, real=0.69 secs] 
2018-04-15T01:55:18.164+0800: 174677.160: [GC (Allocation Failure) 2018-04-15T01:55:18.164+0800: 174677.160: [ParNew: 11873443K->145293K(13212096K), 0.6885430 secs] 75833022K->64116379K(187275712K), 0.6889766 secs] [Times: user=3.99 sys=1.45, real=0.69 secs] 
2018-04-15T01:55:59.667+0800: 174718.663: [GC (Allocation Failure) 2018-04-15T01:55:59.668+0800: 174718.664: [ParNew: 11889421K->120747K(13212096K), 0.6251645 secs] 75860507K->64092835K(187275712K), 0.6255961 secs] [Times: user=4.21 sys=0.76, real=0.63 secs] 
2018-04-15T01:56:43.830+0800: 174762.826: [GC (Allocation Failure) 2018-04-15T01:56:43.831+0800: 174762.827: [ParNew: 11864875K->87415K(13212096K), 0.8210987 secs] 75836963K->64065587K(187275712K), 0.8215442 secs] [Times: user=5.13 sys=1.37, real=0.83 secs] 
2018-04-15T01:56:58.330+0800: 174777.326: [GC (Allocation Failure) 2018-04-15T01:56:58.330+0800: 174777.327: [ParNew: 11831543K->93721K(13212096K), 0.5341453 secs] 75809715K->64072664K(187275712K), 0.5345687 secs] [Times: user=3.84 sys=0.42, real=0.54 secs] 
2018-04-15T01:57:10.019+0800: 174789.015: [GC (Allocation Failure) 2018-04-15T01:57:10.019+0800: 174789.015: [ParNew: 11837849K->71991K(13212096K), 0.4882002 secs] 75816792K->64059453K(187275712K), 0.4886260 secs] [Times: user=3.54 sys=0.34, real=0.49 secs] 
2018-04-15T01:57:29.813+0800: 174808.809: [GC (Allocation Failure) 2018-04-15T01:57:29.814+0800: 174808.810: [ParNew: 11816119K->67324K(13212096K), 0.5210639 secs] 75803581K->64064529K(187275712K), 0.5214883 secs] [Times: user=3.65 sys=0.49, real=0.52 secs] 
2018-04-15T01:57:45.037+0800: 174824.033: [GC (Allocation Failure) 2018-04-15T01:57:45.037+0800: 174824.033: [ParNew: 11811452K->59614K(13212096K), 0.6218438 secs] 75808657K->64071174K(187275712K), 0.6222893 secs] [Times: user=3.46 sys=1.45, real=0.62 secs] 
2018-04-15T01:58:13.103+0800: 174852.099: [GC (Allocation Failure) 2018-04-15T01:58:13.103+0800: 174852.099: [ParNew: 11803730K->51256K(13212096K), 0.5069570 secs] 75815289K->64066083K(187275712K), 0.5073897 secs] [Times: user=3.59 sys=0.45, real=0.50 secs] 
2018-04-15T01:58:53.281+0800: 174892.277: [GC (Allocation Failure) 2018-04-15T01:58:53.281+0800: 174892.277: [ParNew: 11795384K->49211K(13212096K), 0.7113106 secs] 75810211K->64066729K(187275712K), 0.7117462 secs] [Times: user=4.78 sys=0.85, real=0.72 secs] 
2018-04-15T01:59:07.982+0800: 174906.978: [GC (Allocation Failure) 2018-04-15T01:59:07.982+0800: 174906.978: [ParNew: 11793339K->41979K(13212096K), 0.5066917 secs] 75810857K->64059907K(187275712K), 0.5071217 secs] [Times: user=3.81 sys=0.23, real=0.50 secs] 
2018-04-15T01:59:54.800+0800: 174953.796: [GC (Allocation Failure) 2018-04-15T01:59:54.800+0800: 174953.796: [ParNew: 11786107K->52746K(13212096K), 0.5327726 secs] 75804035K->64071659K(187275712K), 0.5332032 secs] [Times: user=3.58 sys=0.65, real=0.54 secs] 
2018-04-15T02:00:09.549+0800: 174968.545: [GC (Allocation Failure) 2018-04-15T02:00:09.549+0800: 174968.545: [ParNew: 11796874K->66822K(13212096K), 0.4857134 secs] 75815787K->64087217K(187275712K), 0.4861316 secs] [Times: user=3.70 sys=0.15, real=0.49 secs] 
2018-04-15T02:00:27.717+0800: 174986.713: [GC (Allocation Failure) 2018-04-15T02:00:27.718+0800: 174986.714: [ParNew: 11810950K->69056K(13212096K), 0.6122726 secs] 75831345K->64090915K(187275712K), 0.6127003 secs] [Times: user=3.51 sys=1.34, real=0.61 secs] 
2018-04-15T02:01:02.420+0800: 175021.416: [GC (Allocation Failure) 2018-04-15T02:01:02.420+0800: 175021.416: [ParNew: 11813184K->90172K(13212096K), 0.5241372 secs] 75835043K->64115674K(187275712K), 0.5245626 secs] [Times: user=3.64 sys=0.49, real=0.53 secs] 
2018-04-15T02:01:30.680+0800: 175049.676: [GC (Allocation Failure) 2018-04-15T02:01:30.680+0800: 175049.676: [ParNew: 11834300K->89147K(13212096K), 0.6397941 secs] 75859802K->64120512K(187275712K), 0.6402375 secs] [Times: user=3.54 sys=1.50, real=0.64 secs] 
2018-04-15T02:01:41.535+0800: 175060.531: [GC (Allocation Failure) 2018-04-15T02:01:41.535+0800: 175060.531: [ParNew: 11833275K->90415K(13212096K), 0.4263129 secs] 75864640K->64122689K(187275712K), 0.4267377 secs] [Times: user=3.30 sys=0.09, real=0.43 secs] 
2018-04-15T02:01:58.264+0800: 175077.260: [GC (Allocation Failure) 2018-04-15T02:01:58.264+0800: 175077.260: [ParNew: 11834543K->87512K(13212096K), 0.5319131 secs] 75866817K->64122438K(187275712K), 0.5323262 secs] [Times: user=3.66 sys=0.55, real=0.53 secs] 
2018-04-15T02:02:24.891+0800: 175103.888: [GC (Allocation Failure) 2018-04-15T02:02:24.892+0800: 175103.888: [ParNew: 11831640K->74482K(13212096K), 0.5909687 secs] 75866566K->64119538K(187275712K), 0.5913799 secs] [Times: user=4.06 sys=0.62, real=0.59 secs] 
2018-04-15T02:04:16.554+0800: 175215.550: [GC (Allocation Failure) 2018-04-15T02:04:16.555+0800: 175215.551: [ParNew: 11818610K->57526K(13212096K), 0.9837533 secs] 75863666K->64103333K(187275712K), 0.9841703 secs] [Times: user=4.79 sys=3.01, real=0.98 secs] 
2018-04-15T02:05:25.306+0800: 175284.302: [GC (Allocation Failure) 2018-04-15T02:05:25.306+0800: 175284.302: [ParNew: 11801654K->60590K(13212096K), 0.7728917 secs] 75847461K->64112157K(187275712K), 0.7733251 secs] [Times: user=4.43 sys=1.68, real=0.77 secs] 
2018-04-15T02:05:58.316+0800: 175317.312: [GC (Allocation Failure) 2018-04-15T02:05:58.316+0800: 175317.312: [ParNew: 11804718K->83692K(13212096K), 0.6071004 secs] 75856285K->64137523K(187275712K), 0.6075168 secs] [Times: user=3.88 sys=0.94, real=0.61 secs] 
2018-04-15T02:07:10.777+0800: 175389.773: [GC (Allocation Failure) 2018-04-15T02:07:10.777+0800: 175389.773: [ParNew: 11827820K->79872K(13212096K), 0.7618115 secs] 75881651K->64134260K(187275712K), 0.7622389 secs] [Times: user=4.43 sys=1.48, real=0.76 secs] 
2018-04-15T02:07:28.881+0800: 175407.878: [GC (Allocation Failure) 2018-04-15T02:07:28.882+0800: 175407.878: [ParNew: 11824000K->99502K(13212096K), 0.5239505 secs] 75878388K->64155295K(187275712K), 0.5243569 secs] [Times: user=3.85 sys=0.31, real=0.52 secs] 
2018-04-15T02:07:39.146+0800: 175418.142: [GC (Allocation Failure) 2018-04-15T02:07:39.146+0800: 175418.142: [ParNew: 11843630K->142387K(13212096K), 0.5096103 secs] 75899423K->64198496K(187275712K), 0.5100105 secs] [Times: user=3.84 sys=0.21, real=0.51 secs] 
2018-04-15T02:07:48.508+0800: 175427.504: [GC (Allocation Failure) 2018-04-15T02:07:48.508+0800: 175427.504: [ParNew: 11886515K->148502K(13212096K), 0.4849683 secs] 75942624K->64213898K(187275712K), 0.4853641 secs] [Times: user=3.75 sys=0.09, real=0.49 secs] 
2018-04-15T02:08:00.786+0800: 175439.782: [GC (Allocation Failure) 2018-04-15T02:08:00.787+0800: 175439.783: [ParNew: 11892630K->170183K(13212096K), 0.6497988 secs] 75958026K->64238669K(187275712K), 0.6502050 secs] [Times: user=4.09 sys=1.05, real=0.65 secs] 
2018-04-15T02:08:15.285+0800: 175454.281: [GC (Allocation Failure) 2018-04-15T02:08:15.286+0800: 175454.282: [ParNew: 11914311K->163236K(13212096K), 0.5328352 secs] 75982797K->64234212K(187275712K), 0.5332482 secs] [Times: user=3.78 sys=0.45, real=0.53 secs] 
2018-04-15T02:08:25.458+0800: 175464.454: [GC (Allocation Failure) 2018-04-15T02:08:25.458+0800: 175464.454: [ParNew: 11907364K->147708K(13212096K), 0.4952284 secs] 75978340K->64232834K(187275712K), 0.4956320 secs] [Times: user=3.73 sys=0.19, real=0.50 secs] 
2018-04-15T02:08:35.382+0800: 175474.378: [GC (Allocation Failure) 2018-04-15T02:08:35.382+0800: 175474.378: [ParNew: 11891836K->141611K(13212096K), 0.4724924 secs] 75976962K->64234026K(187275712K), 0.4728900 secs] [Times: user=3.37 sys=0.38, real=0.47 secs] 
2018-04-15T02:08:43.872+0800: 175482.868: [GC (Allocation Failure) 2018-04-15T02:08:43.872+0800: 175482.868: [ParNew: 11885739K->125610K(13212096K), 0.4853151 secs] 75978154K->64220529K(187275712K), 0.4857054 secs] [Times: user=3.80 sys=0.06, real=0.48 secs] 
2018-04-15T02:08:52.907+0800: 175491.903: [GC (Allocation Failure) 2018-04-15T02:08:52.907+0800: 175491.903: [ParNew: 11869738K->126673K(13212096K), 0.6034638 secs] 75964657K->64226596K(187275712K), 0.6038807 secs] [Times: user=3.38 sys=1.39, real=0.60 secs] 
2018-04-15T02:09:01.919+0800: 175500.915: [GC (Allocation Failure) 2018-04-15T02:09:01.919+0800: 175500.915: [ParNew: 11870801K->73249K(13212096K), 0.5514171 secs] 75970724K->64177578K(187275712K), 0.5518260 secs] [Times: user=4.12 sys=0.28, real=0.55 secs] 
2018-04-15T02:09:19.662+0800: 175518.658: [GC (Allocation Failure) 2018-04-15T02:09:19.662+0800: 175518.658: [ParNew: 11817377K->70195K(13212096K), 0.4790897 secs] 75921706K->64189013K(187275712K), 0.4795041 secs] [Times: user=3.11 sys=0.69, real=0.48 secs] 
2018-04-15T02:09:26.168+0800: 175525.164: [GC (Allocation Failure) 2018-04-15T02:09:26.168+0800: 175525.164: [ParNew: 11814323K->44874K(13212096K), 0.4596838 secs] 75933141K->64168616K(187275712K), 0.4600862 secs] [Times: user=3.35 sys=0.30, real=0.46 secs] 
2018-04-15T02:09:34.181+0800: 175533.177: [GC (Allocation Failure) 2018-04-15T02:09:34.181+0800: 175533.177: [ParNew: 11789002K->55410K(13212096K), 0.4407914 secs] 75912744K->64180587K(187275712K), 0.4411865 secs] [Times: user=3.30 sys=0.22, real=0.45 secs] 
2018-04-15T02:09:44.401+0800: 175543.397: [GC (Allocation Failure) 2018-04-15T02:09:44.401+0800: 175543.397: [ParNew: 11799538K->75927K(13212096K), 0.6106450 secs] 75924715K->64202055K(187275712K), 0.6110704 secs] [Times: user=3.31 sys=1.52, real=0.62 secs] 
2018-04-15T02:09:53.163+0800: 175552.159: [GC (Allocation Failure) 2018-04-15T02:09:53.163+0800: 175552.159: [ParNew: 11820055K->109406K(13212096K), 0.4619858 secs] 75946183K->64236920K(187275712K), 0.4623876 secs] [Times: user=3.66 sys=0.01, real=0.46 secs] 
2018-04-15T02:10:06.658+0800: 175565.654: [GC (Allocation Failure) 2018-04-15T02:10:06.659+0800: 175565.655: [ParNew: 11853534K->124306K(13212096K), 0.4993983 secs] 75981048K->64253186K(187275712K), 0.4998090 secs] [Times: user=3.70 sys=0.27, real=0.50 secs] 
2018-04-15T02:10:18.715+0800: 175577.711: [GC (Allocation Failure) 2018-04-15T02:10:18.715+0800: 175577.711: [ParNew: 11868434K->112103K(13212096K), 0.4757548 secs] 75997314K->64243334K(187275712K), 0.4761563 secs] [Times: user=3.36 sys=0.43, real=0.47 secs] 
2018-04-15T02:10:29.186+0800: 175588.182: [GC (Allocation Failure) 2018-04-15T02:10:29.187+0800: 175588.183: [ParNew: 11856231K->110825K(13212096K), 0.6267249 secs] 75987462K->64242608K(187275712K), 0.6271373 secs] [Times: user=4.04 sys=0.92, real=0.63 secs] 
2018-04-15T02:10:38.107+0800: 175597.103: [GC (Allocation Failure) 2018-04-15T02:10:38.107+0800: 175597.103: [ParNew: 11854953K->160886K(13212096K), 0.5177452 secs] 75986736K->64294781K(187275712K), 0.5181618 secs] [Times: user=4.08 sys=0.05, real=0.52 secs] 
2018-04-15T02:10:50.406+0800: 175609.402: [GC (Allocation Failure) 2018-04-15T02:10:50.406+0800: 175609.402: [ParNew: 11905014K->133106K(13212096K), 0.6470781 secs] 76038909K->64269283K(187275712K), 0.6474810 secs] [Times: user=4.63 sys=0.53, real=0.65 secs] 
2018-04-15T02:11:03.680+0800: 175622.676: [GC (Allocation Failure) 2018-04-15T02:11:03.680+0800: 175622.676: [ParNew: 11877234K->145159K(13212096K), 0.6189570 secs] 76013411K->64282709K(187275712K), 0.6193519 secs] [Times: user=4.64 sys=0.29, real=0.62 secs] 
2018-04-15T02:11:19.467+0800: 175638.463: [GC (Allocation Failure) 2018-04-15T02:11:19.467+0800: 175638.463: [ParNew: 11889287K->170186K(13212096K), 0.7783103 secs] 76026837K->64308613K(187275712K), 0.7787236 secs] [Times: user=4.97 sys=1.21, real=0.78 secs] 
2018-04-15T02:11:36.534+0800: 175655.530: [GC (Allocation Failure) 2018-04-15T02:11:36.534+0800: 175655.530: [ParNew: 11914314K->154873K(13212096K), 0.6582556 secs] 76052741K->64299023K(187275712K), 0.6586552 secs] [Times: user=4.80 sys=0.44, real=0.66 secs] 
2018-04-15T02:11:57.699+0800: 175676.695: [GC (Allocation Failure) 2018-04-15T02:11:57.699+0800: 175676.695: [ParNew: 11899001K->152463K(13212096K), 0.6326685 secs] 76043151K->64300340K(187275712K), 0.6330680 secs] [Times: user=4.41 sys=0.62, real=0.64 secs] 
2018-04-15T02:12:22.913+0800: 175701.909: [GC (Allocation Failure) 2018-04-15T02:12:22.913+0800: 175701.909: [ParNew: 11896591K->111830K(13212096K), 0.6464544 secs] 76044468K->64261802K(187275712K), 0.6468567 secs] [Times: user=3.72 sys=1.40, real=0.64 secs] 
2018-04-15T02:12:54.683+0800: 175733.679: [GC (Allocation Failure) 2018-04-15T02:12:54.684+0800: 175733.680: [ParNew: 11855958K->129450K(13212096K), 0.5876972 secs] 76005930K->64282477K(187275712K), 0.5880836 secs] [Times: user=4.15 sys=0.53, real=0.59 secs] 
2018-04-15T02:13:26.676+0800: 175765.672: [GC (Allocation Failure) 2018-04-15T02:13:26.676+0800: 175765.673: [ParNew: 11873578K->155674K(13212096K), 0.5278589 secs] 76026605K->64311556K(187275712K), 0.5282493 secs] [Times: user=3.83 sys=0.37, real=0.53 secs] 
2018-04-15T02:14:00.092+0800: 175799.088: [GC (Allocation Failure) 2018-04-15T02:14:00.092+0800: 175799.088: [ParNew: 11899802K->125297K(13212096K), 0.6517489 secs] 76055684K->64284845K(187275712K), 0.6521615 secs] [Times: user=3.73 sys=1.43, real=0.65 secs] 
2018-04-15T02:14:34.834+0800: 175833.830: [GC (Allocation Failure) 2018-04-15T02:14:34.835+0800: 175833.831: [ParNew: 11869425K->115193K(13212096K), 0.5506762 secs] 76028973K->64278444K(187275712K), 0.5510551 secs] [Times: user=3.82 sys=0.57, real=0.55 secs] 
2018-04-15T02:15:08.300+0800: 175867.296: [GC (Allocation Failure) 2018-04-15T02:15:08.300+0800: 175867.296: [ParNew: 11859321K->148845K(13212096K), 0.6291846 secs] 76022572K->64316544K(187275712K), 0.6295791 secs] [Times: user=3.72 sys=1.26, real=0.63 secs] 
2018-04-15T02:15:33.409+0800: 175892.405: [GC (Allocation Failure) 2018-04-15T02:15:33.409+0800: 175892.405: [ParNew: 11892973K->147874K(13212096K), 0.6101828 secs] 76060672K->64324844K(187275712K), 0.6105645 secs] [Times: user=4.14 sys=0.72, real=0.61 secs] 
2018-04-15T02:15:51.154+0800: 175910.151: [GC (Allocation Failure) 2018-04-15T02:15:51.155+0800: 175910.151: [ParNew: 11892002K->166925K(13212096K), 0.4653069 secs] 76068972K->64349027K(187275712K), 0.4656814 secs] [Times: user=3.70 sys=0.00, real=0.46 secs] 
2018-04-15T02:16:11.618+0800: 175930.614: [GC (Allocation Failure) 2018-04-15T02:16:11.618+0800: 175930.614: [ParNew: 11911053K->157877K(13212096K), 0.5977994 secs] 76093155K->64347292K(187275712K), 0.5981824 secs] [Times: user=3.60 sys=1.13, real=0.60 secs] 
2018-04-15T02:16:43.029+0800: 175962.025: [GC (Allocation Failure) 2018-04-15T02:16:43.029+0800: 175962.025: [ParNew: 11902005K->129943K(13212096K), 0.6790077 secs] 76091420K->64333723K(187275712K), 0.6793892 secs] [Times: user=4.44 sys=0.94, real=0.68 secs] 
2018-04-15T02:17:22.475+0800: 176001.471: [GC (Allocation Failure) 2018-04-15T02:17:22.475+0800: 176001.471: [ParNew: 11874071K->87831K(13212096K), 0.7644748 secs] 76077851K->64298972K(187275712K), 0.7648991 secs] [Times: user=4.46 sys=1.59, real=0.76 secs] 
2018-04-15T02:17:31.884+0800: 176010.880: [GC (Allocation Failure) 2018-04-15T02:17:31.884+0800: 176010.880: [ParNew: 11831959K->81927K(13212096K), 0.4423167 secs] 76043100K->64299377K(187275712K), 0.4426956 secs] [Times: user=3.27 sys=0.24, real=0.44 secs] 
2018-04-15T02:17:41.333+0800: 176020.329: [GC (Allocation Failure) 2018-04-15T02:17:41.333+0800: 176020.329: [ParNew: 11826055K->76121K(13212096K), 0.4664806 secs] 76043505K->64296147K(187275712K), 0.4668628 secs] [Times: user=3.59 sys=0.12, real=0.46 secs] 
2018-04-15T02:17:50.412+0800: 176029.408: [GC (Allocation Failure) 2018-04-15T02:17:50.412+0800: 176029.408: [ParNew: 11820249K->82947K(13212096K), 0.4532279 secs] 76040275K->64306365K(187275712K), 0.4536147 secs] [Times: user=3.33 sys=0.28, real=0.45 secs] 
2018-04-15T02:18:22.311+0800: 176061.307: [GC (Allocation Failure) 2018-04-15T02:18:22.311+0800: 176061.307: [ParNew: 11827075K->85665K(13212096K), 0.7257464 secs] 76050493K->64310931K(187275712K), 0.7261569 secs] [Times: user=4.28 sys=1.43, real=0.73 secs] 
2018-04-15T02:18:44.341+0800: 176083.337: [GC (Allocation Failure) 2018-04-15T02:18:44.341+0800: 176083.337: [ParNew: 11829793K->83802K(13212096K), 0.4898291 secs] 76055059K->64315215K(187275712K), 0.4902283 secs] [Times: user=3.69 sys=0.18, real=0.49 secs] 
2018-04-15T02:19:30.158+0800: 176129.154: [GC (Allocation Failure) 2018-04-15T02:19:30.158+0800: 176129.154: [ParNew: 11827930K->69695K(13212096K), 0.7437147 secs] 76059343K->64307120K(187275712K), 0.7441224 secs] [Times: user=4.13 sys=1.72, real=0.75 secs] 
2018-04-15T02:19:52.154+0800: 176151.150: [GC (Allocation Failure) 2018-04-15T02:19:52.154+0800: 176151.150: [ParNew: 11813823K->64741K(13212096K), 0.5977011 secs] 76051248K->64303144K(187275712K), 0.5980960 secs] [Times: user=4.29 sys=0.47, real=0.60 secs] 
2018-04-15T02:20:09.592+0800: 176168.588: [GC (Allocation Failure) 2018-04-15T02:20:09.592+0800: 176168.588: [ParNew: 11808869K->70689K(13212096K), 0.5559899 secs] 76047272K->64310089K(187275712K), 0.5563872 secs] [Times: user=3.80 sys=0.63, real=0.55 secs] 
2018-04-15T02:20:55.868+0800: 176214.864: [GC (Allocation Failure) 2018-04-15T02:20:55.869+0800: 176214.865: [ParNew: 11814817K->85605K(13212096K), 0.7380927 secs] 76054217K->64326611K(187275712K), 0.7385047 secs] [Times: user=4.42 sys=1.40, real=0.74 secs] 
2018-04-15T02:22:45.664+0800: 176324.660: [GC (Allocation Failure) 2018-04-15T02:22:45.664+0800: 176324.660: [ParNew: 11829733K->67919K(13212096K), 0.6975341 secs] 76070739K->64313807K(187275712K), 0.6979341 secs] [Times: user=4.29 sys=1.24, real=0.70 secs] 
2018-04-15T02:23:40.679+0800: 176379.675: [GC (Allocation Failure) 2018-04-15T02:23:40.679+0800: 176379.675: [ParNew: 11812047K->74053K(13212096K), 0.6438541 secs] 76057935K->64323187K(187275712K), 0.6442803 secs] [Times: user=3.53 sys=1.56, real=0.65 secs] 
2018-04-15T02:23:59.230+0800: 176398.226: [GC (Allocation Failure) 2018-04-15T02:23:59.230+0800: 176398.226: [ParNew: 11818181K->81491K(13212096K), 0.6089158 secs] 76067315K->64335937K(187275712K), 0.6093350 secs] [Times: user=4.29 sys=0.53, real=0.61 secs] 
2018-04-15T02:24:13.715+0800: 176412.711: [GC (Allocation Failure) 2018-04-15T02:24:13.715+0800: 176412.711: [ParNew: 11825619K->79732K(13212096K), 0.4764199 secs] 76080065K->64335995K(187275712K), 0.4768221 secs] [Times: user=3.73 sys=0.06, real=0.48 secs] 
2018-04-15T02:24:23.794+0800: 176422.790: [GC (Allocation Failure) 2018-04-15T02:24:23.794+0800: 176422.790: [ParNew: 11823860K->89664K(13212096K), 0.6054019 secs] 76080123K->64346671K(187275712K), 0.6058162 secs] [Times: user=3.15 sys=1.64, real=0.60 secs] 
2018-04-15T02:24:36.621+0800: 176435.617: [GC (Allocation Failure) 2018-04-15T02:24:36.621+0800: 176435.617: [ParNew: 11833792K->74323K(13212096K), 0.4576578 secs] 76090799K->64338708K(187275712K), 0.4580552 secs] [Times: user=3.29 sys=0.34, real=0.46 secs] 
2018-04-15T02:24:49.178+0800: 176448.174: [GC (Allocation Failure) 2018-04-15T02:24:49.178+0800: 176448.174: [ParNew: 11818451K->87635K(13212096K), 0.5557307 secs] 76082836K->64360727K(187275712K), 0.5561194 secs] [Times: user=3.90 sys=0.51, real=0.56 secs] 
2018-04-15T02:25:03.653+0800: 176462.649: [GC (Allocation Failure) 2018-04-15T02:25:03.653+0800: 176462.649: [ParNew: 11831763K->86995K(13212096K), 0.5975505 secs] 76104855K->64365845K(187275712K), 0.5979393 secs] [Times: user=4.10 sys=0.64, real=0.59 secs] 
2018-04-15T02:25:22.647+0800: 176481.643: [GC (Allocation Failure) 2018-04-15T02:25:22.647+0800: 176481.643: [ParNew: 11831123K->76396K(13212096K), 0.6288935 secs] 76109973K->64359669K(187275712K), 0.6293155 secs] [Times: user=3.33 sys=1.61, real=0.63 secs] 
2018-04-15T02:25:48.943+0800: 176507.939: [GC (Allocation Failure) 2018-04-15T02:25:48.943+0800: 176507.939: [ParNew: 11820524K->74277K(13212096K), 0.5556939 secs] 76103797K->64359490K(187275712K), 0.5560884 secs] [Times: user=3.79 sys=0.61, real=0.55 secs] 
2018-04-15T02:26:25.366+0800: 176544.362: [GC (Allocation Failure) 2018-04-15T02:26:25.366+0800: 176544.362: [ParNew: 11818405K->82930K(13212096K), 0.6681801 secs] 76103618K->64368921K(187275712K), 0.6685879 secs] [Times: user=4.01 sys=1.28, real=0.67 secs] 
2018-04-15T02:27:18.738+0800: 176597.734: [GC (Allocation Failure) 2018-04-15T02:27:18.738+0800: 176597.734: [ParNew: 11827058K->77842K(13212096K), 0.5657987 secs] 76113049K->64365563K(187275712K), 0.5662080 secs] [Times: user=4.00 sys=0.49, real=0.57 secs] 
2018-04-15T02:27:40.172+0800: 176619.168: [GC (Allocation Failure) 2018-04-15T02:27:40.172+0800: 176619.168: [ParNew: 11821970K->68892K(13212096K), 0.6114183 secs] 76109691K->64365856K(187275712K), 0.6118201 secs] [Times: user=4.06 sys=0.79, real=0.61 secs] 
2018-04-15T02:27:52.954+0800: 176631.950: [GC (Allocation Failure) 2018-04-15T02:27:52.954+0800: 176631.950: [ParNew: 11813020K->57706K(13212096K), 0.6035832 secs] 76109984K->64358432K(187275712K), 0.6039986 secs] [Times: user=3.10 sys=1.68, real=0.60 secs] 
2018-04-15T02:28:07.917+0800: 176646.913: [GC (Allocation Failure) 2018-04-15T02:28:07.918+0800: 176646.914: [ParNew: 11801834K->90583K(13212096K), 0.5001388 secs] 76102560K->64393693K(187275712K), 0.5005439 secs] [Times: user=3.53 sys=0.45, real=0.50 secs] 
2018-04-15T02:28:16.298+0800: 176655.294: [GC (Allocation Failure) 2018-04-15T02:28:16.298+0800: 176655.294: [ParNew: 11834711K->98787K(13212096K), 0.4774400 secs] 76137821K->64406629K(187275712K), 0.4778431 secs] [Times: user=3.67 sys=0.12, real=0.48 secs] 
2018-04-15T02:28:28.363+0800: 176667.359: [GC (Allocation Failure) 2018-04-15T02:28:28.363+0800: 176667.359: [ParNew: 11842915K->106702K(13212096K), 0.5123894 secs] 76150757K->64419411K(187275712K), 0.5127916 secs] [Times: user=3.87 sys=0.21, real=0.51 secs] 
2018-04-15T02:28:42.374+0800: 176681.370: [GC (Allocation Failure) 2018-04-15T02:28:42.374+0800: 176681.370: [ParNew: 11850830K->119420K(13212096K), 0.4924804 secs] 76163539K->64440092K(187275712K), 0.4929468 secs] [Times: user=3.60 sys=0.32, real=0.49 secs] 
2018-04-15T02:29:04.317+0800: 176703.313: [GC (Allocation Failure) 2018-04-15T02:29:04.317+0800: 176703.313: [ParNew: 11863548K->116905K(13212096K), 0.6299264 secs] 76184220K->64440243K(187275712K), 0.6303334 secs] [Times: user=3.85 sys=1.14, real=0.63 secs] 
2018-04-15T02:29:47.079+0800: 176746.075: [GC (Allocation Failure) 2018-04-15T02:29:47.079+0800: 176746.076: [ParNew: 11861033K->132818K(13212096K), 0.7353398 secs] 76184371K->64458752K(187275712K), 0.7357407 secs] [Times: user=5.11 sys=0.75, real=0.74 secs] 
2018-04-15T02:31:09.905+0800: 176828.901: [GC (Allocation Failure) 2018-04-15T02:31:09.905+0800: 176828.901: [ParNew: 11876946K->104165K(13212096K), 0.8628975 secs] 76202880K->64437218K(187275712K), 0.8633125 secs] [Times: user=4.90 sys=1.95, real=0.86 secs] 
2018-04-15T02:33:07.265+0800: 176946.261: [GC (Allocation Failure) 2018-04-15T02:33:07.265+0800: 176946.261: [ParNew: 11848293K->100048K(13212096K), 0.8871959 secs] 76181346K->64434994K(187275712K), 0.8876226 secs] [Times: user=4.69 sys=2.29, real=0.89 secs] 
2018-04-15T02:33:35.626+0800: 176974.622: [GC (Allocation Failure) 2018-04-15T02:33:35.626+0800: 176974.622: [ParNew: 11844176K->172949K(13212096K), 0.5795601 secs] 76179122K->64510704K(187275712K), 0.5799542 secs] [Times: user=3.90 sys=0.71, real=0.58 secs] 
2018-04-15T02:34:15.040+0800: 177014.036: [GC (Allocation Failure) 2018-04-15T02:34:15.040+0800: 177014.037: [ParNew: 11917077K->135979K(13212096K), 0.6510771 secs] 76254832K->64476975K(187275712K), 0.6515012 secs] [Times: user=3.56 sys=1.60, real=0.66 secs] 
2018-04-15T02:34:36.826+0800: 177035.822: [GC (Allocation Failure) 2018-04-15T02:34:36.826+0800: 177035.822: [ParNew: 11880107K->113032K(13212096K), 0.5740984 secs] 76221103K->64458385K(187275712K), 0.5745111 secs] [Times: user=3.78 sys=0.78, real=0.57 secs] 
2018-04-15T02:34:52.177+0800: 177051.173: [GC (Allocation Failure) 2018-04-15T02:34:52.177+0800: 177051.173: [ParNew: 11857160K->119818K(13212096K), 0.5090449 secs] 76202513K->64470600K(187275712K), 0.5094592 secs] [Times: user=3.77 sys=0.27, real=0.51 secs] 
2018-04-15T02:35:03.299+0800: 177062.295: [GC (Allocation Failure) 2018-04-15T02:35:03.300+0800: 177062.296: [ParNew: 11863946K->133766K(13212096K), 0.4859491 secs] 76214728K->64503835K(187275712K), 0.4863619 secs] [Times: user=3.81 sys=0.03, real=0.49 secs] 
2018-04-15T02:35:18.697+0800: 177077.693: [GC (Allocation Failure) 2018-04-15T02:35:18.697+0800: 177077.693: [ParNew: 11877894K->133685K(13212096K), 0.6058966 secs] 76247963K->64521294K(187275712K), 0.6063196 secs] [Times: user=3.65 sys=1.15, real=0.61 secs] 
2018-04-15T02:35:33.607+0800: 177092.603: [GC (Allocation Failure) 2018-04-15T02:35:33.607+0800: 177092.603: [ParNew: 11877813K->125144K(13212096K), 0.4818996 secs] 76265422K->64519004K(187275712K), 0.4823137 secs] [Times: user=3.51 sys=0.31, real=0.48 secs] 
2018-04-15T02:36:00.465+0800: 177119.461: [GC (Allocation Failure) 2018-04-15T02:36:00.465+0800: 177119.461: [ParNew: 11869272K->116893K(13212096K), 0.5428433 secs] 76263132K->64517712K(187275712K), 0.5432424 secs] [Times: user=3.80 sys=0.51, real=0.54 secs] 
2018-04-15T02:36:21.637+0800: 177140.633: [GC (Allocation Failure) 2018-04-15T02:36:21.638+0800: 177140.634: [ParNew: 11861021K->89148K(13212096K), 0.6230268 secs] 76261840K->64493953K(187275712K), 0.6234490 secs] [Times: user=3.27 sys=1.66, real=0.62 secs] 
2018-04-15T02:36:38.791+0800: 177157.787: [GC (Allocation Failure) 2018-04-15T02:36:38.791+0800: 177157.787: [ParNew: 11833276K->118003K(13212096K), 0.5820167 secs] 76238081K->64527488K(187275712K), 0.5824102 secs] [Times: user=3.95 sys=0.67, real=0.59 secs] 
2018-04-15T02:36:56.484+0800: 177175.480: [GC (Allocation Failure) 2018-04-15T02:36:56.484+0800: 177175.480: [ParNew: 11862131K->119584K(13212096K), 0.5727752 secs] 76271616K->64531297K(187275712K), 0.5731727 secs] [Times: user=4.01 sys=0.51, real=0.57 secs] 
2018-04-15T02:37:38.821+0800: 177217.817: [GC (Allocation Failure) 2018-04-15T02:37:38.821+0800: 177217.817: [ParNew: 11863712K->101735K(13212096K), 0.6711105 secs] 76275425K->64518100K(187275712K), 0.6715229 secs] [Times: user=3.89 sys=1.40, real=0.68 secs] 
2018-04-15T02:38:49.838+0800: 177288.834: [GC (Allocation Failure) 2018-04-15T02:38:49.838+0800: 177288.834: [ParNew: 11845863K->125092K(13212096K), 0.7003841 secs] 76262228K->64543640K(187275712K), 0.7007843 secs] [Times: user=4.32 sys=1.21, real=0.70 secs] 
2018-04-15T02:39:19.358+0800: 177318.354: [GC (Allocation Failure) 2018-04-15T02:39:19.358+0800: 177318.354: [ParNew: 11869220K->169806K(13212096K), 0.6240797 secs] 76287768K->64592657K(187275712K), 0.6244886 secs] [Times: user=3.76 sys=1.20, real=0.63 secs] 
2018-04-15T02:39:35.971+0800: 177334.967: [GC (Allocation Failure) 2018-04-15T02:39:35.971+0800: 177334.967: [ParNew: 11913934K->177811K(13212096K), 0.5152516 secs] 76336785K->64604401K(187275712K), 0.5156541 secs] [Times: user=3.77 sys=0.32, real=0.51 secs] 
2018-04-15T02:40:18.602+0800: 177377.598: [GC (Allocation Failure) 2018-04-15T02:40:18.602+0800: 177377.598: [ParNew: 11921939K->151519K(13212096K), 0.6442652 secs] 76348529K->64581701K(187275712K), 0.6446755 secs] [Times: user=3.77 sys=1.35, real=0.64 secs] 
2018-04-15T02:40:46.189+0800: 177405.185: [GC (Allocation Failure) 2018-04-15T02:40:46.189+0800: 177405.185: [ParNew: 11895647K->122272K(13212096K), 0.6928408 secs] 76325829K->64557004K(187275712K), 0.6932374 secs] [Times: user=4.57 sys=0.91, real=0.70 secs] 
2018-04-15T02:41:00.194+0800: 177419.190: [GC (Allocation Failure) 2018-04-15T02:41:00.194+0800: 177419.190: [ParNew: 11866400K->130200K(13212096K), 0.5610432 secs] 76301132K->64572823K(187275712K), 0.5614366 secs] [Times: user=4.08 sys=0.37, real=0.56 secs] 
2018-04-15T02:41:26.189+0800: 177445.185: [GC (Allocation Failure) 2018-04-15T02:41:26.190+0800: 177445.186: [ParNew: 11874328K->129671K(13212096K), 0.6918298 secs] 76316951K->64588925K(187275712K), 0.6922496 secs] [Times: user=4.22 sys=1.23, real=0.70 secs] 
2018-04-15T02:41:39.481+0800: 177458.477: [GC (Allocation Failure) 2018-04-15T02:41:39.481+0800: 177458.477: [ParNew: 11873799K->214370K(13212096K), 0.6182663 secs] 76333053K->64681180K(187275712K), 0.6186725 secs] [Times: user=4.75 sys=0.14, real=0.62 secs] 
2018-04-15T02:41:48.061+0800: 177467.057: [GC (Allocation Failure) 2018-04-15T02:41:48.062+0800: 177467.058: [ParNew: 11958498K->220570K(13212096K), 0.5089299 secs] 76425308K->64690320K(187275712K), 0.5093261 secs] [Times: user=3.59 sys=0.45, real=0.50 secs] 
2018-04-15T02:41:59.231+0800: 177478.227: [GC (Allocation Failure) 2018-04-15T02:41:59.231+0800: 177478.227: [ParNew: 11964698K->166129K(13212096K), 0.5200890 secs] 76434448K->64641051K(187275712K), 0.5204834 secs] [Times: user=3.80 sys=0.33, real=0.52 secs] 
2018-04-15T02:42:17.985+0800: 177496.981: [GC (Allocation Failure) 2018-04-15T02:42:17.986+0800: 177496.982: [ParNew: 11910257K->133271K(13212096K), 0.6234716 secs] 76385179K->64616162K(187275712K), 0.6238988 secs] [Times: user=3.53 sys=1.40, real=0.62 secs] 
2018-04-15T02:42:34.218+0800: 177513.214: [GC (Allocation Failure) 2018-04-15T02:42:34.218+0800: 177513.214: [ParNew: 11877399K->94674K(13212096K), 0.5406020 secs] 76360290K->64578648K(187275712K), 0.5410119 secs] [Times: user=3.84 sys=0.46, real=0.54 secs] 
2018-04-15T02:43:05.760+0800: 177544.756: [GC (Allocation Failure) 2018-04-15T02:43:05.760+0800: 177544.756: [ParNew: 11838802K->82755K(13212096K), 0.5809157 secs] 76322776K->64574076K(187275712K), 0.5813292 secs] [Times: user=3.77 sys=0.85, real=0.59 secs] 
2018-04-15T02:43:17.291+0800: 177556.287: [GC (Allocation Failure) 2018-04-15T02:43:17.291+0800: 177556.287: [ParNew: 11826883K->93872K(13212096K), 0.6011231 secs] 76318204K->64592530K(187275712K), 0.6015422 secs] [Times: user=3.70 sys=1.05, real=0.61 secs] 
2018-04-15T02:43:29.439+0800: 177568.435: [GC (Allocation Failure) 2018-04-15T02:43:29.439+0800: 177568.435: [ParNew: 11838000K->112799K(13212096K), 0.4985821 secs] 76336658K->64612386K(187275712K), 0.4989647 secs] [Times: user=3.75 sys=0.20, real=0.50 secs] 
2018-04-15T02:43:45.613+0800: 177584.609: [GC (Allocation Failure) 2018-04-15T02:43:45.614+0800: 177584.610: [ParNew: 11856927K->124553K(13212096K), 0.6254380 secs] 76356514K->64625356K(187275712K), 0.6258378 secs] [Times: user=4.15 sys=0.82, real=0.62 secs] 
2018-04-15T02:44:02.912+0800: 177601.908: [GC (Allocation Failure) 2018-04-15T02:44:02.912+0800: 177601.908: [ParNew: 11868681K->124236K(13212096K), 0.6351637 secs] 76369484K->64629550K(187275712K), 0.6355782 secs] [Times: user=3.27 sys=1.75, real=0.63 secs] 
2018-04-15T02:44:16.481+0800: 177615.477: [GC (Allocation Failure) 2018-04-15T02:44:16.481+0800: 177615.477: [ParNew: 11868364K->131608K(13212096K), 0.5539856 secs] 76373678K->64641901K(187275712K), 0.5543672 secs] [Times: user=4.14 sys=0.25, real=0.56 secs] 
2018-04-15T02:44:26.601+0800: 177625.597: [GC (Allocation Failure) 2018-04-15T02:44:26.601+0800: 177625.597: [ParNew: 11875736K->145666K(13212096K), 0.5137266 secs] 76386029K->64659983K(187275712K), 0.5140933 secs] [Times: user=3.85 sys=0.23, real=0.51 secs] 
2018-04-15T02:44:45.202+0800: 177644.198: [GC (Allocation Failure) 2018-04-15T02:44:45.202+0800: 177644.198: [ParNew: 11889794K->166675K(13212096K), 0.4912434 secs] 76404111K->64688616K(187275712K), 0.4916168 secs] [Times: user=3.19 sys=0.71, real=0.49 secs] 
2018-04-15T02:45:09.753+0800: 177668.749: [GC (Allocation Failure) 2018-04-15T02:45:09.753+0800: 177668.749: [ParNew: 11910803K->138416K(13212096K), 0.6187816 secs] 76432744K->64663670K(187275712K), 0.6191522 secs] [Times: user=3.72 sys=1.19, real=0.62 secs] 
2018-04-15T02:45:35.590+0800: 177694.586: [GC (Allocation Failure) 2018-04-15T02:45:35.591+0800: 177694.587: [ParNew: 11882544K->109241K(13212096K), 0.7189164 secs] 76407798K->64636962K(187275712K), 0.7192788 secs] [Times: user=4.57 sys=1.15, real=0.72 secs] 
2018-04-15T02:46:18.456+0800: 177737.452: [GC (Allocation Failure) 2018-04-15T02:46:18.456+0800: 177737.452: [ParNew: 11853369K->144423K(13212096K), 0.7902381 secs] 76381090K->64674555K(187275712K), 0.7906205 secs] [Times: user=4.70 sys=1.56, real=0.79 secs] 
2018-04-15T02:46:50.112+0800: 177769.108: [GC (Allocation Failure) 2018-04-15T02:46:50.112+0800: 177769.108: [ParNew: 11888551K->157211K(13212096K), 0.7000753 secs] 76418683K->64690377K(187275712K), 0.7004435 secs] [Times: user=4.43 sys=1.15, real=0.70 secs] 
2018-04-15T02:47:06.705+0800: 177785.701: [GC (Allocation Failure) 2018-04-15T02:47:06.705+0800: 177785.701: [ParNew: 11901339K->112420K(13212096K), 0.5133843 secs] 76434505K->64646678K(187275712K), 0.5137735 secs] [Times: user=3.81 sys=0.27, real=0.51 secs] 
2018-04-15T02:48:06.531+0800: 177845.527: [GC (Allocation Failure) 2018-04-15T02:48:06.532+0800: 177845.528: [ParNew: 11856548K->100289K(13212096K), 0.6659268 secs] 76390806K->64636329K(187275712K), 0.6663069 secs] [Times: user=3.96 sys=1.32, real=0.66 secs] 
2018-04-15T02:48:23.749+0800: 177862.745: [GC (Allocation Failure) 2018-04-15T02:48:23.749+0800: 177862.745: [ParNew: 11844417K->129768K(13212096K), 0.6139631 secs] 76380457K->64668519K(187275712K), 0.6143795 secs] [Times: user=4.27 sys=0.62, real=0.62 secs] 
2018-04-15T02:48:39.682+0800: 177878.678: [GC (Allocation Failure) 2018-04-15T02:48:39.682+0800: 177878.678: [ParNew: 11873896K->156265K(13212096K), 0.5452471 secs] 76412647K->64698520K(187275712K), 0.5456571 secs] [Times: user=3.91 sys=0.41, real=0.54 secs] 
2018-04-15T02:48:54.617+0800: 177893.613: [GC (Allocation Failure) 2018-04-15T02:48:54.617+0800: 177893.613: [ParNew: 11900393K->117951K(13212096K), 0.4866527 secs] 76442648K->64668484K(187275712K), 0.4870712 secs] [Times: user=3.86 sys=0.00, real=0.49 secs] 
2018-04-15T02:49:15.153+0800: 177914.149: [GC (Allocation Failure) 2018-04-15T02:49:15.153+0800: 177914.149: [ParNew: 11862079K->107782K(13212096K), 0.5945127 secs] 76412612K->64669625K(187275712K), 0.5949433 secs] [Times: user=3.39 sys=1.30, real=0.59 secs] 
2018-04-15T02:49:27.408+0800: 177926.404: [GC (Allocation Failure) 2018-04-15T02:49:27.409+0800: 177926.405: [ParNew: 11851910K->104398K(13212096K), 0.5494705 secs] 76413753K->64671974K(187275712K), 0.5498897 secs] [Times: user=3.89 sys=0.48, real=0.55 secs] 
2018-04-15T02:49:38.456+0800: 177937.452: [GC (Allocation Failure) 2018-04-15T02:49:38.456+0800: 177937.452: [ParNew: 11848526K->92663K(13212096K), 0.4972011 secs] 76416102K->64669973K(187275712K), 0.4976226 secs] [Times: user=3.79 sys=0.15, real=0.50 secs] 
2018-04-15T02:50:16.103+0800: 177975.099: [GC (Allocation Failure) 2018-04-15T02:50:16.104+0800: 177975.100: [ParNew: 11836791K->88416K(13212096K), 0.6625235 secs] 76414101K->64669699K(187275712K), 0.6629823 secs] [Times: user=3.61 sys=1.62, real=0.66 secs] 
2018-04-15T02:50:34.686+0800: 177993.682: [GC (Allocation Failure) 2018-04-15T02:50:34.686+0800: 177993.682: [ParNew: 11832544K->73256K(13212096K), 0.4893045 secs] 76413827K->64659274K(187275712K), 0.4897393 secs] [Times: user=3.70 sys=0.19, real=0.49 secs] 
2018-04-15T02:50:44.384+0800: 178003.380: [GC (Allocation Failure) 2018-04-15T02:50:44.384+0800: 178003.380: [ParNew: 11817384K->62651K(13212096K), 0.5566561 secs] 76403402K->64659081K(187275712K), 0.5571691 secs] [Times: user=4.11 sys=0.31, real=0.56 secs] 
2018-04-15T02:50:52.185+0800: 178011.181: [GC (Allocation Failure) 2018-04-15T02:50:52.186+0800: 178011.182: [ParNew: 11806779K->66204K(13212096K), 0.4862319 secs] 76403209K->64665626K(187275712K), 0.4866611 secs] [Times: user=3.73 sys=0.13, real=0.49 secs] 
2018-04-15T02:51:06.682+0800: 178025.678: [GC (Allocation Failure) 2018-04-15T02:51:06.683+0800: 178025.679: [ParNew: 11810332K->58210K(13212096K), 0.5089776 secs] 76409754K->64658751K(187275712K), 0.5096774 secs] [Times: user=3.95 sys=0.09, real=0.51 secs] 
2018-04-15T02:51:25.235+0800: 178044.231: [GC (Allocation Failure) 2018-04-15T02:51:25.235+0800: 178044.231: [ParNew: 11802338K->63106K(13212096K), 0.6067423 secs] 76402879K->64668882K(187275712K), 0.6071693 secs] [Times: user=3.91 sys=0.89, real=0.61 secs] 
2018-04-15T02:51:39.818+0800: 178058.814: [GC (Allocation Failure) 2018-04-15T02:51:39.818+0800: 178058.814: [ParNew: 11807234K->63584K(13212096K), 0.5268456 secs] 76413010K->64672841K(187275712K), 0.5272713 secs] [Times: user=3.73 sys=0.45, real=0.53 secs] 
2018-04-15T02:52:14.913+0800: 178093.909: [GC (Allocation Failure) 2018-04-15T02:52:14.913+0800: 178093.909: [ParNew: 11807712K->55267K(13212096K), 0.5614234 secs] 76416969K->64666084K(187275712K), 0.5618499 secs] [Times: user=4.45 sys=0.00, real=0.56 secs] 
2018-04-15T02:53:32.440+0800: 178171.436: [GC (Allocation Failure) 2018-04-15T02:53:32.440+0800: 178171.437: [ParNew: 11799395K->62992K(13212096K), 0.7998052 secs] 76410212K->64674303K(187275712K), 0.8002236 secs] [Times: user=4.54 sys=1.81, real=0.80 secs] 
2018-04-15T02:54:54.684+0800: 178253.680: [GC (Allocation Failure) 2018-04-15T02:54:54.684+0800: 178253.680: [ParNew: 11807120K->69728K(13212096K), 0.6558705 secs] 76418431K->64681855K(187275712K), 0.6563056 secs] [Times: user=3.41 sys=1.75, real=0.65 secs] 
2018-04-15T02:55:43.669+0800: 178302.665: [GC (Allocation Failure) 2018-04-15T02:55:43.669+0800: 178302.665: [ParNew: 11813856K->103988K(13212096K), 0.7268156 secs] 76425983K->64718799K(187275712K), 0.7272418 secs] [Times: user=4.90 sys=0.83, real=0.73 secs] 
2018-04-15T02:57:34.811+0800: 178413.807: [GC (Allocation Failure) 2018-04-15T02:57:34.811+0800: 178413.807: [ParNew: 11848116K->116041K(13212096K), 0.9345292 secs] 76462927K->64733510K(187275712K), 0.9349941 secs] [Times: user=5.43 sys=1.93, real=0.94 secs] 
2018-04-15T02:57:47.762+0800: 178426.758: [GC (Allocation Failure) 2018-04-15T02:57:47.762+0800: 178426.758: [ParNew: 11860169K->104416K(13212096K), 0.5654163 secs] 76477638K->64723085K(187275712K), 0.5658395 secs] [Times: user=4.07 sys=0.41, real=0.56 secs] 
2018-04-15T02:57:59.615+0800: 178438.611: [GC (Allocation Failure) 2018-04-15T02:57:59.615+0800: 178438.611: [ParNew: 11848544K->111066K(13212096K), 0.4726470 secs] 76467213K->64733168K(187275712K), 0.4730817 secs] [Times: user=3.64 sys=0.11, real=0.47 secs] 
2018-04-15T02:58:12.452+0800: 178451.448: [GC (Allocation Failure) 2018-04-15T02:58:12.453+0800: 178451.449: [ParNew: 11855194K->96659K(13212096K), 0.5987536 secs] 76477296K->64724236K(187275712K), 0.5991954 secs] [Times: user=3.14 sys=1.60, real=0.60 secs] 
2018-04-15T02:58:37.946+0800: 178476.942: [GC (Allocation Failure) 2018-04-15T02:58:37.946+0800: 178476.942: [ParNew: 11840787K->89950K(13212096K), 0.5553990 secs] 76468364K->64725465K(187275712K), 0.5558263 secs] [Times: user=3.86 sys=0.55, real=0.56 secs] 
2018-04-15T02:59:02.262+0800: 178501.258: [GC (Allocation Failure) 2018-04-15T02:59:02.262+0800: 178501.258: [ParNew: 11834078K->80631K(13212096K), 0.5087623 secs] 76469593K->64726108K(187275712K), 0.5091965 secs] [Times: user=3.64 sys=0.39, real=0.51 secs] 
2018-04-15T03:00:08.732+0800: 178567.728: [GC (Allocation Failure) 2018-04-15T03:00:08.732+0800: 178567.728: [ParNew: 11824759K->65435K(13212096K), 0.8848012 secs] 76470236K->64725018K(187275712K), 0.8852447 secs] [Times: user=4.48 sys=2.50, real=0.88 secs] 
2018-04-15T03:00:31.767+0800: 178590.763: [GC (Allocation Failure) 2018-04-15T03:00:31.768+0800: 178590.764: [ParNew: 11809563K->50042K(13212096K), 0.5289333 secs] 76469146K->64712271K(187275712K), 0.5293582 secs] [Times: user=3.68 sys=0.53, real=0.53 secs] 
2018-04-15T03:01:11.104+0800: 178630.100: [GC (Allocation Failure) 2018-04-15T03:01:11.104+0800: 178630.100: [ParNew: 11794170K->57151K(13212096K), 0.6348823 secs] 76456399K->64721245K(187275712K), 0.6353251 secs] [Times: user=4.24 sys=0.79, real=0.63 secs] 
2018-04-15T03:03:01.521+0800: 178740.517: [GC (Allocation Failure) 2018-04-15T03:03:01.521+0800: 178740.517: [ParNew: 11801279K->51705K(13212096K), 0.8931059 secs] 76465373K->64716572K(187275712K), 0.8935346 secs] [Times: user=5.00 sys=2.05, real=0.90 secs] 
2018-04-15T03:03:19.671+0800: 178758.667: [GC (Allocation Failure) 2018-04-15T03:03:19.672+0800: 178758.668: [ParNew: 11795833K->84259K(13212096K), 0.5454448 secs] 76460700K->64750679K(187275712K), 0.5458794 secs] [Times: user=4.06 sys=0.28, real=0.54 secs] 
2018-04-15T03:03:31.992+0800: 178770.988: [GC (Allocation Failure) 2018-04-15T03:03:31.992+0800: 178770.988: [ParNew: 11828387K->82901K(13212096K), 0.5033779 secs] 76494807K->64751917K(187275712K), 0.5038036 secs] [Times: user=3.68 sys=0.31, real=0.50 secs] 
2018-04-15T03:03:46.763+0800: 178785.759: [GC (Allocation Failure) 2018-04-15T03:03:46.763+0800: 178785.759: [ParNew: 11827029K->92979K(13212096K), 0.5234784 secs] 76496045K->64769284K(187275712K), 0.5239049 secs] [Times: user=3.86 sys=0.29, real=0.52 secs] 
2018-04-15T03:04:02.318+0800: 178801.314: [GC (Allocation Failure) 2018-04-15T03:04:02.318+0800: 178801.314: [ParNew: 11837107K->98460K(13212096K), 0.5426836 secs] 76513412K->64780039K(187275712K), 0.5431094 secs] [Times: user=3.82 sys=0.48, real=0.54 secs] 
2018-04-15T03:04:19.509+0800: 178818.505: [GC (Allocation Failure) 2018-04-15T03:04:19.509+0800: 178818.505: [ParNew: 11842588K->85314K(13212096K), 0.5242476 secs] 76524167K->64767919K(187275712K), 0.5246699 secs] [Times: user=3.68 sys=0.48, real=0.53 secs] 
2018-04-15T03:04:34.400+0800: 178833.396: [GC (Allocation Failure) 2018-04-15T03:04:34.401+0800: 178833.397: [ParNew: 11829442K->72183K(13212096K), 0.5261230 secs] 76512047K->64765482K(187275712K), 0.5265395 secs] [Times: user=3.68 sys=0.49, real=0.53 secs] 
2018-04-15T03:04:48.123+0800: 178847.119: [GC (Allocation Failure) 2018-04-15T03:04:48.123+0800: 178847.119: [ParNew: 11816311K->66485K(13212096K), 0.4843501 secs] 76509610K->64762722K(187275712K), 0.4847843 secs] [Times: user=3.64 sys=0.21, real=0.48 secs] 
2018-04-15T03:04:56.355+0800: 178855.351: [GC (Allocation Failure) 2018-04-15T03:04:56.355+0800: 178855.351: [ParNew: 11810613K->92323K(13212096K), 0.4758321 secs] 76506850K->64790533K(187275712K), 0.4762491 secs] [Times: user=3.39 sys=0.39, real=0.47 secs] 
2018-04-15T03:05:06.505+0800: 178865.501: [GC (Allocation Failure) 2018-04-15T03:05:06.505+0800: 178865.501: [ParNew: 11836451K->106134K(13212096K), 0.6025344 secs] 76534661K->64806174K(187275712K), 0.6029706 secs] [Times: user=3.73 sys=1.04, real=0.60 secs] 
2018-04-15T03:05:15.116+0800: 178874.112: [GC (Allocation Failure) 2018-04-15T03:05:15.116+0800: 178874.112: [ParNew: 11850262K->109009K(13212096K), 0.5999844 secs] 76550302K->64809876K(187275712K), 0.6003960 secs] [Times: user=4.69 sys=0.07, real=0.60 secs] 
2018-04-15T03:05:22.617+0800: 178881.613: [GC (Allocation Failure) 2018-04-15T03:05:22.617+0800: 178881.614: [ParNew: 11853137K->108487K(13212096K), 0.5035466 secs] 76554004K->64810886K(187275712K), 0.5039021 secs] [Times: user=3.87 sys=0.13, real=0.51 secs] 
2018-04-15T03:05:39.980+0800: 178898.976: [GC (Allocation Failure) 2018-04-15T03:05:39.980+0800: 178898.976: [ParNew: 11852615K->60974K(13212096K), 0.5448440 secs] 76555014K->64768072K(187275712K), 0.5451945 secs] [Times: user=3.74 sys=0.59, real=0.55 secs] 
2018-04-15T03:05:52.626+0800: 178911.622: [GC (Allocation Failure) 2018-04-15T03:05:52.627+0800: 178911.623: [ParNew: 11805102K->63463K(13212096K), 0.5987702 secs] 76512200K->64771672K(187275712K), 0.5991886 secs] [Times: user=3.16 sys=1.59, real=0.60 secs] 
2018-04-15T03:06:30.553+0800: 178949.549: [GC (Allocation Failure) 2018-04-15T03:06:30.553+0800: 178949.549: [ParNew: 11807591K->76561K(13212096K), 0.5977800 secs] 76515800K->64785692K(187275712K), 0.5981857 secs] [Times: user=3.76 sys=0.98, real=0.59 secs] 
2018-04-15T03:07:00.350+0800: 178979.346: [GC (Allocation Failure) 2018-04-15T03:07:00.350+0800: 178979.346: [ParNew: 11820689K->100096K(13212096K), 0.5495612 secs] 76529820K->64810580K(187275712K), 0.5499698 secs] [Times: user=4.01 sys=0.34, real=0.55 secs] 
2018-04-15T03:07:13.675+0800: 178992.671: [GC (Allocation Failure) 2018-04-15T03:07:13.675+0800: 178992.671: [ParNew: 11844224K->150684K(13212096K), 0.6195631 secs] 76554708K->64862568K(187275712K), 0.6199831 secs] [Times: user=3.69 sys=1.23, real=0.62 secs] 
2018-04-15T03:07:24.377+0800: 179003.373: [GC (Allocation Failure) 2018-04-15T03:07:24.377+0800: 179003.373: [ParNew: 11894812K->159743K(13212096K), 0.5368610 secs] 76606696K->64872651K(187275712K), 0.5372105 secs] [Times: user=3.94 sys=0.30, real=0.54 secs] 
2018-04-15T03:07:36.368+0800: 179015.364: [GC (Allocation Failure) 2018-04-15T03:07:36.369+0800: 179015.365: [ParNew: 11903871K->138316K(13212096K), 0.5032640 secs] 76616779K->64852623K(187275712K), 0.5036207 secs] [Times: user=3.81 sys=0.19, real=0.51 secs] 
2018-04-15T03:08:08.202+0800: 179047.198: [GC (Allocation Failure) 2018-04-15T03:08:08.202+0800: 179047.198: [ParNew: 11882444K->127785K(13212096K), 0.5283695 secs] 76596751K->64842912K(187275712K), 0.5287650 secs] [Times: user=3.79 sys=0.41, real=0.52 secs] 
2018-04-15T03:09:31.796+0800: 179130.792: [GC (Allocation Failure) 2018-04-15T03:09:31.796+0800: 179130.792: [ParNew: 11871913K->139448K(13212096K), 0.8937621 secs] 76587040K->64861437K(187275712K), 0.8940990 secs] [Times: user=4.87 sys=2.21, real=0.89 secs] 
2018-04-15T03:10:21.812+0800: 179180.808: [GC (Allocation Failure) 2018-04-15T03:10:21.812+0800: 179180.808: [ParNew: 11883576K->151434K(13212096K), 0.7038646 secs] 76605565K->64879206K(187275712K), 0.7042533 secs] [Times: user=4.13 sys=1.41, real=0.70 secs] 
2018-04-15T03:11:00.418+0800: 179219.414: [GC (Allocation Failure) 2018-04-15T03:11:00.418+0800: 179219.414: [ParNew: 11895562K->189765K(13212096K), 0.6746304 secs] 76623334K->64925974K(187275712K), 0.6749795 secs] [Times: user=4.71 sys=0.59, real=0.68 secs] 
2018-04-15T03:12:32.991+0800: 179311.987: [GC (Allocation Failure) 2018-04-15T03:12:32.991+0800: 179311.987: [ParNew: 11933893K->165360K(13212096K), 0.7768072 secs] 76670102K->64907440K(187275712K), 0.7772666 secs] [Times: user=4.57 sys=1.57, real=0.78 secs] 
2018-04-15T03:12:46.816+0800: 179325.812: [GC (Allocation Failure) 2018-04-15T03:12:46.816+0800: 179325.812: [ParNew: 11909488K->130530K(13212096K), 0.4834772 secs] 76651568K->64874753K(187275712K), 0.4839122 secs] [Times: user=3.76 sys=0.09, real=0.48 secs] 
2018-04-15T03:13:04.943+0800: 179343.939: [GC (Allocation Failure) 2018-04-15T03:13:04.943+0800: 179343.939: [ParNew: 11874658K->134716K(13212096K), 0.5519871 secs] 76618881K->64886735K(187275712K), 0.5524187 secs] [Times: user=3.87 sys=0.51, real=0.55 secs] 
2018-04-15T03:13:19.169+0800: 179358.165: [GC (Allocation Failure) 2018-04-15T03:13:19.169+0800: 179358.165: [ParNew: 11878844K->114675K(13212096K), 0.4926397 secs] 76630863K->64876623K(187275712K), 0.4930775 secs] [Times: user=3.28 sys=0.63, real=0.50 secs] 
2018-04-15T03:13:26.757+0800: 179365.753: [GC (Allocation Failure) 2018-04-15T03:13:26.757+0800: 179365.753: [ParNew: 11858803K->93314K(13212096K), 0.5671388 secs] 76620751K->64865482K(187275712K), 0.5676549 secs] [Times: user=3.32 sys=1.18, real=0.57 secs] 
2018-04-15T03:13:37.436+0800: 179376.433: [GC (Allocation Failure) 2018-04-15T03:13:37.437+0800: 179376.433: [ParNew: 11837442K->73327K(13212096K), 0.4887417 secs] 76609610K->64869704K(187275712K), 0.4891826 secs] [Times: user=3.86 sys=0.00, real=0.49 secs] 
2018-04-15T03:13:49.255+0800: 179388.251: [GC (Allocation Failure) 2018-04-15T03:13:49.255+0800: 179388.251: [ParNew: 11817455K->36861K(13212096K), 0.5014485 secs] 76613832K->64848990K(187275712K), 0.5018785 secs] [Times: user=3.30 sys=0.68, real=0.50 secs] 
2018-04-15T03:14:35.316+0800: 179434.312: [GC (Allocation Failure) 2018-04-15T03:14:35.316+0800: 179434.313: [ParNew: 11780989K->31362K(13212096K), 0.6128210 secs] 76593118K->64845197K(187275712K), 0.6132649 secs] [Times: user=4.51 sys=0.36, real=0.61 secs] 
2018-04-15T03:15:30.235+0800: 179489.231: [GC (Allocation Failure) 2018-04-15T03:15:30.235+0800: 179489.231: [ParNew: 11775490K->43935K(13212096K), 0.6899922 secs] 76589325K->64858346K(187275712K), 0.6903501 secs] [Times: user=4.07 sys=1.39, real=0.69 secs] 
2018-04-15T03:16:32.336+0800: 179551.332: [GC (Allocation Failure) 2018-04-15T03:16:32.336+0800: 179551.332: [ParNew: 11788063K->67564K(13212096K), 0.6998366 secs] 76602474K->64882394K(187275712K), 0.7002623 secs] [Times: user=4.80 sys=0.73, real=0.70 secs] 
2018-04-15T03:17:13.162+0800: 179592.159: [GC (Allocation Failure) 2018-04-15T03:17:13.163+0800: 179592.159: [ParNew: 11811692K->92271K(13212096K), 0.6352892 secs] 76626522K->64907400K(187275712K), 0.6357296 secs] [Times: user=3.67 sys=1.37, real=0.63 secs] 
2018-04-15T03:18:40.032+0800: 179679.028: [GC (Allocation Failure) 2018-04-15T03:18:40.032+0800: 179679.028: [ParNew: 11836399K->98094K(13212096K), 0.6483174 secs] 76651528K->64913523K(187275712K), 0.6487379 secs] [Times: user=4.59 sys=0.54, real=0.64 secs] 
2018-04-15T03:19:40.623+0800: 179739.619: [GC (Allocation Failure) 2018-04-15T03:19:40.624+0800: 179739.620: [ParNew: 11842222K->91480K(13212096K), 0.7336340 secs] 76657651K->64907290K(187275712K), 0.7340607 secs] [Times: user=4.38 sys=1.42, real=0.73 secs] 
2018-04-15T03:20:42.212+0800: 179801.208: [GC (Allocation Failure) 2018-04-15T03:20:42.212+0800: 179801.208: [ParNew: 11835608K->142701K(13212096K), 0.7689913 secs] 76651418K->64961131K(187275712K), 0.7694207 secs] [Times: user=3.82 sys=2.25, real=0.77 secs] 
2018-04-15T03:21:02.030+0800: 179821.026: [GC (Allocation Failure) 2018-04-15T03:21:02.031+0800: 179821.027: [ParNew: 11886829K->171867K(13212096K), 0.6607096 secs] 76705259K->64993523K(187275712K), 0.6611266 secs] [Times: user=4.52 sys=0.74, real=0.67 secs] 
2018-04-15T03:21:27.377+0800: 179846.373: [GC (Allocation Failure) 2018-04-15T03:21:27.377+0800: 179846.373: [ParNew: 11915995K->136222K(13212096K), 0.6924083 secs] 76737651K->64967199K(187275712K), 0.6928269 secs] [Times: user=5.08 sys=0.42, real=0.69 secs] 
2018-04-15T03:21:39.471+0800: 179858.467: [GC (Allocation Failure) 2018-04-15T03:21:39.471+0800: 179858.467: [ParNew: 11880350K->140798K(13212096K), 0.5228378 secs] 76711327K->64975223K(187275712K), 0.5232578 secs] [Times: user=4.04 sys=0.11, real=0.52 secs] 
2018-04-15T03:21:54.248+0800: 179873.244: [GC (Allocation Failure) 2018-04-15T03:21:54.249+0800: 179873.245: [ParNew: 11884926K->138336K(13212096K), 0.5944578 secs] 76719351K->64979034K(187275712K), 0.5948981 secs] [Times: user=3.29 sys=1.42, real=0.60 secs] 
2018-04-15T03:22:06.985+0800: 179885.981: [GC (Allocation Failure) 2018-04-15T03:22:06.985+0800: 179885.981: [ParNew: 11882464K->106504K(13212096K), 0.5315986 secs] 76723162K->64954729K(187275712K), 0.5320091 secs] [Times: user=3.96 sys=0.27, real=0.53 secs] 
2018-04-15T03:22:27.639+0800: 179906.635: [GC (Allocation Failure) 2018-04-15T03:22:27.639+0800: 179906.635: [ParNew: 11850632K->90635K(13212096K), 0.5492358 secs] 76698857K->64961606K(187275712K), 0.5496699 secs] [Times: user=3.88 sys=0.48, real=0.55 secs] 
2018-04-15T03:22:40.961+0800: 179919.957: [GC (Allocation Failure) 2018-04-15T03:22:40.961+0800: 179919.957: [ParNew: 11834763K->80083K(13212096K), 0.5033769 secs] 76705734K->64954909K(187275712K), 0.5038708 secs] [Times: user=3.42 sys=0.58, real=0.51 secs] 
2018-04-15T03:22:57.499+0800: 179936.495: [GC (Allocation Failure) 2018-04-15T03:22:57.499+0800: 179936.495: [ParNew: 11824211K->82747K(13212096K), 0.6025013 secs] 76699037K->64964994K(187275712K), 0.6029260 secs] [Times: user=4.02 sys=0.75, real=0.61 secs] 
2018-04-15T03:23:17.390+0800: 179956.386: [GC (Allocation Failure) 2018-04-15T03:23:17.390+0800: 179956.386: [ParNew: 11826875K->74272K(13212096K), 0.5196692 secs] 76709122K->64958904K(187275712K), 0.5200900 secs] [Times: user=3.66 sys=0.47, real=0.52 secs] 
2018-04-15T03:23:36.332+0800: 179975.328: [GC (Allocation Failure) 2018-04-15T03:23:36.332+0800: 179975.328: [ParNew: 11818400K->94607K(13212096K), 0.4839260 secs] 76703032K->64981859K(187275712K), 0.4843425 secs] [Times: user=3.74 sys=0.10, real=0.48 secs] 
2018-04-15T03:24:00.667+0800: 179999.663: [GC (Allocation Failure) 2018-04-15T03:24:00.667+0800: 179999.663: [ParNew: 11838735K->98926K(13212096K), 0.6317217 secs] 76725987K->64988002K(187275712K), 0.6321491 secs] [Times: user=3.52 sys=1.49, real=0.63 secs] 
2018-04-15T03:24:20.174+0800: 180019.171: [GC (Allocation Failure) 2018-04-15T03:24:20.175+0800: 180019.171: [ParNew: 11843054K->86033K(13212096K), 0.6386634 secs] 76732130K->64977054K(187275712K), 0.6390826 secs] [Times: user=4.44 sys=0.63, real=0.64 secs] 
2018-04-15T03:24:48.375+0800: 180047.371: [GC (Allocation Failure) 2018-04-15T03:24:48.375+0800: 180047.371: [ParNew: 11830161K->89051K(13212096K), 0.6309091 secs] 76721182K->64982300K(187275712K), 0.6313551 secs] [Times: user=3.35 sys=1.62, real=0.63 secs] 
2018-04-15T03:25:14.284+0800: 180073.280: [GC (Allocation Failure) 2018-04-15T03:25:14.284+0800: 180073.280: [ParNew: 11833179K->91583K(13212096K), 0.6153890 secs] 76726428K->64986397K(187275712K), 0.6158073 secs] [Times: user=4.30 sys=0.59, real=0.61 secs] 
2018-04-15T03:25:33.703+0800: 180092.699: [GC (Allocation Failure) 2018-04-15T03:25:33.704+0800: 180092.700: [ParNew: 11835711K->86198K(13212096K), 0.5452293 secs] 76730525K->64984370K(187275712K), 0.5456469 secs] [Times: user=3.86 sys=0.48, real=0.54 secs] 
2018-04-15T03:26:00.089+0800: 180119.085: [GC (Allocation Failure) 2018-04-15T03:26:00.089+0800: 180119.085: [ParNew: 11830326K->91418K(13212096K), 0.6074290 secs] 76728498K->64994889K(187275712K), 0.6078648 secs] [Times: user=4.16 sys=0.65, real=0.61 secs] 
2018-04-15T03:26:11.448+0800: 180130.444: [GC (Allocation Failure) 2018-04-15T03:26:11.449+0800: 180130.445: [ParNew: 11835546K->88129K(13212096K), 0.5457537 secs] 76739017K->64997016K(187275712K), 0.5461692 secs] [Times: user=3.97 sys=0.36, real=0.55 secs] 
2018-04-15T03:26:22.897+0800: 180141.893: [GC (Allocation Failure) 2018-04-15T03:26:22.898+0800: 180141.894: [ParNew: 11832257K->103166K(13212096K), 0.4759553 secs] 76741144K->65016324K(187275712K), 0.4763676 secs] [Times: user=3.62 sys=0.16, real=0.48 secs] 
2018-04-15T03:26:39.516+0800: 180158.512: [GC (Allocation Failure) 2018-04-15T03:26:39.516+0800: 180158.512: [ParNew: 11847294K->97924K(13212096K), 0.5096499 secs] 76760452K->65016301K(187275712K), 0.5100710 secs] [Times: user=3.93 sys=0.11, real=0.51 secs] 
2018-04-15T03:26:58.900+0800: 180177.897: [GC (Allocation Failure) 2018-04-15T03:26:58.901+0800: 180177.897: [ParNew: 11842052K->110937K(13212096K), 0.5966889 secs] 76760429K->65036797K(187275712K), 0.5971220 secs] [Times: user=3.39 sys=1.34, real=0.60 secs] 
2018-04-15T03:27:29.536+0800: 180208.532: [GC (Allocation Failure) 2018-04-15T03:27:29.536+0800: 180208.532: [ParNew: 11855065K->134774K(13212096K), 0.6390966 secs] 76780925K->65066188K(187275712K), 0.6394610 secs] [Times: user=4.24 sys=0.82, real=0.64 secs] 
2018-04-15T03:27:56.571+0800: 180235.567: [GC (Allocation Failure) 2018-04-15T03:27:56.572+0800: 180235.568: [ParNew: 11878902K->103183K(13212096K), 0.6233534 secs] 76810316K->65038927K(187275712K), 0.6237993 secs] [Times: user=3.98 sys=0.94, real=0.62 secs] 
2018-04-15T03:28:17.735+0800: 180256.731: [GC (Allocation Failure) 2018-04-15T03:28:17.736+0800: 180256.732: [ParNew: 11847311K->93349K(13212096K), 0.5234297 secs] 76783055K->65031445K(187275712K), 0.5238589 secs] [Times: user=3.86 sys=0.30, real=0.52 secs] 
2018-04-15T03:28:44.697+0800: 180283.693: [GC (Allocation Failure) 2018-04-15T03:28:44.698+0800: 180283.694: [ParNew: 11837477K->83049K(13212096K), 0.6224917 secs] 76775573K->65022491K(187275712K), 0.6229229 secs] [Times: user=4.70 sys=0.25, real=0.62 secs] 
2018-04-15T03:29:18.651+0800: 180317.647: [GC (Allocation Failure) 2018-04-15T03:29:18.651+0800: 180317.647: [ParNew: 11827177K->147932K(13212096K), 0.6328677 secs] 76766619K->65091788K(187275712K), 0.6333102 secs] [Times: user=3.51 sys=1.47, real=0.64 secs] 
2018-04-15T03:30:04.111+0800: 180363.107: [GC (Allocation Failure) 2018-04-15T03:30:04.112+0800: 180363.108: [ParNew: 11892060K->148903K(13212096K), 0.6065306 secs] 76835916K->65096900K(187275712K), 0.6069738 secs] [Times: user=4.50 sys=0.31, real=0.60 secs] 
2018-04-15T03:30:30.132+0800: 180389.128: [GC (Allocation Failure) 2018-04-15T03:30:30.132+0800: 180389.128: [ParNew: 11893031K->153434K(13212096K), 0.6271114 secs] 76841028K->65108405K(187275712K), 0.6275575 secs] [Times: user=4.19 sys=0.78, real=0.62 secs] 
2018-04-15T03:31:11.689+0800: 180430.685: [GC (Allocation Failure) 2018-04-15T03:31:11.690+0800: 180430.686: [ParNew: 11897562K->137164K(13212096K), 0.7501081 secs] 76852533K->65096951K(187275712K), 0.7505530 secs] [Times: user=4.89 sys=1.05, real=0.75 secs] 
2018-04-15T03:32:07.507+0800: 180486.503: [GC (Allocation Failure) 2018-04-15T03:32:07.507+0800: 180486.503: [ParNew: 11881292K->158782K(13212096K), 0.6955572 secs] 76841079K->65124124K(187275712K), 0.6959956 secs] [Times: user=3.86 sys=1.64, real=0.70 secs] 
2018-04-15T03:32:36.733+0800: 180515.729: [GC (Allocation Failure) 2018-04-15T03:32:36.734+0800: 180515.730: [ParNew: 11902910K->159378K(13212096K), 0.5806299 secs] 76868252K->65128998K(187275712K), 0.5810530 secs] [Times: user=4.08 sys=0.51, real=0.58 secs] 
2018-04-15T03:32:55.045+0800: 180534.041: [GC (Allocation Failure) 2018-04-15T03:32:55.045+0800: 180534.041: [ParNew: 11903506K->159640K(13212096K), 0.7257313 secs] 76873126K->65140467K(187275712K), 0.7261746 secs] [Times: user=4.64 sys=1.11, real=0.73 secs] 
2018-04-15T03:33:09.375+0800: 180548.371: [GC (Allocation Failure) 2018-04-15T03:33:09.375+0800: 180548.371: [ParNew: 11903768K->189004K(13212096K), 0.5355763 secs] 76884595K->65177827K(187275712K), 0.5360014 secs] [Times: user=4.09 sys=0.15, real=0.54 secs] 
2018-04-15T03:33:23.302+0800: 180562.298: [GC (Allocation Failure) 2018-04-15T03:33:23.302+0800: 180562.298: [ParNew: 11933132K->239748K(13212096K), 0.5961638 secs] 76921955K->65233983K(187275712K), 0.5965904 secs] [Times: user=4.25 sys=0.48, real=0.59 secs] 
2018-04-15T03:33:45.666+0800: 180584.662: [GC (Allocation Failure) 2018-04-15T03:33:45.667+0800: 180584.663: [ParNew: 11983876K->229486K(13212096K), 0.6834815 secs] 76978111K->65234730K(187275712K), 0.6838741 secs] [Times: user=5.22 sys=0.19, real=0.68 secs] 
2018-04-15T03:34:58.437+0800: 180657.433: [GC (Allocation Failure) 2018-04-15T03:34:58.437+0800: 180657.433: [ParNew: 11973614K->123508K(13212096K), 0.8116650 secs] 76978858K->65137894K(187275712K), 0.8120182 secs] [Times: user=4.13 sys=2.32, real=0.81 secs] 
2018-04-15T03:35:25.809+0800: 180684.805: [GC (Allocation Failure) 2018-04-15T03:35:25.809+0800: 180684.805: [ParNew: 11867636K->86413K(13212096K), 0.5055120 secs] 76882022K->65113946K(187275712K), 0.5058574 secs] [Times: user=3.79 sys=0.21, real=0.51 secs] 
2018-04-15T03:35:40.541+0800: 180699.537: [GC (Allocation Failure) 2018-04-15T03:35:40.541+0800: 180699.537: [ParNew: 11830541K->78640K(13212096K), 0.6394960 secs] 76858074K->65108700K(187275712K), 0.6398606 secs] [Times: user=3.69 sys=1.39, real=0.64 secs] 
2018-04-15T03:35:58.248+0800: 180717.244: [GC (Allocation Failure) 2018-04-15T03:35:58.248+0800: 180717.244: [ParNew: 11822768K->70333K(13212096K), 0.5516638 secs] 76852828K->65105073K(187275712K), 0.5520800 secs] [Times: user=3.85 sys=0.53, real=0.55 secs] 
2018-04-15T03:36:07.165+0800: 180726.161: [GC (Allocation Failure) 2018-04-15T03:36:07.166+0800: 180726.162: [ParNew: 11814461K->87225K(13212096K), 0.4982078 secs] 76849201K->65126374K(187275712K), 0.4986180 secs] [Times: user=3.77 sys=0.17, real=0.50 secs] 
2018-04-15T03:36:17.917+0800: 180736.913: [GC (Allocation Failure) 2018-04-15T03:36:17.917+0800: 180736.913: [ParNew: 11831353K->93125K(13212096K), 0.5130242 secs] 76870502K->65141782K(187275712K), 0.5134406 secs] [Times: user=3.47 sys=0.58, real=0.51 secs] 
2018-04-15T03:36:31.542+0800: 180750.538: [GC (Allocation Failure) 2018-04-15T03:36:31.542+0800: 180750.538: [ParNew: 11837253K->89882K(13212096K), 0.6037344 secs] 76885910K->65150201K(187275712K), 0.6041651 secs] [Times: user=3.19 sys=1.59, real=0.60 secs] 
2018-04-15T03:37:09.211+0800: 180788.207: [GC (Allocation Failure) 2018-04-15T03:37:09.212+0800: 180788.208: [ParNew: 11834010K->83116K(13212096K), 0.6409125 secs] 76894329K->65148583K(187275712K), 0.6413350 secs] [Times: user=4.70 sys=0.39, real=0.64 secs] 
2018-04-15T03:38:09.537+0800: 180848.533: [GC (Allocation Failure) 2018-04-15T03:38:09.537+0800: 180848.533: [ParNew: 11827244K->112580K(13212096K), 0.7828193 secs] 76892711K->65179124K(187275712K), 0.7832721 secs] [Times: user=4.91 sys=1.30, real=0.78 secs] 
2018-04-15T03:38:51.153+0800: 180890.149: [GC (Allocation Failure) 2018-04-15T03:38:51.153+0800: 180890.149: [ParNew: 11856708K->83058K(13212096K), 0.5984210 secs] 76923252K->65151811K(187275712K), 0.5988516 secs] [Times: user=3.99 sys=0.77, real=0.60 secs] 
2018-04-15T03:39:17.419+0800: 180916.415: [GC (Allocation Failure) 2018-04-15T03:39:17.419+0800: 180916.415: [ParNew: 11827186K->102182K(13212096K), 0.6451093 secs] 76895939K->65172708K(187275712K), 0.6455515 secs] [Times: user=3.40 sys=1.70, real=0.65 secs] 
2018-04-15T03:40:06.421+0800: 180965.417: [GC (Allocation Failure) 2018-04-15T03:40:06.421+0800: 180965.417: [ParNew: 11846310K->127894K(13212096K), 0.7287828 secs] 76916836K->65202840K(187275712K), 0.7292035 secs] [Times: user=4.90 sys=0.87, real=0.73 secs] 
2018-04-15T03:40:23.786+0800: 180982.782: [GC (Allocation Failure) 2018-04-15T03:40:23.787+0800: 180982.783: [ParNew: 11872022K->131459K(13212096K), 0.5387598 secs] 76946968K->65207760K(187275712K), 0.5391834 secs] [Times: user=3.91 sys=0.37, real=0.54 secs] 
2018-04-15T03:40:33.542+0800: 180992.538: [GC (Allocation Failure) 2018-04-15T03:40:33.542+0800: 180992.538: [ParNew: 11875587K->117348K(13212096K), 0.4964304 secs] 76951888K->65202531K(187275712K), 0.4968490 secs] [Times: user=3.90 sys=0.04, real=0.49 secs] 
2018-04-15T03:40:41.632+0800: 181000.628: [GC (Allocation Failure) 2018-04-15T03:40:41.632+0800: 181000.628: [ParNew: 11861476K->122939K(13212096K), 0.6231387 secs] 76946659K->65219418K(187275712K), 0.6235750 secs] [Times: user=3.56 sys=1.36, real=0.62 secs] 
2018-04-15T03:40:48.048+0800: 181007.044: [GC (Allocation Failure) 2018-04-15T03:40:48.049+0800: 181007.045: [ParNew: 11867067K->130421K(13212096K), 0.5153374 secs] 76963546K->65237515K(187275712K), 0.5157624 secs] [Times: user=3.53 sys=0.55, real=0.52 secs] 
2018-04-15T03:40:56.556+0800: 181015.552: [GC (Allocation Failure) 2018-04-15T03:40:56.556+0800: 181015.552: [ParNew: 11874549K->140980K(13212096K), 0.5470815 secs] 76981643K->65254856K(187275712K), 0.5475010 secs] [Times: user=4.07 sys=0.27, real=0.55 secs] 
2018-04-15T03:41:12.812+0800: 181031.808: [GC (Allocation Failure) 2018-04-15T03:41:12.813+0800: 181031.809: [ParNew: 11885108K->127835K(13212096K), 0.5189776 secs] 76998984K->65252850K(187275712K), 0.5193991 secs] [Times: user=3.10 sys=1.02, real=0.52 secs] 
2018-04-15T03:41:24.803+0800: 181043.799: [GC (Allocation Failure) 2018-04-15T03:41:24.803+0800: 181043.799: [ParNew: 11871963K->120890K(13212096K), 0.5898706 secs] 76996978K->65248892K(187275712K), 0.5902867 secs] [Times: user=4.05 sys=0.61, real=0.59 secs] 
2018-04-15T03:41:36.844+0800: 181055.840: [GC (Allocation Failure) 2018-04-15T03:41:36.844+0800: 181055.840: [ParNew: 11865018K->136016K(13212096K), 0.5126169 secs] 76993020K->65267450K(187275712K), 0.5130349 secs] [Times: user=4.03 sys=0.04, real=0.51 secs] 
2018-04-15T03:41:46.735+0800: 181065.731: [GC (Allocation Failure) 2018-04-15T03:41:46.735+0800: 181065.731: [ParNew: 11880144K->144475K(13212096K), 0.5098415 secs] 77011578K->65279645K(187275712K), 0.5102633 secs] [Times: user=3.75 sys=0.29, real=0.51 secs] 
2018-04-15T03:41:54.866+0800: 181073.862: [GC (Allocation Failure) 2018-04-15T03:41:54.866+0800: 181073.862: [ParNew: 11888603K->115370K(13212096K), 0.4879896 secs] 77023773K->65253656K(187275712K), 0.4884045 secs] [Times: user=3.28 sys=0.60, real=0.49 secs] 
2018-04-15T03:42:02.274+0800: 181081.270: [GC (Allocation Failure) 2018-04-15T03:42:02.274+0800: 181081.270: [ParNew: 11859498K->131141K(13212096K), 0.4711927 secs] 76997784K->65272005K(187275712K), 0.4716118 secs] [Times: user=3.24 sys=0.50, real=0.47 secs] 
2018-04-15T03:42:11.120+0800: 181090.116: [GC (Allocation Failure) 2018-04-15T03:42:11.120+0800: 181090.116: [ParNew: 11875269K->123327K(13212096K), 0.4976498 secs] 77016133K->65267508K(187275712K), 0.4980689 secs] [Times: user=3.89 sys=0.05, real=0.50 secs] 
2018-04-15T03:42:25.620+0800: 181104.616: [GC (Allocation Failure) 2018-04-15T03:42:25.620+0800: 181104.616: [ParNew: 11867455K->129128K(13212096K), 0.5714333 secs] 77011636K->65280979K(187275712K), 0.5718626 secs] [Times: user=3.51 sys=1.01, real=0.58 secs] 
2018-04-15T03:42:43.153+0800: 181122.149: [GC (Allocation Failure) 2018-04-15T03:42:43.154+0800: 181122.150: [ParNew: 11873256K->94766K(13212096K), 0.5807966 secs] 77025107K->65258263K(187275712K), 0.5812254 secs] [Times: user=4.05 sys=0.55, real=0.58 secs] 
2018-04-15T03:42:50.692+0800: 181129.688: [GC (Allocation Failure) 2018-04-15T03:42:50.692+0800: 181129.688: [ParNew: 11838894K->77695K(13212096K), 0.4641637 secs] 77002391K->65246788K(187275712K), 0.4645750 secs] [Times: user=3.19 sys=0.50, real=0.46 secs] 
2018-04-15T03:42:58.165+0800: 181137.161: [GC (Allocation Failure) 2018-04-15T03:42:58.166+0800: 181137.162: [ParNew: 11821823K->89705K(13212096K), 0.4557626 secs] 76990916K->65260568K(187275712K), 0.4561728 secs] [Times: user=3.63 sys=0.00, real=0.46 secs] 
2018-04-15T03:43:10.361+0800: 181149.357: [GC (Allocation Failure) 2018-04-15T03:43:10.361+0800: 181149.357: [ParNew: 11833833K->98191K(13212096K), 0.5840318 secs] 77004696K->65271029K(187275712K), 0.5844596 secs] [Times: user=3.12 sys=1.51, real=0.59 secs] 
2018-04-15T03:43:29.928+0800: 181168.924: [GC (Allocation Failure) 2018-04-15T03:43:29.928+0800: 181168.924: [ParNew: 11842319K->102445K(13212096K), 0.5843583 secs] 77015157K->65277030K(187275712K), 0.5847727 secs] [Times: user=3.98 sys=0.66, real=0.59 secs] 
2018-04-15T03:44:02.719+0800: 181201.715: [GC (Allocation Failure) 2018-04-15T03:44:02.720+0800: 181201.716: [ParNew: 11846573K->92624K(13212096K), 0.6948377 secs] 77021158K->65269921K(187275712K), 0.6952628 secs] [Times: user=4.35 sys=1.19, real=0.70 secs] 
2018-04-15T03:45:11.394+0800: 181270.390: [GC (Allocation Failure) 2018-04-15T03:45:11.394+0800: 181270.390: [ParNew: 11836752K->80289K(13212096K), 0.9258331 secs] 77014049K->65258951K(187275712K), 0.9262691 secs] [Times: user=4.88 sys=2.46, real=0.92 secs] 
2018-04-15T03:45:45.249+0800: 181304.245: [GC (Allocation Failure) 2018-04-15T03:45:45.249+0800: 181304.245: [ParNew: 11824417K->101151K(13212096K), 0.7024667 secs] 77003079K->65281467K(187275712K), 0.7029013 secs] [Times: user=4.57 sys=1.00, real=0.71 secs] 
2018-04-15T03:47:32.434+0800: 181411.430: [GC (Allocation Failure) 2018-04-15T03:47:32.435+0800: 181411.431: [ParNew: 11845279K->109566K(13212096K), 0.8950184 secs] 77025595K->65290877K(187275712K), 0.8954421 secs] [Times: user=5.08 sys=1.99, real=0.89 secs] 
2018-04-15T03:50:00.197+0800: 181559.193: [GC (Allocation Failure) 2018-04-15T03:50:00.197+0800: 181559.193: [ParNew: 11853694K->106865K(13212096K), 0.9265159 secs] 77035005K->65290767K(187275712K), 0.9269641 secs] [Times: user=5.61 sys=1.69, real=0.93 secs] 
2018-04-15T03:51:31.379+0800: 181650.375: [GC (Allocation Failure) 2018-04-15T03:51:31.379+0800: 181650.375: [ParNew: 11850993K->121256K(13212096K), 0.7182068 secs] 77034895K->65308306K(187275712K), 0.7186344 secs] [Times: user=4.07 sys=1.60, real=0.72 secs] 
2018-04-15T03:53:34.282+0800: 181773.278: [GC (Allocation Failure) 2018-04-15T03:53:34.283+0800: 181773.279: [ParNew: 11865384K->110979K(13212096K), 0.8955183 secs] 77052434K->65300854K(187275712K), 0.8959598 secs] [Times: user=5.09 sys=2.00, real=0.89 secs] 
2018-04-15T03:53:57.747+0800: 181796.743: [GC (Allocation Failure) 2018-04-15T03:53:57.747+0800: 181796.743: [ParNew: 11855107K->130175K(13212096K), 0.5063692 secs] 77044982K->65326395K(187275712K), 0.5068015 secs] [Times: user=3.73 sys=0.29, real=0.51 secs] 
2018-04-15T03:54:23.317+0800: 181822.313: [GC (Allocation Failure) 2018-04-15T03:54:23.318+0800: 181822.314: [ParNew: 11874303K->133455K(13212096K), 0.5830302 secs] 77070523K->65336389K(187275712K), 0.5834850 secs] [Times: user=3.48 sys=1.13, real=0.58 secs] 
2018-04-15T03:54:41.393+0800: 181840.389: [GC (Allocation Failure) 2018-04-15T03:54:41.393+0800: 181840.389: [ParNew: 11877583K->108515K(13212096K), 0.5073740 secs] 77080517K->65323656K(187275712K), 0.5078031 secs] [Times: user=3.72 sys=0.30, real=0.50 secs] 
2018-04-15T03:54:52.120+0800: 181851.116: [GC (Allocation Failure) 2018-04-15T03:54:52.120+0800: 181851.116: [ParNew: 11852643K->102371K(13212096K), 0.5276408 secs] 77067784K->65325415K(187275712K), 0.5280698 secs] [Times: user=3.93 sys=0.26, real=0.53 secs] 
2018-04-15T03:55:02.646+0800: 181861.642: [GC (Allocation Failure) 2018-04-15T03:55:02.646+0800: 181861.642: [ParNew: 11846499K->102226K(13212096K), 0.4417340 secs] 77069543K->65336914K(187275712K), 0.4421492 secs] [Times: user=3.50 sys=0.00, real=0.44 secs] 
2018-04-15T03:55:15.295+0800: 181874.291: [GC (Allocation Failure) 2018-04-15T03:55:15.295+0800: 181874.291: [ParNew: 11846354K->82235K(13212096K), 0.5756912 secs] 77081042K->65327533K(187275712K), 0.5761297 secs] [Times: user=3.37 sys=1.19, real=0.58 secs] 
2018-04-15T03:55:26.310+0800: 181885.306: [GC (Allocation Failure) 2018-04-15T03:55:26.311+0800: 181885.307: [ParNew: 11826363K->78432K(13212096K), 0.4635766 secs] 77071661K->65329374K(187275712K), 0.4640090 secs] [Times: user=3.64 sys=0.04, real=0.47 secs] 
2018-04-15T03:55:38.079+0800: 181897.075: [GC (Allocation Failure) 2018-04-15T03:55:38.079+0800: 181897.075: [ParNew: 11822560K->94579K(13212096K), 0.4691991 secs] 77073502K->65349852K(187275712K), 0.4696085 secs] [Times: user=3.50 sys=0.23, real=0.47 secs] 
2018-04-15T03:55:53.983+0800: 181912.979: [GC (Allocation Failure) 2018-04-15T03:55:53.983+0800: 181912.979: [ParNew: 11838707K->90759K(13212096K), 0.5559351 secs] 77093980K->65350625K(187275712K), 0.5563518 secs] [Times: user=3.87 sys=0.55, real=0.55 secs] 
2018-04-15T03:56:16.287+0800: 181935.283: [GC (Allocation Failure) 2018-04-15T03:56:16.287+0800: 181935.283: [ParNew: 11834887K->87318K(13212096K), 0.6338416 secs] 77094753K->65348105K(187275712K), 0.6342576 secs] [Times: user=3.15 sys=1.87, real=0.63 secs] 
2018-04-15T03:56:32.311+0800: 181951.307: [GC (Allocation Failure) 2018-04-15T03:56:32.311+0800: 181951.307: [ParNew: 11831446K->89167K(13212096K), 0.5344560 secs] 77092233K->65351079K(187275712K), 0.5348589 secs] [Times: user=3.77 sys=0.48, real=0.54 secs] 
2018-04-15T03:56:46.774+0800: 181965.770: [GC (Allocation Failure) 2018-04-15T03:56:46.774+0800: 181965.770: [ParNew: 11833295K->118834K(13212096K), 0.5714692 secs] 77095207K->65382612K(187275712K), 0.5718722 secs] [Times: user=4.06 sys=0.50, real=0.57 secs] 
2018-04-15T03:56:59.102+0800: 181978.098: [GC (Allocation Failure) 2018-04-15T03:56:59.103+0800: 181978.099: [ParNew: 11862962K->138543K(13212096K), 0.4446601 secs] 77126740K->65404022K(187275712K), 0.4450621 secs] [Times: user=3.54 sys=0.00, real=0.44 secs] 
2018-04-15T03:57:08.769+0800: 181987.765: [GC (Allocation Failure) 2018-04-15T03:57:08.769+0800: 181987.765: [ParNew: 11882671K->124509K(13212096K), 0.6049130 secs] 77148150K->65393580K(187275712K), 0.6053268 secs] [Times: user=3.26 sys=1.52, real=0.61 secs] 
2018-04-15T03:57:15.947+0800: 181994.943: [GC (Allocation Failure) 2018-04-15T03:57:15.947+0800: 181994.943: [ParNew: 11868637K->120790K(13212096K), 0.4965158 secs] 77137708K->65396504K(187275712K), 0.4969072 secs] [Times: user=3.41 sys=0.54, real=0.50 secs] 
2018-04-15T03:57:22.651+0800: 182001.647: [GC (Allocation Failure) 2018-04-15T03:57:22.651+0800: 182001.647: [ParNew: 11864918K->104260K(13212096K), 0.4831221 secs] 77140632K->65389705K(187275712K), 0.4835238 secs] [Times: user=3.73 sys=0.10, real=0.49 secs] 
2018-04-15T03:57:29.916+0800: 182008.912: [GC (Allocation Failure) 2018-04-15T03:57:29.917+0800: 182008.913: [ParNew: 11848388K->78067K(13212096K), 0.4555118 secs] 77133833K->65366837K(187275712K), 0.4559088 secs] [Times: user=3.00 sys=0.63, real=0.46 secs] 
2018-04-15T03:57:41.408+0800: 182020.404: [GC (Allocation Failure) 2018-04-15T03:57:41.409+0800: 182020.405: [ParNew: 11822195K->84436K(13212096K), 0.6550092 secs] 77110965K->65377887K(187275712K), 0.6554153 secs] [Times: user=4.49 sys=0.71, real=0.66 secs] 
2018-04-15T03:57:55.784+0800: 182034.780: [GC (Allocation Failure) 2018-04-15T03:57:55.784+0800: 182034.780: [ParNew: 11828564K->88645K(13212096K), 0.5611685 secs] 77122015K->65384974K(187275712K), 0.5615834 secs] [Times: user=3.42 sys=1.04, real=0.56 secs] 
2018-04-15T03:58:08.856+0800: 182047.852: [GC (Allocation Failure) 2018-04-15T03:58:08.856+0800: 182047.852: [ParNew: 11832773K->98370K(13212096K), 0.4798462 secs] 77129102K->65395908K(187275712K), 0.4802478 secs] [Times: user=3.67 sys=0.15, real=0.48 secs] 
2018-04-15T03:58:26.757+0800: 182065.753: [GC (Allocation Failure) 2018-04-15T03:58:26.757+0800: 182065.754: [ParNew: 11842498K->108486K(13212096K), 0.5328852 secs] 77140036K->65407056K(187275712K), 0.5332853 secs] [Times: user=3.77 sys=0.47, real=0.53 secs] 
2018-04-15T03:58:45.935+0800: 182084.931: [GC (Allocation Failure) 2018-04-15T03:58:45.936+0800: 182084.932: [ParNew: 11852614K->103128K(13212096K), 0.4793367 secs] 77151184K->65403025K(187275712K), 0.4797372 secs] [Times: user=3.28 sys=0.53, real=0.48 secs] 
2018-04-15T03:58:55.793+0800: 182094.789: [GC (Allocation Failure) 2018-04-15T03:58:55.793+0800: 182094.789: [ParNew: 11847256K->93576K(13212096K), 0.5925002 secs] 77147153K->65394814K(187275712K), 0.5928988 secs] [Times: user=3.86 sys=0.86, real=0.59 secs] 
2018-04-15T03:59:06.023+0800: 182105.019: [GC (Allocation Failure) 2018-04-15T03:59:06.024+0800: 182105.020: [ParNew: 11837704K->116067K(13212096K), 0.4600099 secs] 77138942K->65419511K(187275712K), 0.4603979 secs] [Times: user=3.61 sys=0.04, real=0.46 secs] 
2018-04-15T03:59:19.096+0800: 182118.092: [GC (Allocation Failure) 2018-04-15T03:59:19.096+0800: 182118.092: [ParNew: 11860195K->133889K(13212096K), 0.5583260 secs] 77163639K->65442349K(187275712K), 0.5587127 secs] [Times: user=3.94 sys=0.50, real=0.56 secs] 
2018-04-15T03:59:31.137+0800: 182130.133: [GC (Allocation Failure) 2018-04-15T03:59:31.137+0800: 182130.133: [ParNew: 11878017K->130647K(13212096K), 0.4662798 secs] 77186477K->65440523K(187275712K), 0.4666769 secs] [Times: user=3.54 sys=0.17, real=0.47 secs] 
2018-04-15T03:59:47.838+0800: 182146.835: [GC (Allocation Failure) 2018-04-15T03:59:47.839+0800: 182146.835: [ParNew: 11874775K->144173K(13212096K), 0.6206498 secs] 77184651K->65455749K(187275712K), 0.6210613 secs] [Times: user=3.47 sys=1.45, real=0.62 secs] 
2018-04-15T04:00:00.003+0800: 182158.999: [GC (Allocation Failure) 2018-04-15T04:00:00.003+0800: 182158.999: [ParNew: 11888301K->138792K(13212096K), 0.4753979 secs] 77199877K->65452724K(187275712K), 0.4757899 secs] [Times: user=3.68 sys=0.10, real=0.47 secs] 
2018-04-15T04:00:12.196+0800: 182171.192: [GC (Allocation Failure) 2018-04-15T04:00:12.196+0800: 182171.192: [ParNew: 11882920K->156779K(13212096K), 0.5082850 secs] 77196852K->65475369K(187275712K), 0.5086807 secs] [Times: user=3.77 sys=0.26, real=0.51 secs] 
2018-04-15T04:00:25.943+0800: 182184.939: [GC (Allocation Failure) 2018-04-15T04:00:25.943+0800: 182184.939: [ParNew: 11900907K->170038K(13212096K), 0.4935358 secs] 77219497K->65490972K(187275712K), 0.4939334 secs] [Times: user=3.77 sys=0.14, real=0.49 secs] 
2018-04-15T04:00:37.718+0800: 182196.714: [GC (Allocation Failure) 2018-04-15T04:00:37.718+0800: 182196.714: [ParNew: 11914166K->141224K(13212096K), 0.6127691 secs] 77235100K->65467307K(187275712K), 0.6131737 secs] [Times: user=4.33 sys=0.52, real=0.61 secs] 
2018-04-15T04:00:53.148+0800: 182212.144: [GC (Allocation Failure) 2018-04-15T04:00:53.148+0800: 182212.144: [ParNew: 11885352K->110216K(13212096K), 0.5164237 secs] 77211435K->65440728K(187275712K), 0.5168263 secs] [Times: user=3.30 sys=0.80, real=0.52 secs] 
2018-04-15T04:01:13.240+0800: 182232.237: [GC (Allocation Failure) 2018-04-15T04:01:13.241+0800: 182232.237: [ParNew: 11854344K->134296K(13212096K), 0.5533210 secs] 77184856K->65469196K(187275712K), 0.5537181 secs] [Times: user=3.91 sys=0.50, real=0.56 secs] 
2018-04-15T04:01:26.398+0800: 182245.394: [GC (Allocation Failure) 2018-04-15T04:01:26.398+0800: 182245.394: [ParNew: 11878424K->152496K(13212096K), 0.5011649 secs] 77213324K->65492138K(187275712K), 0.5015731 secs] [Times: user=3.95 sys=0.02, real=0.50 secs] 
2018-04-15T04:01:41.574+0800: 182260.570: [GC (Allocation Failure) 2018-04-15T04:01:41.574+0800: 182260.570: [ParNew: 11896624K->171709K(13212096K), 0.5846940 secs] 77236266K->65514712K(187275712K), 0.5851019 secs] [Times: user=4.03 sys=0.60, real=0.58 secs] 
2018-04-15T04:02:30.461+0800: 182309.457: [GC (Allocation Failure) 2018-04-15T04:02:30.462+0800: 182309.458: [ParNew: 11915837K->127905K(13212096K), 0.5901771 secs] 77258840K->65475513K(187275712K), 0.5905800 secs] [Times: user=4.41 sys=0.28, real=0.59 secs] 
2018-04-15T04:04:48.755+0800: 182447.751: [GC (Allocation Failure) 2018-04-15T04:04:48.756+0800: 182447.752: [ParNew: 11872033K->133673K(13212096K), 1.1773781 secs] 77219641K->65483961K(187275712K), 1.1778035 secs] [Times: user=5.73 sys=3.55, real=1.18 secs] 
2018-04-15T04:06:55.950+0800: 182574.946: [GC (Allocation Failure) 2018-04-15T04:06:55.950+0800: 182574.946: [ParNew: 11877801K->138534K(13212096K), 1.0390932 secs] 77228089K->65490939K(187275712K), 1.0395237 secs] [Times: user=4.95 sys=4.15, real=1.04 secs] 
2018-04-15T04:07:52.131+0800: 182631.128: [GC (Allocation Failure) 2018-04-15T04:07:52.132+0800: 182631.128: [ParNew: 11882662K->143835K(13212096K), 0.8012262 secs] 77235067K->65500230K(187275712K), 0.8016751 secs] [Times: user=4.66 sys=1.64, real=0.80 secs] 
2018-04-15T04:08:16.808+0800: 182655.804: [GC (Allocation Failure) 2018-04-15T04:08:16.809+0800: 182655.805: [ParNew: 11887963K->160878K(13212096K), 0.5183024 secs] 77244358K->65522330K(187275712K), 0.5187184 secs] [Times: user=3.69 sys=0.42, real=0.52 secs] 
2018-04-15T04:08:28.721+0800: 182667.717: [GC (Allocation Failure) 2018-04-15T04:08:28.722+0800: 182667.718: [ParNew: 11905006K->151793K(13212096K), 0.5057469 secs] 77266458K->65522607K(187275712K), 0.5061705 secs] [Times: user=3.28 sys=0.73, real=0.50 secs] 
2018-04-15T04:08:37.852+0800: 182676.848: [GC (Allocation Failure) 2018-04-15T04:08:37.852+0800: 182676.848: [ParNew: 11895921K->144932K(13212096K), 0.4904533 secs] 77266735K->65525835K(187275712K), 0.4908737 secs] [Times: user=3.89 sys=0.00, real=0.49 secs] 
2018-04-15T04:08:47.704+0800: 182686.700: [GC (Allocation Failure) 2018-04-15T04:08:47.704+0800: 182686.700: [ParNew: 11889060K->145045K(13212096K), 0.6551688 secs] 77269963K->65542894K(187275712K), 0.6555958 secs] [Times: user=4.43 sys=0.75, real=0.65 secs] 
2018-04-15T04:08:56.865+0800: 182695.861: [GC (Allocation Failure) 2018-04-15T04:08:56.866+0800: 182695.862: [ParNew: 11889173K->101072K(13212096K), 0.4273373 secs] 77287022K->65514052K(187275712K), 0.4277607 secs] [Times: user=3.38 sys=0.00, real=0.43 secs] 
2018-04-15T04:09:06.685+0800: 182705.681: [GC (Allocation Failure) 2018-04-15T04:09:06.685+0800: 182705.681: [ParNew: 11845200K->92457K(13212096K), 0.4753257 secs] 77258180K->65516990K(187275712K), 0.4757369 secs] [Times: user=3.09 sys=0.67, real=0.47 secs] 
2018-04-15T04:09:18.372+0800: 182717.368: [GC (Allocation Failure) 2018-04-15T04:09:18.372+0800: 182717.369: [ParNew: 11836585K->69714K(13212096K), 0.5440410 secs] 77261118K->65499025K(187275712K), 0.5444497 secs] [Times: user=3.97 sys=0.35, real=0.54 secs] 
2018-04-15T04:09:28.626+0800: 182727.623: [GC (Allocation Failure) 2018-04-15T04:09:28.627+0800: 182727.623: [ParNew: 11813842K->86544K(13212096K), 0.4277263 secs] 77243153K->65521010K(187275712K), 0.4281355 secs] [Times: user=3.02 sys=0.39, real=0.43 secs] 
2018-04-15T04:09:40.372+0800: 182739.368: [GC (Allocation Failure) 2018-04-15T04:09:40.372+0800: 182739.368: [ParNew: 11830672K->110596K(13212096K), 0.6133831 secs] 77265138K->65546876K(187275712K), 0.6138006 secs] [Times: user=4.30 sys=0.55, real=0.61 secs] 
2018-04-15T04:09:48.524+0800: 182747.520: [GC (Allocation Failure) 2018-04-15T04:09:48.524+0800: 182747.520: [ParNew: 11854724K->125591K(13212096K), 0.4534350 secs] 77291004K->65562945K(187275712K), 0.4538419 secs] [Times: user=3.06 sys=0.55, real=0.45 secs] 
2018-04-15T04:09:56.348+0800: 182755.344: [GC (Allocation Failure) 2018-04-15T04:09:56.348+0800: 182755.344: [ParNew: 11869719K->112653K(13212096K), 0.4543302 secs] 77307073K->65550566K(187275712K), 0.4547537 secs] [Times: user=3.54 sys=0.07, real=0.46 secs] 
2018-04-15T04:10:04.600+0800: 182763.596: [GC (Allocation Failure) 2018-04-15T04:10:04.600+0800: 182763.596: [ParNew: 11856781K->98913K(13212096K), 0.4862094 secs] 77294694K->65538109K(187275712K), 0.4866056 secs] [Times: user=3.63 sys=0.23, real=0.49 secs] 
2018-04-15T04:10:15.098+0800: 182774.094: [GC (Allocation Failure) 2018-04-15T04:10:15.098+0800: 182774.095: [ParNew: 11843041K->108689K(13212096K), 0.4412019 secs] 77282237K->65549190K(187275712K), 0.4416011 secs] [Times: user=3.51 sys=0.00, real=0.44 secs] 
2018-04-15T04:10:27.122+0800: 182786.118: [GC (Allocation Failure) 2018-04-15T04:10:27.122+0800: 182786.118: [ParNew: 11852817K->137271K(13212096K), 0.6309473 secs] 77293318K->65579510K(187275712K), 0.6313737 secs] [Times: user=3.95 sys=1.04, real=0.63 secs] 
2018-04-15T04:10:39.728+0800: 182798.724: [GC (Allocation Failure) 2018-04-15T04:10:39.728+0800: 182798.724: [ParNew: 11881399K->139654K(13212096K), 0.5376353 secs] 77323638K->65586649K(187275712K), 0.5380354 secs] [Times: user=3.91 sys=0.37, real=0.54 secs] 
2018-04-15T04:10:59.978+0800: 182818.974: [GC (Allocation Failure) 2018-04-15T04:10:59.978+0800: 182818.974: [ParNew: 11883782K->134475K(13212096K), 0.5260159 secs] 77330777K->65583986K(187275712K), 0.5264242 secs] [Times: user=3.69 sys=0.49, real=0.53 secs] 
2018-04-15T04:11:27.608+0800: 182846.605: [GC (Allocation Failure) 2018-04-15T04:11:27.609+0800: 182846.605: [ParNew: 11878603K->167602K(13212096K), 0.6735719 secs] 77328114K->65618758K(187275712K), 0.6739936 secs] [Times: user=3.85 sys=1.50, real=0.68 secs] 
2018-04-15T04:12:02.610+0800: 182881.606: [GC (Allocation Failure) 2018-04-15T04:12:02.610+0800: 182881.606: [ParNew: 11911730K->129830K(13212096K), 0.5543952 secs] 77362886K->65582798K(187275712K), 0.5548016 secs] [Times: user=3.89 sys=0.51, real=0.56 secs] 
2018-04-15T04:12:52.881+0800: 182931.878: [GC (Allocation Failure) 2018-04-15T04:12:52.882+0800: 182931.878: [ParNew: 11873958K->102102K(13212096K), 0.7800810 secs] 77326926K->65556384K(187275712K), 0.7805471 secs] [Times: user=4.01 sys=2.17, real=0.78 secs] 
2018-04-15T04:13:07.245+0800: 182946.241: [GC (Allocation Failure) 2018-04-15T04:13:07.245+0800: 182946.241: [ParNew: 11846230K->123099K(13212096K), 0.4611197 secs] 77300512K->65579810K(187275712K), 0.4615338 secs] [Times: user=3.66 sys=0.00, real=0.46 secs] 
2018-04-15T04:13:17.335+0800: 182956.331: [GC (Allocation Failure) 2018-04-15T04:13:17.335+0800: 182956.331: [ParNew: 11867227K->95131K(13212096K), 0.4500781 secs] 77323938K->65554038K(187275712K), 0.4504895 secs] [Times: user=3.54 sys=0.04, real=0.45 secs] 
2018-04-15T04:13:24.152+0800: 182963.148: [GC (Allocation Failure) 2018-04-15T04:13:24.152+0800: 182963.148: [ParNew: 11839259K->106947K(13212096K), 0.4387016 secs] 77298166K->65571961K(187275712K), 0.4391167 secs] [Times: user=3.49 sys=0.00, real=0.43 secs] 
2018-04-15T04:13:32.650+0800: 182971.646: [GC (Allocation Failure) 2018-04-15T04:13:32.650+0800: 182971.646: [ParNew: 11851075K->111163K(13212096K), 0.4340545 secs] 77316089K->65585573K(187275712K), 0.4344597 secs] [Times: user=2.94 sys=0.50, real=0.44 secs] 
2018-04-15T04:13:44.084+0800: 182983.080: [GC (Allocation Failure) 2018-04-15T04:13:44.084+0800: 182983.080: [ParNew: 11855291K->70575K(13212096K), 0.5872977 secs] 77329701K->65552608K(187275712K), 0.5877021 secs] [Times: user=3.17 sys=1.47, real=0.59 secs] 
2018-04-15T04:13:58.551+0800: 182997.547: [GC (Allocation Failure) 2018-04-15T04:13:58.551+0800: 182997.547: [ParNew: 11814703K->90761K(13212096K), 0.4552184 secs] 77296736K->65587952K(187275712K), 0.4556318 secs] [Times: user=3.61 sys=0.00, real=0.46 secs] 
2018-04-15T04:14:30.640+0800: 183029.636: [GC (Allocation Failure) 2018-04-15T04:14:30.641+0800: 183029.637: [ParNew: 11834889K->64776K(13212096K), 0.6188675 secs] 77332080K->65573829K(187275712K), 0.6192964 secs] [Times: user=4.39 sys=0.52, real=0.62 secs] 
2018-04-15T04:15:32.791+0800: 183091.787: [GC (Allocation Failure) 2018-04-15T04:15:32.791+0800: 183091.787: [ParNew: 11808904K->54444K(13212096K), 0.6851289 secs] 77317957K->65565289K(187275712K), 0.6855705 secs] [Times: user=4.35 sys=1.08, real=0.69 secs] 
2018-04-15T04:15:48.029+0800: 183107.025: [GC (Allocation Failure) 2018-04-15T04:15:48.030+0800: 183107.026: [ParNew: 11798572K->67578K(13212096K), 0.4624303 secs] 77309417K->65579082K(187275712K), 0.4628377 secs] [Times: user=3.50 sys=0.17, real=0.47 secs] 
2018-04-15T04:16:29.816+0800: 183148.812: [GC (Allocation Failure) 2018-04-15T04:16:29.816+0800: 183148.812: [ParNew: 11811706K->84956K(13212096K), 0.6391742 secs] 77323210K->65597693K(187275712K), 0.6395911 secs] [Times: user=4.10 sys=0.96, real=0.64 secs] 
2018-04-15T04:17:41.914+0800: 183220.910: [GC (Allocation Failure) 2018-04-15T04:17:41.914+0800: 183220.910: [ParNew: 11829084K->98108K(13212096K), 0.7289203 secs] 77341821K->65612192K(187275712K), 0.7293478 secs] [Times: user=3.99 sys=1.73, real=0.73 secs] 
2018-04-15T04:18:26.731+0800: 183265.727: [GC (Allocation Failure) 2018-04-15T04:18:26.731+0800: 183265.727: [ParNew: 11842236K->121582K(13212096K), 0.5918036 secs] 77356320K->65639259K(187275712K), 0.5922911 secs] [Times: user=4.07 sys=0.63, real=0.60 secs] 
2018-04-15T04:19:07.403+0800: 183306.400: [GC (Allocation Failure) 2018-04-15T04:19:07.404+0800: 183306.400: [ParNew: 11865710K->134544K(13212096K), 0.6939805 secs] 77383387K->65655092K(187275712K), 0.6944025 secs] [Times: user=4.10 sys=1.37, real=0.69 secs] 
2018-04-15T04:20:33.784+0800: 183392.780: [GC (Allocation Failure) 2018-04-15T04:20:33.784+0800: 183392.780: [ParNew: 11878672K->119393K(13212096K), 0.7477836 secs] 77399220K->65645475K(187275712K), 0.7482206 secs] [Times: user=3.98 sys=1.91, real=0.75 secs] 
2018-04-15T04:21:29.209+0800: 183448.205: [GC (Allocation Failure) 2018-04-15T04:21:29.210+0800: 183448.206: [ParNew: 11863521K->108177K(13212096K), 0.6690548 secs] 77389603K->65635178K(187275712K), 0.6694786 secs] [Times: user=3.94 sys=1.38, real=0.67 secs] 
2018-04-15T04:22:16.502+0800: 183495.498: [GC (Allocation Failure) 2018-04-15T04:22:16.502+0800: 183495.498: [ParNew: 11852305K->107851K(13212096K), 0.5704924 secs] 77379306K->65639503K(187275712K), 0.5709204 secs] [Times: user=3.95 sys=0.58, real=0.57 secs] 
2018-04-15T04:22:27.286+0800: 183506.282: [GC (Allocation Failure) 2018-04-15T04:22:27.287+0800: 183506.283: [ParNew: 11851979K->101814K(13212096K), 0.6157438 secs] 77383631K->65641775K(187275712K), 0.6161873 secs] [Times: user=3.63 sys=1.24, real=0.62 secs] 
2018-04-15T04:22:40.612+0800: 183519.608: [GC (Allocation Failure) 2018-04-15T04:22:40.612+0800: 183519.608: [ParNew: 11845942K->84327K(13212096K), 0.4641955 secs] 77385903K->65636562K(187275712K), 0.4646214 secs] [Times: user=3.54 sys=0.14, real=0.46 secs] 
2018-04-15T04:22:51.676+0800: 183530.672: [GC (Allocation Failure) 2018-04-15T04:22:51.677+0800: 183530.673: [ParNew: 11828455K->66507K(13212096K), 0.4719314 secs] 77380690K->65641555K(187275712K), 0.4723528 secs] [Times: user=3.58 sys=0.17, real=0.47 secs] 
2018-04-15T04:23:06.793+0800: 183545.789: [GC (Allocation Failure) 2018-04-15T04:23:06.793+0800: 183545.789: [ParNew: 11810635K->41363K(13212096K), 0.5333000 secs] 77385683K->65622122K(187275712K), 0.5337157 secs] [Times: user=3.82 sys=0.42, real=0.53 secs] 
2018-04-15T04:23:25.019+0800: 183564.015: [GC (Allocation Failure) 2018-04-15T04:23:25.019+0800: 183564.015: [ParNew: 11785491K->56740K(13212096K), 0.5938154 secs] 77366250K->65639545K(187275712K), 0.5942600 secs] [Times: user=3.16 sys=1.55, real=0.60 secs] 
2018-04-15T04:23:38.965+0800: 183577.961: [GC (Allocation Failure) 2018-04-15T04:23:38.965+0800: 183577.961: [ParNew: 11800868K->69191K(13212096K), 0.4949732 secs] 77383673K->65654473K(187275712K), 0.4954002 secs] [Times: user=3.61 sys=0.31, real=0.49 secs] 
2018-04-15T04:23:51.120+0800: 183590.116: [GC (Allocation Failure) 2018-04-15T04:23:51.120+0800: 183590.116: [ParNew: 11813319K->65650K(13212096K), 0.4579180 secs] 77398601K->65651896K(187275712K), 0.4583346 secs] [Times: user=3.50 sys=0.15, real=0.46 secs] 
2018-04-15T04:24:03.435+0800: 183602.431: [GC (Allocation Failure) 2018-04-15T04:24:03.436+0800: 183602.432: [ParNew: 11809778K->52450K(13212096K), 0.4298021 secs] 77396024K->65640948K(187275712K), 0.4302125 secs] [Times: user=2.94 sys=0.47, real=0.43 secs] 
2018-04-15T04:24:19.210+0800: 183618.206: [GC (Allocation Failure) 2018-04-15T04:24:19.210+0800: 183618.206: [ParNew: 11796578K->48264K(13212096K), 0.5912806 secs] 77385076K->65638828K(187275712K), 0.5917133 secs] [Times: user=3.30 sys=1.38, real=0.60 secs] 
2018-04-15T04:24:36.545+0800: 183635.541: [GC (Allocation Failure) 2018-04-15T04:24:36.545+0800: 183635.541: [ParNew: 11792392K->47076K(13212096K), 0.4568930 secs] 77382956K->65641513K(187275712K), 0.4573177 secs] [Times: user=2.88 sys=0.76, real=0.46 secs] 
2018-04-15T04:25:00.494+0800: 183659.490: [GC (Allocation Failure) 2018-04-15T04:25:00.495+0800: 183659.491: [ParNew: 11791204K->75866K(13212096K), 0.5517283 secs] 77385641K->65672823K(187275712K), 0.5521493 secs] [Times: user=3.91 sys=0.48, real=0.55 secs] 
2018-04-15T04:25:14.182+0800: 183673.178: [GC (Allocation Failure) 2018-04-15T04:25:14.182+0800: 183673.178: [ParNew: 11819994K->118841K(13212096K), 0.6124183 secs] 77416951K->65717165K(187275712K), 0.6128422 secs] [Times: user=3.37 sys=1.48, real=0.61 secs] 
2018-04-15T04:25:24.896+0800: 183683.892: [GC (Allocation Failure) 2018-04-15T04:25:24.896+0800: 183683.892: [ParNew: 11862969K->157260K(13212096K), 0.4706013 secs] 77461293K->65757491K(187275712K), 0.4710228 secs] [Times: user=3.74 sys=0.00, real=0.47 secs] 
2018-04-15T04:25:36.555+0800: 183695.552: [GC (Allocation Failure) 2018-04-15T04:25:36.556+0800: 183695.552: [ParNew: 11901388K->142653K(13212096K), 0.5535012 secs] 77501619K->65743753K(187275712K), 0.5539259 secs] [Times: user=3.95 sys=0.45, real=0.55 secs] 
2018-04-15T04:25:51.315+0800: 183710.311: [GC (Allocation Failure) 2018-04-15T04:25:51.315+0800: 183710.311: [ParNew: 11886781K->80520K(13212096K), 0.4942857 secs] 77487881K->65682596K(187275712K), 0.4947058 secs] [Times: user=3.65 sys=0.29, real=0.49 secs] 
2018-04-15T04:26:10.953+0800: 183729.949: [GC (Allocation Failure) 2018-04-15T04:26:10.953+0800: 183729.950: [ParNew: 11824648K->108411K(13212096K), 0.6501346 secs] 77426724K->65712305K(187275712K), 0.6505677 secs] [Times: user=4.06 sys=1.05, real=0.65 secs] 
2018-04-15T04:26:26.571+0800: 183745.567: [GC (Allocation Failure) 2018-04-15T04:26:26.571+0800: 183745.567: [ParNew: 11852539K->134162K(13212096K), 0.4685135 secs] 77456433K->65742174K(187275712K), 0.4689380 secs] [Times: user=3.56 sys=0.15, real=0.47 secs] 
2018-04-15T04:26:42.180+0800: 183761.176: [GC (Allocation Failure) 2018-04-15T04:26:42.180+0800: 183761.176: [ParNew: 11877576K->143569K(13212096K), 0.5213545 secs] 77485589K->65755704K(187275712K), 0.5217723 secs] [Times: user=3.72 sys=0.43, real=0.53 secs] 
2018-04-15T04:27:09.542+0800: 183788.538: [GC (Allocation Failure) 2018-04-15T04:27:09.542+0800: 183788.538: [ParNew: 11887697K->119744K(13212096K), 0.7216807 secs] 77499832K->65732437K(187275712K), 0.7221410 secs] [Times: user=4.39 sys=1.33, real=0.72 secs] 
2018-04-15T04:27:53.531+0800: 183832.527: [GC (Allocation Failure) 2018-04-15T04:27:53.531+0800: 183832.527: [ParNew: 11863872K->86746K(13212096K), 0.6297402 secs] 77476565K->65700649K(187275712K), 0.6301772 secs] [Times: user=3.85 sys=1.17, real=0.63 secs] 
2018-04-15T04:28:43.925+0800: 183882.921: [GC (Allocation Failure) 2018-04-15T04:28:43.925+0800: 183882.921: [ParNew: 11830874K->89845K(13212096K), 0.6802154 secs] 77444777K->65705188K(187275712K), 0.6806603 secs] [Times: user=3.18 sys=2.19, real=0.68 secs] 
2018-04-15T04:29:24.826+0800: 183923.823: [GC (Allocation Failure) 2018-04-15T04:29:24.827+0800: 183923.823: [ParNew: 11833973K->91503K(13212096K), 0.6981533 secs] 77449316K->65711779K(187275712K), 0.6985884 secs] [Times: user=4.76 sys=0.78, real=0.70 secs] 
2018-04-15T04:29:59.385+0800: 183958.381: [GC (Allocation Failure) 2018-04-15T04:29:59.385+0800: 183958.381: [ParNew: 11835631K->98927K(13212096K), 0.5009287 secs] 77455907K->65721445K(187275712K), 0.5013569 secs] [Times: user=3.65 sys=0.34, real=0.50 secs] 
2018-04-15T04:30:13.290+0800: 183972.286: [GC (Allocation Failure) 2018-04-15T04:30:13.291+0800: 183972.287: [ParNew: 11843055K->105616K(13212096K), 0.6547408 secs] 77465573K->65729897K(187275712K), 0.6551719 secs] [Times: user=3.60 sys=1.58, real=0.66 secs] 
2018-04-15T04:30:23.821+0800: 183982.817: [GC (Allocation Failure) 2018-04-15T04:30:23.822+0800: 183982.818: [ParNew: 11849744K->110448K(13212096K), 0.4751760 secs] 77474025K->65737442K(187275712K), 0.4756071 secs] [Times: user=3.20 sys=0.58, real=0.47 secs] 
2018-04-15T04:30:34.221+0800: 183993.217: [GC (Allocation Failure) 2018-04-15T04:30:34.221+0800: 183993.217: [ParNew: 11854576K->102528K(13212096K), 0.4905385 secs] 77481570K->65733581K(187275712K), 0.4909574 secs] [Times: user=3.69 sys=0.21, real=0.50 secs] 
2018-04-15T04:30:42.567+0800: 184001.563: [GC (Allocation Failure) 2018-04-15T04:30:42.567+0800: 184001.563: [ParNew: 11846656K->100479K(13212096K), 0.4740181 secs] 77477709K->65739039K(187275712K), 0.4744320 secs] [Times: user=3.67 sys=0.08, real=0.48 secs] 
2018-04-15T04:30:50.753+0800: 184009.749: [GC (Allocation Failure) 2018-04-15T04:30:50.753+0800: 184009.749: [ParNew: 11844607K->96989K(13212096K), 0.5067538 secs] 77483167K->65749275K(187275712K), 0.5071696 secs] [Times: user=3.94 sys=0.07, real=0.50 secs] 
2018-04-15T04:31:03.920+0800: 184022.916: [GC (Allocation Failure) 2018-04-15T04:31:03.920+0800: 184022.916: [ParNew: 11841117K->92696K(13212096K), 0.6078510 secs] 77493403K->65752295K(187275712K), 0.6082722 secs] [Times: user=3.48 sys=1.32, real=0.61 secs] 
2018-04-15T04:31:26.071+0800: 184045.067: [GC (Allocation Failure) 2018-04-15T04:31:26.071+0800: 184045.067: [ParNew: 11836824K->86851K(13212096K), 0.5328733 secs] 77496423K->65750001K(187275712K), 0.5332409 secs] [Times: user=3.69 sys=0.55, real=0.54 secs] 
2018-04-15T04:31:44.073+0800: 184063.069: [GC (Allocation Failure) 2018-04-15T04:31:44.073+0800: 184063.069: [ParNew: 11830979K->77234K(13212096K), 0.5262236 secs] 77494129K->65742815K(187275712K), 0.5266482 secs] [Times: user=3.81 sys=0.37, real=0.52 secs] 
2018-04-15T04:32:45.760+0800: 184124.756: [GC (Allocation Failure) 2018-04-15T04:32:45.760+0800: 184124.756: [ParNew: 11821362K->92204K(13212096K), 0.7582228 secs] 77486943K->65759481K(187275712K), 0.7586739 secs] [Times: user=4.58 sys=1.34, real=0.76 secs] 
2018-04-15T04:33:12.332+0800: 184151.328: [GC (Allocation Failure) 2018-04-15T04:33:12.332+0800: 184151.328: [ParNew: 11836332K->79167K(13212096K), 0.5220911 secs] 77503609K->65748139K(187275712K), 0.5225081 secs] [Times: user=3.70 sys=0.46, real=0.52 secs] 
2018-04-15T04:34:38.232+0800: 184237.228: [GC (Allocation Failure) 2018-04-15T04:34:38.232+0800: 184237.228: [ParNew: 11823295K->92637K(13212096K), 0.7652724 secs] 77492267K->65763615K(187275712K), 0.7657092 secs] [Times: user=3.84 sys=2.22, real=0.76 secs] 
2018-04-15T04:37:10.227+0800: 184389.223: [GC (Allocation Failure) 2018-04-15T04:37:10.227+0800: 184389.223: [ParNew: 11836765K->100035K(13212096K), 0.8564448 secs] 77507743K->65773875K(187275712K), 0.8568742 secs] [Times: user=5.40 sys=1.36, real=0.86 secs] 
2018-04-15T04:37:46.675+0800: 184425.671: [GC (Allocation Failure) 2018-04-15T04:37:46.676+0800: 184425.672: [ParNew: 11844163K->122557K(13212096K), 0.6653921 secs] 77518003K->65801428K(187275712K), 0.6658351 secs] [Times: user=3.88 sys=1.39, real=0.67 secs] 
2018-04-15T04:38:12.969+0800: 184451.965: [GC (Allocation Failure) 2018-04-15T04:38:12.969+0800: 184451.965: [ParNew: 11866685K->161310K(13212096K), 0.5805763 secs] 77545556K->65841479K(187275712K), 0.5810054 secs] [Times: user=4.00 sys=0.61, real=0.58 secs] 
2018-04-15T04:38:30.918+0800: 184469.914: [GC (Allocation Failure) 2018-04-15T04:38:30.918+0800: 184469.914: [ParNew: 11905438K->147703K(13212096K), 0.5590970 secs] 77585607K->65834730K(187275712K), 0.5595227 secs] [Times: user=4.09 sys=0.34, real=0.56 secs] 
2018-04-15T04:38:59.871+0800: 184498.867: [GC (Allocation Failure) 2018-04-15T04:38:59.871+0800: 184498.867: [ParNew: 11891831K->125313K(13212096K), 0.6346567 secs] 77578858K->65814418K(187275712K), 0.6350122 secs] [Times: user=4.18 sys=0.85, real=0.63 secs] 
2018-04-15T04:39:26.647+0800: 184525.643: [GC (Allocation Failure) 2018-04-15T04:39:26.647+0800: 184525.643: [ParNew: 11869441K->140963K(13212096K), 0.6627301 secs] 77558546K->65837334K(187275712K), 0.6630881 secs] [Times: user=4.29 sys=0.97, real=0.66 secs] 
2018-04-15T04:40:14.550+0800: 184573.546: [GC (Allocation Failure) 2018-04-15T04:40:14.550+0800: 184573.546: [ParNew: 11885091K->111452K(13212096K), 0.6780369 secs] 77581462K->65821148K(187275712K), 0.6784598 secs] [Times: user=4.45 sys=0.93, real=0.68 secs] 
2018-04-15T04:40:49.140+0800: 184608.136: [GC (Allocation Failure) 2018-04-15T04:40:49.140+0800: 184608.136: [ParNew: 11855580K->78595K(13212096K), 0.7382268 secs] 77565276K->65792204K(187275712K), 0.7386614 secs] [Times: user=4.33 sys=1.53, real=0.74 secs] 
2018-04-15T04:41:03.165+0800: 184622.161: [GC (Allocation Failure) 2018-04-15T04:41:03.166+0800: 184622.162: [ParNew: 11822723K->97989K(13212096K), 0.5547826 secs] 77536332K->65814351K(187275712K), 0.5552067 secs] [Times: user=4.41 sys=0.00, real=0.55 secs] 
2018-04-15T04:41:14.137+0800: 184633.133: [GC (Allocation Failure) 2018-04-15T04:41:14.137+0800: 184633.134: [ParNew: 11842117K->96767K(13212096K), 0.5129386 secs] 77558479K->65816853K(187275712K), 0.5133634 secs] [Times: user=3.90 sys=0.16, real=0.51 secs] 
2018-04-15T04:41:26.438+0800: 184645.434: [GC (Allocation Failure) 2018-04-15T04:41:26.438+0800: 184645.434: [ParNew: 11840895K->112979K(13212096K), 0.5734213 secs] 77560981K->65838758K(187275712K), 0.5738543 secs] [Times: user=3.39 sys=1.16, real=0.58 secs] 
2018-04-15T04:41:42.048+0800: 184661.044: [GC (Allocation Failure) 2018-04-15T04:41:42.048+0800: 184661.044: [ParNew: 11857107K->94807K(13212096K), 0.5317410 secs] 77582886K->65826261K(187275712K), 0.5321684 secs] [Times: user=3.86 sys=0.37, real=0.53 secs] 
2018-04-15T04:42:00.929+0800: 184679.925: [GC (Allocation Failure) 2018-04-15T04:42:00.929+0800: 184679.925: [ParNew: 11838935K->85913K(13212096K), 0.5749436 secs] 77570389K->65822187K(187275712K), 0.5753783 secs] [Times: user=3.84 sys=0.73, real=0.58 secs] 
2018-04-15T04:42:44.756+0800: 184723.752: [GC (Allocation Failure) 2018-04-15T04:42:44.757+0800: 184723.753: [ParNew: 11830041K->76849K(13212096K), 0.6610228 secs] 77566315K->65816565K(187275712K), 0.6614612 secs] [Times: user=4.14 sys=1.07, real=0.66 secs] 
2018-04-15T04:42:54.569+0800: 184733.565: [GC (Allocation Failure) 2018-04-15T04:42:54.569+0800: 184733.565: [ParNew: 11820977K->71000K(13212096K), 0.5490707 secs] 77560693K->65812859K(187275712K), 0.5494986 secs] [Times: user=4.12 sys=0.24, real=0.55 secs] 
2018-04-15T04:43:04.018+0800: 184743.014: [GC (Allocation Failure) 2018-04-15T04:43:04.018+0800: 184743.014: [ParNew: 11815128K->65912K(13212096K), 0.5374542 secs] 77556987K->65810886K(187275712K), 0.5378704 secs] [Times: user=3.94 sys=0.32, real=0.54 secs] 
2018-04-15T04:43:14.078+0800: 184753.074: [GC (Allocation Failure) 2018-04-15T04:43:14.078+0800: 184753.074: [ParNew: 11810040K->63820K(13212096K), 0.5260520 secs] 77555014K->65818399K(187275712K), 0.5264732 secs] [Times: user=3.89 sys=0.29, real=0.53 secs] 
2018-04-15T04:43:29.307+0800: 184768.304: [GC (Allocation Failure) 2018-04-15T04:43:29.308+0800: 184768.304: [ParNew: 11807948K->66791K(13212096K), 0.4878395 secs] 77562527K->65822479K(187275712K), 0.4882618 secs] [Times: user=3.69 sys=0.18, real=0.49 secs] 
2018-04-15T04:44:01.224+0800: 184800.220: [GC (Allocation Failure) 2018-04-15T04:44:01.224+0800: 184800.220: [ParNew: 11810919K->59824K(13212096K), 0.6423071 secs] 77566607K->65821997K(187275712K), 0.6427407 secs] [Times: user=3.82 sys=1.27, real=0.64 secs] 
2018-04-15T04:44:42.435+0800: 184841.431: [GC (Allocation Failure) 2018-04-15T04:44:42.435+0800: 184841.431: [ParNew: 11803952K->39618K(13212096K), 0.6267458 secs] 77566125K->65805768K(187275712K), 0.6271616 secs] [Times: user=3.83 sys=1.17, real=0.63 secs] 
2018-04-15T04:45:18.756+0800: 184877.752: [GC (Allocation Failure) 2018-04-15T04:45:18.756+0800: 184877.752: [ParNew: 11783746K->57609K(13212096K), 0.6449419 secs] 77549896K->65825021K(187275712K), 0.6453861 secs] [Times: user=4.10 sys=1.00, real=0.65 secs] 
2018-04-15T04:45:27.300+0800: 184886.296: [GC (Allocation Failure) 2018-04-15T04:45:27.300+0800: 184886.296: [ParNew: 11801737K->79192K(13212096K), 0.5191998 secs] 77569149K->65847009K(187275712K), 0.5196325 secs] [Times: user=4.02 sys=0.11, real=0.52 secs] 
2018-04-15T04:45:37.519+0800: 184896.515: [GC (Allocation Failure) 2018-04-15T04:45:37.519+0800: 184896.515: [ParNew: 11823320K->106035K(13212096K), 0.5490979 secs] 77591137K->65874520K(187275712K), 0.5495090 secs] [Times: user=3.89 sys=0.47, real=0.55 secs] 
2018-04-15T04:45:46.741+0800: 184905.737: [GC (Allocation Failure) 2018-04-15T04:45:46.741+0800: 184905.737: [ParNew: 11850163K->132195K(13212096K), 0.4900932 secs] 77618648K->65901818K(187275712K), 0.4905160 secs] [Times: user=3.73 sys=0.17, real=0.50 secs] 
2018-04-15T04:45:58.120+0800: 184917.116: [GC (Allocation Failure) 2018-04-15T04:45:58.120+0800: 184917.116: [ParNew: 11876323K->147612K(13212096K), 0.4729978 secs] 77645946K->65919489K(187275712K), 0.4733453 secs] [Times: user=3.19 sys=0.57, real=0.48 secs] 
2018-04-15T04:46:11.469+0800: 184930.465: [GC (Allocation Failure) 2018-04-15T04:46:11.470+0800: 184930.466: [ParNew: 11891740K->102262K(13212096K), 0.6304032 secs] 77663617K->65877627K(187275712K), 0.6308461 secs] [Times: user=3.62 sys=1.38, real=0.63 secs] 
2018-04-15T04:46:22.457+0800: 184941.453: [GC (Allocation Failure) 2018-04-15T04:46:22.457+0800: 184941.453: [ParNew: 11846390K->73656K(13212096K), 0.4632299 secs] 77621755K->65858796K(187275712K), 0.4636641 secs] [Times: user=3.65 sys=0.03, real=0.46 secs] 
2018-04-15T04:46:33.486+0800: 184952.482: [GC (Allocation Failure) 2018-04-15T04:46:33.487+0800: 184952.483: [ParNew: 11817784K->77219K(13212096K), 0.4788638 secs] 77602924K->65864860K(187275712K), 0.4792871 secs] [Times: user=3.59 sys=0.23, real=0.48 secs] 
2018-04-15T04:46:41.412+0800: 184960.408: [GC (Allocation Failure) 2018-04-15T04:46:41.412+0800: 184960.408: [ParNew: 11821347K->80156K(13212096K), 0.5548761 secs] 77608988K->65868316K(187275712K), 0.5552956 secs] [Times: user=4.08 sys=0.33, real=0.55 secs] 
2018-04-15T04:46:50.336+0800: 184969.332: [GC (Allocation Failure) 2018-04-15T04:46:50.336+0800: 184969.332: [ParNew: 11824284K->99008K(13212096K), 0.4513246 secs] 77612444K->65887546K(187275712K), 0.4517354 secs] [Times: user=3.16 sys=0.42, real=0.45 secs] 
2018-04-15T04:47:00.906+0800: 184979.902: [GC (Allocation Failure) 2018-04-15T04:47:00.906+0800: 184979.902: [ParNew: 11843136K->117166K(13212096K), 0.5916932 secs] 77631674K->65906957K(187275712K), 0.5921281 secs] [Times: user=3.24 sys=1.45, real=0.59 secs] 
2018-04-15T04:47:16.168+0800: 184995.164: [GC (Allocation Failure) 2018-04-15T04:47:16.168+0800: 184995.164: [ParNew: 11861294K->113892K(13212096K), 0.5459851 secs] 77651085K->65905268K(187275712K), 0.5464069 secs] [Times: user=3.93 sys=0.41, real=0.55 secs] 
2018-04-15T04:47:33.968+0800: 185012.964: [GC (Allocation Failure) 2018-04-15T04:47:33.969+0800: 185012.965: [ParNew: 11858020K->112791K(13212096K), 0.5344014 secs] 77649396K->65904895K(187275712K), 0.5348167 secs] [Times: user=3.72 sys=0.53, real=0.54 secs] 
2018-04-15T04:47:47.907+0800: 185026.903: [GC (Allocation Failure) 2018-04-15T04:47:47.907+0800: 185026.903: [ParNew: 11856919K->172382K(13212096K), 0.5537440 secs] 77649023K->65966169K(187275712K), 0.5541638 secs] [Times: user=4.07 sys=0.33, real=0.56 secs] 
2018-04-15T04:48:05.217+0800: 185044.213: [GC (Allocation Failure) 2018-04-15T04:48:05.217+0800: 185044.213: [ParNew: 11916510K->174950K(13212096K), 0.6229843 secs] 77710297K->65969089K(187275712K), 0.6234053 secs] [Times: user=3.94 sys=0.98, real=0.62 secs] 
2018-04-15T04:48:29.566+0800: 185068.562: [GC (Allocation Failure) 2018-04-15T04:48:29.566+0800: 185068.562: [ParNew: 11919078K->136870K(13212096K), 0.6183779 secs] 77713217K->65932391K(187275712K), 0.6188100 secs] [Times: user=4.10 sys=0.82, real=0.62 secs] 
2018-04-15T04:48:55.994+0800: 185094.990: [GC (Allocation Failure) 2018-04-15T04:48:55.995+0800: 185094.991: [ParNew: 11880998K->134792K(13212096K), 0.4789183 secs] 77676519K->65932411K(187275712K), 0.4793423 secs] [Times: user=3.62 sys=0.17, real=0.48 secs] 
2018-04-15T04:49:16.166+0800: 185115.162: [GC (Allocation Failure) 2018-04-15T04:49:16.166+0800: 185115.162: [ParNew: 11878920K->117788K(13212096K), 0.6261675 secs] 77676539K->65917230K(187275712K), 0.6265933 secs] [Times: user=3.70 sys=1.27, real=0.63 secs] 
2018-04-15T04:49:30.162+0800: 185129.158: [GC (Allocation Failure) 2018-04-15T04:49:30.163+0800: 185129.159: [ParNew: 11861916K->133883K(13212096K), 0.5712698 secs] 77661358K->65939592K(187275712K), 0.5716848 secs] [Times: user=4.04 sys=0.50, real=0.57 secs] 
2018-04-15T04:49:46.957+0800: 185145.953: [GC (Allocation Failure) 2018-04-15T04:49:46.957+0800: 185145.953: [ParNew: 11878011K->139179K(13212096K), 0.5815253 secs] 77683720K->65950895K(187275712K), 0.5819377 secs] [Times: user=4.56 sys=0.04, real=0.58 secs] 
2018-04-15T04:50:08.915+0800: 185167.911: [GC (Allocation Failure) 2018-04-15T04:50:08.915+0800: 185167.911: [ParNew: 11883307K->159141K(13212096K), 0.6690705 secs] 77695023K->65975366K(187275712K), 0.6695039 secs] [Times: user=4.11 sys=1.19, real=0.67 secs] 
2018-04-15T04:50:57.351+0800: 185216.347: [GC (Allocation Failure) 2018-04-15T04:50:57.352+0800: 185216.348: [ParNew: 11903269K->127687K(13212096K), 0.7323258 secs] 77719494K->65950117K(187275712K), 0.7327537 secs] [Times: user=4.72 sys=1.06, real=0.73 secs] 
2018-04-15T04:52:34.065+0800: 185313.061: [GC (Allocation Failure) 2018-04-15T04:52:34.065+0800: 185313.061: [ParNew: 11871815K->117736K(13212096K), 1.1459781 secs] 77694245K->65947117K(187275712K), 1.1463406 secs] [Times: user=5.92 sys=3.14, real=1.15 secs] 
2018-04-15T04:53:32.139+0800: 185371.135: [GC (Allocation Failure) 2018-04-15T04:53:32.139+0800: 185371.135: [ParNew: 11861864K->121395K(13212096K), 0.9805046 secs] 77691245K->65953302K(187275712K), 0.9809352 secs] [Times: user=5.28 sys=2.49, real=0.98 secs] 
2018-04-15T04:53:43.697+0800: 185382.693: [GC (Allocation Failure) 2018-04-15T04:53:43.697+0800: 185382.693: [ParNew: 11865523K->113096K(13212096K), 0.5637120 secs] 77697430K->65949132K(187275712K), 0.5641232 secs] [Times: user=4.08 sys=0.41, real=0.56 secs] 
2018-04-15T04:53:52.684+0800: 185391.680: [GC (Allocation Failure) 2018-04-15T04:53:52.684+0800: 185391.680: [ParNew: 11857224K->124931K(13212096K), 0.5412564 secs] 77693260K->65966555K(187275712K), 0.5416773 secs] [Times: user=4.12 sys=0.19, real=0.54 secs] 
2018-04-15T04:54:05.097+0800: 185404.093: [GC (Allocation Failure) 2018-04-15T04:54:05.097+0800: 185404.093: [ParNew: 11869059K->102415K(13212096K), 0.5919209 secs] 77710683K->65948812K(187275712K), 0.5923588 secs] [Times: user=3.29 sys=1.40, real=0.59 secs] 
2018-04-15T04:54:18.199+0800: 185417.195: [GC (Allocation Failure) 2018-04-15T04:54:18.200+0800: 185417.196: [ParNew: 11846543K->100022K(13212096K), 0.5407650 secs] 77692940K->65959223K(187275712K), 0.5411892 secs] [Times: user=3.86 sys=0.42, real=0.54 secs] 
2018-04-15T04:54:33.396+0800: 185432.392: [GC (Allocation Failure) 2018-04-15T04:54:33.397+0800: 185432.393: [ParNew: 11844150K->91978K(13212096K), 0.5643607 secs] 77703351K->65967968K(187275712K), 0.5648041 secs] [Times: user=3.82 sys=0.64, real=0.57 secs] 
2018-04-15T04:54:52.621+0800: 185451.617: [GC (Allocation Failure) 2018-04-15T04:54:52.621+0800: 185451.617: [ParNew: 11836106K->74388K(13212096K), 0.4892916 secs] 77712096K->65965935K(187275712K), 0.4897308 secs] [Times: user=3.67 sys=0.19, real=0.49 secs] 
2018-04-15T04:55:05.023+0800: 185464.019: [GC (Allocation Failure) 2018-04-15T04:55:05.023+0800: 185464.019: [ParNew: 11818516K->48736K(13212096K), 0.6076325 secs] 77710063K->65941480K(187275712K), 0.6080540 secs] [Times: user=3.57 sys=1.25, real=0.60 secs] 
2018-04-15T04:55:19.379+0800: 185478.375: [GC (Allocation Failure) 2018-04-15T04:55:19.380+0800: 185478.376: [ParNew: 11792864K->46584K(13212096K), 0.5147114 secs] 77685608K->65941488K(187275712K), 0.5151317 secs] [Times: user=3.72 sys=0.37, real=0.52 secs] 
2018-04-15T04:55:27.762+0800: 185486.758: [GC (Allocation Failure) 2018-04-15T04:55:27.762+0800: 185486.758: [ParNew: 11790712K->50885K(13212096K), 0.4712648 secs] 77685616K->65949826K(187275712K), 0.4716776 secs] [Times: user=3.17 sys=0.58, real=0.47 secs] 
2018-04-15T04:55:35.911+0800: 185494.907: [GC (Allocation Failure) 2018-04-15T04:55:35.911+0800: 185494.907: [ParNew: 11795013K->52389K(13212096K), 0.4513586 secs] 77693954K->65952602K(187275712K), 0.4517618 secs] [Times: user=3.55 sys=0.05, real=0.46 secs] 
2018-04-15T04:55:47.088+0800: 185506.084: [GC (Allocation Failure) 2018-04-15T04:55:47.089+0800: 185506.085: [ParNew: 11796517K->50965K(13212096K), 0.4214270 secs] 77696730K->65955083K(187275712K), 0.4218649 secs] [Times: user=3.35 sys=0.00, real=0.42 secs] 
2018-04-15T04:56:04.813+0800: 185523.809: [GC (Allocation Failure) 2018-04-15T04:56:04.814+0800: 185523.810: [ParNew: 11795093K->62122K(13212096K), 0.6090658 secs] 77699211K->65968686K(187275712K), 0.6094891 secs] [Times: user=3.29 sys=1.53, real=0.61 secs] 
2018-04-15T04:56:21.967+0800: 185540.963: [GC (Allocation Failure) 2018-04-15T04:56:21.967+0800: 185540.963: [ParNew: 11806250K->59919K(13212096K), 0.5490348 secs] 77712814K->65967584K(187275712K), 0.5494094 secs] [Times: user=3.76 sys=0.62, real=0.55 secs] 
2018-04-15T04:56:44.202+0800: 185563.198: [GC (Allocation Failure) 2018-04-15T04:56:44.203+0800: 185563.199: [ParNew: 11804047K->48167K(13212096K), 0.4555883 secs] 77711712K->65958478K(187275712K), 0.4559589 secs] [Times: user=3.46 sys=0.17, real=0.45 secs] 
2018-04-15T04:57:11.809+0800: 185590.805: [GC (Allocation Failure) 2018-04-15T04:57:11.809+0800: 185590.805: [ParNew: 11792295K->47678K(13212096K), 0.6640478 secs] 77702606K->65958519K(187275712K), 0.6644298 secs] [Times: user=3.78 sys=1.49, real=0.67 secs] 
2018-04-15T04:57:23.970+0800: 185602.966: [GC (Allocation Failure) 2018-04-15T04:57:23.970+0800: 185602.966: [ParNew: 11791806K->75644K(13212096K), 0.5698462 secs] 77702647K->65986871K(187275712K), 0.5702195 secs] [Times: user=4.03 sys=0.51, real=0.57 secs] 
2018-04-15T04:57:44.430+0800: 185623.426: [GC (Allocation Failure) 2018-04-15T04:57:44.430+0800: 185623.426: [ParNew: 11819772K->77092K(13212096K), 0.5400137 secs] 77730999K->65988730K(187275712K), 0.5404270 secs] [Times: user=3.92 sys=0.38, real=0.54 secs] 
2018-04-15T04:59:02.723+0800: 185701.719: [GC (Allocation Failure) 2018-04-15T04:59:02.723+0800: 185701.719: [ParNew: 11821220K->82340K(13212096K), 0.8675785 secs] 77732858K->65994574K(187275712K), 0.8679756 secs] [Times: user=4.97 sys=1.91, real=0.86 secs] 
2018-04-15T04:59:18.418+0800: 185717.414: [GC (Allocation Failure) 2018-04-15T04:59:18.418+0800: 185717.414: [ParNew: 11826468K->123565K(13212096K), 0.5195526 secs] 77738702K->66036396K(187275712K), 0.5199592 secs] [Times: user=3.63 sys=0.52, real=0.52 secs] 
2018-04-15T04:59:44.394+0800: 185743.390: [GC (Allocation Failure) 2018-04-15T04:59:44.394+0800: 185743.390: [ParNew: 11867693K->142848K(13212096K), 0.6526293 secs] 77780524K->66056416K(187275712K), 0.6530377 secs] [Times: user=3.62 sys=1.57, real=0.65 secs] 
2018-04-15T05:00:28.264+0800: 185787.260: [GC (Allocation Failure) 2018-04-15T05:00:28.264+0800: 185787.260: [ParNew: 11886976K->137932K(13212096K), 0.6157129 secs] 77800544K->66056290K(187275712K), 0.6161346 secs] [Times: user=4.04 sys=0.84, real=0.61 secs] 
2018-04-15T05:00:54.022+0800: 185813.018: [GC (Allocation Failure) 2018-04-15T05:00:54.022+0800: 185813.018: [ParNew: 11882060K->124188K(13212096K), 0.5554581 secs] 77800418K->66047799K(187275712K), 0.5558872 secs] [Times: user=3.91 sys=0.51, real=0.55 secs] 
2018-04-15T05:01:13.225+0800: 185832.222: [GC (Allocation Failure) 2018-04-15T05:01:13.226+0800: 185832.222: [ParNew: 11868316K->148996K(13212096K), 0.5983983 secs] 77791927K->66076437K(187275712K), 0.5988426 secs] [Times: user=3.18 sys=1.57, real=0.60 secs] 
2018-04-15T05:01:23.797+0800: 185842.793: [GC (Allocation Failure) 2018-04-15T05:01:23.798+0800: 185842.794: [ParNew: 11893124K->134226K(13212096K), 0.5060634 secs] 77820565K->66069905K(187275712K), 0.5065019 secs] [Times: user=3.73 sys=0.27, real=0.51 secs] 
2018-04-15T05:01:37.876+0800: 185856.872: [GC (Allocation Failure) 2018-04-15T05:01:37.877+0800: 185856.873: [ParNew: 11878354K->117893K(13212096K), 0.5334921 secs] 77814033K->66061764K(187275712K), 0.5339044 secs] [Times: user=3.73 sys=0.51, real=0.53 secs] 
2018-04-15T05:02:35.377+0800: 185914.373: [GC (Allocation Failure) 2018-04-15T05:02:35.378+0800: 185914.374: [ParNew: 11862021K->75241K(13212096K), 0.8008740 secs] 77805892K->66025795K(187275712K), 0.8013023 secs] [Times: user=4.67 sys=1.64, real=0.80 secs] 
2018-04-15T05:02:44.598+0800: 185923.594: [GC (Allocation Failure) 2018-04-15T05:02:44.598+0800: 185923.594: [ParNew: 11819369K->74531K(13212096K), 0.4802523 secs] 77769923K->66032627K(187275712K), 0.4806573 secs] [Times: user=3.81 sys=0.00, real=0.48 secs] 
2018-04-15T05:02:50.132+0800: 185929.128: [GC (Allocation Failure) 2018-04-15T05:02:50.132+0800: 185929.128: [ParNew: 11818659K->77698K(13212096K), 0.4359416 secs] 77776755K->66038093K(187275712K), 0.4363501 secs] [Times: user=2.99 sys=0.48, real=0.43 secs] 
2018-04-15T05:02:59.280+0800: 185938.277: [GC (Allocation Failure) 2018-04-15T05:02:59.281+0800: 185938.277: [ParNew: 11821826K->86445K(13212096K), 0.4359073 secs] 77782221K->66049327K(187275712K), 0.4363053 secs] [Times: user=3.39 sys=0.06, real=0.44 secs] 
2018-04-15T05:03:23.830+0800: 185962.826: [GC (Allocation Failure) 2018-04-15T05:03:23.830+0800: 185962.826: [ParNew: 11830573K->72377K(13212096K), 0.5254232 secs] 77793455K->66037885K(187275712K), 0.5257808 secs] [Times: user=3.75 sys=0.43, real=0.53 secs] 
2018-04-15T05:03:34.356+0800: 185973.352: [GC (Allocation Failure) 2018-04-15T05:03:34.356+0800: 185973.352: [ParNew: 11816505K->69042K(13212096K), 0.6101095 secs] 77782013K->66038927K(187275712K), 0.6105158 secs] [Times: user=3.11 sys=1.71, real=0.61 secs] 
2018-04-15T05:03:50.697+0800: 185989.693: [GC (Allocation Failure) 2018-04-15T05:03:50.697+0800: 185989.693: [ParNew: 11813170K->59893K(13212096K), 0.4564465 secs] 77783055K->66038867K(187275712K), 0.4568592 secs] [Times: user=2.86 sys=0.76, real=0.46 secs] 
2018-04-15T05:05:50.115+0800: 186109.111: [GC (Allocation Failure) 2018-04-15T05:05:50.115+0800: 186109.111: [ParNew: 11804021K->72974K(13212096K), 0.8773666 secs] 77782995K->66053374K(187275712K), 0.8777476 secs] [Times: user=4.96 sys=1.94, real=0.88 secs] 
2018-04-15T05:06:32.217+0800: 186151.213: [GC (Allocation Failure) 2018-04-15T05:06:32.217+0800: 186151.213: [ParNew: 11817102K->78716K(13212096K), 0.6785252 secs] 77797502K->66060541K(187275712K), 0.6789357 secs] [Times: user=4.75 sys=0.64, real=0.68 secs] 
2018-04-15T05:07:24.964+0800: 186203.960: [GC (Allocation Failure) 2018-04-15T05:07:24.964+0800: 186203.960: [ParNew: 11822844K->71312K(13212096K), 0.6474548 secs] 77804669K->66055961K(187275712K), 0.6479115 secs] [Times: user=3.29 sys=1.78, real=0.65 secs] 
2018-04-15T05:07:52.774+0800: 186231.770: [GC (Allocation Failure) 2018-04-15T05:07:52.774+0800: 186231.770: [ParNew: 11815440K->86823K(13212096K), 0.6722055 secs] 77800089K->66073897K(187275712K), 0.6726263 secs] [Times: user=4.41 sys=0.95, real=0.67 secs] 
2018-04-15T05:08:25.041+0800: 186264.037: [GC (Allocation Failure) 2018-04-15T05:08:25.041+0800: 186264.038: [ParNew: 11830951K->107706K(13212096K), 0.4721560 secs] 77818025K->66097473K(187275712K), 0.4725934 secs] [Times: user=3.56 sys=0.20, real=0.47 secs] 
2018-04-15T05:08:43.808+0800: 186282.804: [GC (Allocation Failure) 2018-04-15T05:08:43.808+0800: 186282.804: [ParNew: 11851834K->113288K(13212096K), 0.6292261 secs] 77841601K->66104169K(187275712K), 0.6296427 secs] [Times: user=3.26 sys=1.72, real=0.63 secs] 
2018-04-15T05:09:02.476+0800: 186301.473: [GC (Allocation Failure) 2018-04-15T05:09:02.477+0800: 186301.473: [ParNew: 11857416K->133095K(13212096K), 0.5480622 secs] 77848297K->66137734K(187275712K), 0.5484708 secs] [Times: user=3.77 sys=0.57, real=0.55 secs] 
2018-04-15T05:09:15.534+0800: 186314.531: [GC (Allocation Failure) 2018-04-15T05:09:15.535+0800: 186314.531: [ParNew: 11877223K->148244K(13212096K), 0.5574913 secs] 77881862K->66154958K(187275712K), 0.5578975 secs] [Times: user=3.98 sys=0.46, real=0.56 secs] 
2018-04-15T05:09:26.080+0800: 186325.076: [GC (Allocation Failure) 2018-04-15T05:09:26.080+0800: 186325.076: [ParNew: 11892372K->172210K(13212096K), 0.4954529 secs] 77899086K->66186535K(187275712K), 0.4958729 secs] [Times: user=3.80 sys=0.13, real=0.50 secs] 
2018-04-15T05:09:32.515+0800: 186331.511: [GC (Allocation Failure) 2018-04-15T05:09:32.515+0800: 186331.511: [ParNew: 11916338K->182880K(13212096K), 0.5059022 secs] 77930663K->66200941K(187275712K), 0.5063198 secs] [Times: user=3.65 sys=0.37, real=0.51 secs] 
2018-04-15T05:09:37.850+0800: 186336.846: [GC (Allocation Failure) 2018-04-15T05:09:37.850+0800: 186336.846: [ParNew: 11927008K->178597K(13212096K), 0.4677419 secs] 77945069K->66203686K(187275712K), 0.4681401 secs] [Times: user=3.72 sys=0.00, real=0.47 secs] 
2018-04-15T05:09:44.900+0800: 186343.896: [GC (Allocation Failure) 2018-04-15T05:09:44.900+0800: 186343.896: [ParNew: 11922725K->143699K(13212096K), 0.4756014 secs] 77947814K->66170279K(187275712K), 0.4759970 secs] [Times: user=3.66 sys=0.13, real=0.48 secs] 
2018-04-15T05:09:50.848+0800: 186349.844: [GC (Allocation Failure) 2018-04-15T05:09:50.848+0800: 186349.844: [ParNew: 11887827K->135725K(13212096K), 0.4668930 secs] 77914407K->66168664K(187275712K), 0.4672871 secs] [Times: user=3.62 sys=0.08, real=0.47 secs] 
2018-04-15T05:09:59.911+0800: 186358.907: [GC (Allocation Failure) 2018-04-15T05:09:59.911+0800: 186358.907: [ParNew: 11879853K->83183K(13212096K), 0.4533038 secs] 77912792K->66124719K(187275712K), 0.4537097 secs] [Times: user=3.54 sys=0.04, real=0.45 secs] 
2018-04-15T05:10:09.992+0800: 186368.988: [GC (Allocation Failure) 2018-04-15T05:10:09.993+0800: 186368.989: [ParNew: 11827311K->90377K(13212096K), 0.5110733 secs] 77868847K->66135034K(187275712K), 0.5114799 secs] [Times: user=3.98 sys=0.08, real=0.51 secs] 
2018-04-15T05:10:25.163+0800: 186384.159: [GC (Allocation Failure) 2018-04-15T05:10:25.163+0800: 186384.159: [ParNew: 11834505K->57752K(13212096K), 0.5845899 secs] 77879162K->66103949K(187275712K), 0.5849743 secs] [Times: user=3.01 sys=1.63, real=0.58 secs] 
2018-04-15T05:10:42.255+0800: 186401.251: [GC (Allocation Failure) 2018-04-15T05:10:42.255+0800: 186401.251: [ParNew: 11801805K->53315K(13212096K), 0.5571415 secs] 77848003K->66101525K(187275712K), 0.5575356 secs] [Times: user=3.70 sys=0.73, real=0.56 secs] 
2018-04-15T05:10:55.617+0800: 186414.613: [GC (Allocation Failure) 2018-04-15T05:10:55.617+0800: 186414.613: [ParNew: 11797443K->85805K(13212096K), 0.4676333 secs] 77845653K->66134957K(187275712K), 0.4680357 secs] [Times: user=3.10 sys=0.62, real=0.47 secs] 
2018-04-15T05:11:02.963+0800: 186421.960: [GC (Allocation Failure) 2018-04-15T05:11:02.964+0800: 186421.960: [ParNew: 11829933K->124359K(13212096K), 0.6224366 secs] 77879085K->66174981K(187275712K), 0.6228504 secs] [Times: user=3.31 sys=1.62, real=0.62 secs] 
2018-04-15T05:11:12.499+0800: 186431.495: [GC (Allocation Failure) 2018-04-15T05:11:12.499+0800: 186431.496: [ParNew: 11868487K->131345K(13212096K), 0.4726988 secs] 77919109K->66184098K(187275712K), 0.4730960 secs] [Times: user=3.76 sys=0.00, real=0.48 secs] 
2018-04-15T05:11:22.042+0800: 186441.039: [GC (Allocation Failure) 2018-04-15T05:11:22.043+0800: 186441.039: [ParNew: 11875473K->114657K(13212096K), 0.4621645 secs] 77928226K->66169307K(187275712K), 0.4625635 secs] [Times: user=3.51 sys=0.16, real=0.46 secs] 
2018-04-15T05:11:29.663+0800: 186448.659: [GC (Allocation Failure) 2018-04-15T05:11:29.663+0800: 186448.659: [ParNew: 11858785K->109819K(13212096K), 0.4815054 secs] 77913435K->66167013K(187275712K), 0.4818994 secs] [Times: user=3.12 sys=0.71, real=0.48 secs] 
2018-04-15T05:11:54.485+0800: 186473.481: [GC (Allocation Failure) 2018-04-15T05:11:54.486+0800: 186473.482: [ParNew: 11853947K->58516K(13212096K), 0.4882891 secs] 77911141K->66117640K(187275712K), 0.4887115 secs] [Times: user=3.50 sys=0.38, real=0.49 secs] 
2018-04-15T05:12:16.703+0800: 186495.699: [GC (Allocation Failure) 2018-04-15T05:12:16.703+0800: 186495.699: [ParNew: 11802644K->42911K(13212096K), 0.6073476 secs] 77861768K->66106123K(187275712K), 0.6077535 secs] [Times: user=3.47 sys=1.34, real=0.60 secs] 
2018-04-15T05:13:05.309+0800: 186544.305: [GC (Allocation Failure) 2018-04-15T05:13:05.309+0800: 186544.305: [ParNew: 11787039K->58486K(13212096K), 0.6668566 secs] 77850251K->66123588K(187275712K), 0.6672530 secs] [Times: user=4.04 sys=1.27, real=0.67 secs] 
2018-04-15T05:13:24.511+0800: 186563.507: [GC (Allocation Failure) 2018-04-15T05:13:24.511+0800: 186563.507: [ParNew: 11802614K->84638K(13212096K), 0.5957401 secs] 77867716K->66151056K(187275712K), 0.5961129 secs] [Times: user=3.74 sys=0.98, real=0.59 secs] 
2018-04-15T05:13:48.367+0800: 186587.363: [GC (Allocation Failure) 2018-04-15T05:13:48.367+0800: 186587.363: [ParNew: 11828766K->88113K(13212096K), 0.5198190 secs] 77895184K->66155354K(187275712K), 0.5202372 secs] [Times: user=3.62 sys=0.52, real=0.52 secs] 
2018-04-15T05:15:17.309+0800: 186676.305: [GC (Allocation Failure) 2018-04-15T05:15:17.309+0800: 186676.305: [ParNew: 11832241K->93849K(13212096K), 0.7511191 secs] 77899482K->66161607K(187275712K), 0.7515532 secs] [Times: user=4.48 sys=1.46, real=0.75 secs] 
2018-04-15T05:16:25.064+0800: 186744.060: [GC (Allocation Failure) 2018-04-15T05:16:25.064+0800: 186744.060: [ParNew: 11837977K->100448K(13212096K), 0.6651732 secs] 77905735K->66171994K(187275712K), 0.6656102 secs] [Times: user=4.12 sys=1.17, real=0.66 secs] 
2018-04-15T05:16:51.407+0800: 186770.404: [GC (Allocation Failure) 2018-04-15T05:16:51.408+0800: 186770.404: [ParNew: 11844576K->86602K(13212096K), 0.6477818 secs] 77916122K->66161488K(187275712K), 0.6482305 secs] [Times: user=4.02 sys=1.10, real=0.65 secs] 
2018-04-15T05:17:00.618+0800: 186779.615: [GC (Allocation Failure) 2018-04-15T05:17:00.619+0800: 186779.615: [ParNew: 11830730K->88359K(13212096K), 0.4724839 secs] 77905616K->66169974K(187275712K), 0.4729043 secs] [Times: user=3.31 sys=0.44, real=0.48 secs] 
2018-04-15T05:17:34.299+0800: 186813.295: [GC (Allocation Failure) 2018-04-15T05:17:34.299+0800: 186813.295: [ParNew: 11832487K->87667K(13212096K), 0.5187955 secs] 77914102K->66171940K(187275712K), 0.5192211 secs] [Times: user=3.55 sys=0.57, real=0.52 secs] 
2018-04-15T05:17:56.539+0800: 186835.535: [GC (Allocation Failure) 2018-04-15T05:17:56.540+0800: 186835.536: [ParNew: 11831795K->68982K(13212096K), 0.4863749 secs] 77916068K->66165332K(187275712K), 0.4868193 secs] [Times: user=3.64 sys=0.21, real=0.49 secs] 
2018-04-15T05:18:06.685+0800: 186845.681: [GC (Allocation Failure) 2018-04-15T05:18:06.686+0800: 186845.682: [ParNew: 11813110K->58519K(13212096K), 0.5772944 secs] 77909460K->66160430K(187275712K), 0.5777331 secs] [Times: user=3.33 sys=1.25, real=0.58 secs] 
2018-04-15T05:18:19.884+0800: 186858.880: [GC (Allocation Failure) 2018-04-15T05:18:19.884+0800: 186858.880: [ParNew: 11802647K->62639K(13212096K), 0.4962997 secs] 77904558K->66172625K(187275712K), 0.4967229 secs] [Times: user=3.68 sys=0.26, real=0.49 secs] 
2018-04-15T05:18:48.045+0800: 186887.041: [GC (Allocation Failure) 2018-04-15T05:18:48.046+0800: 186887.042: [ParNew: 11806767K->59944K(13212096K), 0.5405348 secs] 77916753K->66172464K(187275712K), 0.5409650 secs] [Times: user=3.60 sys=0.68, real=0.54 secs] 
2018-04-15T05:19:46.376+0800: 186945.372: [GC (Allocation Failure) 2018-04-15T05:19:46.376+0800: 186945.372: [ParNew: 11804072K->63398K(13212096K), 0.7360550 secs] 77916592K->66177006K(187275712K), 0.7364966 secs] [Times: user=3.59 sys=2.21, real=0.74 secs] 
2018-04-15T05:20:02.918+0800: 186961.914: [GC (Allocation Failure) 2018-04-15T05:20:02.918+0800: 186961.914: [ParNew: 11807526K->66819K(13212096K), 0.5158673 secs] 77921134K->66183040K(187275712K), 0.5162840 secs] [Times: user=3.64 sys=0.45, real=0.52 secs] 
2018-04-15T05:20:14.710+0800: 186973.706: [GC (Allocation Failure) 2018-04-15T05:20:14.710+0800: 186973.706: [ParNew: 11810947K->83760K(13212096K), 0.4892315 secs] 77927168K->66200817K(187275712K), 0.4896509 secs] [Times: user=3.77 sys=0.12, real=0.49 secs] 
2018-04-15T05:20:26.706+0800: 186985.702: [GC (Allocation Failure) 2018-04-15T05:20:26.706+0800: 186985.702: [ParNew: 11827888K->71582K(13212096K), 0.6061187 secs] 77944945K->66188960K(187275712K), 0.6065689 secs] [Times: user=3.53 sys=1.27, real=0.61 secs] 
2018-04-15T05:20:52.993+0800: 187011.989: [GC (Allocation Failure) 2018-04-15T05:20:52.993+0800: 187011.989: [ParNew: 11815710K->76948K(13212096K), 0.6851275 secs] 77933088K->66195489K(187275712K), 0.6854844 secs] [Times: user=4.02 sys=1.43, real=0.68 secs] 
2018-04-15T05:22:20.319+0800: 187099.315: [GC (Allocation Failure) 2018-04-15T05:22:20.320+0800: 187099.316: [ParNew: 11821076K->108159K(13212096K), 0.7706399 secs] 77939617K->66229628K(187275712K), 0.7710909 secs] [Times: user=4.42 sys=1.66, real=0.77 secs] 
2018-04-15T05:22:40.625+0800: 187119.621: [GC (Allocation Failure) 2018-04-15T05:22:40.625+0800: 187119.621: [ParNew: 11852287K->141809K(13212096K), 0.5627812 secs] 77973756K->66268257K(187275712K), 0.5632012 secs] [Times: user=3.99 sys=0.47, real=0.56 secs] 
2018-04-15T05:22:55.018+0800: 187134.014: [GC (Allocation Failure) 2018-04-15T05:22:55.018+0800: 187134.014: [ParNew: 11885937K->143125K(13212096K), 0.4901677 secs] 78012385K->66271445K(187275712K), 0.4905849 secs] [Times: user=3.14 sys=0.76, real=0.49 secs] 
2018-04-15T05:23:24.983+0800: 187163.979: [GC (Allocation Failure) 2018-04-15T05:23:24.983+0800: 187163.979: [ParNew: 11887253K->98375K(13212096K), 0.6578714 secs] 78015573K->66228842K(187275712K), 0.6582954 secs] [Times: user=3.41 sys=1.80, real=0.66 secs] 
2018-04-15T05:24:22.262+0800: 187221.258: [GC (Allocation Failure) 2018-04-15T05:24:22.262+0800: 187221.258: [ParNew: 11842503K->99118K(13212096K), 0.6036053 secs] 77972970K->66230010K(187275712K), 0.6040184 secs] [Times: user=4.16 sys=0.65, real=0.60 secs] 
2018-04-15T05:24:41.191+0800: 187240.187: [GC (Allocation Failure) 2018-04-15T05:24:41.192+0800: 187240.188: [ParNew: 11843246K->85511K(13212096K), 0.4409686 secs] 77974138K->66220296K(187275712K), 0.4413878 secs] [Times: user=2.85 sys=0.65, real=0.44 secs] 
2018-04-15T05:25:06.053+0800: 187265.049: [GC (Allocation Failure) 2018-04-15T05:25:06.053+0800: 187265.049: [ParNew: 11829639K->84018K(13212096K), 0.6569959 secs] 77964424K->66227997K(187275712K), 0.6574344 secs] [Times: user=3.73 sys=1.45, real=0.65 secs] 
2018-04-15T05:25:20.738+0800: 187279.734: [GC (Allocation Failure) 2018-04-15T05:25:20.738+0800: 187279.734: [ParNew: 11828146K->91449K(13212096K), 0.5236243 secs] 77972125K->66242053K(187275712K), 0.5240592 secs] [Times: user=3.84 sys=0.30, real=0.53 secs] 
2018-04-15T05:25:39.452+0800: 187298.448: [GC (Allocation Failure) 2018-04-15T05:25:39.452+0800: 187298.448: [ParNew: 11835577K->90123K(13212096K), 0.6252610 secs] 77986181K->66255667K(187275712K), 0.6256768 secs] [Times: user=4.07 sys=0.86, real=0.62 secs] 
2018-04-15T05:26:14.886+0800: 187333.882: [GC (Allocation Failure) 2018-04-15T05:26:14.886+0800: 187333.882: [ParNew: 11834251K->82285K(13212096K), 0.7455458 secs] 77999795K->66252667K(187275712K), 0.7459782 secs] [Times: user=4.68 sys=1.19, real=0.75 secs] 
2018-04-15T05:26:41.533+0800: 187360.529: [GC (Allocation Failure) 2018-04-15T05:26:41.534+0800: 187360.530: [ParNew: 11826413K->51873K(13212096K), 0.4766351 secs] 77996795K->66227524K(187275712K), 0.4770570 secs] [Times: user=3.06 sys=0.72, real=0.47 secs] 
2018-04-15T05:28:05.441+0800: 187444.437: [GC (Allocation Failure) 2018-04-15T05:28:05.441+0800: 187444.437: [ParNew: 11796001K->66319K(13212096K), 0.6356960 secs] 77971652K->66242495K(187275712K), 0.6361239 secs] [Times: user=4.65 sys=0.40, real=0.64 secs] 
2018-04-15T05:28:40.142+0800: 187479.138: [GC (Allocation Failure) 2018-04-15T05:28:40.143+0800: 187479.139: [ParNew: 11810447K->71424K(13212096K), 0.6536192 secs] 77986623K->66250461K(187275712K), 0.6540406 secs] [Times: user=3.97 sys=1.19, real=0.65 secs] 
2018-04-15T05:28:55.376+0800: 187494.372: [GC (Allocation Failure) 2018-04-15T05:28:55.376+0800: 187494.372: [ParNew: 11815552K->81784K(13212096K), 0.5142415 secs] 77994589K->66262676K(187275712K), 0.5146698 secs] [Times: user=3.78 sys=0.30, real=0.51 secs] 
2018-04-15T05:29:23.079+0800: 187522.075: [GC (Allocation Failure) 2018-04-15T05:29:23.079+0800: 187522.075: [ParNew: 11825912K->116737K(13212096K), 0.5093631 secs] 78006804K->66301452K(187275712K), 0.5097864 secs] [Times: user=3.87 sys=0.17, real=0.51 secs] 
2018-04-15T05:29:46.185+0800: 187545.181: [GC (Allocation Failure) 2018-04-15T05:29:46.186+0800: 187545.182: [ParNew: 11860865K->139529K(13212096K), 0.5951289 secs] 78045580K->66328384K(187275712K), 0.5955685 secs] [Times: user=3.37 sys=1.35, real=0.59 secs] 
2018-04-15T05:30:09.112+0800: 187568.108: [GC (Allocation Failure) 2018-04-15T05:30:09.112+0800: 187568.108: [ParNew: 11883657K->148506K(13212096K), 0.6037871 secs] 78072512K->66338451K(187275712K), 0.6042043 secs] [Times: user=4.38 sys=0.43, real=0.60 secs] 
2018-04-15T05:30:34.767+0800: 187593.763: [GC (Allocation Failure) 2018-04-15T05:30:34.767+0800: 187593.763: [ParNew: 11892634K->139021K(13212096K), 0.5736732 secs] 78082579K->66337210K(187275712K), 0.5744049 secs] [Times: user=4.09 sys=0.47, real=0.58 secs] 
2018-04-15T05:30:49.975+0800: 187608.971: [GC (Allocation Failure) 2018-04-15T05:30:49.975+0800: 187608.971: [ParNew: 11883149K->140425K(13212096K), 0.6300457 secs] 78081338K->66346174K(187275712K), 0.6304826 secs] [Times: user=4.18 sys=0.81, real=0.63 secs] 
2018-04-15T05:31:05.740+0800: 187624.736: [GC (Allocation Failure) 2018-04-15T05:31:05.740+0800: 187624.736: [ParNew: 11884553K->117965K(13212096K), 0.5463115 secs] 78090302K->66326502K(187275712K), 0.5467354 secs] [Times: user=3.74 sys=0.59, real=0.55 secs] 
2018-04-15T05:31:20.448+0800: 187639.444: [GC (Allocation Failure) 2018-04-15T05:31:20.449+0800: 187639.445: [ParNew: 11862093K->151887K(13212096K), 0.5456507 secs] 78070630K->66367006K(187275712K), 0.5460745 secs] [Times: user=3.88 sys=0.45, real=0.55 secs] 
2018-04-15T05:31:31.601+0800: 187650.597: [GC (Allocation Failure) 2018-04-15T05:31:31.601+0800: 187650.598: [ParNew: 11896015K->181251K(13212096K), 0.4794700 secs] 78111134K->66398887K(187275712K), 0.4799280 secs] [Times: user=3.34 sys=0.45, real=0.48 secs] 
2018-04-15T05:31:43.989+0800: 187662.985: [GC (Allocation Failure) 2018-04-15T05:31:43.989+0800: 187662.985: [ParNew: 11925379K->204145K(13212096K), 0.5939736 secs] 78143015K->66424027K(187275712K), 0.5943902 secs] [Times: user=3.49 sys=1.21, real=0.60 secs] 
2018-04-15T05:32:02.550+0800: 187681.546: [GC (Allocation Failure) 2018-04-15T05:32:02.550+0800: 187681.546: [ParNew: 11948273K->178871K(13212096K), 0.5109846 secs] 78168155K->66402400K(187275712K), 0.5114091 secs] [Times: user=3.55 sys=0.51, real=0.52 secs] 
2018-04-15T05:32:25.028+0800: 187704.024: [GC (Allocation Failure) 2018-04-15T05:32:25.028+0800: 187704.024: [ParNew: 11922999K->148197K(13212096K), 0.5463695 secs] 78146528K->66374757K(187275712K), 0.5468084 secs] [Times: user=3.79 sys=0.56, real=0.55 secs] 
2018-04-15T05:32:36.724+0800: 187715.720: [GC (Allocation Failure) 2018-04-15T05:32:36.724+0800: 187715.720: [ParNew: 11892325K->112986K(13212096K), 0.6013502 secs] 78118885K->66342560K(187275712K), 0.6017733 secs] [Times: user=3.68 sys=1.10, real=0.60 secs] 
2018-04-15T05:32:43.604+0800: 187722.600: [GC (Allocation Failure) 2018-04-15T05:32:43.605+0800: 187722.601: [ParNew: 11857114K->115971K(13212096K), 0.5000936 secs] 78086688K->66349262K(187275712K), 0.5005202 secs] [Times: user=3.94 sys=0.05, real=0.50 secs] 
2018-04-15T05:32:48.637+0800: 187727.633: [GC (Allocation Failure) 2018-04-15T05:32:48.638+0800: 187727.634: [ParNew: 11860099K->87060K(13212096K), 0.4247600 secs] 78093390K->66327113K(187275712K), 0.4251324 secs] [Times: user=3.38 sys=0.00, real=0.43 secs] 
2018-04-15T05:32:55.894+0800: 187734.890: [GC (Allocation Failure) 2018-04-15T05:32:55.894+0800: 187734.890: [ParNew: 11831188K->97124K(13212096K), 0.4493318 secs] 78071241K->66340274K(187275712K), 0.4497135 secs] [Times: user=3.00 sys=0.58, real=0.45 secs] 
2018-04-15T05:33:15.194+0800: 187754.190: [GC (Allocation Failure) 2018-04-15T05:33:15.194+0800: 187754.190: [ParNew: 11841252K->107980K(13212096K), 0.4677070 secs] 78084402K->66357824K(187275712K), 0.4680777 secs] [Times: user=3.61 sys=0.11, real=0.47 secs] 
2018-04-15T05:33:34.985+0800: 187773.981: [GC (Allocation Failure) 2018-04-15T05:33:34.985+0800: 187773.982: [ParNew: 11852108K->111535K(13212096K), 0.6151553 secs] 78101952K->66368114K(187275712K), 0.6155339 secs] [Times: user=3.48 sys=1.39, real=0.61 secs] 
2018-04-15T05:33:54.120+0800: 187793.116: [GC (Allocation Failure) 2018-04-15T05:33:54.120+0800: 187793.116: [ParNew: 11855663K->97939K(13212096K), 0.5289337 secs] 78112242K->66368048K(187275712K), 0.5293030 secs] [Times: user=3.33 sys=0.86, real=0.53 secs] 
2018-04-15T05:35:18.725+0800: 187877.722: [GC (Allocation Failure) 2018-04-15T05:35:18.726+0800: 187877.722: [ParNew: 11842067K->87314K(13212096K), 0.7512892 secs] 78112176K->66357981K(187275712K), 0.7517128 secs] [Times: user=3.75 sys=2.22, real=0.75 secs] 
2018-04-15T05:36:04.806+0800: 187923.802: [GC (Allocation Failure) 2018-04-15T05:36:04.806+0800: 187923.802: [ParNew: 11831442K->83908K(13212096K), 0.5740579 secs] 78102109K->66355380K(187275712K), 0.5744700 secs] [Times: user=3.78 sys=0.78, real=0.57 secs] 
2018-04-15T05:38:12.270+0800: 188051.266: [GC (Allocation Failure) 2018-04-15T05:38:12.270+0800: 188051.266: [ParNew: 11828036K->89856K(13212096K), 1.0335401 secs] 78099508K->66362254K(187275712K), 1.0339644 secs] [Times: user=4.85 sys=3.34, real=1.04 secs] 
2018-04-15T05:39:18.230+0800: 188117.226: [GC (Allocation Failure) 2018-04-15T05:39:18.230+0800: 188117.226: [ParNew: 11833984K->95394K(13212096K), 0.7025362 secs] 78106382K->66371136K(187275712K), 0.7029718 secs] [Times: user=4.14 sys=1.42, real=0.71 secs] 
2018-04-15T05:40:16.077+0800: 188175.073: [GC (Allocation Failure) 2018-04-15T05:40:16.077+0800: 188175.073: [ParNew: 11839522K->113178K(13212096K), 0.6189167 secs] 78115264K->66392563K(187275712K), 0.6193331 secs] [Times: user=3.86 sys=1.05, real=0.62 secs] 
2018-04-15T05:40:37.324+0800: 188196.320: [GC (Allocation Failure) 2018-04-15T05:40:37.325+0800: 188196.321: [ParNew: 11857306K->106821K(13212096K), 0.6345283 secs] 78136691K->66388162K(187275712K), 0.6349635 secs] [Times: user=3.74 sys=1.29, real=0.63 secs] 
2018-04-15T05:40:44.967+0800: 188203.963: [GC (Allocation Failure) 2018-04-15T05:40:44.967+0800: 188203.963: [ParNew: 11850949K->98190K(13212096K), 0.4963376 secs] 78132290K->66394898K(187275712K), 0.4967706 secs] [Times: user=3.93 sys=0.00, real=0.50 secs] 
2018-04-15T05:40:51.045+0800: 188210.041: [GC (Allocation Failure) 2018-04-15T05:40:51.045+0800: 188210.041: [ParNew: 11842318K->96435K(13212096K), 0.4601503 secs] 78139026K->66398748K(187275712K), 0.4605882 secs] [Times: user=3.65 sys=0.00, real=0.46 secs] 
2018-04-15T05:40:58.152+0800: 188217.148: [GC (Allocation Failure) 2018-04-15T05:40:58.152+0800: 188217.148: [ParNew: 11840563K->89945K(13212096K), 0.4914257 secs] 78142876K->66400129K(187275712K), 0.4918410 secs] [Times: user=3.83 sys=0.05, real=0.49 secs] 
2018-04-15T05:41:04.742+0800: 188223.738: [GC (Allocation Failure) 2018-04-15T05:41:04.742+0800: 188223.738: [ParNew: 11834073K->81622K(13212096K), 0.4541081 secs] 78144257K->66397899K(187275712K), 0.4545374 secs] [Times: user=3.60 sys=0.00, real=0.45 secs] 
2018-04-15T05:41:12.851+0800: 188231.847: [GC (Allocation Failure) 2018-04-15T05:41:12.851+0800: 188231.847: [ParNew: 11825750K->78701K(13212096K), 0.4371013 secs] 78142027K->66406155K(187275712K), 0.4375174 secs] [Times: user=3.00 sys=0.45, real=0.44 secs] 
2018-04-15T05:41:26.362+0800: 188245.358: [GC (Allocation Failure) 2018-04-15T05:41:26.362+0800: 188245.358: [ParNew: 11822829K->44082K(13212096K), 0.5876874 secs] 78150283K->66375971K(187275712K), 0.5881178 secs] [Times: user=3.56 sys=1.09, real=0.58 secs] 
2018-04-15T05:41:39.813+0800: 188258.809: [GC (Allocation Failure) 2018-04-15T05:41:39.815+0800: 188258.811: [ParNew: 11788210K->42052K(13212096K), 0.4658472 secs] 78120099K->66375304K(187275712K), 0.4679486 secs] [Times: user=3.20 sys=0.50, real=0.46 secs] 
2018-04-15T05:41:59.415+0800: 188278.411: [GC (Allocation Failure) 2018-04-15T05:41:59.415+0800: 188278.411: [ParNew: 11786180K->51377K(13212096K), 0.4941610 secs] 78119432K->66385970K(187275712K), 0.4945741 secs] [Times: user=3.58 sys=0.35, real=0.49 secs] 
2018-04-15T05:42:13.971+0800: 188292.967: [GC (Allocation Failure) 2018-04-15T05:42:13.971+0800: 188292.967: [ParNew: 11795505K->57897K(13212096K), 0.4846837 secs] 78130098K->66393268K(187275712K), 0.4851011 secs] [Times: user=3.60 sys=0.26, real=0.49 secs] 
2018-04-15T05:42:29.985+0800: 188308.981: [GC (Allocation Failure) 2018-04-15T05:42:29.986+0800: 188308.982: [ParNew: 11802025K->74128K(13212096K), 0.6117968 secs] 78137396K->66411051K(187275712K), 0.6122279 secs] [Times: user=3.37 sys=2.08, real=0.61 secs] 
2018-04-15T05:42:42.387+0800: 188321.383: [GC (Allocation Failure) 2018-04-15T05:42:42.387+0800: 188321.383: [ParNew: 11818256K->91825K(13212096K), 0.4945758 secs] 78155179K->66429576K(187275712K), 0.4950007 secs] [Times: user=3.59 sys=0.34, real=0.50 secs] 
2018-04-15T05:42:56.436+0800: 188335.432: [GC (Allocation Failure) 2018-04-15T05:42:56.436+0800: 188335.432: [ParNew: 11835953K->111371K(13212096K), 0.5181666 secs] 78173704K->66450238K(187275712K), 0.5185953 secs] [Times: user=3.72 sys=0.40, real=0.52 secs] 
2018-04-15T05:43:29.239+0800: 188368.235: [GC (Allocation Failure) 2018-04-15T05:43:29.239+0800: 188368.235: [ParNew: 11855499K->83297K(13212096K), 0.7040145 secs] 78194366K->66424990K(187275712K), 0.7044503 secs] [Times: user=4.26 sys=1.31, real=0.71 secs] 
2018-04-15T05:43:51.677+0800: 188390.673: [GC (Allocation Failure) 2018-04-15T05:43:51.678+0800: 188390.674: [ParNew: 11827425K->84471K(13212096K), 0.5176303 secs] 78169118K->66431347K(187275712K), 0.5180576 secs] [Times: user=3.85 sys=0.23, real=0.52 secs] 
2018-04-15T05:44:03.762+0800: 188402.758: [GC (Allocation Failure) 2018-04-15T05:44:03.762+0800: 188402.758: [ParNew: 11828599K->126730K(13212096K), 0.5265836 secs] 78175475K->66475300K(187275712K), 0.5269433 secs] [Times: user=3.93 sys=0.24, real=0.52 secs] 
2018-04-15T05:44:18.619+0800: 188417.615: [GC (Allocation Failure) 2018-04-15T05:44:18.619+0800: 188417.615: [ParNew: 11870858K->135819K(13212096K), 0.5128759 secs] 78219428K->66487367K(187275712K), 0.5132243 secs] [Times: user=3.74 sys=0.34, real=0.52 secs] 
2018-04-15T05:45:11.187+0800: 188470.183: [GC (Allocation Failure) 2018-04-15T05:45:11.187+0800: 188470.183: [ParNew: 11879947K->97082K(13212096K), 0.6275851 secs] 78231495K->66452231K(187275712K), 0.6280132 secs] [Times: user=3.22 sys=1.73, real=0.63 secs] 
2018-04-15T05:45:28.213+0800: 188487.209: [GC (Allocation Failure) 2018-04-15T05:45:28.214+0800: 188487.210: [ParNew: 11841210K->103696K(13212096K), 0.4883278 secs] 78196359K->66463548K(187275712K), 0.4887488 secs] [Times: user=2.98 sys=0.90, real=0.49 secs] 
2018-04-15T05:45:46.536+0800: 188505.533: [GC (Allocation Failure) 2018-04-15T05:45:46.537+0800: 188505.533: [ParNew: 11847824K->83567K(13212096K), 0.5136876 secs] 78207676K->66448002K(187275712K), 0.5141150 secs] [Times: user=3.63 sys=0.44, real=0.51 secs] 
2018-04-15T05:46:08.186+0800: 188527.182: [GC (Allocation Failure) 2018-04-15T05:46:08.186+0800: 188527.182: [ParNew: 11827695K->85577K(13212096K), 0.5872608 secs] 78192130K->66455539K(187275712K), 0.5876996 secs] [Times: user=3.34 sys=1.29, real=0.59 secs] 
2018-04-15T05:46:52.724+0800: 188571.720: [GC (Allocation Failure) 2018-04-15T05:46:52.724+0800: 188571.720: [ParNew: 11829705K->64896K(13212096K), 0.6440359 secs] 78199667K->66439147K(187275712K), 0.6444528 secs] [Times: user=4.14 sys=0.98, real=0.64 secs] 
2018-04-15T05:48:38.612+0800: 188677.608: [GC (Allocation Failure) 2018-04-15T05:48:38.612+0800: 188677.608: [ParNew: 11809024K->115404K(13212096K), 0.9673900 secs] 78183275K->66503137K(187275712K), 0.9678172 secs] [Times: user=5.71 sys=1.85, real=0.96 secs] 
2018-04-15T05:48:57.584+0800: 188696.580: [GC (Allocation Failure) 2018-04-15T05:48:57.584+0800: 188696.580: [ParNew: 11859350K->97225K(13212096K), 0.5307714 secs] 78247083K->66488849K(187275712K), 0.5312208 secs] [Times: user=3.81 sys=0.38, real=0.53 secs] 
2018-04-15T05:49:38.699+0800: 188737.695: [GC (Allocation Failure) 2018-04-15T05:49:38.699+0800: 188737.695: [ParNew: 11841353K->89212K(13212096K), 0.7403876 secs] 78232977K->66484141K(187275712K), 0.7408194 secs] [Times: user=4.56 sys=1.30, real=0.74 secs] 
2018-04-15T05:49:58.910+0800: 188757.906: [GC (Allocation Failure) 2018-04-15T05:49:58.910+0800: 188757.906: [ParNew: 11833340K->110742K(13212096K), 0.5147737 secs] 78228269K->66507085K(187275712K), 0.5152028 secs] [Times: user=3.40 sys=0.69, real=0.52 secs] 
2018-04-15T05:50:16.980+0800: 188775.976: [GC (Allocation Failure) 2018-04-15T05:50:16.980+0800: 188775.976: [ParNew: 11854870K->119336K(13212096K), 0.5644112 secs] 78251213K->66517674K(187275712K), 0.5648294 secs] [Times: user=3.82 sys=0.66, real=0.57 secs] 
2018-04-15T05:50:43.150+0800: 188802.146: [GC (Allocation Failure) 2018-04-15T05:50:43.150+0800: 188802.146: [ParNew: 11863464K->105827K(13212096K), 0.6705733 secs] 78261802K->66505868K(187275712K), 0.6710157 secs] [Times: user=3.51 sys=1.79, real=0.67 secs] 
2018-04-15T05:50:58.743+0800: 188817.739: [GC (Allocation Failure) 2018-04-15T05:50:58.743+0800: 188817.739: [ParNew: 11849955K->63266K(13212096K), 0.4874146 secs] 78249996K->66478720K(187275712K), 0.4878478 secs] [Times: user=3.15 sys=0.69, real=0.48 secs] 
2018-04-15T05:51:08.889+0800: 188827.886: [GC (Allocation Failure) 2018-04-15T05:51:08.890+0800: 188827.886: [ParNew: 11807394K->79069K(13212096K), 0.4888749 secs] 78222848K->66497608K(187275712K), 0.4892972 secs] [Times: user=3.61 sys=0.28, real=0.49 secs] 
2018-04-15T05:51:18.319+0800: 188837.315: [GC (Allocation Failure) 2018-04-15T05:51:18.319+0800: 188837.315: [ParNew: 11823197K->114516K(13212096K), 0.4941862 secs] 78241736K->66538147K(187275712K), 0.4946105 secs] [Times: user=3.77 sys=0.16, real=0.50 secs] 
2018-04-15T05:51:26.849+0800: 188845.845: [GC (Allocation Failure) 2018-04-15T05:51:26.849+0800: 188845.845: [ParNew: 11858644K->117419K(13212096K), 0.5035915 secs] 78282275K->66547909K(187275712K), 0.5040186 secs] [Times: user=3.88 sys=0.12, real=0.51 secs] 
2018-04-15T05:51:38.225+0800: 188857.221: [GC (Allocation Failure) 2018-04-15T05:51:38.226+0800: 188857.222: [ParNew: 11861547K->140701K(13212096K), 0.6071079 secs] 78292037K->66574304K(187275712K), 0.6075339 secs] [Times: user=3.24 sys=1.58, real=0.61 secs] 
2018-04-15T05:51:52.412+0800: 188871.408: [GC (Allocation Failure) 2018-04-15T05:51:52.412+0800: 188871.408: [ParNew: 11884829K->97066K(13212096K), 0.4879403 secs] 78318432K->66537563K(187275712K), 0.4883820 secs] [Times: user=3.74 sys=0.13, real=0.48 secs] 
2018-04-15T05:52:03.448+0800: 188882.444: [GC (Allocation Failure) 2018-04-15T05:52:03.448+0800: 188882.444: [ParNew: 11841194K->127913K(13212096K), 0.4825587 secs] 78281691K->66570873K(187275712K), 0.4829714 secs] [Times: user=3.62 sys=0.21, real=0.49 secs] 
2018-04-15T05:52:14.158+0800: 188893.154: [GC (Allocation Failure) 2018-04-15T05:52:14.159+0800: 188893.155: [ParNew: 11872041K->151308K(13212096K), 0.5020449 secs] 78315001K->66595731K(187275712K), 0.5024767 secs] [Times: user=3.75 sys=0.24, real=0.50 secs] 
2018-04-15T05:52:26.434+0800: 188905.431: [GC (Allocation Failure) 2018-04-15T05:52:26.435+0800: 188905.431: [ParNew: 11895436K->136811K(13212096K), 0.4907757 secs] 78339859K->66582598K(187275712K), 0.4911912 secs] [Times: user=3.85 sys=0.05, real=0.49 secs] 
2018-04-15T05:52:42.631+0800: 188921.627: [GC (Allocation Failure) 2018-04-15T05:52:42.631+0800: 188921.627: [ParNew: 11880939K->93009K(13212096K), 0.5889813 secs] 78326726K->66539231K(187275712K), 0.5894091 secs] [Times: user=3.10 sys=1.57, real=0.59 secs] 
2018-04-15T05:53:09.030+0800: 188948.026: [GC (Allocation Failure) 2018-04-15T05:53:09.030+0800: 188948.026: [ParNew: 11837137K->88812K(13212096K), 0.6159383 secs] 78283359K->66535562K(187275712K), 0.6163522 secs] [Times: user=4.05 sys=0.84, real=0.62 secs] 
2018-04-15T05:53:21.735+0800: 188960.731: [GC (Allocation Failure) 2018-04-15T05:53:21.735+0800: 188960.731: [ParNew: 11832940K->103151K(13212096K), 0.5131646 secs] 78279690K->66550589K(187275712K), 0.5135821 secs] [Times: user=3.83 sys=0.24, real=0.51 secs] 
2018-04-15T05:53:30.742+0800: 188969.738: [GC (Allocation Failure) 2018-04-15T05:53:30.742+0800: 188969.738: [ParNew: 11847279K->106462K(13212096K), 0.4865720 secs] 78294717K->66558378K(187275712K), 0.4869832 secs] [Times: user=3.33 sys=0.52, real=0.48 secs] 
2018-04-15T05:53:43.677+0800: 188982.673: [GC (Allocation Failure) 2018-04-15T05:53:43.677+0800: 188982.673: [ParNew: 11850590K->92164K(13212096K), 0.5980815 secs] 78302506K->66544622K(187275712K), 0.5985077 secs] [Times: user=3.31 sys=1.43, real=0.60 secs] 
2018-04-15T05:53:59.234+0800: 188998.230: [GC (Allocation Failure) 2018-04-15T05:53:59.234+0800: 188998.230: [ParNew: 11836292K->107737K(13212096K), 0.4839540 secs] 78288750K->66561427K(187275712K), 0.4843920 secs] [Times: user=3.18 sys=0.66, real=0.48 secs] 
2018-04-15T05:54:17.218+0800: 189016.214: [GC (Allocation Failure) 2018-04-15T05:54:17.218+0800: 189016.214: [ParNew: 11851865K->130500K(13212096K), 0.5995654 secs] 78305555K->66586029K(187275712K), 0.5999936 secs] [Times: user=4.20 sys=0.57, real=0.60 secs] 
2018-04-15T05:54:40.705+0800: 189039.701: [GC (Allocation Failure) 2018-04-15T05:54:40.705+0800: 189039.701: [ParNew: 11874628K->161822K(13212096K), 0.5033646 secs] 78330157K->66620991K(187275712K), 0.5037903 secs] [Times: user=3.34 sys=0.64, real=0.50 secs] 
2018-04-15T05:55:03.739+0800: 189062.735: [GC (Allocation Failure) 2018-04-15T05:55:03.739+0800: 189062.735: [ParNew: 11905950K->125906K(13212096K), 0.6649431 secs] 78365119K->66587995K(187275712K), 0.6653565 secs] [Times: user=3.71 sys=1.57, real=0.67 secs] 
2018-04-15T05:55:38.433+0800: 189097.429: [GC (Allocation Failure) 2018-04-15T05:55:38.433+0800: 189097.429: [ParNew: 11870034K->112640K(13212096K), 0.5855062 secs] 78332123K->66576324K(187275712K), 0.5859268 secs] [Times: user=3.95 sys=0.71, real=0.58 secs] 
2018-04-15T05:56:01.021+0800: 189120.017: [GC (Allocation Failure) 2018-04-15T05:56:01.022+0800: 189120.018: [ParNew: 11856768K->116635K(13212096K), 0.5863161 secs] 78320452K->66583099K(187275712K), 0.5867576 secs] [Times: user=3.41 sys=1.25, real=0.58 secs] 
2018-04-15T05:56:50.313+0800: 189169.310: [GC (Allocation Failure) 2018-04-15T05:56:50.314+0800: 189169.310: [ParNew: 11860763K->102301K(13212096K), 0.6471995 secs] 78327227K->66572101K(187275712K), 0.6476224 secs] [Times: user=4.53 sys=0.61, real=0.65 secs] 
2018-04-15T05:57:12.814+0800: 189191.810: [GC (Allocation Failure) 2018-04-15T05:57:12.814+0800: 189191.810: [ParNew: 11846429K->73967K(13212096K), 0.6276567 secs] 78316229K->66547256K(187275712K), 0.6280870 secs] [Times: user=3.43 sys=1.53, real=0.63 secs] 
2018-04-15T05:57:27.552+0800: 189206.548: [GC (Allocation Failure) 2018-04-15T05:57:27.553+0800: 189206.549: [ParNew: 11818095K->79770K(13212096K), 0.4421801 secs] 78291384K->66555192K(187275712K), 0.4426025 secs] [Times: user=3.52 sys=0.00, real=0.44 secs] 
2018-04-15T05:57:38.301+0800: 189217.297: [GC (Allocation Failure) 2018-04-15T05:57:38.302+0800: 189217.298: [ParNew: 11823898K->81247K(13212096K), 0.5576617 secs] 78299320K->66559091K(187275712K), 0.5580844 secs] [Times: user=3.90 sys=0.54, real=0.55 secs] 
2018-04-15T05:57:49.684+0800: 189228.680: [GC (Allocation Failure) 2018-04-15T05:57:49.685+0800: 189228.681: [ParNew: 11825375K->73011K(13212096K), 0.4569312 secs] 78303219K->66555534K(187275712K), 0.4573414 secs] [Times: user=3.51 sys=0.12, real=0.46 secs] 
2018-04-15T05:58:08.626+0800: 189247.622: [GC (Allocation Failure) 2018-04-15T05:58:08.627+0800: 189247.623: [ParNew: 11817139K->84172K(13212096K), 0.5011181 secs] 78299662K->66568720K(187275712K), 0.5015995 secs] [Times: user=3.27 sys=0.70, real=0.50 secs] 
2018-04-15T05:58:45.440+0800: 189284.436: [GC (Allocation Failure) 2018-04-15T05:58:45.440+0800: 189284.436: [ParNew: 11828300K->76276K(13212096K), 0.6738124 secs] 78312848K->66567452K(187275712K), 0.6742277 secs] [Times: user=4.03 sys=1.30, real=0.68 secs] 
2018-04-15T05:59:12.138+0800: 189311.134: [GC (Allocation Failure) 2018-04-15T05:59:12.138+0800: 189311.134: [ParNew: 11820404K->96910K(13212096K), 0.5684679 secs] 78311580K->66596324K(187275712K), 0.5688963 secs] [Times: user=3.95 sys=0.56, real=0.57 secs] 
2018-04-15T05:59:20.131+0800: 189319.127: [GC (Allocation Failure) 2018-04-15T05:59:20.131+0800: 189319.127: [ParNew: 11841038K->114399K(13212096K), 0.4647983 secs] 78340452K->66615006K(187275712K), 0.4652196 secs] [Times: user=3.70 sys=0.00, real=0.47 secs] 
2018-04-15T05:59:28.333+0800: 189327.329: [GC (Allocation Failure) 2018-04-15T05:59:28.333+0800: 189327.329: [ParNew: 11858527K->123745K(13212096K), 0.5953204 secs] 78359134K->66625081K(187275712K), 0.5957364 secs] [Times: user=3.58 sys=1.13, real=0.59 secs] 
2018-04-15T05:59:39.143+0800: 189338.139: [GC (Allocation Failure) 2018-04-15T05:59:39.143+0800: 189338.139: [ParNew: 11867873K->104667K(13212096K), 0.4753130 secs] 78369209K->66607394K(187275712K), 0.4757290 secs] [Times: user=3.70 sys=0.09, real=0.47 secs] 
2018-04-15T06:00:15.142+0800: 189374.138: [GC (Allocation Failure) 2018-04-15T06:00:15.142+0800: 189374.138: [ParNew: 11848795K->90749K(13212096K), 0.5520278 secs] 78351522K->66597562K(187275712K), 0.5524427 secs] [Times: user=3.56 sys=0.83, real=0.55 secs] 
2018-04-15T06:00:30.137+0800: 189389.133: [GC (Allocation Failure) 2018-04-15T06:00:30.137+0800: 189389.133: [ParNew: 11834877K->70025K(13212096K), 0.4645775 secs] 78341690K->66583427K(187275712K), 0.4649906 secs] [Times: user=3.69 sys=0.00, real=0.47 secs] 
2018-04-15T06:00:43.009+0800: 189402.005: [GC (Allocation Failure) 2018-04-15T06:00:43.009+0800: 189402.005: [ParNew: 11814153K->65386K(13212096K), 0.6119461 secs] 78327555K->66587354K(187275712K), 0.6123598 secs] [Times: user=3.55 sys=1.28, real=0.61 secs] 
2018-04-15T06:00:50.880+0800: 189409.876: [GC (Allocation Failure) 2018-04-15T06:00:50.880+0800: 189409.876: [ParNew: 11809514K->61289K(13212096K), 0.4456498 secs] 78331482K->66589928K(187275712K), 0.4460578 secs] [Times: user=3.52 sys=0.02, real=0.45 secs] 
2018-04-15T06:00:58.349+0800: 189417.345: [GC (Allocation Failure) 2018-04-15T06:00:58.350+0800: 189417.346: [ParNew: 11805417K->61615K(13212096K), 0.4524011 secs] 78334056K->66596059K(187275712K), 0.4528131 secs] [Times: user=3.55 sys=0.04, real=0.46 secs] 
2018-04-15T06:01:06.478+0800: 189425.474: [GC (Allocation Failure) 2018-04-15T06:01:06.478+0800: 189425.474: [ParNew: 11805743K->53455K(13212096K), 0.4747796 secs] 78340187K->66593291K(187275712K), 0.4751855 secs] [Times: user=3.14 sys=0.63, real=0.48 secs] 
2018-04-15T06:01:15.522+0800: 189434.518: [GC (Allocation Failure) 2018-04-15T06:01:15.522+0800: 189434.519: [ParNew: 11797583K->43095K(13212096K), 0.4324555 secs] 78337419K->66588905K(187275712K), 0.4328689 secs] [Times: user=3.44 sys=0.00, real=0.43 secs] 
2018-04-15T06:01:26.185+0800: 189445.182: [GC (Allocation Failure) 2018-04-15T06:01:26.186+0800: 189445.182: [ParNew: 11787223K->42475K(13212096K), 0.6011579 secs] 78333033K->66590919K(187275712K), 0.6015977 secs] [Times: user=3.36 sys=1.38, real=0.60 secs] 
2018-04-15T06:01:44.027+0800: 189463.023: [GC (Allocation Failure) 2018-04-15T06:01:44.027+0800: 189463.023: [ParNew: 11786603K->40126K(13212096K), 0.5336765 secs] 78335047K->66590455K(187275712K), 0.5340812 secs] [Times: user=3.93 sys=0.32, real=0.53 secs] 
2018-04-15T06:02:23.964+0800: 189502.960: [GC (Allocation Failure) 2018-04-15T06:02:23.964+0800: 189502.960: [ParNew: 11784254K->44298K(13212096K), 0.5401398 secs] 78334583K->66595892K(187275712K), 0.5405729 secs] [Times: user=3.50 sys=0.77, real=0.54 secs] 
2018-04-15T06:04:33.607+0800: 189632.603: [GC (Allocation Failure) 2018-04-15T06:04:33.608+0800: 189632.604: [ParNew: 11788426K->80962K(13212096K), 0.8776357 secs] 78340020K->66633003K(187275712K), 0.8780682 secs] [Times: user=4.88 sys=2.03, real=0.88 secs] 
2018-04-15T06:05:07.209+0800: 189666.205: [GC (Allocation Failure) 2018-04-15T06:05:07.210+0800: 189666.206: [ParNew: 11825090K->116218K(13212096K), 0.5711393 secs] 78377131K->66668766K(187275712K), 0.5715758 secs] [Times: user=4.13 sys=0.41, real=0.57 secs] 
2018-04-15T06:05:27.438+0800: 189686.434: [GC (Allocation Failure) 2018-04-15T06:05:27.438+0800: 189686.434: [ParNew: 11860346K->135274K(13212096K), 0.5962895 secs] 78412894K->66688840K(187275712K), 0.5967199 secs] [Times: user=3.40 sys=1.33, real=0.60 secs] 
2018-04-15T06:05:49.565+0800: 189708.561: [GC (Allocation Failure) 2018-04-15T06:05:49.565+0800: 189708.561: [ParNew: 11879402K->138843K(13212096K), 0.5752109 secs] 78432968K->66692819K(187275712K), 0.5756428 secs] [Times: user=3.97 sys=0.62, real=0.57 secs] 
2018-04-15T06:06:20.826+0800: 189739.822: [GC (Allocation Failure) 2018-04-15T06:06:20.826+0800: 189739.822: [ParNew: 11882971K->161489K(13212096K), 0.5594318 secs] 78436947K->66716220K(187275712K), 0.5598536 secs] [Times: user=4.11 sys=0.33, real=0.56 secs] 
2018-04-15T06:07:14.914+0800: 189793.910: [GC (Allocation Failure) 2018-04-15T06:07:14.914+0800: 189793.910: [ParNew: 11905617K->137642K(13212096K), 0.8155426 secs] 78460348K->66696882K(187275712K), 0.8159838 secs] [Times: user=4.20 sys=2.20, real=0.81 secs] 
2018-04-15T06:07:57.257+0800: 189836.253: [GC (Allocation Failure) 2018-04-15T06:07:57.257+0800: 189836.253: [ParNew: 11881770K->168061K(13212096K), 0.7239900 secs] 78441010K->66743917K(187275712K), 0.7244359 secs] [Times: user=4.60 sys=1.09, real=0.73 secs] 
2018-04-15T06:08:29.637+0800: 189868.633: [GC (Allocation Failure) 2018-04-15T06:08:29.637+0800: 189868.633: [ParNew: 11912189K->141589K(13212096K), 0.6551466 secs] 78488045K->66719610K(187275712K), 0.6555683 secs] [Times: user=4.10 sys=1.10, real=0.66 secs] 
2018-04-15T06:08:43.612+0800: 189882.608: [GC (Allocation Failure) 2018-04-15T06:08:43.612+0800: 189882.608: [ParNew: 11885717K->156889K(13212096K), 0.5854336 secs] 78463738K->66736602K(187275712K), 0.5858741 secs] [Times: user=4.23 sys=0.43, real=0.58 secs] 
2018-04-15T06:08:56.729+0800: 189895.725: [GC (Allocation Failure) 2018-04-15T06:08:56.729+0800: 189895.725: [ParNew: 11901017K->202949K(13212096K), 0.5743119 secs] 78480730K->66784413K(187275712K), 0.5747612 secs] [Times: user=4.28 sys=0.28, real=0.58 secs] 
2018-04-15T06:09:15.935+0800: 189914.931: [GC (Allocation Failure) 2018-04-15T06:09:15.935+0800: 189914.931: [ParNew: 11947077K->204602K(13212096K), 0.6363765 secs] 78528541K->66792002K(187275712K), 0.6368036 secs] [Times: user=3.59 sys=2.10, real=0.64 secs] 
2018-04-15T06:09:27.906+0800: 189926.902: [GC (Allocation Failure) 2018-04-15T06:09:27.907+0800: 189926.903: [ParNew: 11948730K->184254K(13212096K), 0.5769297 secs] 78536130K->66784802K(187275712K), 0.5773523 secs] [Times: user=4.02 sys=0.56, real=0.58 secs] 
2018-04-15T06:09:51.089+0800: 189950.085: [GC (Allocation Failure) 2018-04-15T06:09:51.089+0800: 189950.085: [ParNew: 11928382K->182244K(13212096K), 0.5778931 secs] 78528930K->66792334K(187275712K), 0.5783079 secs] [Times: user=4.14 sys=0.45, real=0.58 secs] 
2018-04-15T06:10:07.532+0800: 189966.528: [GC (Allocation Failure) 2018-04-15T06:10:07.532+0800: 189966.528: [ParNew: 11926372K->156126K(13212096K), 0.6206839 secs] 78536462K->66774746K(187275712K), 0.6211190 secs] [Times: user=3.66 sys=1.25, real=0.62 secs] 
2018-04-15T06:10:16.659+0800: 189975.655: [GC (Allocation Failure) 2018-04-15T06:10:16.659+0800: 189975.655: [ParNew: 11900254K->122355K(13212096K), 0.5071216 secs] 78518874K->66750728K(187275712K), 0.5075366 secs] [Times: user=3.77 sys=0.25, real=0.51 secs] 
2018-04-15T06:10:23.926+0800: 189982.922: [GC (Allocation Failure) 2018-04-15T06:10:23.926+0800: 189982.922: [ParNew: 11866483K->118844K(13212096K), 0.4621054 secs] 78494856K->66752937K(187275712K), 0.4625261 secs] [Times: user=3.65 sys=0.00, real=0.46 secs] 
2018-04-15T06:10:33.256+0800: 189992.252: [GC (Allocation Failure) 2018-04-15T06:10:33.257+0800: 189992.253: [ParNew: 11862972K->116298K(13212096K), 0.4596133 secs] 78497065K->66756757K(187275712K), 0.4600210 secs] [Times: user=3.56 sys=0.08, real=0.46 secs] 
2018-04-15T06:10:45.523+0800: 190004.519: [GC (Allocation Failure) 2018-04-15T06:10:45.523+0800: 190004.519: [ParNew: 11860426K->86843K(13212096K), 0.4918740 secs] 78500885K->66734108K(187275712K), 0.4922947 secs] [Times: user=3.68 sys=0.22, real=0.49 secs] 
2018-04-15T06:10:51.793+0800: 190010.789: [GC (Allocation Failure) 2018-04-15T06:10:51.793+0800: 190010.789: [ParNew: 11830971K->57700K(13212096K), 0.5897303 secs] 78478236K->66721090K(187275712K), 0.5901598 secs] [Times: user=3.11 sys=1.55, real=0.59 secs] 
2018-04-15T06:10:58.445+0800: 190017.442: [GC (Allocation Failure) 2018-04-15T06:10:58.446+0800: 190017.442: [ParNew: 11801828K->70645K(13212096K), 0.4865355 secs] 78465218K->66737818K(187275712K), 0.4869441 secs] [Times: user=3.87 sys=0.00, real=0.49 secs] 
2018-04-15T06:11:05.295+0800: 190024.291: [GC (Allocation Failure) 2018-04-15T06:11:05.295+0800: 190024.291: [ParNew: 11814773K->80121K(13212096K), 0.4494500 secs] 78481946K->66750997K(187275712K), 0.4498594 secs] [Times: user=3.57 sys=0.00, real=0.45 secs] 
2018-04-15T06:11:14.015+0800: 190033.011: [GC (Allocation Failure) 2018-04-15T06:11:14.015+0800: 190033.011: [ParNew: 11824249K->88416K(13212096K), 0.5340068 secs] 78495125K->66761832K(187275712K), 0.5344115 secs] [Times: user=3.76 sys=0.49, real=0.53 secs] 
2018-04-15T06:11:22.002+0800: 190040.998: [GC (Allocation Failure) 2018-04-15T06:11:22.003+0800: 190040.999: [ParNew: 11832544K->84041K(13212096K), 0.4855132 secs] 78505960K->66760606K(187275712K), 0.4859261 secs] [Times: user=3.18 sys=0.67, real=0.48 secs] 
2018-04-15T06:11:29.310+0800: 190048.306: [GC (Allocation Failure) 2018-04-15T06:11:29.310+0800: 190048.306: [ParNew: 11828169K->61935K(13212096K), 0.4623914 secs] 78504734K->66743089K(187275712K), 0.4627933 secs] [Times: user=3.16 sys=0.52, real=0.47 secs] 
2018-04-15T06:11:38.356+0800: 190057.352: [GC (Allocation Failure) 2018-04-15T06:11:38.356+0800: 190057.352: [ParNew: 11806063K->69462K(13212096K), 0.6156737 secs] 78487217K->66752869K(187275712K), 0.6161079 secs] [Times: user=3.37 sys=1.48, real=0.62 secs] 
2018-04-15T06:11:46.113+0800: 190065.109: [GC (Allocation Failure) 2018-04-15T06:11:46.114+0800: 190065.110: [ParNew: 11813590K->77404K(13212096K), 0.4293223 secs] 78496997K->66763111K(187275712K), 0.4297254 secs] [Times: user=3.41 sys=0.00, real=0.43 secs] 
2018-04-15T06:11:57.996+0800: 190076.992: [GC (Allocation Failure) 2018-04-15T06:11:57.996+0800: 190076.992: [ParNew: 11821532K->75481K(13212096K), 0.5654856 secs] 78507239K->66762047K(187275712K), 0.5658846 secs] [Times: user=3.90 sys=0.61, real=0.57 secs] 
2018-04-15T06:12:20.123+0800: 190099.119: [GC (Allocation Failure) 2018-04-15T06:12:20.123+0800: 190099.119: [ParNew: 11819609K->59473K(13212096K), 0.5158041 secs] 78506175K->66747153K(187275712K), 0.5162125 secs] [Times: user=3.55 sys=0.55, real=0.51 secs] 
2018-04-15T06:12:51.169+0800: 190130.165: [GC (Allocation Failure) 2018-04-15T06:12:51.169+0800: 190130.165: [ParNew: 11803601K->60805K(13212096K), 0.6471336 secs] 78491281K->66749542K(187275712K), 0.6475817 secs] [Times: user=3.71 sys=1.42, real=0.65 secs] 
2018-04-15T06:13:51.220+0800: 190190.216: [GC (Allocation Failure) 2018-04-15T06:13:51.220+0800: 190190.216: [ParNew: 11804933K->74702K(13212096K), 0.6705109 secs] 78493670K->66765320K(187275712K), 0.6709274 secs] [Times: user=4.01 sys=1.32, real=0.68 secs] 
2018-04-15T06:14:33.944+0800: 190232.940: [GC (Allocation Failure) 2018-04-15T06:14:33.944+0800: 190232.940: [ParNew: 11818830K->85449K(13212096K), 0.6452772 secs] 78509448K->66778088K(187275712K), 0.6457096 secs] [Times: user=3.50 sys=1.60, real=0.64 secs] 
2018-04-15T06:15:09.562+0800: 190268.558: [GC (Allocation Failure) 2018-04-15T06:15:09.562+0800: 190268.558: [ParNew: 11829577K->115776K(13212096K), 0.6213699 secs] 78522216K->66810321K(187275712K), 0.6217859 secs] [Times: user=4.25 sys=0.69, real=0.62 secs] 
2018-04-15T06:15:33.756+0800: 190292.752: [GC (Allocation Failure) 2018-04-15T06:15:33.756+0800: 190292.752: [ParNew: 11859904K->145847K(13212096K), 0.6759431 secs] 78554449K->66840935K(187275712K), 0.6763801 secs] [Times: user=4.10 sys=1.25, real=0.68 secs] 
2018-04-15T06:15:56.519+0800: 190315.515: [GC (Allocation Failure) 2018-04-15T06:15:56.519+0800: 190315.515: [ParNew: 11889975K->137647K(13212096K), 0.5543329 secs] 78585063K->66835914K(187275712K), 0.5547664 secs] [Times: user=3.96 sys=0.44, real=0.56 secs] 
2018-04-15T06:17:16.242+0800: 190395.238: [GC (Allocation Failure) 2018-04-15T06:17:16.242+0800: 190395.238: [ParNew: 11881775K->105683K(13212096K), 0.6751970 secs] 78580042K->66807169K(187275712K), 0.6756684 secs] [Times: user=4.69 sys=0.61, real=0.67 secs] 
2018-04-15T06:17:51.939+0800: 190430.935: [GC (Allocation Failure) 2018-04-15T06:17:51.939+0800: 190430.935: [ParNew: 11849811K->108737K(13212096K), 0.7049394 secs] 78551297K->66816476K(187275712K), 0.7053796 secs] [Times: user=4.10 sys=1.49, real=0.71 secs] 
2018-04-15T06:18:23.517+0800: 190462.513: [GC (Allocation Failure) 2018-04-15T06:18:23.517+0800: 190462.513: [ParNew: 11852865K->127825K(13212096K), 0.6192914 secs] 78560604K->66845619K(187275712K), 0.6197137 secs] [Times: user=4.54 sys=0.38, real=0.62 secs] 
2018-04-15T06:18:43.046+0800: 190482.042: [GC (Allocation Failure) 2018-04-15T06:18:43.047+0800: 190482.043: [ParNew: 11871953K->135371K(13212096K), 0.6306212 secs] 78589747K->66862140K(187275712K), 0.6310475 secs] [Times: user=3.30 sys=1.68, real=0.63 secs] 
2018-04-15T06:19:08.365+0800: 190507.361: [GC (Allocation Failure) 2018-04-15T06:19:08.365+0800: 190507.361: [ParNew: 11879499K->94373K(13212096K), 0.5020537 secs] 78606268K->66824706K(187275712K), 0.5024814 secs] [Times: user=3.62 sys=0.37, real=0.50 secs] 
2018-04-15T06:19:41.816+0800: 190540.812: [GC (Allocation Failure) 2018-04-15T06:19:41.816+0800: 190540.813: [ParNew: 11838501K->95041K(13212096K), 0.6525069 secs] 78568834K->66829437K(187275712K), 0.6529319 secs] [Times: user=4.84 sys=0.35, real=0.65 secs] 
2018-04-15T06:20:23.460+0800: 190582.456: [GC (Allocation Failure) 2018-04-15T06:20:23.461+0800: 190582.457: [ParNew: 11839169K->83644K(13212096K), 0.8235875 secs] 78573565K->66822177K(187275712K), 0.8240323 secs] [Times: user=4.44 sys=2.09, real=0.83 secs] 
2018-04-15T06:20:39.316+0800: 190598.312: [GC (Allocation Failure) 2018-04-15T06:20:39.316+0800: 190598.312: [ParNew: 11827772K->91505K(13212096K), 0.4716875 secs] 78566305K->66832536K(187275712K), 0.4721124 secs] [Times: user=3.02 sys=0.73, real=0.47 secs] 
2018-04-15T06:20:50.047+0800: 190609.043: [GC (Allocation Failure) 2018-04-15T06:20:50.047+0800: 190609.043: [ParNew: 11835633K->78646K(13212096K), 0.4641408 secs] 78576664K->66831839K(187275712K), 0.4645690 secs] [Times: user=3.58 sys=0.09, real=0.47 secs] 
2018-04-15T06:21:01.089+0800: 190620.085: [GC (Allocation Failure) 2018-04-15T06:21:01.089+0800: 190620.085: [ParNew: 11822774K->85549K(13212096K), 0.6071305 secs] 78575967K->66843899K(187275712K), 0.6075598 secs] [Times: user=3.82 sys=0.98, real=0.61 secs] 
2018-04-15T06:21:30.859+0800: 190649.855: [GC (Allocation Failure) 2018-04-15T06:21:30.859+0800: 190649.855: [ParNew: 11829677K->70316K(13212096K), 0.5197019 secs] 78588027K->66831544K(187275712K), 0.5201157 secs] [Times: user=3.68 sys=0.42, real=0.52 secs] 
2018-04-15T06:22:21.412+0800: 190700.408: [GC (Allocation Failure) 2018-04-15T06:22:21.413+0800: 190700.409: [ParNew: 11814444K->74455K(13212096K), 0.4941608 secs] 78575672K->66841996K(187275712K), 0.4945875 secs] [Times: user=3.55 sys=0.34, real=0.49 secs] 
2018-04-15T06:23:02.427+0800: 190741.423: [GC (Allocation Failure) 2018-04-15T06:23:02.427+0800: 190741.423: [ParNew: 11818583K->89144K(13212096K), 0.6420021 secs] 78586124K->66863333K(187275712K), 0.6424313 secs] [Times: user=3.34 sys=1.70, real=0.64 secs] 
2018-04-15T06:23:12.850+0800: 190751.846: [GC (Allocation Failure) 2018-04-15T06:23:12.850+0800: 190751.846: [ParNew: 11833272K->92304K(13212096K), 0.5039974 secs] 78607461K->66868167K(187275712K), 0.5044154 secs] [Times: user=3.77 sys=0.25, real=0.51 secs] 
2018-04-15T06:23:30.786+0800: 190769.782: [GC (Allocation Failure) 2018-04-15T06:23:30.786+0800: 190769.782: [ParNew: 11836432K->89417K(13212096K), 0.4850727 secs] 78612295K->66866802K(187275712K), 0.4854883 secs] [Times: user=3.59 sys=0.27, real=0.49 secs] 
2018-04-15T06:23:47.737+0800: 190786.733: [GC (Allocation Failure) 2018-04-15T06:23:47.737+0800: 190786.734: [ParNew: 11833545K->51609K(13212096K), 0.6126453 secs] 78610930K->66832849K(187275712K), 0.6130861 secs] [Times: user=3.26 sys=1.59, real=0.61 secs] 
2018-04-15T06:24:07.277+0800: 190806.273: [GC (Allocation Failure) 2018-04-15T06:24:07.278+0800: 190806.274: [ParNew: 11795737K->59658K(13212096K), 0.5899626 secs] 78576977K->66846337K(187275712K), 0.5903796 secs] [Times: user=4.47 sys=0.21, real=0.59 secs] 
2018-04-15T06:24:53.996+0800: 190852.992: [GC (Allocation Failure) 2018-04-15T06:24:53.996+0800: 190852.992: [ParNew: 11803786K->62382K(13212096K), 0.6026673 secs] 78590465K->66852792K(187275712K), 0.6030945 secs] [Times: user=3.99 sys=0.79, real=0.60 secs] 
2018-04-15T06:25:59.369+0800: 190918.365: [GC (Allocation Failure) 2018-04-15T06:25:59.370+0800: 190918.366: [ParNew: 11806510K->63038K(13212096K), 0.6838992 secs] 78596920K->66857436K(187275712K), 0.6843327 secs] [Times: user=3.94 sys=1.48, real=0.69 secs] 
2018-04-15T06:26:42.019+0800: 190961.015: [GC (Allocation Failure) 2018-04-15T06:26:42.019+0800: 190961.015: [ParNew: 11807166K->72055K(13212096K), 0.5399924 secs] 78601564K->66866968K(187275712K), 0.5404331 secs] [Times: user=3.72 sys=0.56, real=0.54 secs] 
2018-04-15T06:27:10.512+0800: 190989.508: [GC (Allocation Failure) 2018-04-15T06:27:10.513+0800: 190989.509: [ParNew: 11816183K->72064K(13212096K), 0.6468171 secs] 78611096K->66867652K(187275712K), 0.6472484 secs] [Times: user=3.73 sys=1.39, real=0.64 secs] 
2018-04-15T06:27:21.135+0800: 191000.131: [GC (Allocation Failure) 2018-04-15T06:27:21.135+0800: 191000.131: [ParNew: 11816192K->84526K(13212096K), 0.5354643 secs] 78611780K->66880354K(187275712K), 0.5358843 secs] [Times: user=3.84 sys=0.43, real=0.53 secs] 
2018-04-15T06:27:29.154+0800: 191008.150: [GC (Allocation Failure) 2018-04-15T06:27:29.154+0800: 191008.150: [ParNew: 11828654K->85892K(13212096K), 0.4432827 secs] 78624482K->66882747K(187275712K), 0.4437123 secs] [Times: user=3.30 sys=0.22, real=0.44 secs] 
2018-04-15T06:27:44.270+0800: 191023.266: [GC (Allocation Failure) 2018-04-15T06:27:44.270+0800: 191023.266: [ParNew: 11830020K->102219K(13212096K), 0.4994836 secs] 78626875K->66903810K(187275712K), 0.5002032 secs] [Times: user=3.42 sys=0.55, real=0.50 secs] 
2018-04-15T06:27:50.309+0800: 191029.305: [GC (Allocation Failure) 2018-04-15T06:27:50.309+0800: 191029.305: [ParNew: 11846347K->120747K(13212096K), 0.5531406 secs] 78647938K->66930703K(187275712K), 0.5535673 secs] [Times: user=3.27 sys=1.15, real=0.56 secs] 
2018-04-15T06:27:59.323+0800: 191038.319: [GC (Allocation Failure) 2018-04-15T06:27:59.323+0800: 191038.319: [ParNew: 11864875K->101343K(13212096K), 0.4711981 secs] 78674831K->66921584K(187275712K), 0.4716282 secs] [Times: user=3.40 sys=0.33, real=0.47 secs] 
2018-04-15T06:28:14.934+0800: 191053.930: [GC (Allocation Failure) 2018-04-15T06:28:14.935+0800: 191053.931: [ParNew: 11845471K->124333K(13212096K), 0.5538926 secs] 78665712K->66949636K(187275712K), 0.5543109 secs] [Times: user=3.74 sys=0.66, real=0.55 secs] 
2018-04-15T06:28:35.497+0800: 191074.493: [GC (Allocation Failure) 2018-04-15T06:28:35.497+0800: 191074.493: [ParNew: 11868461K->123646K(13212096K), 0.5571779 secs] 78693764K->66950311K(187275712K), 0.5577627 secs] [Times: user=4.06 sys=0.35, real=0.56 secs] 
2018-04-15T06:28:43.845+0800: 191082.841: [GC (Allocation Failure) 2018-04-15T06:28:43.845+0800: 191082.841: [ParNew: 11867774K->136889K(13212096K), 0.6048918 secs] 78694439K->66967669K(187275712K), 0.6053121 secs] [Times: user=3.45 sys=1.34, real=0.60 secs] 
2018-04-15T06:28:58.618+0800: 191097.614: [GC (Allocation Failure) 2018-04-15T06:28:58.618+0800: 191097.614: [ParNew: 11881017K->116139K(13212096K), 0.4778631 secs] 78711797K->66950950K(187275712K), 0.4782750 secs] [Times: user=3.56 sys=0.23, real=0.48 secs] 
2018-04-15T06:29:23.408+0800: 191122.404: [GC (Allocation Failure) 2018-04-15T06:29:23.408+0800: 191122.404: [ParNew: 11860267K->98638K(13212096K), 0.5360829 secs] 78695078K->66934365K(187275712K), 0.5365059 secs] [Times: user=3.79 sys=0.47, real=0.54 secs] 
2018-04-15T06:29:39.961+0800: 191138.957: [GC (Allocation Failure) 2018-04-15T06:29:39.962+0800: 191138.958: [ParNew: 11842766K->108790K(13212096K), 0.6221548 secs] 78678493K->66947222K(187275712K), 0.6225929 secs] [Times: user=3.28 sys=1.63, real=0.62 secs] 
2018-04-15T06:29:52.128+0800: 191151.124: [GC (Allocation Failure) 2018-04-15T06:29:52.128+0800: 191151.124: [ParNew: 11852918K->130378K(13212096K), 0.4603616 secs] 78691350K->66971356K(187275712K), 0.4607767 secs] [Times: user=3.61 sys=0.04, real=0.46 secs] 
2018-04-15T06:30:02.646+0800: 191161.642: [GC (Allocation Failure) 2018-04-15T06:30:02.646+0800: 191161.642: [ParNew: 11874506K->145797K(13212096K), 0.5194742 secs] 78715484K->66994829K(187275712K), 0.5198908 secs] [Times: user=3.84 sys=0.28, real=0.52 secs] 
2018-04-15T06:30:14.195+0800: 191173.191: [GC (Allocation Failure) 2018-04-15T06:30:14.196+0800: 191173.192: [ParNew: 11889925K->132848K(13212096K), 0.4650125 secs] 78738957K->66986046K(187275712K), 0.4654257 secs] [Times: user=3.13 sys=0.56, real=0.46 secs] 
2018-04-15T06:30:43.025+0800: 191202.021: [GC (Allocation Failure) 2018-04-15T06:30:43.025+0800: 191202.021: [ParNew: 11876965K->96545K(13212096K), 0.7081587 secs] 78730162K->66953977K(187275712K), 0.7085934 secs] [Times: user=4.54 sys=1.04, real=0.71 secs] 
2018-04-15T06:31:58.206+0800: 191277.202: [GC (Allocation Failure) 2018-04-15T06:31:58.207+0800: 191277.203: [ParNew: 11840673K->149131K(13212096K), 0.8700080 secs] 78698105K->67010197K(187275712K), 0.8704309 secs] [Times: user=5.05 sys=1.83, real=0.87 secs] 
2018-04-15T06:32:14.429+0800: 191293.425: [GC (Allocation Failure) 2018-04-15T06:32:14.429+0800: 191293.425: [ParNew: 11893259K->154927K(13212096K), 0.6040438 secs] 78754325K->67018382K(187275712K), 0.6044725 secs] [Times: user=3.20 sys=1.59, real=0.61 secs] 
2018-04-15T06:32:22.524+0800: 191301.520: [GC (Allocation Failure) 2018-04-15T06:32:22.524+0800: 191301.520: [ParNew: 11899055K->110710K(13212096K), 0.4682591 secs] 78762510K->66978480K(187275712K), 0.4686755 secs] [Times: user=3.72 sys=0.00, real=0.47 secs] 
2018-04-15T06:33:44.772+0800: 191383.768: [GC (Allocation Failure) 2018-04-15T06:33:44.772+0800: 191383.768: [ParNew: 11854838K->74771K(13212096K), 0.9204445 secs] 78722608K->66948288K(187275712K), 0.9208509 secs] [Times: user=5.77 sys=1.54, real=0.92 secs] 
2018-04-15T06:35:12.217+0800: 191471.213: [GC (Allocation Failure) 2018-04-15T06:35:12.217+0800: 191471.213: [ParNew: 11818899K->108953K(13212096K), 0.9091846 secs] 78692416K->66987796K(187275712K), 0.9096185 secs] [Times: user=5.17 sys=1.96, real=0.91 secs] 
2018-04-15T06:35:46.437+0800: 191505.433: [GC (Allocation Failure) 2018-04-15T06:35:46.438+0800: 191505.434: [ParNew: 11853081K->111048K(13212096K), 0.5909924 secs] 78731924K->66994635K(187275712K), 0.5914169 secs] [Times: user=3.89 sys=0.80, real=0.59 secs] 
2018-04-15T06:36:20.367+0800: 191539.363: [GC (Allocation Failure) 2018-04-15T06:36:20.367+0800: 191539.363: [ParNew: 11855176K->131843K(13212096K), 0.6244260 secs] 78738763K->67028228K(187275712K), 0.6248582 secs] [Times: user=3.51 sys=1.41, real=0.63 secs] 
2018-04-15T06:36:41.512+0800: 191560.508: [GC (Allocation Failure) 2018-04-15T06:36:41.512+0800: 191560.508: [ParNew: 11875925K->141311K(13212096K), 0.5769262 secs] 78772310K->67043124K(187275712K), 0.5773577 secs] [Times: user=3.90 sys=0.69, real=0.57 secs] 
2018-04-15T06:37:11.350+0800: 191590.346: [GC (Allocation Failure) 2018-04-15T06:37:11.350+0800: 191590.346: [ParNew: 11885439K->137949K(13212096K), 0.5554128 secs] 78787252K->67041437K(187275712K), 0.5558334 secs] [Times: user=3.89 sys=0.53, real=0.56 secs] 
2018-04-15T06:38:01.234+0800: 191640.230: [GC (Allocation Failure) 2018-04-15T06:38:01.234+0800: 191640.230: [ParNew: 11882077K->115682K(13212096K), 0.7904409 secs] 78785565K->67027592K(187275712K), 0.7908710 secs] [Times: user=4.32 sys=1.93, real=0.79 secs] 
2018-04-15T06:38:27.584+0800: 191666.580: [GC (Allocation Failure) 2018-04-15T06:38:27.584+0800: 191666.580: [ParNew: 11859810K->76869K(13212096K), 0.5267446 secs] 78771720K->67004871K(187275712K), 0.5271825 secs] [Times: user=3.73 sys=0.44, real=0.53 secs] 
2018-04-15T06:38:50.773+0800: 191689.769: [GC (Allocation Failure) 2018-04-15T06:38:50.774+0800: 191689.770: [ParNew: 11820997K->93341K(13212096K), 0.5759719 secs] 78748999K->67024583K(187275712K), 0.5764010 secs] [Times: user=3.41 sys=1.16, real=0.57 secs] 
2018-04-15T06:39:59.763+0800: 191758.759: [GC (Allocation Failure) 2018-04-15T06:39:59.763+0800: 191758.760: [ParNew: 11837469K->88467K(13212096K), 0.6336181 secs] 78768711K->67024495K(187275712K), 0.6340427 secs] [Times: user=4.30 sys=0.72, real=0.63 secs] 
2018-04-15T06:40:32.303+0800: 191791.299: [GC (Allocation Failure) 2018-04-15T06:40:32.303+0800: 191791.299: [ParNew: 11832595K->123685K(13212096K), 0.6206055 secs] 78768623K->67061821K(187275712K), 0.6210462 secs] [Times: user=3.88 sys=1.03, real=0.62 secs] 
2018-04-15T06:40:51.286+0800: 191810.282: [GC (Allocation Failure) 2018-04-15T06:40:51.286+0800: 191810.282: [ParNew: 11867813K->125251K(13212096K), 0.6674636 secs] 78805949K->67064087K(187275712K), 0.6678684 secs] [Times: user=4.74 sys=0.57, real=0.67 secs] 
2018-04-15T06:41:09.763+0800: 191828.759: [GC (Allocation Failure) 2018-04-15T06:41:09.764+0800: 191828.760: [ParNew: 11869379K->107734K(13212096K), 0.5365090 secs] 78808215K->67048941K(187275712K), 0.5369321 secs] [Times: user=3.85 sys=0.41, real=0.53 secs] 
2018-04-15T06:41:23.839+0800: 191842.835: [GC (Allocation Failure) 2018-04-15T06:41:23.839+0800: 191842.835: [ParNew: 11851862K->149285K(13212096K), 0.6363060 secs] 78793069K->67091622K(187275712K), 0.6367431 secs] [Times: user=4.08 sys=0.95, real=0.64 secs] 
2018-04-15T06:41:37.119+0800: 191856.115: [GC (Allocation Failure) 2018-04-15T06:41:37.120+0800: 191856.116: [ParNew: 11893413K->167462K(13212096K), 0.5522333 secs] 78835750K->67110997K(187275712K), 0.5526559 secs] [Times: user=4.12 sys=0.27, real=0.56 secs] 
2018-04-15T06:41:56.147+0800: 191875.143: [GC (Allocation Failure) 2018-04-15T06:41:56.148+0800: 191875.144: [ParNew: 11911590K->166823K(13212096K), 0.5209553 secs] 78855125K->67120899K(187275712K), 0.5213869 secs] [Times: user=3.60 sys=0.53, real=0.52 secs] 
2018-04-15T06:42:12.147+0800: 191891.143: [GC (Allocation Failure) 2018-04-15T06:42:12.147+0800: 191891.143: [ParNew: 11910951K->175902K(13212096K), 0.4648730 secs] 78865027K->67142537K(187275712K), 0.4652949 secs] [Times: user=3.05 sys=0.63, real=0.47 secs] 
2018-04-15T06:42:24.567+0800: 191903.563: [GC (Allocation Failure) 2018-04-15T06:42:24.567+0800: 191903.563: [ParNew: 11920030K->146205K(13212096K), 0.5911648 secs] 78886665K->67126668K(187275712K), 0.5915997 secs] [Times: user=3.22 sys=1.44, real=0.59 secs] 
2018-04-15T06:42:39.359+0800: 191918.355: [GC (Allocation Failure) 2018-04-15T06:42:39.359+0800: 191918.355: [ParNew: 11890333K->106892K(13212096K), 0.5394694 secs] 78870796K->67091163K(187275712K), 0.5398982 secs] [Times: user=3.81 sys=0.47, real=0.54 secs] 
2018-04-15T06:42:55.008+0800: 191934.004: [GC (Allocation Failure) 2018-04-15T06:42:55.009+0800: 191934.005: [ParNew: 11851020K->122623K(13212096K), 0.5964882 secs] 78835291K->67109354K(187275712K), 0.5969215 secs] [Times: user=3.97 sys=0.78, real=0.60 secs] 
2018-04-15T06:43:07.764+0800: 191946.760: [GC (Allocation Failure) 2018-04-15T06:43:07.764+0800: 191946.760: [ParNew: 11866751K->124201K(13212096K), 0.4806494 secs] 78853482K->67113241K(187275712K), 0.4810664 secs] [Times: user=3.73 sys=0.09, real=0.48 secs] 
2018-04-15T06:43:18.520+0800: 191957.516: [GC (Allocation Failure) 2018-04-15T06:43:18.521+0800: 191957.517: [ParNew: 11868329K->116031K(13212096K), 0.6100609 secs] 78857369K->67111531K(187275712K), 0.6104916 secs] [Times: user=3.38 sys=1.44, real=0.61 secs] 
2018-04-15T06:43:34.394+0800: 191973.390: [GC (Allocation Failure) 2018-04-15T06:43:34.394+0800: 191973.390: [ParNew: 11860159K->126625K(13212096K), 0.6414920 secs] 78855659K->67124042K(187275712K), 0.6419147 secs] [Times: user=4.16 sys=0.94, real=0.64 secs] 
2018-04-15T06:43:44.336+0800: 191983.332: [GC (Allocation Failure) 2018-04-15T06:43:44.336+0800: 191983.333: [ParNew: 11870753K->143488K(13212096K), 0.5118229 secs] 78868170K->67142916K(187275712K), 0.5122241 secs] [Times: user=3.84 sys=0.24, real=0.51 secs] 
2018-04-15T06:43:55.455+0800: 191994.451: [GC (Allocation Failure) 2018-04-15T06:43:55.455+0800: 191994.451: [ParNew: 11887616K->174637K(13212096K), 0.4657319 secs] 78887044K->67176367K(187275712K), 0.4661468 secs] [Times: user=3.60 sys=0.10, real=0.46 secs] 
2018-04-15T06:44:09.060+0800: 192008.056: [GC (Allocation Failure) 2018-04-15T06:44:09.060+0800: 192008.056: [ParNew: 11918765K->162411K(13212096K), 0.6312467 secs] 78920495K->67167259K(187275712K), 0.6316699 secs] [Times: user=3.54 sys=1.46, real=0.64 secs] 
2018-04-15T06:44:22.156+0800: 192021.152: [GC (Allocation Failure) 2018-04-15T06:44:22.156+0800: 192021.152: [ParNew: 11906539K->148245K(13212096K), 0.4875937 secs] 78911387K->67154618K(187275712K), 0.4880269 secs] [Times: user=3.81 sys=0.06, real=0.49 secs] 
2018-04-15T06:44:31.528+0800: 192030.524: [GC (Allocation Failure) 2018-04-15T06:44:31.528+0800: 192030.525: [ParNew: 11892373K->157458K(13212096K), 0.4872821 secs] 78898746K->67166395K(187275712K), 0.4877037 secs] [Times: user=3.67 sys=0.20, real=0.49 secs] 
2018-04-15T06:44:40.479+0800: 192039.475: [GC (Allocation Failure) 2018-04-15T06:44:40.479+0800: 192039.475: [ParNew: 11901586K->157822K(13212096K), 0.4747614 secs] 78910523K->67171630K(187275712K), 0.4751915 secs] [Times: user=3.13 sys=0.64, real=0.48 secs] 
2018-04-15T06:44:48.257+0800: 192047.253: [GC (Allocation Failure) 2018-04-15T06:44:48.257+0800: 192047.253: [ParNew: 11901950K->113612K(13212096K), 0.4597706 secs] 78915758K->67134681K(187275712K), 0.4601894 secs] [Times: user=3.62 sys=0.03, real=0.46 secs] 
2018-04-15T06:44:57.290+0800: 192056.286: [GC (Allocation Failure) 2018-04-15T06:44:57.290+0800: 192056.286: [ParNew: 11857740K->133805K(13212096K), 0.5428693 secs] 78878809K->67157987K(187275712K), 0.5433607 secs] [Times: user=4.14 sys=0.17, real=0.55 secs] 
2018-04-15T06:45:05.946+0800: 192064.942: [GC (Allocation Failure) 2018-04-15T06:45:05.946+0800: 192064.942: [ParNew: 11877933K->126423K(13212096K), 0.6220213 secs] 78902115K->67155637K(187275712K), 0.6224521 secs] [Times: user=3.11 sys=1.80, real=0.62 secs] 
2018-04-15T06:45:15.938+0800: 192074.934: [GC (Allocation Failure) 2018-04-15T06:45:15.938+0800: 192074.934: [ParNew: 11870551K->132012K(13212096K), 0.4908907 secs] 78899765K->67165015K(187275712K), 0.4913113 secs] [Times: user=3.68 sys=0.20, real=0.49 secs] 
2018-04-15T06:45:32.992+0800: 192091.988: [GC (Allocation Failure) 2018-04-15T06:45:32.992+0800: 192091.988: [ParNew: 11876140K->147871K(13212096K), 0.6022882 secs] 78909143K->67183240K(187275712K), 0.6027078 secs] [Times: user=4.02 sys=0.75, real=0.60 secs] 
2018-04-15T06:45:56.800+0800: 192115.796: [GC (Allocation Failure) 2018-04-15T06:45:56.800+0800: 192115.796: [ParNew: 11891999K->139483K(13212096K), 0.6616884 secs] 78927368K->67176978K(187275712K), 0.6621259 secs] [Times: user=3.17 sys=2.06, real=0.67 secs] 
2018-04-15T06:47:04.862+0800: 192183.858: [GC (Allocation Failure) 2018-04-15T06:47:04.862+0800: 192183.858: [ParNew: 11883611K->95415K(13212096K), 0.7135639 secs] 78921106K->67135016K(187275712K), 0.7139911 secs] [Times: user=4.65 sys=1.01, real=0.71 secs] 
2018-04-15T06:47:21.021+0800: 192200.017: [GC (Allocation Failure) 2018-04-15T06:47:21.021+0800: 192200.017: [ParNew: 11839543K->97194K(13212096K), 0.5014143 secs] 78879144K->67139683K(187275712K), 0.5018342 secs] [Times: user=3.65 sys=0.32, real=0.51 secs] 
2018-04-15T06:47:35.553+0800: 192214.549: [GC (Allocation Failure) 2018-04-15T06:47:35.553+0800: 192214.549: [ParNew: 11841322K->131985K(13212096K), 0.6332675 secs] 78883811K->67177717K(187275712K), 0.6337077 secs] [Times: user=3.28 sys=1.72, real=0.63 secs] 
2018-04-15T06:47:56.078+0800: 192235.074: [GC (Allocation Failure) 2018-04-15T06:47:56.078+0800: 192235.074: [ParNew: 11876113K->149365K(13212096K), 0.5849363 secs] 78921845K->67200523K(187275712K), 0.5853642 secs] [Times: user=4.08 sys=0.57, real=0.59 secs] 
2018-04-15T06:48:22.914+0800: 192261.910: [GC (Allocation Failure) 2018-04-15T06:48:22.914+0800: 192261.910: [ParNew: 11893493K->172850K(13212096K), 0.5438583 secs] 78944651K->67229746K(187275712K), 0.5442884 secs] [Times: user=3.90 sys=0.42, real=0.54 secs] 
2018-04-15T06:49:06.372+0800: 192305.368: [GC (Allocation Failure) 2018-04-15T06:49:06.372+0800: 192305.368: [ParNew: 11916978K->131214K(13212096K), 0.6671520 secs] 78973874K->67195807K(187275712K), 0.6675936 secs] [Times: user=3.20 sys=2.07, real=0.66 secs] 
2018-04-15T06:49:23.274+0800: 192322.270: [GC (Allocation Failure) 2018-04-15T06:49:23.274+0800: 192322.270: [ParNew: 11875342K->101238K(13212096K), 0.5194518 secs] 78939935K->67181258K(187275712K), 0.5198861 secs] [Times: user=3.74 sys=0.37, real=0.52 secs] 
2018-04-15T06:49:38.300+0800: 192337.296: [GC (Allocation Failure) 2018-04-15T06:49:38.300+0800: 192337.296: [ParNew: 11845366K->124840K(13212096K), 0.5119104 secs] 78925386K->67208330K(187275712K), 0.5123416 secs] [Times: user=3.82 sys=0.22, real=0.52 secs] 
2018-04-15T06:49:55.283+0800: 192354.279: [GC (Allocation Failure) 2018-04-15T06:49:55.284+0800: 192354.280: [ParNew: 11868968K->150138K(13212096K), 0.6206141 secs] 78952458K->67237992K(187275712K), 0.6210568 secs] [Times: user=3.47 sys=1.42, real=0.62 secs] 
2018-04-15T06:50:16.978+0800: 192375.974: [GC (Allocation Failure) 2018-04-15T06:50:16.978+0800: 192375.974: [ParNew: 11894266K->112811K(13212096K), 0.5410389 secs] 78982120K->67211099K(187275712K), 0.5414697 secs] [Times: user=3.77 sys=0.50, real=0.54 secs] 
2018-04-15T06:51:02.752+0800: 192421.748: [GC (Allocation Failure) 2018-04-15T06:51:02.752+0800: 192421.748: [ParNew: 11856939K->133947K(13212096K), 0.6690618 secs] 78955227K->67242652K(187275712K), 0.6695020 secs] [Times: user=3.91 sys=1.36, real=0.67 secs] 
2018-04-15T06:51:34.165+0800: 192453.161: [GC (Allocation Failure) 2018-04-15T06:51:34.166+0800: 192453.162: [ParNew: 11878075K->120216K(13212096K), 0.6384610 secs] 78986780K->67234488K(187275712K), 0.6388790 secs] [Times: user=4.08 sys=0.98, real=0.64 secs] 
2018-04-15T06:51:59.914+0800: 192478.910: [GC (Allocation Failure) 2018-04-15T06:51:59.915+0800: 192478.911: [ParNew: 11864344K->134209K(13212096K), 0.6090536 secs] 78978616K->67250578K(187275712K), 0.6094658 secs] [Times: user=4.07 sys=0.77, real=0.61 secs] 
2018-04-15T06:52:19.341+0800: 192498.337: [GC (Allocation Failure) 2018-04-15T06:52:19.341+0800: 192498.337: [ParNew: 11878337K->132942K(13212096K), 0.5771628 secs] 78994706K->67255779K(187275712K), 0.5775927 secs] [Times: user=3.36 sys=1.20, real=0.58 secs] 
2018-04-15T06:52:32.966+0800: 192511.962: [GC (Allocation Failure) 2018-04-15T06:52:32.966+0800: 192511.962: [ParNew: 11877070K->84583K(13212096K), 0.4826826 secs] 78999907K->67211559K(187275712K), 0.4830889 secs] [Times: user=3.55 sys=0.29, real=0.48 secs] 
2018-04-15T06:53:19.830+0800: 192558.826: [GC (Allocation Failure) 2018-04-15T06:53:19.830+0800: 192558.826: [ParNew: 11828711K->123889K(13212096K), 0.7115100 secs] 78955687K->67255991K(187275712K), 0.7119277 secs] [Times: user=5.02 sys=0.63, real=0.72 secs] 
2018-04-15T06:53:40.030+0800: 192579.026: [GC (Allocation Failure) 2018-04-15T06:53:40.030+0800: 192579.026: [ParNew: 11868017K->135928K(13212096K), 0.6179082 secs] 79000119K->67273764K(187275712K), 0.6183251 secs] [Times: user=3.26 sys=1.60, real=0.62 secs] 
2018-04-15T06:54:07.168+0800: 192606.164: [GC (Allocation Failure) 2018-04-15T06:54:07.168+0800: 192606.165: [ParNew: 11880056K->121638K(13212096K), 0.6145326 secs] 79017892K->67262935K(187275712K), 0.6149541 secs] [Times: user=3.95 sys=0.94, real=0.62 secs] 
2018-04-15T06:54:25.744+0800: 192624.740: [GC (Allocation Failure) 2018-04-15T06:54:25.744+0800: 192624.740: [ParNew: 11865766K->142188K(13212096K), 0.5223970 secs] 79007063K->67286624K(187275712K), 0.5228003 secs] [Times: user=3.93 sys=0.23, real=0.52 secs] 
2018-04-15T06:54:42.105+0800: 192641.101: [GC (Allocation Failure) 2018-04-15T06:54:42.105+0800: 192641.101: [ParNew: 11886316K->171555K(13212096K), 0.6228576 secs] 79030752K->67321160K(187275712K), 0.6232699 secs] [Times: user=3.26 sys=1.66, real=0.62 secs] 
2018-04-15T06:54:54.883+0800: 192653.879: [GC (Allocation Failure) 2018-04-15T06:54:54.883+0800: 192653.879: [ParNew: 11915683K->149585K(13212096K), 0.5351705 secs] 79065288K->67305022K(187275712K), 0.5355905 secs] [Times: user=3.87 sys=0.37, real=0.53 secs] 
2018-04-15T06:56:42.583+0800: 192761.579: [GC (Allocation Failure) 2018-04-15T06:56:42.583+0800: 192761.579: [ParNew: 11893713K->100581K(13212096K), 0.7990493 secs] 79049150K->67262647K(187275712K), 0.7994624 secs] [Times: user=4.55 sys=1.77, real=0.80 secs] 
2018-04-15T06:58:16.464+0800: 192855.460: [GC (Allocation Failure) 2018-04-15T06:58:16.465+0800: 192855.461: [ParNew: 11844709K->83064K(13212096K), 0.8385845 secs] 79006775K->67249864K(187275712K), 0.8389893 secs] [Times: user=4.90 sys=1.76, real=0.84 secs] 
2018-04-15T06:59:11.486+0800: 192910.482: [GC (Allocation Failure) 2018-04-15T06:59:11.486+0800: 192910.482: [ParNew: 11827192K->85200K(13212096K), 0.5497789 secs] 78993992K->67254206K(187275712K), 0.5502491 secs] [Times: user=3.88 sys=0.47, real=0.55 secs] 
2018-04-15T06:59:30.047+0800: 192929.043: [GC (Allocation Failure) 2018-04-15T06:59:30.048+0800: 192929.044: [ParNew: 11829328K->93947K(13212096K), 0.6108075 secs] 78998334K->67266723K(187275712K), 0.6112274 secs] [Times: user=3.46 sys=1.37, real=0.61 secs] 
2018-04-15T06:59:46.932+0800: 192945.928: [GC (Allocation Failure) 2018-04-15T06:59:46.932+0800: 192945.928: [ParNew: 11838075K->85730K(13212096K), 0.5073314 secs] 79010851K->67260076K(187275712K), 0.5077255 secs] [Times: user=3.63 sys=0.41, real=0.50 secs] 
2018-04-15T07:00:05.369+0800: 192964.365: [GC (Allocation Failure) 2018-04-15T07:00:05.370+0800: 192964.366: [ParNew: 11829858K->96463K(13212096K), 0.4968983 secs] 79004204K->67272565K(187275712K), 0.4973090 secs] [Times: user=3.54 sys=0.41, real=0.50 secs] 
2018-04-15T07:00:12.931+0800: 192971.927: [GC (Allocation Failure) 2018-04-15T07:00:12.931+0800: 192971.927: [ParNew: 11840591K->90879K(13212096K), 0.4463114 secs] 79016693K->67272557K(187275712K), 0.4467171 secs] [Times: user=3.54 sys=0.00, real=0.45 secs] 
2018-04-15T07:00:20.684+0800: 192979.680: [GC (Allocation Failure) 2018-04-15T07:00:20.684+0800: 192979.680: [ParNew: 11835007K->99175K(13212096K), 0.5671437 secs] 79016685K->67290219K(187275712K), 0.5675545 secs] [Times: user=3.31 sys=1.16, real=0.57 secs] 
2018-04-15T07:00:31.724+0800: 192990.720: [GC (Allocation Failure) 2018-04-15T07:00:31.725+0800: 192990.721: [ParNew: 11843303K->87155K(13212096K), 0.4519222 secs] 79034347K->67290166K(187275712K), 0.4523358 secs] [Times: user=3.50 sys=0.07, real=0.45 secs] 
2018-04-15T07:00:44.049+0800: 193003.045: [GC (Allocation Failure) 2018-04-15T07:00:44.049+0800: 193003.045: [ParNew: 11831283K->84698K(13212096K), 0.4848044 secs] 79034294K->67289908K(187275712K), 0.4852405 secs] [Times: user=3.70 sys=0.15, real=0.49 secs] 
2018-04-15T07:00:58.650+0800: 193017.646: [GC (Allocation Failure) 2018-04-15T07:00:58.650+0800: 193017.646: [ParNew: 11828826K->81005K(13212096K), 0.5124977 secs] 79034036K->67291025K(187275712K), 0.5129150 secs] [Times: user=3.26 sys=0.81, real=0.52 secs] 
2018-04-15T07:01:12.829+0800: 193031.825: [GC (Allocation Failure) 2018-04-15T07:01:12.829+0800: 193031.825: [ParNew: 11825133K->71913K(13212096K), 0.5891991 secs] 79035153K->67284911K(187275712K), 0.5896217 secs] [Times: user=3.39 sys=1.27, real=0.59 secs] 
2018-04-15T07:01:24.352+0800: 193043.348: [GC (Allocation Failure) 2018-04-15T07:01:24.352+0800: 193043.348: [ParNew: 11816041K->68469K(13212096K), 0.4495151 secs] 79029039K->67283145K(187275712K), 0.4499267 secs] [Times: user=3.58 sys=0.00, real=0.45 secs] 
2018-04-15T07:01:35.215+0800: 193054.211: [GC (Allocation Failure) 2018-04-15T07:01:35.215+0800: 193054.211: [ParNew: 11812597K->69257K(13212096K), 0.4626518 secs] 79027273K->67284784K(187275712K), 0.4630535 secs] [Times: user=3.48 sys=0.20, real=0.46 secs] 
2018-04-15T07:01:48.354+0800: 193067.350: [GC (Allocation Failure) 2018-04-15T07:01:48.354+0800: 193067.350: [ParNew: 11813385K->80380K(13212096K), 0.4974210 secs] 79028912K->67300671K(187275712K), 0.4978313 secs] [Times: user=3.72 sys=0.24, real=0.50 secs] 
2018-04-15T07:02:09.691+0800: 193088.687: [GC (Allocation Failure) 2018-04-15T07:02:09.692+0800: 193088.688: [ParNew: 11824508K->78915K(13212096K), 0.6747145 secs] 79044799K->67301409K(187275712K), 0.6751505 secs] [Times: user=4.12 sys=1.23, real=0.67 secs] 
2018-04-15T07:02:27.848+0800: 193106.844: [GC (Allocation Failure) 2018-04-15T07:02:27.849+0800: 193106.845: [ParNew: 11823043K->66789K(13212096K), 0.4629488 secs] 79045537K->67291257K(187275712K), 0.4633714 secs] [Times: user=3.08 sys=0.60, real=0.47 secs] 
2018-04-15T07:02:59.221+0800: 193138.217: [GC (Allocation Failure) 2018-04-15T07:02:59.221+0800: 193138.217: [ParNew: 11810917K->66670K(13212096K), 0.5460493 secs] 79035385K->67293392K(187275712K), 0.5464697 secs] [Times: user=3.67 sys=0.66, real=0.55 secs] 
2018-04-15T07:04:19.176+0800: 193218.172: [GC (Allocation Failure) 2018-04-15T07:04:19.176+0800: 193218.172: [ParNew: 11810798K->80666K(13212096K), 0.8651126 secs] 79037520K->67308504K(187275712K), 0.8655392 secs] [Times: user=5.44 sys=1.36, real=0.87 secs] 
2018-04-15T07:04:35.603+0800: 193234.599: [GC (Allocation Failure) 2018-04-15T07:04:35.603+0800: 193234.599: [ParNew: 11824794K->90056K(13212096K), 0.5018997 secs] 79052632K->67319113K(187275712K), 0.5023223 secs] [Times: user=3.60 sys=0.38, real=0.50 secs] 
2018-04-15T07:05:10.150+0800: 193269.147: [GC (Allocation Failure) 2018-04-15T07:05:10.151+0800: 193269.147: [ParNew: 11834184K->76389K(13212096K), 0.5125591 secs] 79063241K->67309124K(187275712K), 0.5129827 secs] [Times: user=3.65 sys=0.42, real=0.52 secs] 
2018-04-15T07:05:42.980+0800: 193301.977: [GC (Allocation Failure) 2018-04-15T07:05:42.981+0800: 193301.977: [ParNew: 11820517K->60995K(13212096K), 0.6215643 secs] 79053252K->67302490K(187275712K), 0.6219961 secs] [Times: user=4.03 sys=0.86, real=0.63 secs] 
2018-04-15T07:07:34.387+0800: 193413.383: [GC (Allocation Failure) 2018-04-15T07:07:34.387+0800: 193413.383: [ParNew: 11805123K->89552K(13212096K), 0.8422278 secs] 79046618K->67333431K(187275712K), 0.8427038 secs] [Times: user=5.34 sys=1.26, real=0.84 secs] 
2018-04-15T07:10:27.777+0800: 193586.773: [GC (Allocation Failure) 2018-04-15T07:10:27.777+0800: 193586.773: [ParNew: 11833680K->87295K(13212096K), 1.1852955 secs] 79077559K->67333994K(187275712K), 1.1857272 secs] [Times: user=6.00 sys=3.34, real=1.19 secs] 
2018-04-15T07:10:50.424+0800: 193609.420: [GC (Allocation Failure) 2018-04-15T07:10:50.424+0800: 193609.420: [ParNew: 11831423K->101450K(13212096K), 0.5075689 secs] 79078122K->67358154K(187275712K), 0.5080101 secs] [Times: user=3.81 sys=0.21, real=0.51 secs] 
2018-04-15T07:11:18.554+0800: 193637.550: [GC (Allocation Failure) 2018-04-15T07:11:18.554+0800: 193637.551: [ParNew: 11845578K->140729K(13212096K), 0.6318995 secs] 79102282K->67399358K(187275712K), 0.6323203 secs] [Times: user=4.11 sys=0.90, real=0.63 secs] 
2018-04-15T07:11:39.853+0800: 193658.849: [GC (Allocation Failure) 2018-04-15T07:11:39.853+0800: 193658.850: [ParNew: 11884857K->123309K(13212096K), 0.6285578 secs] 79143486K->67382471K(187275712K), 0.6289951 secs] [Times: user=3.59 sys=1.38, real=0.63 secs] 
2018-04-15T07:11:52.624+0800: 193671.620: [GC (Allocation Failure) 2018-04-15T07:11:52.624+0800: 193671.620: [ParNew: 11867437K->126272K(13212096K), 0.4565766 secs] 79126599K->67386641K(187275712K), 0.4570024 secs] [Times: user=3.08 sys=0.55, real=0.45 secs] 
2018-04-15T07:12:04.477+0800: 193683.473: [GC (Allocation Failure) 2018-04-15T07:12:04.478+0800: 193683.474: [ParNew: 11870400K->106966K(13212096K), 0.5183532 secs] 79130769K->67378365K(187275712K), 0.5187762 secs] [Times: user=3.66 sys=0.45, real=0.52 secs] 
2018-04-15T07:12:12.246+0800: 193691.242: [GC (Allocation Failure) 2018-04-15T07:12:12.246+0800: 193691.242: [ParNew: 11851094K->98582K(13212096K), 0.4702453 secs] 79122493K->67386342K(187275712K), 0.4706740 secs] [Times: user=3.65 sys=0.07, real=0.47 secs] 
2018-04-15T07:12:19.901+0800: 193698.897: [GC (Allocation Failure) 2018-04-15T07:12:19.901+0800: 193698.897: [ParNew: 11842710K->79690K(13212096K), 0.4268368 secs] 79130470K->67371384K(187275712K), 0.4272678 secs] [Times: user=3.00 sys=0.38, real=0.43 secs] 
2018-04-15T07:12:28.734+0800: 193707.730: [GC (Allocation Failure) 2018-04-15T07:12:28.734+0800: 193707.730: [ParNew: 11823818K->106852K(13212096K), 0.5736669 secs] 79115512K->67406871K(187275712K), 0.5740947 secs] [Times: user=3.44 sys=1.09, real=0.57 secs] 
2018-04-15T07:12:37.477+0800: 193716.473: [GC (Allocation Failure) 2018-04-15T07:12:37.477+0800: 193716.473: [ParNew: 11850980K->129184K(13212096K), 0.4938954 secs] 79150999K->67432489K(187275712K), 0.4943137 secs] [Times: user=3.26 sys=0.67, real=0.50 secs] 
2018-04-15T07:12:47.078+0800: 193726.074: [GC (Allocation Failure) 2018-04-15T07:12:47.078+0800: 193726.074: [ParNew: 11873312K->130491K(13212096K), 0.4530821 secs] 79176617K->67436976K(187275712K), 0.4534997 secs] [Times: user=3.46 sys=0.14, real=0.46 secs] 
2018-04-15T07:12:59.069+0800: 193738.065: [GC (Allocation Failure) 2018-04-15T07:12:59.070+0800: 193738.066: [ParNew: 11874619K->90422K(13212096K), 0.4961152 secs] 79181104K->67398764K(187275712K), 0.4965263 secs] [Times: user=3.68 sys=0.26, real=0.50 secs] 
2018-04-15T07:13:17.154+0800: 193756.150: [GC (Allocation Failure) 2018-04-15T07:13:17.154+0800: 193756.151: [ParNew: 11834550K->89887K(13212096K), 0.6234482 secs] 79142892K->67399886K(187275712K), 0.6238667 secs] [Times: user=3.04 sys=1.89, real=0.62 secs] 
2018-04-15T07:13:43.334+0800: 193782.330: [GC (Allocation Failure) 2018-04-15T07:13:43.334+0800: 193782.330: [ParNew: 11834015K->92568K(13212096K), 0.5573331 secs] 79144014K->67404129K(187275712K), 0.5577562 secs] [Times: user=3.75 sys=1.23, real=0.56 secs] 
2018-04-15T07:14:09.701+0800: 193808.697: [GC (Allocation Failure) 2018-04-15T07:14:09.701+0800: 193808.697: [ParNew: 11836696K->100371K(13212096K), 0.5286905 secs] 79148257K->67413275K(187275712K), 0.5291072 secs] [Times: user=3.75 sys=0.45, real=0.53 secs] 
2018-04-15T07:14:30.639+0800: 193829.635: [GC (Allocation Failure) 2018-04-15T07:14:30.639+0800: 193829.635: [ParNew: 11844499K->109768K(13212096K), 0.6402261 secs] 79157403K->67424596K(187275712K), 0.6406585 secs] [Times: user=3.38 sys=1.68, real=0.64 secs] 
2018-04-15T07:14:53.770+0800: 193852.767: [GC (Allocation Failure) 2018-04-15T07:14:53.771+0800: 193852.767: [ParNew: 11853896K->110858K(13212096K), 0.6513615 secs] 79168724K->67427094K(187275712K), 0.6517769 secs] [Times: user=3.98 sys=1.21, real=0.66 secs] 
2018-04-15T07:15:20.612+0800: 193879.608: [GC (Allocation Failure) 2018-04-15T07:15:20.613+0800: 193879.609: [ParNew: 11854986K->106948K(13212096K), 0.5479381 secs] 79171222K->67424570K(187275712K), 0.5483585 secs] [Times: user=3.97 sys=0.39, real=0.54 secs] 
2018-04-15T07:15:44.975+0800: 193903.971: [GC (Allocation Failure) 2018-04-15T07:15:44.975+0800: 193903.971: [ParNew: 11851076K->133286K(13212096K), 0.6162464 secs] 79168698K->67452318K(187275712K), 0.6166682 secs] [Times: user=4.01 sys=0.88, real=0.62 secs] 
2018-04-15T07:16:04.779+0800: 193923.775: [GC (Allocation Failure) 2018-04-15T07:16:04.780+0800: 193923.776: [ParNew: 11877414K->109585K(13212096K), 0.5568853 secs] 79196446K->67431927K(187275712K), 0.5573088 secs] [Times: user=3.98 sys=0.45, real=0.56 secs] 
2018-04-15T07:16:23.807+0800: 193942.803: [GC (Allocation Failure) 2018-04-15T07:16:23.807+0800: 193942.803: [ParNew: 11853713K->113539K(13212096K), 0.5328573 secs] 79176055K->67439528K(187275712K), 0.5332729 secs] [Times: user=3.93 sys=0.31, real=0.53 secs] 
2018-04-15T07:16:46.044+0800: 193965.040: [GC (Allocation Failure) 2018-04-15T07:16:46.045+0800: 193965.041: [ParNew: 11857667K->123824K(13212096K), 0.5868499 secs] 79183656K->67453020K(187275712K), 0.5872857 secs] [Times: user=3.56 sys=1.08, real=0.59 secs] 
2018-04-15T07:17:06.011+0800: 193985.007: [GC (Allocation Failure) 2018-04-15T07:17:06.011+0800: 193985.007: [ParNew: 11867952K->111497K(13212096K), 0.5574959 secs] 79197148K->67444209K(187275712K), 0.5579152 secs] [Times: user=3.81 sys=0.62, real=0.56 secs] 
2018-04-15T07:17:24.185+0800: 194003.181: [GC (Allocation Failure) 2018-04-15T07:17:24.185+0800: 194003.181: [ParNew: 11855625K->112722K(13212096K), 0.5213892 secs] 79188337K->67451633K(187275712K), 0.5218361 secs] [Times: user=3.78 sys=0.35, real=0.52 secs] 
2018-04-15T07:17:35.080+0800: 194014.076: [GC (Allocation Failure) 2018-04-15T07:17:35.080+0800: 194014.076: [ParNew: 11856850K->148999K(13212096K), 0.6136570 secs] 79195761K->67491434K(187275712K), 0.6140803 secs] [Times: user=3.92 sys=0.93, real=0.62 secs] 
2018-04-15T07:17:44.896+0800: 194023.892: [GC (Allocation Failure) 2018-04-15T07:17:44.897+0800: 194023.893: [ParNew: 11893127K->142386K(13212096K), 0.5574500 secs] 79235562K->67488716K(187275712K), 0.5578795 secs] [Times: user=4.21 sys=0.22, real=0.56 secs] 
2018-04-15T07:17:57.422+0800: 194036.418: [GC (Allocation Failure) 2018-04-15T07:17:57.422+0800: 194036.418: [ParNew: 11886514K->148678K(13212096K), 0.5647358 secs] 79232844K->67499064K(187275712K), 0.5651759 secs] [Times: user=3.98 sys=0.52, real=0.56 secs] 
2018-04-15T07:18:22.092+0800: 194061.088: [GC (Allocation Failure) 2018-04-15T07:18:22.093+0800: 194061.089: [ParNew: 11892806K->142978K(13212096K), 0.6185793 secs] 79243192K->67497035K(187275712K), 0.6190081 secs] [Times: user=4.14 sys=0.79, real=0.62 secs] 
2018-04-15T07:18:38.626+0800: 194077.622: [GC (Allocation Failure) 2018-04-15T07:18:38.626+0800: 194077.622: [ParNew: 11887106K->129255K(13212096K), 0.6540857 secs] 79241163K->67485936K(187275712K), 0.6545244 secs] [Times: user=4.39 sys=0.80, real=0.65 secs] 
2018-04-15T07:18:54.317+0800: 194093.313: [GC (Allocation Failure) 2018-04-15T07:18:54.317+0800: 194093.313: [ParNew: 11873383K->132249K(13212096K), 0.5083804 secs] 79230064K->67495581K(187275712K), 0.5088125 secs] [Times: user=3.79 sys=0.25, real=0.51 secs] 
2018-04-15T07:19:04.524+0800: 194103.521: [GC (Allocation Failure) 2018-04-15T07:19:04.525+0800: 194103.521: [ParNew: 11876377K->87546K(13212096K), 0.4657067 secs] 79239709K->67453100K(187275712K), 0.4661306 secs] [Times: user=3.53 sys=0.16, real=0.46 secs] 
2018-04-15T07:19:21.678+0800: 194120.674: [GC (Allocation Failure) 2018-04-15T07:19:21.679+0800: 194120.675: [ParNew: 11831674K->97214K(13212096K), 0.5041224 secs] 79197228K->67465399K(187275712K), 0.5045571 secs] [Times: user=3.76 sys=0.25, real=0.51 secs] 
2018-04-15T07:19:41.451+0800: 194140.447: [GC (Allocation Failure) 2018-04-15T07:19:41.452+0800: 194140.448: [ParNew: 11841342K->134105K(13212096K), 0.6654637 secs] 79209527K->67507373K(187275712K), 0.6659113 secs] [Times: user=4.38 sys=0.88, real=0.66 secs] 
2018-04-15T07:19:57.334+0800: 194156.330: [GC (Allocation Failure) 2018-04-15T07:19:57.334+0800: 194156.330: [ParNew: 11878233K->112971K(13212096K), 0.4881967 secs] 79251501K->67492251K(187275712K), 0.4886338 secs] [Times: user=3.59 sys=0.29, real=0.49 secs] 
2018-04-15T07:20:09.849+0800: 194168.845: [GC (Allocation Failure) 2018-04-15T07:20:09.849+0800: 194168.845: [ParNew: 11857099K->95734K(13212096K), 0.5032595 secs] 79236379K->67479628K(187275712K), 0.5036808 secs] [Times: user=3.78 sys=0.22, real=0.51 secs] 
2018-04-15T07:20:18.916+0800: 194177.913: [GC (Allocation Failure) 2018-04-15T07:20:18.917+0800: 194177.913: [ParNew: 11839862K->99514K(13212096K), 0.4423113 secs] 79223756K->67488357K(187275712K), 0.4427285 secs] [Times: user=3.12 sys=0.39, real=0.44 secs] 
2018-04-15T07:20:30.690+0800: 194189.686: [GC (Allocation Failure) 2018-04-15T07:20:30.690+0800: 194189.686: [ParNew: 11843642K->92193K(13212096K), 0.6178131 secs] 79232485K->67485789K(187275712K), 0.6182427 secs] [Times: user=3.17 sys=1.72, real=0.62 secs] 
2018-04-15T07:20:45.126+0800: 194204.122: [GC (Allocation Failure) 2018-04-15T07:20:45.126+0800: 194204.122: [ParNew: 11836321K->93166K(13212096K), 0.4682720 secs] 79229917K->67492998K(187275712K), 0.4686919 secs] [Times: user=3.49 sys=0.23, real=0.47 secs] 
2018-04-15T07:20:58.534+0800: 194217.530: [GC (Allocation Failure) 2018-04-15T07:20:58.534+0800: 194217.530: [ParNew: 11837294K->87458K(13212096K), 0.5322378 secs] 79237126K->67491514K(187275712K), 0.5326606 secs] [Times: user=3.91 sys=0.32, real=0.53 secs] 
2018-04-15T07:21:15.508+0800: 194234.504: [GC (Allocation Failure) 2018-04-15T07:21:15.508+0800: 194234.504: [ParNew: 11831586K->80073K(13212096K), 0.4550957 secs] 79235642K->67487040K(187275712K), 0.4555138 secs] [Times: user=3.05 sys=0.55, real=0.46 secs] 
2018-04-15T07:21:58.712+0800: 194277.708: [GC (Allocation Failure) 2018-04-15T07:21:58.713+0800: 194277.709: [ParNew: 11824201K->54430K(13212096K), 0.7590529 secs] 79231168K->67468636K(187275712K), 0.7594830 secs] [Times: user=4.29 sys=1.73, real=0.76 secs] 
2018-04-15T07:22:43.798+0800: 194322.794: [GC (Allocation Failure) 2018-04-15T07:22:43.798+0800: 194322.794: [ParNew: 11798273K->54393K(13212096K), 0.6882291 secs] 79212480K->67470775K(187275712K), 0.6886515 secs] [Times: user=4.25 sys=1.22, real=0.69 secs] 
2018-04-15T07:23:51.103+0800: 194390.099: [GC (Allocation Failure) 2018-04-15T07:23:51.103+0800: 194390.099: [ParNew: 11798521K->104428K(13212096K), 0.8183984 secs] 79214903K->67522756K(187275712K), 0.8188386 secs] [Times: user=4.48 sys=1.94, real=0.82 secs] 
2018-04-15T07:26:04.326+0800: 194523.322: [GC (Allocation Failure) 2018-04-15T07:26:04.327+0800: 194523.323: [ParNew: 11848556K->105500K(13212096K), 0.8881418 secs] 79266884K->67525683K(187275712K), 0.8885737 secs] [Times: user=4.87 sys=2.08, real=0.89 secs] 
2018-04-15T07:28:12.301+0800: 194651.297: [GC (Allocation Failure) 2018-04-15T07:28:12.301+0800: 194651.297: [ParNew: 11849628K->106871K(13212096K), 1.0568569 secs] 79269811K->67529259K(187275712K), 1.0572920 secs] [Times: user=6.65 sys=1.69, real=1.06 secs] 
2018-04-15T07:29:40.065+0800: 194739.061: [GC (Allocation Failure) 2018-04-15T07:29:40.065+0800: 194739.061: [ParNew: 11850999K->147609K(13212096K), 0.6860625 secs] 79273387K->67570620K(187275712K), 0.6865019 secs] [Times: user=4.17 sys=1.20, real=0.69 secs] 
2018-04-15T07:30:30.696+0800: 194789.693: [GC (Allocation Failure) 2018-04-15T07:30:30.697+0800: 194789.693: [ParNew: 11891737K->165788K(13212096K), 0.6280541 secs] 79314748K->67590261K(187275712K), 0.6284736 secs] [Times: user=4.45 sys=0.52, real=0.63 secs] 
2018-04-15T07:32:08.232+0800: 194887.228: [GC (Allocation Failure) 2018-04-15T07:32:08.233+0800: 194887.229: [ParNew: 11909916K->181457K(13212096K), 1.1193942 secs] 79334389K->67607219K(187275712K), 1.1198360 secs] [Times: user=5.54 sys=3.34, real=1.12 secs] 
2018-04-15T07:32:28.321+0800: 194907.317: [GC (Allocation Failure) 2018-04-15T07:32:28.321+0800: 194907.317: [ParNew: 11925585K->201793K(13212096K), 0.5303237 secs] 79351347K->67637647K(187275712K), 0.5307510 secs] [Times: user=3.91 sys=0.28, real=0.54 secs] 
2018-04-15T07:32:44.615+0800: 194923.611: [GC (Allocation Failure) 2018-04-15T07:32:44.615+0800: 194923.611: [ParNew: 11945921K->147921K(13212096K), 0.6073417 secs] 79381775K->67596467K(187275712K), 0.6077756 secs] [Times: user=3.89 sys=0.91, real=0.61 secs] 
2018-04-15T07:33:04.169+0800: 194943.165: [GC (Allocation Failure) 2018-04-15T07:33:04.169+0800: 194943.165: [ParNew: 11892049K->106919K(13212096K), 0.4663009 secs] 79340595K->67568969K(187275712K), 0.4667306 secs] [Times: user=3.51 sys=0.18, real=0.47 secs] 
2018-04-15T07:33:21.224+0800: 194960.220: [GC (Allocation Failure) 2018-04-15T07:33:21.224+0800: 194960.220: [ParNew: 11851047K->122258K(13212096K), 0.5602275 secs] 79313097K->67597325K(187275712K), 0.5606445 secs] [Times: user=3.89 sys=0.55, real=0.56 secs] 
2018-04-15T07:33:30.924+0800: 194969.920: [GC (Allocation Failure) 2018-04-15T07:33:30.925+0800: 194969.921: [ParNew: 11866386K->121507K(13212096K), 0.4457591 secs] 79341453K->67611886K(187275712K), 0.4461749 secs] [Times: user=3.52 sys=0.00, real=0.44 secs] 
2018-04-15T07:33:39.248+0800: 194978.244: [GC (Allocation Failure) 2018-04-15T07:33:39.249+0800: 194978.245: [ParNew: 11865635K->130257K(13212096K), 0.5194087 secs] 79356014K->67635238K(187275712K), 0.5198292 secs] [Times: user=3.37 sys=0.73, real=0.52 secs] 
2018-04-15T07:33:46.424+0800: 194985.420: [GC (Allocation Failure) 2018-04-15T07:33:46.424+0800: 194985.420: [ParNew: 11874385K->138662K(13212096K), 0.4873168 secs] 79379366K->67649615K(187275712K), 0.4877252 secs] [Times: user=3.88 sys=0.00, real=0.49 secs] 
2018-04-15T07:33:55.120+0800: 194994.116: [GC (Allocation Failure) 2018-04-15T07:33:55.120+0800: 194994.116: [ParNew: 11882790K->160050K(13212096K), 0.4774037 secs] 79393743K->67672889K(187275712K), 0.4778523 secs] [Times: user=3.64 sys=0.16, real=0.48 secs] 
2018-04-15T07:34:06.893+0800: 195005.889: [GC (Allocation Failure) 2018-04-15T07:34:06.893+0800: 195005.890: [ParNew: 11904178K->155511K(13212096K), 0.5488289 secs] 79417017K->67669553K(187275712K), 0.5492360 secs] [Times: user=3.92 sys=0.46, real=0.55 secs] 
2018-04-15T07:34:18.168+0800: 195017.164: [GC (Allocation Failure) 2018-04-15T07:34:18.168+0800: 195017.164: [ParNew: 11899639K->152329K(13212096K), 0.4761539 secs] 79413681K->67670175K(187275712K), 0.4765678 secs] [Times: user=3.68 sys=0.10, real=0.48 secs] 
2018-04-15T07:34:25.808+0800: 195024.805: [GC (Allocation Failure) 2018-04-15T07:34:25.809+0800: 195024.805: [ParNew: 11896457K->149450K(13212096K), 0.6410221 secs] 79414303K->67671636K(187275712K), 0.6414336 secs] [Times: user=3.35 sys=1.70, real=0.64 secs] 
2018-04-15T07:34:33.233+0800: 195032.229: [GC (Allocation Failure) 2018-04-15T07:34:33.233+0800: 195032.230: [ParNew: 11893578K->167054K(13212096K), 0.4765426 secs] 79415764K->67691419K(187275712K), 0.4769499 secs] [Times: user=3.79 sys=0.00, real=0.47 secs] 
2018-04-15T07:34:40.654+0800: 195039.650: [GC (Allocation Failure) 2018-04-15T07:34:40.654+0800: 195039.650: [ParNew: 11911182K->184435K(13212096K), 0.5168926 secs] 79435547K->67712555K(187275712K), 0.5172988 secs] [Times: user=3.89 sys=0.22, real=0.51 secs] 
2018-04-15T07:34:45.939+0800: 195044.935: [GC (Allocation Failure) 2018-04-15T07:34:45.939+0800: 195044.935: [ParNew: 11928563K->160421K(13212096K), 0.4811242 secs] 79456683K->67691879K(187275712K), 0.4815367 secs] [Times: user=3.70 sys=0.12, real=0.48 secs] 
2018-04-15T07:34:50.779+0800: 195049.775: [GC (Allocation Failure) 2018-04-15T07:34:50.779+0800: 195049.775: [ParNew: 11904549K->130323K(13212096K), 0.4695548 secs] 79436007K->67666873K(187275712K), 0.4699541 secs] [Times: user=3.68 sys=0.04, real=0.47 secs] 
2018-04-15T07:34:58.584+0800: 195057.580: [GC (Allocation Failure) 2018-04-15T07:34:58.585+0800: 195057.581: [ParNew: 11874451K->125875K(13212096K), 0.4647993 secs] 79411001K->67677996K(187275712K), 0.4652088 secs] [Times: user=3.10 sys=0.57, real=0.46 secs] 
2018-04-15T07:35:18.594+0800: 195077.590: [GC (Allocation Failure) 2018-04-15T07:35:18.594+0800: 195077.590: [ParNew: 11870003K->64596K(13212096K), 0.6260931 secs] 79422124K->67619290K(187275712K), 0.6265206 secs] [Times: user=3.71 sys=1.24, real=0.62 secs] 
2018-04-15T07:35:55.525+0800: 195114.521: [GC (Allocation Failure) 2018-04-15T07:35:55.525+0800: 195114.521: [ParNew: 11808724K->61840K(13212096K), 0.5680408 secs] 79363418K->67618400K(187275712K), 0.5684537 secs] [Times: user=4.13 sys=0.38, real=0.57 secs] 
2018-04-15T07:36:07.426+0800: 195126.422: [GC (Allocation Failure) 2018-04-15T07:36:07.426+0800: 195126.422: [ParNew: 11805968K->68891K(13212096K), 0.4565891 secs] 79362528K->67627044K(187275712K), 0.4570017 secs] [Times: user=3.57 sys=0.06, real=0.46 secs] 
2018-04-15T07:36:23.001+0800: 195141.997: [GC (Allocation Failure) 2018-04-15T07:36:23.001+0800: 195141.997: [ParNew: 11813019K->88711K(13212096K), 0.6332596 secs] 79371172K->67647879K(187275712K), 0.6336955 secs] [Times: user=3.54 sys=1.47, real=0.64 secs] 
2018-04-15T07:36:46.727+0800: 195165.723: [GC (Allocation Failure) 2018-04-15T07:36:46.727+0800: 195165.724: [ParNew: 11832839K->87037K(13212096K), 0.4902157 secs] 79392007K->67647202K(187275712K), 0.4906333 secs] [Times: user=3.04 sys=0.84, real=0.49 secs] 
2018-04-15T07:37:29.666+0800: 195208.662: [GC (Allocation Failure) 2018-04-15T07:37:29.666+0800: 195208.662: [ParNew: 11831165K->97004K(13212096K), 0.5766222 secs] 79391330K->67659475K(187275712K), 0.5773656 secs] [Times: user=3.89 sys=0.68, real=0.58 secs] 
2018-04-15T07:37:47.316+0800: 195226.312: [GC (Allocation Failure) 2018-04-15T07:37:47.316+0800: 195226.313: [ParNew: 11841132K->102137K(13212096K), 0.6062371 secs] 79403603K->67667844K(187275712K), 0.6066586 secs] [Times: user=3.58 sys=1.22, real=0.61 secs] 
2018-04-15T07:38:08.579+0800: 195247.575: [GC (Allocation Failure) 2018-04-15T07:38:08.579+0800: 195247.575: [ParNew: 11846265K->111838K(13212096K), 0.5226519 secs] 79411972K->67681517K(187275712K), 0.5230671 secs] [Times: user=3.65 sys=0.48, real=0.53 secs] 
2018-04-15T07:38:21.436+0800: 195260.432: [GC (Allocation Failure) 2018-04-15T07:38:21.437+0800: 195260.433: [ParNew: 11855966K->129497K(13212096K), 0.5471521 secs] 79425645K->67701649K(187275712K), 0.5475527 secs] [Times: user=3.86 sys=0.48, real=0.55 secs] 
2018-04-15T07:38:35.569+0800: 195274.565: [GC (Allocation Failure) 2018-04-15T07:38:35.569+0800: 195274.565: [ParNew: 11873625K->148309K(13212096K), 0.6011755 secs] 79445777K->67723121K(187275712K), 0.6015957 secs] [Times: user=3.66 sys=1.08, real=0.60 secs] 
2018-04-15T07:39:51.294+0800: 195350.291: [GC (Allocation Failure) 2018-04-15T07:39:51.295+0800: 195350.291: [ParNew: 11892437K->122121K(13212096K), 0.6402637 secs] 79467249K->67708532K(187275712K), 0.6406907 secs] [Times: user=4.03 sys=1.05, real=0.64 secs] 
2018-04-15T07:40:52.562+0800: 195411.558: [GC (Allocation Failure) 2018-04-15T07:40:52.563+0800: 195411.559: [ParNew: 11866249K->137480K(13212096K), 0.8329571 secs] 79452660K->67727518K(187275712K), 0.8333942 secs] [Times: user=4.95 sys=1.64, real=0.83 secs] 
2018-04-15T07:41:27.142+0800: 195446.138: [GC (Allocation Failure) 2018-04-15T07:41:27.142+0800: 195446.138: [ParNew: 11881608K->192636K(13212096K), 0.6571535 secs] 79471646K->67784466K(187275712K), 0.6575680 secs] [Times: user=4.00 sys=1.18, real=0.65 secs] 
2018-04-15T07:42:07.324+0800: 195486.320: [GC (Allocation Failure) 2018-04-15T07:42:07.324+0800: 195486.320: [ParNew: 11936764K->200790K(13212096K), 0.6652114 secs] 79528594K->67794868K(187275712K), 0.6656455 secs] [Times: user=3.79 sys=1.48, real=0.66 secs] 
2018-04-15T07:43:10.058+0800: 195549.054: [GC (Allocation Failure) 2018-04-15T07:43:10.058+0800: 195549.054: [ParNew: 11944918K->159064K(13212096K), 0.5889121 secs] 79538996K->67755494K(187275712K), 0.5893378 secs] [Times: user=3.75 sys=0.91, real=0.59 secs] 
2018-04-15T07:43:38.627+0800: 195577.623: [GC (Allocation Failure) 2018-04-15T07:43:38.627+0800: 195577.623: [ParNew: 11903192K->142242K(13212096K), 0.6021066 secs] 79499622K->67740769K(187275712K), 0.6025406 secs] [Times: user=3.78 sys=0.98, real=0.60 secs] 
2018-04-15T07:44:21.115+0800: 195620.111: [GC (Allocation Failure) 2018-04-15T07:44:21.115+0800: 195620.111: [ParNew: 11886370K->157202K(13212096K), 0.6158174 secs] 79484897K->67766152K(187275712K), 0.6162416 secs] [Times: user=4.27 sys=0.62, real=0.62 secs] 
2018-04-15T07:44:56.493+0800: 195655.489: [GC (Allocation Failure) 2018-04-15T07:44:56.494+0800: 195655.490: [ParNew: 11901330K->158517K(13212096K), 0.5932343 secs] 79510280K->67779276K(187275712K), 0.5936532 secs] [Times: user=4.09 sys=0.61, real=0.59 secs] 
2018-04-15T07:45:26.723+0800: 195685.719: [GC (Allocation Failure) 2018-04-15T07:45:26.723+0800: 195685.720: [ParNew: 11902645K->176907K(13212096K), 0.6984420 secs] 79523404K->67809171K(187275712K), 0.6988715 secs] [Times: user=4.33 sys=1.21, real=0.70 secs] 
2018-04-15T07:45:48.633+0800: 195707.629: [GC (Allocation Failure) 2018-04-15T07:45:48.633+0800: 195707.629: [ParNew: 11921035K->164106K(13212096K), 0.5228137 secs] 79553299K->67803663K(187275712K), 0.5232417 secs] [Times: user=3.74 sys=0.41, real=0.52 secs] 
2018-04-15T07:46:11.868+0800: 195730.864: [GC (Allocation Failure) 2018-04-15T07:46:11.868+0800: 195730.864: [ParNew: 11908234K->140056K(13212096K), 0.5374740 secs] 79547791K->67792757K(187275712K), 0.5379154 secs] [Times: user=3.54 sys=0.70, real=0.54 secs] 
2018-04-15T07:46:44.401+0800: 195763.397: [GC (Allocation Failure) 2018-04-15T07:46:44.401+0800: 195763.397: [ParNew: 11884184K->112469K(13212096K), 0.5842155 secs] 79536885K->67771560K(187275712K), 0.5846423 secs] [Times: user=4.02 sys=0.61, real=0.59 secs] 
2018-04-15T07:47:11.820+0800: 195790.816: [GC (Allocation Failure) 2018-04-15T07:47:11.820+0800: 195790.816: [ParNew: 11856597K->124393K(13212096K), 0.6638921 secs] 79515688K->67790876K(187275712K), 0.6643391 secs] [Times: user=4.30 sys=0.96, real=0.67 secs] 
2018-04-15T07:47:27.119+0800: 195806.115: [GC (Allocation Failure) 2018-04-15T07:47:27.119+0800: 195806.115: [ParNew: 11868521K->99476K(13212096K), 0.6130821 secs] 79535004K->67774438K(187275712K), 0.6135091 secs] [Times: user=3.76 sys=1.08, real=0.62 secs] 
2018-04-15T07:47:42.270+0800: 195821.266: [GC (Allocation Failure) 2018-04-15T07:47:42.271+0800: 195821.267: [ParNew: 11843604K->89611K(13212096K), 0.5245212 secs] 79518566K->67768976K(187275712K), 0.5249399 secs] [Times: user=3.87 sys=0.30, real=0.53 secs] 
2018-04-15T07:47:54.220+0800: 195833.216: [GC (Allocation Failure) 2018-04-15T07:47:54.220+0800: 195833.216: [ParNew: 11833739K->84623K(13212096K), 0.5266657 secs] 79513104K->67777815K(187275712K), 0.5270944 secs] [Times: user=3.82 sys=0.36, real=0.53 secs] 
2018-04-15T07:48:06.556+0800: 195845.552: [GC (Allocation Failure) 2018-04-15T07:48:06.556+0800: 195845.552: [ParNew: 11828751K->70827K(13212096K), 0.5037644 secs] 79521943K->67771191K(187275712K), 0.5041877 secs] [Times: user=3.20 sys=0.80, real=0.50 secs] 
2018-04-15T07:48:23.364+0800: 195862.360: [GC (Allocation Failure) 2018-04-15T07:48:23.365+0800: 195862.361: [ParNew: 11814955K->44809K(13212096K), 0.5658997 secs] 79515319K->67752022K(187275712K), 0.5663260 secs] [Times: user=3.19 sys=1.29, real=0.56 secs] 
2018-04-15T07:48:47.983+0800: 195886.979: [GC (Allocation Failure) 2018-04-15T07:48:47.983+0800: 195886.979: [ParNew: 11788937K->41620K(13212096K), 0.5482701 secs] 79496150K->67753344K(187275712K), 0.5486964 secs] [Times: user=3.59 sys=0.76, real=0.55 secs] 
2018-04-15T07:49:00.282+0800: 195899.278: [GC (Allocation Failure) 2018-04-15T07:49:00.282+0800: 195899.278: [ParNew: 11785748K->33460K(13212096K), 0.4460972 secs] 79497472K->67747863K(187275712K), 0.4465196 secs] [Times: user=2.89 sys=0.66, real=0.44 secs] 
2018-04-15T07:49:15.215+0800: 195914.211: [GC (Allocation Failure) 2018-04-15T07:49:15.215+0800: 195914.211: [ParNew: 11777588K->34697K(13212096K), 0.6355247 secs] 79491991K->67750397K(187275712K), 0.6359429 secs] [Times: user=3.49 sys=1.52, real=0.63 secs] 
2018-04-15T07:49:31.007+0800: 195930.003: [GC (Allocation Failure) 2018-04-15T07:49:31.007+0800: 195930.004: [ParNew: 11778825K->41867K(13212096K), 0.4359390 secs] 79494525K->67759308K(187275712K), 0.4363657 secs] [Times: user=2.99 sys=0.46, real=0.44 secs] 
2018-04-15T07:49:46.175+0800: 195945.171: [GC (Allocation Failure) 2018-04-15T07:49:46.175+0800: 195945.171: [ParNew: 11785995K->45861K(13212096K), 0.5646463 secs] 79503436K->67764229K(187275712K), 0.5650704 secs] [Times: user=3.81 sys=0.70, real=0.56 secs] 
2018-04-15T07:49:56.343+0800: 195955.340: [GC (Allocation Failure) 2018-04-15T07:49:56.344+0800: 195955.340: [ParNew: 11789989K->38174K(13212096K), 0.4420835 secs] 79508357K->67757683K(187275712K), 0.4424965 secs] [Times: user=2.95 sys=0.57, real=0.44 secs] 
2018-04-15T07:50:07.418+0800: 195966.414: [GC (Allocation Failure) 2018-04-15T07:50:07.418+0800: 195966.415: [ParNew: 11782302K->35333K(13212096K), 0.4166381 secs] 79501811K->67757292K(187275712K), 0.4170599 secs] [Times: user=3.31 sys=0.00, real=0.42 secs] 
2018-04-15T07:50:27.007+0800: 195986.003: [GC (Allocation Failure) 2018-04-15T07:50:27.007+0800: 195986.003: [ParNew: 11779461K->37346K(13212096K), 0.6169170 secs] 79501420K->67760125K(187275712K), 0.6173447 secs] [Times: user=3.82 sys=1.07, real=0.62 secs] 
2018-04-15T07:50:53.720+0800: 196012.716: [GC (Allocation Failure) 2018-04-15T07:50:53.720+0800: 196012.716: [ParNew: 11781474K->34727K(13212096K), 0.5130216 secs] 79504253K->67758304K(187275712K), 0.5134518 secs] [Times: user=3.09 sys=1.00, real=0.52 secs] 
2018-04-15T07:51:21.579+0800: 196040.575: [GC (Allocation Failure) 2018-04-15T07:51:21.580+0800: 196040.576: [ParNew: 11778855K->53553K(13212096K), 0.6464969 secs] 79502432K->67777871K(187275712K), 0.6469392 secs] [Times: user=3.34 sys=1.78, real=0.65 secs] 
2018-04-15T07:51:38.400+0800: 196057.396: [GC (Allocation Failure) 2018-04-15T07:51:38.400+0800: 196057.396: [ParNew: 11797681K->48007K(13212096K), 0.4779660 secs] 79521999K->67773217K(187275712K), 0.4784070 secs] [Times: user=3.65 sys=0.16, real=0.48 secs] 
2018-04-15T07:51:57.774+0800: 196076.770: [GC (Allocation Failure) 2018-04-15T07:51:57.774+0800: 196076.770: [ParNew: 11792135K->65744K(13212096K), 0.4823616 secs] 79517345K->67791519K(187275712K), 0.4827681 secs] [Times: user=3.20 sys=0.63, real=0.48 secs] 
2018-04-15T07:52:18.674+0800: 196097.670: [GC (Allocation Failure) 2018-04-15T07:52:18.674+0800: 196097.670: [ParNew: 11809872K->87490K(13212096K), 0.5690067 secs] 79535647K->67814324K(187275712K), 0.5694450 secs] [Times: user=4.08 sys=0.43, real=0.57 secs] 
2018-04-15T07:52:44.766+0800: 196123.762: [GC (Allocation Failure) 2018-04-15T07:52:44.766+0800: 196123.762: [ParNew: 11831618K->86910K(13212096K), 0.6170446 secs] 79558452K->67815355K(187275712K), 0.6174895 secs] [Times: user=3.22 sys=1.67, real=0.62 secs] 
2018-04-15T07:53:00.970+0800: 196139.966: [GC (Allocation Failure) 2018-04-15T07:53:00.971+0800: 196139.967: [ParNew: 11831038K->59832K(13212096K), 0.4534529 secs] 79559483K->67790529K(187275712K), 0.4538888 secs] [Times: user=2.89 sys=0.72, real=0.46 secs] 
2018-04-15T07:53:24.619+0800: 196163.615: [GC (Allocation Failure) 2018-04-15T07:53:24.619+0800: 196163.615: [ParNew: 11803960K->90618K(13212096K), 0.4595685 secs] 79534657K->67824196K(187275712K), 0.4599903 secs] [Times: user=3.00 sys=0.64, real=0.46 secs] 
2018-04-15T07:54:09.335+0800: 196208.331: [GC (Allocation Failure) 2018-04-15T07:54:09.335+0800: 196208.331: [ParNew: 11834746K->124604K(13212096K), 0.7123882 secs] 79568324K->67859699K(187275712K), 0.7128449 secs] [Times: user=4.03 sys=1.60, real=0.71 secs] 
2018-04-15T07:54:21.601+0800: 196220.597: [GC (Allocation Failure) 2018-04-15T07:54:21.602+0800: 196220.598: [ParNew: 11868732K->148615K(13212096K), 0.5511658 secs] 79603827K->67887938K(187275712K), 0.5515879 secs] [Times: user=4.06 sys=0.32, real=0.55 secs] 
2018-04-15T07:54:29.574+0800: 196228.570: [GC (Allocation Failure) 2018-04-15T07:54:29.574+0800: 196228.570: [ParNew: 11892743K->166141K(13212096K), 0.4948846 secs] 79632066K->67912615K(187275712K), 0.4953149 secs] [Times: user=3.65 sys=0.27, real=0.49 secs] 
2018-04-15T07:54:37.310+0800: 196236.306: [GC (Allocation Failure) 2018-04-15T07:54:37.310+0800: 196236.306: [ParNew: 11910269K->125912K(13212096K), 0.6018799 secs] 79656743K->67883915K(187275712K), 0.6023056 secs] [Times: user=3.47 sys=1.27, real=0.61 secs] 
2018-04-15T07:54:46.363+0800: 196245.359: [GC (Allocation Failure) 2018-04-15T07:54:46.364+0800: 196245.360: [ParNew: 11870040K->119764K(13212096K), 0.4506733 secs] 79628043K->67878920K(187275712K), 0.4510970 secs] [Times: user=3.22 sys=0.35, real=0.45 secs] 
2018-04-15T07:55:02.512+0800: 196261.509: [GC (Allocation Failure) 2018-04-15T07:55:02.513+0800: 196261.509: [ParNew: 11863892K->78348K(13212096K), 0.4907735 secs] 79623048K->67845305K(187275712K), 0.4912004 secs] [Times: user=3.59 sys=0.29, real=0.49 secs] 
2018-04-15T07:55:33.658+0800: 196292.654: [GC (Allocation Failure) 2018-04-15T07:55:33.658+0800: 196292.654: [ParNew: 11822476K->64231K(13212096K), 0.5256259 secs] 79589433K->67834236K(187275712K), 0.5260691 secs] [Times: user=3.62 sys=0.55, real=0.53 secs] 
2018-04-15T07:56:05.249+0800: 196324.245: [GC (Allocation Failure) 2018-04-15T07:56:05.249+0800: 196324.245: [ParNew: 11808359K->105450K(13212096K), 0.6669900 secs] 79578364K->67877319K(187275712K), 0.6674282 secs] [Times: user=4.19 sys=1.09, real=0.67 secs] 
2018-04-15T07:56:40.949+0800: 196359.945: [GC (Allocation Failure) 2018-04-15T07:56:40.949+0800: 196359.945: [ParNew: 11849578K->108838K(13212096K), 0.7208027 secs] 79621447K->67882559K(187275712K), 0.7212242 secs] [Times: user=4.32 sys=1.43, real=0.72 secs] 
2018-04-15T07:57:06.719+0800: 196385.715: [GC (Allocation Failure) 2018-04-15T07:57:06.720+0800: 196385.716: [ParNew: 11852966K->82211K(13212096K), 0.7056672 secs] 79626687K->67858361K(187275712K), 0.7060988 secs] [Times: user=4.54 sys=1.06, real=0.71 secs] 
2018-04-15T07:57:21.116+0800: 196400.112: [GC (Allocation Failure) 2018-04-15T07:57:21.116+0800: 196400.112: [ParNew: 11826339K->129497K(13212096K), 0.5723441 secs] 79602489K->67908424K(187275712K), 0.5727826 secs] [Times: user=4.12 sys=0.43, real=0.57 secs] 
2018-04-15T07:57:37.373+0800: 196416.369: [GC (Allocation Failure) 2018-04-15T07:57:37.373+0800: 196416.369: [ParNew: 11873625K->131649K(13212096K), 0.5068572 secs] 79652552K->67912171K(187275712K), 0.5072710 secs] [Times: user=3.18 sys=0.85, real=0.50 secs] 
2018-04-15T07:57:53.368+0800: 196432.364: [GC (Allocation Failure) 2018-04-15T07:57:53.369+0800: 196432.365: [ParNew: 11875777K->130347K(13212096K), 0.4388246 secs] 79656299K->67912895K(187275712K), 0.4392382 secs] [Times: user=3.04 sys=0.45, real=0.44 secs] 
2018-04-15T07:58:13.251+0800: 196452.247: [GC (Allocation Failure) 2018-04-15T07:58:13.251+0800: 196452.247: [ParNew: 11874475K->117557K(13212096K), 0.6087554 secs] 79657023K->67904239K(187275712K), 0.6091788 secs] [Times: user=3.33 sys=1.48, real=0.60 secs] 
2018-04-15T07:58:43.457+0800: 196482.453: [GC (Allocation Failure) 2018-04-15T07:58:43.457+0800: 196482.453: [ParNew: 11861685K->81061K(13212096K), 0.5799196 secs] 79648367K->67870193K(187275712K), 0.5803289 secs] [Times: user=3.89 sys=0.73, real=0.58 secs] 
2018-04-15T07:59:12.803+0800: 196511.799: [GC (Allocation Failure) 2018-04-15T07:59:12.804+0800: 196511.800: [ParNew: 11825189K->64174K(13212096K), 0.7356852 secs] 79614321K->67855326K(187275712K), 0.7361248 secs] [Times: user=4.61 sys=1.22, real=0.73 secs] 
2018-04-15T08:00:06.562+0800: 196565.558: [GC (Allocation Failure) 2018-04-15T08:00:06.563+0800: 196565.559: [ParNew: 11808302K->88360K(13212096K), 0.6368155 secs] 79599454K->67883510K(187275712K), 0.6372367 secs] [Times: user=3.89 sys=1.07, real=0.63 secs] 
2018-04-15T08:02:07.811+0800: 196686.807: [GC (Allocation Failure) 2018-04-15T08:02:07.811+0800: 196686.807: [ParNew: 11832488K->96235K(13212096K), 0.7851420 secs] 79627638K->67896325K(187275712K), 0.7855773 secs] [Times: user=4.54 sys=1.66, real=0.79 secs] 
2018-04-15T08:02:25.344+0800: 196704.340: [GC (Allocation Failure) 2018-04-15T08:02:25.344+0800: 196704.340: [ParNew: 11840363K->91586K(13212096K), 0.5448172 secs] 79640453K->67897151K(187275712K), 0.5452251 secs] [Times: user=3.73 sys=0.60, real=0.54 secs] 
2018-04-15T08:02:39.797+0800: 196718.793: [GC (Allocation Failure) 2018-04-15T08:02:39.797+0800: 196718.793: [ParNew: 11835714K->96196K(13212096K), 0.5168979 secs] 79641279K->67908591K(187275712K), 0.5173138 secs] [Times: user=3.71 sys=0.40, real=0.52 secs] 
2018-04-15T08:02:55.168+0800: 196734.164: [GC (Allocation Failure) 2018-04-15T08:02:55.168+0800: 196734.164: [ParNew: 11840324K->122058K(13212096K), 0.5562721 secs] 79652719K->67936029K(187275712K), 0.5566932 secs] [Times: user=4.04 sys=0.38, real=0.56 secs] 
2018-04-15T08:03:18.989+0800: 196757.985: [GC (Allocation Failure) 2018-04-15T08:03:18.990+0800: 196757.986: [ParNew: 11866186K->141831K(13212096K), 0.6150696 secs] 79680157K->67957368K(187275712K), 0.6155062 secs] [Times: user=3.67 sys=1.22, real=0.62 secs] 
2018-04-15T08:03:38.980+0800: 196777.977: [GC (Allocation Failure) 2018-04-15T08:03:38.981+0800: 196777.977: [ParNew: 11885959K->146001K(13212096K), 0.5827198 secs] 79701496K->67972655K(187275712K), 0.5831442 secs] [Times: user=3.77 sys=0.86, real=0.59 secs] 
2018-04-15T08:03:50.679+0800: 196789.675: [GC (Allocation Failure) 2018-04-15T08:03:50.679+0800: 196789.675: [ParNew: 11890129K->135488K(13212096K), 0.4795726 secs] 79716783K->67981693K(187275712K), 0.4799972 secs] [Times: user=3.19 sys=0.59, real=0.48 secs] 
2018-04-15T08:04:15.093+0800: 196814.089: [GC (Allocation Failure) 2018-04-15T08:04:15.093+0800: 196814.089: [ParNew: 11879616K->115335K(13212096K), 0.6399750 secs] 79725821K->67963042K(187275712K), 0.6404106 secs] [Times: user=3.53 sys=1.53, real=0.64 secs] 
2018-04-15T08:04:40.768+0800: 196839.764: [GC (Allocation Failure) 2018-04-15T08:04:40.768+0800: 196839.764: [ParNew: 11859463K->114908K(13212096K), 0.6014950 secs] 79707170K->67964723K(187275712K), 0.6019302 secs] [Times: user=4.03 sys=0.74, real=0.60 secs] 
2018-04-15T08:04:58.688+0800: 196857.684: [GC (Allocation Failure) 2018-04-15T08:04:58.688+0800: 196857.684: [ParNew: 11859036K->115654K(13212096K), 0.5492055 secs] 79708851K->67966843K(187275712K), 0.5496340 secs] [Times: user=3.80 sys=0.55, real=0.55 secs] 
2018-04-15T08:05:47.204+0800: 196906.200: [GC (Allocation Failure) 2018-04-15T08:05:47.204+0800: 196906.200: [ParNew: 11859782K->91599K(13212096K), 0.6404040 secs] 79710971K->67945745K(187275712K), 0.6408389 secs] [Times: user=4.05 sys=1.02, real=0.64 secs] 
2018-04-15T08:06:25.676+0800: 196944.672: [GC (Allocation Failure) 2018-04-15T08:06:25.676+0800: 196944.672: [ParNew: 11835727K->155488K(13212096K), 0.7440301 secs] 79689873K->68012089K(187275712K), 0.7444662 secs] [Times: user=4.82 sys=1.10, real=0.74 secs] 
2018-04-15T08:07:01.981+0800: 196980.977: [GC (Allocation Failure) 2018-04-15T08:07:01.981+0800: 196980.977: [ParNew: 11899616K->175727K(13212096K), 0.6524738 secs] 79756217K->68033108K(187275712K), 0.6529199 secs] [Times: user=4.27 sys=0.90, real=0.66 secs] 
2018-04-15T08:07:39.198+0800: 197018.194: [GC (Allocation Failure) 2018-04-15T08:07:39.198+0800: 197018.194: [ParNew: 11919855K->176156K(13212096K), 0.5737851 secs] 79777236K->68036870K(187275712K), 0.5742108 secs] [Times: user=3.96 sys=0.59, real=0.58 secs] 
2018-04-15T08:08:31.244+0800: 197070.240: [GC (Allocation Failure) 2018-04-15T08:08:31.244+0800: 197070.240: [ParNew: 11920284K->181519K(13212096K), 0.7693025 secs] 79780998K->68046262K(187275712K), 0.7697429 secs] [Times: user=3.89 sys=2.20, real=0.77 secs] 
2018-04-15T08:08:48.976+0800: 197087.972: [GC (Allocation Failure) 2018-04-15T08:08:48.976+0800: 197087.972: [ParNew: 11925647K->170300K(13212096K), 0.5076066 secs] 79790390K->68038194K(187275712K), 0.5080298 secs] [Times: user=3.92 sys=0.10, real=0.51 secs] 
2018-04-15T08:09:02.370+0800: 197101.366: [GC (Allocation Failure) 2018-04-15T08:09:02.370+0800: 197101.366: [ParNew: 11914428K->177870K(13212096K), 0.6085367 secs] 79782322K->68049891K(187275712K), 0.6088817 secs] [Times: user=4.15 sys=0.70, real=0.61 secs] 
2018-04-15T08:09:21.607+0800: 197120.603: [GC (Allocation Failure) 2018-04-15T08:09:21.607+0800: 197120.603: [ParNew: 11921998K->166477K(13212096K), 0.4582418 secs] 79794019K->68044260K(187275712K), 0.4586614 secs] [Times: user=3.50 sys=0.13, real=0.46 secs] 
2018-04-15T08:10:06.433+0800: 197165.429: [GC (Allocation Failure) 2018-04-15T08:10:06.434+0800: 197165.430: [ParNew: 11910605K->135910K(13212096K), 0.6149650 secs] 79788388K->68026044K(187275712K), 0.6154023 secs] [Times: user=3.47 sys=1.36, real=0.61 secs] 
2018-04-15T08:10:29.092+0800: 197188.088: [GC (Allocation Failure) 2018-04-15T08:10:29.092+0800: 197188.088: [ParNew: 11880038K->148943K(13212096K), 0.5015674 secs] 79770172K->68053838K(187275712K), 0.5019980 secs] [Times: user=3.54 sys=0.42, real=0.50 secs] 
2018-04-15T08:10:46.462+0800: 197205.458: [GC (Allocation Failure) 2018-04-15T08:10:46.462+0800: 197205.458: [ParNew: 11893071K->116125K(13212096K), 0.5287841 secs] 79797966K->68032788K(187275712K), 0.5292149 secs] [Times: user=3.82 sys=0.36, real=0.52 secs] 
2018-04-15T08:11:02.542+0800: 197221.538: [GC (Allocation Failure) 2018-04-15T08:11:02.542+0800: 197221.538: [ParNew: 11860253K->118199K(13212096K), 0.6063827 secs] 79776916K->68040454K(187275712K), 0.6068200 secs] [Times: user=3.44 sys=1.35, real=0.60 secs] 
2018-04-15T08:11:43.478+0800: 197262.474: [GC (Allocation Failure) 2018-04-15T08:11:43.478+0800: 197262.474: [ParNew: 11862327K->64086K(13212096K), 0.6779912 secs] 79784582K->67997957K(187275712K), 0.6784132 secs] [Times: user=4.56 sys=0.81, real=0.68 secs] 
2018-04-15T08:11:59.545+0800: 197278.541: [GC (Allocation Failure) 2018-04-15T08:11:59.545+0800: 197278.541: [ParNew: 11808214K->67945K(13212096K), 0.4739353 secs] 79742085K->68005444K(187275712K), 0.4743778 secs] [Times: user=3.55 sys=0.22, real=0.47 secs] 
2018-04-15T08:12:38.158+0800: 197317.155: [GC (Allocation Failure) 2018-04-15T08:12:38.159+0800: 197317.155: [ParNew: 11812073K->61434K(13212096K), 0.7127686 secs] 79749572K->68005414K(187275712K), 0.7132065 secs] [Times: user=4.14 sys=1.51, real=0.72 secs] 
2018-04-15T08:12:56.887+0800: 197335.883: [GC (Allocation Failure) 2018-04-15T08:12:56.887+0800: 197335.883: [ParNew: 11805562K->72738K(13212096K), 0.4670959 secs] 79749542K->68018989K(187275712K), 0.4675200 secs] [Times: user=3.49 sys=0.21, real=0.47 secs] 
2018-04-15T08:13:18.747+0800: 197357.743: [GC (Allocation Failure) 2018-04-15T08:13:18.747+0800: 197357.743: [ParNew: 11816866K->78847K(13212096K), 0.4432583 secs] 79763117K->68026482K(187275712K), 0.4436846 secs] [Times: user=2.89 sys=0.62, real=0.44 secs] 
2018-04-15T08:14:13.845+0800: 197412.841: [GC (Allocation Failure) 2018-04-15T08:14:13.846+0800: 197412.842: [ParNew: 11822975K->97807K(13212096K), 0.7054024 secs] 79770610K->68049136K(187275712K), 0.7057558 secs] [Times: user=3.33 sys=2.26, real=0.71 secs] 
2018-04-15T08:16:06.832+0800: 197525.828: [GC (Allocation Failure) 2018-04-15T08:16:06.832+0800: 197525.829: [ParNew: 11841935K->90133K(13212096K), 0.8921368 secs] 79793264K->68048212K(187275712K), 0.8925733 secs] [Times: user=5.10 sys=1.87, real=0.89 secs] 
2018-04-15T08:17:49.913+0800: 197628.909: [GC (Allocation Failure) 2018-04-15T08:17:49.913+0800: 197628.909: [ParNew: 11834261K->91686K(13212096K), 0.9670353 secs] 79792340K->68051113K(187275712K), 0.9674864 secs] [Times: user=5.70 sys=1.93, real=0.96 secs] 
2018-04-15T08:18:02.931+0800: 197641.927: [GC (Allocation Failure) 2018-04-15T08:18:02.931+0800: 197641.927: [ParNew: 11835814K->93571K(13212096K), 0.4887438 secs] 79795241K->68057611K(187275712K), 0.4891726 secs] [Times: user=3.70 sys=0.18, real=0.49 secs] 
2018-04-15T08:18:15.131+0800: 197654.127: [GC (Allocation Failure) 2018-04-15T08:18:15.131+0800: 197654.127: [ParNew: 11837699K->121894K(13212096K), 0.5452079 secs] 79801739K->68088402K(187275712K), 0.5456334 secs] [Times: user=3.72 sys=0.62, real=0.55 secs] 
2018-04-15T08:18:27.827+0800: 197666.823: [GC (Allocation Failure) 2018-04-15T08:18:27.827+0800: 197666.824: [ParNew: 11866022K->171634K(13212096K), 0.4984930 secs] 79832530K->68139859K(187275712K), 0.4989327 secs] [Times: user=3.77 sys=0.19, real=0.50 secs] 
2018-04-15T08:18:36.992+0800: 197675.988: [GC (Allocation Failure) 2018-04-15T08:18:36.993+0800: 197675.989: [ParNew: 11915762K->182534K(13212096K), 0.4498529 secs] 79883987K->68154690K(187275712K), 0.4502821 secs] [Times: user=3.57 sys=0.00, real=0.45 secs] 
2018-04-15T08:18:50.133+0800: 197689.129: [GC (Allocation Failure) 2018-04-15T08:18:50.133+0800: 197689.130: [ParNew: 11926662K->165747K(13212096K), 0.6023410 secs] 79898818K->68152327K(187275712K), 0.6027810 secs] [Times: user=4.22 sys=0.53, real=0.60 secs] 
2018-04-15T08:19:08.225+0800: 197707.221: [GC (Allocation Failure) 2018-04-15T08:19:08.226+0800: 197707.222: [ParNew: 11909875K->100377K(13212096K), 0.5645294 secs] 79896455K->68099166K(187275712K), 0.5649612 secs] [Times: user=4.30 sys=0.15, real=0.56 secs] 
2018-04-15T08:19:31.108+0800: 197730.104: [GC (Allocation Failure) 2018-04-15T08:19:31.108+0800: 197730.104: [ParNew: 11844505K->77174K(13212096K), 0.5332851 secs] 79843294K->68079004K(187275712K), 0.5337177 secs] [Times: user=3.81 sys=0.42, real=0.54 secs] 
2018-04-15T08:19:45.806+0800: 197744.802: [GC (Allocation Failure) 2018-04-15T08:19:45.806+0800: 197744.802: [ParNew: 11821302K->80405K(13212096K), 0.6130633 secs] 79823132K->68083800K(187275712K), 0.6134838 secs] [Times: user=3.51 sys=1.35, real=0.61 secs] 
2018-04-15T08:20:12.078+0800: 197771.075: [GC (Allocation Failure) 2018-04-15T08:20:12.079+0800: 197771.075: [ParNew: 11824533K->100613K(13212096K), 0.6256231 secs] 79827928K->68107458K(187275712K), 0.6260383 secs] [Times: user=3.95 sys=1.04, real=0.63 secs] 
2018-04-15T08:20:34.405+0800: 197793.401: [GC (Allocation Failure) 2018-04-15T08:20:34.405+0800: 197793.401: [ParNew: 11844741K->134945K(13212096K), 0.5582606 secs] 79851586K->68143231K(187275712K), 0.5586859 secs] [Times: user=3.85 sys=0.59, real=0.56 secs] 
2018-04-15T08:21:08.776+0800: 197827.772: [GC (Allocation Failure) 2018-04-15T08:21:08.777+0800: 197827.773: [ParNew: 11879073K->149465K(13212096K), 0.6679197 secs] 79887359K->68159455K(187275712K), 0.6683674 secs] [Times: user=4.00 sys=1.30, real=0.67 secs] 
2018-04-15T08:21:36.095+0800: 197855.091: [GC (Allocation Failure) 2018-04-15T08:21:36.095+0800: 197855.091: [ParNew: 11893593K->163239K(13212096K), 0.5485796 secs] 79903583K->68174654K(187275712K), 0.5489997 secs] [Times: user=3.63 sys=0.73, real=0.55 secs] 
2018-04-15T08:22:00.132+0800: 197879.128: [GC (Allocation Failure) 2018-04-15T08:22:00.132+0800: 197879.128: [ParNew: 11907367K->92532K(13212096K), 0.6043050 secs] 79918782K->68107514K(187275712K), 0.6047420 secs] [Times: user=3.30 sys=1.49, real=0.60 secs] 
2018-04-15T08:22:30.963+0800: 197909.959: [GC (Allocation Failure) 2018-04-15T08:22:30.964+0800: 197909.960: [ParNew: 11836660K->105236K(13212096K), 0.6761457 secs] 79851642K->68121745K(187275712K), 0.6765759 secs] [Times: user=4.58 sys=0.80, real=0.67 secs] 
2018-04-15T08:23:04.168+0800: 197943.164: [GC (Allocation Failure) 2018-04-15T08:23:04.169+0800: 197943.165: [ParNew: 11849364K->99974K(13212096K), 0.4711944 secs] 79865873K->68121648K(187275712K), 0.4716112 secs] [Times: user=3.05 sys=0.69, real=0.47 secs] 
2018-04-15T08:23:43.788+0800: 197982.784: [GC (Allocation Failure) 2018-04-15T08:23:43.788+0800: 197982.784: [ParNew: 11844102K->101457K(13212096K), 0.7038268 secs] 79865776K->68125282K(187275712K), 0.7042774 secs] [Times: user=4.17 sys=1.41, real=0.71 secs] 
2018-04-15T08:24:08.030+0800: 198007.026: [GC (Allocation Failure) 2018-04-15T08:24:08.030+0800: 198007.026: [ParNew: 11845585K->117851K(13212096K), 0.6063841 secs] 79869410K->68145242K(187275712K), 0.6068183 secs] [Times: user=3.92 sys=0.90, real=0.61 secs] 
2018-04-15T08:24:28.316+0800: 198027.313: [GC (Allocation Failure) 2018-04-15T08:24:28.317+0800: 198027.313: [ParNew: 11861979K->127068K(13212096K), 0.6194758 secs] 79889370K->68157260K(187275712K), 0.6199111 secs] [Times: user=3.26 sys=1.65, real=0.62 secs] 
2018-04-15T08:24:42.506+0800: 198041.502: [GC (Allocation Failure) 2018-04-15T08:24:42.507+0800: 198041.503: [ParNew: 11871196K->137081K(13212096K), 0.5397495 secs] 79901388K->68169169K(187275712K), 0.5401724 secs] [Times: user=4.04 sys=0.25, real=0.54 secs] 
2018-04-15T08:25:19.665+0800: 198078.661: [GC (Allocation Failure) 2018-04-15T08:25:19.665+0800: 198078.661: [ParNew: 11881209K->136708K(13212096K), 0.7183528 secs] 79913297K->68170806K(187275712K), 0.7187739 secs] [Times: user=4.14 sys=1.57, real=0.72 secs] 
2018-04-15T08:25:27.365+0800: 198086.361: [GC (Allocation Failure) 2018-04-15T08:25:27.365+0800: 198086.361: [ParNew: 11880836K->159457K(13212096K), 0.5093011 secs] 79914934K->68204608K(187275712K), 0.5097265 secs] [Times: user=3.55 sys=0.48, real=0.51 secs] 
2018-04-15T08:25:33.132+0800: 198092.128: [GC (Allocation Failure) 2018-04-15T08:25:33.132+0800: 198092.128: [ParNew: 11903585K->155335K(13212096K), 0.4901279 secs] 79948736K->68205411K(187275712K), 0.4905517 secs] [Times: user=3.44 sys=0.45, real=0.49 secs] 
2018-04-15T08:25:40.126+0800: 198099.122: [GC (Allocation Failure) 2018-04-15T08:25:40.127+0800: 198099.123: [ParNew: 11899463K->204555K(13212096K), 0.5382853 secs] 79949539K->68257395K(187275712K), 0.5387035 secs] [Times: user=4.02 sys=0.28, real=0.54 secs] 
2018-04-15T08:25:46.762+0800: 198105.758: [GC (Allocation Failure) 2018-04-15T08:25:46.762+0800: 198105.758: [ParNew: 11948683K->209711K(13212096K), 0.4639395 secs] 80001523K->68269744K(187275712K), 0.4643728 secs] [Times: user=3.08 sys=0.61, real=0.46 secs] 
2018-04-15T08:26:00.484+0800: 198119.480: [GC (Allocation Failure) 2018-04-15T08:26:00.484+0800: 198119.480: [ParNew: 11953839K->188521K(13212096K), 0.5575514 secs] 80013872K->68252226K(187275712K), 0.5579645 secs] [Times: user=3.86 sys=0.57, real=0.56 secs] 
2018-04-15T08:26:35.868+0800: 198154.864: [GC (Allocation Failure) 2018-04-15T08:26:35.869+0800: 198154.865: [ParNew: 11932649K->82667K(13212096K), 0.6424186 secs] 79996354K->68161181K(187275712K), 0.6428645 secs] [Times: user=3.92 sys=1.14, real=0.65 secs] 
2018-04-15T08:26:57.694+0800: 198176.690: [GC (Allocation Failure) 2018-04-15T08:26:57.695+0800: 198176.691: [ParNew: 11826795K->75672K(13212096K), 0.5063874 secs] 79905309K->68159462K(187275712K), 0.5068127 secs] [Times: user=3.59 sys=0.42, real=0.51 secs] 
2018-04-15T08:27:05.602+0800: 198184.598: [GC (Allocation Failure) 2018-04-15T08:27:05.602+0800: 198184.598: [ParNew: 11819800K->74076K(13212096K), 0.4346955 secs] 79903590K->68161563K(187275712K), 0.4351144 secs] [Times: user=3.41 sys=0.04, real=0.43 secs] 
2018-04-15T08:27:14.090+0800: 198193.086: [GC (Allocation Failure) 2018-04-15T08:27:14.090+0800: 198193.086: [ParNew: 11818204K->72221K(13212096K), 0.4321171 secs] 79905691K->68164945K(187275712K), 0.4325394 secs] [Times: user=3.42 sys=0.01, real=0.44 secs] 
2018-04-15T08:27:39.149+0800: 198218.145: [GC (Allocation Failure) 2018-04-15T08:27:39.149+0800: 198218.145: [ParNew: 11816349K->88774K(13212096K), 0.6283311 secs] 79909073K->68190606K(187275712K), 0.6287663 secs] [Times: user=3.56 sys=1.38, real=0.63 secs] 
2018-04-15T08:28:05.501+0800: 198244.497: [GC (Allocation Failure) 2018-04-15T08:28:05.501+0800: 198244.497: [ParNew: 11832902K->92804K(13212096K), 0.4999827 secs] 79934734K->68202636K(187275712K), 0.5004127 secs] [Times: user=3.47 sys=0.46, real=0.50 secs] 
2018-04-15T08:29:07.876+0800: 198306.872: [GC (Allocation Failure) 2018-04-15T08:29:07.876+0800: 198306.872: [ParNew: 11836932K->93052K(13212096K), 0.7104892 secs] 79946764K->68205867K(187275712K), 0.7109298 secs] [Times: user=4.09 sys=1.49, real=0.71 secs] 
2018-04-15T08:30:16.195+0800: 198375.191: [GC (Allocation Failure) 2018-04-15T08:30:16.195+0800: 198375.191: [ParNew: 11837180K->115613K(13212096K), 0.8676631 secs] 79949995K->68232504K(187275712K), 0.8680810 secs] [Times: user=5.16 sys=1.75, real=0.87 secs] 
2018-04-15T08:31:33.131+0800: 198452.127: [GC (Allocation Failure) 2018-04-15T08:31:33.131+0800: 198452.127: [ParNew: 11859741K->105450K(13212096K), 0.7103570 secs] 79976632K->68222847K(187275712K), 0.7107988 secs] [Times: user=4.20 sys=1.42, real=0.72 secs] 
2018-04-15T08:32:45.121+0800: 198524.117: [GC (Allocation Failure) 2018-04-15T08:32:45.121+0800: 198524.117: [ParNew: 11849578K->130944K(13212096K), 0.8747868 secs] 79966975K->68248797K(187275712K), 0.8752166 secs] [Times: user=4.89 sys=2.02, real=0.88 secs] 
2018-04-15T08:33:49.373+0800: 198588.369: [GC (Allocation Failure) 2018-04-15T08:33:49.374+0800: 198588.370: [ParNew: 11875072K->144346K(13212096K), 0.6420371 secs] 79992925K->68265025K(187275712K), 0.6424723 secs] [Times: user=3.59 sys=1.45, real=0.64 secs] 
2018-04-15T08:34:34.247+0800: 198633.243: [GC (Allocation Failure) 2018-04-15T08:34:34.248+0800: 198633.244: [ParNew: 11888474K->182738K(13212096K), 0.6286563 secs] 80009153K->68306291K(187275712K), 0.6290768 secs] [Times: user=3.92 sys=1.08, real=0.63 secs] 
2018-04-15T08:35:57.825+0800: 198716.821: [GC (Allocation Failure) 2018-04-15T08:35:57.825+0800: 198716.821: [ParNew: 11926866K->131655K(13212096K), 0.6687834 secs] 80050419K->68261706K(187275712K), 0.6692209 secs] [Times: user=3.66 sys=1.60, real=0.67 secs] 
2018-04-15T08:36:13.892+0800: 198732.888: [GC (Allocation Failure) 2018-04-15T08:36:13.892+0800: 198732.888: [ParNew: 11875783K->128278K(13212096K), 0.5266337 secs] 80005834K->68270229K(187275712K), 0.5270619 secs] [Times: user=3.61 sys=0.56, real=0.52 secs] 
2018-04-15T08:36:31.699+0800: 198750.695: [GC (Allocation Failure) 2018-04-15T08:36:31.699+0800: 198750.695: [ParNew: 11872406K->115688K(13212096K), 0.5285431 secs] 80014357K->68278890K(187275712K), 0.5289686 secs] [Times: user=3.78 sys=0.40, real=0.53 secs] 
2018-04-15T08:36:45.412+0800: 198764.408: [GC (Allocation Failure) 2018-04-15T08:36:45.412+0800: 198764.408: [ParNew: 11859816K->119236K(13212096K), 0.6004714 secs] 80023018K->68294116K(187275712K), 0.6009055 secs] [Times: user=3.14 sys=1.61, real=0.60 secs] 
2018-04-15T08:37:06.062+0800: 198785.058: [GC (Allocation Failure) 2018-04-15T08:37:06.063+0800: 198785.059: [ParNew: 11863364K->108731K(13212096K), 0.5446276 secs] 80038244K->68288902K(187275712K), 0.5449733 secs] [Times: user=3.89 sys=0.43, real=0.54 secs] 
2018-04-15T08:37:21.604+0800: 198800.600: [GC (Allocation Failure) 2018-04-15T08:37:21.604+0800: 198800.600: [ParNew: 11852859K->106423K(13212096K), 0.4773889 secs] 80033030K->68289474K(187275712K), 0.4778262 secs] [Times: user=3.59 sys=0.21, real=0.48 secs] 
2018-04-15T08:37:36.220+0800: 198815.216: [GC (Allocation Failure) 2018-04-15T08:37:36.221+0800: 198815.217: [ParNew: 11850551K->122261K(13212096K), 0.5236146 secs] 80033602K->68318694K(187275712K), 0.5240343 secs] [Times: user=3.86 sys=0.27, real=0.53 secs] 
2018-04-15T08:37:43.929+0800: 198822.926: [GC (Allocation Failure) 2018-04-15T08:37:43.930+0800: 198822.926: [ParNew: 11866389K->140500K(13212096K), 0.6433435 secs] 80062822K->68338933K(187275712K), 0.6437854 secs] [Times: user=3.74 sys=1.35, real=0.65 secs] 
2018-04-15T08:37:51.565+0800: 198830.561: [GC (Allocation Failure) 2018-04-15T08:37:51.565+0800: 198830.561: [ParNew: 11884628K->128592K(13212096K), 0.4106381 secs] 80083061K->68330101K(187275712K), 0.4110636 secs] [Times: user=2.51 sys=0.76, real=0.41 secs] 
2018-04-15T08:38:02.918+0800: 198841.914: [GC (Allocation Failure) 2018-04-15T08:38:02.918+0800: 198841.914: [ParNew: 11872720K->95987K(13212096K), 0.4488327 secs] 80074229K->68301083K(187275712K), 0.4492615 secs] [Times: user=3.36 sys=0.20, real=0.45 secs] 
2018-04-15T08:38:16.897+0800: 198855.894: [GC (Allocation Failure) 2018-04-15T08:38:16.898+0800: 198855.894: [ParNew: 11840115K->97971K(13212096K), 0.4676417 secs] 80045211K->68305954K(187275712K), 0.4680667 secs] [Times: user=3.51 sys=0.21, real=0.47 secs] 
2018-04-15T08:38:31.090+0800: 198870.086: [GC (Allocation Failure) 2018-04-15T08:38:31.091+0800: 198870.087: [ParNew: 11842099K->80326K(13212096K), 0.4697127 secs] 80050082K->68292538K(187275712K), 0.4701370 secs] [Times: user=3.65 sys=0.08, real=0.47 secs] 
2018-04-15T08:38:40.536+0800: 198879.532: [GC (Allocation Failure) 2018-04-15T08:38:40.536+0800: 198879.532: [ParNew: 11824454K->92707K(13212096K), 0.5888017 secs] 80036666K->68308715K(187275712K), 0.5892365 secs] [Times: user=2.94 sys=1.72, real=0.59 secs] 
2018-04-15T08:38:57.429+0800: 198896.425: [GC (Allocation Failure) 2018-04-15T08:38:57.429+0800: 198896.425: [ParNew: 11836835K->86078K(13212096K), 0.4857073 secs] 80052843K->68303161K(187275712K), 0.4861340 secs] [Times: user=3.70 sys=0.17, real=0.49 secs] 
2018-04-15T08:39:16.454+0800: 198915.450: [GC (Allocation Failure) 2018-04-15T08:39:16.454+0800: 198915.450: [ParNew: 11830206K->73735K(13212096K), 0.4929304 secs] 80047289K->68293511K(187275712K), 0.4933517 secs] [Times: user=3.53 sys=0.38, real=0.49 secs] 
2018-04-15T08:39:31.086+0800: 198930.082: [GC (Allocation Failure) 2018-04-15T08:39:31.086+0800: 198930.082: [ParNew: 11817863K->82703K(13212096K), 0.4229429 secs] 80037639K->68303934K(187275712K), 0.4233750 secs] [Times: user=3.36 sys=0.00, real=0.42 secs] 
2018-04-15T08:39:59.466+0800: 198958.462: [GC (Allocation Failure) 2018-04-15T08:39:59.467+0800: 198958.463: [ParNew: 11826831K->82533K(13212096K), 0.6048818 secs] 80048062K->68306102K(187275712K), 0.6053134 secs] [Times: user=3.18 sys=1.60, real=0.61 secs] 
2018-04-15T08:40:21.089+0800: 198980.085: [GC (Allocation Failure) 2018-04-15T08:40:21.089+0800: 198980.085: [ParNew: 11826661K->53608K(13212096K), 0.5014315 secs] 80050230K->68279130K(187275712K), 0.5018447 secs] [Times: user=3.59 sys=0.40, real=0.50 secs] 
2018-04-15T08:40:47.587+0800: 199006.583: [GC (Allocation Failure) 2018-04-15T08:40:47.588+0800: 199006.584: [ParNew: 11797736K->68453K(13212096K), 0.6962367 secs] 80023258K->68294734K(187275712K), 0.6966760 secs] [Times: user=3.70 sys=1.82, real=0.70 secs] 
2018-04-15T08:41:06.162+0800: 199025.158: [GC (Allocation Failure) 2018-04-15T08:41:06.163+0800: 199025.159: [ParNew: 11812581K->94292K(13212096K), 0.5795052 secs] 80038862K->68322521K(187275712K), 0.5799233 secs] [Times: user=4.01 sys=0.59, real=0.58 secs] 
2018-04-15T08:41:42.722+0800: 199061.718: [GC (Allocation Failure) 2018-04-15T08:41:42.722+0800: 199061.718: [ParNew: 11838420K->119857K(13212096K), 0.6348824 secs] 80066649K->68351648K(187275712K), 0.6352955 secs] [Times: user=3.91 sys=1.13, real=0.63 secs] 
2018-04-15T08:42:11.687+0800: 199090.683: [GC (Allocation Failure) 2018-04-15T08:42:11.687+0800: 199090.683: [ParNew: 11863985K->131056K(13212096K), 0.6214205 secs] 80095776K->68365206K(187275712K), 0.6218595 secs] [Times: user=3.18 sys=1.72, real=0.62 secs] 
2018-04-15T08:42:45.071+0800: 199124.067: [GC (Allocation Failure) 2018-04-15T08:42:45.071+0800: 199124.067: [ParNew: 11875184K->121532K(13212096K), 0.5846343 secs] 80109334K->68360871K(187275712K), 0.5850599 secs] [Times: user=3.94 sys=0.69, real=0.59 secs] 
2018-04-15T08:43:11.492+0800: 199150.488: [GC (Allocation Failure) 2018-04-15T08:43:11.492+0800: 199150.488: [ParNew: 11865660K->127937K(13212096K), 0.6412361 secs] 80104999K->68369411K(187275712K), 0.6416747 secs] [Times: user=3.40 sys=1.67, real=0.64 secs] 
2018-04-15T08:43:41.463+0800: 199180.459: [GC (Allocation Failure) 2018-04-15T08:43:41.463+0800: 199180.459: [ParNew: 11872065K->137496K(13212096K), 0.6093891 secs] 80113539K->68384652K(187275712K), 0.6098208 secs] [Times: user=4.05 sys=0.79, real=0.61 secs] 
2018-04-15T08:44:03.320+0800: 199202.316: [GC (Allocation Failure) 2018-04-15T08:44:03.320+0800: 199202.316: [ParNew: 11881624K->151184K(13212096K), 0.5120854 secs] 80128780K->68405162K(187275712K), 0.5125083 secs] [Times: user=3.65 sys=0.40, real=0.52 secs] 
2018-04-15T08:44:28.893+0800: 199227.889: [GC (Allocation Failure) 2018-04-15T08:44:28.893+0800: 199227.889: [ParNew: 11895312K->126301K(13212096K), 0.6410085 secs] 80149290K->68385919K(187275712K), 0.6414847 secs] [Times: user=4.35 sys=0.71, real=0.64 secs] 
2018-04-15T08:44:50.525+0800: 199249.521: [GC (Allocation Failure) 2018-04-15T08:44:50.525+0800: 199249.521: [ParNew: 11870429K->121421K(13212096K), 0.5593387 secs] 80130047K->68385780K(187275712K), 0.5597606 secs] [Times: user=3.87 sys=0.56, real=0.56 secs] 
2018-04-15T08:45:11.401+0800: 199270.397: [GC (Allocation Failure) 2018-04-15T08:45:11.401+0800: 199270.398: [ParNew: 11865549K->150778K(13212096K), 0.5434167 secs] 80129908K->68421953K(187275712K), 0.5438434 secs] [Times: user=3.84 sys=0.48, real=0.54 secs] 
2018-04-15T08:45:38.601+0800: 199297.597: [GC (Allocation Failure) 2018-04-15T08:45:38.601+0800: 199297.597: [ParNew: 11894906K->113658K(13212096K), 0.6249873 secs] 80166081K->68389281K(187275712K), 0.6253462 secs] [Times: user=3.54 sys=1.40, real=0.63 secs] 
2018-04-15T08:46:17.621+0800: 199336.617: [GC (Allocation Failure) 2018-04-15T08:46:17.621+0800: 199336.617: [ParNew: 11857786K->86700K(13212096K), 0.7322121 secs] 80133409K->68366733K(187275712K), 0.7326579 secs] [Times: user=5.12 sys=0.71, real=0.74 secs] 
2018-04-15T08:46:49.001+0800: 199367.997: [GC (Allocation Failure) 2018-04-15T08:46:49.001+0800: 199367.997: [ParNew: 11830828K->92187K(13212096K), 0.6740456 secs] 80110861K->68375872K(187275712K), 0.6744815 secs] [Times: user=4.73 sys=0.61, real=0.68 secs] 
2018-04-15T08:47:29.068+0800: 199408.064: [GC (Allocation Failure) 2018-04-15T08:47:29.068+0800: 199408.065: [ParNew: 11836315K->82282K(13212096K), 0.5134892 secs] 80120000K->68369211K(187275712K), 0.5139201 secs] [Times: user=2.64 sys=1.44, real=0.52 secs] 
2018-04-15T08:47:43.845+0800: 199422.841: [GC (Allocation Failure) 2018-04-15T08:47:43.845+0800: 199422.841: [ParNew: 11826410K->76631K(13212096K), 0.4855039 secs] 80113339K->68365237K(187275712K), 0.4859252 secs] [Times: user=3.70 sys=0.16, real=0.49 secs] 
2018-04-15T08:47:56.420+0800: 199435.416: [GC (Allocation Failure) 2018-04-15T08:47:56.421+0800: 199435.417: [ParNew: 11820759K->81718K(13212096K), 0.4924187 secs] 80109365K->68372046K(187275712K), 0.4931501 secs] [Times: user=2.81 sys=1.11, real=0.50 secs] 
2018-04-15T08:48:11.999+0800: 199450.995: [GC (Allocation Failure) 2018-04-15T08:48:12.000+0800: 199450.996: [ParNew: 11825846K->60087K(13212096K), 0.6052224 secs] 80116174K->68361119K(187275712K), 0.6056495 secs] [Times: user=3.09 sys=1.68, real=0.61 secs] 
2018-04-15T08:49:08.882+0800: 199507.878: [GC (Allocation Failure) 2018-04-15T08:49:08.882+0800: 199507.878: [ParNew: 11804215K->47559K(13212096K), 0.6672876 secs] 80105247K->68353748K(187275712K), 0.6676371 secs] [Times: user=4.88 sys=0.41, real=0.66 secs] 
2018-04-15T08:49:16.634+0800: 199515.630: [GC (Allocation Failure) 2018-04-15T08:49:16.634+0800: 199515.630: [ParNew: 11791687K->53367K(13212096K), 0.4672472 secs] 80097876K->68363036K(187275712K), 0.4676724 secs] [Times: user=3.65 sys=0.07, real=0.47 secs] 
2018-04-15T08:49:22.876+0800: 199521.872: [GC (Allocation Failure) 2018-04-15T08:49:22.876+0800: 199521.872: [ParNew: 11797495K->42372K(13212096K), 0.4154619 secs] 80107164K->68359587K(187275712K), 0.4158918 secs] [Times: user=3.29 sys=0.00, real=0.42 secs] 
2018-04-15T08:49:30.108+0800: 199529.104: [GC (Allocation Failure) 2018-04-15T08:49:30.108+0800: 199529.104: [ParNew: 11786500K->47734K(13212096K), 0.5840195 secs] 80103715K->68366567K(187275712K), 0.5844484 secs] [Times: user=3.58 sys=1.05, real=0.59 secs] 
2018-04-15T08:49:40.428+0800: 199539.424: [GC (Allocation Failure) 2018-04-15T08:49:40.428+0800: 199539.424: [ParNew: 11791862K->52077K(13212096K), 0.4527184 secs] 80110695K->68372152K(187275712K), 0.4531509 secs] [Times: user=3.49 sys=0.09, real=0.46 secs] 
2018-04-15T08:50:17.644+0800: 199576.640: [GC (Allocation Failure) 2018-04-15T08:50:17.644+0800: 199576.640: [ParNew: 11796205K->74203K(13212096K), 0.6085087 secs] 80116280K->68394745K(187275712K), 0.6089269 secs] [Times: user=3.99 sys=0.84, real=0.61 secs] 
2018-04-15T08:51:16.463+0800: 199635.459: [GC (Allocation Failure) 2018-04-15T08:51:16.463+0800: 199635.459: [ParNew: 11818331K->113737K(13212096K), 0.8894737 secs] 80138873K->68440604K(187275712K), 0.8899132 secs] [Times: user=4.36 sys=2.69, real=0.89 secs] 
2018-04-15T08:51:39.448+0800: 199658.444: [GC (Allocation Failure) 2018-04-15T08:51:39.448+0800: 199658.444: [ParNew: 11857865K->158514K(13212096K), 0.5505443 secs] 80184732K->68486006K(187275712K), 0.5509628 secs] [Times: user=3.93 sys=0.44, real=0.55 secs] 
2018-04-15T08:52:34.987+0800: 199713.983: [GC (Allocation Failure) 2018-04-15T08:52:34.988+0800: 199713.984: [ParNew: 11902642K->115451K(13212096K), 0.7493784 secs] 80230134K->68443454K(187275712K), 0.7498226 secs] [Times: user=5.01 sys=0.91, real=0.75 secs] 
2018-04-15T08:52:44.096+0800: 199723.092: [GC (Allocation Failure) 2018-04-15T08:52:44.096+0800: 199723.092: [ParNew: 11859579K->106369K(13212096K), 0.4883727 secs] 80187582K->68434758K(187275712K), 0.4887909 secs] [Times: user=3.83 sys=0.06, real=0.49 secs] 
2018-04-15T08:52:53.726+0800: 199732.722: [GC (Allocation Failure) 2018-04-15T08:52:53.727+0800: 199732.723: [ParNew: 11850497K->114260K(13212096K), 0.5067934 secs] 80178886K->68443700K(187275712K), 0.5072037 secs] [Times: user=3.81 sys=0.23, real=0.51 secs] 
2018-04-15T08:53:17.109+0800: 199756.105: [GC (Allocation Failure) 2018-04-15T08:53:17.110+0800: 199756.106: [ParNew: 11858388K->124569K(13212096K), 0.5596210 secs] 80187828K->68456820K(187275712K), 0.5600433 secs] [Times: user=3.95 sys=0.50, real=0.56 secs] 
2018-04-15T08:54:17.474+0800: 199816.470: [GC (Allocation Failure) 2018-04-15T08:54:17.474+0800: 199816.470: [ParNew: 11868697K->124687K(13212096K), 0.7526976 secs] 80200948K->68464376K(187275712K), 0.7531399 secs] [Times: user=3.72 sys=2.21, real=0.75 secs] 
2018-04-15T08:55:26.042+0800: 199885.038: [GC (Allocation Failure) 2018-04-15T08:55:26.042+0800: 199885.038: [ParNew: 11868815K->98763K(13212096K), 0.7359762 secs] 80208504K->68451001K(187275712K), 0.7364054 secs] [Times: user=4.55 sys=1.23, real=0.73 secs] 
2018-04-15T08:56:22.572+0800: 199941.568: [GC (Allocation Failure) 2018-04-15T08:56:22.572+0800: 199941.568: [ParNew: 11842891K->106831K(13212096K), 0.7350538 secs] 80195129K->68477439K(187275712K), 0.7354659 secs] [Times: user=5.26 sys=0.55, real=0.73 secs] 
2018-04-15T08:56:48.658+0800: 199967.654: [GC (Allocation Failure) 2018-04-15T08:56:48.658+0800: 199967.654: [ParNew: 11850959K->98107K(13212096K), 0.5412425 secs] 80221567K->68470429K(187275712K), 0.5416539 secs] [Times: user=3.87 sys=0.43, real=0.54 secs] 
2018-04-15T08:56:54.338+0800: 199973.335: [GC (Allocation Failure) 2018-04-15T08:56:54.339+0800: 199973.335: [ParNew: 11842235K->127660K(13212096K), 0.4506815 secs] 80214557K->68501398K(187275712K), 0.4510787 secs] [Times: user=3.58 sys=0.00, real=0.45 secs] 
2018-04-15T08:57:00.021+0800: 199979.017: [GC (Allocation Failure) 2018-04-15T08:57:00.021+0800: 199979.017: [ParNew: 11871788K->121279K(13212096K), 0.5579770 secs] 80245526K->68496861K(187275712K), 0.5583937 secs] [Times: user=3.33 sys=1.10, real=0.56 secs] 
2018-04-15T08:57:07.381+0800: 199986.377: [GC (Allocation Failure) 2018-04-15T08:57:07.381+0800: 199986.377: [ParNew: 11865407K->119818K(13212096K), 0.4273545 secs] 80240989K->68506049K(187275712K), 0.4277617 secs] [Times: user=3.39 sys=0.00, real=0.43 secs] 
2018-04-15T08:57:20.641+0800: 199999.637: [GC (Allocation Failure) 2018-04-15T08:57:20.641+0800: 199999.637: [ParNew: 11863946K->92405K(13212096K), 0.5439957 secs] 80250177K->68487940K(187275712K), 0.5443978 secs] [Times: user=3.90 sys=0.42, real=0.54 secs] 
2018-04-15T08:57:34.701+0800: 200013.697: [GC (Allocation Failure) 2018-04-15T08:57:34.701+0800: 200013.697: [ParNew: 11836533K->101177K(13212096K), 0.4738424 secs] 80232068K->68510211K(187275712K), 0.4742481 secs] [Times: user=3.52 sys=0.23, real=0.48 secs] 
2018-04-15T08:57:50.701+0800: 200029.697: [GC (Allocation Failure) 2018-04-15T08:57:50.701+0800: 200029.698: [ParNew: 11845305K->76645K(13212096K), 0.5963522 secs] 80254339K->68491079K(187275712K), 0.5967657 secs] [Times: user=3.31 sys=1.42, real=0.59 secs] 
2018-04-15T08:58:08.559+0800: 200047.555: [GC (Allocation Failure) 2018-04-15T08:58:08.559+0800: 200047.555: [ParNew: 11820773K->79162K(13212096K), 0.4402076 secs] 80235207K->68494099K(187275712K), 0.4406216 secs] [Times: user=3.46 sys=0.04, real=0.44 secs] 
2018-04-15T08:58:50.870+0800: 200089.866: [GC (Allocation Failure) 2018-04-15T08:58:50.870+0800: 200089.866: [ParNew: 11823290K->67487K(13212096K), 0.5508409 secs] 80238227K->68482653K(187275712K), 0.5512458 secs] [Times: user=3.61 sys=0.77, real=0.56 secs] 
2018-04-15T08:59:44.145+0800: 200143.141: [GC (Allocation Failure) 2018-04-15T08:59:44.145+0800: 200143.141: [ParNew: 11811615K->115454K(13212096K), 0.7666984 secs] 80226781K->68530744K(187275712K), 0.7671704 secs] [Times: user=4.20 sys=1.88, real=0.77 secs] 
2018-04-15T09:00:00.342+0800: 200159.338: [GC (Allocation Failure) 2018-04-15T09:00:00.343+0800: 200159.339: [ParNew: 11859582K->166596K(13212096K), 0.5246578 secs] 80274872K->68583209K(187275712K), 0.5250569 secs] [Times: user=3.81 sys=0.35, real=0.52 secs] 
2018-04-15T09:00:25.599+0800: 200184.595: [GC (Allocation Failure) 2018-04-15T09:00:25.599+0800: 200184.595: [ParNew: 11910724K->183690K(13212096K), 0.6022233 secs] 80327337K->68602201K(187275712K), 0.6026587 secs] [Times: user=3.58 sys=1.16, real=0.61 secs] 
2018-04-15T09:00:46.099+0800: 200205.095: [GC (Allocation Failure) 2018-04-15T09:00:46.099+0800: 200205.095: [ParNew: 11927818K->197775K(13212096K), 0.5805318 secs] 80346329K->68618665K(187275712K), 0.5809373 secs] [Times: user=4.02 sys=0.58, real=0.58 secs] 
2018-04-15T09:01:02.951+0800: 200221.947: [GC (Allocation Failure) 2018-04-15T09:01:02.951+0800: 200221.947: [ParNew: 11941903K->188101K(13212096K), 0.5472599 secs] 80362793K->68612169K(187275712K), 0.5476795 secs] [Times: user=3.71 sys=0.64, real=0.55 secs] 
2018-04-15T09:01:23.175+0800: 200242.171: [GC (Allocation Failure) 2018-04-15T09:01:23.175+0800: 200242.171: [ParNew: 11932229K->152233K(13212096K), 0.6319925 secs] 80356297K->68590986K(187275712K), 0.6324191 secs] [Times: user=3.86 sys=1.15, real=0.63 secs] 
2018-04-15T09:01:43.239+0800: 200262.235: [GC (Allocation Failure) 2018-04-15T09:01:43.239+0800: 200262.235: [ParNew: 11896361K->152806K(13212096K), 0.5597520 secs] 80335114K->68601042K(187275712K), 0.5601690 secs] [Times: user=4.03 sys=0.41, real=0.56 secs] 
2018-04-15T09:02:27.127+0800: 200306.123: [GC (Allocation Failure) 2018-04-15T09:02:27.127+0800: 200306.123: [ParNew: 11896934K->111480K(13212096K), 0.5879793 secs] 80345170K->68562756K(187275712K), 0.5884657 secs] [Times: user=3.90 sys=0.76, real=0.59 secs] 
2018-04-15T09:03:39.903+0800: 200378.899: [GC (Allocation Failure) 2018-04-15T09:03:39.903+0800: 200378.899: [ParNew: 11855608K->137221K(13212096K), 0.9475140 secs] 80306884K->68593587K(187275712K), 0.9479450 secs] [Times: user=5.31 sys=2.22, real=0.94 secs] 
2018-04-15T09:04:13.198+0800: 200412.194: [GC (Allocation Failure) 2018-04-15T09:04:13.198+0800: 200412.194: [ParNew: 11881349K->114045K(13212096K), 0.5151911 secs] 80337715K->68574472K(187275712K), 0.5155973 secs] [Times: user=2.83 sys=1.25, real=0.52 secs] 
2018-04-15T09:04:21.793+0800: 200420.789: [GC (Allocation Failure) 2018-04-15T09:04:21.794+0800: 200420.790: [ParNew: 11858173K->90557K(13212096K), 0.5966597 secs] 80318600K->68551809K(187275712K), 0.5970465 secs] [Times: user=3.11 sys=1.63, real=0.59 secs] 
2018-04-15T09:04:32.742+0800: 200431.738: [GC (Allocation Failure) 2018-04-15T09:04:32.742+0800: 200431.738: [ParNew: 11834685K->125602K(13212096K), 0.4877577 secs] 80295937K->68587752K(187275712K), 0.4881694 secs] [Times: user=3.68 sys=0.20, real=0.48 secs] 
2018-04-15T09:04:45.179+0800: 200444.175: [GC (Allocation Failure) 2018-04-15T09:04:45.179+0800: 200444.175: [ParNew: 11869730K->126615K(13212096K), 0.4850582 secs] 80331880K->68589860K(187275712K), 0.4854561 secs] [Times: user=3.63 sys=0.24, real=0.49 secs] 
2018-04-15T09:04:58.138+0800: 200457.134: [GC (Allocation Failure) 2018-04-15T09:04:58.138+0800: 200457.134: [ParNew: 11870743K->127279K(13212096K), 0.5246227 secs] 80333988K->68601001K(187275712K), 0.5250285 secs] [Times: user=3.73 sys=0.42, real=0.53 secs] 
2018-04-15T09:05:10.265+0800: 200469.261: [GC (Allocation Failure) 2018-04-15T09:05:10.266+0800: 200469.262: [ParNew: 11871407K->121444K(13212096K), 0.6040034 secs] 80345129K->68608652K(187275712K), 0.6044293 secs] [Times: user=3.44 sys=1.33, real=0.60 secs] 
2018-04-15T09:05:20.537+0800: 200479.533: [GC (Allocation Failure) 2018-04-15T09:05:20.537+0800: 200479.533: [ParNew: 11865572K->86981K(13212096K), 0.5973740 secs] 80352780K->68582416K(187275712K), 0.5977863 secs] [Times: user=4.10 sys=0.64, real=0.60 secs] 
2018-04-15T09:05:29.837+0800: 200488.833: [GC (Allocation Failure) 2018-04-15T09:05:29.838+0800: 200488.834: [ParNew: 11831109K->95843K(13212096K), 0.5272230 secs] 80326544K->68593299K(187275712K), 0.5276283 secs] [Times: user=3.85 sys=0.34, real=0.53 secs] 
2018-04-15T09:05:38.725+0800: 200497.721: [GC (Allocation Failure) 2018-04-15T09:05:38.725+0800: 200497.721: [ParNew: 11839971K->96602K(13212096K), 0.4652444 secs] 80337427K->68598921K(187275712K), 0.4656466 secs] [Times: user=3.61 sys=0.09, real=0.46 secs] 
2018-04-15T09:06:17.658+0800: 200536.654: [GC (Allocation Failure) 2018-04-15T09:06:17.658+0800: 200536.654: [ParNew: 11840730K->58038K(13212096K), 0.6152228 secs] 80343049K->68562692K(187275712K), 0.6156526 secs] [Times: user=3.57 sys=1.31, real=0.62 secs] 
2018-04-15T09:06:34.030+0800: 200553.026: [GC (Allocation Failure) 2018-04-15T09:06:34.031+0800: 200553.027: [ParNew: 11802166K->99442K(13212096K), 0.4831720 secs] 80306820K->68605627K(187275712K), 0.4835737 secs] [Times: user=3.68 sys=0.15, real=0.49 secs] 
2018-04-15T09:07:09.612+0800: 200588.608: [GC (Allocation Failure) 2018-04-15T09:07:09.612+0800: 200588.608: [ParNew: 11843570K->93193K(13212096K), 0.5237362 secs] 80349755K->68600866K(187275712K), 0.5241418 secs] [Times: user=2.63 sys=1.53, real=0.52 secs] 
2018-04-15T09:08:28.015+0800: 200667.011: [GC (Allocation Failure) 2018-04-15T09:08:28.015+0800: 200667.011: [ParNew: 11837321K->71303K(13212096K), 0.7561954 secs] 80344994K->68580814K(187275712K), 0.7566319 secs] [Times: user=3.72 sys=2.24, real=0.76 secs] 
2018-04-15T09:08:56.943+0800: 200695.939: [GC (Allocation Failure) 2018-04-15T09:08:56.943+0800: 200695.939: [ParNew: 11815431K->89924K(13212096K), 0.5352174 secs] 80324942K->68600661K(187275712K), 0.5356446 secs] [Times: user=3.75 sys=0.49, real=0.53 secs] 
2018-04-15T09:09:30.684+0800: 200729.680: [GC (Allocation Failure) 2018-04-15T09:09:30.684+0800: 200729.680: [ParNew: 11834052K->132156K(13212096K), 0.6631185 secs] 80344789K->68643514K(187275712K), 0.6635002 secs] [Times: user=4.18 sys=1.08, real=0.66 secs] 
2018-04-15T09:10:42.297+0800: 200801.293: [GC (Allocation Failure) 2018-04-15T09:10:42.297+0800: 200801.293: [ParNew: 11876284K->124385K(13212096K), 0.6802522 secs] 80387642K->68638782K(187275712K), 0.6806745 secs] [Times: user=4.07 sys=1.34, real=0.68 secs] 
2018-04-15T09:11:14.302+0800: 200833.298: [GC (Allocation Failure) 2018-04-15T09:11:14.303+0800: 200833.299: [ParNew: 11868513K->125907K(13212096K), 0.6503464 secs] 80382910K->68645593K(187275712K), 0.6507855 secs] [Times: user=3.24 sys=1.90, real=0.65 secs] 
2018-04-15T09:11:35.328+0800: 200854.324: [GC (Allocation Failure) 2018-04-15T09:11:35.328+0800: 200854.324: [ParNew: 11870035K->89945K(13212096K), 0.5512497 secs] 80389721K->68614271K(187275712K), 0.5516751 secs] [Times: user=3.66 sys=0.71, real=0.55 secs] 
2018-04-15T09:11:45.165+0800: 200864.161: [GC (Allocation Failure) 2018-04-15T09:11:45.165+0800: 200864.161: [ParNew: 11834073K->85822K(13212096K), 0.4770354 secs] 80358399K->68618911K(187275712K), 0.4775484 secs] [Times: user=3.74 sys=0.04, real=0.48 secs] 
2018-04-15T09:11:52.476+0800: 200871.472: [GC (Allocation Failure) 2018-04-15T09:11:52.476+0800: 200871.472: [ParNew: 11829950K->93880K(13212096K), 0.4702457 secs] 80363039K->68629451K(187275712K), 0.4706740 secs] [Times: user=3.72 sys=0.02, real=0.47 secs] 
2018-04-15T09:11:59.921+0800: 200878.917: [GC (Allocation Failure) 2018-04-15T09:11:59.921+0800: 200878.917: [ParNew: 11838008K->66789K(13212096K), 0.4157748 secs] 80373579K->68610379K(187275712K), 0.4161888 secs] [Times: user=3.30 sys=0.00, real=0.41 secs] 
2018-04-15T09:12:10.883+0800: 200889.879: [GC (Allocation Failure) 2018-04-15T09:12:10.883+0800: 200889.879: [ParNew: 11810917K->64863K(13212096K), 0.5941503 secs] 80354507K->68622522K(187275712K), 0.5946096 secs] [Times: user=3.08 sys=1.63, real=0.59 secs] 
2018-04-15T09:13:18.165+0800: 200957.161: [GC (Allocation Failure) 2018-04-15T09:13:18.165+0800: 200957.162: [ParNew: 11808991K->44978K(13212096K), 0.5600251 secs] 80366650K->68618565K(187275712K), 0.5604557 secs] [Times: user=3.74 sys=0.69, real=0.56 secs] 
2018-04-15T09:13:41.474+0800: 200980.470: [GC (Allocation Failure) 2018-04-15T09:13:41.475+0800: 200980.471: [ParNew: 11789106K->27207K(13212096K), 0.4889716 secs] 80362693K->68602681K(187275712K), 0.4893973 secs] [Times: user=3.62 sys=0.27, real=0.49 secs] 
2018-04-15T09:14:14.841+0800: 201013.837: [GC (Allocation Failure) 2018-04-15T09:14:14.841+0800: 201013.837: [ParNew: 11771335K->39969K(13212096K), 0.6075655 secs] 80346809K->68616329K(187275712K), 0.6080030 secs] [Times: user=3.55 sys=1.26, real=0.61 secs] 
2018-04-15T09:14:39.819+0800: 201038.815: [GC (Allocation Failure) 2018-04-15T09:14:39.819+0800: 201038.815: [ParNew: 11784097K->63237K(13212096K), 0.5580466 secs] 80360457K->68639849K(187275712K), 0.5584722 secs] [Times: user=3.84 sys=0.59, real=0.56 secs] 
2018-04-15T09:15:09.140+0800: 201068.136: [GC (Allocation Failure) 2018-04-15T09:15:09.140+0800: 201068.136: [ParNew: 11807365K->78497K(13212096K), 0.4831004 secs] 80383977K->68655670K(187275712K), 0.4835198 secs] [Times: user=3.58 sys=0.26, real=0.49 secs] 
2018-04-15T09:15:35.815+0800: 201094.811: [GC (Allocation Failure) 2018-04-15T09:15:35.815+0800: 201094.811: [ParNew: 11822625K->70943K(13212096K), 0.5823699 secs] 80399798K->68649103K(187275712K), 0.5827942 secs] [Times: user=3.30 sys=1.32, real=0.58 secs] 
2018-04-15T09:16:05.245+0800: 201124.241: [GC (Allocation Failure) 2018-04-15T09:16:05.245+0800: 201124.241: [ParNew: 11815071K->63645K(13212096K), 0.6049513 secs] 80393231K->68645405K(187275712K), 0.6053718 secs] [Times: user=3.92 sys=0.89, real=0.60 secs] 
2018-04-15T09:16:27.458+0800: 201146.454: [GC (Allocation Failure) 2018-04-15T09:16:27.459+0800: 201146.455: [ParNew: 11807773K->91354K(13212096K), 0.5114465 secs] 80389533K->68673893K(187275712K), 0.5118748 secs] [Times: user=3.81 sys=0.26, real=0.51 secs] 
2018-04-15T09:16:56.778+0800: 201175.774: [GC (Allocation Failure) 2018-04-15T09:16:56.779+0800: 201175.775: [ParNew: 11835482K->92258K(13212096K), 0.6872331 secs] 80418021K->68678557K(187275712K), 0.6876733 secs] [Times: user=4.59 sys=0.84, real=0.69 secs] 
2018-04-15T09:17:26.535+0800: 201205.531: [GC (Allocation Failure) 2018-04-15T09:17:26.535+0800: 201205.531: [ParNew: 11836386K->65699K(13212096K), 0.5455988 secs] 80422685K->68653849K(187275712K), 0.5460333 secs] [Times: user=3.73 sys=0.60, real=0.54 secs] 
2018-04-15T09:17:54.684+0800: 201233.681: [GC (Allocation Failure) 2018-04-15T09:17:54.685+0800: 201233.681: [ParNew: 11809827K->59721K(13212096K), 0.6102678 secs] 80397977K->68649988K(187275712K), 0.6107118 secs] [Times: user=3.94 sys=0.88, real=0.61 secs] 
2018-04-15T09:18:07.867+0800: 201246.863: [GC (Allocation Failure) 2018-04-15T09:18:07.867+0800: 201246.863: [ParNew: 11803849K->59790K(13212096K), 0.4764142 secs] 80394116K->68651377K(187275712K), 0.4768285 secs] [Times: user=3.58 sys=0.21, real=0.48 secs] 
2018-04-15T09:18:36.144+0800: 201275.140: [GC (Allocation Failure) 2018-04-15T09:18:36.144+0800: 201275.140: [ParNew: 11803918K->67729K(13212096K), 0.5613344 secs] 80395505K->68663415K(187275712K), 0.5617530 secs] [Times: user=3.83 sys=0.63, real=0.56 secs] 
2018-04-15T09:19:02.364+0800: 201301.360: [GC (Allocation Failure) 2018-04-15T09:19:02.364+0800: 201301.360: [ParNew: 11811857K->93698K(13212096K), 0.6156546 secs] 80407543K->68690744K(187275712K), 0.6161001 secs] [Times: user=3.65 sys=1.23, real=0.61 secs] 
2018-04-15T09:19:39.228+0800: 201338.225: [GC (Allocation Failure) 2018-04-15T09:19:39.229+0800: 201338.225: [ParNew: 11837826K->82602K(13212096K), 0.5121933 secs] 80434872K->68681312K(187275712K), 0.5126183 secs] [Times: user=3.67 sys=0.41, real=0.52 secs] 
2018-04-15T09:20:02.251+0800: 201361.247: [GC (Allocation Failure) 2018-04-15T09:20:02.251+0800: 201361.247: [ParNew: 11826730K->56650K(13212096K), 0.5520362 secs] 80425440K->68657581K(187275712K), 0.5524592 secs] [Times: user=3.79 sys=0.60, real=0.56 secs] 
2018-04-15T09:20:26.153+0800: 201385.149: [GC (Allocation Failure) 2018-04-15T09:20:26.153+0800: 201385.149: [ParNew: 11800778K->85812K(13212096K), 0.6180417 secs] 80401709K->68689140K(187275712K), 0.6184729 secs] [Times: user=3.24 sys=1.63, real=0.62 secs] 
2018-04-15T09:20:44.828+0800: 201403.824: [GC (Allocation Failure) 2018-04-15T09:20:44.828+0800: 201403.824: [ParNew: 11829940K->85890K(13212096K), 0.5325326 secs] 80433268K->68691123K(187275712K), 0.5329489 secs] [Times: user=3.77 sys=0.47, real=0.53 secs] 
2018-04-15T09:21:13.853+0800: 201432.849: [GC (Allocation Failure) 2018-04-15T09:21:13.853+0800: 201432.849: [ParNew: 11830018K->83943K(13212096K), 0.6038947 secs] 80435251K->68693607K(187275712K), 0.6043175 secs] [Times: user=3.93 sys=0.87, real=0.60 secs] 
2018-04-15T09:21:35.492+0800: 201454.488: [GC (Allocation Failure) 2018-04-15T09:21:35.492+0800: 201454.488: [ParNew: 11828071K->89822K(13212096K), 0.6624368 secs] 80437735K->68702303K(187275712K), 0.6628679 secs] [Times: user=3.92 sys=1.33, real=0.66 secs] 
2018-04-15T09:21:46.987+0800: 201465.983: [GC (Allocation Failure) 2018-04-15T09:21:46.987+0800: 201465.983: [ParNew: 11833950K->93539K(13212096K), 0.4614570 secs] 80446431K->68708821K(187275712K), 0.4618725 secs] [Times: user=3.51 sys=0.15, real=0.46 secs] 
2018-04-15T09:21:54.948+0800: 201473.944: [GC (Allocation Failure) 2018-04-15T09:21:54.948+0800: 201473.944: [ParNew: 11837667K->94193K(13212096K), 0.4568964 secs] 80452949K->68712371K(187275712K), 0.4573160 secs] [Times: user=3.58 sys=0.05, real=0.46 secs] 
2018-04-15T09:22:10.703+0800: 201489.699: [GC (Allocation Failure) 2018-04-15T09:22:10.703+0800: 201489.699: [ParNew: 11838321K->48823K(13212096K), 0.4703279 secs] 80456499K->68670959K(187275712K), 0.4707547 secs] [Times: user=3.49 sys=0.24, real=0.47 secs] 
2018-04-15T09:23:34.342+0800: 201573.338: [GC (Allocation Failure) 2018-04-15T09:23:34.342+0800: 201573.338: [ParNew: 11792951K->49899K(13212096K), 0.7889199 secs] 80415087K->68675580K(187275712K), 0.7893625 secs] [Times: user=3.53 sys=2.72, real=0.79 secs] 
2018-04-15T09:23:50.699+0800: 201589.695: [GC (Allocation Failure) 2018-04-15T09:23:50.700+0800: 201589.696: [ParNew: 11794027K->78640K(13212096K), 0.4739762 secs] 80419708K->68705500K(187275712K), 0.4744173 secs] [Times: user=2.63 sys=1.14, real=0.48 secs] 
2018-04-15T09:24:32.935+0800: 201631.932: [GC (Allocation Failure) 2018-04-15T09:24:32.936+0800: 201631.932: [ParNew: 11822768K->86834K(13212096K), 0.7394340 secs] 80449628K->68714767K(187275712K), 0.7398800 secs] [Times: user=4.08 sys=1.78, real=0.74 secs] 
2018-04-15T09:24:46.387+0800: 201645.383: [GC (Allocation Failure) 2018-04-15T09:24:46.387+0800: 201645.383: [ParNew: 11830962K->118188K(13212096K), 0.4909877 secs] 80458895K->68747216K(187275712K), 0.4914083 secs] [Times: user=3.60 sys=0.31, real=0.49 secs] 
2018-04-15T09:25:57.850+0800: 201716.846: [GC (Allocation Failure) 2018-04-15T09:25:57.850+0800: 201716.846: [ParNew: 11862316K->138559K(13212096K), 0.9390986 secs] 80491344K->68767889K(187275712K), 0.9395533 secs] [Times: user=5.10 sys=2.32, real=0.94 secs] 
2018-04-15T09:28:38.445+0800: 201877.441: [GC (Allocation Failure) 2018-04-15T09:28:38.446+0800: 201877.442: [ParNew: 11882687K->136643K(13212096K), 0.8889876 secs] 80512017K->68766795K(187275712K), 0.8894181 secs] [Times: user=5.55 sys=1.48, real=0.89 secs] 
2018-04-15T09:29:50.116+0800: 201949.112: [GC (Allocation Failure) 2018-04-15T09:29:50.116+0800: 201949.112: [ParNew: 11880771K->143242K(13212096K), 0.6436819 secs] 80510923K->68785564K(187275712K), 0.6441176 secs] [Times: user=4.91 sys=0.16, real=0.64 secs] 
2018-04-15T09:30:58.776+0800: 202017.772: [GC (Allocation Failure) 2018-04-15T09:30:58.776+0800: 202017.772: [ParNew: 11887370K->181384K(13212096K), 0.7674726 secs] 80529692K->68830055K(187275712K), 0.7679172 secs] [Times: user=4.99 sys=1.05, real=0.77 secs] 
2018-04-15T09:31:36.882+0800: 202055.878: [GC (Allocation Failure) 2018-04-15T09:31:36.882+0800: 202055.878: [ParNew: 11925512K->209432K(13212096K), 0.6150893 secs] 80574183K->68864382K(187275712K), 0.6155250 secs] [Times: user=3.93 sys=0.96, real=0.61 secs] 
2018-04-15T09:32:47.853+0800: 202126.849: [GC (Allocation Failure) 2018-04-15T09:32:47.853+0800: 202126.849: [ParNew: 11953560K->175102K(13212096K), 0.7549650 secs] 80608510K->68836710K(187275712K), 0.7554089 secs] [Times: user=3.94 sys=1.97, real=0.75 secs] 
2018-04-15T09:34:15.189+0800: 202214.185: [GC (Allocation Failure) 2018-04-15T09:34:15.189+0800: 202214.185: [ParNew: 11919230K->165518K(13212096K), 0.9467572 secs] 80580838K->68833285K(187275712K), 0.9471641 secs] [Times: user=6.05 sys=1.44, real=0.95 secs] 
2018-04-15T09:35:01.819+0800: 202260.815: [GC (Allocation Failure) 2018-04-15T09:35:01.819+0800: 202260.815: [ParNew: 11909646K->167302K(13212096K), 0.6690796 secs] 80577413K->68846707K(187275712K), 0.6695215 secs] [Times: user=4.44 sys=0.84, real=0.67 secs] 
2018-04-15T09:35:19.373+0800: 202278.369: [GC (Allocation Failure) 2018-04-15T09:35:19.374+0800: 202278.370: [ParNew: 11911430K->200889K(13212096K), 0.5337452 secs] 80590835K->68892083K(187275712K), 0.5341618 secs] [Times: user=3.91 sys=0.32, real=0.53 secs] 
2018-04-15T09:35:32.394+0800: 202291.390: [GC (Allocation Failure) 2018-04-15T09:35:32.394+0800: 202291.390: [ParNew: 11945017K->206817K(13212096K), 0.5784049 secs] 80636211K->68906641K(187275712K), 0.5788233 secs] [Times: user=4.05 sys=0.55, real=0.58 secs] 
2018-04-15T09:35:55.587+0800: 202314.583: [GC (Allocation Failure) 2018-04-15T09:35:55.587+0800: 202314.583: [ParNew: 11950945K->219011K(13212096K), 0.6284305 secs] 80650769K->68933326K(187275712K), 0.6288734 secs] [Times: user=3.72 sys=1.21, real=0.63 secs] 
2018-04-15T09:36:15.123+0800: 202334.119: [GC (Allocation Failure) 2018-04-15T09:36:15.123+0800: 202334.119: [ParNew: 11963139K->132357K(13212096K), 0.5208489 secs] 80677454K->68859507K(187275712K), 0.5212723 secs] [Times: user=3.74 sys=0.38, real=0.52 secs] 
2018-04-15T09:36:35.111+0800: 202354.107: [GC (Allocation Failure) 2018-04-15T09:36:35.112+0800: 202354.108: [ParNew: 11876485K->135242K(13212096K), 0.5085527 secs] 80603635K->68882764K(187275712K), 0.5089787 secs] [Times: user=3.49 sys=0.50, real=0.50 secs] 
2018-04-15T09:36:54.016+0800: 202373.012: [GC (Allocation Failure) 2018-04-15T09:36:54.016+0800: 202373.012: [ParNew: 11879370K->104265K(13212096K), 0.5974629 secs] 80626892K->68859739K(187275712K), 0.5978909 secs] [Times: user=3.24 sys=1.48, real=0.60 secs] 
2018-04-15T09:37:07.611+0800: 202386.607: [GC (Allocation Failure) 2018-04-15T09:37:07.611+0800: 202386.607: [ParNew: 11848393K->99156K(13212096K), 0.5345169 secs] 80603867K->68857461K(187275712K), 0.5349325 secs] [Times: user=3.87 sys=0.38, real=0.54 secs] 
2018-04-15T09:37:15.160+0800: 202394.156: [GC (Allocation Failure) 2018-04-15T09:37:15.161+0800: 202394.157: [ParNew: 11843284K->75685K(13212096K), 0.4743118 secs] 80601589K->68837667K(187275712K), 0.4747203 secs] [Times: user=3.61 sys=0.18, real=0.48 secs] 
2018-04-15T09:37:22.735+0800: 202401.731: [GC (Allocation Failure) 2018-04-15T09:37:22.735+0800: 202401.731: [ParNew: 11819813K->107938K(13212096K), 0.4694477 secs] 80581795K->68874710K(187275712K), 0.4698611 secs] [Times: user=3.62 sys=0.10, real=0.47 secs] 
2018-04-15T09:37:29.606+0800: 202408.602: [GC (Allocation Failure) 2018-04-15T09:37:29.606+0800: 202408.602: [ParNew: 11852066K->128809K(13212096K), 0.4452641 secs] 80618838K->68897912K(187275712K), 0.4456854 secs] [Times: user=3.55 sys=0.00, real=0.45 secs] 
2018-04-15T09:37:42.851+0800: 202421.847: [GC (Allocation Failure) 2018-04-15T09:37:42.851+0800: 202421.847: [ParNew: 11872937K->128669K(13212096K), 0.5928001 secs] 80642040K->68901972K(187275712K), 0.5932475 secs] [Times: user=4.32 sys=0.37, real=0.60 secs] 
2018-04-15T09:38:02.550+0800: 202441.546: [GC (Allocation Failure) 2018-04-15T09:38:02.550+0800: 202441.546: [ParNew: 11872797K->107134K(13212096K), 0.6125395 secs] 80646100K->68883134K(187275712K), 0.6129489 secs] [Times: user=3.68 sys=1.19, real=0.62 secs] 
2018-04-15T09:38:13.383+0800: 202452.380: [GC (Allocation Failure) 2018-04-15T09:38:13.384+0800: 202452.380: [ParNew: 11851262K->106441K(13212096K), 0.4917183 secs] 80627262K->68883383K(187275712K), 0.4921228 secs] [Times: user=3.69 sys=0.22, real=0.49 secs] 
2018-04-15T09:38:28.999+0800: 202467.995: [GC (Allocation Failure) 2018-04-15T09:38:28.999+0800: 202467.995: [ParNew: 11850569K->104795K(13212096K), 0.4207617 secs] 80627511K->68882769K(187275712K), 0.4211815 secs] [Times: user=2.43 sys=0.92, real=0.42 secs] 
2018-04-15T09:38:43.106+0800: 202482.102: [GC (Allocation Failure) 2018-04-15T09:38:43.106+0800: 202482.102: [ParNew: 11848923K->91912K(13212096K), 0.6525216 secs] 80626897K->68871991K(187275712K), 0.6529358 secs] [Times: user=4.68 sys=0.49, real=0.65 secs] 
2018-04-15T09:38:52.579+0800: 202491.575: [GC (Allocation Failure) 2018-04-15T09:38:52.579+0800: 202491.575: [ParNew: 11836040K->90085K(13212096K), 0.4459977 secs] 80616119K->68882234K(187275712K), 0.4464082 secs] [Times: user=3.42 sys=0.11, real=0.45 secs] 
2018-04-15T09:39:45.751+0800: 202544.747: [GC (Allocation Failure) 2018-04-15T09:39:45.751+0800: 202544.747: [ParNew: 11834213K->58373K(13212096K), 0.6430255 secs] 80626362K->68858826K(187275712K), 0.6434293 secs] [Times: user=5.10 sys=0.00, real=0.64 secs] 
2018-04-15T09:41:19.616+0800: 202638.612: [GC (Allocation Failure) 2018-04-15T09:41:19.616+0800: 202638.612: [ParNew: 11802501K->60179K(13212096K), 0.9721306 secs] 80602954K->68863504K(187275712K), 0.9725500 secs] [Times: user=5.28 sys=2.42, real=0.97 secs] 
2018-04-15T09:42:36.779+0800: 202715.775: [GC (Allocation Failure) 2018-04-15T09:42:36.779+0800: 202715.775: [ParNew: 11804307K->78844K(13212096K), 0.7056097 secs] 80607632K->68883328K(187275712K), 0.7060480 secs] [Times: user=3.59 sys=1.94, real=0.71 secs] 
2018-04-15T09:44:48.230+0800: 202847.226: [GC (Allocation Failure) 2018-04-15T09:44:48.231+0800: 202847.227: [ParNew: 11822972K->77896K(13212096K), 1.0594377 secs] 80627456K->68883730K(187275712K), 1.0598609 secs] [Times: user=6.83 sys=1.60, real=1.06 secs] 
2018-04-15T09:46:37.796+0800: 202956.792: [GC (Allocation Failure) 2018-04-15T09:46:37.796+0800: 202956.792: [ParNew: 11822024K->140943K(13212096K), 0.8674247 secs] 80627858K->68948620K(187275712K), 0.8678730 secs] [Times: user=5.22 sys=1.61, real=0.87 secs] 
2018-04-15T09:47:30.037+0800: 203009.033: [GC (Allocation Failure) 2018-04-15T09:47:30.037+0800: 203009.033: [ParNew: 11885071K->124778K(13212096K), 0.8410913 secs] 80692748K->68933563K(187275712K), 0.8415352 secs] [Times: user=6.05 sys=0.61, real=0.84 secs] 
2018-04-15T09:49:00.074+0800: 203099.070: [GC (Allocation Failure) 2018-04-15T09:49:00.074+0800: 203099.070: [ParNew: 11868906K->125004K(13212096K), 0.8424138 secs] 80677691K->68937592K(187275712K), 0.8427761 secs] [Times: user=4.70 sys=1.96, real=0.84 secs] 
2018-04-15T09:49:42.444+0800: 203141.440: [GC (Allocation Failure) 2018-04-15T09:49:42.444+0800: 203141.440: [ParNew: 11869132K->149896K(13212096K), 0.8160423 secs] 80681720K->68972623K(187275712K), 0.8164750 secs] [Times: user=5.15 sys=1.31, real=0.81 secs] 
2018-04-15T09:50:07.441+0800: 203166.437: [GC (Allocation Failure) 2018-04-15T09:50:07.441+0800: 203166.437: [ParNew: 11894024K->182923K(13212096K), 0.5868017 secs] 80716751K->69011965K(187275712K), 0.5872214 secs] [Times: user=4.33 sys=0.34, real=0.59 secs] 
2018-04-15T09:50:27.253+0800: 203186.249: [GC (Allocation Failure) 2018-04-15T09:50:27.253+0800: 203186.249: [ParNew: 11927051K->192614K(13212096K), 0.4940049 secs] 80756093K->69027427K(187275712K), 0.4944297 secs] [Times: user=3.56 sys=0.36, real=0.49 secs] 
2018-04-15T09:50:55.162+0800: 203214.158: [GC (Allocation Failure) 2018-04-15T09:50:55.163+0800: 203214.159: [ParNew: 11936742K->120890K(13212096K), 0.6676649 secs] 80771555K->68969627K(187275712K), 0.6681060 secs] [Times: user=4.21 sys=1.05, real=0.66 secs] 
2018-04-15T09:51:37.339+0800: 203256.335: [GC (Allocation Failure) 2018-04-15T09:51:37.339+0800: 203256.335: [ParNew: 11865018K->135891K(13212096K), 0.6583672 secs] 80713755K->68995079K(187275712K), 0.6587932 secs] [Times: user=3.92 sys=1.30, real=0.66 secs] 
2018-04-15T09:52:10.735+0800: 203289.731: [GC (Allocation Failure) 2018-04-15T09:52:10.735+0800: 203289.731: [ParNew: 11880019K->111084K(13212096K), 0.6505578 secs] 80739207K->68981701K(187275712K), 0.6510033 secs] [Times: user=3.04 sys=2.07, real=0.65 secs] 
2018-04-15T09:52:51.901+0800: 203330.897: [GC (Allocation Failure) 2018-04-15T09:52:51.901+0800: 203330.897: [ParNew: 11855212K->136079K(13212096K), 0.7736937 secs] 80725829K->69009096K(187275712K), 0.7741166 secs] [Times: user=5.20 sys=0.96, real=0.78 secs] 
2018-04-15T09:53:11.762+0800: 203350.758: [GC (Allocation Failure) 2018-04-15T09:53:11.763+0800: 203350.759: [ParNew: 11880207K->136200K(13212096K), 0.5457388 secs] 80753224K->69012544K(187275712K), 0.5461573 secs] [Times: user=3.92 sys=0.41, real=0.54 secs] 
2018-04-15T09:53:26.329+0800: 203365.325: [GC (Allocation Failure) 2018-04-15T09:53:26.329+0800: 203365.325: [ParNew: 11880328K->139084K(13212096K), 0.5974675 secs] 80756672K->69018700K(187275712K), 0.5979156 secs] [Times: user=3.02 sys=1.71, real=0.60 secs] 
2018-04-15T09:53:37.604+0800: 203376.600: [GC (Allocation Failure) 2018-04-15T09:53:37.604+0800: 203376.600: [ParNew: 11883212K->130382K(13212096K), 0.4341076 secs] 80762828K->69011794K(187275712K), 0.4345307 secs] [Times: user=3.44 sys=0.00, real=0.43 secs] 
2018-04-15T09:53:48.510+0800: 203387.506: [GC (Allocation Failure) 2018-04-15T09:53:48.511+0800: 203387.507: [ParNew: 11874510K->147183K(13212096K), 0.4815402 secs] 80755922K->69039591K(187275712K), 0.4819692 secs] [Times: user=3.57 sys=0.23, real=0.49 secs] 
2018-04-15T09:54:00.997+0800: 203399.993: [GC (Allocation Failure) 2018-04-15T09:54:00.997+0800: 203399.993: [ParNew: 11891311K->136888K(13212096K), 0.5466482 secs] 80783719K->69043506K(187275712K), 0.5470779 secs] [Times: user=3.85 sys=0.48, real=0.55 secs] 
2018-04-15T09:54:09.879+0800: 203408.876: [GC (Allocation Failure) 2018-04-15T09:54:09.880+0800: 203408.876: [ParNew: 11881016K->90514K(13212096K), 0.4326028 secs] 80787634K->69007981K(187275712K), 0.4330303 secs] [Times: user=2.53 sys=0.89, real=0.44 secs] 
2018-04-15T09:54:23.610+0800: 203422.606: [GC (Allocation Failure) 2018-04-15T09:54:23.610+0800: 203422.606: [ParNew: 11834642K->92284K(13212096K), 0.5713209 secs] 80752109K->69013793K(187275712K), 0.5717667 secs] [Times: user=3.29 sys=1.23, real=0.58 secs] 
2018-04-15T09:54:32.002+0800: 203430.998: [GC (Allocation Failure) 2018-04-15T09:54:32.002+0800: 203430.998: [ParNew: 11836412K->88143K(13212096K), 0.4486340 secs] 80757921K->69011990K(187275712K), 0.4490518 secs] [Times: user=3.56 sys=0.00, real=0.44 secs] 
2018-04-15T09:54:39.746+0800: 203438.742: [GC (Allocation Failure) 2018-04-15T09:54:39.746+0800: 203438.742: [ParNew: 11832271K->77667K(13212096K), 0.4687428 secs] 80756118K->69004280K(187275712K), 0.4691821 secs] [Times: user=3.61 sys=0.11, real=0.47 secs] 
2018-04-15T09:54:49.888+0800: 203448.884: [GC (Allocation Failure) 2018-04-15T09:54:49.888+0800: 203448.884: [ParNew: 11821795K->67891K(13212096K), 0.5049220 secs] 80748408K->68998536K(187275712K), 0.5052759 secs] [Times: user=3.76 sys=0.26, real=0.51 secs] 
2018-04-15T09:55:15.868+0800: 203474.864: [GC (Allocation Failure) 2018-04-15T09:55:15.868+0800: 203474.864: [ParNew: 11812019K->54892K(13212096K), 0.6215575 secs] 80742664K->68987796K(187275712K), 0.6219260 secs] [Times: user=3.46 sys=1.46, real=0.62 secs] 
2018-04-15T09:55:34.179+0800: 203493.175: [GC (Allocation Failure) 2018-04-15T09:55:34.179+0800: 203493.175: [ParNew: 11799020K->109362K(13212096K), 0.4928250 secs] 80731924K->69042640K(187275712K), 0.4931699 secs] [Times: user=3.70 sys=0.21, real=0.50 secs] 
2018-04-15T09:55:45.852+0800: 203504.848: [GC (Allocation Failure) 2018-04-15T09:55:45.852+0800: 203504.848: [ParNew: 11853490K->137863K(13212096K), 0.5202449 secs] 80786768K->69075045K(187275712K), 0.5206733 secs] [Times: user=3.94 sys=0.19, real=0.52 secs] 
2018-04-15T09:55:55.719+0800: 203514.715: [GC (Allocation Failure) 2018-04-15T09:55:55.720+0800: 203514.716: [ParNew: 11881991K->139486K(13212096K), 0.5060164 secs] 80819173K->69076995K(187275712K), 0.5064263 secs] [Times: user=2.79 sys=1.25, real=0.51 secs] 
2018-04-15T09:56:02.869+0800: 203521.865: [GC (Allocation Failure) 2018-04-15T09:56:02.869+0800: 203521.865: [ParNew: 11883614K->98286K(13212096K), 0.4078555 secs] 80821123K->69036514K(187275712K), 0.4082693 secs] [Times: user=2.47 sys=0.77, real=0.41 secs] 
2018-04-15T09:56:14.769+0800: 203533.765: [GC (Allocation Failure) 2018-04-15T09:56:14.769+0800: 203533.765: [ParNew: 11842414K->110651K(13212096K), 0.5927344 secs] 80780642K->69050026K(187275712K), 0.5931530 secs] [Times: user=3.04 sys=1.65, real=0.60 secs] 
2018-04-15T09:56:31.348+0800: 203550.345: [GC (Allocation Failure) 2018-04-15T09:56:31.349+0800: 203550.345: [ParNew: 11854779K->103744K(13212096K), 0.4858779 secs] 80794154K->69046751K(187275712K), 0.4863008 secs] [Times: user=3.52 sys=0.34, real=0.49 secs] 
2018-04-15T09:56:43.873+0800: 203562.869: [GC (Allocation Failure) 2018-04-15T09:56:43.873+0800: 203562.869: [ParNew: 11847872K->97672K(13212096K), 0.5741650 secs] 80790879K->69048869K(187275712K), 0.5745846 secs] [Times: user=4.10 sys=0.46, real=0.57 secs] 
2018-04-15T09:56:59.092+0800: 203578.089: [GC (Allocation Failure) 2018-04-15T09:56:59.093+0800: 203578.089: [ParNew: 11841800K->74583K(13212096K), 0.4283620 secs] 80792997K->69028697K(187275712K), 0.4290823 secs] [Times: user=3.40 sys=0.00, real=0.43 secs] 
2018-04-15T09:57:09.273+0800: 203588.269: [GC (Allocation Failure) 2018-04-15T09:57:09.274+0800: 203588.270: [ParNew: 11818711K->74210K(13212096K), 0.5685071 secs] 80772825K->69030173K(187275712K), 0.5689312 secs] [Times: user=3.38 sys=1.12, real=0.57 secs] 
2018-04-15T09:57:19.040+0800: 203598.036: [GC (Allocation Failure) 2018-04-15T09:57:19.040+0800: 203598.036: [ParNew: 11818338K->82364K(13212096K), 0.4814997 secs] 80774301K->69039500K(187275712K), 0.4819238 secs] [Times: user=3.72 sys=0.11, real=0.49 secs] 
2018-04-15T09:57:28.540+0800: 203607.536: [GC (Allocation Failure) 2018-04-15T09:57:28.540+0800: 203607.536: [ParNew: 11826492K->80902K(13212096K), 0.4921326 secs] 80783628K->69042198K(187275712K), 0.4925532 secs] [Times: user=3.63 sys=0.29, real=0.50 secs] 
2018-04-15T09:57:37.543+0800: 203616.540: [GC (Allocation Failure) 2018-04-15T09:57:37.544+0800: 203616.540: [ParNew: 11825030K->79322K(13212096K), 0.5882450 secs] 80786326K->69042563K(187275712K), 0.5886658 secs] [Times: user=4.24 sys=0.44, real=0.59 secs] 
2018-04-15T09:57:50.116+0800: 203629.112: [GC (Allocation Failure) 2018-04-15T09:57:50.116+0800: 203629.112: [ParNew: 11823450K->70688K(13212096K), 0.4397497 secs] 80786691K->69036833K(187275712K), 0.4401647 secs] [Times: user=2.58 sys=0.90, real=0.44 secs] 
2018-04-15T09:58:13.592+0800: 203652.588: [GC (Allocation Failure) 2018-04-15T09:58:13.592+0800: 203652.588: [ParNew: 11814816K->86562K(13212096K), 0.6665673 secs] 80780961K->69054764K(187275712K), 0.6669937 secs] [Times: user=3.61 sys=1.67, real=0.66 secs] 
2018-04-15T09:58:33.441+0800: 203672.437: [GC (Allocation Failure) 2018-04-15T09:58:33.441+0800: 203672.437: [ParNew: 11830690K->142114K(13212096K), 0.5719468 secs] 80798892K->69111138K(187275712K), 0.5723621 secs] [Times: user=3.94 sys=0.59, real=0.58 secs] 
2018-04-15T09:58:49.135+0800: 203688.131: [GC (Allocation Failure) 2018-04-15T09:58:49.135+0800: 203688.131: [ParNew: 11886242K->170341K(13212096K), 0.5155751 secs] 80855266K->69141422K(187275712K), 0.5159986 secs] [Times: user=3.90 sys=0.21, real=0.51 secs] 
2018-04-15T09:59:27.568+0800: 203726.564: [GC (Allocation Failure) 2018-04-15T09:59:27.568+0800: 203726.564: [ParNew: 11914469K->110023K(13212096K), 0.7480431 secs] 80885550K->69082191K(187275712K), 0.7484623 secs] [Times: user=3.80 sys=2.14, real=0.75 secs] 
2018-04-15T10:01:32.418+0800: 203851.414: [GC (Allocation Failure) 2018-04-15T10:01:32.419+0800: 203851.415: [ParNew: 11854151K->79994K(13212096K), 0.8544347 secs] 80826319K->69052826K(187275712K), 0.8548508 secs] [Times: user=5.32 sys=1.42, real=0.86 secs] 
2018-04-15T10:03:33.338+0800: 203972.334: [GC (Allocation Failure) 2018-04-15T10:03:33.338+0800: 203972.335: [ParNew: 11824122K->119897K(13212096K), 0.8565476 secs] 80796954K->69093198K(187275712K), 0.8569856 secs] [Times: user=4.80 sys=2.01, real=0.86 secs] 
2018-04-15T10:04:52.329+0800: 204051.325: [GC (Allocation Failure) 2018-04-15T10:04:52.329+0800: 204051.325: [ParNew: 11864025K->135516K(13212096K), 0.8245402 secs] 80837326K->69111739K(187275712K), 0.8249788 secs] [Times: user=4.31 sys=2.17, real=0.83 secs] 
2018-04-15T10:07:32.862+0800: 204211.858: [GC (Allocation Failure) 2018-04-15T10:07:32.862+0800: 204211.858: [ParNew: 11879644K->162062K(13212096K), 0.9210625 secs] 80855867K->69144422K(187275712K), 0.9214858 secs] [Times: user=6.12 sys=1.19, real=0.92 secs] 
2018-04-15T10:08:18.686+0800: 204257.682: [GC (Allocation Failure) 2018-04-15T10:08:18.686+0800: 204257.682: [ParNew: 11906190K->179048K(13212096K), 0.6296139 secs] 80888550K->69165289K(187275712K), 0.6300415 secs] [Times: user=3.34 sys=1.65, real=0.63 secs] 
2018-04-15T10:10:49.885+0800: 204408.881: [GC (Allocation Failure) 2018-04-15T10:10:49.885+0800: 204408.881: [ParNew: 11923176K->154965K(13212096K), 1.0370268 secs] 80909417K->69148735K(187275712K), 1.0374641 secs] [Times: user=5.96 sys=2.24, real=1.04 secs] 
2018-04-15T10:11:53.088+0800: 204472.084: [GC (Allocation Failure) 2018-04-15T10:11:53.088+0800: 204472.084: [ParNew: 11899093K->175022K(13212096K), 0.9142082 secs] 80892863K->69175908K(187275712K), 0.9146511 secs] [Times: user=3.84 sys=3.31, real=0.92 secs] 
2018-04-15T10:12:07.753+0800: 204486.749: [GC (Allocation Failure) 2018-04-15T10:12:07.754+0800: 204486.750: [ParNew: 11919150K->181260K(13212096K), 0.5513171 secs] 80920036K->69191917K(187275712K), 0.5517262 secs] [Times: user=3.77 sys=0.60, real=0.55 secs] 
2018-04-15T10:12:31.900+0800: 204510.896: [GC (Allocation Failure) 2018-04-15T10:12:31.901+0800: 204510.897: [ParNew: 11925388K->133852K(13212096K), 0.5267696 secs] 80936045K->69155976K(187275712K), 0.5271848 secs] [Times: user=3.64 sys=0.54, real=0.53 secs] 
2018-04-15T10:12:49.133+0800: 204528.129: [GC (Allocation Failure) 2018-04-15T10:12:49.133+0800: 204528.129: [ParNew: 11877980K->136359K(13212096K), 0.6195902 secs] 80900104K->69167524K(187275712K), 0.6200277 secs] [Times: user=3.41 sys=1.47, real=0.62 secs] 
2018-04-15T10:13:06.720+0800: 204545.716: [GC (Allocation Failure) 2018-04-15T10:13:06.720+0800: 204545.716: [ParNew: 11880487K->149268K(13212096K), 0.6172417 secs] 80911652K->69189589K(187275712K), 0.6176855 secs] [Times: user=3.71 sys=1.19, real=0.62 secs] 
2018-04-15T10:13:30.654+0800: 204569.650: [GC (Allocation Failure) 2018-04-15T10:13:30.654+0800: 204569.650: [ParNew: 11893396K->127294K(13212096K), 0.4855009 secs] 80933717K->69189059K(187275712K), 0.4859289 secs] [Times: user=3.46 sys=0.36, real=0.48 secs] 
2018-04-15T10:13:56.973+0800: 204595.969: [GC (Allocation Failure) 2018-04-15T10:13:56.973+0800: 204595.969: [ParNew: 11871422K->112222K(13212096K), 0.6538714 secs] 80933187K->69186543K(187275712K), 0.6543019 secs] [Times: user=4.16 sys=0.97, real=0.65 secs] 
2018-04-15T10:14:57.338+0800: 204656.334: [GC (Allocation Failure) 2018-04-15T10:14:57.338+0800: 204656.334: [ParNew: 11856350K->77711K(13212096K), 0.8954815 secs] 80930671K->69152916K(187275712K), 0.8958941 secs] [Times: user=5.40 sys=1.73, real=0.90 secs] 
2018-04-15T10:15:34.479+0800: 204693.475: [GC (Allocation Failure) 2018-04-15T10:15:34.479+0800: 204693.475: [ParNew: 11821839K->87222K(13212096K), 0.6413448 secs] 80897044K->69163190K(187275712K), 0.6417639 secs] [Times: user=4.27 sys=0.79, real=0.64 secs] 
2018-04-15T10:16:28.756+0800: 204747.752: [GC (Allocation Failure) 2018-04-15T10:16:28.756+0800: 204747.752: [ParNew: 11831350K->71746K(13212096K), 0.6249232 secs] 80907318K->69148845K(187275712K), 0.6253358 secs] [Times: user=4.04 sys=0.92, real=0.63 secs] 
2018-04-15T10:17:05.678+0800: 204784.674: [GC (Allocation Failure) 2018-04-15T10:17:05.678+0800: 204784.674: [ParNew: 11815874K->71187K(13212096K), 0.5907696 secs] 80892973K->69149225K(187275712K), 0.5912186 secs] [Times: user=3.28 sys=1.40, real=0.59 secs] 
2018-04-15T10:17:18.072+0800: 204797.069: [GC (Allocation Failure) 2018-04-15T10:17:18.073+0800: 204797.069: [ParNew: 11815315K->82659K(13212096K), 0.4479970 secs] 80893353K->69161159K(187275712K), 0.4483474 secs] [Times: user=3.49 sys=0.07, real=0.44 secs] 
2018-04-15T10:17:28.093+0800: 204807.089: [GC (Allocation Failure) 2018-04-15T10:17:28.093+0800: 204807.089: [ParNew: 11826787K->79107K(13212096K), 0.4395754 secs] 80905287K->69163117K(187275712K), 0.4399230 secs] [Times: user=3.42 sys=0.08, real=0.44 secs] 
2018-04-15T10:17:43.343+0800: 204822.339: [GC (Allocation Failure) 2018-04-15T10:17:43.343+0800: 204822.339: [ParNew: 11823235K->73498K(13212096K), 0.5788015 secs] 80907245K->69165122K(187275712K), 0.5791581 secs] [Times: user=4.02 sys=0.57, real=0.58 secs] 
2018-04-15T10:18:04.793+0800: 204843.789: [GC (Allocation Failure) 2018-04-15T10:18:04.794+0800: 204843.790: [ParNew: 11817363K->67379K(13212096K), 0.6253788 secs] 80908986K->69167746K(187275712K), 0.6257716 secs] [Times: user=3.49 sys=1.41, real=0.62 secs] 
2018-04-15T10:18:17.491+0800: 204856.487: [GC (Allocation Failure) 2018-04-15T10:18:17.491+0800: 204856.487: [ParNew: 11811507K->58757K(13212096K), 0.4647348 secs] 80911874K->69167629K(187275712K), 0.4651732 secs] [Times: user=3.64 sys=0.05, real=0.47 secs] 
2018-04-15T10:19:35.039+0800: 204934.036: [GC (Allocation Failure) 2018-04-15T10:19:35.040+0800: 204934.036: [ParNew: 11802885K->73296K(13212096K), 0.5983488 secs] 80911757K->69184577K(187275712K), 0.5987807 secs] [Times: user=3.73 sys=1.00, real=0.60 secs] 
2018-04-15T10:19:52.859+0800: 204951.855: [GC (Allocation Failure) 2018-04-15T10:19:52.859+0800: 204951.855: [ParNew: 11817424K->85594K(13212096K), 0.6102621 secs] 80928705K->69198305K(187275712K), 0.6107016 secs] [Times: user=3.13 sys=1.69, real=0.61 secs] 
2018-04-15T10:20:22.931+0800: 204981.927: [GC (Allocation Failure) 2018-04-15T10:20:22.931+0800: 204981.927: [ParNew: 11829722K->70038K(13212096K), 0.5523019 secs] 80942433K->69183227K(187275712K), 0.5527324 secs] [Times: user=3.75 sys=0.64, real=0.56 secs] 
2018-04-15T10:21:27.384+0800: 205046.380: [GC (Allocation Failure) 2018-04-15T10:21:27.384+0800: 205046.380: [ParNew: 11814166K->70667K(13212096K), 0.7084403 secs] 80927355K->69185585K(187275712K), 0.7088923 secs] [Times: user=4.71 sys=0.88, real=0.71 secs] 
2018-04-15T10:22:45.866+0800: 205124.862: [GC (Allocation Failure) 2018-04-15T10:22:45.866+0800: 205124.862: [ParNew: 11814795K->50762K(13212096K), 0.7563563 secs] 80929713K->69170920K(187275712K), 0.7567832 secs] [Times: user=5.44 sys=0.58, real=0.76 secs] 
2018-04-15T10:23:18.555+0800: 205157.551: [GC (Allocation Failure) 2018-04-15T10:23:18.555+0800: 205157.551: [ParNew: 11794890K->64713K(13212096K), 0.6553087 secs] 80915048K->69185480K(187275712K), 0.6557458 secs] [Times: user=3.52 sys=1.65, real=0.65 secs] 
2018-04-15T10:23:33.949+0800: 205172.945: [GC (Allocation Failure) 2018-04-15T10:23:33.949+0800: 205172.945: [ParNew: 11808841K->82545K(13212096K), 0.4852659 secs] 80929608K->69208224K(187275712K), 0.4856973 secs] [Times: user=3.78 sys=0.05, real=0.49 secs] 
2018-04-15T10:23:53.783+0800: 205192.779: [GC (Allocation Failure) 2018-04-15T10:23:53.783+0800: 205192.779: [ParNew: 11826673K->95155K(13212096K), 0.4850770 secs] 80952352K->69223647K(187275712K), 0.4855029 secs] [Times: user=3.54 sys=0.31, real=0.48 secs] 
2018-04-15T10:24:19.472+0800: 205218.468: [GC (Allocation Failure) 2018-04-15T10:24:19.472+0800: 205218.468: [ParNew: 11839283K->98394K(13212096K), 0.4853246 secs] 80967775K->69228026K(187275712K), 0.4857490 secs] [Times: user=3.66 sys=0.20, real=0.48 secs] 
2018-04-15T10:24:48.640+0800: 205247.636: [GC (Allocation Failure) 2018-04-15T10:24:48.640+0800: 205247.636: [ParNew: 11842522K->93039K(13212096K), 0.6319649 secs] 80972154K->69225016K(187275712K), 0.6323983 secs] [Times: user=3.11 sys=1.89, real=0.64 secs] 
2018-04-15T10:25:17.684+0800: 205276.680: [GC (Allocation Failure) 2018-04-15T10:25:17.685+0800: 205276.681: [ParNew: 11837167K->86045K(13212096K), 0.6732271 secs] 80969144K->69222254K(187275712K), 0.6736273 secs] [Times: user=4.04 sys=1.31, real=0.67 secs] 
2018-04-15T10:25:44.645+0800: 205303.641: [GC (Allocation Failure) 2018-04-15T10:25:44.645+0800: 205303.641: [ParNew: 11830173K->84794K(13212096K), 0.6496393 secs] 80966382K->69224830K(187275712K), 0.6500739 secs] [Times: user=3.69 sys=1.45, real=0.65 secs] 
2018-04-15T10:26:06.152+0800: 205325.148: [GC (Allocation Failure) 2018-04-15T10:26:06.153+0800: 205325.149: [ParNew: 11828922K->83563K(13212096K), 0.5621808 secs] 80968958K->69225727K(187275712K), 0.5626010 secs] [Times: user=3.86 sys=0.62, real=0.56 secs] 
2018-04-15T10:26:22.489+0800: 205341.485: [GC (Allocation Failure) 2018-04-15T10:26:22.489+0800: 205341.485: [ParNew: 11827691K->89514K(13212096K), 0.4919869 secs] 80969855K->69234837K(187275712K), 0.4924179 secs] [Times: user=2.57 sys=1.34, real=0.50 secs] 
2018-04-15T10:26:35.295+0800: 205354.291: [GC (Allocation Failure) 2018-04-15T10:26:35.295+0800: 205354.291: [ParNew: 11833642K->83246K(13212096K), 0.5147442 secs] 80978965K->69231564K(187275712K), 0.5151626 secs] [Times: user=3.78 sys=0.30, real=0.51 secs] 
2018-04-15T10:26:44.718+0800: 205363.714: [GC (Allocation Failure) 2018-04-15T10:26:44.718+0800: 205363.714: [ParNew: 11827374K->63274K(13212096K), 0.6138452 secs] 80975692K->69215404K(187275712K), 0.6143135 secs] [Times: user=3.20 sys=1.64, real=0.62 secs] 
2018-04-15T10:26:54.583+0800: 205373.579: [GC (Allocation Failure) 2018-04-15T10:26:54.583+0800: 205373.579: [ParNew: 11807402K->84447K(13212096K), 0.4998508 secs] 80959532K->69242998K(187275712K), 0.5002826 secs] [Times: user=3.82 sys=0.15, real=0.50 secs] 
2018-04-15T10:27:02.941+0800: 205381.937: [GC (Allocation Failure) 2018-04-15T10:27:02.942+0800: 205381.938: [ParNew: 11828575K->78845K(13212096K), 0.4930591 secs] 80987126K->69240242K(187275712K), 0.4934780 secs] [Times: user=3.72 sys=0.18, real=0.49 secs] 
2018-04-15T10:27:10.330+0800: 205389.327: [GC (Allocation Failure) 2018-04-15T10:27:10.331+0800: 205389.327: [ParNew: 11822973K->96938K(13212096K), 0.4634210 secs] 80984370K->69260974K(187275712K), 0.4638477 secs] [Times: user=3.61 sys=0.08, real=0.47 secs] 
2018-04-15T10:27:16.308+0800: 205395.304: [GC (Allocation Failure) 2018-04-15T10:27:16.308+0800: 205395.304: [ParNew: 11841066K->109958K(13212096K), 0.4659143 secs] 81005102K->69276055K(187275712K), 0.4663339 secs] [Times: user=3.69 sys=0.01, real=0.47 secs] 
2018-04-15T10:27:21.978+0800: 205400.974: [GC (Allocation Failure) 2018-04-15T10:27:21.978+0800: 205400.974: [ParNew: 11854086K->128648K(13212096K), 0.4400398 secs] 81020183K->69296569K(187275712K), 0.4404699 secs] [Times: user=3.51 sys=0.00, real=0.44 secs] 
2018-04-15T10:27:28.020+0800: 205407.016: [GC (Allocation Failure) 2018-04-15T10:27:28.020+0800: 205407.016: [ParNew: 11872776K->134198K(13212096K), 0.4796091 secs] 81040697K->69303748K(187275712K), 0.4803509 secs] [Times: user=3.81 sys=0.00, real=0.48 secs] 
2018-04-15T10:27:35.640+0800: 205414.636: [GC (Allocation Failure) 2018-04-15T10:27:35.640+0800: 205414.636: [ParNew: 11878326K->148307K(13212096K), 0.5946842 secs] 81047876K->69320182K(187275712K), 0.5951135 secs] [Times: user=3.04 sys=1.68, real=0.60 secs] 
2018-04-15T10:27:47.550+0800: 205426.546: [GC (Allocation Failure) 2018-04-15T10:27:47.550+0800: 205426.546: [ParNew: 11892435K->103798K(13212096K), 0.4734597 secs] 81064310K->69277378K(187275712K), 0.4738775 secs] [Times: user=3.60 sys=0.16, real=0.48 secs] 
2018-04-15T10:28:12.691+0800: 205451.687: [GC (Allocation Failure) 2018-04-15T10:28:12.691+0800: 205451.687: [ParNew: 11847926K->81025K(13212096K), 0.5271161 secs] 81021506K->69259553K(187275712K), 0.5275395 secs] [Times: user=3.52 sys=0.67, real=0.53 secs] 
2018-04-15T10:28:41.860+0800: 205480.856: [GC (Allocation Failure) 2018-04-15T10:28:41.860+0800: 205480.856: [ParNew: 11825153K->120040K(13212096K), 0.6465334 secs] 81003681K->69300725K(187275712K), 0.6469700 secs] [Times: user=3.19 sys=1.92, real=0.65 secs] 
2018-04-15T10:28:57.666+0800: 205496.662: [GC (Allocation Failure) 2018-04-15T10:28:57.666+0800: 205496.662: [ParNew: 11864168K->122566K(13212096K), 0.5617937 secs] 81044853K->69304913K(187275712K), 0.5622141 secs] [Times: user=3.94 sys=0.52, real=0.56 secs] 
2018-04-15T10:29:07.641+0800: 205506.637: [GC (Allocation Failure) 2018-04-15T10:29:07.641+0800: 205506.637: [ParNew: 11866694K->132085K(13212096K), 0.4740997 secs] 81049041K->69316673K(187275712K), 0.4745183 secs] [Times: user=3.62 sys=0.15, real=0.48 secs] 
2018-04-15T10:29:16.347+0800: 205515.343: [GC (Allocation Failure) 2018-04-15T10:29:16.347+0800: 205515.343: [ParNew: 11876213K->127511K(13212096K), 0.4542921 secs] 81060801K->69315350K(187275712K), 0.4547157 secs] [Times: user=3.61 sys=0.00, real=0.46 secs] 
2018-04-15T10:29:31.545+0800: 205530.541: [GC (Allocation Failure) 2018-04-15T10:29:31.545+0800: 205530.541: [ParNew: 11871639K->157033K(13212096K), 0.5919021 secs] 81059478K->69348123K(187275712K), 0.5923251 secs] [Times: user=4.35 sys=0.35, real=0.59 secs] 
2018-04-15T10:29:42.965+0800: 205541.961: [GC (Allocation Failure) 2018-04-15T10:29:42.966+0800: 205541.962: [ParNew: 11901161K->181079K(13212096K), 0.5863735 secs] 81092251K->69380081K(187275712K), 0.5867958 secs] [Times: user=3.30 sys=1.32, real=0.59 secs] 
2018-04-15T10:29:54.548+0800: 205553.544: [GC (Allocation Failure) 2018-04-15T10:29:54.549+0800: 205553.545: [ParNew: 11925207K->171269K(13212096K), 0.5104891 secs] 81124209K->69377351K(187275712K), 0.5109179 secs] [Times: user=3.59 sys=0.44, real=0.51 secs] 
2018-04-15T10:30:05.526+0800: 205564.522: [GC (Allocation Failure) 2018-04-15T10:30:05.526+0800: 205564.522: [ParNew: 11915397K->188061K(13212096K), 0.5233774 secs] 81121479K->69398008K(187275712K), 0.5237955 secs] [Times: user=3.88 sys=0.28, real=0.52 secs] 
2018-04-15T10:30:20.392+0800: 205579.388: [GC (Allocation Failure) 2018-04-15T10:30:20.392+0800: 205579.388: [ParNew: 11932189K->185066K(13212096K), 0.5020870 secs] 81142136K->69396249K(187275712K), 0.5025173 secs] [Times: user=3.81 sys=0.19, real=0.50 secs] 
2018-04-15T10:30:47.002+0800: 205605.998: [GC (Allocation Failure) 2018-04-15T10:30:47.003+0800: 205605.999: [ParNew: 11929194K->141393K(13212096K), 0.6408594 secs] 81140377K->69356375K(187275712K), 0.6412903 secs] [Times: user=3.52 sys=1.55, real=0.64 secs] 
2018-04-15T10:31:16.252+0800: 205635.248: [GC (Allocation Failure) 2018-04-15T10:31:16.252+0800: 205635.248: [ParNew: 11885521K->105658K(13212096K), 0.5451060 secs] 81100503K->69324156K(187275712K), 0.5455261 secs] [Times: user=3.78 sys=0.55, real=0.54 secs] 
2018-04-15T10:31:49.621+0800: 205668.617: [GC (Allocation Failure) 2018-04-15T10:31:49.621+0800: 205668.617: [ParNew: 11849786K->112462K(13212096K), 0.6017995 secs] 81068284K->69337090K(187275712K), 0.6022500 secs] [Times: user=3.74 sys=1.02, real=0.61 secs] 
2018-04-15T10:32:42.835+0800: 205721.831: [GC (Allocation Failure) 2018-04-15T10:32:42.835+0800: 205721.831: [ParNew: 11856590K->131958K(13212096K), 0.6919897 secs] 81081218K->69361160K(187275712K), 0.6924146 secs] [Times: user=5.14 sys=0.37, real=0.69 secs] 
2018-04-15T10:33:15.215+0800: 205754.211: [GC (Allocation Failure) 2018-04-15T10:33:15.215+0800: 205754.211: [ParNew: 11876086K->138246K(13212096K), 0.6435538 secs] 81105288K->69372203K(187275712K), 0.6439948 secs] [Times: user=3.55 sys=1.55, real=0.64 secs] 
2018-04-15T10:33:46.402+0800: 205785.398: [GC (Allocation Failure) 2018-04-15T10:33:46.402+0800: 205785.398: [ParNew: 11882374K->131563K(13212096K), 0.5787616 secs] 81116331K->69371219K(187275712K), 0.5791975 secs] [Times: user=3.84 sys=0.76, real=0.58 secs] 
2018-04-15T10:36:07.904+0800: 205926.900: [GC (Allocation Failure) 2018-04-15T10:36:07.904+0800: 205926.900: [ParNew: 11875691K->116456K(13212096K), 0.9035090 secs] 81115347K->69360735K(187275712K), 0.9039418 secs] [Times: user=5.18 sys=1.98, real=0.90 secs] 
2018-04-15T10:38:28.919+0800: 206067.915: [GC (Allocation Failure) 2018-04-15T10:38:28.920+0800: 206067.916: [ParNew: 11860584K->106528K(13212096K), 0.8939798 secs] 81104863K->69362243K(187275712K), 0.8944027 secs] [Times: user=5.89 sys=1.19, real=0.90 secs] 
2018-04-15T10:40:49.318+0800: 206208.314: [GC (Allocation Failure) 2018-04-15T10:40:49.318+0800: 206208.314: [ParNew: 11850656K->155450K(13212096K), 1.1596305 secs] 81106371K->69414034K(187275712K), 1.1600739 secs] [Times: user=5.87 sys=3.34, real=1.16 secs] 
2018-04-15T10:41:57.336+0800: 206276.333: [GC (Allocation Failure) 2018-04-15T10:41:57.337+0800: 206276.333: [ParNew: 11899578K->137756K(13212096K), 0.9776639 secs] 81158162K->69401892K(187275712K), 0.9780944 secs] [Times: user=5.34 sys=2.42, real=0.98 secs] 
2018-04-15T10:43:12.952+0800: 206351.948: [GC (Allocation Failure) 2018-04-15T10:43:12.952+0800: 206351.949: [ParNew: 11881884K->180853K(13212096K), 0.8421869 secs] 81146020K->69448598K(187275712K), 0.8426254 secs] [Times: user=5.20 sys=1.45, real=0.84 secs] 
2018-04-15T10:44:49.629+0800: 206448.625: [GC (Allocation Failure) 2018-04-15T10:44:49.629+0800: 206448.625: [ParNew: 11924981K->178239K(13212096K), 0.8014599 secs] 81192726K->69449747K(187275712K), 0.8018956 secs] [Times: user=4.93 sys=1.34, real=0.80 secs] 
2018-04-15T10:45:08.910+0800: 206467.906: [GC (Allocation Failure) 2018-04-15T10:45:08.910+0800: 206467.906: [ParNew: 11922367K->174441K(13212096K), 0.5466421 secs] 81193875K->69457500K(187275712K), 0.5470580 secs] [Times: user=3.82 sys=0.50, real=0.55 secs] 
2018-04-15T10:45:24.697+0800: 206483.693: [GC (Allocation Failure) 2018-04-15T10:45:24.697+0800: 206483.693: [ParNew: 11918569K->123705K(13212096K), 0.5334477 secs] 81201628K->69417792K(187275712K), 0.5338474 secs] [Times: user=3.73 sys=0.50, real=0.54 secs] 
2018-04-15T10:45:41.349+0800: 206500.345: [GC (Allocation Failure) 2018-04-15T10:45:41.349+0800: 206500.345: [ParNew: 11867833K->142629K(13212096K), 0.5221272 secs] 81161920K->69448745K(187275712K), 0.5225390 secs] [Times: user=3.93 sys=0.22, real=0.53 secs] 
2018-04-15T10:45:56.520+0800: 206515.516: [GC (Allocation Failure) 2018-04-15T10:45:56.520+0800: 206515.516: [ParNew: 11886757K->152005K(13212096K), 0.6189470 secs] 81192873K->69472800K(187275712K), 0.6193719 secs] [Times: user=3.40 sys=1.48, real=0.62 secs] 
2018-04-15T10:46:42.582+0800: 206561.578: [GC (Allocation Failure) 2018-04-15T10:46:42.582+0800: 206561.578: [ParNew: 11896133K->87702K(13212096K), 0.8478436 secs] 81216928K->69419977K(187275712K), 0.8482495 secs] [Times: user=4.81 sys=1.90, real=0.84 secs] 
2018-04-15T10:47:17.857+0800: 206596.853: [GC (Allocation Failure) 2018-04-15T10:47:17.857+0800: 206596.853: [ParNew: 11831830K->109876K(13212096K), 0.6560114 secs] 81164105K->69452461K(187275712K), 0.6564811 secs] [Times: user=3.48 sys=1.65, real=0.66 secs] 
2018-04-15T10:48:10.798+0800: 206649.794: [GC (Allocation Failure) 2018-04-15T10:48:10.798+0800: 206649.794: [ParNew: 11854004K->116919K(13212096K), 0.7637189 secs] 81196589K->69463086K(187275712K), 0.7641343 secs] [Times: user=5.26 sys=0.77, real=0.77 secs] 
2018-04-15T10:49:04.259+0800: 206703.255: [GC (Allocation Failure) 2018-04-15T10:49:04.259+0800: 206703.255: [ParNew: 11861047K->101499K(13212096K), 0.5791231 secs] 81207214K->69448840K(187275712K), 0.5795292 secs] [Times: user=4.16 sys=0.44, real=0.58 secs] 
2018-04-15T10:50:25.027+0800: 206784.023: [GC (Allocation Failure) 2018-04-15T10:50:25.027+0800: 206784.023: [ParNew: 11845627K->141003K(13212096K), 1.0447672 secs] 81192968K->69490194K(187275712K), 1.0451756 secs] [Times: user=6.08 sys=2.20, real=1.05 secs] 
2018-04-15T10:50:42.974+0800: 206801.970: [GC (Allocation Failure) 2018-04-15T10:50:42.974+0800: 206801.970: [ParNew: 11885131K->155855K(13212096K), 0.5499981 secs] 81234322K->69507017K(187275712K), 0.5504064 secs] [Times: user=3.99 sys=0.38, real=0.55 secs] 
2018-04-15T10:51:49.032+0800: 206868.028: [GC (Allocation Failure) 2018-04-15T10:51:49.032+0800: 206868.028: [ParNew: 11899983K->115368K(13212096K), 0.8105385 secs] 81251145K->69469050K(187275712K), 0.8109679 secs] [Times: user=4.43 sys=2.01, real=0.81 secs] 
2018-04-15T10:52:49.877+0800: 206928.873: [GC (Allocation Failure) 2018-04-15T10:52:49.878+0800: 206928.874: [ParNew: 11859496K->94030K(13212096K), 0.8209081 secs] 81213178K->69451239K(187275712K), 0.8212799 secs] [Times: user=5.93 sys=0.61, real=0.82 secs] 
2018-04-15T10:53:01.418+0800: 206940.414: [GC (Allocation Failure) 2018-04-15T10:53:01.419+0800: 206940.415: [ParNew: 11838158K->87837K(13212096K), 0.5039512 secs] 81195367K->69456555K(187275712K), 0.5043578 secs] [Times: user=3.78 sys=0.21, real=0.51 secs] 
2018-04-15T10:53:13.801+0800: 206952.797: [GC (Allocation Failure) 2018-04-15T10:53:13.801+0800: 206952.797: [ParNew: 11831965K->67733K(13212096K), 0.5864335 secs] 81200683K->69447464K(187275712K), 0.5868501 secs] [Times: user=3.02 sys=1.61, real=0.58 secs] 
2018-04-15T10:53:24.353+0800: 206963.349: [GC (Allocation Failure) 2018-04-15T10:53:24.353+0800: 206963.349: [ParNew: 11811861K->61563K(13212096K), 0.4660688 secs] 81191592K->69450419K(187275712K), 0.4664863 secs] [Times: user=3.58 sys=0.11, real=0.46 secs] 
2018-04-15T10:53:40.973+0800: 206979.969: [GC (Allocation Failure) 2018-04-15T10:53:40.973+0800: 206979.969: [ParNew: 11805691K->50745K(13212096K), 0.5297646 secs] 81194547K->69450516K(187275712K), 0.5301622 secs] [Times: user=3.63 sys=0.57, real=0.53 secs] 
2018-04-15T10:54:39.585+0800: 207038.581: [GC (Allocation Failure) 2018-04-15T10:54:39.585+0800: 207038.581: [ParNew: 11794873K->30005K(13212096K), 0.8162459 secs] 81194644K->69435391K(187275712K), 0.8166686 secs] [Times: user=5.16 sys=1.30, real=0.82 secs] 
2018-04-15T10:56:07.101+0800: 207126.097: [GC (Allocation Failure) 2018-04-15T10:56:07.101+0800: 207126.097: [ParNew: 11774133K->55260K(13212096K), 0.9271508 secs] 81179519K->69462419K(187275712K), 0.9275673 secs] [Times: user=5.92 sys=1.41, real=0.93 secs] 
2018-04-15T10:56:27.708+0800: 207146.704: [GC (Allocation Failure) 2018-04-15T10:56:27.708+0800: 207146.704: [ParNew: 11799388K->75236K(13212096K), 0.6286941 secs] 81206547K->69482955K(187275712K), 0.6291149 secs] [Times: user=3.28 sys=1.69, real=0.63 secs] 
2018-04-15T10:56:45.039+0800: 207164.035: [GC (Allocation Failure) 2018-04-15T10:56:45.039+0800: 207164.035: [ParNew: 11819364K->81769K(13212096K), 0.4568214 secs] 81227083K->69489702K(187275712K), 0.4572341 secs] [Times: user=3.63 sys=0.00, real=0.46 secs] 
2018-04-15T10:57:06.766+0800: 207185.762: [GC (Allocation Failure) 2018-04-15T10:57:06.766+0800: 207185.762: [ParNew: 11825897K->55890K(13212096K), 0.5386364 secs] 81233830K->69464075K(187275712K), 0.5390390 secs] [Times: user=3.81 sys=0.49, real=0.54 secs] 
2018-04-15T10:57:17.093+0800: 207196.089: [GC (Allocation Failure) 2018-04-15T10:57:17.093+0800: 207196.089: [ParNew: 11800018K->49998K(13212096K), 0.4229350 secs] 81208203K->69459139K(187275712K), 0.4233372 secs] [Times: user=2.34 sys=1.03, real=0.42 secs] 
2018-04-15T10:57:29.115+0800: 207208.112: [GC (Allocation Failure) 2018-04-15T10:57:29.116+0800: 207208.112: [ParNew: 11794126K->59264K(13212096K), 0.6375273 secs] 81203267K->69470785K(187275712K), 0.6379331 secs] [Times: user=3.91 sys=1.15, real=0.64 secs] 
2018-04-15T10:57:44.568+0800: 207223.564: [GC (Allocation Failure) 2018-04-15T10:57:44.568+0800: 207223.564: [ParNew: 11803392K->52532K(13212096K), 0.4695113 secs] 81214913K->69473364K(187275712K), 0.4699008 secs] [Times: user=3.67 sys=0.04, real=0.47 secs] 
2018-04-15T10:58:16.702+0800: 207255.698: [GC (Allocation Failure) 2018-04-15T10:58:16.702+0800: 207255.698: [ParNew: 11796660K->50670K(13212096K), 0.5646669 secs] 81217492K->69475229K(187275712K), 0.5650773 secs] [Times: user=3.71 sys=0.79, real=0.56 secs] 
2018-04-15T10:58:37.824+0800: 207276.820: [GC (Allocation Failure) 2018-04-15T10:58:37.824+0800: 207276.820: [ParNew: 11794798K->48124K(13212096K), 0.6881125 secs] 81219357K->69473053K(187275712K), 0.6885304 secs] [Times: user=4.78 sys=0.68, real=0.69 secs] 
2018-04-15T10:59:59.097+0800: 207358.093: [GC (Allocation Failure) 2018-04-15T10:59:59.097+0800: 207358.093: [ParNew: 11792252K->54788K(13212096K), 0.6414101 secs] 81217181K->69480751K(187275712K), 0.6418060 secs] [Times: user=3.66 sys=1.42, real=0.64 secs] 
2018-04-15T11:00:44.973+0800: 207403.969: [GC (Allocation Failure) 2018-04-15T11:00:44.973+0800: 207403.969: [ParNew: 11798916K->71476K(13212096K), 0.7115532 secs] 81224879K->69497658K(187275712K), 0.7119688 secs] [Times: user=3.94 sys=1.67, real=0.71 secs] 
2018-04-15T11:00:59.833+0800: 207418.829: [GC (Allocation Failure) 2018-04-15T11:00:59.833+0800: 207418.829: [ParNew: 11815604K->74724K(13212096K), 0.5309737 secs] 81241786K->69501434K(187275712K), 0.5313824 secs] [Times: user=3.56 sys=0.68, real=0.53 secs] 
2018-04-15T11:01:11.276+0800: 207430.272: [GC (Allocation Failure) 2018-04-15T11:01:11.276+0800: 207430.272: [ParNew: 11818852K->80991K(13212096K), 0.4481343 secs] 81245562K->69509153K(187275712K), 0.4485296 secs] [Times: user=2.42 sys=1.14, real=0.45 secs] 
2018-04-15T11:01:26.296+0800: 207445.292: [GC (Allocation Failure) 2018-04-15T11:01:26.296+0800: 207445.293: [ParNew: 11825119K->89436K(13212096K), 0.4437844 secs] 81253281K->69519342K(187275712K), 0.4441863 secs] [Times: user=3.51 sys=0.03, real=0.44 secs] 
2018-04-15T11:01:40.156+0800: 207459.152: [GC (Allocation Failure) 2018-04-15T11:01:40.157+0800: 207459.153: [ParNew: 11833564K->72213K(13212096K), 0.6035967 secs] 81263470K->69512265K(187275712K), 0.6040111 secs] [Times: user=3.44 sys=1.30, real=0.60 secs] 
2018-04-15T11:01:52.599+0800: 207471.595: [GC (Allocation Failure) 2018-04-15T11:01:52.599+0800: 207471.595: [ParNew: 11816341K->67329K(13212096K), 0.4571269 secs] 81256393K->69512902K(187275712K), 0.4575424 secs] [Times: user=3.37 sys=0.25, real=0.46 secs] 
2018-04-15T11:02:08.418+0800: 207487.414: [GC (Allocation Failure) 2018-04-15T11:02:08.418+0800: 207487.414: [ParNew: 11811457K->73833K(13212096K), 0.6221795 secs] 81257030K->69528438K(187275712K), 0.6225860 secs] [Times: user=4.21 sys=0.73, real=0.62 secs] 
2018-04-15T11:02:26.483+0800: 207505.479: [GC (Allocation Failure) 2018-04-15T11:02:26.483+0800: 207505.479: [ParNew: 11817961K->80904K(13212096K), 0.4759961 secs] 81272566K->69537067K(187275712K), 0.4764006 secs] [Times: user=3.75 sys=0.03, real=0.47 secs] 
2018-04-15T11:02:43.062+0800: 207522.058: [GC (Allocation Failure) 2018-04-15T11:02:43.062+0800: 207522.058: [ParNew: 11825032K->51853K(13212096K), 0.6087670 secs] 81281195K->69508562K(187275712K), 0.6091746 secs] [Times: user=4.06 sys=0.77, real=0.60 secs] 
2018-04-15T11:02:49.659+0800: 207528.655: [GC (Allocation Failure) 2018-04-15T11:02:49.659+0800: 207528.655: [ParNew: 11795981K->51192K(13212096K), 0.4432944 secs] 81252690K->69510193K(187275712K), 0.4436962 secs] [Times: user=2.49 sys=1.03, real=0.45 secs] 
2018-04-15T11:02:58.004+0800: 207537.000: [GC (Allocation Failure) 2018-04-15T11:02:58.005+0800: 207537.001: [ParNew: 11795320K->33615K(13212096K), 0.4449823 secs] 81254321K->69494244K(187275712K), 0.4453863 secs] [Times: user=3.39 sys=0.15, real=0.44 secs] 
2018-04-15T11:03:23.894+0800: 207562.890: [GC (Allocation Failure) 2018-04-15T11:03:23.894+0800: 207562.891: [ParNew: 11777743K->47050K(13212096K), 0.5523712 secs] 81238372K->69509502K(187275712K), 0.5527810 secs] [Times: user=3.70 sys=0.70, real=0.55 secs] 
2018-04-15T11:03:47.414+0800: 207586.410: [GC (Allocation Failure) 2018-04-15T11:03:47.414+0800: 207586.410: [ParNew: 11791178K->75936K(13212096K), 0.5935934 secs] 81253630K->69539754K(187275712K), 0.5940052 secs] [Times: user=3.05 sys=1.64, real=0.59 secs] 
2018-04-15T11:04:04.773+0800: 207603.769: [GC (Allocation Failure) 2018-04-15T11:04:04.774+0800: 207603.770: [ParNew: 11820064K->90229K(13212096K), 0.5148449 secs] 81283882K->69554645K(187275712K), 0.5152450 secs] [Times: user=2.64 sys=1.46, real=0.51 secs] 
2018-04-15T11:04:14.941+0800: 207613.937: [GC (Allocation Failure) 2018-04-15T11:04:14.941+0800: 207613.937: [ParNew: 11834357K->95174K(13212096K), 0.4581981 secs] 81298773K->69563549K(187275712K), 0.4585980 secs] [Times: user=3.57 sys=0.07, real=0.46 secs] 
2018-04-15T11:04:24.878+0800: 207623.874: [GC (Allocation Failure) 2018-04-15T11:04:24.878+0800: 207623.874: [ParNew: 11839302K->83918K(13212096K), 0.4439904 secs] 81307677K->69552516K(187275712K), 0.4443985 secs] [Times: user=3.54 sys=0.00, real=0.45 secs] 
2018-04-15T11:04:32.244+0800: 207631.240: [GC (Allocation Failure) 2018-04-15T11:04:32.244+0800: 207631.240: [ParNew: 11828046K->55233K(13212096K), 0.5831174 secs] 81296644K->69524187K(187275712K), 0.5835331 secs] [Times: user=2.92 sys=1.71, real=0.58 secs] 
2018-04-15T11:04:44.373+0800: 207643.369: [GC (Allocation Failure) 2018-04-15T11:04:44.374+0800: 207643.370: [ParNew: 11799361K->70091K(13212096K), 0.4464210 secs] 81268315K->69541586K(187275712K), 0.4468231 secs] [Times: user=3.55 sys=0.00, real=0.44 secs] 
2018-04-15T11:05:41.068+0800: 207700.064: [GC (Allocation Failure) 2018-04-15T11:05:41.068+0800: 207700.064: [ParNew: 11814219K->70900K(13212096K), 0.6592037 secs] 81285714K->69545278K(187275712K), 0.6596005 secs] [Times: user=4.09 sys=1.16, real=0.66 secs] 
2018-04-15T11:06:23.647+0800: 207742.643: [GC (Allocation Failure) 2018-04-15T11:06:23.647+0800: 207742.643: [ParNew: 11815028K->76593K(13212096K), 0.6832230 secs] 81289406K->69552428K(187275712K), 0.6836562 secs] [Times: user=3.72 sys=1.69, real=0.68 secs] 
2018-04-15T11:06:36.995+0800: 207755.991: [GC (Allocation Failure) 2018-04-15T11:06:36.996+0800: 207755.992: [ParNew: 11820721K->66928K(13212096K), 0.5622196 secs] 81296556K->69548026K(187275712K), 0.5626154 secs] [Times: user=3.76 sys=0.71, real=0.56 secs] 
2018-04-15T11:06:47.226+0800: 207766.222: [GC (Allocation Failure) 2018-04-15T11:06:47.226+0800: 207766.222: [ParNew: 11811056K->66191K(13212096K), 0.4156368 secs] 81292154K->69548653K(187275712K), 0.4160349 secs] [Times: user=3.29 sys=0.02, real=0.42 secs] 
2018-04-15T11:06:57.722+0800: 207776.718: [GC (Allocation Failure) 2018-04-15T11:06:57.722+0800: 207776.718: [ParNew: 11810319K->64316K(13212096K), 0.4242957 secs] 81292781K->69547171K(187275712K), 0.4247065 secs] [Times: user=3.36 sys=0.03, real=0.42 secs] 
2018-04-15T11:07:24.813+0800: 207803.809: [GC (Allocation Failure) 2018-04-15T11:07:24.813+0800: 207803.809: [ParNew: 11808444K->73044K(13212096K), 0.5979623 secs] 81291299K->69556567K(187275712K), 0.5983885 secs] [Times: user=3.18 sys=1.56, real=0.60 secs] 
2018-04-15T11:07:55.415+0800: 207834.411: [GC (Allocation Failure) 2018-04-15T11:07:55.415+0800: 207834.411: [ParNew: 11817172K->83039K(13212096K), 0.6582147 secs] 81300695K->69579016K(187275712K), 0.6586355 secs] [Times: user=3.95 sys=1.25, real=0.66 secs] 
2018-04-15T11:09:10.352+0800: 207909.349: [GC (Allocation Failure) 2018-04-15T11:09:10.353+0800: 207909.349: [ParNew: 11827167K->81396K(13212096K), 0.6632592 secs] 81323144K->69582630K(187275712K), 0.6636843 secs] [Times: user=3.54 sys=1.68, real=0.66 secs] 
2018-04-15T11:10:07.478+0800: 207966.474: [GC (Allocation Failure) 2018-04-15T11:10:07.478+0800: 207966.474: [ParNew: 11825524K->91370K(13212096K), 0.5939831 secs] 81326758K->69593866K(187275712K), 0.5943519 secs] [Times: user=3.81 sys=0.92, real=0.60 secs] 
2018-04-15T11:11:00.089+0800: 208019.085: [GC (Allocation Failure) 2018-04-15T11:11:00.089+0800: 208019.085: [ParNew: 11835498K->140842K(13212096K), 0.7028879 secs] 81337994K->69644144K(187275712K), 0.7033196 secs] [Times: user=4.65 sys=0.91, real=0.71 secs] 
2018-04-15T11:12:14.181+0800: 208093.177: [GC (Allocation Failure) 2018-04-15T11:12:14.181+0800: 208093.177: [ParNew: 11884970K->176595K(13212096K), 0.6234241 secs] 81388272K->69680387K(187275712K), 0.6238352 secs] [Times: user=4.05 sys=0.88, real=0.63 secs] 
2018-04-15T11:12:32.724+0800: 208111.720: [GC (Allocation Failure) 2018-04-15T11:12:32.724+0800: 208111.720: [ParNew: 11920723K->203524K(13212096K), 0.5322645 secs] 81424515K->69711271K(187275712K), 0.5326737 secs] [Times: user=3.97 sys=0.26, real=0.53 secs] 
2018-04-15T11:12:45.944+0800: 208124.940: [GC (Allocation Failure) 2018-04-15T11:12:45.944+0800: 208124.940: [ParNew: 11947652K->203533K(13212096K), 0.5606657 secs] 81455399K->69714679K(187275712K), 0.5610803 secs] [Times: user=3.42 sys=1.03, real=0.56 secs] 
2018-04-15T11:13:08.000+0800: 208146.996: [GC (Allocation Failure) 2018-04-15T11:13:08.000+0800: 208146.996: [ParNew: 11947661K->142788K(13212096K), 0.6008697 secs] 81458807K->69662355K(187275712K), 0.6012717 secs] [Times: user=3.97 sys=0.80, real=0.61 secs] 
2018-04-15T11:13:31.860+0800: 208170.856: [GC (Allocation Failure) 2018-04-15T11:13:31.860+0800: 208170.856: [ParNew: 11886916K->94468K(13212096K), 0.4745457 secs] 81406483K->69625188K(187275712K), 0.4749536 secs] [Times: user=3.53 sys=0.24, real=0.48 secs] 
2018-04-15T11:13:48.979+0800: 208187.975: [GC (Allocation Failure) 2018-04-15T11:13:48.980+0800: 208187.976: [ParNew: 11838596K->94226K(13212096K), 0.5615945 secs] 81369316K->69644288K(187275712K), 0.5620111 secs] [Times: user=3.32 sys=1.12, real=0.57 secs] 
2018-04-15T11:15:44.215+0800: 208303.211: [GC (Allocation Failure) 2018-04-15T11:15:44.215+0800: 208303.211: [ParNew: 11838354K->45637K(13212096K), 0.9002034 secs] 81388416K->69607013K(187275712K), 0.9006242 secs] [Times: user=5.30 sys=1.79, real=0.90 secs] 
2018-04-15T11:19:35.596+0800: 208534.592: [GC (Allocation Failure) 2018-04-15T11:19:35.596+0800: 208534.592: [ParNew: 11789765K->64320K(13212096K), 1.2493894 secs] 81351141K->69627364K(187275712K), 1.2498245 secs] [Times: user=5.75 sys=4.18, real=1.25 secs] 
2018-04-15T11:21:05.194+0800: 208624.190: [GC (Allocation Failure) 2018-04-15T11:21:05.194+0800: 208624.190: [ParNew: 11808448K->92553K(13212096K), 0.8209542 secs] 81371492K->69657644K(187275712K), 0.8213854 secs] [Times: user=4.41 sys=2.06, real=0.82 secs] 
2018-04-15T11:22:53.383+0800: 208732.379: [GC (Allocation Failure) 2018-04-15T11:22:53.384+0800: 208732.380: [ParNew: 11836681K->102913K(13212096K), 0.8869770 secs] 81401772K->69668766K(187275712K), 0.8873324 secs] [Times: user=4.92 sys=2.13, real=0.88 secs] 
2018-04-15T11:24:33.582+0800: 208832.578: [GC (Allocation Failure) 2018-04-15T11:24:33.582+0800: 208832.578: [ParNew: 11847041K->119108K(13212096K), 0.9326548 secs] 81412894K->69685449K(187275712K), 0.9330303 secs] [Times: user=4.03 sys=3.36, real=0.93 secs] 
2018-04-15T11:24:49.871+0800: 208848.867: [GC (Allocation Failure) 2018-04-15T11:24:49.871+0800: 208848.867: [ParNew: 11863236K->128796K(13212096K), 0.4979509 secs] 81429577K->69695369K(187275712K), 0.4983131 secs] [Times: user=3.73 sys=0.23, real=0.50 secs] 
2018-04-15T11:25:04.203+0800: 208863.199: [GC (Allocation Failure) 2018-04-15T11:25:04.204+0800: 208863.200: [ParNew: 11872924K->148230K(13212096K), 0.6008996 secs] 81439497K->69718465K(187275712K), 0.6013188 secs] [Times: user=3.41 sys=1.35, real=0.60 secs] 
2018-04-15T11:25:24.962+0800: 208883.958: [GC (Allocation Failure) 2018-04-15T11:25:24.962+0800: 208883.958: [ParNew: 11892358K->153309K(13212096K), 0.7061839 secs] 81462593K->69734631K(187275712K), 0.7066016 secs] [Times: user=5.18 sys=0.42, real=0.70 secs] 
2018-04-15T11:25:39.727+0800: 208898.723: [GC (Allocation Failure) 2018-04-15T11:25:39.727+0800: 208898.723: [ParNew: 11897437K->116458K(13212096K), 0.5917319 secs] 81478759K->69707077K(187275712K), 0.5921530 secs] [Times: user=4.08 sys=0.62, real=0.59 secs] 
2018-04-15T11:25:55.786+0800: 208914.782: [GC (Allocation Failure) 2018-04-15T11:25:55.786+0800: 208914.782: [ParNew: 11860586K->119884K(13212096K), 0.6253008 secs] 81451205K->69722876K(187275712K), 0.6257287 secs] [Times: user=4.28 sys=0.64, real=0.63 secs] 
2018-04-15T11:26:21.892+0800: 208940.888: [GC (Allocation Failure) 2018-04-15T11:26:21.892+0800: 208940.888: [ParNew: 11864012K->103671K(13212096K), 0.6897862 secs] 81467004K->69711765K(187275712K), 0.6901989 secs] [Times: user=4.11 sys=1.35, real=0.69 secs] 
2018-04-15T11:27:40.358+0800: 209019.354: [GC (Allocation Failure) 2018-04-15T11:27:40.358+0800: 209019.354: [ParNew: 11847799K->107236K(13212096K), 0.7839730 secs] 81455893K->69717468K(187275712K), 0.7844026 secs] [Times: user=4.76 sys=1.37, real=0.79 secs] 
2018-04-15T11:28:32.706+0800: 209071.702: [GC (Allocation Failure) 2018-04-15T11:28:32.706+0800: 209071.702: [ParNew: 11851364K->140634K(13212096K), 0.6657839 secs] 81461596K->69756235K(187275712K), 0.6662037 secs] [Times: user=4.00 sys=1.30, real=0.67 secs] 
2018-04-15T11:29:51.027+0800: 209150.023: [GC (Allocation Failure) 2018-04-15T11:29:51.027+0800: 209150.023: [ParNew: 11884762K->117007K(13212096K), 0.7088570 secs] 81500363K->69736385K(187275712K), 0.7092749 secs] [Times: user=3.50 sys=2.04, real=0.71 secs] 
2018-04-15T11:30:40.112+0800: 209199.108: [GC (Allocation Failure) 2018-04-15T11:30:40.113+0800: 209199.109: [ParNew: 11861135K->149023K(13212096K), 0.7681054 secs] 81480513K->69771845K(187275712K), 0.7685194 secs] [Times: user=5.27 sys=0.78, real=0.76 secs] 
2018-04-15T11:31:41.642+0800: 209260.638: [GC (Allocation Failure) 2018-04-15T11:31:41.643+0800: 209260.639: [ParNew: 11893151K->155071K(13212096K), 0.6559132 secs] 81515973K->69779251K(187275712K), 0.6563355 secs] [Times: user=3.60 sys=1.56, real=0.65 secs] 
2018-04-15T11:33:29.326+0800: 209368.322: [GC (Allocation Failure) 2018-04-15T11:33:29.326+0800: 209368.322: [ParNew: 11899199K->115661K(13212096K), 0.5874929 secs] 81523379K->69743121K(187275712K), 0.5879022 secs] [Times: user=3.77 sys=0.90, real=0.59 secs] 
2018-04-15T11:33:36.743+0800: 209375.739: [GC (Allocation Failure) 2018-04-15T11:33:36.743+0800: 209375.739: [ParNew: 11859789K->130565K(13212096K), 0.4232324 secs] 81487249K->69771303K(187275712K), 0.4236350 secs] [Times: user=3.35 sys=0.00, real=0.42 secs] 
2018-04-15T11:33:48.305+0800: 209387.301: [GC (Allocation Failure) 2018-04-15T11:33:48.305+0800: 209387.301: [ParNew: 11874693K->103943K(13212096K), 0.4031008 secs] 81515431K->69757249K(187275712K), 0.4038004 secs] [Times: user=2.37 sys=0.82, real=0.40 secs] 
2018-04-15T11:34:02.226+0800: 209401.223: [GC (Allocation Failure) 2018-04-15T11:34:02.227+0800: 209401.223: [ParNew: 11848071K->80273K(13212096K), 0.5763961 secs] 81501377K->69751877K(187275712K), 0.5768022 secs] [Times: user=3.37 sys=1.17, real=0.58 secs] 
2018-04-15T11:34:36.609+0800: 209435.605: [GC (Allocation Failure) 2018-04-15T11:34:36.609+0800: 209435.605: [ParNew: 11824401K->83495K(13212096K), 0.5959003 secs] 81496005K->69766037K(187275712K), 0.5962977 secs] [Times: user=4.71 sys=0.00, real=0.60 secs] 
2018-04-15T11:35:11.567+0800: 209470.563: [GC (Allocation Failure) 2018-04-15T11:35:11.567+0800: 209470.563: [ParNew: 11827623K->68613K(13212096K), 0.6458775 secs] 81510165K->69755829K(187275712K), 0.6463060 secs] [Times: user=2.93 sys=2.18, real=0.65 secs] 
2018-04-15T11:35:25.633+0800: 209484.629: [GC (Allocation Failure) 2018-04-15T11:35:25.633+0800: 209484.629: [ParNew: 11812741K->67658K(13212096K), 0.4160973 secs] 81499957K->69761584K(187275712K), 0.4165079 secs] [Times: user=3.31 sys=0.00, real=0.41 secs] 
2018-04-15T11:35:36.347+0800: 209495.343: [GC (Allocation Failure) 2018-04-15T11:35:36.347+0800: 209495.343: [ParNew: 11811786K->65194K(13212096K), 0.4240646 secs] 81505712K->69760343K(187275712K), 0.4244816 secs] [Times: user=3.26 sys=0.11, real=0.43 secs] 
2018-04-15T11:36:22.356+0800: 209541.352: [GC (Allocation Failure) 2018-04-15T11:36:22.356+0800: 209541.352: [ParNew: 11809322K->59932K(13212096K), 0.6029621 secs] 81504471K->69755786K(187275712K), 0.6033696 secs] [Times: user=4.06 sys=0.74, real=0.60 secs] 
2018-04-15T11:39:44.754+0800: 209743.750: [GC (Allocation Failure) 2018-04-15T11:39:44.754+0800: 209743.750: [ParNew: 11804060K->71237K(13212096K), 0.9612911 secs] 81499914K->69767273K(187275712K), 0.9617074 secs] [Times: user=5.66 sys=1.92, real=0.96 secs] 
2018-04-15T11:40:29.439+0800: 209788.435: [GC (Allocation Failure) 2018-04-15T11:40:29.439+0800: 209788.435: [ParNew: 11815365K->118501K(13212096K), 0.7038102 secs] 81511401K->69821795K(187275712K), 0.7042242 secs] [Times: user=4.22 sys=1.34, real=0.71 secs] 
2018-04-15T11:40:44.711+0800: 209803.707: [GC (Allocation Failure) 2018-04-15T11:40:44.711+0800: 209803.707: [ParNew: 11862629K->135880K(13212096K), 0.6047906 secs] 81565923K->69850824K(187275712K), 0.6052119 secs] [Times: user=3.52 sys=1.25, real=0.61 secs] 
2018-04-15T11:40:58.819+0800: 209817.815: [GC (Allocation Failure) 2018-04-15T11:40:58.819+0800: 209817.815: [ParNew: 11880008K->120906K(13212096K), 0.4768375 secs] 81594952K->69836182K(187275712K), 0.4772541 secs] [Times: user=2.73 sys=1.06, real=0.48 secs] 
2018-04-15T11:41:27.084+0800: 209846.080: [GC (Allocation Failure) 2018-04-15T11:41:27.084+0800: 209846.080: [ParNew: 11865034K->77596K(13212096K), 0.4854227 secs] 81580310K->69793514K(187275712K), 0.4858428 secs] [Times: user=3.31 sys=0.56, real=0.48 secs] 
2018-04-15T11:41:47.509+0800: 209866.505: [GC (Allocation Failure) 2018-04-15T11:41:47.509+0800: 209866.505: [ParNew: 11821724K->89958K(13212096K), 0.5705327 secs] 81537642K->69807590K(187275712K), 0.5709485 secs] [Times: user=3.25 sys=1.26, real=0.57 secs] 
2018-04-15T11:42:07.719+0800: 209886.715: [GC (Allocation Failure) 2018-04-15T11:42:07.719+0800: 209886.715: [ParNew: 11834086K->90811K(13212096K), 0.4885694 secs] 81551718K->69819974K(187275712K), 0.4889774 secs] [Times: user=3.67 sys=0.21, real=0.49 secs] 
2018-04-15T11:42:41.369+0800: 209920.365: [GC (Allocation Failure) 2018-04-15T11:42:41.370+0800: 209920.366: [ParNew: 11834939K->76162K(13212096K), 0.5802725 secs] 81564102K->69810254K(187275712K), 0.5806980 secs] [Times: user=3.62 sys=0.98, real=0.58 secs] 
2018-04-15T11:43:14.257+0800: 209953.253: [GC (Allocation Failure) 2018-04-15T11:43:14.257+0800: 209953.253: [ParNew: 11820290K->60343K(13212096K), 0.6993443 secs] 81554382K->69795488K(187275712K), 0.6997612 secs] [Times: user=3.66 sys=1.87, real=0.70 secs] 
2018-04-15T11:43:57.250+0800: 209996.246: [GC (Allocation Failure) 2018-04-15T11:43:57.250+0800: 209996.246: [ParNew: 11804471K->62861K(13212096K), 0.6051923 secs] 81539616K->69798739K(187275712K), 0.6056038 secs] [Times: user=3.45 sys=1.36, real=0.61 secs] 
2018-04-15T11:44:38.349+0800: 210037.345: [GC (Allocation Failure) 2018-04-15T11:44:38.349+0800: 210037.345: [ParNew: 11806989K->61758K(13212096K), 0.6606464 secs] 81542867K->69799882K(187275712K), 0.6610778 secs] [Times: user=3.43 sys=1.77, real=0.66 secs] 
2018-04-15T11:45:04.006+0800: 210063.003: [GC (Allocation Failure) 2018-04-15T11:45:04.007+0800: 210063.003: [ParNew: 11805886K->64742K(13212096K), 0.4547077 secs] 81544010K->69810818K(187275712K), 0.4551245 secs] [Times: user=3.51 sys=0.10, real=0.46 secs] 
2018-04-15T11:45:45.189+0800: 210104.185: [GC (Allocation Failure) 2018-04-15T11:45:45.189+0800: 210104.185: [ParNew: 11808870K->57879K(13212096K), 0.5439890 secs] 81554946K->69811337K(187275712K), 0.5444019 secs] [Times: user=3.71 sys=0.58, real=0.55 secs] 
2018-04-15T11:46:02.198+0800: 210121.194: [GC (Allocation Failure) 2018-04-15T11:46:02.198+0800: 210121.194: [ParNew: 11802007K->49242K(13212096K), 0.6154223 secs] 81555465K->69804948K(187275712K), 0.6158477 secs] [Times: user=3.18 sys=1.65, real=0.62 secs] 
2018-04-15T11:46:13.298+0800: 210132.294: [GC (Allocation Failure) 2018-04-15T11:46:13.298+0800: 210132.294: [ParNew: 11793370K->52548K(13212096K), 0.4525179 secs] 81549076K->69810383K(187275712K), 0.4529422 secs] [Times: user=3.48 sys=0.12, real=0.45 secs] 
2018-04-15T11:46:51.444+0800: 210170.440: [GC (Allocation Failure) 2018-04-15T11:46:51.444+0800: 210170.440: [ParNew: 11796676K->41619K(13212096K), 0.5359164 secs] 81554511K->69801151K(187275712K), 0.5363395 secs] [Times: user=3.43 sys=0.82, real=0.53 secs] 
2018-04-15T11:47:10.641+0800: 210189.637: [GC (Allocation Failure) 2018-04-15T11:47:10.641+0800: 210189.637: [ParNew: 11785747K->45319K(13212096K), 0.5554753 secs] 81545279K->69809081K(187275712K), 0.5559037 secs] [Times: user=3.12 sys=1.26, real=0.56 secs] 
2018-04-15T11:47:18.046+0800: 210197.042: [GC (Allocation Failure) 2018-04-15T11:47:18.047+0800: 210197.043: [ParNew: 11789447K->47769K(13212096K), 0.4643918 secs] 81553209K->69812912K(187275712K), 0.4648161 secs] [Times: user=2.64 sys=1.05, real=0.47 secs] 
2018-04-15T11:47:24.560+0800: 210203.556: [GC (Allocation Failure) 2018-04-15T11:47:24.560+0800: 210203.556: [ParNew: 11791897K->49537K(13212096K), 0.4463847 secs] 81557040K->69817221K(187275712K), 0.4468007 secs] [Times: user=3.42 sys=0.13, real=0.45 secs] 
2018-04-15T11:47:30.685+0800: 210209.681: [GC (Allocation Failure) 2018-04-15T11:47:30.685+0800: 210209.681: [ParNew: 11793665K->48558K(13212096K), 0.4094443 secs] 81561349K->69820536K(187275712K), 0.4098621 secs] [Times: user=2.28 sys=0.97, real=0.41 secs] 
2018-04-15T11:47:36.988+0800: 210215.984: [GC (Allocation Failure) 2018-04-15T11:47:36.988+0800: 210215.984: [ParNew: 11792686K->50989K(13212096K), 0.4014844 secs] 81564664K->69823471K(187275712K), 0.4019061 secs] [Times: user=3.20 sys=0.00, real=0.40 secs] 
2018-04-15T11:47:46.393+0800: 210225.389: [GC (Allocation Failure) 2018-04-15T11:47:46.393+0800: 210225.389: [ParNew: 11795117K->36112K(13212096K), 0.4339246 secs] 81567599K->69811271K(187275712K), 0.4343536 secs] [Times: user=3.37 sys=0.08, real=0.43 secs] 
2018-04-15T11:47:58.730+0800: 210237.726: [GC (Allocation Failure) 2018-04-15T11:47:58.730+0800: 210237.726: [ParNew: 11780240K->44497K(13212096K), 0.6150396 secs] 81555399K->69823523K(187275712K), 0.6154781 secs] [Times: user=3.38 sys=1.48, real=0.62 secs] 
2018-04-15T11:48:14.235+0800: 210253.231: [GC (Allocation Failure) 2018-04-15T11:48:14.235+0800: 210253.231: [ParNew: 11788625K->48310K(13212096K), 0.4571911 secs] 81567651K->69828200K(187275712K), 0.4576037 secs] [Times: user=3.54 sys=0.09, real=0.46 secs] 
2018-04-15T11:48:36.188+0800: 210275.184: [GC (Allocation Failure) 2018-04-15T11:48:36.188+0800: 210275.184: [ParNew: 11792438K->65409K(13212096K), 0.5343891 secs] 81572328K->69846014K(187275712K), 0.5348086 secs] [Times: user=3.80 sys=0.44, real=0.54 secs] 
2018-04-15T11:48:48.053+0800: 210287.049: [GC (Allocation Failure) 2018-04-15T11:48:48.053+0800: 210287.049: [ParNew: 11809537K->79913K(13212096K), 0.4261342 secs] 81590142K->69861122K(187275712K), 0.4265543 secs] [Times: user=3.39 sys=0.00, real=0.42 secs] 
2018-04-15T11:48:59.398+0800: 210298.394: [GC (Allocation Failure) 2018-04-15T11:48:59.398+0800: 210298.394: [ParNew: 11824041K->84628K(13212096K), 0.6165683 secs] 81605250K->69866466K(187275712K), 0.6169909 secs] [Times: user=3.42 sys=1.45, real=0.62 secs] 
2018-04-15T11:49:40.204+0800: 210339.200: [GC (Allocation Failure) 2018-04-15T11:49:40.204+0800: 210339.200: [ParNew: 11828756K->84798K(13212096K), 0.6997759 secs] 81610594K->69867633K(187275712K), 0.7001962 secs] [Times: user=4.22 sys=1.35, real=0.70 secs] 
2018-04-15T11:50:28.637+0800: 210387.633: [GC (Allocation Failure) 2018-04-15T11:50:28.637+0800: 210387.633: [ParNew: 11828926K->72250K(13212096K), 0.6604799 secs] 81611761K->69859369K(187275712K), 0.6608995 secs] [Times: user=3.47 sys=1.76, real=0.66 secs] 
2018-04-15T11:50:47.411+0800: 210406.407: [GC (Allocation Failure) 2018-04-15T11:50:47.411+0800: 210406.407: [ParNew: 11816378K->74851K(13212096K), 0.4432768 secs] 81603497K->69862851K(187275712K), 0.4436953 secs] [Times: user=3.52 sys=0.00, real=0.45 secs] 
2018-04-15T11:51:42.747+0800: 210461.743: [GC (Allocation Failure) 2018-04-15T11:51:42.748+0800: 210461.744: [ParNew: 11818979K->82173K(13212096K), 0.6718334 secs] 81606979K->69874211K(187275712K), 0.6722515 secs] [Times: user=4.06 sys=1.27, real=0.67 secs] 
2018-04-15T11:53:16.976+0800: 210555.972: [GC (Allocation Failure) 2018-04-15T11:53:16.976+0800: 210555.972: [ParNew: 11826301K->66705K(13212096K), 0.8371327 secs] 81618339K->69861805K(187275712K), 0.8375711 secs] [Times: user=4.73 sys=1.89, real=0.84 secs] 
2018-04-15T11:54:29.661+0800: 210628.657: [GC (Allocation Failure) 2018-04-15T11:54:29.661+0800: 210628.657: [ParNew: 11810833K->97226K(13212096K), 0.7245482 secs] 81605933K->69896449K(187275712K), 0.7249913 secs] [Times: user=3.79 sys=1.92, real=0.73 secs] 
2018-04-15T11:56:00.271+0800: 210719.267: [GC (Allocation Failure) 2018-04-15T11:56:00.271+0800: 210719.267: [ParNew: 11841354K->79837K(13212096K), 0.7377243 secs] 81640577K->69882492K(187275712K), 0.7381501 secs] [Times: user=5.32 sys=0.54, real=0.74 secs] 
2018-04-15T11:56:35.745+0800: 210754.741: [GC (Allocation Failure) 2018-04-15T11:56:35.745+0800: 210754.741: [ParNew: 11823965K->74393K(13212096K), 0.6687525 secs] 81626620K->69886987K(187275712K), 0.6691800 secs] [Times: user=3.69 sys=1.61, real=0.67 secs] 
2018-04-15T11:56:47.454+0800: 210766.451: [GC (Allocation Failure) 2018-04-15T11:56:47.455+0800: 210766.451: [ParNew: 11818521K->65161K(13212096K), 0.4900789 secs] 81631115K->69879148K(187275712K), 0.4905086 secs] [Times: user=3.51 sys=0.38, real=0.49 secs] 
2018-04-15T11:58:32.430+0800: 210871.426: [GC (Allocation Failure) 2018-04-15T11:58:32.430+0800: 210871.426: [ParNew: 11809289K->66553K(13212096K), 0.9164276 secs] 81623276K->69882257K(187275712K), 0.9168532 secs] [Times: user=5.68 sys=1.57, real=0.92 secs] 
2018-04-15T11:59:48.065+0800: 210947.061: [GC (Allocation Failure) 2018-04-15T11:59:48.065+0800: 210947.061: [ParNew: 11810681K->96339K(13212096K), 0.6830493 secs] 81626385K->69915492K(187275712K), 0.6834795 secs] [Times: user=4.05 sys=1.37, real=0.68 secs] 
2018-04-15T12:00:07.613+0800: 210966.610: [GC (Allocation Failure) 2018-04-15T12:00:07.614+0800: 210966.610: [ParNew: 11840467K->103158K(13212096K), 0.4473782 secs] 81659620K->69927323K(187275712K), 0.4477978 secs] [Times: user=3.42 sys=0.14, real=0.45 secs] 
2018-04-15T12:00:26.307+0800: 210985.303: [GC (Allocation Failure) 2018-04-15T12:00:26.307+0800: 210985.303: [ParNew: 11847286K->120561K(13212096K), 0.5963691 secs] 81671451K->69947825K(187275712K), 0.5967971 secs] [Times: user=3.29 sys=1.42, real=0.60 secs] 
2018-04-15T12:00:43.879+0800: 211002.875: [GC (Allocation Failure) 2018-04-15T12:00:43.879+0800: 211002.875: [ParNew: 11864689K->92671K(13212096K), 0.5414745 secs] 81691953K->69930817K(187275712K), 0.5418945 secs] [Times: user=3.72 sys=0.58, real=0.54 secs] 
2018-04-15T12:01:00.734+0800: 211019.730: [GC (Allocation Failure) 2018-04-15T12:01:00.734+0800: 211019.730: [ParNew: 11836799K->85421K(13212096K), 0.4629401 secs] 81674945K->69924175K(187275712K), 0.4633435 secs] [Times: user=3.36 sys=0.32, real=0.46 secs] 
2018-04-15T12:01:20.205+0800: 211039.201: [GC (Allocation Failure) 2018-04-15T12:01:20.205+0800: 211039.201: [ParNew: 11829549K->86178K(13212096K), 0.4852400 secs] 81668303K->69931187K(187275712K), 0.4856414 secs] [Times: user=2.65 sys=1.20, real=0.48 secs] 
2018-04-15T12:01:47.225+0800: 211066.221: [GC (Allocation Failure) 2018-04-15T12:01:47.225+0800: 211066.221: [ParNew: 11830306K->68867K(13212096K), 0.6972549 secs] 81675315K->69919650K(187275712K), 0.6976239 secs] [Times: user=4.69 sys=0.82, real=0.70 secs] 
2018-04-15T12:02:49.575+0800: 211128.571: [GC (Allocation Failure) 2018-04-15T12:02:49.575+0800: 211128.571: [ParNew: 11812995K->118295K(13212096K), 0.6349981 secs] 81663778K->69969953K(187275712K), 0.6354232 secs] [Times: user=4.03 sys=0.97, real=0.63 secs] 
2018-04-15T12:03:44.737+0800: 211183.733: [GC (Allocation Failure) 2018-04-15T12:03:44.737+0800: 211183.733: [ParNew: 11862423K->134920K(13212096K), 0.6489687 secs] 81714081K->69988062K(187275712K), 0.6493890 secs] [Times: user=4.53 sys=0.58, real=0.65 secs] 
2018-04-15T12:05:13.942+0800: 211272.938: [GC (Allocation Failure) 2018-04-15T12:05:13.942+0800: 211272.938: [ParNew: 11879048K->115012K(13212096K), 0.6412835 secs] 81732190K->69969414K(187275712K), 0.6416806 secs] [Times: user=4.13 sys=0.91, real=0.64 secs] 
2018-04-15T12:05:54.122+0800: 211313.118: [GC (Allocation Failure) 2018-04-15T12:05:54.122+0800: 211313.119: [ParNew: 11859140K->143626K(13212096K), 0.7575331 secs] 81713542K->69999424K(187275712K), 0.7579501 secs] [Times: user=3.89 sys=2.06, real=0.75 secs] 
2018-04-15T12:06:38.489+0800: 211357.485: [GC (Allocation Failure) 2018-04-15T12:06:38.490+0800: 211357.486: [ParNew: 11887754K->126138K(13212096K), 0.6679873 secs] 81743552K->69982599K(187275712K), 0.6683946 secs] [Times: user=4.06 sys=1.24, real=0.67 secs] 
2018-04-15T12:07:35.833+0800: 211414.829: [GC (Allocation Failure) 2018-04-15T12:07:35.833+0800: 211414.829: [ParNew: 11870266K->119722K(13212096K), 0.7193313 secs] 81726727K->69976371K(187275712K), 0.7197222 secs] [Times: user=4.75 sys=0.92, real=0.72 secs] 
2018-04-15T12:07:43.957+0800: 211422.953: [GC (Allocation Failure) 2018-04-15T12:07:43.957+0800: 211422.953: [ParNew: 11863850K->113174K(13212096K), 0.5043057 secs] 81720499K->69977922K(187275712K), 0.5047020 secs] [Times: user=3.79 sys=0.19, real=0.51 secs] 
2018-04-15T12:07:56.810+0800: 211435.807: [GC (Allocation Failure) 2018-04-15T12:07:56.811+0800: 211435.807: [ParNew: 11857302K->92949K(13212096K), 0.5071696 secs] 81722050K->69970638K(187275712K), 0.5075758 secs] [Times: user=3.73 sys=0.29, real=0.51 secs] 
2018-04-15T12:08:23.078+0800: 211462.074: [GC (Allocation Failure) 2018-04-15T12:08:23.078+0800: 211462.074: [ParNew: 11837077K->76073K(13212096K), 0.6924149 secs] 81714766K->69971461K(187275712K), 0.6928461 secs] [Times: user=4.74 sys=0.73, real=0.69 secs] 
2018-04-15T12:08:34.491+0800: 211473.487: [GC (Allocation Failure) 2018-04-15T12:08:34.491+0800: 211473.487: [ParNew: 11820201K->50622K(13212096K), 0.4126236 secs] 81715589K->69954309K(187275712K), 0.4130301 secs] [Times: user=3.28 sys=0.00, real=0.41 secs] 
2018-04-15T12:08:45.017+0800: 211484.013: [GC (Allocation Failure) 2018-04-15T12:08:45.017+0800: 211484.013: [ParNew: 11794750K->56372K(13212096K), 0.5364842 secs] 81698437K->69965653K(187275712K), 0.5368904 secs] [Times: user=3.87 sys=0.41, real=0.54 secs] 
2018-04-15T12:09:02.397+0800: 211501.393: [GC (Allocation Failure) 2018-04-15T12:09:02.397+0800: 211501.393: [ParNew: 11800500K->60324K(13212096K), 0.4889724 secs] 81709781K->69977108K(187275712K), 0.4893883 secs] [Times: user=3.57 sys=0.31, real=0.49 secs] 
2018-04-15T12:09:48.185+0800: 211547.181: [GC (Allocation Failure) 2018-04-15T12:09:48.186+0800: 211547.182: [ParNew: 11804452K->70620K(13212096K), 0.7030659 secs] 81721236K->69988859K(187275712K), 0.7034959 secs] [Times: user=3.85 sys=1.68, real=0.70 secs] 
2018-04-15T12:10:13.473+0800: 211572.469: [GC (Allocation Failure) 2018-04-15T12:10:13.473+0800: 211572.469: [ParNew: 11814748K->85093K(13212096K), 0.6047577 secs] 81732987K->70004108K(187275712K), 0.6051655 secs] [Times: user=3.90 sys=0.92, real=0.60 secs] 
2018-04-15T12:11:58.940+0800: 211677.936: [GC (Allocation Failure) 2018-04-15T12:11:58.940+0800: 211677.936: [ParNew: 11829221K->111478K(13212096K), 0.9640985 secs] 81748236K->70032460K(187275712K), 0.9645222 secs] [Times: user=5.10 sys=2.53, real=0.97 secs] 
2018-04-15T12:12:25.235+0800: 211704.231: [GC (Allocation Failure) 2018-04-15T12:12:25.235+0800: 211704.231: [ParNew: 11855606K->145980K(13212096K), 0.5228515 secs] 81776588K->70067216K(187275712K), 0.5232677 secs] [Times: user=3.60 sys=0.56, real=0.52 secs] 
2018-04-15T12:15:54.169+0800: 211913.165: [GC (Allocation Failure) 2018-04-15T12:15:54.169+0800: 211913.165: [ParNew: 11890108K->126992K(13212096K), 1.0532815 secs] 81811344K->70048443K(187275712K), 1.0536927 secs] [Times: user=6.51 sys=1.80, real=1.06 secs] 
2018-04-15T12:16:16.955+0800: 211935.951: [GC (Allocation Failure) 2018-04-15T12:16:16.956+0800: 211935.952: [ParNew: 11871120K->127846K(13212096K), 0.5209573 secs] 81792571K->70050305K(187275712K), 0.5213568 secs] [Times: user=3.52 sys=0.62, real=0.52 secs] 
2018-04-15T12:16:34.497+0800: 211953.493: [GC (Allocation Failure) 2018-04-15T12:16:34.497+0800: 211953.493: [ParNew: 11871974K->114900K(13212096K), 0.4667938 secs] 81794433K->70042776K(187275712K), 0.4672133 secs] [Times: user=3.40 sys=0.30, real=0.47 secs] 
2018-04-15T12:16:54.031+0800: 211973.027: [GC (Allocation Failure) 2018-04-15T12:16:54.031+0800: 211973.027: [ParNew: 11859028K->94342K(13212096K), 0.6289663 secs] 81786904K->70028654K(187275712K), 0.6293928 secs] [Times: user=3.42 sys=1.56, real=0.63 secs] 
2018-04-15T12:17:11.977+0800: 211990.973: [GC (Allocation Failure) 2018-04-15T12:17:11.977+0800: 211990.973: [ParNew: 11838470K->84319K(13212096K), 0.5361897 secs] 81772782K->70027869K(187275712K), 0.5365963 secs] [Times: user=3.62 sys=0.65, real=0.54 secs] 
2018-04-15T12:18:56.378+0800: 212095.374: [GC (Allocation Failure) 2018-04-15T12:18:56.378+0800: 212095.375: [ParNew: 11828447K->71874K(13212096K), 0.7438705 secs] 81771997K->70028839K(187275712K), 0.7442713 secs] [Times: user=5.34 sys=0.53, real=0.75 secs] 
2018-04-15T12:21:57.471+0800: 212276.468: [GC (Allocation Failure) 2018-04-15T12:21:57.472+0800: 212276.468: [ParNew: 11816002K->62107K(13212096K), 1.3032337 secs] 81772967K->70033037K(187275712K), 1.3036715 secs] [Times: user=7.02 sys=3.31, real=1.30 secs] 
2018-04-15T12:24:44.802+0800: 212443.798: [GC (Allocation Failure) 2018-04-15T12:24:44.802+0800: 212443.798: [ParNew: 11804885K->62851K(13212096K), 1.0558142 secs] 81775816K->70034227K(187275712K), 1.0562258 secs] [Times: user=5.93 sys=2.36, real=1.05 secs] 
2018-04-15T12:25:31.248+0800: 212490.244: [GC (Allocation Failure) 2018-04-15T12:25:31.248+0800: 212490.244: [ParNew: 11806979K->70087K(13212096K), 0.4838977 secs] 81778355K->70041637K(187275712K), 0.4843205 secs] [Times: user=2.48 sys=1.37, real=0.49 secs] 
2018-04-15T12:26:19.026+0800: 212538.022: [GC (Allocation Failure) 2018-04-15T12:26:19.026+0800: 212538.023: [ParNew: 11814215K->79614K(13212096K), 0.6097310 secs] 81785765K->70051273K(187275712K), 0.6101611 secs] [Times: user=3.77 sys=1.06, real=0.61 secs] 
2018-04-15T12:27:01.786+0800: 212580.782: [GC (Allocation Failure) 2018-04-15T12:27:01.786+0800: 212580.782: [ParNew: 11823742K->83495K(13212096K), 0.5610036 secs] 81795401K->70055282K(187275712K), 0.5614215 secs] [Times: user=3.84 sys=0.63, real=0.56 secs] 
2018-04-15T12:27:52.283+0800: 212631.279: [GC (Allocation Failure) 2018-04-15T12:27:52.284+0800: 212631.280: [ParNew: 11827623K->89801K(13212096K), 0.6387557 secs] 81799410K->70063765K(187275712K), 0.6391917 secs] [Times: user=3.25 sys=1.81, real=0.64 secs] 
2018-04-15T12:28:18.626+0800: 212657.622: [GC (Allocation Failure) 2018-04-15T12:28:18.626+0800: 212657.623: [ParNew: 11833929K->88320K(13212096K), 0.5629024 secs] 81807893K->70066853K(187275712K), 0.5633098 secs] [Times: user=3.70 sys=0.78, real=0.56 secs] 
2018-04-15T12:28:44.993+0800: 212683.989: [GC (Allocation Failure) 2018-04-15T12:28:44.993+0800: 212683.989: [ParNew: 11832448K->65439K(13212096K), 0.5162891 secs] 81810981K->70056341K(187275712K), 0.5167108 secs] [Times: user=3.68 sys=0.42, real=0.51 secs] 
2018-04-15T12:29:01.101+0800: 212700.097: [GC (Allocation Failure) 2018-04-15T12:29:01.101+0800: 212700.097: [ParNew: 11809567K->81372K(13212096K), 0.5800500 secs] 81800469K->70074944K(187275712K), 0.5804793 secs] [Times: user=3.02 sys=1.57, real=0.59 secs] 
2018-04-15T12:29:17.904+0800: 212716.900: [GC (Allocation Failure) 2018-04-15T12:29:17.905+0800: 212716.901: [ParNew: 11825500K->83348K(13212096K), 0.4864688 secs] 81819072K->70079606K(187275712K), 0.4868879 secs] [Times: user=3.58 sys=0.29, real=0.49 secs] 
2018-04-15T12:29:31.971+0800: 212730.967: [GC (Allocation Failure) 2018-04-15T12:29:31.972+0800: 212730.968: [ParNew: 11827476K->68761K(13212096K), 0.4505012 secs] 81823734K->70073650K(187275712K), 0.4509056 secs] [Times: user=3.43 sys=0.15, real=0.45 secs] 
2018-04-15T12:29:48.410+0800: 212747.406: [GC (Allocation Failure) 2018-04-15T12:29:48.410+0800: 212747.406: [ParNew: 11812889K->45232K(13212096K), 0.4087333 secs] 81817778K->70057407K(187275712K), 0.4091649 secs] [Times: user=2.18 sys=1.07, real=0.41 secs] 
2018-04-15T12:30:12.072+0800: 212771.068: [GC (Allocation Failure) 2018-04-15T12:30:12.072+0800: 212771.068: [ParNew: 11789360K->82346K(13212096K), 0.5978409 secs] 81801535K->70096458K(187275712K), 0.5982463 secs] [Times: user=3.20 sys=1.53, real=0.59 secs] 
2018-04-15T12:30:41.702+0800: 212800.699: [GC (Allocation Failure) 2018-04-15T12:30:41.703+0800: 212800.699: [ParNew: 11826474K->105531K(13212096K), 0.6434800 secs] 81840586K->70123977K(187275712K), 0.6438793 secs] [Times: user=4.14 sys=0.99, real=0.64 secs] 
2018-04-15T12:31:07.311+0800: 212826.307: [GC (Allocation Failure) 2018-04-15T12:31:07.311+0800: 212826.307: [ParNew: 11849659K->99462K(13212096K), 0.6686139 secs] 81868105K->70120091K(187275712K), 0.6690233 secs] [Times: user=3.68 sys=1.61, real=0.67 secs] 
2018-04-15T12:31:22.372+0800: 212841.369: [GC (Allocation Failure) 2018-04-15T12:31:22.373+0800: 212841.369: [ParNew: 11843590K->76840K(13212096K), 0.4897955 secs] 81864219K->70098486K(187275712K), 0.4902014 secs] [Times: user=3.83 sys=0.06, real=0.49 secs] 
2018-04-15T12:31:45.708+0800: 212864.704: [GC (Allocation Failure) 2018-04-15T12:31:45.708+0800: 212864.704: [ParNew: 11820968K->72624K(13212096K), 0.5203466 secs] 81842614K->70094830K(187275712K), 0.5207590 secs] [Times: user=3.54 sys=0.60, real=0.52 secs] 
2018-04-15T12:32:03.785+0800: 212882.781: [GC (Allocation Failure) 2018-04-15T12:32:03.785+0800: 212882.781: [ParNew: 11816752K->69661K(13212096K), 0.4171075 secs] 81838958K->70092763K(187275712K), 0.4175073 secs] [Times: user=3.25 sys=0.08, real=0.42 secs] 
2018-04-15T12:32:37.373+0800: 212916.369: [GC (Allocation Failure) 2018-04-15T12:32:37.373+0800: 212916.369: [ParNew: 11813789K->80250K(13212096K), 0.7150590 secs] 81836891K->70109279K(187275712K), 0.7154709 secs] [Times: user=4.80 sys=0.86, real=0.71 secs] 
2018-04-15T12:32:57.851+0800: 212936.847: [GC (Allocation Failure) 2018-04-15T12:32:57.851+0800: 212936.847: [ParNew: 11824378K->76006K(13212096K), 0.5356892 secs] 81853407K->70107901K(187275712K), 0.5360891 secs] [Times: user=3.68 sys=0.58, real=0.54 secs] 
2018-04-15T12:33:18.840+0800: 212957.836: [GC (Allocation Failure) 2018-04-15T12:33:18.840+0800: 212957.836: [ParNew: 11820132K->78374K(13212096K), 0.4612105 secs] 81852028K->70112772K(187275712K), 0.4616094 secs] [Times: user=3.63 sys=0.04, real=0.47 secs] 
2018-04-15T12:33:29.022+0800: 212968.018: [GC (Allocation Failure) 2018-04-15T12:33:29.023+0800: 212968.019: [ParNew: 11822502K->80269K(13212096K), 0.5926539 secs] 81856900K->70117100K(187275712K), 0.5930624 secs] [Times: user=2.93 sys=1.78, real=0.59 secs] 
2018-04-15T12:33:41.993+0800: 212980.989: [GC (Allocation Failure) 2018-04-15T12:33:41.993+0800: 212980.989: [ParNew: 11824397K->94946K(13212096K), 0.5296837 secs] 81861228K->70132873K(187275712K), 0.5300744 secs] [Times: user=3.84 sys=0.38, real=0.53 secs] 
2018-04-15T12:33:58.135+0800: 212997.131: [GC (Allocation Failure) 2018-04-15T12:33:58.135+0800: 212997.131: [ParNew: 11839074K->77629K(13212096K), 0.5090850 secs] 81877001K->70116848K(187275712K), 0.5094806 secs] [Times: user=3.69 sys=0.37, real=0.51 secs] 
2018-04-15T12:34:08.190+0800: 213007.186: [GC (Allocation Failure) 2018-04-15T12:34:08.190+0800: 213007.186: [ParNew: 11821757K->74070K(13212096K), 0.4628171 secs] 81860976K->70116430K(187275712K), 0.4632064 secs] [Times: user=3.57 sys=0.11, real=0.47 secs] 
2018-04-15T12:34:17.552+0800: 213016.548: [GC (Allocation Failure) 2018-04-15T12:34:17.553+0800: 213016.549: [ParNew: 11818198K->62902K(13212096K), 0.5936182 secs] 81860558K->70109538K(187275712K), 0.5940601 secs] [Times: user=3.34 sys=1.37, real=0.59 secs] 
2018-04-15T12:34:38.373+0800: 213037.369: [GC (Allocation Failure) 2018-04-15T12:34:38.374+0800: 213037.370: [ParNew: 11807030K->71714K(13212096K), 0.5003651 secs] 81853666K->70121744K(187275712K), 0.5007628 secs] [Times: user=3.70 sys=0.28, real=0.50 secs] 
2018-04-15T12:35:20.224+0800: 213079.220: [GC (Allocation Failure) 2018-04-15T12:35:20.224+0800: 213079.220: [ParNew: 11815842K->103306K(13212096K), 0.6526871 secs] 81865872K->70155002K(187275712K), 0.6530896 secs] [Times: user=4.05 sys=1.14, real=0.65 secs] 
2018-04-15T12:35:33.924+0800: 213092.920: [GC (Allocation Failure) 2018-04-15T12:35:33.924+0800: 213092.920: [ParNew: 11847434K->107756K(13212096K), 0.5793936 secs] 81899130K->70160146K(187275712K), 0.5798015 secs] [Times: user=3.36 sys=1.23, real=0.58 secs] 
2018-04-15T12:36:01.304+0800: 213120.300: [GC (Allocation Failure) 2018-04-15T12:36:01.304+0800: 213120.300: [ParNew: 11851884K->110112K(13212096K), 0.5680779 secs] 81904274K->70164663K(187275712K), 0.5684479 secs] [Times: user=3.79 sys=0.73, real=0.57 secs] 
2018-04-15T12:36:28.641+0800: 213147.637: [GC (Allocation Failure) 2018-04-15T12:36:28.641+0800: 213147.637: [ParNew: 11854240K->160813K(13212096K), 0.5480650 secs] 81908791K->70216626K(187275712K), 0.5484622 secs] [Times: user=3.85 sys=0.51, real=0.55 secs] 
2018-04-15T12:36:50.665+0800: 213169.661: [GC (Allocation Failure) 2018-04-15T12:36:50.666+0800: 213169.662: [ParNew: 11904941K->202363K(13212096K), 0.6209181 secs] 81960754K->70259024K(187275712K), 0.6213312 secs] [Times: user=3.47 sys=1.44, real=0.62 secs] 
2018-04-15T12:37:14.929+0800: 213193.925: [GC (Allocation Failure) 2018-04-15T12:37:14.930+0800: 213193.926: [ParNew: 11946491K->187619K(13212096K), 0.5749327 secs] 82003152K->70247659K(187275712K), 0.5753328 secs] [Times: user=3.83 sys=0.74, real=0.58 secs] 
2018-04-15T12:37:37.179+0800: 213216.175: [GC (Allocation Failure) 2018-04-15T12:37:37.179+0800: 213216.175: [ParNew: 11931747K->170186K(13212096K), 0.4775986 secs] 81991787K->70240076K(187275712K), 0.4780027 secs] [Times: user=3.54 sys=0.24, real=0.48 secs] 
2018-04-15T12:38:10.665+0800: 213249.661: [GC (Allocation Failure) 2018-04-15T12:38:10.665+0800: 213249.661: [ParNew: 11914314K->142589K(13212096K), 0.7210172 secs] 81984204K->70215550K(187275712K), 0.7214328 secs] [Times: user=4.39 sys=1.31, real=0.72 secs] 
2018-04-15T12:39:58.940+0800: 213357.936: [GC (Allocation Failure) 2018-04-15T12:39:58.940+0800: 213357.936: [ParNew: 11886717K->101480K(13212096K), 0.8234029 secs] 81959678K->70180003K(187275712K), 0.8238195 secs] [Times: user=4.74 sys=1.70, real=0.83 secs] 
2018-04-15T12:40:28.037+0800: 213387.033: [GC (Allocation Failure) 2018-04-15T12:40:28.037+0800: 213387.033: [ParNew: 11845608K->124577K(13212096K), 0.5138548 secs] 81924131K->70212974K(187275712K), 0.5142502 secs] [Times: user=3.63 sys=0.44, real=0.51 secs] 
2018-04-15T12:41:12.356+0800: 213431.352: [GC (Allocation Failure) 2018-04-15T12:41:12.356+0800: 213431.353: [ParNew: 11868705K->87240K(13212096K), 0.7456451 secs] 81957102K->70189518K(187275712K), 0.7460766 secs] [Times: user=4.02 sys=1.86, real=0.75 secs] 
2018-04-15T12:42:02.169+0800: 213481.165: [GC (Allocation Failure) 2018-04-15T12:42:02.169+0800: 213481.165: [ParNew: 11831368K->83713K(13212096K), 0.6000150 secs] 81933646K->70190785K(187275712K), 0.6004289 secs] [Times: user=3.56 sys=1.20, real=0.60 secs] 
2018-04-15T12:42:33.666+0800: 213512.662: [GC (Allocation Failure) 2018-04-15T12:42:33.667+0800: 213512.663: [ParNew: 11827841K->79621K(13212096K), 0.5881418 secs] 81934913K->70188624K(187275712K), 0.5885574 secs] [Times: user=3.23 sys=1.42, real=0.59 secs] 
2018-04-15T12:42:57.277+0800: 213536.273: [GC (Allocation Failure) 2018-04-15T12:42:57.277+0800: 213536.273: [ParNew: 11823749K->77269K(13212096K), 0.5310153 secs] 81932752K->70190927K(187275712K), 0.5314269 secs] [Times: user=3.62 sys=0.61, real=0.53 secs] 
2018-04-15T12:43:05.035+0800: 213544.031: [GC (Allocation Failure) 2018-04-15T12:43:05.035+0800: 213544.031: [ParNew: 11821397K->65398K(13212096K), 0.4091930 secs] 81935055K->70192965K(187275712K), 0.4096000 secs] [Times: user=3.24 sys=0.00, real=0.41 secs] 
2018-04-15T12:43:14.633+0800: 213553.629: [GC (Allocation Failure) 2018-04-15T12:43:14.633+0800: 213553.629: [ParNew: 11809526K->62131K(13212096K), 0.4656004 secs] 81937093K->70193029K(187275712K), 0.4659983 secs] [Times: user=3.55 sys=0.14, real=0.46 secs] 
2018-04-15T12:43:26.624+0800: 213565.620: [GC (Allocation Failure) 2018-04-15T12:43:26.624+0800: 213565.620: [ParNew: 11806259K->62642K(13212096K), 0.5428176 secs] 81937157K->70198017K(187275712K), 0.5432391 secs] [Times: user=4.02 sys=0.29, real=0.54 secs] 
2018-04-15T12:43:57.754+0800: 213596.750: [GC (Allocation Failure) 2018-04-15T12:43:57.754+0800: 213596.750: [ParNew: 11806770K->65576K(13212096K), 0.6066505 secs] 81942145K->70207209K(187275712K), 0.6070683 secs] [Times: user=3.19 sys=1.60, real=0.61 secs] 
2018-04-15T12:44:47.617+0800: 213646.613: [GC (Allocation Failure) 2018-04-15T12:44:47.617+0800: 213646.613: [ParNew: 11809704K->59507K(13212096K), 0.4652390 secs] 81951337K->70204331K(187275712K), 0.4656534 secs] [Times: user=3.20 sys=0.50, real=0.47 secs] 
2018-04-15T12:45:11.576+0800: 213670.572: [GC (Allocation Failure) 2018-04-15T12:45:11.576+0800: 213670.572: [ParNew: 11803635K->51374K(13212096K), 0.6597837 secs] 81948459K->70198164K(187275712K), 0.6602028 secs] [Times: user=3.89 sys=1.34, real=0.66 secs] 
2018-04-15T12:46:40.146+0800: 213759.142: [GC (Allocation Failure) 2018-04-15T12:46:40.146+0800: 213759.142: [ParNew: 11795502K->59978K(13212096K), 0.7417791 secs] 81942292K->70208042K(187275712K), 0.7421885 secs] [Times: user=5.23 sys=0.64, real=0.74 secs] 
2018-04-15T12:48:46.640+0800: 213885.636: [GC (Allocation Failure) 2018-04-15T12:48:46.640+0800: 213885.636: [ParNew: 11804106K->95763K(13212096K), 0.9226165 secs] 81952170K->70244755K(187275712K), 0.9230561 secs] [Times: user=4.45 sys=2.78, real=0.93 secs] 
2018-04-15T12:49:39.012+0800: 213938.008: [GC (Allocation Failure) 2018-04-15T12:49:39.013+0800: 213938.009: [ParNew: 11839891K->148971K(13212096K), 0.6859755 secs] 81988883K->70298705K(187275712K), 0.6863806 secs] [Times: user=4.36 sys=1.05, real=0.68 secs] 
2018-04-15T12:50:29.726+0800: 213988.722: [GC (Allocation Failure) 2018-04-15T12:50:29.726+0800: 213988.722: [ParNew: 11893099K->158838K(13212096K), 0.6053652 secs] 82042833K->70309221K(187275712K), 0.6057407 secs] [Times: user=3.42 sys=1.38, real=0.61 secs] 
2018-04-15T12:51:58.695+0800: 214077.691: [GC (Allocation Failure) 2018-04-15T12:51:58.696+0800: 214077.692: [ParNew: 11902966K->157863K(13212096K), 0.8350974 secs] 82053349K->70311959K(187275712K), 0.8355143 secs] [Times: user=4.83 sys=1.74, real=0.83 secs] 
2018-04-15T12:52:46.653+0800: 214125.649: [GC (Allocation Failure) 2018-04-15T12:52:46.653+0800: 214125.649: [ParNew: 11901991K->142216K(13212096K), 0.6410634 secs] 82056087K->70298775K(187275712K), 0.6414722 secs] [Times: user=3.83 sys=1.26, real=0.64 secs] 
2018-04-15T12:52:57.590+0800: 214136.586: [GC (Allocation Failure) 2018-04-15T12:52:57.591+0800: 214136.587: [ParNew: 11886344K->173684K(13212096K), 0.4866858 secs] 82042903K->70340010K(187275712K), 0.4870896 secs] [Times: user=3.62 sys=0.24, real=0.49 secs] 
2018-04-15T12:53:13.320+0800: 214152.316: [GC (Allocation Failure) 2018-04-15T12:53:13.320+0800: 214152.316: [ParNew: 11917812K->123171K(13212096K), 0.4646737 secs] 82084138K->70301878K(187275712K), 0.4650792 secs] [Times: user=3.50 sys=0.18, real=0.47 secs] 
2018-04-15T12:53:34.186+0800: 214173.182: [GC (Allocation Failure) 2018-04-15T12:53:34.186+0800: 214173.182: [ParNew: 11867299K->94930K(13212096K), 0.6975514 secs] 82046006K->70286964K(187275712K), 0.6979667 secs] [Times: user=3.65 sys=1.86, real=0.70 secs] 
2018-04-15T12:54:36.450+0800: 214235.446: [GC (Allocation Failure) 2018-04-15T12:54:36.450+0800: 214235.446: [ParNew: 11839058K->82362K(13212096K), 0.6181927 secs] 82031092K->70286823K(187275712K), 0.6186064 secs] [Times: user=3.74 sys=1.15, real=0.62 secs] 
2018-04-15T12:56:36.741+0800: 214355.737: [GC (Allocation Failure) 2018-04-15T12:56:36.741+0800: 214355.737: [ParNew: 11826490K->55362K(13212096K), 0.8834201 secs] 82030951K->70270512K(187275712K), 0.8838402 secs] [Times: user=4.28 sys=2.68, real=0.89 secs] 
2018-04-15T12:57:23.009+0800: 214402.005: [GC (Allocation Failure) 2018-04-15T12:57:23.009+0800: 214402.005: [ParNew: 11799490K->64018K(13212096K), 0.5824996 secs] 82014640K->70281155K(187275712K), 0.5829134 secs] [Times: user=3.74 sys=0.90, real=0.59 secs] 
2018-04-15T12:58:35.170+0800: 214474.166: [GC (Allocation Failure) 2018-04-15T12:58:35.170+0800: 214474.167: [ParNew: 11808146K->68976K(13212096K), 0.7991908 secs] 82025283K->70286453K(187275712K), 0.7996275 secs] [Times: user=3.83 sys=2.50, real=0.80 secs] 
2018-04-15T12:59:00.409+0800: 214499.405: [GC (Allocation Failure) 2018-04-15T12:59:00.409+0800: 214499.405: [ParNew: 11813104K->77128K(13212096K), 0.4715256 secs] 82030581K->70295264K(187275712K), 0.4719243 secs] [Times: user=3.38 sys=0.36, real=0.47 secs] 
2018-04-15T12:59:08.071+0800: 214507.067: [GC (Allocation Failure) 2018-04-15T12:59:08.071+0800: 214507.067: [ParNew: 11821256K->77210K(13212096K), 0.4264410 secs] 82039392K->70296487K(187275712K), 0.4268438 secs] [Times: user=3.39 sys=0.00, real=0.43 secs] 
2018-04-15T12:59:17.011+0800: 214516.007: [GC (Allocation Failure) 2018-04-15T12:59:17.011+0800: 214516.007: [ParNew: 11821338K->72853K(13212096K), 0.5918164 secs] 82040615K->70295239K(187275712K), 0.5922244 secs] [Times: user=4.18 sys=0.50, real=0.60 secs] 
2018-04-15T12:59:36.388+0800: 214535.384: [GC (Allocation Failure) 2018-04-15T12:59:36.388+0800: 214535.384: [ParNew: 11816981K->54563K(13212096K), 0.5123658 secs] 82039367K->70295849K(187275712K), 0.5127769 secs] [Times: user=3.73 sys=0.32, real=0.51 secs] 
2018-04-15T13:00:06.865+0800: 214565.861: [GC (Allocation Failure) 2018-04-15T13:00:06.866+0800: 214565.862: [ParNew: 11798691K->33639K(13212096K), 0.5884270 secs] 82039977K->70277769K(187275712K), 0.5888383 secs] [Times: user=3.78 sys=0.89, real=0.59 secs] 
2018-04-15T13:00:25.198+0800: 214584.194: [GC (Allocation Failure) 2018-04-15T13:00:25.199+0800: 214584.195: [ParNew: 11777767K->28886K(13212096K), 0.6361043 secs] 82021897K->70276729K(187275712K), 0.6365171 secs] [Times: user=4.30 sys=0.72, real=0.64 secs] 
2018-04-15T13:01:25.265+0800: 214644.261: [GC (Allocation Failure) 2018-04-15T13:01:25.265+0800: 214644.261: [ParNew: 11773014K->33104K(13212096K), 0.5726870 secs] 82020857K->70283465K(187275712K), 0.5731065 secs] [Times: user=4.53 sys=0.00, real=0.57 secs] 
2018-04-15T13:01:58.332+0800: 214677.328: [GC (Allocation Failure) 2018-04-15T13:01:58.332+0800: 214677.328: [ParNew: 11777232K->37307K(13212096K), 0.6724095 secs] 82027593K->70289098K(187275712K), 0.6728218 secs] [Times: user=3.50 sys=1.82, real=0.67 secs] 
2018-04-15T13:02:22.258+0800: 214701.254: [GC (Allocation Failure) 2018-04-15T13:02:22.258+0800: 214701.254: [ParNew: 11781435K->37155K(13212096K), 0.4687987 secs] 82033226K->70289167K(187275712K), 0.4692107 secs] [Times: user=3.43 sys=0.30, real=0.47 secs] 
2018-04-15T13:03:35.912+0800: 214774.908: [GC (Allocation Failure) 2018-04-15T13:03:35.913+0800: 214774.909: [ParNew: 11781283K->33410K(13212096K), 0.5801668 secs] 82033295K->70285740K(187275712K), 0.5805691 secs] [Times: user=3.84 sys=0.78, real=0.58 secs] 
2018-04-15T13:04:02.905+0800: 214801.901: [GC (Allocation Failure) 2018-04-15T13:04:02.905+0800: 214801.901: [ParNew: 11777538K->58027K(13212096K), 0.6767346 secs] 82029868K->70310970K(187275712K), 0.6771417 secs] [Times: user=4.63 sys=0.75, real=0.68 secs] 
2018-04-15T13:04:20.051+0800: 214819.047: [GC (Allocation Failure) 2018-04-15T13:04:20.051+0800: 214819.047: [ParNew: 11802155K->59381K(13212096K), 0.5462491 secs] 82055098K->70313066K(187275712K), 0.5466612 secs] [Times: user=3.20 sys=1.16, real=0.55 secs] 
2018-04-15T13:04:40.526+0800: 214839.522: [GC (Allocation Failure) 2018-04-15T13:04:40.526+0800: 214839.522: [ParNew: 11803509K->51257K(13212096K), 0.4589504 secs] 82057194K->70308746K(187275712K), 0.4593546 secs] [Times: user=2.42 sys=1.24, real=0.46 secs] 
2018-04-15T13:04:56.002+0800: 214854.998: [GC (Allocation Failure) 2018-04-15T13:04:56.002+0800: 214854.998: [ParNew: 11795385K->55373K(13212096K), 0.6046676 secs] 82052874K->70313568K(187275712K), 0.6050903 secs] [Times: user=3.06 sys=1.74, real=0.60 secs] 
2018-04-15T13:05:12.938+0800: 214871.934: [GC (Allocation Failure) 2018-04-15T13:05:12.938+0800: 214871.934: [ParNew: 11799501K->58990K(13212096K), 0.5096294 secs] 82057696K->70317676K(187275712K), 0.5100301 secs] [Times: user=3.60 sys=0.45, real=0.51 secs] 
2018-04-15T13:05:31.164+0800: 214890.160: [GC (Allocation Failure) 2018-04-15T13:05:31.165+0800: 214890.161: [ParNew: 11803118K->64962K(13212096K), 0.5146823 secs] 82061804K->70330666K(187275712K), 0.5150908 secs] [Times: user=3.68 sys=0.40, real=0.51 secs] 
2018-04-15T13:05:52.199+0800: 214911.195: [GC (Allocation Failure) 2018-04-15T13:05:52.199+0800: 214911.195: [ParNew: 11809090K->68968K(13212096K), 0.6297582 secs] 82074794K->70340438K(187275712K), 0.6301796 secs] [Times: user=3.29 sys=1.68, real=0.63 secs] 
2018-04-15T13:06:36.367+0800: 214955.363: [GC (Allocation Failure) 2018-04-15T13:06:36.368+0800: 214955.364: [ParNew: 11813096K->89132K(13212096K), 0.6338196 secs] 82084566K->70362037K(187275712K), 0.6342258 secs] [Times: user=3.92 sys=1.13, real=0.64 secs] 
2018-04-15T13:06:54.753+0800: 214973.749: [GC (Allocation Failure) 2018-04-15T13:06:54.753+0800: 214973.749: [ParNew: 11833260K->97804K(13212096K), 0.5785887 secs] 82106165K->70371863K(187275712K), 0.5789977 secs] [Times: user=3.94 sys=0.66, real=0.58 secs] 
2018-04-15T13:07:09.616+0800: 214988.612: [GC (Allocation Failure) 2018-04-15T13:07:09.616+0800: 214988.612: [ParNew: 11841932K->128207K(13212096K), 0.6019967 secs] 82115991K->70403472K(187275712K), 0.6024118 secs] [Times: user=3.23 sys=1.53, real=0.60 secs] 
2018-04-15T13:07:24.327+0800: 215003.323: [GC (Allocation Failure) 2018-04-15T13:07:24.327+0800: 215003.323: [ParNew: 11872335K->129652K(13212096K), 0.5137484 secs] 82147600K->70405899K(187275712K), 0.5141519 secs] [Times: user=3.91 sys=0.17, real=0.51 secs] 
2018-04-15T13:07:40.264+0800: 215019.260: [GC (Allocation Failure) 2018-04-15T13:07:40.264+0800: 215019.260: [ParNew: 11873780K->142632K(13212096K), 0.4977987 secs] 82150027K->70421254K(187275712K), 0.4982051 secs] [Times: user=3.65 sys=0.31, real=0.50 secs] 
2018-04-15T13:08:30.783+0800: 215069.779: [GC (Allocation Failure) 2018-04-15T13:08:30.783+0800: 215069.779: [ParNew: 11886760K->127665K(13212096K), 0.7460447 secs] 82165382K->70410514K(187275712K), 0.7464628 secs] [Times: user=4.93 sys=0.97, real=0.74 secs] 
2018-04-15T13:09:37.652+0800: 215136.648: [GC (Allocation Failure) 2018-04-15T13:09:37.652+0800: 215136.648: [ParNew: 11871793K->76356K(13212096K), 0.5817399 secs] 82154642K->70367149K(187275712K), 0.5821426 secs] [Times: user=3.72 sys=0.89, real=0.58 secs] 
2018-04-15T13:09:50.994+0800: 215149.990: [GC (Allocation Failure) 2018-04-15T13:09:50.994+0800: 215149.990: [ParNew: 11820484K->84442K(13212096K), 0.4405565 secs] 82111277K->70379263K(187275712K), 0.4409518 secs] [Times: user=3.43 sys=0.08, real=0.44 secs] 
2018-04-15T13:11:01.592+0800: 215220.588: [GC (Allocation Failure) 2018-04-15T13:11:01.592+0800: 215220.588: [ParNew: 11828570K->91117K(13212096K), 0.7606108 secs] 82123391K->70388181K(187275712K), 0.7610217 secs] [Times: user=4.07 sys=1.96, real=0.76 secs] 
2018-04-15T13:11:41.347+0800: 215260.343: [GC (Allocation Failure) 2018-04-15T13:11:41.347+0800: 215260.343: [ParNew: 11835245K->130394K(13212096K), 0.6294356 secs] 82132309K->70429697K(187275712K), 0.6298358 secs] [Times: user=4.91 sys=0.10, real=0.63 secs] 
2018-04-15T13:12:12.871+0800: 215291.867: [GC (Allocation Failure) 2018-04-15T13:12:12.871+0800: 215291.867: [ParNew: 11874522K->141296K(13212096K), 0.6229346 secs] 82173825K->70443018K(187275712K), 0.6233540 secs] [Times: user=3.36 sys=1.57, real=0.63 secs] 
2018-04-15T13:12:44.501+0800: 215323.497: [GC (Allocation Failure) 2018-04-15T13:12:44.501+0800: 215323.497: [ParNew: 11885424K->148812K(13212096K), 0.5699429 secs] 82187146K->70457592K(187275712K), 0.5703490 secs] [Times: user=3.87 sys=0.65, real=0.57 secs] 
2018-04-15T13:13:31.144+0800: 215370.141: [GC (Allocation Failure) 2018-04-15T13:13:31.145+0800: 215370.141: [ParNew: 11892940K->123034K(13212096K), 0.5529009 secs] 82201720K->70443819K(187275712K), 0.5533037 secs] [Times: user=3.92 sys=0.47, real=0.55 secs] 
2018-04-15T13:14:20.040+0800: 215419.036: [GC (Allocation Failure) 2018-04-15T13:14:20.040+0800: 215419.036: [ParNew: 11867162K->98822K(13212096K), 0.6541848 secs] 82187947K->70424391K(187275712K), 0.6546188 secs] [Times: user=4.16 sys=1.02, real=0.66 secs] 
2018-04-15T13:14:48.333+0800: 215447.329: [GC (Allocation Failure) 2018-04-15T13:14:48.333+0800: 215447.329: [ParNew: 11842950K->64759K(13212096K), 0.5705735 secs] 82168519K->70394266K(187275712K), 0.5709783 secs] [Times: user=3.78 sys=0.75, real=0.57 secs] 
2018-04-15T13:14:56.612+0800: 215455.608: [GC (Allocation Failure) 2018-04-15T13:14:56.612+0800: 215455.608: [ParNew: 11808887K->60800K(13212096K), 0.4241301 secs] 82138394K->70392700K(187275712K), 0.4248111 secs] [Times: user=2.55 sys=0.83, real=0.42 secs] 
2018-04-15T13:15:04.025+0800: 215463.021: [GC (Allocation Failure) 2018-04-15T13:15:04.025+0800: 215463.021: [ParNew: 11804928K->75221K(13212096K), 0.5638830 secs] 82136828K->70409892K(187275712K), 0.5644281 secs] [Times: user=3.00 sys=1.48, real=0.56 secs] 
2018-04-15T13:15:12.726+0800: 215471.722: [GC (Allocation Failure) 2018-04-15T13:15:12.726+0800: 215471.722: [ParNew: 11819349K->100523K(13212096K), 0.4484497 secs] 82154020K->70441509K(187275712K), 0.4488492 secs] [Times: user=3.57 sys=0.00, real=0.45 secs] 
2018-04-15T13:15:42.894+0800: 215501.890: [GC (Allocation Failure) 2018-04-15T13:15:42.895+0800: 215501.891: [ParNew: 11844651K->69599K(13212096K), 0.4974733 secs] 82185637K->70417711K(187275712K), 0.4978838 secs] [Times: user=3.39 sys=0.55, real=0.50 secs] 
2018-04-15T13:15:52.473+0800: 215511.469: [GC (Allocation Failure) 2018-04-15T13:15:52.473+0800: 215511.469: [ParNew: 11813727K->43031K(13212096K), 0.3996750 secs] 82161839K->70399127K(187275712K), 0.4000778 secs] [Times: user=3.18 sys=0.00, real=0.40 secs] 
2018-04-15T13:16:35.814+0800: 215554.810: [GC (Allocation Failure) 2018-04-15T13:16:35.815+0800: 215554.811: [ParNew: 11787159K->43953K(13212096K), 0.7876700 secs] 82143255K->70407198K(187275712K), 0.7880883 secs] [Times: user=4.87 sys=1.38, real=0.79 secs] 
2018-04-15T13:18:12.742+0800: 215651.739: [GC (Allocation Failure) 2018-04-15T13:18:12.743+0800: 215651.739: [ParNew: 11788081K->64574K(13212096K), 0.8888756 secs] 82151326K->70427947K(187275712K), 0.8892955 secs] [Times: user=4.54 sys=2.37, real=0.89 secs] 
2018-04-15T13:19:49.182+0800: 215748.178: [GC (Allocation Failure) 2018-04-15T13:19:49.182+0800: 215748.178: [ParNew: 11808702K->92027K(13212096K), 0.7543590 secs] 82172075K->70456571K(187275712K), 0.7547698 secs] [Times: user=4.64 sys=1.33, real=0.75 secs] 
2018-04-15T13:20:24.000+0800: 215782.996: [GC (Allocation Failure) 2018-04-15T13:20:24.000+0800: 215782.996: [ParNew: 11836155K->115075K(13212096K), 0.6790609 secs] 82200699K->70481826K(187275712K), 0.6794675 secs] [Times: user=3.52 sys=1.82, real=0.68 secs] 
2018-04-15T13:20:47.101+0800: 215806.097: [GC (Allocation Failure) 2018-04-15T13:20:47.101+0800: 215806.098: [ParNew: 11859203K->134776K(13212096K), 0.4895087 secs] 82225954K->70503235K(187275712K), 0.4899096 secs] [Times: user=3.50 sys=0.37, real=0.49 secs] 
2018-04-15T13:21:04.557+0800: 215823.553: [GC (Allocation Failure) 2018-04-15T13:21:04.557+0800: 215823.553: [ParNew: 11878904K->167682K(13212096K), 0.5841197 secs] 82247363K->70536700K(187275712K), 0.5845273 secs] [Times: user=4.12 sys=0.54, real=0.59 secs] 
2018-04-15T13:21:18.785+0800: 215837.781: [GC (Allocation Failure) 2018-04-15T13:21:18.785+0800: 215837.781: [ParNew: 11911810K->137338K(13212096K), 0.5876126 secs] 82280828K->70508797K(187275712K), 0.5880284 secs] [Times: user=3.46 sys=1.19, real=0.59 secs] 
2018-04-15T13:21:35.610+0800: 215854.606: [GC (Allocation Failure) 2018-04-15T13:21:35.611+0800: 215854.607: [ParNew: 11881466K->86303K(13212096K), 0.5458941 secs] 82252925K->70472658K(187275712K), 0.5462869 secs] [Times: user=3.84 sys=0.49, real=0.55 secs] 
2018-04-15T13:22:44.493+0800: 215923.489: [GC (Allocation Failure) 2018-04-15T13:22:44.493+0800: 215923.489: [ParNew: 11830431K->71886K(13212096K), 0.8087196 secs] 82216786K->70468129K(187275712K), 0.8091363 secs] [Times: user=5.29 sys=1.07, real=0.81 secs] 
2018-04-15T13:24:28.102+0800: 216027.098: [GC (Allocation Failure) 2018-04-15T13:24:28.102+0800: 216027.098: [ParNew: 11816014K->78840K(13212096K), 0.8202747 secs] 82212257K->70482422K(187275712K), 0.8206802 secs] [Times: user=4.42 sys=2.09, real=0.82 secs] 
2018-04-15T13:24:43.117+0800: 216042.113: [GC (Allocation Failure) 2018-04-15T13:24:43.117+0800: 216042.113: [ParNew: 11822968K->122879K(13212096K), 0.5170891 secs] 82226550K->70529794K(187275712K), 0.5174901 secs] [Times: user=3.95 sys=0.17, real=0.52 secs] 
2018-04-15T13:25:12.773+0800: 216071.769: [GC (Allocation Failure) 2018-04-15T13:25:12.774+0800: 216071.770: [ParNew: 11867007K->123404K(13212096K), 0.6331635 secs] 82273922K->70532741K(187275712K), 0.6335743 secs] [Times: user=3.61 sys=1.39, real=0.63 secs] 
2018-04-15T13:25:35.057+0800: 216094.053: [GC (Allocation Failure) 2018-04-15T13:25:35.057+0800: 216094.053: [ParNew: 11867532K->112082K(13212096K), 0.4760056 secs] 82276869K->70521694K(187275712K), 0.4763950 secs] [Times: user=3.35 sys=0.45, real=0.48 secs] 
2018-04-15T13:25:47.063+0800: 216106.059: [GC (Allocation Failure) 2018-04-15T13:25:47.063+0800: 216106.059: [ParNew: 11856210K->101132K(13212096K), 0.4496439 secs] 82265822K->70512156K(187275712K), 0.4500438 secs] [Times: user=3.43 sys=0.15, real=0.45 secs] 
2018-04-15T13:26:06.060+0800: 216125.056: [GC (Allocation Failure) 2018-04-15T13:26:06.060+0800: 216125.056: [ParNew: 11845260K->94185K(13212096K), 0.5518860 secs] 82256284K->70516968K(187275712K), 0.5522829 secs] [Times: user=3.26 sys=1.11, real=0.56 secs] 
2018-04-15T13:27:30.078+0800: 216209.074: [GC (Allocation Failure) 2018-04-15T13:27:30.079+0800: 216209.075: [ParNew: 11838313K->91274K(13212096K), 0.9118907 secs] 82261096K->70526042K(187275712K), 0.9122861 secs] [Times: user=5.79 sys=1.44, real=0.91 secs] 
2018-04-15T13:27:53.112+0800: 216232.108: [GC (Allocation Failure) 2018-04-15T13:27:53.112+0800: 216232.108: [ParNew: 11835402K->109334K(13212096K), 0.5272440 secs] 82270170K->70547923K(187275712K), 0.5276962 secs] [Times: user=3.97 sys=0.22, real=0.52 secs] 
2018-04-15T13:28:10.055+0800: 216249.051: [GC (Allocation Failure) 2018-04-15T13:28:10.055+0800: 216249.051: [ParNew: 11853462K->115185K(13212096K), 0.6527904 secs] 82292051K->70560191K(187275712K), 0.6531775 secs] [Times: user=3.87 sys=1.31, real=0.65 secs] 
2018-04-15T13:29:50.979+0800: 216349.975: [GC (Allocation Failure) 2018-04-15T13:29:50.980+0800: 216349.976: [ParNew: 11859313K->98962K(13212096K), 0.5618411 secs] 82304319K->70545275K(187275712K), 0.5622432 secs] [Times: user=3.54 sys=0.92, real=0.57 secs] 
2018-04-15T13:30:16.617+0800: 216375.613: [GC (Allocation Failure) 2018-04-15T13:30:16.617+0800: 216375.613: [ParNew: 11843090K->121865K(13212096K), 0.5901592 secs] 82289403K->70568446K(187275712K), 0.5905678 secs] [Times: user=3.46 sys=1.22, real=0.59 secs] 
2018-04-15T13:30:36.287+0800: 216395.283: [GC (Allocation Failure) 2018-04-15T13:30:36.287+0800: 216395.283: [ParNew: 11865993K->151876K(13212096K), 0.4954582 secs] 82312574K->70599828K(187275712K), 0.4958592 secs] [Times: user=3.66 sys=0.27, real=0.50 secs] 
2018-04-15T13:30:52.577+0800: 216411.573: [GC (Allocation Failure) 2018-04-15T13:30:52.578+0800: 216411.574: [ParNew: 11896004K->132337K(13212096K), 0.4952787 secs] 82343956K->70588680K(187275712K), 0.4956772 secs] [Times: user=3.67 sys=0.26, real=0.50 secs] 
2018-04-15T13:32:11.068+0800: 216490.064: [GC (Allocation Failure) 2018-04-15T13:32:11.069+0800: 216490.065: [ParNew: 11876465K->89597K(13212096K), 0.7232091 secs] 82332808K->70550598K(187275712K), 0.7236187 secs] [Times: user=4.07 sys=1.64, real=0.73 secs] 
2018-04-15T13:34:13.667+0800: 216612.663: [GC (Allocation Failure) 2018-04-15T13:34:13.667+0800: 216612.663: [ParNew: 11833725K->58048K(13212096K), 0.8428746 secs] 82294726K->70523823K(187275712K), 0.8432722 secs] [Times: user=5.69 sys=1.00, real=0.84 secs] 
2018-04-15T13:34:45.994+0800: 216644.990: [GC (Allocation Failure) 2018-04-15T13:34:45.994+0800: 216644.990: [ParNew: 11802176K->59646K(13212096K), 0.6428503 secs] 82267951K->70534179K(187275712K), 0.6432708 secs] [Times: user=3.80 sys=1.28, real=0.64 secs] 
2018-04-15T13:34:53.007+0800: 216652.003: [GC (Allocation Failure) 2018-04-15T13:34:53.007+0800: 216652.003: [ParNew: 11803774K->61567K(13212096K), 0.3875732 secs] 82278307K->70536779K(187275712K), 0.3879969 secs] [Times: user=2.26 sys=0.83, real=0.39 secs] 
2018-04-15T13:35:00.218+0800: 216659.214: [GC (Allocation Failure) 2018-04-15T13:35:00.218+0800: 216659.214: [ParNew: 11805695K->71472K(13212096K), 0.4337070 secs] 82280907K->70550418K(187275712K), 0.4341006 secs] [Times: user=2.75 sys=0.70, real=0.44 secs] 
2018-04-15T13:35:07.584+0800: 216666.580: [GC (Allocation Failure) 2018-04-15T13:35:07.584+0800: 216666.580: [ParNew: 11815600K->70596K(13212096K), 0.4291263 secs] 82294546K->70554404K(187275712K), 0.4295220 secs] [Times: user=3.39 sys=0.02, real=0.43 secs] 
2018-04-15T13:35:50.408+0800: 216709.404: [GC (Allocation Failure) 2018-04-15T13:35:50.408+0800: 216709.404: [ParNew: 11814724K->53638K(13212096K), 0.4610532 secs] 82298532K->70541572K(187275712K), 0.4614551 secs] [Times: user=3.36 sys=0.29, real=0.46 secs] 
2018-04-15T13:37:41.665+0800: 216820.661: [GC (Allocation Failure) 2018-04-15T13:37:41.665+0800: 216820.661: [ParNew: 11797766K->54515K(13212096K), 0.8772502 secs] 82285700K->70549472K(187275712K), 0.8776457 secs] [Times: user=4.62 sys=2.32, real=0.88 secs] 
2018-04-15T13:38:08.491+0800: 216847.487: [GC (Allocation Failure) 2018-04-15T13:38:08.491+0800: 216847.487: [ParNew: 11798643K->48452K(13212096K), 0.4276275 secs] 82293600K->70546287K(187275712K), 0.4280319 secs] [Times: user=3.16 sys=0.23, real=0.42 secs] 
2018-04-15T13:39:50.869+0800: 216949.865: [GC (Allocation Failure) 2018-04-15T13:39:50.870+0800: 216949.866: [ParNew: 11792580K->63464K(13212096K), 0.8723921 secs] 82290415K->70561473K(187275712K), 0.8727817 secs] [Times: user=5.01 sys=1.90, real=0.88 secs] 
2018-04-15T13:40:16.215+0800: 216975.211: [GC (Allocation Failure) 2018-04-15T13:40:16.215+0800: 216975.211: [ParNew: 11807592K->61081K(13212096K), 0.5561168 secs] 82305601K->70560013K(187275712K), 0.5565034 secs] [Times: user=4.03 sys=0.39, real=0.56 secs] 
2018-04-15T13:40:29.348+0800: 216988.344: [GC (Allocation Failure) 2018-04-15T13:40:29.348+0800: 216988.344: [ParNew: 11805209K->85202K(13212096K), 0.5776829 secs] 82304141K->70584249K(187275712K), 0.5780760 secs] [Times: user=3.41 sys=1.16, real=0.58 secs] 
2018-04-15T13:40:38.870+0800: 216997.866: [GC (Allocation Failure) 2018-04-15T13:40:38.870+0800: 216997.866: [ParNew: 11829330K->88239K(13212096K), 0.4313530 secs] 82328377K->70590239K(187275712K), 0.4317393 secs] [Times: user=2.41 sys=1.03, real=0.44 secs] 
2018-04-15T13:40:47.924+0800: 217006.920: [GC (Allocation Failure) 2018-04-15T13:40:47.924+0800: 217006.920: [ParNew: 11832367K->100772K(13212096K), 0.4573238 secs] 82334367K->70609454K(187275712K), 0.4577098 secs] [Times: user=3.50 sys=0.14, real=0.46 secs] 
2018-04-15T13:41:01.828+0800: 217020.824: [GC (Allocation Failure) 2018-04-15T13:41:01.828+0800: 217020.824: [ParNew: 11844900K->123800K(13212096K), 0.4618233 secs] 82353582K->70633405K(187275712K), 0.4622076 secs] [Times: user=3.53 sys=0.14, real=0.46 secs] 
2018-04-15T13:41:33.736+0800: 217052.732: [GC (Allocation Failure) 2018-04-15T13:41:33.736+0800: 217052.732: [ParNew: 11867928K->134919K(13212096K), 0.6333367 secs] 82377533K->70660908K(187275712K), 0.6337416 secs] [Times: user=4.56 sys=0.42, real=0.63 secs] 
2018-04-15T13:41:57.492+0800: 217076.489: [GC (Allocation Failure) 2018-04-15T13:41:57.493+0800: 217076.489: [ParNew: 11879047K->91126K(13212096K), 0.5326531 secs] 82405036K->70620151K(187275712K), 0.5330441 secs] [Times: user=3.72 sys=0.52, real=0.53 secs] 
2018-04-15T13:42:12.433+0800: 217091.429: [GC (Allocation Failure) 2018-04-15T13:42:12.433+0800: 217091.429: [ParNew: 11835254K->116394K(13212096K), 0.4410802 secs] 82364279K->70648356K(187275712K), 0.4414750 secs] [Times: user=3.41 sys=0.11, real=0.44 secs] 
2018-04-15T13:42:32.467+0800: 217111.463: [GC (Allocation Failure) 2018-04-15T13:42:32.467+0800: 217111.463: [ParNew: 11860522K->119750K(13212096K), 0.6037705 secs] 82392484K->70654123K(187275712K), 0.6041840 secs] [Times: user=3.05 sys=1.73, real=0.61 secs] 
2018-04-15T13:42:53.909+0800: 217132.905: [GC (Allocation Failure) 2018-04-15T13:42:53.909+0800: 217132.905: [ParNew: 11863878K->116562K(13212096K), 0.5139740 secs] 82398251K->70653517K(187275712K), 0.5143788 secs] [Times: user=2.72 sys=1.37, real=0.52 secs] 
2018-04-15T13:43:05.215+0800: 217144.211: [GC (Allocation Failure) 2018-04-15T13:43:05.215+0800: 217144.211: [ParNew: 11860690K->120322K(13212096K), 0.4700409 secs] 82397645K->70660048K(187275712K), 0.4704292 secs] [Times: user=3.58 sys=0.15, real=0.47 secs] 
2018-04-15T13:43:12.017+0800: 217151.013: [GC (Allocation Failure) 2018-04-15T13:43:12.017+0800: 217151.013: [ParNew: 11864450K->134319K(13212096K), 0.4775775 secs] 82404176K->70677920K(187275712K), 0.4779685 secs] [Times: user=3.73 sys=0.06, real=0.48 secs] 
2018-04-15T13:43:19.049+0800: 217158.045: [GC (Allocation Failure) 2018-04-15T13:43:19.049+0800: 217158.045: [ParNew: 11878447K->115345K(13212096K), 0.4116875 secs] 82422048K->70660732K(187275712K), 0.4120846 secs] [Times: user=3.27 sys=0.00, real=0.42 secs] 
2018-04-15T13:43:28.618+0800: 217167.614: [GC (Allocation Failure) 2018-04-15T13:43:28.619+0800: 217167.615: [ParNew: 11859473K->81244K(13212096K), 0.5580085 secs] 82404860K->70629540K(187275712K), 0.5584181 secs] [Times: user=2.93 sys=1.49, real=0.56 secs] 
2018-04-15T13:43:48.409+0800: 217187.405: [GC (Allocation Failure) 2018-04-15T13:43:48.409+0800: 217187.405: [ParNew: 11825372K->90157K(13212096K), 0.4829447 secs] 82373668K->70642751K(187275712K), 0.4833393 secs] [Times: user=3.67 sys=0.17, real=0.49 secs] 
2018-04-15T13:44:29.168+0800: 217228.164: [GC (Allocation Failure) 2018-04-15T13:44:29.168+0800: 217228.164: [ParNew: 11834285K->75883K(13212096K), 0.4884595 secs] 82386879K->70633435K(187275712K), 0.4888521 secs] [Times: user=3.26 sys=0.63, real=0.49 secs] 
2018-04-15T13:44:38.764+0800: 217237.760: [GC (Allocation Failure) 2018-04-15T13:44:38.764+0800: 217237.760: [ParNew: 11820011K->97801K(13212096K), 0.5454796 secs] 82377563K->70656652K(187275712K), 0.5458967 secs] [Times: user=3.25 sys=1.07, real=0.54 secs] 
2018-04-15T13:44:46.190+0800: 217245.187: [GC (Allocation Failure) 2018-04-15T13:44:46.191+0800: 217245.187: [ParNew: 11841929K->112220K(13212096K), 0.4323672 secs] 82400780K->70672889K(187275712K), 0.4327479 secs] [Times: user=3.44 sys=0.00, real=0.44 secs] 
2018-04-15T13:44:52.284+0800: 217251.281: [GC (Allocation Failure) 2018-04-15T13:44:52.285+0800: 217251.281: [ParNew: 11856348K->129810K(13212096K), 0.4621312 secs] 82417017K->70691771K(187275712K), 0.4625229 secs] [Times: user=3.62 sys=0.07, real=0.46 secs] 
2018-04-15T13:44:59.872+0800: 217258.868: [GC (Allocation Failure) 2018-04-15T13:44:59.872+0800: 217258.868: [ParNew: 11873938K->151663K(13212096K), 0.4621199 secs] 82435899K->70716455K(187275712K), 0.4625059 secs] [Times: user=3.62 sys=0.04, real=0.46 secs] 
2018-04-15T13:45:10.544+0800: 217269.540: [GC (Allocation Failure) 2018-04-15T13:45:10.545+0800: 217269.541: [ParNew: 11895791K->185005K(13212096K), 0.5374111 secs] 82460583K->70752428K(187275712K), 0.5377919 secs] [Times: user=4.02 sys=0.25, real=0.54 secs] 
2018-04-15T13:45:25.542+0800: 217284.538: [GC (Allocation Failure) 2018-04-15T13:45:25.542+0800: 217284.538: [ParNew: 11929133K->217695K(13212096K), 0.5311477 secs] 82496556K->70792223K(187275712K), 0.5315388 secs] [Times: user=3.93 sys=0.28, real=0.53 secs] 
2018-04-15T13:45:35.472+0800: 217294.469: [GC (Allocation Failure) 2018-04-15T13:45:35.473+0800: 217294.469: [ParNew: 11961823K->154540K(13212096K), 0.6059664 secs] 82536351K->70730996K(187275712K), 0.6063650 secs] [Times: user=3.18 sys=1.64, real=0.60 secs] 
2018-04-15T13:45:42.822+0800: 217301.818: [GC (Allocation Failure) 2018-04-15T13:45:42.823+0800: 217301.819: [ParNew: 11898668K->108393K(13212096K), 0.4255266 secs] 82475124K->70685651K(187275712K), 0.4259221 secs] [Times: user=3.39 sys=0.00, real=0.42 secs] 
2018-04-15T13:45:51.265+0800: 217310.261: [GC (Allocation Failure) 2018-04-15T13:45:51.265+0800: 217310.261: [ParNew: 11852521K->110694K(13212096K), 0.4942961 secs] 82429779K->70692853K(187275712K), 0.4946781 secs] [Times: user=3.68 sys=0.27, real=0.49 secs] 
2018-04-15T13:45:59.666+0800: 217318.662: [GC (Allocation Failure) 2018-04-15T13:45:59.666+0800: 217318.662: [ParNew: 11854822K->123132K(13212096K), 0.4475694 secs] 82436981K->70707061K(187275712K), 0.4479490 secs] [Times: user=3.52 sys=0.04, real=0.45 secs] 
2018-04-15T13:46:37.159+0800: 217356.155: [GC (Allocation Failure) 2018-04-15T13:46:37.159+0800: 217356.155: [ParNew: 11867260K->87487K(13212096K), 0.6738125 secs] 82451189K->70675352K(187275712K), 0.6742081 secs] [Times: user=3.24 sys=2.08, real=0.68 secs] 
2018-04-15T13:47:21.492+0800: 217400.488: [GC (Allocation Failure) 2018-04-15T13:47:21.493+0800: 217400.489: [ParNew: 11831615K->73925K(13212096K), 0.7261467 secs] 82419480K->70667993K(187275712K), 0.7265457 secs] [Times: user=4.05 sys=1.73, real=0.72 secs] 
2018-04-15T13:48:04.518+0800: 217443.514: [GC (Allocation Failure) 2018-04-15T13:48:04.518+0800: 217443.514: [ParNew: 11818053K->75378K(13212096K), 0.6944353 secs] 82412121K->70673317K(187275712K), 0.6948445 secs] [Times: user=4.01 sys=1.50, real=0.70 secs] 
2018-04-15T13:50:15.536+0800: 217574.532: [GC (Allocation Failure) 2018-04-15T13:50:15.536+0800: 217574.532: [ParNew: 11819506K->102439K(13212096K), 0.7440483 secs] 82417445K->70701425K(187275712K), 0.7444472 secs] [Times: user=5.04 sys=0.85, real=0.74 secs] 
2018-04-15T13:51:41.981+0800: 217660.977: [GC (Allocation Failure) 2018-04-15T13:51:41.981+0800: 217660.977: [ParNew: 11846567K->110251K(13212096K), 0.9193305 secs] 82445553K->70712056K(187275712K), 0.9197376 secs] [Times: user=5.24 sys=2.01, real=0.92 secs] 
2018-04-15T13:54:34.411+0800: 217833.407: [GC (Allocation Failure) 2018-04-15T13:54:34.411+0800: 217833.407: [ParNew: 11854379K->138385K(13212096K), 1.1540447 secs] 82456184K->70742235K(187275712K), 1.1544693 secs] [Times: user=5.95 sys=3.16, real=1.16 secs] 
2018-04-15T13:55:03.894+0800: 217862.891: [GC (Allocation Failure) 2018-04-15T13:55:03.895+0800: 217862.891: [ParNew: 11882513K->110726K(13212096K), 0.6214142 secs] 82486363K->70722747K(187275712K), 0.6218480 secs] [Times: user=3.33 sys=1.57, real=0.62 secs] 
2018-04-15T13:56:38.428+0800: 217957.424: [GC (Allocation Failure) 2018-04-15T13:56:38.428+0800: 217957.424: [ParNew: 11854854K->114919K(13212096K), 0.9726497 secs] 82466875K->70736582K(187275712K), 0.9730406 secs] [Times: user=6.29 sys=1.36, real=0.97 secs] 
2018-04-15T13:57:04.494+0800: 217983.490: [GC (Allocation Failure) 2018-04-15T13:57:04.494+0800: 217983.490: [ParNew: 11859047K->105927K(13212096K), 0.8153009 secs] 82480710K->70731219K(187275712K), 0.8157146 secs] [Times: user=4.31 sys=2.12, real=0.81 secs] 
2018-04-15T13:57:16.072+0800: 217995.068: [GC (Allocation Failure) 2018-04-15T13:57:16.072+0800: 217995.068: [ParNew: 11850055K->95480K(13212096K), 0.4555669 secs] 82475347K->70730210K(187275712K), 0.4559529 secs] [Times: user=3.55 sys=0.06, real=0.45 secs] 
2018-04-15T13:57:29.631+0800: 218008.627: [GC (Allocation Failure) 2018-04-15T13:57:29.632+0800: 218008.628: [ParNew: 11839608K->76337K(13212096K), 0.5405381 secs] 82474338K->70720113K(187275712K), 0.5409091 secs] [Times: user=3.74 sys=0.54, real=0.54 secs] 
2018-04-15T13:57:43.227+0800: 218022.223: [GC (Allocation Failure) 2018-04-15T13:57:43.227+0800: 218022.223: [ParNew: 11820465K->72007K(13212096K), 0.4748765 secs] 82464241K->70725668K(187275712K), 0.4752465 secs] [Times: user=3.56 sys=0.20, real=0.48 secs] 
2018-04-15T13:57:53.935+0800: 218032.931: [GC (Allocation Failure) 2018-04-15T13:57:53.935+0800: 218032.931: [ParNew: 11816135K->69317K(13212096K), 0.4109777 secs] 82469796K->70728013K(187275712K), 0.4113473 secs] [Times: user=3.27 sys=0.00, real=0.41 secs] 
2018-04-15T13:58:06.305+0800: 218045.301: [GC (Allocation Failure) 2018-04-15T13:58:06.305+0800: 218045.301: [ParNew: 11813445K->62684K(13212096K), 0.6115573 secs] 82472141K->70736271K(187275712K), 0.6119670 secs] [Times: user=3.33 sys=1.49, real=0.61 secs] 
2018-04-15T13:58:44.185+0800: 218083.181: [GC (Allocation Failure) 2018-04-15T13:58:44.189+0800: 218083.185: [ParNew: 11806812K->38517K(13212096K), 0.6556170 secs] 82480399K->70723483K(187275712K), 0.6601680 secs] [Times: user=4.37 sys=0.81, real=0.66 secs] 
2018-04-15T13:59:08.111+0800: 218107.107: [GC (Allocation Failure) 2018-04-15T13:59:08.111+0800: 218107.107: [ParNew: 11782645K->71565K(13212096K), 0.5870162 secs] 82467611K->70756967K(187275712K), 0.5874009 secs] [Times: user=4.66 sys=0.00, real=0.59 secs] 
2018-04-15T13:59:19.004+0800: 218118.001: [GC (Allocation Failure) 2018-04-15T13:59:19.005+0800: 218118.001: [ParNew: 11815693K->132859K(13212096K), 0.5773195 secs] 82501095K->70818621K(187275712K), 0.5777404 secs] [Times: user=3.50 sys=1.05, real=0.58 secs] 
2018-04-15T13:59:28.872+0800: 218127.868: [GC (Allocation Failure) 2018-04-15T13:59:28.872+0800: 218127.868: [ParNew: 11876987K->152714K(13212096K), 0.4664371 secs] 82562749K->70839453K(187275712K), 0.4668339 secs] [Times: user=3.54 sys=0.17, real=0.46 secs] 
2018-04-15T13:59:51.005+0800: 218150.001: [GC (Allocation Failure) 2018-04-15T13:59:51.006+0800: 218150.002: [ParNew: 11896842K->119913K(13212096K), 0.5338435 secs] 82583581K->70807766K(187275712K), 0.5342457 secs] [Times: user=3.70 sys=0.54, real=0.53 secs] 
2018-04-15T14:00:31.417+0800: 218190.413: [GC (Allocation Failure) 2018-04-15T14:00:31.417+0800: 218190.413: [ParNew: 11864041K->65998K(13212096K), 0.6577588 secs] 82551894K->70755305K(187275712K), 0.6581825 secs] [Times: user=3.47 sys=1.72, real=0.66 secs] 
2018-04-15T14:00:40.227+0800: 218199.223: [GC (Allocation Failure) 2018-04-15T14:00:40.228+0800: 218199.224: [ParNew: 11810126K->73528K(13212096K), 0.4343655 secs] 82499433K->70767498K(187275712K), 0.4347646 secs] [Times: user=2.57 sys=0.89, real=0.44 secs] 
2018-04-15T14:03:11.638+0800: 218350.634: [GC (Allocation Failure) 2018-04-15T14:03:11.638+0800: 218350.634: [ParNew: 11817656K->78431K(13212096K), 0.9139770 secs] 82511626K->70775599K(187275712K), 0.9144170 secs] [Times: user=5.72 sys=1.48, real=0.92 secs] 
2018-04-15T14:03:32.122+0800: 218371.118: [GC (Allocation Failure) 2018-04-15T14:03:32.122+0800: 218371.118: [ParNew: 11822559K->126726K(13212096K), 0.5959901 secs] 82519727K->70826838K(187275712K), 0.5963949 secs] [Times: user=3.76 sys=0.98, real=0.59 secs] 
2018-04-15T14:05:42.042+0800: 218501.038: [GC (Allocation Failure) 2018-04-15T14:05:42.042+0800: 218501.038: [ParNew: 11870854K->92727K(13212096K), 0.8450504 secs] 82570966K->70793806K(187275712K), 0.8454730 secs] [Times: user=5.09 sys=1.58, real=0.84 secs] 
2018-04-15T14:08:47.183+0800: 218686.179: [GC (Allocation Failure) 2018-04-15T14:08:47.183+0800: 218686.179: [ParNew: 11836855K->108619K(13212096K), 1.0794492 secs] 82537934K->70811446K(187275712K), 1.0798626 secs] [Times: user=6.45 sys=2.09, real=1.08 secs] 
2018-04-15T14:09:19.045+0800: 218718.041: [GC (Allocation Failure) 2018-04-15T14:09:19.045+0800: 218718.041: [ParNew: 11852747K->149986K(13212096K), 0.6873686 secs] 82555574K->70854038K(187275712K), 0.6877988 secs] [Times: user=4.78 sys=0.66, real=0.69 secs] 
2018-04-15T14:09:42.723+0800: 218741.719: [GC (Allocation Failure) 2018-04-15T14:09:42.723+0800: 218741.719: [ParNew: 11894114K->164184K(13212096K), 0.4689925 secs] 82598166K->70868606K(187275712K), 0.4694127 secs] [Times: user=3.58 sys=0.16, real=0.47 secs] 
2018-04-15T14:10:02.082+0800: 218761.078: [GC (Allocation Failure) 2018-04-15T14:10:02.082+0800: 218761.078: [ParNew: 11908312K->166872K(13212096K), 0.4668693 secs] 82612734K->70877820K(187275712K), 0.4672956 secs] [Times: user=3.49 sys=0.21, real=0.46 secs] 
2018-04-15T14:10:42.726+0800: 218801.722: [GC (Allocation Failure) 2018-04-15T14:10:42.726+0800: 218801.722: [ParNew: 11911000K->152718K(13212096K), 0.6374522 secs] 82621948K->70875325K(187275712K), 0.6378770 secs] [Times: user=3.38 sys=1.66, real=0.64 secs] 
2018-04-15T14:12:03.080+0800: 218882.076: [GC (Allocation Failure) 2018-04-15T14:12:03.080+0800: 218882.076: [ParNew: 11896846K->113019K(13212096K), 0.8937939 secs] 82619453K->70849273K(187275712K), 0.8942217 secs] [Times: user=5.51 sys=1.58, real=0.90 secs] 
2018-04-15T14:12:16.415+0800: 218895.411: [GC (Allocation Failure) 2018-04-15T14:12:16.415+0800: 218895.411: [ParNew: 11857147K->56538K(13212096K), 0.4922272 secs] 82593401K->70801632K(187275712K), 0.4926514 secs] [Times: user=3.63 sys=0.27, real=0.49 secs] 
2018-04-15T14:12:22.927+0800: 218901.923: [GC (Allocation Failure) 2018-04-15T14:12:22.927+0800: 218901.923: [ParNew: 11800666K->61761K(13212096K), 0.4361736 secs] 82545760K->70808118K(187275712K), 0.4365884 secs] [Times: user=2.24 sys=1.22, real=0.44 secs] 
2018-04-15T14:12:32.309+0800: 218911.305: [GC (Allocation Failure) 2018-04-15T14:12:32.309+0800: 218911.305: [ParNew: 11805889K->61573K(13212096K), 0.4778218 secs] 82552246K->70809719K(187275712K), 0.4782386 secs] [Times: user=3.56 sys=0.24, real=0.48 secs] 
2018-04-15T14:12:41.110+0800: 218920.106: [GC (Allocation Failure) 2018-04-15T14:12:41.111+0800: 218920.107: [ParNew: 11805701K->50397K(13212096K), 0.4085161 secs] 82553847K->70799692K(187275712K), 0.4089246 secs] [Times: user=2.24 sys=1.01, real=0.41 secs] 
2018-04-15T14:12:47.928+0800: 218926.924: [GC (Allocation Failure) 2018-04-15T14:12:47.929+0800: 218926.925: [ParNew: 11794525K->47538K(13212096K), 0.3925081 secs] 82543820K->70802003K(187275712K), 0.3929204 secs] [Times: user=3.12 sys=0.00, real=0.40 secs] 
2018-04-15T14:12:54.801+0800: 218933.797: [GC (Allocation Failure) 2018-04-15T14:12:54.802+0800: 218933.798: [ParNew: 11791666K->32882K(13212096K), 0.4472857 secs] 82546131K->70797044K(187275712K), 0.4476936 secs] [Times: user=3.50 sys=0.04, real=0.44 secs] 
2018-04-15T14:13:15.280+0800: 218954.276: [GC (Allocation Failure) 2018-04-15T14:13:15.280+0800: 218954.276: [ParNew: 11777010K->23951K(13212096K), 0.4443001 secs] 82541172K->70792053K(187275712K), 0.4447079 secs] [Times: user=3.41 sys=0.12, real=0.45 secs] 
2018-04-15T14:14:37.208+0800: 219036.204: [GC (Allocation Failure) 2018-04-15T14:14:37.209+0800: 219036.205: [ParNew: 11768079K->51339K(13212096K), 0.7026384 secs] 82536181K->70820167K(187275712K), 0.7030550 secs] [Times: user=3.51 sys=2.03, real=0.71 secs] 
2018-04-15T14:16:48.352+0800: 219167.348: [GC (Allocation Failure) 2018-04-15T14:16:48.352+0800: 219167.348: [ParNew: 11795467K->68686K(13212096K), 0.8903068 secs] 82564295K->70837868K(187275712K), 0.8907353 secs] [Times: user=5.39 sys=1.64, real=0.89 secs] 
2018-04-15T14:17:06.865+0800: 219185.861: [GC (Allocation Failure) 2018-04-15T14:17:06.865+0800: 219185.862: [ParNew: 11812814K->79463K(13212096K), 0.4856529 secs] 82581996K->70849124K(187275712K), 0.4860871 secs] [Times: user=2.74 sys=1.13, real=0.49 secs] 
2018-04-15T14:17:40.745+0800: 219219.741: [GC (Allocation Failure) 2018-04-15T14:17:40.746+0800: 219219.742: [ParNew: 11823591K->84399K(13212096K), 0.6801207 secs] 82593252K->70854267K(187275712K), 0.6805389 secs] [Times: user=4.16 sys=1.24, real=0.68 secs] 
2018-04-15T14:18:02.776+0800: 219241.772: [GC (Allocation Failure) 2018-04-15T14:18:02.776+0800: 219241.772: [ParNew: 11828527K->82018K(13212096K), 0.6343661 secs] 82598395K->70852041K(187275712K), 0.6348097 secs] [Times: user=3.60 sys=1.42, real=0.63 secs] 
2018-04-15T14:18:24.117+0800: 219263.113: [GC (Allocation Failure) 2018-04-15T14:18:24.117+0800: 219263.114: [ParNew: 11826146K->105759K(13212096K), 0.5171872 secs] 82596169K->70876851K(187275712K), 0.5176054 secs] [Times: user=3.72 sys=0.40, real=0.52 secs] 
2018-04-15T14:18:42.703+0800: 219281.699: [GC (Allocation Failure) 2018-04-15T14:18:42.703+0800: 219281.699: [ParNew: 11849887K->128381K(13212096K), 0.4762053 secs] 82620979K->70904322K(187275712K), 0.4766206 secs] [Times: user=3.41 sys=0.37, real=0.47 secs] 
2018-04-15T14:18:55.913+0800: 219294.909: [GC (Allocation Failure) 2018-04-15T14:18:55.913+0800: 219294.909: [ParNew: 11872509K->136026K(13212096K), 0.5189209 secs] 82648450K->70932384K(187275712K), 0.5193360 secs] [Times: user=3.80 sys=0.29, real=0.52 secs] 
2018-04-15T14:19:04.350+0800: 219303.346: [GC (Allocation Failure) 2018-04-15T14:19:04.350+0800: 219303.346: [ParNew: 11880154K->112565K(13212096K), 0.5771203 secs] 82676512K->70910088K(187275712K), 0.5775338 secs] [Times: user=3.02 sys=1.54, real=0.58 secs] 
2018-04-15T14:19:14.641+0800: 219313.637: [GC (Allocation Failure) 2018-04-15T14:19:14.641+0800: 219313.637: [ParNew: 11856693K->139972K(13212096K), 0.4776325 secs] 82654216K->70940176K(187275712K), 0.4780569 secs] [Times: user=3.70 sys=0.09, real=0.48 secs] 
2018-04-15T14:19:25.031+0800: 219324.027: [GC (Allocation Failure) 2018-04-15T14:19:25.031+0800: 219324.027: [ParNew: 11884100K->92832K(13212096K), 0.4869351 secs] 82684304K->70894705K(187275712K), 0.4873421 secs] [Times: user=3.58 sys=0.30, real=0.48 secs] 
2018-04-15T14:19:40.077+0800: 219339.073: [GC (Allocation Failure) 2018-04-15T14:19:40.077+0800: 219339.073: [ParNew: 11836960K->78829K(13212096K), 0.5347791 secs] 82638833K->70886977K(187275712K), 0.5351996 secs] [Times: user=3.74 sys=0.51, real=0.54 secs] 
2018-04-15T14:20:23.177+0800: 219382.173: [GC (Allocation Failure) 2018-04-15T14:20:23.177+0800: 219382.173: [ParNew: 11822957K->54430K(13212096K), 0.6645198 secs] 82631105K->70863920K(187275712K), 0.6649434 secs] [Times: user=3.82 sys=1.44, real=0.67 secs] 
2018-04-15T14:20:47.528+0800: 219406.524: [GC (Allocation Failure) 2018-04-15T14:20:47.528+0800: 219406.525: [ParNew: 11798558K->46774K(13212096K), 0.5580216 secs] 82608048K->70857375K(187275712K), 0.5584221 secs] [Times: user=3.67 sys=0.76, real=0.56 secs] 
2018-04-15T14:21:31.096+0800: 219450.092: [GC (Allocation Failure) 2018-04-15T14:21:31.097+0800: 219450.093: [ParNew: 11790902K->51762K(13212096K), 0.6569704 secs] 82601503K->70862798K(187275712K), 0.6573950 secs] [Times: user=3.08 sys=2.09, real=0.66 secs] 
2018-04-15T14:22:35.826+0800: 219514.822: [GC (Allocation Failure) 2018-04-15T14:22:35.827+0800: 219514.823: [ParNew: 11795890K->97031K(13212096K), 0.6193767 secs] 82606926K->70908299K(187275712K), 0.6197819 secs] [Times: user=4.00 sys=0.93, real=0.62 secs] 
2018-04-15T14:23:19.239+0800: 219558.235: [GC (Allocation Failure) 2018-04-15T14:23:19.239+0800: 219558.235: [ParNew: 11841159K->89864K(13212096K), 0.6806355 secs] 82652427K->70901412K(187275712K), 0.6810610 secs] [Times: user=3.33 sys=2.04, real=0.68 secs] 
2018-04-15T14:24:14.141+0800: 219613.137: [GC (Allocation Failure) 2018-04-15T14:24:14.141+0800: 219613.137: [ParNew: 11833992K->73702K(13212096K), 0.6410250 secs] 82645540K->70885916K(187275712K), 0.6414484 secs] [Times: user=3.94 sys=1.16, real=0.65 secs] 
2018-04-15T14:25:18.866+0800: 219677.862: [GC (Allocation Failure) 2018-04-15T14:25:18.867+0800: 219677.863: [ParNew: 11817830K->73296K(13212096K), 0.6363364 secs] 82630044K->70889670K(187275712K), 0.6367658 secs] [Times: user=4.37 sys=0.66, real=0.64 secs] 
2018-04-15T14:25:29.904+0800: 219688.900: [GC (Allocation Failure) 2018-04-15T14:25:29.905+0800: 219688.901: [ParNew: 11817424K->75101K(13212096K), 0.6021208 secs] 82633798K->70894667K(187275712K), 0.6025417 secs] [Times: user=4.04 sys=0.73, real=0.60 secs] 
2018-04-15T14:25:44.296+0800: 219703.292: [GC (Allocation Failure) 2018-04-15T14:25:44.296+0800: 219703.293: [ParNew: 11819229K->46694K(13212096K), 0.5364871 secs] 82638795K->70877205K(187275712K), 0.5369978 secs] [Times: user=4.06 sys=0.20, real=0.54 secs] 
2018-04-15T14:25:57.630+0800: 219716.626: [GC (Allocation Failure) 2018-04-15T14:25:57.630+0800: 219716.626: [ParNew: 11790822K->54686K(13212096K), 0.5318460 secs] 82621333K->70897307K(187275712K), 0.5322793 secs] [Times: user=3.90 sys=0.32, real=0.54 secs] 
2018-04-15T14:26:33.882+0800: 219752.878: [GC (Allocation Failure) 2018-04-15T14:26:33.883+0800: 219752.879: [ParNew: 11798814K->32203K(13212096K), 0.6365363 secs] 82641435K->70878753K(187275712K), 0.6369802 secs] [Times: user=3.04 sys=1.97, real=0.63 secs] 
2018-04-15T14:26:47.135+0800: 219766.131: [GC (Allocation Failure) 2018-04-15T14:26:47.135+0800: 219766.132: [ParNew: 11776331K->24015K(13212096K), 0.3896863 secs] 82622881K->70873005K(187275712K), 0.3901115 secs] [Times: user=2.23 sys=0.86, real=0.39 secs] 
2018-04-15T14:27:43.970+0800: 219822.966: [GC (Allocation Failure) 2018-04-15T14:27:43.970+0800: 219822.966: [ParNew: 11768143K->27362K(13212096K), 0.5743757 secs] 82617133K->70880391K(187275712K), 0.5748001 secs] [Times: user=3.71 sys=0.86, real=0.58 secs] 
2018-04-15T14:28:59.900+0800: 219898.896: [GC (Allocation Failure) 2018-04-15T14:28:59.900+0800: 219898.896: [ParNew: 11771490K->35922K(13212096K), 0.6804190 secs] 82624519K->70889241K(187275712K), 0.6808519 secs] [Times: user=3.39 sys=1.99, real=0.68 secs] 
2018-04-15T14:29:09.326+0800: 219908.322: [GC (Allocation Failure) 2018-04-15T14:29:09.326+0800: 219908.322: [ParNew: 11780050K->38845K(13212096K), 0.4855059 secs] 82633369K->70892974K(187275712K), 0.4859364 secs] [Times: user=3.70 sys=0.17, real=0.49 secs] 
2018-04-15T14:29:33.545+0800: 219932.541: [GC (Allocation Failure) 2018-04-15T14:29:33.545+0800: 219932.541: [ParNew: 11782973K->73432K(13212096K), 0.5306746 secs] 82637102K->70928197K(187275712K), 0.5311084 secs] [Times: user=3.76 sys=0.45, real=0.53 secs] 
2018-04-15T14:29:50.777+0800: 219949.773: [GC (Allocation Failure) 2018-04-15T14:29:50.777+0800: 219949.773: [ParNew: 11817560K->110519K(13212096K), 0.6399167 secs] 82672325K->70966594K(187275712K), 0.6403601 secs] [Times: user=3.80 sys=1.27, real=0.64 secs] 
2018-04-15T14:30:01.757+0800: 219960.753: [GC (Allocation Failure) 2018-04-15T14:30:01.757+0800: 219960.753: [ParNew: 11854647K->138511K(13212096K), 0.4882195 secs] 82710722K->70995242K(187275712K), 0.4886498 secs] [Times: user=3.73 sys=0.16, real=0.49 secs] 
2018-04-15T14:30:12.523+0800: 219971.519: [GC (Allocation Failure) 2018-04-15T14:30:12.523+0800: 219971.519: [ParNew: 11882639K->118382K(13212096K), 0.4640400 secs] 82739370K->70976801K(187275712K), 0.4644624 secs] [Times: user=3.55 sys=0.16, real=0.46 secs] 
2018-04-15T14:30:37.075+0800: 219996.071: [GC (Allocation Failure) 2018-04-15T14:30:37.075+0800: 219996.071: [ParNew: 11862510K->116252K(13212096K), 0.4731955 secs] 82720929K->70981206K(187275712K), 0.4736194 secs] [Times: user=3.53 sys=0.23, real=0.47 secs] 
2018-04-15T14:31:04.617+0800: 220023.613: [GC (Allocation Failure) 2018-04-15T14:31:04.617+0800: 220023.613: [ParNew: 11860380K->80237K(13212096K), 0.6558586 secs] 82725334K->70948846K(187275712K), 0.6563051 secs] [Times: user=3.61 sys=1.55, real=0.66 secs] 
2018-04-15T14:31:22.552+0800: 220041.548: [GC (Allocation Failure) 2018-04-15T14:31:22.552+0800: 220041.548: [ParNew: 11824365K->90269K(13212096K), 0.4756218 secs] 82692974K->70962619K(187275712K), 0.4760490 secs] [Times: user=3.64 sys=0.13, real=0.47 secs] 
2018-04-15T14:33:07.345+0800: 220146.341: [GC (Allocation Failure) 2018-04-15T14:33:07.345+0800: 220146.341: [ParNew: 11834397K->73883K(13212096K), 0.7566087 secs] 82706747K->70946970K(187275712K), 0.7570420 secs] [Times: user=4.55 sys=1.45, real=0.76 secs] 
2018-04-15T14:35:32.799+0800: 220291.795: [GC (Allocation Failure) 2018-04-15T14:35:32.799+0800: 220291.795: [ParNew: 11818011K->71005K(13212096K), 0.8736173 secs] 82691098K->70944145K(187275712K), 0.8740532 secs] [Times: user=3.94 sys=2.97, real=0.88 secs] 
2018-04-15T14:36:44.117+0800: 220363.113: [GC (Allocation Failure) 2018-04-15T14:36:44.117+0800: 220363.113: [ParNew: 11815133K->117653K(13212096K), 0.7211687 secs] 82688273K->70990919K(187275712K), 0.7216067 secs] [Times: user=5.01 sys=0.70, real=0.72 secs] 
2018-04-15T14:37:23.593+0800: 220402.589: [GC (Allocation Failure) 2018-04-15T14:37:23.594+0800: 220402.590: [ParNew: 11861781K->144406K(13212096K), 0.6416289 secs] 82735047K->71018510K(187275712K), 0.6420531 secs] [Times: user=3.94 sys=1.17, real=0.64 secs] 
2018-04-15T14:37:56.317+0800: 220435.313: [GC (Allocation Failure) 2018-04-15T14:37:56.317+0800: 220435.313: [ParNew: 11888534K->137312K(13212096K), 0.6169440 secs] 82762638K->71013983K(187275712K), 0.6173660 secs] [Times: user=4.16 sys=0.75, real=0.62 secs] 
2018-04-15T14:38:34.817+0800: 220473.813: [GC (Allocation Failure) 2018-04-15T14:38:34.817+0800: 220473.813: [ParNew: 11881440K->154330K(13212096K), 0.6037462 secs] 82758111K->71032090K(187275712K), 0.6041823 secs] [Times: user=3.46 sys=1.33, real=0.60 secs] 
2018-04-15T14:38:56.208+0800: 220495.204: [GC (Allocation Failure) 2018-04-15T14:38:56.209+0800: 220495.205: [ParNew: 11898458K->153980K(13212096K), 0.5492280 secs] 82776218K->71039232K(187275712K), 0.5496493 secs] [Times: user=3.92 sys=0.43, real=0.55 secs] 
2018-04-15T14:39:30.672+0800: 220529.668: [GC (Allocation Failure) 2018-04-15T14:39:30.672+0800: 220529.668: [ParNew: 11898108K->163433K(13212096K), 0.7027633 secs] 82783360K->71062285K(187275712K), 0.7031960 secs] [Times: user=3.35 sys=2.18, real=0.70 secs] 
2018-04-15T14:39:53.340+0800: 220552.336: [GC (Allocation Failure) 2018-04-15T14:39:53.341+0800: 220552.337: [ParNew: 11907561K->155892K(13212096K), 0.5427805 secs] 82806413K->71064010K(187275712K), 0.5432041 secs] [Times: user=3.96 sys=0.34, real=0.55 secs] 
2018-04-15T14:40:10.852+0800: 220569.848: [GC (Allocation Failure) 2018-04-15T14:40:10.853+0800: 220569.849: [ParNew: 11900020K->146594K(13212096K), 0.5300549 secs] 82808138K->71060364K(187275712K), 0.5304706 secs] [Times: user=3.74 sys=0.48, real=0.53 secs] 
2018-04-15T14:40:32.022+0800: 220591.018: [GC (Allocation Failure) 2018-04-15T14:40:32.023+0800: 220591.019: [ParNew: 11890722K->146663K(13212096K), 0.6746458 secs] 82804492K->71068329K(187275712K), 0.6750703 secs] [Times: user=3.55 sys=1.79, real=0.67 secs] 
2018-04-15T14:40:46.219+0800: 220605.215: [GC (Allocation Failure) 2018-04-15T14:40:46.219+0800: 220605.215: [ParNew: 11890791K->177244K(13212096K), 0.5704722 secs] 82812457K->71102901K(187275712K), 0.5708887 secs] [Times: user=4.19 sys=0.35, real=0.57 secs] 
2018-04-15T14:40:56.564+0800: 220615.560: [GC (Allocation Failure) 2018-04-15T14:40:56.564+0800: 220615.560: [ParNew: 11921372K->179482K(13212096K), 0.5480651 secs] 82847029K->71106552K(187275712K), 0.5484828 secs] [Times: user=3.93 sys=0.42, real=0.55 secs] 
2018-04-15T14:41:16.511+0800: 220635.507: [GC (Allocation Failure) 2018-04-15T14:41:16.511+0800: 220635.507: [ParNew: 11923610K->128091K(13212096K), 0.5865065 secs] 82850680K->71058447K(187275712K), 0.5869309 secs] [Times: user=3.88 sys=0.78, real=0.59 secs] 
2018-04-15T14:41:29.980+0800: 220648.976: [GC (Allocation Failure) 2018-04-15T14:41:29.980+0800: 220648.976: [ParNew: 11872219K->104172K(13212096K), 0.6251155 secs] 82802575K->71038845K(187275712K), 0.6255489 secs] [Times: user=4.26 sys=0.68, real=0.63 secs] 
2018-04-15T14:41:36.993+0800: 220655.989: [GC (Allocation Failure) 2018-04-15T14:41:36.993+0800: 220655.989: [ParNew: 11848300K->135281K(13212096K), 0.4793954 secs] 82782973K->71074295K(187275712K), 0.4798067 secs] [Times: user=3.80 sys=0.00, real=0.48 secs] 
2018-04-15T14:41:45.104+0800: 220664.100: [GC (Allocation Failure) 2018-04-15T14:41:45.104+0800: 220664.100: [ParNew: 11879409K->108635K(13212096K), 0.4991033 secs] 82818423K->71053369K(187275712K), 0.4995172 secs] [Times: user=3.85 sys=0.11, real=0.50 secs] 
2018-04-15T14:41:53.392+0800: 220672.388: [GC (Allocation Failure) 2018-04-15T14:41:53.392+0800: 220672.388: [ParNew: 11852763K->88291K(13212096K), 0.4932747 secs] 82797497K->71037765K(187275712K), 0.4936891 secs] [Times: user=3.77 sys=0.15, real=0.49 secs] 
2018-04-15T14:42:01.701+0800: 220680.697: [GC (Allocation Failure) 2018-04-15T14:42:01.701+0800: 220680.697: [ParNew: 11832419K->85564K(13212096K), 0.4537994 secs] 82781893K->71037839K(187275712K), 0.4542068 secs] [Times: user=3.56 sys=0.05, real=0.46 secs] 
2018-04-15T14:42:10.407+0800: 220689.403: [GC (Allocation Failure) 2018-04-15T14:42:10.407+0800: 220689.403: [ParNew: 11829692K->82916K(13212096K), 0.4522071 secs] 82781967K->71041761K(187275712K), 0.4526197 secs] [Times: user=3.06 sys=0.52, real=0.45 secs] 
2018-04-15T14:42:17.557+0800: 220696.553: [GC (Allocation Failure) 2018-04-15T14:42:17.557+0800: 220696.553: [ParNew: 11827044K->97519K(13212096K), 0.5763001 secs] 82785889K->71061076K(187275712K), 0.5767237 secs] [Times: user=3.97 sys=0.57, real=0.58 secs] 
2018-04-15T14:42:25.339+0800: 220704.335: [GC (Allocation Failure) 2018-04-15T14:42:25.339+0800: 220704.335: [ParNew: 11841647K->85194K(13212096K), 0.4311496 secs] 82805204K->71049753K(187275712K), 0.4315671 secs] [Times: user=3.43 sys=0.00, real=0.43 secs] 
2018-04-15T14:42:34.629+0800: 220713.625: [GC (Allocation Failure) 2018-04-15T14:42:34.629+0800: 220713.625: [ParNew: 11829322K->82704K(13212096K), 0.4919771 secs] 82793881K->71050001K(187275712K), 0.4923821 secs] [Times: user=3.73 sys=0.18, real=0.49 secs] 
2018-04-15T14:42:50.125+0800: 220729.121: [GC (Allocation Failure) 2018-04-15T14:42:50.125+0800: 220729.121: [ParNew: 11826832K->69547K(13212096K), 0.5305472 secs] 82794129K->71039485K(187275712K), 0.5309489 secs] [Times: user=3.63 sys=0.58, real=0.53 secs] 
2018-04-15T14:43:03.001+0800: 220741.997: [GC (Allocation Failure) 2018-04-15T14:43:03.001+0800: 220741.997: [ParNew: 11813675K->50184K(13212096K), 0.4628427 secs] 82783613K->71021176K(187275712K), 0.4632484 secs] [Times: user=3.59 sys=0.10, real=0.47 secs] 
2018-04-15T14:43:12.808+0800: 220751.805: [GC (Allocation Failure) 2018-04-15T14:43:12.809+0800: 220751.805: [ParNew: 11794312K->59159K(13212096K), 0.5901948 secs] 82765304K->71032684K(187275712K), 0.5906156 secs] [Times: user=2.98 sys=1.68, real=0.59 secs] 
2018-04-15T14:43:27.301+0800: 220766.297: [GC (Allocation Failure) 2018-04-15T14:43:27.301+0800: 220766.297: [ParNew: 11803287K->63461K(13212096K), 0.4324258 secs] 82776812K->71040053K(187275712K), 0.4328381 secs] [Times: user=2.45 sys=0.98, real=0.44 secs] 
2018-04-15T14:43:45.563+0800: 220784.559: [GC (Allocation Failure) 2018-04-15T14:43:45.564+0800: 220784.560: [ParNew: 11807589K->88169K(13212096K), 0.6186864 secs] 82784181K->71066602K(187275712K), 0.6190994 secs] [Times: user=4.12 sys=0.79, real=0.62 secs] 
2018-04-15T14:44:10.777+0800: 220809.773: [GC (Allocation Failure) 2018-04-15T14:44:10.777+0800: 220809.773: [ParNew: 11832297K->63534K(13212096K), 0.4635243 secs] 82810730K->71043879K(187275712K), 0.4642352 secs] [Times: user=3.41 sys=0.25, real=0.46 secs] 
2018-04-15T14:44:45.727+0800: 220844.723: [GC (Allocation Failure) 2018-04-15T14:44:45.727+0800: 220844.723: [ParNew: 11807662K->61024K(13212096K), 0.6149202 secs] 82788007K->71042688K(187275712K), 0.6153442 secs] [Times: user=4.01 sys=0.85, real=0.62 secs] 
2018-04-15T14:46:07.360+0800: 220926.356: [GC (Allocation Failure) 2018-04-15T14:46:07.360+0800: 220926.356: [ParNew: 11805152K->80954K(13212096K), 0.8081720 secs] 82786816K->71063415K(187275712K), 0.8085875 secs] [Times: user=5.07 sys=1.34, real=0.81 secs] 
2018-04-15T14:47:55.546+0800: 221034.542: [GC (Allocation Failure) 2018-04-15T14:47:55.546+0800: 221034.542: [ParNew: 11825082K->126258K(13212096K), 0.8279488 secs] 82807543K->71110642K(187275712K), 0.8283665 secs] [Times: user=5.03 sys=1.46, real=0.83 secs] 
2018-04-15T14:49:04.657+0800: 221103.653: [GC (Allocation Failure) 2018-04-15T14:49:04.657+0800: 221103.653: [ParNew: 11870386K->136564K(13212096K), 0.6371292 secs] 82854770K->71122535K(187275712K), 0.6375385 secs] [Times: user=5.04 sys=0.00, real=0.64 secs] 
2018-04-15T14:49:36.993+0800: 221135.990: [GC (Allocation Failure) 2018-04-15T14:49:36.994+0800: 221135.990: [ParNew: 11880692K->144463K(13212096K), 0.6713735 secs] 82866663K->71132609K(187275712K), 0.6718091 secs] [Times: user=3.75 sys=1.57, real=0.67 secs] 
2018-04-15T14:50:33.284+0800: 221192.280: [GC (Allocation Failure) 2018-04-15T14:50:33.284+0800: 221192.280: [ParNew: 11888591K->117939K(13212096K), 0.7134316 secs] 82876737K->71109959K(187275712K), 0.7138596 secs] [Times: user=5.32 sys=0.35, real=0.71 secs] 
2018-04-15T14:53:14.158+0800: 221353.154: [GC (Allocation Failure) 2018-04-15T14:53:14.158+0800: 221353.154: [ParNew: 11862067K->109927K(13212096K), 1.0898463 secs] 82854087K->71105013K(187275712K), 1.0902919 secs] [Times: user=5.94 sys=2.70, real=1.09 secs] 
2018-04-15T14:55:49.920+0800: 221508.916: [GC (Allocation Failure) 2018-04-15T14:55:49.920+0800: 221508.916: [ParNew: 11854055K->132074K(13212096K), 0.9958745 secs] 82849141K->71132310K(187275712K), 0.9963012 secs] [Times: user=5.01 sys=2.86, real=1.00 secs] 
2018-04-15T14:56:10.230+0800: 221529.226: [GC (Allocation Failure) 2018-04-15T14:56:10.230+0800: 221529.226: [ParNew: 11876202K->163281K(13212096K), 0.5631553 secs] 82876438K->71174605K(187275712K), 0.5635946 secs] [Times: user=3.33 sys=1.13, real=0.57 secs] 
2018-04-15T14:56:21.452+0800: 221540.449: [GC (Allocation Failure) 2018-04-15T14:56:21.453+0800: 221540.449: [ParNew: 11907409K->207490K(13212096K), 0.4707322 secs] 82918733K->71224436K(187275712K), 0.4711631 secs] [Times: user=3.60 sys=0.14, real=0.47 secs] 
2018-04-15T14:56:37.667+0800: 221556.663: [GC (Allocation Failure) 2018-04-15T14:56:37.667+0800: 221556.663: [ParNew: 11951618K->208278K(13212096K), 0.6006627 secs] 82968564K->71236305K(187275712K), 0.6010383 secs] [Times: user=3.13 sys=1.61, real=0.60 secs] 
2018-04-15T14:56:57.301+0800: 221576.297: [GC (Allocation Failure) 2018-04-15T14:56:57.302+0800: 221576.298: [ParNew: 11952406K->198688K(13212096K), 0.5564764 secs] 82980433K->71232767K(187275712K), 0.5568963 secs] [Times: user=3.66 sys=0.77, real=0.55 secs] 
2018-04-15T14:57:18.524+0800: 221597.520: [GC (Allocation Failure) 2018-04-15T14:57:18.524+0800: 221597.520: [ParNew: 11942816K->142869K(13212096K), 0.5235447 secs] 82976895K->71185828K(187275712K), 0.5239784 secs] [Times: user=3.78 sys=0.39, real=0.52 secs] 
2018-04-15T14:57:28.678+0800: 221607.674: [GC (Allocation Failure) 2018-04-15T14:57:28.678+0800: 221607.674: [ParNew: 11886997K->134388K(13212096K), 0.5905250 secs] 82929956K->71194819K(187275712K), 0.5909457 secs] [Times: user=3.11 sys=1.55, real=0.59 secs] 
2018-04-15T14:57:53.484+0800: 221632.480: [GC (Allocation Failure) 2018-04-15T14:57:53.484+0800: 221632.480: [ParNew: 11878516K->86796K(13212096K), 0.4997580 secs] 82938947K->71155573K(187275712K), 0.5001771 secs] [Times: user=3.47 sys=0.49, real=0.50 secs] 
2018-04-15T14:58:21.147+0800: 221660.143: [GC (Allocation Failure) 2018-04-15T14:58:21.148+0800: 221660.144: [ParNew: 11830924K->49378K(13212096K), 0.4429516 secs] 82899701K->71118710K(187275712K), 0.4433545 secs] [Times: user=3.47 sys=0.05, real=0.44 secs] 
2018-04-15T14:58:34.379+0800: 221673.375: [GC (Allocation Failure) 2018-04-15T14:58:34.380+0800: 221673.376: [ParNew: 11793506K->36704K(13212096K), 0.6066470 secs] 82862838K->71106342K(187275712K), 0.6070614 secs] [Times: user=2.85 sys=1.94, real=0.61 secs] 
2018-04-15T14:59:45.523+0800: 221744.519: [GC (Allocation Failure) 2018-04-15T14:59:45.523+0800: 221744.519: [ParNew: 11780832K->38825K(13212096K), 0.7854923 secs] 82850470K->71108698K(187275712K), 0.7859107 secs] [Times: user=5.52 sys=0.73, real=0.78 secs] 
2018-04-15T14:59:53.460+0800: 221752.456: [GC (Allocation Failure) 2018-04-15T14:59:53.460+0800: 221752.456: [ParNew: 11782953K->38351K(13212096K), 0.4064277 secs] 82852826K->71109061K(187275712K), 0.4068310 secs] [Times: user=3.24 sys=0.00, real=0.41 secs] 
2018-04-15T15:00:01.177+0800: 221760.173: [GC (Allocation Failure) 2018-04-15T15:00:01.177+0800: 221760.173: [ParNew: 11782479K->42978K(13212096K), 0.5849416 secs] 82853189K->71113818K(187275712K), 0.5853609 secs] [Times: user=2.88 sys=1.74, real=0.59 secs] 
2018-04-15T15:00:34.131+0800: 221793.128: [GC (Allocation Failure) 2018-04-15T15:00:34.132+0800: 221793.128: [ParNew: 11787106K->39781K(13212096K), 0.4891373 secs] 82857946K->71113691K(187275712K), 0.4895500 secs] [Times: user=3.45 sys=0.44, real=0.48 secs] 
2018-04-15T15:00:48.384+0800: 221807.380: [GC (Allocation Failure) 2018-04-15T15:00:48.384+0800: 221807.380: [ParNew: 11783909K->42031K(13212096K), 0.5021929 secs] 82857819K->71117618K(187275712K), 0.5025946 secs] [Times: user=3.61 sys=0.37, real=0.50 secs] 
2018-04-15T15:01:47.364+0800: 221866.360: [GC (Allocation Failure) 2018-04-15T15:01:47.364+0800: 221866.360: [ParNew: 11786159K->42335K(13212096K), 0.6385757 secs] 82861746K->71118785K(187275712K), 0.6390006 secs] [Times: user=3.38 sys=1.68, real=0.64 secs] 
2018-04-15T15:03:13.104+0800: 221952.100: [GC (Allocation Failure) 2018-04-15T15:03:13.104+0800: 221952.100: [ParNew: 11786463K->78007K(13212096K), 0.7246809 secs] 82862913K->71158668K(187275712K), 0.7250522 secs] [Times: user=4.32 sys=1.42, real=0.72 secs] 
2018-04-15T15:04:11.524+0800: 222010.520: [GC (Allocation Failure) 2018-04-15T15:04:11.524+0800: 222010.520: [ParNew: 11822135K->67174K(13212096K), 0.6422942 secs] 82902796K->71148054K(187275712K), 0.6427363 secs] [Times: user=3.43 sys=1.64, real=0.64 secs] 
2018-04-15T15:05:10.931+0800: 222069.927: [GC (Allocation Failure) 2018-04-15T15:05:10.932+0800: 222069.928: [ParNew: 11811302K->62282K(13212096K), 0.6161470 secs] 82892182K->71143415K(187275712K), 0.6165829 secs] [Times: user=3.79 sys=1.12, real=0.61 secs] 
2018-04-15T15:05:44.732+0800: 222103.728: [GC (Allocation Failure) 2018-04-15T15:05:44.732+0800: 222103.728: [ParNew: 11806410K->65820K(13212096K), 0.6505629 secs] 82887543K->71148270K(187275712K), 0.6509844 secs] [Times: user=3.68 sys=1.46, real=0.65 secs] 
2018-04-15T15:06:11.096+0800: 222130.092: [GC (Allocation Failure) 2018-04-15T15:06:11.096+0800: 222130.092: [ParNew: 11809948K->71197K(13212096K), 0.5145468 secs] 82892398K->71154778K(187275712K), 0.5149766 secs] [Times: user=4.08 sys=0.01, real=0.51 secs] 
2018-04-15T15:06:48.370+0800: 222167.366: [GC (Allocation Failure) 2018-04-15T15:06:48.370+0800: 222167.366: [ParNew: 11815325K->64719K(13212096K), 0.4404869 secs] 82898906K->71150384K(187275712K), 0.4409097 secs] [Times: user=3.24 sys=0.27, real=0.44 secs] 
2018-04-15T15:07:25.764+0800: 222204.760: [GC (Allocation Failure) 2018-04-15T15:07:25.765+0800: 222204.761: [ParNew: 11808847K->88570K(13212096K), 0.6602146 secs] 82894512K->71182328K(187275712K), 0.6606347 secs] [Times: user=3.40 sys=1.81, real=0.66 secs] 
2018-04-15T15:07:46.782+0800: 222225.778: [GC (Allocation Failure) 2018-04-15T15:07:46.782+0800: 222225.778: [ParNew: 11832698K->93261K(13212096K), 0.5012543 secs] 82926456K->71190626K(187275712K), 0.5016753 secs] [Times: user=3.68 sys=0.30, real=0.50 secs] 
2018-04-15T15:08:01.893+0800: 222240.889: [GC (Allocation Failure) 2018-04-15T15:08:01.893+0800: 222240.889: [ParNew: 11837389K->107178K(13212096K), 0.4292114 secs] 82934754K->71209572K(187275712K), 0.4296210 secs] [Times: user=2.44 sys=0.95, real=0.43 secs] 
2018-04-15T15:08:16.257+0800: 222255.253: [GC (Allocation Failure) 2018-04-15T15:08:16.257+0800: 222255.253: [ParNew: 11851306K->93666K(13212096K), 0.6067569 secs] 82953700K->71199253K(187275712K), 0.6071861 secs] [Times: user=3.50 sys=1.28, real=0.61 secs] 
2018-04-15T15:08:29.192+0800: 222268.188: [GC (Allocation Failure) 2018-04-15T15:08:29.193+0800: 222268.189: [ParNew: 11837794K->102576K(13212096K), 0.4656604 secs] 82943381K->71209260K(187275712K), 0.4660715 secs] [Times: user=3.44 sys=0.25, real=0.46 secs] 
2018-04-15T15:08:48.033+0800: 222287.029: [GC (Allocation Failure) 2018-04-15T15:08:48.033+0800: 222287.030: [ParNew: 11846704K->117833K(13212096K), 0.5158583 secs] 82953388K->71226245K(187275712K), 0.5162213 secs] [Times: user=3.71 sys=0.38, real=0.51 secs] 
2018-04-15T15:09:10.922+0800: 222309.919: [GC (Allocation Failure) 2018-04-15T15:09:10.923+0800: 222309.919: [ParNew: 11861961K->101826K(13212096K), 0.6056815 secs] 82970373K->71215631K(187275712K), 0.6061108 secs] [Times: user=3.01 sys=1.77, real=0.60 secs] 
2018-04-15T15:09:19.838+0800: 222318.834: [GC (Allocation Failure) 2018-04-15T15:09:19.838+0800: 222318.834: [ParNew: 11845954K->72792K(13212096K), 0.3975116 secs] 82959759K->71189683K(187275712K), 0.3979364 secs] [Times: user=2.39 sys=0.77, real=0.40 secs] 
2018-04-15T15:09:26.996+0800: 222325.992: [GC (Allocation Failure) 2018-04-15T15:09:26.997+0800: 222325.993: [ParNew: 11816920K->79909K(13212096K), 0.4246218 secs] 82933811K->71199232K(187275712K), 0.4250356 secs] [Times: user=3.35 sys=0.03, real=0.43 secs] 
2018-04-15T15:09:33.620+0800: 222332.616: [GC (Allocation Failure) 2018-04-15T15:09:33.620+0800: 222332.616: [ParNew: 11824037K->66870K(13212096K), 0.4497460 secs] 82943360K->71189270K(187275712K), 0.4501626 secs] [Times: user=2.43 sys=1.15, real=0.45 secs] 
2018-04-15T15:09:43.667+0800: 222342.663: [GC (Allocation Failure) 2018-04-15T15:09:43.667+0800: 222342.663: [ParNew: 11810998K->73281K(13212096K), 0.4613351 secs] 82933398K->71199053K(187275712K), 0.4617537 secs] [Times: user=3.52 sys=0.14, real=0.46 secs] 
2018-04-15T15:09:50.709+0800: 222349.706: [GC (Allocation Failure) 2018-04-15T15:09:50.710+0800: 222349.706: [ParNew: 11817409K->75138K(13212096K), 0.4084842 secs] 82943181K->71207588K(187275712K), 0.4088986 secs] [Times: user=3.25 sys=0.00, real=0.41 secs] 
2018-04-15T15:09:56.965+0800: 222355.962: [GC (Allocation Failure) 2018-04-15T15:09:56.966+0800: 222355.962: [ParNew: 11819266K->56345K(13212096K), 0.5377469 secs] 82951716K->71191899K(187275712K), 0.5381666 secs] [Times: user=3.29 sys=0.96, real=0.54 secs] 
2018-04-15T15:10:06.226+0800: 222365.222: [GC (Allocation Failure) 2018-04-15T15:10:06.226+0800: 222365.222: [ParNew: 11800473K->59624K(13212096K), 0.4291943 secs] 82936027K->71195975K(187275712K), 0.4296092 secs] [Times: user=3.41 sys=0.00, real=0.43 secs] 
2018-04-15T15:10:32.893+0800: 222391.889: [GC (Allocation Failure) 2018-04-15T15:10:32.893+0800: 222391.889: [ParNew: 11803752K->54236K(13212096K), 0.5886316 secs] 82940103K->71191189K(187275712K), 0.5890426 secs] [Times: user=3.69 sys=0.99, real=0.59 secs] 
2018-04-15T15:10:57.421+0800: 222416.417: [GC (Allocation Failure) 2018-04-15T15:10:57.421+0800: 222416.417: [ParNew: 11798364K->80113K(13212096K), 0.4805592 secs] 82935317K->71217894K(187275712K), 0.4809790 secs] [Times: user=3.63 sys=0.20, real=0.49 secs] 
2018-04-15T15:11:15.218+0800: 222434.214: [GC (Allocation Failure) 2018-04-15T15:11:15.218+0800: 222434.214: [ParNew: 11824241K->67222K(13212096K), 0.6064835 secs] 82962022K->71206561K(187275712K), 0.6069111 secs] [Times: user=3.47 sys=1.31, real=0.61 secs] 
2018-04-15T15:11:35.068+0800: 222454.064: [GC (Allocation Failure) 2018-04-15T15:11:35.068+0800: 222454.064: [ParNew: 11811350K->67995K(13212096K), 0.4896404 secs] 82950689K->71208962K(187275712K), 0.4900616 secs] [Times: user=3.59 sys=0.30, real=0.49 secs] 
2018-04-15T15:12:20.643+0800: 222499.639: [GC (Allocation Failure) 2018-04-15T15:12:20.643+0800: 222499.639: [ParNew: 11812123K->71488K(13212096K), 0.5359450 secs] 82953090K->71212949K(187275712K), 0.5363993 secs] [Times: user=3.65 sys=0.60, real=0.53 secs] 
2018-04-15T15:14:25.638+0800: 222624.634: [GC (Allocation Failure) 2018-04-15T15:14:25.638+0800: 222624.634: [ParNew: 11815616K->74975K(13212096K), 0.8854507 secs] 82957077K->71217258K(187275712K), 0.8858107 secs] [Times: user=5.25 sys=1.78, real=0.89 secs] 
2018-04-15T15:16:21.783+0800: 222740.779: [GC (Allocation Failure) 2018-04-15T15:16:21.783+0800: 222740.779: [ParNew: 11819103K->95637K(13212096K), 0.8414585 secs] 82961386K->71239973K(187275712K), 0.8418909 secs] [Times: user=5.07 sys=1.51, real=0.84 secs] 
2018-04-15T15:18:39.181+0800: 222878.177: [GC (Allocation Failure) 2018-04-15T15:18:39.181+0800: 222878.177: [ParNew: 11839765K->120930K(13212096K), 0.7855101 secs] 82984101K->71267993K(187275712K), 0.7859426 secs] [Times: user=5.55 sys=0.64, real=0.79 secs] 
2018-04-15T15:19:33.156+0800: 222932.152: [GC (Allocation Failure) 2018-04-15T15:19:33.156+0800: 222932.152: [ParNew: 11865058K->149226K(13212096K), 0.6724679 secs] 83012121K->71297042K(187275712K), 0.6729050 secs] [Times: user=4.37 sys=0.93, real=0.67 secs] 
2018-04-15T15:19:50.413+0800: 222949.409: [GC (Allocation Failure) 2018-04-15T15:19:50.414+0800: 222949.410: [ParNew: 11893354K->183202K(13212096K), 0.5653118 secs] 83041170K->71333547K(187275712K), 0.5657356 secs] [Times: user=3.68 sys=0.82, real=0.56 secs] 
2018-04-15T15:20:09.775+0800: 222968.771: [GC (Allocation Failure) 2018-04-15T15:20:09.776+0800: 222968.772: [ParNew: 11927330K->178226K(13212096K), 0.4738585 secs] 83077675K->71333591K(187275712K), 0.4742751 secs] [Times: user=3.60 sys=0.17, real=0.47 secs] 
2018-04-15T15:20:37.266+0800: 222996.262: [GC (Allocation Failure) 2018-04-15T15:20:37.266+0800: 222996.262: [ParNew: 11922354K->105752K(13212096K), 0.6062334 secs] 83077719K->71276608K(187275712K), 0.6066680 secs] [Times: user=4.34 sys=0.45, real=0.61 secs] 
2018-04-15T15:21:00.750+0800: 223019.746: [GC (Allocation Failure) 2018-04-15T15:21:00.750+0800: 223019.746: [ParNew: 11849880K->121851K(13212096K), 0.6609559 secs] 83020736K->71311092K(187275712K), 0.6613875 secs] [Times: user=4.23 sys=1.01, real=0.67 secs] 
2018-04-15T15:22:01.855+0800: 223080.851: [GC (Allocation Failure) 2018-04-15T15:22:01.855+0800: 223080.851: [ParNew: 11865979K->94389K(13212096K), 0.6969514 secs] 83055220K->71301927K(187275712K), 0.6973973 secs] [Times: user=4.01 sys=1.50, real=0.70 secs] 
2018-04-15T15:22:21.229+0800: 223100.225: [GC (Allocation Failure) 2018-04-15T15:22:21.229+0800: 223100.225: [ParNew: 11838517K->114825K(13212096K), 0.5640366 secs] 83046055K->71327172K(187275712K), 0.5644628 secs] [Times: user=3.89 sys=0.60, real=0.57 secs] 
2018-04-15T15:24:40.838+0800: 223239.834: [GC (Allocation Failure) 2018-04-15T15:24:40.838+0800: 223239.834: [ParNew: 11858953K->102167K(13212096K), 0.8466011 secs] 83071300K->71315235K(187275712K), 0.8470284 secs] [Times: user=5.28 sys=1.40, real=0.85 secs] 
2018-04-15T15:27:12.920+0800: 223391.916: [GC (Allocation Failure) 2018-04-15T15:27:12.921+0800: 223391.917: [ParNew: 11846295K->114302K(13212096K), 0.9324247 secs] 83059363K->71328066K(187275712K), 0.9328550 secs] [Times: user=5.88 sys=1.50, real=0.94 secs] 
2018-04-15T15:29:45.663+0800: 223544.659: [GC (Allocation Failure) 2018-04-15T15:29:45.663+0800: 223544.659: [ParNew: 11858430K->116961K(13212096K), 0.9597453 secs] 83072194K->71331159K(187275712K), 0.9601740 secs] [Times: user=4.07 sys=3.56, real=0.96 secs] 
2018-04-15T15:32:22.840+0800: 223701.836: [GC (Allocation Failure) 2018-04-15T15:32:22.840+0800: 223701.836: [ParNew: 11861089K->128882K(13212096K), 1.1296347 secs] 83075287K->71343417K(187275712K), 1.1300639 secs] [Times: user=5.30 sys=3.64, real=1.13 secs] 
2018-04-15T15:32:50.747+0800: 223729.744: [GC (Allocation Failure) 2018-04-15T15:32:50.748+0800: 223729.744: [ParNew: 11873010K->125169K(13212096K), 0.5868684 secs] 83087545K->71342588K(187275712K), 0.5873851 secs] [Times: user=4.01 sys=0.66, real=0.59 secs] 
2018-04-15T15:33:56.887+0800: 223795.883: [GC (Allocation Failure) 2018-04-15T15:33:56.887+0800: 223795.883: [ParNew: 11869297K->115122K(13212096K), 1.1145834 secs] 83086716K->71342713K(187275712K), 1.1150082 secs] [Times: user=5.71 sys=3.12, real=1.12 secs] 
2018-04-15T15:34:19.645+0800: 223818.641: [GC (Allocation Failure) 2018-04-15T15:34:19.645+0800: 223818.642: [ParNew: 11859250K->165791K(13212096K), 0.5932720 secs] 83086841K->71401959K(187275712K), 0.5936902 secs] [Times: user=3.88 sys=1.42, real=0.59 secs] 
2018-04-15T15:34:49.722+0800: 223848.718: [GC (Allocation Failure) 2018-04-15T15:34:49.722+0800: 223848.718: [ParNew: 11909919K->153600K(13212096K), 0.6079165 secs] 83146087K->71398809K(187275712K), 0.6083518 secs] [Times: user=3.36 sys=1.44, real=0.60 secs] 
2018-04-15T15:35:17.438+0800: 223876.434: [GC (Allocation Failure) 2018-04-15T15:35:17.438+0800: 223876.434: [ParNew: 11897728K->109415K(13212096K), 0.5194613 secs] 83142937K->71360993K(187275712K), 0.5198803 secs] [Times: user=3.75 sys=0.37, real=0.52 secs] 
2018-04-15T15:35:26.877+0800: 223885.873: [GC (Allocation Failure) 2018-04-15T15:35:26.877+0800: 223885.873: [ParNew: 11853543K->117826K(13212096K), 0.4681329 secs] 83105121K->71379762K(187275712K), 0.4685504 secs] [Times: user=2.59 sys=1.13, real=0.47 secs] 
2018-04-15T15:35:37.504+0800: 223896.500: [GC (Allocation Failure) 2018-04-15T15:35:37.505+0800: 223896.501: [ParNew: 11861954K->122946K(13212096K), 0.5268057 secs] 83123890K->71389387K(187275712K), 0.5272226 secs] [Times: user=3.84 sys=0.34, real=0.53 secs] 
2018-04-15T15:35:48.811+0800: 223907.807: [GC (Allocation Failure) 2018-04-15T15:35:48.811+0800: 223907.807: [ParNew: 11867074K->120775K(13212096K), 0.5892926 secs] 83133515K->71398030K(187275712K), 0.5897073 secs] [Times: user=3.06 sys=1.58, real=0.59 secs] 
2018-04-15T15:35:58.515+0800: 223917.511: [GC (Allocation Failure) 2018-04-15T15:35:58.515+0800: 223917.511: [ParNew: 11864903K->107492K(13212096K), 0.5127779 secs] 83142158K->71388468K(187275712K), 0.5131939 secs] [Times: user=3.99 sys=0.08, real=0.51 secs] 
2018-04-15T15:36:06.213+0800: 223925.209: [GC (Allocation Failure) 2018-04-15T15:36:06.213+0800: 223925.209: [ParNew: 11851620K->68408K(13212096K), 0.4239456 secs] 83132596K->71351217K(187275712K), 0.4243574 secs] [Times: user=3.32 sys=0.05, real=0.42 secs] 
2018-04-15T15:36:15.642+0800: 223934.639: [GC (Allocation Failure) 2018-04-15T15:36:15.643+0800: 223934.639: [ParNew: 11812536K->66000K(13212096K), 0.4762963 secs] 83095345K->71352475K(187275712K), 0.4767148 secs] [Times: user=3.48 sys=0.30, real=0.47 secs] 
2018-04-15T15:37:08.523+0800: 223987.519: [GC (Allocation Failure) 2018-04-15T15:37:08.523+0800: 223987.519: [ParNew: 11810128K->69419K(13212096K), 0.6654747 secs] 83096603K->71356470K(187275712K), 0.6658934 secs] [Times: user=3.44 sys=1.83, real=0.66 secs] 
2018-04-15T15:39:31.691+0800: 224130.687: [GC (Allocation Failure) 2018-04-15T15:39:31.691+0800: 224130.687: [ParNew: 11813547K->72389K(13212096K), 0.8859386 secs] 83100598K->71360088K(187275712K), 0.8863567 secs] [Times: user=5.07 sys=1.93, real=0.89 secs] 
2018-04-15T15:40:46.261+0800: 224205.257: [GC (Allocation Failure) 2018-04-15T15:40:46.262+0800: 224205.258: [ParNew: 11816517K->109658K(13212096K), 0.8627847 secs] 83104216K->71398407K(187275712K), 0.8632223 secs] [Times: user=5.37 sys=1.47, real=0.86 secs] 
2018-04-15T15:41:07.044+0800: 224226.040: [GC (Allocation Failure) 2018-04-15T15:41:07.044+0800: 224226.040: [ParNew: 11853786K->134173K(13212096K), 0.6579505 secs] 83142535K->71423712K(187275712K), 0.6583653 secs] [Times: user=5.13 sys=0.09, real=0.66 secs] 
2018-04-15T15:41:18.725+0800: 224237.721: [GC (Allocation Failure) 2018-04-15T15:41:18.725+0800: 224237.721: [ParNew: 11878301K->177053K(13212096K), 0.4747703 secs] 83167840K->71469902K(187275712K), 0.4751740 secs] [Times: user=3.68 sys=0.09, real=0.47 secs] 
2018-04-15T15:41:34.214+0800: 224253.210: [GC (Allocation Failure) 2018-04-15T15:41:34.214+0800: 224253.210: [ParNew: 11921181K->145334K(13212096K), 0.5975354 secs] 83214030K->71440862K(187275712K), 0.5979632 secs] [Times: user=4.24 sys=0.49, real=0.60 secs] 
2018-04-15T15:41:47.348+0800: 224266.344: [GC (Allocation Failure) 2018-04-15T15:41:47.348+0800: 224266.344: [ParNew: 11889462K->113082K(13212096K), 0.4800520 secs] 83184990K->71415352K(187275712K), 0.4804678 secs] [Times: user=3.68 sys=0.13, real=0.48 secs] 
2018-04-15T15:42:02.915+0800: 224281.911: [GC (Allocation Failure) 2018-04-15T15:42:02.916+0800: 224281.912: [ParNew: 11857210K->90412K(13212096K), 0.4706320 secs] 83159480K->71409105K(187275712K), 0.4710547 secs] [Times: user=3.32 sys=0.39, real=0.47 secs] 
2018-04-15T15:42:17.030+0800: 224296.026: [GC (Allocation Failure) 2018-04-15T15:42:17.030+0800: 224296.026: [ParNew: 11834540K->65195K(13212096K), 0.4823694 secs] 83153233K->71395968K(187275712K), 0.4827989 secs] [Times: user=3.56 sys=0.25, real=0.49 secs] 
2018-04-15T15:43:16.407+0800: 224355.403: [GC (Allocation Failure) 2018-04-15T15:43:16.408+0800: 224355.404: [ParNew: 11809323K->58780K(13212096K), 0.7534979 secs] 83140096K->71391779K(187275712K), 0.7539282 secs] [Times: user=4.54 sys=1.41, real=0.76 secs] 
2018-04-15T15:47:47.253+0800: 224626.249: [GC (Allocation Failure) 2018-04-15T15:47:47.253+0800: 224626.249: [ParNew: 11802908K->52361K(13212096K), 1.2353470 secs] 83135907K->71386607K(187275712K), 1.2357863 secs] [Times: user=7.91 sys=1.84, real=1.23 secs] 
2018-04-15T15:50:23.242+0800: 224782.238: [GC (Allocation Failure) 2018-04-15T15:50:23.242+0800: 224782.238: [ParNew: 11796489K->68091K(13212096K), 0.9394285 secs] 83130735K->71403602K(187275712K), 0.9398343 secs] [Times: user=6.10 sys=1.36, real=0.94 secs] 
2018-04-15T15:53:12.428+0800: 224951.424: [GC (Allocation Failure) 2018-04-15T15:53:12.429+0800: 224951.425: [ParNew: 11812219K->69309K(13212096K), 0.8723443 secs] 83147730K->71405549K(187275712K), 0.8727767 secs] [Times: user=5.52 sys=1.40, real=0.88 secs] 
2018-04-15T15:59:42.745+0800: 225341.741: [GC (Allocation Failure) 2018-04-15T15:59:42.745+0800: 225341.741: [ParNew: 11813437K->85109K(13212096K), 1.2977981 secs] 83149677K->71422381K(187275712K), 1.2982251 secs] [Times: user=8.75 sys=1.52, real=1.30 secs] 
2018-04-15T16:03:28.603+0800: 225567.599: [GC (Allocation Failure) 2018-04-15T16:03:28.603+0800: 225567.599: [ParNew: 11829237K->96341K(13212096K), 1.2935459 secs] 83166509K->71434248K(187275712K), 1.2939826 secs] [Times: user=6.67 sys=3.60, real=1.29 secs] 
2018-04-15T16:03:48.484+0800: 225587.480: [GC (Allocation Failure) 2018-04-15T16:03:48.484+0800: 225587.480: [ParNew: 11840469K->135557K(13212096K), 0.6215240 secs] 83178376K->71476967K(187275712K), 0.6219598 secs] [Times: user=4.13 sys=0.79, real=0.62 secs] 
2018-04-15T16:04:06.954+0800: 225605.950: [GC (Allocation Failure) 2018-04-15T16:04:06.954+0800: 225605.950: [ParNew: 11879685K->167227K(13212096K), 0.5919454 secs] 83221095K->71514414K(187275712K), 0.5923812 secs] [Times: user=3.33 sys=1.35, real=0.59 secs] 
2018-04-15T16:04:37.582+0800: 225636.578: [GC (Allocation Failure) 2018-04-15T16:04:37.583+0800: 225636.579: [ParNew: 11911355K->141938K(13212096K), 0.6729988 secs] 83258542K->71495685K(187275712K), 0.6734205 secs] [Times: user=5.03 sys=0.32, real=0.67 secs] 
2018-04-15T16:05:13.720+0800: 225672.716: [GC (Allocation Failure) 2018-04-15T16:05:13.720+0800: 225672.716: [ParNew: 11886066K->114832K(13212096K), 0.5296359 secs] 83239813K->71472960K(187275712K), 0.5300724 secs] [Times: user=3.73 sys=0.48, real=0.53 secs] 
2018-04-15T16:05:28.427+0800: 225687.423: [GC (Allocation Failure) 2018-04-15T16:05:28.428+0800: 225687.424: [ParNew: 11858960K->116796K(13212096K), 0.6034547 secs] 83217088K->71480024K(187275712K), 0.6038860 secs] [Times: user=3.36 sys=1.41, real=0.61 secs] 
2018-04-15T16:05:46.589+0800: 225705.585: [GC (Allocation Failure) 2018-04-15T16:05:46.589+0800: 225705.585: [ParNew: 11860924K->112302K(13212096K), 0.4469973 secs] 83224152K->71491209K(187275712K), 0.4474080 secs] [Times: user=3.48 sys=0.05, real=0.45 secs] 
2018-04-15T16:06:11.567+0800: 225730.563: [GC (Allocation Failure) 2018-04-15T16:06:11.568+0800: 225730.564: [ParNew: 11856430K->54088K(13212096K), 0.4893095 secs] 83235337K->71438796K(187275712K), 0.4897298 secs] [Times: user=3.50 sys=0.39, real=0.49 secs] 
2018-04-15T16:06:26.210+0800: 225745.206: [GC (Allocation Failure) 2018-04-15T16:06:26.210+0800: 225745.206: [ParNew: 11798216K->42262K(13212096K), 0.4002506 secs] 83182924K->71427999K(187275712K), 0.4006618 secs] [Times: user=3.18 sys=0.01, real=0.40 secs] 
2018-04-15T16:06:45.077+0800: 225764.073: [GC (Allocation Failure) 2018-04-15T16:06:45.077+0800: 225764.073: [ParNew: 11786390K->41891K(13212096K), 0.5702064 secs] 83172127K->71429370K(187275712K), 0.5706271 secs] [Times: user=2.92 sys=1.59, real=0.57 secs] 
2018-04-15T16:07:00.978+0800: 225779.974: [GC (Allocation Failure) 2018-04-15T16:07:00.978+0800: 225779.974: [ParNew: 11786019K->46574K(13212096K), 0.6301256 secs] 83173498K->71436829K(187275712K), 0.6305248 secs] [Times: user=4.20 sys=0.81, real=0.63 secs] 
2018-04-15T16:07:39.791+0800: 225818.787: [GC (Allocation Failure) 2018-04-15T16:07:39.791+0800: 225818.787: [ParNew: 11790702K->46372K(13212096K), 0.5758944 secs] 83180957K->71437175K(187275712K), 0.5763146 secs] [Times: user=3.52 sys=1.05, real=0.58 secs] 
2018-04-15T16:08:06.120+0800: 225845.116: [GC (Allocation Failure) 2018-04-15T16:08:06.120+0800: 225845.116: [ParNew: 11790500K->48222K(13212096K), 0.4793402 secs] 83181303K->71439656K(187275712K), 0.4797506 secs] [Times: user=3.05 sys=0.75, real=0.48 secs] 
2018-04-15T16:08:32.410+0800: 225871.406: [GC (Allocation Failure) 2018-04-15T16:08:32.410+0800: 225871.406: [ParNew: 11792350K->45399K(13212096K), 0.5101248 secs] 83183784K->71437909K(187275712K), 0.5105258 secs] [Times: user=3.51 sys=0.54, real=0.51 secs] 
2018-04-15T16:09:16.837+0800: 225915.833: [GC (Allocation Failure) 2018-04-15T16:09:16.837+0800: 225915.833: [ParNew: 11789527K->45394K(13212096K), 0.7005235 secs] 83182037K->71438743K(187275712K), 0.7009572 secs] [Times: user=4.61 sys=0.93, real=0.70 secs] 
2018-04-15T16:09:32.172+0800: 225931.168: [GC (Allocation Failure) 2018-04-15T16:09:32.172+0800: 225931.168: [ParNew: 11789522K->41000K(13212096K), 0.5057161 secs] 83182871K->71435103K(187275712K), 0.5061311 secs] [Times: user=3.54 sys=0.49, real=0.50 secs] 
2018-04-15T16:09:57.152+0800: 225956.148: [GC (Allocation Failure) 2018-04-15T16:09:57.152+0800: 225956.148: [ParNew: 11785128K->40285K(13212096K), 0.5951463 secs] 83179231K->71436310K(187275712K), 0.5955662 secs] [Times: user=3.68 sys=1.06, real=0.59 secs] 
2018-04-15T16:10:30.099+0800: 225989.095: [GC (Allocation Failure) 2018-04-15T16:10:30.099+0800: 225989.096: [ParNew: 11784413K->33613K(13212096K), 0.6388901 secs] 83180438K->71437402K(187275712K), 0.6393151 secs] [Times: user=3.27 sys=1.72, real=0.64 secs] 
2018-04-15T16:10:42.895+0800: 226001.891: [GC (Allocation Failure) 2018-04-15T16:10:42.895+0800: 226001.891: [ParNew: 11777741K->28354K(13212096K), 0.4525371 secs] 83181530K->71433817K(187275712K), 0.4529649 secs] [Times: user=3.44 sys=0.16, real=0.45 secs] 
2018-04-15T16:11:01.742+0800: 226020.738: [GC (Allocation Failure) 2018-04-15T16:11:01.742+0800: 226020.738: [ParNew: 11772482K->27925K(13212096K), 0.4528699 secs] 83177945K->71435868K(187275712K), 0.4532670 secs] [Times: user=3.11 sys=0.49, real=0.45 secs] 
2018-04-15T16:11:35.519+0800: 226054.515: [GC (Allocation Failure) 2018-04-15T16:11:35.519+0800: 226054.515: [ParNew: 11772053K->21886K(13212096K), 0.5102486 secs] 83179996K->71431111K(187275712K), 0.5106601 secs] [Times: user=3.66 sys=0.40, real=0.51 secs] 
2018-04-15T16:11:54.075+0800: 226073.071: [GC (Allocation Failure) 2018-04-15T16:11:54.076+0800: 226073.072: [ParNew: 11766014K->39641K(13212096K), 0.5601372 secs] 83175239K->71449113K(187275712K), 0.5605449 secs] [Times: user=3.03 sys=1.41, real=0.56 secs] 
2018-04-15T16:12:14.966+0800: 226093.962: [GC (Allocation Failure) 2018-04-15T16:12:14.966+0800: 226093.962: [ParNew: 11783769K->96182K(13212096K), 0.5514763 secs] 83193241K->71506033K(187275712K), 0.5518876 secs] [Times: user=3.73 sys=0.65, real=0.55 secs] 
2018-04-15T16:12:30.834+0800: 226109.830: [GC (Allocation Failure) 2018-04-15T16:12:30.834+0800: 226109.830: [ParNew: 11840310K->128952K(13212096K), 0.4941389 secs] 83250161K->71539790K(187275712K), 0.4945471 secs] [Times: user=3.70 sys=0.23, real=0.49 secs] 
2018-04-15T16:12:48.361+0800: 226127.357: [GC (Allocation Failure) 2018-04-15T16:12:48.361+0800: 226127.357: [ParNew: 11873080K->134813K(13212096K), 0.6178698 secs] 83283918K->71545952K(187275712K), 0.6182900 secs] [Times: user=4.66 sys=0.24, real=0.62 secs] 
2018-04-15T16:13:06.851+0800: 226145.847: [GC (Allocation Failure) 2018-04-15T16:13:06.851+0800: 226145.847: [ParNew: 11878941K->123152K(13212096K), 0.5218986 secs] 83290080K->71534766K(187275712K), 0.5223128 secs] [Times: user=3.51 sys=0.63, real=0.53 secs] 
2018-04-15T16:13:26.186+0800: 226165.182: [GC (Allocation Failure) 2018-04-15T16:13:26.186+0800: 226165.182: [ParNew: 11867280K->105303K(13212096K), 0.4683272 secs] 83278894K->71518984K(187275712K), 0.4686915 secs] [Times: user=3.40 sys=0.32, real=0.47 secs] 
2018-04-15T16:13:41.328+0800: 226180.324: [GC (Allocation Failure) 2018-04-15T16:13:41.328+0800: 226180.324: [ParNew: 11849431K->81169K(13212096K), 0.6008447 secs] 83263112K->71496932K(187275712K), 0.6012694 secs] [Times: user=2.98 sys=1.76, real=0.60 secs] 
2018-04-15T16:14:31.718+0800: 226230.714: [GC (Allocation Failure) 2018-04-15T16:14:31.718+0800: 226230.714: [ParNew: 11825297K->58550K(13212096K), 0.7132776 secs] 83241060K->71475558K(187275712K), 0.7136723 secs] [Times: user=3.99 sys=1.69, real=0.72 secs] 
2018-04-15T16:15:35.848+0800: 226294.844: [GC (Allocation Failure) 2018-04-15T16:15:35.848+0800: 226294.844: [ParNew: 11802678K->52256K(13212096K), 0.7199775 secs] 83219686K->71470797K(187275712K), 0.7204032 secs] [Times: user=4.63 sys=1.05, real=0.72 secs] 
2018-04-15T16:16:49.274+0800: 226368.270: [GC (Allocation Failure) 2018-04-15T16:16:49.274+0800: 226368.270: [ParNew: 11796384K->37643K(13212096K), 0.6810627 secs] 83214925K->71456551K(187275712K), 0.6814656 secs] [Times: user=3.86 sys=1.55, real=0.68 secs] 
2018-04-15T16:17:25.788+0800: 226404.784: [GC (Allocation Failure) 2018-04-15T16:17:25.788+0800: 226404.784: [ParNew: 11781771K->54143K(13212096K), 0.6231060 secs] 83200679K->71473851K(187275712K), 0.6235255 secs] [Times: user=3.12 sys=1.81, real=0.63 secs] 
2018-04-15T16:17:37.566+0800: 226416.562: [GC (Allocation Failure) 2018-04-15T16:17:37.566+0800: 226416.562: [ParNew: 11798271K->52000K(13212096K), 0.4732906 secs] 83217979K->71473402K(187275712K), 0.4737051 secs] [Times: user=3.58 sys=0.19, real=0.47 secs] 
2018-04-15T16:17:53.499+0800: 226432.495: [GC (Allocation Failure) 2018-04-15T16:17:53.499+0800: 226432.495: [ParNew: 11796128K->47797K(13212096K), 0.4811332 secs] 83217530K->71469735K(187275712K), 0.4815395 secs] [Times: user=3.45 sys=0.37, real=0.48 secs] 
2018-04-15T16:18:55.619+0800: 226494.615: [GC (Allocation Failure) 2018-04-15T16:18:55.619+0800: 226494.615: [ParNew: 11791925K->47630K(13212096K), 0.7286678 secs] 83213863K->71472035K(187275712K), 0.7290824 secs] [Times: user=4.49 sys=1.25, real=0.73 secs] 
2018-04-15T16:19:06.002+0800: 226504.998: [GC (Allocation Failure) 2018-04-15T16:19:06.003+0800: 226504.999: [ParNew: 11791758K->51453K(13212096K), 0.3890192 secs] 83216163K->71478105K(187275712K), 0.3894342 secs] [Times: user=2.35 sys=0.75, real=0.39 secs] 
2018-04-15T16:19:19.187+0800: 226518.183: [GC (Allocation Failure) 2018-04-15T16:19:19.188+0800: 226518.184: [ParNew: 11795581K->54610K(13212096K), 0.5281918 secs] 83222233K->71486352K(187275712K), 0.5285946 secs] [Times: user=3.51 sys=0.69, real=0.53 secs] 
2018-04-15T16:20:12.248+0800: 226571.244: [GC (Allocation Failure) 2018-04-15T16:20:12.248+0800: 226571.244: [ParNew: 11798738K->47329K(13212096K), 0.5082165 secs] 83230480K->71481654K(187275712K), 0.5086427 secs] [Times: user=3.51 sys=0.53, real=0.51 secs] 
2018-04-15T16:21:04.472+0800: 226623.468: [GC (Allocation Failure) 2018-04-15T16:21:04.472+0800: 226623.468: [ParNew: 11791457K->37532K(13212096K), 0.6211040 secs] 83225782K->71472361K(187275712K), 0.6215203 secs] [Times: user=3.01 sys=1.90, real=0.62 secs] 
2018-04-15T16:21:16.491+0800: 226635.487: [GC (Allocation Failure) 2018-04-15T16:21:16.491+0800: 226635.487: [ParNew: 11781660K->43521K(13212096K), 0.4902052 secs] 83216489K->71478915K(187275712K), 0.4906082 secs] [Times: user=3.60 sys=0.31, real=0.50 secs] 
2018-04-15T16:21:25.821+0800: 226644.817: [GC (Allocation Failure) 2018-04-15T16:21:25.821+0800: 226644.817: [ParNew: 11787649K->60896K(13212096K), 0.4446181 secs] 83223043K->71498025K(187275712K), 0.4450162 secs] [Times: user=2.47 sys=1.07, real=0.45 secs] 
2018-04-15T16:21:39.115+0800: 226658.111: [GC (Allocation Failure) 2018-04-15T16:21:39.116+0800: 226658.112: [ParNew: 11805024K->63951K(13212096K), 0.5536693 secs] 83242153K->71501245K(187275712K), 0.5540737 secs] [Times: user=2.89 sys=1.49, real=0.55 secs] 
2018-04-15T16:22:03.559+0800: 226682.555: [GC (Allocation Failure) 2018-04-15T16:22:03.559+0800: 226682.555: [ParNew: 11808079K->53437K(13212096K), 0.5716611 secs] 83245373K->71491137K(187275712K), 0.5720717 secs] [Times: user=4.55 sys=0.00, real=0.57 secs] 
2018-04-15T16:23:56.904+0800: 226795.900: [GC (Allocation Failure) 2018-04-15T16:23:56.904+0800: 226795.900: [ParNew: 11797565K->58362K(13212096K), 0.8468685 secs] 83235265K->71498125K(187275712K), 0.8472857 secs] [Times: user=5.08 sys=1.58, real=0.85 secs] 
2018-04-15T16:27:37.161+0800: 227016.157: [GC (Allocation Failure) 2018-04-15T16:27:37.162+0800: 227016.158: [ParNew: 11802490K->72798K(13212096K), 1.2027450 secs] 83242253K->71514467K(187275712K), 1.2031731 secs] [Times: user=6.47 sys=3.00, real=1.20 secs] 
2018-04-15T16:29:47.233+0800: 227146.229: [GC (Allocation Failure) 2018-04-15T16:29:47.234+0800: 227146.230: [ParNew: 11816916K->73992K(13212096K), 0.7348365 secs] 83258585K->71516895K(187275712K), 0.7352564 secs] [Times: user=4.19 sys=1.61, real=0.73 secs] 
2018-04-15T16:32:20.266+0800: 227299.262: [GC (Allocation Failure) 2018-04-15T16:32:20.267+0800: 227299.263: [ParNew: 11818120K->99906K(13212096K), 1.0126043 secs] 83261023K->71543314K(187275712K), 1.0130164 secs] [Times: user=5.15 sys=2.88, real=1.01 secs] 
2018-04-15T16:34:15.057+0800: 227414.053: [GC (Allocation Failure) 2018-04-15T16:34:15.057+0800: 227414.053: [ParNew: 11844034K->124799K(13212096K), 0.9074675 secs] 83287442K->71568818K(187275712K), 0.9078904 secs] [Times: user=5.57 sys=1.62, real=0.91 secs] 
2018-04-15T16:36:11.129+0800: 227530.125: [GC (Allocation Failure) 2018-04-15T16:36:11.129+0800: 227530.125: [ParNew: 11868927K->120806K(13212096K), 0.7176584 secs] 83312946K->71565554K(187275712K), 0.7180915 secs] [Times: user=4.10 sys=1.59, real=0.72 secs] 
2018-04-15T16:36:23.083+0800: 227542.079: [GC (Allocation Failure) 2018-04-15T16:36:23.084+0800: 227542.080: [ParNew: 11864934K->147231K(13212096K), 0.6119473 secs] 83309682K->71596213K(187275712K), 0.6123678 secs] [Times: user=3.71 sys=1.14, real=0.61 secs] 
2018-04-15T16:36:41.850+0800: 227560.846: [GC (Allocation Failure) 2018-04-15T16:36:41.850+0800: 227560.846: [ParNew: 11891359K->103355K(13212096K), 0.4537374 secs] 83340341K->71561447K(187275712K), 0.4541507 secs] [Times: user=2.60 sys=0.99, real=0.46 secs] 
2018-04-15T16:37:00.691+0800: 227579.687: [GC (Allocation Failure) 2018-04-15T16:37:00.691+0800: 227579.687: [ParNew: 11847483K->75988K(13212096K), 0.5544755 secs] 83305575K->71541191K(187275712K), 0.5548994 secs] [Times: user=3.68 sys=0.72, real=0.56 secs] 
2018-04-15T16:37:17.230+0800: 227596.226: [GC (Allocation Failure) 2018-04-15T16:37:17.230+0800: 227596.226: [ParNew: 11820116K->82571K(13212096K), 0.5200374 secs] 83285319K->71558627K(187275712K), 0.5207347 secs] [Times: user=3.82 sys=0.29, real=0.52 secs] 
2018-04-15T16:38:25.164+0800: 227664.160: [GC (Allocation Failure) 2018-04-15T16:38:25.164+0800: 227664.160: [ParNew: 11826699K->58763K(13212096K), 0.7258280 secs] 83302755K->71550414K(187275712K), 0.7262448 secs] [Times: user=4.45 sys=1.26, real=0.72 secs] 
2018-04-15T16:40:49.710+0800: 227808.706: [GC (Allocation Failure) 2018-04-15T16:40:49.710+0800: 227808.706: [ParNew: 11802891K->57287K(13212096K), 0.9782620 secs] 83294542K->71553943K(187275712K), 0.9786878 secs] [Times: user=5.01 sys=2.74, real=0.98 secs] 
2018-04-15T16:41:33.114+0800: 227852.110: [GC (Allocation Failure) 2018-04-15T16:41:33.114+0800: 227852.110: [ParNew: 11801415K->78960K(13212096K), 0.7919095 secs] 83298071K->71575689K(187275712K), 0.7923147 secs] [Times: user=4.36 sys=1.94, real=0.79 secs] 
2018-04-15T16:42:09.337+0800: 227888.333: [GC (Allocation Failure) 2018-04-15T16:42:09.337+0800: 227888.334: [ParNew: 11823088K->90197K(13212096K), 0.6845451 secs] 83319817K->71587208K(187275712K), 0.6849734 secs] [Times: user=3.51 sys=1.92, real=0.69 secs] 
2018-04-15T16:42:58.777+0800: 227937.773: [GC (Allocation Failure) 2018-04-15T16:42:58.777+0800: 227937.773: [ParNew: 11834325K->87410K(13212096K), 0.7031146 secs] 83331336K->71584605K(187275712K), 0.7035369 secs] [Times: user=3.93 sys=1.66, real=0.70 secs] 
2018-04-15T16:43:19.138+0800: 227958.134: [GC (Allocation Failure) 2018-04-15T16:43:19.138+0800: 227958.134: [ParNew: 11831538K->96703K(13212096K), 0.5776904 secs] 83328733K->71594527K(187275712K), 0.5781010 secs] [Times: user=4.14 sys=0.46, real=0.58 secs] 
2018-04-15T16:43:32.798+0800: 227971.794: [GC (Allocation Failure) 2018-04-15T16:43:32.798+0800: 227971.794: [ParNew: 11840831K->106087K(13212096K), 0.5893172 secs] 83338655K->71607447K(187275712K), 0.5897270 secs] [Times: user=3.01 sys=1.66, real=0.59 secs] 
2018-04-15T16:43:52.187+0800: 227991.183: [GC (Allocation Failure) 2018-04-15T16:43:52.187+0800: 227991.183: [ParNew: 11850215K->121390K(13212096K), 0.5338769 secs] 83351575K->71640616K(187275712K), 0.5342825 secs] [Times: user=3.52 sys=0.70, real=0.53 secs] 
2018-04-15T16:44:03.412+0800: 228002.408: [GC (Allocation Failure) 2018-04-15T16:44:03.412+0800: 228002.408: [ParNew: 11865518K->94834K(13212096K), 0.4529580 secs] 83384744K->71616159K(187275712K), 0.4533641 secs] [Times: user=3.37 sys=0.24, real=0.45 secs] 
2018-04-15T16:44:13.088+0800: 228012.084: [GC (Allocation Failure) 2018-04-15T16:44:13.088+0800: 228012.084: [ParNew: 11838962K->101633K(13212096K), 0.5035566 secs] 83360287K->71626860K(187275712K), 0.5039632 secs] [Times: user=3.81 sys=0.20, real=0.51 secs] 
2018-04-15T16:44:26.123+0800: 228025.119: [GC (Allocation Failure) 2018-04-15T16:44:26.124+0800: 228025.120: [ParNew: 11845761K->78854K(13212096K), 0.5990095 secs] 83370988K->71612239K(187275712K), 0.5994292 secs] [Times: user=3.01 sys=1.71, real=0.60 secs] 
2018-04-15T16:45:09.920+0800: 228068.916: [GC (Allocation Failure) 2018-04-15T16:45:09.920+0800: 228068.916: [ParNew: 11822982K->36393K(13212096K), 0.4894684 secs] 83356367K->71572443K(187275712K), 0.4898754 secs] [Times: user=3.35 sys=0.53, real=0.49 secs] 
2018-04-15T16:45:19.745+0800: 228078.741: [GC (Allocation Failure) 2018-04-15T16:45:19.745+0800: 228078.741: [ParNew: 11780521K->36503K(13212096K), 0.4490824 secs] 83316571K->71572985K(187275712K), 0.4494830 secs] [Times: user=3.42 sys=0.16, real=0.45 secs] 
2018-04-15T16:45:34.003+0800: 228092.999: [GC (Allocation Failure) 2018-04-15T16:45:34.004+0800: 228093.000: [ParNew: 11780631K->36137K(13212096K), 0.4550742 secs] 83317113K->71574389K(187275712K), 0.4554730 secs] [Times: user=3.46 sys=0.16, real=0.45 secs] 
2018-04-15T16:46:55.002+0800: 228173.998: [GC (Allocation Failure) 2018-04-15T16:46:55.002+0800: 228173.998: [ParNew: 11780265K->61148K(13212096K), 0.8981379 secs] 83318517K->71600311K(187275712K), 0.8985514 secs] [Times: user=4.91 sys=2.21, real=0.89 secs] 
2018-04-15T16:48:21.440+0800: 228260.436: [GC (Allocation Failure) 2018-04-15T16:48:21.440+0800: 228260.436: [ParNew: 11805276K->116590K(13212096K), 0.8328561 secs] 83344439K->71656377K(187275712K), 0.8332749 secs] [Times: user=5.31 sys=1.30, real=0.84 secs] 
2018-04-15T16:50:32.150+0800: 228391.146: [GC (Allocation Failure) 2018-04-15T16:50:32.150+0800: 228391.146: [ParNew: 11860718K->85010K(13212096K), 0.9764973 secs] 83400505K->71626300K(187275712K), 0.9768963 secs] [Times: user=5.48 sys=2.29, real=0.98 secs] 
2018-04-15T16:51:07.128+0800: 228426.124: [GC (Allocation Failure) 2018-04-15T16:51:07.128+0800: 228426.124: [ParNew: 11829138K->75234K(13212096K), 0.6217807 secs] 83370428K->71619348K(187275712K), 0.6221732 secs] [Times: user=4.53 sys=0.40, real=0.62 secs] 
2018-04-15T16:51:41.018+0800: 228460.014: [GC (Allocation Failure) 2018-04-15T16:51:41.018+0800: 228460.014: [ParNew: 11819362K->65931K(13212096K), 0.6547850 secs] 83363476K->71610426K(187275712K), 0.6551533 secs] [Times: user=5.03 sys=0.19, real=0.66 secs] 
2018-04-15T16:52:35.789+0800: 228514.785: [GC (Allocation Failure) 2018-04-15T16:52:35.789+0800: 228514.786: [ParNew: 11810059K->72063K(13212096K), 0.7755856 secs] 83354554K->71618468K(187275712K), 0.7760185 secs] [Times: user=5.23 sys=0.92, real=0.78 secs] 
2018-04-15T16:52:56.162+0800: 228535.158: [GC (Allocation Failure) 2018-04-15T16:52:56.162+0800: 228535.158: [ParNew: 11816191K->51578K(13212096K), 0.5554445 secs] 83362596K->71604399K(187275712K), 0.5558516 secs] [Times: user=3.65 sys=0.77, real=0.55 secs] 
2018-04-15T16:53:32.918+0800: 228571.915: [GC (Allocation Failure) 2018-04-15T16:53:32.919+0800: 228571.915: [ParNew: 11795706K->49556K(13212096K), 0.5251882 secs] 83348527K->71611233K(187275712K), 0.5255963 secs] [Times: user=3.56 sys=0.60, real=0.53 secs] 
2018-04-15T16:53:45.294+0800: 228584.290: [GC (Allocation Failure) 2018-04-15T16:53:45.295+0800: 228584.291: [ParNew: 11793684K->29071K(13212096K), 0.6407387 secs] 83355361K->71600855K(187275712K), 0.6411457 secs] [Times: user=3.57 sys=1.50, real=0.64 secs] 
2018-04-15T16:54:08.055+0800: 228607.051: [GC (Allocation Failure) 2018-04-15T16:54:08.055+0800: 228607.051: [ParNew: 11773199K->27261K(13212096K), 0.5294031 secs] 83344983K->71600658K(187275712K), 0.5298072 secs] [Times: user=3.69 sys=0.52, real=0.53 secs] 
2018-04-15T16:54:42.766+0800: 228641.762: [GC (Allocation Failure) 2018-04-15T16:54:42.766+0800: 228641.762: [ParNew: 11771389K->25280K(13212096K), 0.5522854 secs] 83344786K->71599594K(187275712K), 0.5526895 secs] [Times: user=3.99 sys=0.40, real=0.55 secs] 
2018-04-15T16:55:53.360+0800: 228712.356: [GC (Allocation Failure) 2018-04-15T16:55:53.360+0800: 228712.356: [ParNew: 11769408K->22822K(13212096K), 0.7269332 secs] 83343722K->71598849K(187275712K), 0.7273637 secs] [Times: user=4.99 sys=0.78, real=0.73 secs] 
2018-04-15T16:58:40.759+0800: 228879.755: [GC (Allocation Failure) 2018-04-15T16:58:40.759+0800: 228879.755: [ParNew: 11766950K->27453K(13212096K), 1.0227595 secs] 83342977K->71603968K(187275712K), 1.0231513 secs] [Times: user=6.91 sys=1.22, real=1.03 secs] 
2018-04-15T16:59:54.070+0800: 228953.066: [GC (Allocation Failure) 2018-04-15T16:59:54.071+0800: 228953.067: [ParNew: 11771581K->66806K(13212096K), 0.6663048 secs] 83348096K->71643779K(187275712K), 0.6667437 secs] [Times: user=3.60 sys=1.66, real=0.67 secs] 
2018-04-15T17:00:10.224+0800: 228969.220: [GC (Allocation Failure) 2018-04-15T17:00:10.224+0800: 228969.220: [ParNew: 11810934K->120262K(13212096K), 0.5011073 secs] 83387907K->71697425K(187275712K), 0.5015062 secs] [Times: user=3.66 sys=0.32, real=0.50 secs] 
2018-04-15T17:00:27.062+0800: 228986.058: [GC (Allocation Failure) 2018-04-15T17:00:27.062+0800: 228986.058: [ParNew: 11864390K->161929K(13212096K), 0.5604730 secs] 83441553K->71739461K(187275712K), 0.5608687 secs] [Times: user=3.99 sys=0.46, real=0.56 secs] 
2018-04-15T17:00:42.679+0800: 229001.675: [GC (Allocation Failure) 2018-04-15T17:00:42.680+0800: 229001.676: [ParNew: 11906057K->128276K(13212096K), 0.5606858 secs] 83483589K->71706507K(187275712K), 0.5611043 secs] [Times: user=3.40 sys=1.04, real=0.56 secs] 
2018-04-15T17:00:57.415+0800: 229016.412: [GC (Allocation Failure) 2018-04-15T17:00:57.416+0800: 229016.412: [ParNew: 11872404K->97242K(13212096K), 0.5411034 secs] 83450635K->71676744K(187275712K), 0.5415082 secs] [Times: user=3.91 sys=0.39, real=0.54 secs] 
2018-04-15T17:01:26.884+0800: 229045.880: [GC (Allocation Failure) 2018-04-15T17:01:26.884+0800: 229045.880: [ParNew: 11841370K->62795K(13212096K), 0.5014952 secs] 83420872K->71646356K(187275712K), 0.5019080 secs] [Times: user=3.33 sys=0.66, real=0.50 secs] 
2018-04-15T17:05:44.065+0800: 229303.061: [GC (Allocation Failure) 2018-04-15T17:05:44.065+0800: 229303.061: [ParNew: 11806923K->37962K(13212096K), 1.2008542 secs] 83390484K->71623331K(187275712K), 1.2012742 secs] [Times: user=7.45 sys=2.07, real=1.20 secs] 
2018-04-15T17:09:43.455+0800: 229542.451: [GC (Allocation Failure) 2018-04-15T17:09:43.455+0800: 229542.452: [ParNew: 11782090K->43927K(13212096K), 0.9942539 secs] 83367459K->71629566K(187275712K), 0.9946721 secs] [Times: user=6.41 sys=1.34, real=0.99 secs] 
2018-04-15T17:13:00.124+0800: 229739.120: [GC (Allocation Failure) 2018-04-15T17:13:00.124+0800: 229739.120: [ParNew: 11788055K->54082K(13212096K), 0.9082860 secs] 83373694K->71640417K(187275712K), 0.9086773 secs] [Times: user=6.17 sys=1.02, real=0.91 secs] 
2018-04-15T17:14:57.223+0800: 229856.219: [GC (Allocation Failure) 2018-04-15T17:14:57.223+0800: 229856.219: [ParNew: 11798210K->93087K(13212096K), 0.7259791 secs] 83384545K->71679701K(187275712K), 0.7264071 secs] [Times: user=4.15 sys=1.56, real=0.72 secs] 
2018-04-15T17:15:25.822+0800: 229884.818: [GC (Allocation Failure) 2018-04-15T17:15:25.823+0800: 229884.819: [ParNew: 11837215K->125839K(13212096K), 0.6069543 secs] 83423829K->71712682K(187275712K), 0.6073740 secs] [Times: user=3.95 sys=0.89, real=0.60 secs] 
2018-04-15T17:15:53.647+0800: 229912.643: [GC (Allocation Failure) 2018-04-15T17:15:53.647+0800: 229912.643: [ParNew: 11869961K->151778K(13212096K), 0.5251164 secs] 83456804K->71738777K(187275712K), 0.5255428 secs] [Times: user=3.78 sys=0.40, real=0.53 secs] 
2018-04-15T17:16:37.773+0800: 229956.769: [GC (Allocation Failure) 2018-04-15T17:16:37.773+0800: 229956.770: [ParNew: 11895906K->148434K(13212096K), 0.7024893 secs] 83482905K->71737281K(187275712K), 0.7029144 secs] [Times: user=3.57 sys=1.99, real=0.70 secs] 
2018-04-15T17:19:03.849+0800: 230102.846: [GC (Allocation Failure) 2018-04-15T17:19:03.850+0800: 230102.846: [ParNew: 11892562K->113498K(13212096K), 0.7502371 secs] 83481409K->71709667K(187275712K), 0.7506558 secs] [Times: user=4.65 sys=1.31, real=0.75 secs] 
2018-04-15T17:19:37.900+0800: 230136.896: [GC (Allocation Failure) 2018-04-15T17:19:37.900+0800: 230136.896: [ParNew: 11857626K->105797K(13212096K), 0.6474889 secs] 83453795K->71708331K(187275712K), 0.6478995 secs] [Times: user=4.37 sys=0.74, real=0.65 secs] 
2018-04-15T17:20:56.483+0800: 230215.479: [GC (Allocation Failure) 2018-04-15T17:20:56.483+0800: 230215.479: [ParNew: 11849925K->94303K(13212096K), 0.7615277 secs] 83452459K->71704588K(187275712K), 0.7619426 secs] [Times: user=4.90 sys=1.13, real=0.76 secs] 
2018-04-15T17:21:15.943+0800: 230234.939: [GC (Allocation Failure) 2018-04-15T17:21:15.943+0800: 230234.940: [ParNew: 11838431K->64331K(13212096K), 0.6090973 secs] 83448716K->71680985K(187275712K), 0.6095150 secs] [Times: user=3.49 sys=1.32, real=0.61 secs] 
2018-04-15T17:21:27.963+0800: 230246.960: [GC (Allocation Failure) 2018-04-15T17:21:27.964+0800: 230246.960: [ParNew: 11808459K->72576K(13212096K), 0.5291477 secs] 83425113K->71693024K(187275712K), 0.5295545 secs] [Times: user=3.65 sys=0.57, real=0.53 secs] 
2018-04-15T17:21:37.972+0800: 230256.968: [GC (Allocation Failure) 2018-04-15T17:21:37.973+0800: 230256.969: [ParNew: 11816704K->52681K(13212096K), 0.4497785 secs] 83437152K->71685102K(187275712K), 0.4501956 secs] [Times: user=3.47 sys=0.10, real=0.45 secs] 
2018-04-15T17:21:46.794+0800: 230265.790: [GC (Allocation Failure) 2018-04-15T17:21:46.795+0800: 230265.791: [ParNew: 11796809K->58905K(13212096K), 0.4551325 secs] 83429230K->71696987K(187275712K), 0.4555430 secs] [Times: user=3.53 sys=0.08, real=0.45 secs] 
2018-04-15T17:22:01.091+0800: 230280.087: [GC (Allocation Failure) 2018-04-15T17:22:01.092+0800: 230280.088: [ParNew: 11803033K->70899K(13212096K), 0.5914816 secs] 83441115K->71710784K(187275712K), 0.5919057 secs] [Times: user=2.95 sys=1.74, real=0.59 secs] 
2018-04-15T17:22:18.445+0800: 230297.441: [GC (Allocation Failure) 2018-04-15T17:22:18.445+0800: 230297.441: [ParNew: 11815027K->92626K(13212096K), 0.4512403 secs] 83454912K->71739730K(187275712K), 0.4516399 secs] [Times: user=3.50 sys=0.09, real=0.45 secs] 
2018-04-15T17:22:33.071+0800: 230312.067: [GC (Allocation Failure) 2018-04-15T17:22:33.071+0800: 230312.067: [ParNew: 11836754K->109866K(13212096K), 0.5095036 secs] 83483858K->71761176K(187275712K), 0.5098681 secs] [Times: user=3.65 sys=0.41, real=0.50 secs] 
2018-04-15T17:22:40.762+0800: 230319.758: [GC (Allocation Failure) 2018-04-15T17:22:40.762+0800: 230319.758: [ParNew: 11853994K->100196K(13212096K), 0.4721477 secs] 83505304K->71752424K(187275712K), 0.4725561 secs] [Times: user=3.22 sys=0.53, real=0.47 secs] 
2018-04-15T17:22:51.976+0800: 230330.972: [GC (Allocation Failure) 2018-04-15T17:22:51.976+0800: 230330.972: [ParNew: 11844324K->65876K(13212096K), 0.4333295 secs] 83496552K->71718948K(187275712K), 0.4337369 secs] [Times: user=3.44 sys=0.00, real=0.43 secs] 
2018-04-15T17:23:05.018+0800: 230344.014: [GC (Allocation Failure) 2018-04-15T17:23:05.018+0800: 230344.014: [ParNew: 11810004K->81056K(13212096K), 0.5636198 secs] 83463076K->71737518K(187275712K), 0.5640033 secs] [Times: user=3.29 sys=1.16, real=0.57 secs] 
2018-04-15T17:23:20.184+0800: 230359.180: [GC (Allocation Failure) 2018-04-15T17:23:20.184+0800: 230359.180: [ParNew: 11825184K->97540K(13212096K), 0.5356110 secs] 83481646K->71755353K(187275712K), 0.5359987 secs] [Times: user=3.57 sys=0.69, real=0.53 secs] 
2018-04-15T17:23:35.420+0800: 230374.416: [GC (Allocation Failure) 2018-04-15T17:23:35.420+0800: 230374.416: [ParNew: 11841668K->95961K(13212096K), 0.4905201 secs] 83499481K->71754708K(187275712K), 0.4909118 secs] [Times: user=3.63 sys=0.27, real=0.49 secs] 
2018-04-15T17:24:01.963+0800: 230400.959: [GC (Allocation Failure) 2018-04-15T17:24:01.963+0800: 230400.959: [ParNew: 11840089K->64972K(13212096K), 0.6362794 secs] 83498836K->71725662K(187275712K), 0.6366884 secs] [Times: user=3.25 sys=1.79, real=0.63 secs] 
2018-04-15T17:27:42.001+0800: 230620.998: [GC (Allocation Failure) 2018-04-15T17:27:42.002+0800: 230620.998: [ParNew: 11809100K->47706K(13212096K), 1.2477948 secs] 83469790K->71708536K(187275712K), 1.2482179 secs] [Times: user=6.77 sys=3.11, real=1.24 secs] 
2018-04-15T17:29:40.054+0800: 230739.050: [GC (Allocation Failure) 2018-04-15T17:29:40.054+0800: 230739.050: [ParNew: 11791834K->55709K(13212096K), 0.8378215 secs] 83452664K->71716711K(187275712K), 0.8382357 secs] [Times: user=5.20 sys=1.47, real=0.84 secs] 
2018-04-15T17:30:25.366+0800: 230784.362: [GC (Allocation Failure) 2018-04-15T17:30:25.366+0800: 230784.362: [ParNew: 11799837K->55538K(13212096K), 0.6878098 secs] 83460839K->71717141K(187275712K), 0.6882465 secs] [Times: user=3.66 sys=1.79, real=0.69 secs] 
2018-04-15T17:30:58.048+0800: 230817.044: [GC (Allocation Failure) 2018-04-15T17:30:58.048+0800: 230817.044: [ParNew: 11799666K->56396K(13212096K), 0.6385259 secs] 83461269K->71718934K(187275712K), 0.6389432 secs] [Times: user=4.84 sys=0.24, real=0.64 secs] 
2018-04-15T17:32:08.426+0800: 230887.422: [GC (Allocation Failure) 2018-04-15T17:32:08.427+0800: 230887.423: [ParNew: 11800524K->50275K(13212096K), 0.6308374 secs] 83463062K->71715179K(187275712K), 0.6312618 secs] [Times: user=3.18 sys=1.80, real=0.63 secs] 
2018-04-15T17:32:42.262+0800: 230921.258: [GC (Allocation Failure) 2018-04-15T17:32:42.262+0800: 230921.258: [ParNew: 11794403K->66102K(13212096K), 0.5441952 secs] 83459307K->71732741K(187275712K), 0.5446216 secs] [Times: user=3.67 sys=1.20, real=0.54 secs] 
2018-04-15T17:33:07.218+0800: 230946.214: [GC (Allocation Failure) 2018-04-15T17:33:07.218+0800: 230946.214: [ParNew: 11810230K->52032K(13212096K), 0.4494397 secs] 83476869K->71730653K(187275712K), 0.4498511 secs] [Times: user=3.22 sys=0.33, real=0.45 secs] 
2018-04-15T17:34:09.413+0800: 231008.409: [GC (Allocation Failure) 2018-04-15T17:34:09.413+0800: 231008.409: [ParNew: 11796160K->41667K(13212096K), 0.6360601 secs] 83474781K->71725207K(187275712K), 0.6364908 secs] [Times: user=3.50 sys=1.52, real=0.63 secs] 
2018-04-15T17:35:43.163+0800: 231102.159: [GC (Allocation Failure) 2018-04-15T17:35:43.163+0800: 231102.159: [ParNew: 11785795K->39854K(13212096K), 0.5878276 secs] 83469335K->71724770K(187275712K), 0.5882248 secs] [Times: user=3.70 sys=0.97, real=0.58 secs] 
2018-04-15T17:36:34.558+0800: 231153.554: [GC (Allocation Failure) 2018-04-15T17:36:34.559+0800: 231153.555: [ParNew: 11783982K->28378K(13212096K), 0.5877651 secs] 83468898K->71714338K(187275712K), 0.5881761 secs] [Times: user=4.22 sys=0.46, real=0.59 secs] 
2018-04-15T17:39:58.686+0800: 231357.682: [GC (Allocation Failure) 2018-04-15T17:39:58.686+0800: 231357.682: [ParNew: 11772506K->39418K(13212096K), 1.0951116 secs] 83458466K->71727160K(187275712K), 1.0955355 secs] [Times: user=5.91 sys=2.78, real=1.10 secs] 
2018-04-15T17:40:45.090+0800: 231404.086: [GC (Allocation Failure) 2018-04-15T17:40:45.090+0800: 231404.086: [ParNew: 11783546K->82591K(13212096K), 0.6764435 secs] 83471288K->71771081K(187275712K), 0.6768721 secs] [Times: user=3.79 sys=1.55, real=0.68 secs] 
2018-04-15T17:41:13.145+0800: 231432.142: [GC (Allocation Failure) 2018-04-15T17:41:13.146+0800: 231432.142: [ParNew: 11826719K->91971K(13212096K), 0.4930875 secs] 83515209K->71780640K(187275712K), 0.4935033 secs] [Times: user=2.64 sys=1.29, real=0.49 secs] 
2018-04-15T17:42:13.555+0800: 231492.551: [GC (Allocation Failure) 2018-04-15T17:42:13.556+0800: 231492.552: [ParNew: 11836099K->78673K(13212096K), 0.5454124 secs] 83524768K->71772066K(187275712K), 0.5458234 secs] [Times: user=3.71 sys=0.63, real=0.55 secs] 
2018-04-15T17:44:03.947+0800: 231602.943: [GC (Allocation Failure) 2018-04-15T17:44:03.947+0800: 231602.943: [ParNew: 11822801K->106870K(13212096K), 0.9117170 secs] 83516194K->71802271K(187275712K), 0.9121380 secs] [Times: user=4.07 sys=3.14, real=0.91 secs] 
2018-04-15T17:44:48.528+0800: 231647.524: [GC (Allocation Failure) 2018-04-15T17:44:48.528+0800: 231647.524: [ParNew: 11850998K->132540K(13212096K), 0.6437009 secs] 83546399K->71828440K(187275712K), 0.6441259 secs] [Times: user=3.88 sys=1.22, real=0.65 secs] 
2018-04-15T17:45:08.600+0800: 231667.596: [GC (Allocation Failure) 2018-04-15T17:45:08.601+0800: 231667.597: [ParNew: 11876668K->170939K(13212096K), 0.5215759 secs] 83572568K->71871446K(187275712K), 0.5219975 secs] [Times: user=3.55 sys=0.60, real=0.53 secs] 
2018-04-15T17:45:28.727+0800: 231687.723: [GC (Allocation Failure) 2018-04-15T17:45:28.727+0800: 231687.723: [ParNew: 11915067K->169964K(13212096K), 0.4741858 secs] 83615574K->71875014K(187275712K), 0.4745925 secs] [Times: user=3.35 sys=0.42, real=0.48 secs] 
2018-04-15T17:45:45.054+0800: 231704.050: [GC (Allocation Failure) 2018-04-15T17:45:45.054+0800: 231704.050: [ParNew: 11914092K->112281K(13212096K), 0.5459053 secs] 83619142K->71817868K(187275712K), 0.5463453 secs] [Times: user=3.34 sys=0.99, real=0.54 secs] 
2018-04-15T17:45:59.366+0800: 231718.363: [GC (Allocation Failure) 2018-04-15T17:45:59.367+0800: 231718.363: [ParNew: 11856409K->103745K(13212096K), 0.4536399 secs] 83561996K->71814546K(187275712K), 0.4540540 secs] [Times: user=3.55 sys=0.05, real=0.45 secs] 
2018-04-15T17:46:17.119+0800: 231736.115: [GC (Allocation Failure) 2018-04-15T17:46:17.119+0800: 231736.115: [ParNew: 11847873K->46332K(13212096K), 0.4866336 secs] 83558674K->71765381K(187275712K), 0.4870434 secs] [Times: user=3.38 sys=0.48, real=0.49 secs] 
2018-04-15T17:47:42.745+0800: 231821.741: [GC (Allocation Failure) 2018-04-15T17:47:42.746+0800: 231821.742: [ParNew: 11790460K->27889K(13212096K), 0.6233409 secs] 83509509K->71749641K(187275712K), 0.6239775 secs] [Times: user=4.29 sys=0.67, real=0.62 secs] 
2018-04-15T17:52:31.581+0800: 232110.577: [GC (Allocation Failure) 2018-04-15T17:52:31.581+0800: 232110.577: [ParNew: 11772017K->33754K(13212096K), 1.2660844 secs] 83493769K->71760526K(187275712K), 1.2664569 secs] [Times: user=6.70 sys=3.35, real=1.27 secs] 
2018-04-15T17:55:41.730+0800: 232300.726: [GC (Allocation Failure) 2018-04-15T17:55:41.730+0800: 232300.726: [ParNew: 11777882K->31178K(13212096K), 0.9839948 secs] 83504654K->71759817K(187275712K), 0.9844095 secs] [Times: user=5.74 sys=2.07, real=0.99 secs] 
2018-04-15T18:00:43.966+0800: 232602.962: [GC (Allocation Failure) 2018-04-15T18:00:43.966+0800: 232602.963: [ParNew: 11774984K->33544K(13212096K), 1.0192077 secs] 83503623K->71763060K(187275712K), 1.0196141 secs] [Times: user=7.21 sys=0.89, real=1.02 secs] 
2018-04-15T18:04:42.192+0800: 232841.188: [GC (Allocation Failure) 2018-04-15T18:04:42.192+0800: 232841.188: [ParNew: 11777672K->54504K(13212096K), 1.0649425 secs] 83507188K->71784039K(187275712K), 1.0653796 secs] [Times: user=5.01 sys=3.43, real=1.06 secs] 
2018-04-15T18:05:20.272+0800: 232879.268: [GC (Allocation Failure) 2018-04-15T18:05:20.272+0800: 232879.268: [ParNew: 11798632K->94289K(13212096K), 0.6584957 secs] 83528167K->71823848K(187275712K), 0.6589164 secs] [Times: user=3.48 sys=1.74, real=0.65 secs] 
2018-04-15T18:06:39.948+0800: 232958.944: [GC (Allocation Failure) 2018-04-15T18:06:39.949+0800: 232958.945: [ParNew: 11838417K->110080K(13212096K), 0.8500841 secs] 83567976K->71840061K(187275712K), 0.8505094 secs] [Times: user=4.69 sys=2.09, real=0.85 secs] 
2018-04-15T18:07:17.159+0800: 232996.155: [GC (Allocation Failure) 2018-04-15T18:07:17.159+0800: 232996.156: [ParNew: 11854208K->87880K(13212096K), 0.6443242 secs] 83584189K->71821618K(187275712K), 0.6447527 secs] [Times: user=3.35 sys=1.73, real=0.65 secs] 
2018-04-15T18:08:24.866+0800: 233063.862: [GC (Allocation Failure) 2018-04-15T18:08:24.866+0800: 233063.862: [ParNew: 11832008K->52958K(13212096K), 0.7507805 secs] 83565746K->71788867K(187275712K), 0.7511990 secs] [Times: user=4.43 sys=1.54, real=0.75 secs] 
2018-04-15T18:12:42.177+0800: 233321.173: [GC (Allocation Failure) 2018-04-15T18:12:42.177+0800: 233321.173: [ParNew: 11797086K->36627K(13212096K), 1.2315297 secs] 83532995K->71774004K(187275712K), 1.2319340 secs] [Times: user=7.63 sys=2.16, real=1.23 secs] 
2018-04-15T18:17:27.149+0800: 233606.145: [GC (Allocation Failure) 2018-04-15T18:17:27.149+0800: 233606.145: [ParNew: 11780755K->37153K(13212096K), 0.9470843 secs] 83518132K->71777127K(187275712K), 0.9474865 secs] [Times: user=6.53 sys=1.00, real=0.95 secs] 
2018-04-15T18:21:51.857+0800: 233870.853: [GC (Allocation Failure) 2018-04-15T18:21:51.857+0800: 233870.853: [ParNew: 11781281K->47251K(13212096K), 1.3386197 secs] 83521255K->71788470K(187275712K), 1.3390287 secs] [Times: user=7.57 sys=3.06, real=1.34 secs] 
2018-04-15T18:22:25.034+0800: 233904.030: [GC (Allocation Failure) 2018-04-15T18:22:25.034+0800: 233904.030: [ParNew: 11791379K->65845K(13212096K), 0.4682177 secs] 83532598K->71809527K(187275712K), 0.4686802 secs] [Times: user=3.48 sys=0.24, real=0.47 secs] 
2018-04-15T18:22:45.982+0800: 233924.978: [GC (Allocation Failure) 2018-04-15T18:22:45.982+0800: 233924.978: [ParNew: 11809973K->95346K(13212096K), 0.6033173 secs] 83553655K->71839550K(187275712K), 0.6037265 secs] [Times: user=4.25 sys=0.53, real=0.60 secs] 
2018-04-15T18:23:01.115+0800: 233940.111: [GC (Allocation Failure) 2018-04-15T18:23:01.116+0800: 233940.112: [ParNew: 11839474K->123546K(13212096K), 0.5512874 secs] 83583678K->71868894K(187275712K), 0.5516817 secs] [Times: user=3.94 sys=0.44, real=0.55 secs] 
2018-04-15T18:23:29.403+0800: 233968.399: [GC (Allocation Failure) 2018-04-15T18:23:29.403+0800: 233968.399: [ParNew: 11867674K->81419K(13212096K), 0.4510549 secs] 83613022K->71831088K(187275712K), 0.4514329 secs] [Times: user=2.38 sys=1.21, real=0.45 secs] 
2018-04-15T18:24:05.011+0800: 234004.007: [GC (Allocation Failure) 2018-04-15T18:24:05.011+0800: 234004.007: [ParNew: 11825547K->45484K(13212096K), 0.6813240 secs] 83575216K->71797193K(187275712K), 0.6817301 secs] [Times: user=3.66 sys=1.74, real=0.69 secs] 
2018-04-15T18:26:39.080+0800: 234158.076: [GC (Allocation Failure) 2018-04-15T18:26:39.081+0800: 234158.077: [ParNew: 11789612K->50074K(13212096K), 0.6771049 secs] 83541321K->71807306K(187275712K), 0.6774942 secs] [Times: user=4.30 sys=1.07, real=0.68 secs] 
2018-04-15T18:28:04.344+0800: 234243.340: [GC (Allocation Failure) 2018-04-15T18:28:04.344+0800: 234243.340: [ParNew: 11794202K->99911K(13212096K), 0.6753326 secs] 83551434K->71857806K(187275712K), 0.6757358 secs] [Times: user=3.52 sys=1.83, real=0.67 secs] 
2018-04-15T18:28:42.241+0800: 234281.237: [GC (Allocation Failure) 2018-04-15T18:28:42.241+0800: 234281.237: [ParNew: 11844039K->124569K(13212096K), 0.6083849 secs] 83601934K->71882749K(187275712K), 0.6087683 secs] [Times: user=4.83 sys=0.00, real=0.61 secs] 
2018-04-15T18:29:35.541+0800: 234334.537: [GC (Allocation Failure) 2018-04-15T18:29:35.541+0800: 234334.537: [ParNew: 11868697K->145418K(13212096K), 0.6356347 secs] 83626877K->71904478K(187275712K), 0.6360376 secs] [Times: user=4.55 sys=0.51, real=0.64 secs] 
2018-04-15T18:30:08.089+0800: 234367.085: [GC (Allocation Failure) 2018-04-15T18:30:08.090+0800: 234367.086: [ParNew: 11889546K->168309K(13212096K), 0.5288783 secs] 83648606K->71928099K(187275712K), 0.5292734 secs] [Times: user=3.76 sys=0.46, real=0.53 secs] 
2018-04-15T18:31:32.940+0800: 234451.936: [GC (Allocation Failure) 2018-04-15T18:31:32.940+0800: 234451.936: [ParNew: 11912437K->105596K(13212096K), 0.9533685 secs] 83672227K->71865871K(187275712K), 0.9537729 secs] [Times: user=4.41 sys=3.17, real=0.96 secs] 
2018-04-15T18:33:24.033+0800: 234563.029: [GC (Allocation Failure) 2018-04-15T18:33:24.034+0800: 234563.030: [ParNew: 11849724K->85126K(13212096K), 0.8616121 secs] 83609999K->71849150K(187275712K), 0.8620263 secs] [Times: user=4.91 sys=1.89, real=0.86 secs] 
2018-04-15T18:36:08.076+0800: 234727.072: [GC (Allocation Failure) 2018-04-15T18:36:08.076+0800: 234727.072: [ParNew: 11829254K->74388K(13212096K), 0.8535679 secs] 83593278K->71841249K(187275712K), 0.8539852 secs] [Times: user=6.48 sys=0.29, real=0.85 secs] 
2018-04-15T18:37:27.588+0800: 234806.584: [GC (Allocation Failure) 2018-04-15T18:37:27.588+0800: 234806.584: [ParNew: 11818516K->79244K(13212096K), 0.7065216 secs] 83585377K->71847528K(187275712K), 0.7069191 secs] [Times: user=4.80 sys=0.78, real=0.71 secs] 
2018-04-15T18:40:43.965+0800: 235002.962: [GC (Allocation Failure) 2018-04-15T18:40:43.966+0800: 235002.962: [ParNew: 11823372K->87039K(13212096K), 0.9957363 secs] 83591656K->71858837K(187275712K), 0.9961527 secs] [Times: user=4.43 sys=3.45, real=1.00 secs] 
2018-04-15T18:41:46.060+0800: 235065.056: [GC (Allocation Failure) 2018-04-15T18:41:46.060+0800: 235065.056: [ParNew: 11831167K->82486K(13212096K), 0.7526104 secs] 83602965K->71856928K(187275712K), 0.7530211 secs] [Times: user=5.20 sys=0.79, real=0.76 secs] 
2018-04-15T18:43:12.144+0800: 235151.140: [GC (Allocation Failure) 2018-04-15T18:43:12.145+0800: 235151.141: [ParNew: 11826614K->78087K(13212096K), 0.7606034 secs] 83601056K->71859604K(187275712K), 0.7610271 secs] [Times: user=5.02 sys=1.01, real=0.76 secs] 
2018-04-15T18:43:55.278+0800: 235194.274: [GC (Allocation Failure) 2018-04-15T18:43:55.278+0800: 235194.274: [ParNew: 11822215K->122787K(13212096K), 0.8287597 secs] 83603732K->71912187K(187275712K), 0.8292137 secs] [Times: user=5.65 sys=0.91, real=0.83 secs] 
2018-04-15T18:44:39.503+0800: 235238.499: [GC (Allocation Failure) 2018-04-15T18:44:39.504+0800: 235238.500: [ParNew: 11866915K->118587K(13212096K), 0.6130337 secs] 83656315K->71914193K(187275712K), 0.6134610 secs] [Times: user=4.25 sys=0.60, real=0.61 secs] 
2018-04-15T18:45:31.174+0800: 235290.170: [GC (Allocation Failure) 2018-04-15T18:45:31.174+0800: 235290.171: [ParNew: 11862715K->119581K(13212096K), 0.7601243 secs] 83658321K->71916786K(187275712K), 0.7605158 secs] [Times: user=5.35 sys=0.70, real=0.76 secs] 
2018-04-15T18:47:18.664+0800: 235397.660: [GC (Allocation Failure) 2018-04-15T18:47:18.664+0800: 235397.660: [ParNew: 11863709K->91118K(13212096K), 0.7268512 secs] 83660914K->71894805K(187275712K), 0.7273073 secs] [Times: user=5.26 sys=0.47, real=0.73 secs] 
2018-04-15T18:47:47.068+0800: 235426.065: [GC (Allocation Failure) 2018-04-15T18:47:47.069+0800: 235426.065: [ParNew: 11835246K->66506K(13212096K), 0.5671044 secs] 83638933K->71871921K(187275712K), 0.5675412 secs] [Times: user=3.92 sys=0.58, real=0.57 secs] 
2018-04-15T18:48:04.138+0800: 235443.134: [GC (Allocation Failure) 2018-04-15T18:48:04.138+0800: 235443.134: [ParNew: 11810634K->108430K(13212096K), 0.4510444 secs] 83616049K->71915512K(187275712K), 0.4514424 secs] [Times: user=2.45 sys=1.15, real=0.45 secs] 
2018-04-15T18:48:20.766+0800: 235459.762: [GC (Allocation Failure) 2018-04-15T18:48:20.766+0800: 235459.762: [ParNew: 11852558K->146849K(13212096K), 0.5719943 secs] 83659640K->71957322K(187275712K), 0.5723938 secs] [Times: user=3.33 sys=1.18, real=0.57 secs] 
2018-04-15T18:48:30.415+0800: 235469.411: [GC (Allocation Failure) 2018-04-15T18:48:30.416+0800: 235469.412: [ParNew: 11890977K->118234K(13212096K), 0.4397711 secs] 83701450K->71930746K(187275712K), 0.4401540 secs] [Times: user=3.42 sys=0.08, real=0.44 secs] 
2018-04-15T18:48:58.862+0800: 235497.858: [GC (Allocation Failure) 2018-04-15T18:48:58.862+0800: 235497.858: [ParNew: 11862362K->87762K(13212096K), 0.4647838 secs] 83674874K->71903081K(187275712K), 0.4651804 secs] [Times: user=3.25 sys=0.45, real=0.46 secs] 
2018-04-15T18:49:50.172+0800: 235549.168: [GC (Allocation Failure) 2018-04-15T18:49:50.172+0800: 235549.168: [ParNew: 11831890K->73674K(13212096K), 0.6737255 secs] 83647209K->71897458K(187275712K), 0.6741464 secs] [Times: user=4.72 sys=0.60, real=0.67 secs] 
2018-04-15T18:51:59.287+0800: 235678.283: [GC (Allocation Failure) 2018-04-15T18:51:59.287+0800: 235678.283: [ParNew: 11817802K->53986K(13212096K), 0.8587282 secs] 83641586K->71879244K(187275712K), 0.8591234 secs] [Times: user=5.06 sys=1.76, real=0.86 secs] 
2018-04-15T18:53:16.873+0800: 235755.869: [GC (Allocation Failure) 2018-04-15T18:53:16.873+0800: 235755.869: [ParNew: 11798114K->68542K(13212096K), 0.7970193 secs] 83623372K->71894345K(187275712K), 0.7974320 secs] [Times: user=4.77 sys=1.55, real=0.79 secs] 
2018-04-15T18:55:25.868+0800: 235884.864: [GC (Allocation Failure) 2018-04-15T18:55:25.868+0800: 235884.864: [ParNew: 11812670K->52183K(13212096K), 0.8426288 secs] 83638473K->71879568K(187275712K), 0.8430396 secs] [Times: user=4.27 sys=2.38, real=0.84 secs] 
2018-04-15T18:58:42.128+0800: 236081.124: [GC (Allocation Failure) 2018-04-15T18:58:42.129+0800: 236081.125: [ParNew: 11796311K->97552K(13212096K), 1.1493786 secs] 83623696K->71925570K(187275712K), 1.1497820 secs] [Times: user=6.99 sys=2.16, real=1.15 secs] 
2018-04-15T18:59:20.507+0800: 236119.503: [GC (Allocation Failure) 2018-04-15T18:59:20.507+0800: 236119.503: [ParNew: 11841680K->133429K(13212096K), 0.8089906 secs] 83669698K->71962481K(187275712K), 0.8094069 secs] [Times: user=5.68 sys=0.73, real=0.81 secs] 
2018-04-15T19:00:29.310+0800: 236188.306: [GC (Allocation Failure) 2018-04-15T19:00:29.311+0800: 236188.307: [ParNew: 11877557K->120089K(13212096K), 1.1166552 secs] 83706609K->71950570K(187275712K), 1.1170684 secs] [Times: user=7.28 sys=1.63, real=1.12 secs] 
2018-04-15T19:04:27.771+0800: 236426.767: [GC (Allocation Failure) 2018-04-15T19:04:27.771+0800: 236426.767: [ParNew: 11864217K->82265K(13212096K), 1.3569116 secs] 83694698K->71918009K(187275712K), 1.3573281 secs] [Times: user=9.23 sys=1.55, real=1.35 secs] 
2018-04-15T19:07:40.547+0800: 236619.543: [GC (Allocation Failure) 2018-04-15T19:07:40.547+0800: 236619.543: [ParNew: 11826393K->106052K(13212096K), 1.1431708 secs] 83662137K->71943392K(187275712K), 1.1435597 secs] [Times: user=7.63 sys=1.44, real=1.14 secs] 
2018-04-15T19:08:09.724+0800: 236648.720: [GC (Allocation Failure) 2018-04-15T19:08:09.724+0800: 236648.720: [ParNew: 11850180K->150096K(13212096K), 1.2826139 secs] 83687520K->71988437K(187275712K), 1.2830055 secs] [Times: user=8.43 sys=1.80, real=1.28 secs] 
2018-04-15T19:08:39.106+0800: 236678.102: [GC (Allocation Failure) 2018-04-15T19:08:39.107+0800: 236678.103: [ParNew: 11894224K->194701K(13212096K), 1.2497433 secs] 83732565K->72036984K(187275712K), 1.2501176 secs] [Times: user=9.00 sys=0.95, real=1.25 secs] 
2018-04-15T19:09:06.645+0800: 236705.641: [GC (Allocation Failure) 2018-04-15T19:09:06.645+0800: 236705.641: [ParNew: 11938829K->175722K(13212096K), 0.9408087 secs] 83781112K->72021430K(187275712K), 0.9412314 secs] [Times: user=6.88 sys=0.59, real=0.94 secs] 
2018-04-15T19:09:39.299+0800: 236738.295: [GC (Allocation Failure) 2018-04-15T19:09:39.299+0800: 236738.295: [ParNew: 11919850K->137301K(13212096K), 0.5661314 secs] 83765558K->71986936K(187275712K), 0.5665165 secs] [Times: user=3.72 sys=0.78, real=0.57 secs] 
2018-04-15T19:10:32.757+0800: 236791.753: [GC (Allocation Failure) 2018-04-15T19:10:32.757+0800: 236791.753: [ParNew: 11881429K->128973K(13212096K), 0.6050182 secs] 83731064K->71985507K(187275712K), 0.6054177 secs] [Times: user=4.17 sys=0.64, real=0.61 secs] 
2018-04-15T19:11:24.418+0800: 236843.414: [GC (Allocation Failure) 2018-04-15T19:11:24.418+0800: 236843.414: [ParNew: 11873101K->89418K(13212096K), 0.6992941 secs] 83729635K->71953507K(187275712K), 0.6996999 secs] [Times: user=3.72 sys=1.81, real=0.70 secs] 
2018-04-15T19:11:36.452+0800: 236855.448: [GC (Allocation Failure) 2018-04-15T19:11:36.452+0800: 236855.448: [ParNew: 11833546K->50440K(13212096K), 0.4263118 secs] 83697635K->71916795K(187275712K), 0.4267045 secs] [Times: user=3.30 sys=0.08, real=0.42 secs] 
2018-04-15T19:11:47.693+0800: 236866.689: [GC (Allocation Failure) 2018-04-15T19:11:47.693+0800: 236866.689: [ParNew: 11794568K->51660K(13212096K), 0.4269606 secs] 83660923K->71924178K(187275712K), 0.4273333 secs] [Times: user=3.35 sys=0.04, real=0.42 secs] 
2018-04-15T19:12:11.574+0800: 236890.570: [GC (Allocation Failure) 2018-04-15T19:12:11.574+0800: 236890.570: [ParNew: 11795788K->48426K(13212096K), 0.6017327 secs] 83668306K->71927741K(187275712K), 0.6021373 secs] [Times: user=3.37 sys=1.40, real=0.60 secs] 
2018-04-15T19:12:25.606+0800: 236904.603: [GC (Allocation Failure) 2018-04-15T19:12:25.607+0800: 236904.603: [ParNew: 11792554K->62256K(13212096K), 0.4416733 secs] 83671869K->71944348K(187275712K), 0.4420662 secs] [Times: user=2.57 sys=0.93, real=0.44 secs] 
2018-04-15T19:12:34.501+0800: 236913.498: [GC (Allocation Failure) 2018-04-15T19:12:34.502+0800: 236913.498: [ParNew: 11806384K->69806K(13212096K), 0.5097792 secs] 83688476K->71954139K(187275712K), 0.5101797 secs] [Times: user=3.75 sys=0.30, real=0.51 secs] 
2018-04-15T19:12:43.877+0800: 236922.873: [GC (Allocation Failure) 2018-04-15T19:12:43.877+0800: 236922.873: [ParNew: 11813934K->84826K(13212096K), 0.4908677 secs] 83698267K->71971324K(187275712K), 0.4912433 secs] [Times: user=3.81 sys=0.09, real=0.49 secs] 
2018-04-15T19:12:56.386+0800: 236935.382: [GC (Allocation Failure) 2018-04-15T19:12:56.386+0800: 236935.382: [ParNew: 11828954K->107493K(13212096K), 0.4122206 secs] 83715452K->71997595K(187275712K), 0.4126134 secs] [Times: user=3.26 sys=0.02, real=0.41 secs] 
2018-04-15T19:13:21.303+0800: 236960.299: [GC (Allocation Failure) 2018-04-15T19:13:21.303+0800: 236960.299: [ParNew: 11851621K->103074K(13212096K), 0.6089949 secs] 83741723K->71993670K(187275712K), 0.6093932 secs] [Times: user=3.34 sys=1.46, real=0.61 secs] 
2018-04-15T19:13:28.795+0800: 236967.791: [GC (Allocation Failure) 2018-04-15T19:13:28.795+0800: 236967.791: [ParNew: 11847202K->102087K(13212096K), 0.4304932 secs] 83737798K->71995916K(187275712K), 0.4308898 secs] [Times: user=3.40 sys=0.02, real=0.43 secs] 
2018-04-15T19:13:35.957+0800: 236974.953: [GC (Allocation Failure) 2018-04-15T19:13:35.957+0800: 236974.953: [ParNew: 11846215K->68608K(13212096K), 0.4682026 secs] 83740044K->71965219K(187275712K), 0.4685898 secs] [Times: user=3.54 sys=0.18, real=0.47 secs] 
2018-04-15T19:13:49.035+0800: 236988.031: [GC (Allocation Failure) 2018-04-15T19:13:49.035+0800: 236988.031: [ParNew: 11812736K->85439K(13212096K), 0.4522838 secs] 83709347K->71983136K(187275712K), 0.4526742 secs] [Times: user=3.45 sys=0.15, real=0.45 secs] 
2018-04-15T19:14:07.401+0800: 237006.397: [GC (Allocation Failure) 2018-04-15T19:14:07.401+0800: 237006.397: [ParNew: 11829567K->82785K(13212096K), 0.6097483 secs] 83727264K->71981221K(187275712K), 0.6101597 secs] [Times: user=3.50 sys=1.32, real=0.61 secs] 
2018-04-15T19:14:26.681+0800: 237025.677: [GC (Allocation Failure) 2018-04-15T19:14:26.681+0800: 237025.677: [ParNew: 11826913K->82139K(13212096K), 0.4462358 secs] 83725349K->71981620K(187275712K), 0.4466262 secs] [Times: user=3.43 sys=0.11, real=0.44 secs] 
2018-04-15T19:14:46.362+0800: 237045.358: [GC (Allocation Failure) 2018-04-15T19:14:46.362+0800: 237045.358: [ParNew: 11826267K->77872K(13212096K), 0.5607065 secs] 83725748K->71980713K(187275712K), 0.5611143 secs] [Times: user=4.45 sys=0.00, real=0.56 secs] 
2018-04-15T19:16:10.309+0800: 237129.306: [GC (Allocation Failure) 2018-04-15T19:16:10.310+0800: 237129.306: [ParNew: 11822000K->40386K(13212096K), 0.7007745 secs] 83724841K->71943591K(187275712K), 0.7011926 secs] [Times: user=4.87 sys=0.67, real=0.70 secs] 
2018-04-15T19:19:20.428+0800: 237319.424: [GC (Allocation Failure) 2018-04-15T19:19:20.428+0800: 237319.424: [ParNew: 11784514K->58930K(13212096K), 1.2020244 secs] 83687719K->71962405K(187275712K), 1.2027088 secs] [Times: user=7.38 sys=2.18, real=1.20 secs] 
2018-04-15T19:21:27.886+0800: 237446.882: [GC (Allocation Failure) 2018-04-15T19:21:27.886+0800: 237446.882: [ParNew: 11803058K->95018K(13212096K), 1.0152765 secs] 83706533K->71999514K(187275712K), 1.0156634 secs] [Times: user=5.56 sys=2.49, real=1.02 secs] 
2018-04-15T19:22:42.177+0800: 237521.173: [GC (Allocation Failure) 2018-04-15T19:22:42.177+0800: 237521.173: [ParNew: 11839146K->71368K(13212096K), 0.7865267 secs] 83743642K->71976170K(187275712K), 0.7869474 secs] [Times: user=5.32 sys=0.92, real=0.79 secs] 
2018-04-15T19:23:14.762+0800: 237553.758: [GC (Allocation Failure) 2018-04-15T19:23:14.762+0800: 237553.758: [ParNew: 11815496K->76579K(13212096K), 0.6329225 secs] 83720298K->71982517K(187275712K), 0.6333196 secs] [Times: user=5.03 sys=0.00, real=0.63 secs] 
2018-04-15T19:24:56.017+0800: 237655.013: [GC (Allocation Failure) 2018-04-15T19:24:56.017+0800: 237655.013: [ParNew: 11820707K->72325K(13212096K), 0.7096466 secs] 83726645K->71978435K(187275712K), 0.7100491 secs] [Times: user=4.77 sys=0.84, real=0.71 secs] 
2018-04-15T19:26:47.413+0800: 237766.409: [GC (Allocation Failure) 2018-04-15T19:26:47.414+0800: 237766.410: [ParNew: 11816453K->104154K(13212096K), 0.8609377 secs] 83722563K->72013266K(187275712K), 0.8613423 secs] [Times: user=5.85 sys=0.98, real=0.86 secs] 
2018-04-15T19:27:43.669+0800: 237822.665: [GC (Allocation Failure) 2018-04-15T19:27:43.669+0800: 237822.665: [ParNew: 11848282K->99376K(13212096K), 0.7230089 secs] 83757394K->72018605K(187275712K), 0.7234280 secs] [Times: user=4.24 sys=1.42, real=0.73 secs] 
2018-04-15T19:28:15.066+0800: 237854.062: [GC (Allocation Failure) 2018-04-15T19:28:15.066+0800: 237854.062: [ParNew: 11843504K->106679K(13212096K), 0.6799774 secs] 83762733K->72032196K(187275712K), 0.6803780 secs] [Times: user=5.27 sys=0.13, real=0.68 secs] 
2018-04-15T19:28:51.472+0800: 237890.468: [GC (Allocation Failure) 2018-04-15T19:28:51.472+0800: 237890.468: [ParNew: 11850807K->120130K(13212096K), 0.4455226 secs] 83776324K->72050151K(187275712K), 0.4459347 secs] [Times: user=3.46 sys=0.09, real=0.44 secs] 
2018-04-15T19:29:39.470+0800: 237938.467: [GC (Allocation Failure) 2018-04-15T19:29:39.471+0800: 237938.467: [ParNew: 11864258K->112497K(13212096K), 0.6230211 secs] 83794279K->72044493K(187275712K), 0.6234279 secs] [Times: user=3.39 sys=1.55, real=0.63 secs] 
2018-04-15T19:30:06.165+0800: 237965.161: [GC (Allocation Failure) 2018-04-15T19:30:06.165+0800: 237965.161: [ParNew: 11856625K->114663K(13212096K), 0.5189983 secs] 83788621K->72049797K(187275712K), 0.5193900 secs] [Times: user=3.77 sys=0.36, real=0.52 secs] 
2018-04-15T19:30:26.674+0800: 237985.670: [GC (Allocation Failure) 2018-04-15T19:30:26.674+0800: 237985.670: [ParNew: 11858791K->111180K(13212096K), 0.4260054 secs] 83793925K->72055552K(187275712K), 0.4263948 secs] [Times: user=3.37 sys=0.00, real=0.42 secs] 
2018-04-15T19:30:51.238+0800: 238010.234: [GC (Allocation Failure) 2018-04-15T19:30:51.239+0800: 238010.235: [ParNew: 11855308K->113871K(13212096K), 0.6250267 secs] 83799680K->72060936K(187275712K), 0.6254236 secs] [Times: user=3.63 sys=1.31, real=0.63 secs] 
2018-04-15T19:31:18.196+0800: 238037.192: [GC (Allocation Failure) 2018-04-15T19:31:18.196+0800: 238037.192: [ParNew: 11857999K->89677K(13212096K), 0.5515271 secs] 83805064K->72039187K(187275712K), 0.5519223 secs] [Times: user=3.80 sys=0.59, real=0.55 secs] 
2018-04-15T19:31:42.825+0800: 238061.821: [GC (Allocation Failure) 2018-04-15T19:31:42.826+0800: 238061.822: [ParNew: 11833805K->75403K(13212096K), 0.5038823 secs] 83783315K->72030345K(187275712K), 0.5042692 secs] [Times: user=3.72 sys=0.28, real=0.50 secs] 
2018-04-15T19:32:12.239+0800: 238091.235: [GC (Allocation Failure) 2018-04-15T19:32:12.239+0800: 238091.235: [ParNew: 11819531K->72150K(13212096K), 0.5818531 secs] 83774473K->72030365K(187275712K), 0.5822565 secs] [Times: user=3.25 sys=1.35, real=0.58 secs] 
2018-04-15T19:32:24.426+0800: 238103.422: [GC (Allocation Failure) 2018-04-15T19:32:24.426+0800: 238103.422: [ParNew: 11816278K->74392K(13212096K), 0.4484405 secs] 83774493K->72034877K(187275712K), 0.4488296 secs] [Times: user=2.46 sys=1.11, real=0.45 secs] 
2018-04-15T19:32:42.749+0800: 238121.745: [GC (Allocation Failure) 2018-04-15T19:32:42.749+0800: 238121.745: [ParNew: 11818520K->64631K(13212096K), 0.4687829 secs] 83779005K->72027334K(187275712K), 0.4691764 secs] [Times: user=3.39 sys=0.33, real=0.47 secs] 
2018-04-15T19:32:54.783+0800: 238133.779: [GC (Allocation Failure) 2018-04-15T19:32:54.783+0800: 238133.779: [ParNew: 11808759K->56509K(13212096K), 0.4047797 secs] 83771462K->72024361K(187275712K), 0.4054616 secs] [Times: user=3.21 sys=0.00, real=0.40 secs] 
2018-04-15T19:33:17.055+0800: 238156.051: [GC (Allocation Failure) 2018-04-15T19:33:17.055+0800: 238156.051: [ParNew: 11800637K->64017K(13212096K), 0.6246586 secs] 83768489K->72034859K(187275712K), 0.6250519 secs] [Times: user=4.35 sys=0.59, real=0.62 secs] 
2018-04-15T19:33:38.518+0800: 238177.514: [GC (Allocation Failure) 2018-04-15T19:33:38.518+0800: 238177.514: [ParNew: 11808145K->59422K(13212096K), 0.4545608 secs] 83778987K->72037187K(187275712K), 0.4549526 secs] [Times: user=2.41 sys=1.21, real=0.46 secs] 
2018-04-15T19:33:55.498+0800: 238194.494: [GC (Allocation Failure) 2018-04-15T19:33:55.498+0800: 238194.494: [ParNew: 11803550K->91044K(13212096K), 0.4901296 secs] 83781315K->72073119K(187275712K), 0.4905182 secs] [Times: user=3.74 sys=0.16, real=0.49 secs] 
2018-04-15T19:34:11.476+0800: 238210.472: [GC (Allocation Failure) 2018-04-15T19:34:11.476+0800: 238210.472: [ParNew: 11835172K->100391K(13212096K), 0.5905115 secs] 83817247K->72083399K(187275712K), 0.5909147 secs] [Times: user=4.18 sys=0.51, real=0.59 secs] 
2018-04-15T19:34:29.324+0800: 238228.320: [GC (Allocation Failure) 2018-04-15T19:34:29.324+0800: 238228.320: [ParNew: 11844519K->81253K(13212096K), 0.5043862 secs] 83827527K->72066351K(187275712K), 0.5047830 secs] [Times: user=3.57 sys=0.43, real=0.50 secs] 
2018-04-15T19:34:44.176+0800: 238243.172: [GC (Allocation Failure) 2018-04-15T19:34:44.176+0800: 238243.172: [ParNew: 11825381K->81754K(13212096K), 0.5259771 secs] 83810479K->72067785K(187275712K), 0.5263871 secs] [Times: user=3.95 sys=0.23, real=0.53 secs] 
2018-04-15T19:35:02.413+0800: 238261.409: [GC (Allocation Failure) 2018-04-15T19:35:02.413+0800: 238261.409: [ParNew: 11825882K->87052K(13212096K), 0.4239443 secs] 83811913K->72075674K(187275712K), 0.4246263 secs] [Times: user=3.37 sys=0.00, real=0.42 secs] 
2018-04-15T19:35:44.773+0800: 238303.769: [GC (Allocation Failure) 2018-04-15T19:35:44.774+0800: 238303.770: [ParNew: 11831180K->75897K(13212096K), 0.6487952 secs] 83819802K->72067046K(187275712K), 0.6491809 secs] [Times: user=3.44 sys=1.71, real=0.65 secs] 
2018-04-15T19:36:05.830+0800: 238324.826: [GC (Allocation Failure) 2018-04-15T19:36:05.830+0800: 238324.826: [ParNew: 11820025K->85516K(13212096K), 0.5353964 secs] 83811174K->72080996K(187275712K), 0.5357927 secs] [Times: user=3.88 sys=0.37, real=0.54 secs] 
2018-04-15T19:36:15.147+0800: 238334.143: [GC (Allocation Failure) 2018-04-15T19:36:15.147+0800: 238334.143: [ParNew: 11829644K->99923K(13212096K), 0.4443751 secs] 83825124K->72096345K(187275712K), 0.4447598 secs] [Times: user=3.54 sys=0.00, real=0.45 secs] 
2018-04-15T19:36:26.013+0800: 238345.009: [GC (Allocation Failure) 2018-04-15T19:36:26.013+0800: 238345.009: [ParNew: 11844051K->98830K(13212096K), 0.5759421 secs] 83840473K->72099922K(187275712K), 0.5763425 secs] [Times: user=2.95 sys=1.61, real=0.57 secs] 
2018-04-15T19:36:38.825+0800: 238357.821: [GC (Allocation Failure) 2018-04-15T19:36:38.825+0800: 238357.821: [ParNew: 11842958K->83968K(13212096K), 0.4366425 secs] 83844050K->72089803K(187275712K), 0.4370457 secs] [Times: user=3.43 sys=0.05, real=0.44 secs] 
2018-04-15T19:37:12.197+0800: 238391.193: [GC (Allocation Failure) 2018-04-15T19:37:12.197+0800: 238391.193: [ParNew: 11828096K->63589K(13212096K), 0.6473099 secs] 83833931K->72071150K(187275712K), 0.6476998 secs] [Times: user=4.25 sys=0.87, real=0.65 secs] 
2018-04-15T19:37:34.620+0800: 238413.616: [GC (Allocation Failure) 2018-04-15T19:37:34.620+0800: 238413.616: [ParNew: 11807717K->62944K(13212096K), 0.6268371 secs] 83815278K->72075931K(187275712K), 0.6272614 secs] [Times: user=3.65 sys=1.31, real=0.63 secs] 
2018-04-15T19:37:50.091+0800: 238429.087: [GC (Allocation Failure) 2018-04-15T19:37:50.091+0800: 238429.087: [ParNew: 11807072K->58516K(13212096K), 0.4092907 secs] 83820059K->72074145K(187275712K), 0.4096909 secs] [Times: user=2.86 sys=0.39, real=0.41 secs] 
2018-04-15T19:39:38.537+0800: 238537.534: [GC (Allocation Failure) 2018-04-15T19:39:38.538+0800: 238537.534: [ParNew: 11802644K->65051K(13212096K), 0.7535429 secs] 83818273K->72082024K(187275712K), 0.7539641 secs] [Times: user=4.56 sys=1.39, real=0.76 secs] 
2018-04-15T19:41:31.691+0800: 238650.687: [GC (Allocation Failure) 2018-04-15T19:41:31.692+0800: 238650.688: [ParNew: 11809179K->74550K(13212096K), 0.9840994 secs] 83826152K->72092621K(187275712K), 0.9845699 secs] [Times: user=5.51 sys=2.30, real=0.98 secs] 
2018-04-15T19:44:09.947+0800: 238808.943: [GC (Allocation Failure) 2018-04-15T19:44:09.947+0800: 238808.943: [ParNew: 11818678K->84488K(13212096K), 0.9954744 secs] 83836749K->72103138K(187275712K), 0.9959961 secs] [Times: user=6.13 sys=1.77, real=1.00 secs] 
2018-04-15T19:45:22.067+0800: 238881.063: [GC (Allocation Failure) 2018-04-15T19:45:22.067+0800: 238881.063: [ParNew: 11828616K->138257K(13212096K), 0.7309685 secs] 83847266K->72160466K(187275712K), 0.7313751 secs] [Times: user=5.05 sys=0.75, real=0.73 secs] 
2018-04-15T19:46:42.022+0800: 238961.018: [GC (Allocation Failure) 2018-04-15T19:46:42.022+0800: 238961.018: [ParNew: 11882385K->95104K(13212096K), 0.7053592 secs] 83904594K->72120689K(187275712K), 0.7057965 secs] [Times: user=3.83 sys=1.76, real=0.70 secs] 
2018-04-15T19:47:19.368+0800: 238998.364: [GC (Allocation Failure) 2018-04-15T19:47:19.368+0800: 238998.364: [ParNew: 11839232K->109636K(13212096K), 0.6851092 secs] 83864817K->72137311K(187275712K), 0.6855187 secs] [Times: user=5.01 sys=0.44, real=0.69 secs] 
2018-04-15T19:47:26.009+0800: 239005.005: [GC (Allocation Failure) 2018-04-15T19:47:26.009+0800: 239005.005: [ParNew: 11853764K->116679K(13212096K), 0.4472864 secs] 83881439K->72153339K(187275712K), 0.4477013 secs] [Times: user=3.54 sys=0.00, real=0.45 secs] 
2018-04-15T19:47:30.624+0800: 239009.620: [GC (Allocation Failure) 2018-04-15T19:47:30.624+0800: 239009.620: [ParNew: 11860807K->77755K(13212096K), 0.4654725 secs] 83897467K->72129688K(187275712K), 0.4658688 secs] [Times: user=3.69 sys=0.00, real=0.46 secs] 
2018-04-15T19:47:37.259+0800: 239016.255: [GC (Allocation Failure) 2018-04-15T19:47:37.259+0800: 239016.255: [ParNew: 11821883K->68149K(13212096K), 0.4484032 secs] 83873816K->72127563K(187275712K), 0.4488054 secs] [Times: user=3.51 sys=0.05, real=0.45 secs] 
2018-04-15T19:47:44.967+0800: 239023.963: [GC (Allocation Failure) 2018-04-15T19:47:44.967+0800: 239023.963: [ParNew: 11812277K->62187K(13212096K), 0.5026576 secs] 83871691K->72127202K(187275712K), 0.5033924 secs] [Times: user=3.97 sys=0.00, real=0.50 secs] 
2018-04-15T19:47:52.243+0800: 239031.239: [GC (Allocation Failure) 2018-04-15T19:47:52.243+0800: 239031.239: [ParNew: 11806315K->64800K(13212096K), 0.5837521 secs] 83871330K->72146612K(187275712K), 0.5841707 secs] [Times: user=3.15 sys=1.47, real=0.58 secs] 
2018-04-15T19:48:09.199+0800: 239048.195: [GC (Allocation Failure) 2018-04-15T19:48:09.199+0800: 239048.195: [ParNew: 11808928K->72975K(13212096K), 0.6084567 secs] 83890740K->72160434K(187275712K), 0.6088672 secs] [Times: user=3.99 sys=0.85, real=0.61 secs] 
2018-04-15T19:48:30.814+0800: 239069.810: [GC (Allocation Failure) 2018-04-15T19:48:30.814+0800: 239069.810: [ParNew: 11817103K->68794K(13212096K), 0.5435029 secs] 83904562K->72156473K(187275712K), 0.5439079 secs] [Times: user=3.67 sys=0.65, real=0.54 secs] 
2018-04-15T19:48:53.066+0800: 239092.063: [GC (Allocation Failure) 2018-04-15T19:48:53.067+0800: 239092.063: [ParNew: 11812922K->53816K(13212096K), 0.5926543 secs] 83900601K->72141581K(187275712K), 0.5930770 secs] [Times: user=3.04 sys=1.65, real=0.59 secs] 
2018-04-15T19:49:21.529+0800: 239120.525: [GC (Allocation Failure) 2018-04-15T19:49:21.529+0800: 239120.525: [ParNew: 11797944K->58431K(13212096K), 0.5374744 secs] 83885709K->72146567K(187275712K), 0.5378800 secs] [Times: user=3.57 sys=0.71, real=0.54 secs] 
2018-04-15T19:49:49.347+0800: 239148.343: [GC (Allocation Failure) 2018-04-15T19:49:49.347+0800: 239148.343: [ParNew: 11802559K->59627K(13212096K), 0.5030835 secs] 83890695K->72149067K(187275712K), 0.5034827 secs] [Times: user=3.70 sys=0.30, real=0.50 secs] 
2018-04-15T19:50:16.933+0800: 239175.929: [GC (Allocation Failure) 2018-04-15T19:50:16.933+0800: 239175.929: [ParNew: 11803755K->87350K(13212096K), 0.5720598 secs] 83893195K->72177469K(187275712K), 0.5724750 secs] [Times: user=3.23 sys=1.29, real=0.57 secs] 
2018-04-15T19:50:51.656+0800: 239210.652: [GC (Allocation Failure) 2018-04-15T19:50:51.657+0800: 239210.653: [ParNew: 11831478K->76322K(13212096K), 0.5477504 secs] 83921597K->72167702K(187275712K), 0.5481520 secs] [Times: user=3.53 sys=0.82, real=0.55 secs] 
2018-04-15T19:51:08.098+0800: 239227.094: [GC (Allocation Failure) 2018-04-15T19:51:08.099+0800: 239227.095: [ParNew: 11820450K->60624K(13212096K), 0.4647252 secs] 83911830K->72152739K(187275712K), 0.4651186 secs] [Times: user=3.51 sys=0.20, real=0.47 secs] 
2018-04-15T19:51:16.846+0800: 239235.842: [GC (Allocation Failure) 2018-04-15T19:51:16.846+0800: 239235.842: [ParNew: 11804752K->45821K(13212096K), 0.5670937 secs] 83896867K->72138780K(187275712K), 0.5674973 secs] [Times: user=3.21 sys=1.28, real=0.57 secs] 
2018-04-15T19:51:34.429+0800: 239253.425: [GC (Allocation Failure) 2018-04-15T19:51:34.429+0800: 239253.425: [ParNew: 11789949K->49965K(13212096K), 0.4650339 secs] 83882908K->72143792K(187275712K), 0.4654440 secs] [Times: user=3.59 sys=0.11, real=0.47 secs] 
2018-04-15T19:52:23.627+0800: 239302.623: [GC (Allocation Failure) 2018-04-15T19:52:23.627+0800: 239302.623: [ParNew: 11794093K->48966K(13212096K), 0.5780165 secs] 83887920K->72144354K(187275712K), 0.5784207 secs] [Times: user=4.17 sys=0.41, real=0.58 secs] 
2018-04-15T19:52:35.387+0800: 239314.383: [GC (Allocation Failure) 2018-04-15T19:52:35.387+0800: 239314.383: [ParNew: 11793094K->54470K(13212096K), 0.5834470 secs] 83888482K->72152023K(187275712K), 0.5838606 secs] [Times: user=2.92 sys=1.70, real=0.58 secs] 
2018-04-15T19:52:41.680+0800: 239320.676: [GC (Allocation Failure) 2018-04-15T19:52:41.680+0800: 239320.676: [ParNew: 11798598K->54910K(13212096K), 0.3817035 secs] 83896151K->72156421K(187275712K), 0.3821045 secs] [Times: user=2.33 sys=0.70, real=0.39 secs] 
2018-04-15T19:52:48.123+0800: 239327.119: [GC (Allocation Failure) 2018-04-15T19:52:48.123+0800: 239327.119: [ParNew: 11799038K->48001K(13212096K), 0.4015997 secs] 83900549K->72150602K(187275712K), 0.4019927 secs] [Times: user=3.19 sys=0.00, real=0.40 secs] 
2018-04-15T19:52:57.716+0800: 239336.712: [GC (Allocation Failure) 2018-04-15T19:52:57.716+0800: 239336.712: [ParNew: 11792129K->51409K(13212096K), 0.4414039 secs] 83894730K->72155305K(187275712K), 0.4417965 secs] [Times: user=2.38 sys=1.12, real=0.44 secs] 
2018-04-15T19:53:11.916+0800: 239350.912: [GC (Allocation Failure) 2018-04-15T19:53:11.916+0800: 239350.912: [ParNew: 11795537K->69308K(13212096K), 0.4435913 secs] 83899433K->72174502K(187275712K), 0.4439741 secs] [Times: user=3.30 sys=0.23, real=0.44 secs] 
2018-04-15T19:53:24.712+0800: 239363.708: [GC (Allocation Failure) 2018-04-15T19:53:24.712+0800: 239363.708: [ParNew: 11813436K->78576K(13212096K), 0.4217583 secs] 83918630K->72193297K(187275712K), 0.4221472 secs] [Times: user=3.35 sys=0.00, real=0.42 secs] 
2018-04-15T19:53:32.637+0800: 239371.633: [GC (Allocation Failure) 2018-04-15T19:53:32.637+0800: 239371.633: [ParNew: 11822704K->115418K(13212096K), 0.5819436 secs] 83937425K->72231346K(187275712K), 0.5823407 secs] [Times: user=3.01 sys=1.60, real=0.58 secs] 
2018-04-15T19:53:42.170+0800: 239381.166: [GC (Allocation Failure) 2018-04-15T19:53:42.170+0800: 239381.166: [ParNew: 11859546K->119146K(13212096K), 0.4732644 secs] 83975474K->72236833K(187275712K), 0.4736556 secs] [Times: user=3.62 sys=0.15, real=0.48 secs] 
2018-04-15T19:53:56.159+0800: 239395.155: [GC (Allocation Failure) 2018-04-15T19:53:56.159+0800: 239395.155: [ParNew: 11863274K->134555K(13212096K), 0.4622667 secs] 83980961K->72253710K(187275712K), 0.4626533 secs] [Times: user=3.68 sys=0.00, real=0.47 secs] 
2018-04-15T19:54:12.434+0800: 239411.430: [GC (Allocation Failure) 2018-04-15T19:54:12.434+0800: 239411.430: [ParNew: 11878683K->109693K(13212096K), 0.5305949 secs] 83997838K->72230261K(187275712K), 0.5309846 secs] [Times: user=3.84 sys=0.39, real=0.53 secs] 
2018-04-15T19:54:28.070+0800: 239427.066: [GC (Allocation Failure) 2018-04-15T19:54:28.070+0800: 239427.066: [ParNew: 11853821K->135839K(13212096K), 0.5610991 secs] 83974389K->72258437K(187275712K), 0.5615047 secs] [Times: user=3.43 sys=1.02, real=0.57 secs] 
2018-04-15T19:54:46.543+0800: 239445.539: [GC (Allocation Failure) 2018-04-15T19:54:46.543+0800: 239445.539: [ParNew: 11879967K->99564K(13212096K), 0.4778999 secs] 84002565K->72223433K(187275712K), 0.4782858 secs] [Times: user=2.33 sys=1.47, real=0.47 secs] 
2018-04-15T19:55:05.128+0800: 239464.124: [GC (Allocation Failure) 2018-04-15T19:55:05.128+0800: 239464.124: [ParNew: 11843692K->49436K(13212096K), 0.4675804 secs] 83967561K->72173900K(187275712K), 0.4679812 secs] [Times: user=3.34 sys=0.38, real=0.47 secs] 
2018-04-15T19:55:41.357+0800: 239500.354: [GC (Allocation Failure) 2018-04-15T19:55:41.358+0800: 239500.354: [ParNew: 11793564K->54781K(13212096K), 0.6187984 secs] 83918028K->72179829K(187275712K), 0.6192122 secs] [Times: user=3.43 sys=1.47, real=0.62 secs] 
2018-04-15T19:55:54.371+0800: 239513.368: [GC (Allocation Failure) 2018-04-15T19:55:54.372+0800: 239513.368: [ParNew: 11798909K->51011K(13212096K), 0.4156847 secs] 83923957K->72176973K(187275712K), 0.4160880 secs] [Times: user=3.12 sys=0.19, real=0.41 secs] 
2018-04-15T19:56:04.147+0800: 239523.143: [GC (Allocation Failure) 2018-04-15T19:56:04.147+0800: 239523.143: [ParNew: 11795139K->40342K(13212096K), 0.4397825 secs] 83921101K->72167680K(187275712K), 0.4401954 secs] [Times: user=3.46 sys=0.03, real=0.44 secs] 
2018-04-15T19:56:12.887+0800: 239531.883: [GC (Allocation Failure) 2018-04-15T19:56:12.887+0800: 239531.883: [ParNew: 11784470K->42646K(13212096K), 0.4902997 secs] 83911808K->72174804K(187275712K), 0.4906936 secs] [Times: user=3.79 sys=0.12, real=0.49 secs] 
2018-04-15T19:56:48.379+0800: 239567.375: [GC (Allocation Failure) 2018-04-15T19:56:48.379+0800: 239567.375: [ParNew: 11786774K->60727K(13212096K), 0.6814704 secs] 83918932K->72194631K(187275712K), 0.6818978 secs] [Times: user=3.92 sys=1.47, real=0.68 secs] 
2018-04-15T19:57:07.490+0800: 239586.486: [GC (Allocation Failure) 2018-04-15T19:57:07.490+0800: 239586.486: [ParNew: 11804855K->74581K(13212096K), 0.6427768 secs] 83938759K->72209824K(187275712K), 0.6431855 secs] [Times: user=3.84 sys=1.28, real=0.65 secs] 
2018-04-15T19:57:27.102+0800: 239606.098: [GC (Allocation Failure) 2018-04-15T19:57:27.102+0800: 239606.098: [ParNew: 11818709K->54673K(13212096K), 0.5376098 secs] 83953952K->72193803K(187275712K), 0.5380234 secs] [Times: user=3.55 sys=0.72, real=0.53 secs] 
2018-04-15T19:58:07.005+0800: 239646.001: [GC (Allocation Failure) 2018-04-15T19:58:07.005+0800: 239646.001: [ParNew: 11798801K->55212K(13212096K), 0.5851205 secs] 83937931K->72194899K(187275712K), 0.5855457 secs] [Times: user=3.31 sys=1.32, real=0.58 secs] 
2018-04-15T19:58:59.094+0800: 239698.090: [GC (Allocation Failure) 2018-04-15T19:58:59.095+0800: 239698.091: [ParNew: 11799340K->75052K(13212096K), 0.7278828 secs] 83939027K->72215469K(187275712K), 0.7282820 secs] [Times: user=5.37 sys=0.43, real=0.73 secs] 
2018-04-15T19:59:23.034+0800: 239722.030: [GC (Allocation Failure) 2018-04-15T19:59:23.035+0800: 239722.031: [ParNew: 11819180K->97738K(13212096K), 0.6169944 secs] 83959597K->72238981K(187275712K), 0.6174058 secs] [Times: user=4.33 sys=0.57, real=0.62 secs] 
2018-04-15T19:59:32.723+0800: 239731.719: [GC (Allocation Failure) 2018-04-15T19:59:32.723+0800: 239731.719: [ParNew: 11841866K->108839K(13212096K), 0.4236564 secs] 83983109K->72253302K(187275712K), 0.4240657 secs] [Times: user=3.36 sys=0.00, real=0.42 secs] 
2018-04-15T19:59:47.464+0800: 239746.460: [GC (Allocation Failure) 2018-04-15T19:59:47.464+0800: 239746.461: [ParNew: 11852967K->109063K(13212096K), 0.4662832 secs] 83997430K->72253966K(187275712K), 0.4666885 secs] [Times: user=3.70 sys=0.00, real=0.46 secs] 
2018-04-15T20:00:25.653+0800: 239784.649: [GC (Allocation Failure) 2018-04-15T20:00:25.653+0800: 239784.649: [ParNew: 11853191K->100118K(13212096K), 0.5047541 secs] 83998094K->72245421K(187275712K), 0.5051522 secs] [Times: user=3.62 sys=0.39, real=0.50 secs] 
2018-04-15T20:00:55.681+0800: 239814.677: [GC (Allocation Failure) 2018-04-15T20:00:55.681+0800: 239814.677: [ParNew: 11844246K->96101K(13212096K), 0.5630523 secs] 83989549K->72246705K(187275712K), 0.5634765 secs] [Times: user=3.12 sys=1.32, real=0.57 secs] 
2018-04-15T20:01:02.301+0800: 239821.297: [GC (Allocation Failure) 2018-04-15T20:01:02.301+0800: 239821.297: [ParNew: 11840229K->69301K(13212096K), 0.4155315 secs] 83990833K->72226559K(187275712K), 0.4159456 secs] [Times: user=3.30 sys=0.00, real=0.42 secs] 
2018-04-15T20:01:13.216+0800: 239832.212: [GC (Allocation Failure) 2018-04-15T20:01:13.216+0800: 239832.212: [ParNew: 11813429K->73366K(13212096K), 0.4413719 secs] 83970687K->72233673K(187275712K), 0.4417832 secs] [Times: user=3.38 sys=0.14, real=0.44 secs] 
2018-04-15T20:02:14.916+0800: 239893.912: [GC (Allocation Failure) 2018-04-15T20:02:14.916+0800: 239893.912: [ParNew: 11817494K->65868K(13212096K), 0.6615514 secs] 83977801K->72227704K(187275712K), 0.6619711 secs] [Times: user=4.37 sys=0.86, real=0.66 secs] 
2018-04-15T20:02:43.433+0800: 239922.429: [GC (Allocation Failure) 2018-04-15T20:02:43.433+0800: 239922.429: [ParNew: 11809996K->88116K(13212096K), 0.6615891 secs] 83971832K->72251710K(187275712K), 0.6620043 secs] [Times: user=4.23 sys=1.04, real=0.66 secs] 
2018-04-15T20:03:46.527+0800: 239985.523: [GC (Allocation Failure) 2018-04-15T20:03:46.527+0800: 239985.523: [ParNew: 11832244K->91992K(13212096K), 0.5587926 secs] 83995838K->72264244K(187275712K), 0.5592740 secs] [Times: user=3.85 sys=0.58, real=0.56 secs] 
2018-04-15T20:05:23.825+0800: 240082.821: [GC (Allocation Failure) 2018-04-15T20:05:23.826+0800: 240082.822: [ParNew: 11836120K->87528K(13212096K), 0.8044546 secs] 84008372K->72265571K(187275712K), 0.8048801 secs] [Times: user=5.24 sys=1.14, real=0.80 secs] 
2018-04-15T20:06:16.599+0800: 240135.595: [GC (Allocation Failure) 2018-04-15T20:06:16.600+0800: 240135.596: [ParNew: 11831656K->92686K(13212096K), 0.5752161 secs] 84009699K->72271419K(187275712K), 0.5756446 secs] [Times: user=3.80 sys=0.78, real=0.58 secs] 
2018-04-15T20:06:34.747+0800: 240153.743: [GC (Allocation Failure) 2018-04-15T20:06:34.748+0800: 240153.744: [ParNew: 11836814K->92230K(13212096K), 0.5965694 secs] 84015547K->72272453K(187275712K), 0.5969945 secs] [Times: user=3.70 sys=1.04, real=0.60 secs] 
2018-04-15T20:06:51.322+0800: 240170.318: [GC (Allocation Failure) 2018-04-15T20:06:51.322+0800: 240170.318: [ParNew: 11836358K->86868K(13212096K), 0.4585631 secs] 84016581K->72271762K(187275712K), 0.4589824 secs] [Times: user=2.35 sys=1.30, real=0.45 secs] 
2018-04-15T20:07:20.378+0800: 240199.374: [GC (Allocation Failure) 2018-04-15T20:07:20.378+0800: 240199.374: [ParNew: 11830996K->72052K(13212096K), 0.4993203 secs] 84015890K->72261299K(187275712K), 0.4997516 secs] [Times: user=3.42 sys=0.55, real=0.50 secs] 
2018-04-15T20:07:45.573+0800: 240224.569: [GC (Allocation Failure) 2018-04-15T20:07:45.574+0800: 240224.570: [ParNew: 11816180K->67542K(13212096K), 0.5753108 secs] 84005427K->72266780K(187275712K), 0.5757488 secs] [Times: user=3.15 sys=1.38, real=0.57 secs] 
2018-04-15T20:08:01.845+0800: 240240.841: [GC (Allocation Failure) 2018-04-15T20:08:01.845+0800: 240240.841: [ParNew: 11811670K->74499K(13212096K), 0.5330310 secs] 84010908K->72281550K(187275712K), 0.5334487 secs] [Times: user=3.73 sys=0.52, real=0.53 secs] 
2018-04-15T20:08:15.186+0800: 240254.182: [GC (Allocation Failure) 2018-04-15T20:08:15.186+0800: 240254.182: [ParNew: 11818627K->65193K(13212096K), 0.4580577 secs] 84025678K->72279480K(187275712K), 0.4584388 secs] [Times: user=3.44 sys=0.19, real=0.46 secs] 
2018-04-15T20:08:33.350+0800: 240272.346: [GC (Allocation Failure) 2018-04-15T20:08:33.350+0800: 240272.346: [ParNew: 11809321K->58924K(13212096K), 0.4028911 secs] 84023608K->72275621K(187275712K), 0.4032633 secs] [Times: user=3.21 sys=0.00, real=0.41 secs] 
2018-04-15T20:09:23.602+0800: 240322.598: [GC (Allocation Failure) 2018-04-15T20:09:23.602+0800: 240322.598: [ParNew: 11803052K->54136K(13212096K), 0.7951360 secs] 84019749K->72271594K(187275712K), 0.7955593 secs] [Times: user=3.32 sys=2.98, real=0.79 secs] 
2018-04-15T20:09:55.185+0800: 240354.181: [GC (Allocation Failure) 2018-04-15T20:09:55.185+0800: 240354.181: [ParNew: 11798264K->62294K(13212096K), 0.4543246 secs] 84015722K->72280824K(187275712K), 0.4547292 secs] [Times: user=2.27 sys=1.33, real=0.45 secs] 
2018-04-15T20:11:12.575+0800: 240431.571: [GC (Allocation Failure) 2018-04-15T20:11:12.575+0800: 240431.571: [ParNew: 11806422K->83336K(13212096K), 0.8663422 secs] 84024952K->72303823K(187275712K), 0.8667513 secs] [Times: user=4.04 sys=2.79, real=0.87 secs] 
2018-04-15T20:11:23.903+0800: 240442.899: [GC (Allocation Failure) 2018-04-15T20:11:23.904+0800: 240442.900: [ParNew: 11827464K->84162K(13212096K), 0.4656972 secs] 84047951K->72305455K(187275712K), 0.4660951 secs] [Times: user=3.70 sys=0.00, real=0.46 secs] 
2018-04-15T20:11:58.922+0800: 240477.918: [GC (Allocation Failure) 2018-04-15T20:11:58.922+0800: 240477.918: [ParNew: 11828290K->57421K(13212096K), 0.6120105 secs] 84049583K->72279126K(187275712K), 0.6124192 secs] [Times: user=3.09 sys=1.76, real=0.61 secs] 
2018-04-15T20:12:51.224+0800: 240530.220: [GC (Allocation Failure) 2018-04-15T20:12:51.224+0800: 240530.220: [ParNew: 11801549K->80387K(13212096K), 0.6543234 secs] 84023254K->72302568K(187275712K), 0.6547270 secs] [Times: user=4.01 sys=1.17, real=0.65 secs] 
2018-04-15T20:13:04.085+0800: 240543.081: [GC (Allocation Failure) 2018-04-15T20:13:04.085+0800: 240543.081: [ParNew: 11824515K->93296K(13212096K), 0.6318591 secs] 84046696K->72318532K(187275712K), 0.6322675 secs] [Times: user=3.08 sys=1.87, real=0.63 secs] 
2018-04-15T20:13:15.315+0800: 240554.311: [GC (Allocation Failure) 2018-04-15T20:13:15.315+0800: 240554.311: [ParNew: 11837424K->123479K(13212096K), 0.4957718 secs] 84062660K->72352850K(187275712K), 0.4961676 secs] [Times: user=3.87 sys=0.05, real=0.50 secs] 
2018-04-15T20:13:29.819+0800: 240568.815: [GC (Allocation Failure) 2018-04-15T20:13:29.819+0800: 240568.815: [ParNew: 11867607K->93314K(13212096K), 0.4595864 secs] 84096978K->72332621K(187275712K), 0.4599970 secs] [Times: user=3.29 sys=0.34, real=0.46 secs] 
2018-04-15T20:13:55.456+0800: 240594.452: [GC (Allocation Failure) 2018-04-15T20:13:55.456+0800: 240594.452: [ParNew: 11837442K->81264K(13212096K), 0.5300654 secs] 84076749K->72321663K(187275712K), 0.5304761 secs] [Times: user=3.57 sys=0.64, real=0.53 secs] 
2018-04-15T20:14:32.007+0800: 240631.003: [GC (Allocation Failure) 2018-04-15T20:14:32.007+0800: 240631.003: [ParNew: 11825392K->81345K(13212096K), 0.6442076 secs] 84065791K->72325104K(187275712K), 0.6446213 secs] [Times: user=4.57 sys=0.51, real=0.65 secs] 
2018-04-15T20:14:49.685+0800: 240648.681: [GC (Allocation Failure) 2018-04-15T20:14:49.685+0800: 240648.681: [ParNew: 11825473K->130298K(13212096K), 0.4867226 secs] 84069232K->72380199K(187275712K), 0.4871053 secs] [Times: user=3.48 sys=0.39, real=0.49 secs] 
2018-04-15T20:15:00.110+0800: 240659.106: [GC (Allocation Failure) 2018-04-15T20:15:00.110+0800: 240659.106: [ParNew: 11874426K->155399K(13212096K), 0.4561367 secs] 84124327K->72408825K(187275712K), 0.4565154 secs] [Times: user=2.57 sys=1.05, real=0.46 secs] 
2018-04-15T20:15:16.415+0800: 240675.411: [GC (Allocation Failure) 2018-04-15T20:15:16.415+0800: 240675.411: [ParNew: 11899527K->151334K(13212096K), 0.6367545 secs] 84152953K->72407462K(187275712K), 0.6371677 secs] [Times: user=3.62 sys=1.42, real=0.64 secs] 
2018-04-15T20:15:36.817+0800: 240695.813: [GC (Allocation Failure) 2018-04-15T20:15:36.817+0800: 240695.813: [ParNew: 11895462K->92198K(13212096K), 0.5016626 secs] 84151590K->72350954K(187275712K), 0.5020645 secs] [Times: user=3.72 sys=0.26, real=0.50 secs] 
2018-04-15T20:15:59.286+0800: 240718.282: [GC (Allocation Failure) 2018-04-15T20:15:59.287+0800: 240718.283: [ParNew: 11836326K->56273K(13212096K), 0.4529877 secs] 84095082K->72317930K(187275712K), 0.4533901 secs] [Times: user=3.17 sys=0.43, real=0.45 secs] 
2018-04-15T20:16:38.168+0800: 240757.164: [GC (Allocation Failure) 2018-04-15T20:16:38.169+0800: 240757.165: [ParNew: 11800401K->50128K(13212096K), 0.7496627 secs] 84062058K->72314833K(187275712K), 0.7500774 secs] [Times: user=3.87 sys=2.04, real=0.75 secs] 
2018-04-15T20:16:56.507+0800: 240775.503: [GC (Allocation Failure) 2018-04-15T20:16:56.507+0800: 240775.504: [ParNew: 11794256K->74054K(13212096K), 0.4815896 secs] 84058961K->72339302K(187275712K), 0.4819907 secs] [Times: user=3.68 sys=0.14, real=0.48 secs] 
2018-04-15T20:17:43.011+0800: 240822.007: [GC (Allocation Failure) 2018-04-15T20:17:43.012+0800: 240822.008: [ParNew: 11818182K->91942K(13212096K), 0.7682822 secs] 84083430K->72357735K(187275712K), 0.7687092 secs] [Times: user=4.87 sys=1.23, real=0.76 secs] 
2018-04-15T20:19:08.928+0800: 240907.924: [GC (Allocation Failure) 2018-04-15T20:19:08.929+0800: 240907.925: [ParNew: 11836070K->127239K(13212096K), 0.8320923 secs] 84101863K->72394471K(187275712K), 0.8325066 secs] [Times: user=5.06 sys=1.51, real=0.83 secs] 
2018-04-15T20:21:43.813+0800: 241062.809: [GC (Allocation Failure) 2018-04-15T20:21:43.814+0800: 241062.810: [ParNew: 11871367K->114965K(13212096K), 1.0351664 secs] 84138599K->72382544K(187275712K), 1.0355893 secs] [Times: user=6.18 sys=2.01, real=1.03 secs] 
2018-04-15T20:23:09.239+0800: 241148.235: [GC (Allocation Failure) 2018-04-15T20:23:09.239+0800: 241148.235: [ParNew: 11859093K->98170K(13212096K), 0.6082594 secs] 84126672K->72366714K(187275712K), 0.6086785 secs] [Times: user=4.76 sys=0.05, real=0.61 secs] 
2018-04-15T20:24:00.842+0800: 241199.838: [GC (Allocation Failure) 2018-04-15T20:24:00.843+0800: 241199.839: [ParNew: 11842298K->127787K(13212096K), 0.5890418 secs] 84110842K->72402057K(187275712K), 0.5897616 secs] [Times: user=4.07 sys=0.60, real=0.59 secs] 
2018-04-15T20:24:35.516+0800: 241234.512: [GC (Allocation Failure) 2018-04-15T20:24:35.516+0800: 241234.512: [ParNew: 11871915K->169084K(13212096K), 0.6463414 secs] 84146185K->72448219K(187275712K), 0.6467660 secs] [Times: user=3.31 sys=1.80, real=0.65 secs] 
2018-04-15T20:25:04.097+0800: 241263.093: [GC (Allocation Failure) 2018-04-15T20:25:04.097+0800: 241263.093: [ParNew: 11913212K->133944K(13212096K), 0.6459159 secs] 84192347K->72424323K(187275712K), 0.6463360 secs] [Times: user=5.13 sys=0.00, real=0.65 secs] 
2018-04-15T20:25:33.595+0800: 241292.591: [GC (Allocation Failure) 2018-04-15T20:25:33.596+0800: 241292.592: [ParNew: 11878072K->81984K(13212096K), 0.6460414 secs] 84168451K->72382433K(187275712K), 0.6464672 secs] [Times: user=3.02 sys=2.04, real=0.65 secs] 
2018-04-15T20:25:54.820+0800: 241313.816: [GC (Allocation Failure) 2018-04-15T20:25:54.820+0800: 241313.816: [ParNew: 11826112K->95718K(13212096K), 0.5880863 secs] 84126561K->72405001K(187275712K), 0.5884996 secs] [Times: user=3.73 sys=0.93, real=0.59 secs] 
2018-04-15T20:26:21.599+0800: 241340.595: [GC (Allocation Failure) 2018-04-15T20:26:21.599+0800: 241340.595: [ParNew: 11839846K->94205K(13212096K), 0.5749167 secs] 84149129K->72411791K(187275712K), 0.5753285 secs] [Times: user=3.79 sys=0.78, real=0.58 secs] 
2018-04-15T20:26:37.793+0800: 241356.789: [GC (Allocation Failure) 2018-04-15T20:26:37.793+0800: 241356.789: [ParNew: 11838333K->105789K(13212096K), 0.5964508 secs] 84155919K->72430541K(187275712K), 0.5968810 secs] [Times: user=3.03 sys=1.67, real=0.59 secs] 
2018-04-15T20:26:56.939+0800: 241375.935: [GC (Allocation Failure) 2018-04-15T20:26:56.939+0800: 241375.935: [ParNew: 11849917K->119178K(13212096K), 0.5023755 secs] 84174669K->72449420K(187275712K), 0.5027937 secs] [Times: user=3.44 sys=0.55, real=0.51 secs] 
2018-04-15T20:27:18.055+0800: 241397.051: [GC (Allocation Failure) 2018-04-15T20:27:18.055+0800: 241397.051: [ParNew: 11863306K->96715K(13212096K), 0.5322833 secs] 84193548K->72428303K(187275712K), 0.5326945 secs] [Times: user=3.49 sys=0.74, real=0.53 secs] 
2018-04-15T20:27:36.693+0800: 241415.689: [GC (Allocation Failure) 2018-04-15T20:27:36.693+0800: 241415.689: [ParNew: 11840843K->110043K(13212096K), 0.6136341 secs] 84172431K->72447258K(187275712K), 0.6140586 secs] [Times: user=3.16 sys=1.68, real=0.61 secs] 
2018-04-15T20:28:14.571+0800: 241453.567: [GC (Allocation Failure) 2018-04-15T20:28:14.571+0800: 241453.567: [ParNew: 11854171K->88651K(13212096K), 0.6671572 secs] 84191386K->72427479K(187275712K), 0.6675686 secs] [Times: user=4.48 sys=0.82, real=0.67 secs] 
2018-04-15T20:28:37.505+0800: 241476.501: [GC (Allocation Failure) 2018-04-15T20:28:37.505+0800: 241476.501: [ParNew: 11832779K->93110K(13212096K), 0.6520112 secs] 84171607K->72434806K(187275712K), 0.6524288 secs] [Times: user=3.29 sys=1.86, real=0.65 secs] 
2018-04-15T20:29:03.481+0800: 241502.477: [GC (Allocation Failure) 2018-04-15T20:29:03.481+0800: 241502.477: [ParNew: 11837238K->116091K(13212096K), 0.5130535 secs] 84178934K->72460804K(187275712K), 0.5134743 secs] [Times: user=3.78 sys=0.29, real=0.52 secs] 
2018-04-15T20:29:18.127+0800: 241517.123: [GC (Allocation Failure) 2018-04-15T20:29:18.127+0800: 241517.123: [ParNew: 11860219K->169488K(13212096K), 0.5795592 secs] 84204932K->72516753K(187275712K), 0.5799652 secs] [Times: user=4.09 sys=0.52, real=0.58 secs] 
2018-04-15T20:29:31.707+0800: 241530.703: [GC (Allocation Failure) 2018-04-15T20:29:31.707+0800: 241530.703: [ParNew: 11913616K->206250K(13212096K), 0.5234727 secs] 84260881K->72557995K(187275712K), 0.5238870 secs] [Times: user=4.15 sys=0.00, real=0.52 secs] 
2018-04-15T20:29:42.107+0800: 241541.103: [GC (Allocation Failure) 2018-04-15T20:29:42.108+0800: 241541.104: [ParNew: 11950378K->173132K(13212096K), 0.5809363 secs] 84302123K->72531415K(187275712K), 0.5813601 secs] [Times: user=4.61 sys=0.00, real=0.58 secs] 
2018-04-15T20:29:51.022+0800: 241550.018: [GC (Allocation Failure) 2018-04-15T20:29:51.022+0800: 241550.019: [ParNew: 11917260K->110035K(13212096K), 0.5089085 secs] 84275543K->72476152K(187275712K), 0.5093262 secs] [Times: user=2.82 sys=1.22, real=0.51 secs] 
2018-04-15T20:30:02.692+0800: 241561.689: [GC (Allocation Failure) 2018-04-15T20:30:02.693+0800: 241561.689: [ParNew: 11854163K->117501K(13212096K), 0.4640170 secs] 84220280K->72487718K(187275712K), 0.4644330 secs] [Times: user=3.43 sys=0.24, real=0.46 secs] 
2018-04-15T20:30:21.428+0800: 241580.424: [GC (Allocation Failure) 2018-04-15T20:30:21.428+0800: 241580.424: [ParNew: 11861629K->134178K(13212096K), 0.5592622 secs] 84231846K->72512171K(187275712K), 0.5596743 secs] [Times: user=3.82 sys=0.60, real=0.56 secs] 
2018-04-15T20:31:23.657+0800: 241642.653: [GC (Allocation Failure) 2018-04-15T20:31:23.657+0800: 241642.653: [ParNew: 11878306K->150842K(13212096K), 0.7061110 secs] 84256299K->72533055K(187275712K), 0.7065423 secs] [Times: user=3.76 sys=1.82, real=0.71 secs] 
2018-04-15T20:31:41.805+0800: 241660.801: [GC (Allocation Failure) 2018-04-15T20:31:41.805+0800: 241660.801: [ParNew: 11894970K->133450K(13212096K), 0.5469874 secs] 84277183K->72518492K(187275712K), 0.5474026 secs] [Times: user=3.80 sys=0.55, real=0.55 secs] 
2018-04-15T20:32:05.374+0800: 241684.370: [GC (Allocation Failure) 2018-04-15T20:32:05.374+0800: 241684.370: [ParNew: 11877578K->108586K(13212096K), 0.5024258 secs] 84262620K->72494980K(187275712K), 0.5028453 secs] [Times: user=3.63 sys=0.36, real=0.50 secs] 
2018-04-15T20:32:22.464+0800: 241701.460: [GC (Allocation Failure) 2018-04-15T20:32:22.464+0800: 241701.460: [ParNew: 11852714K->104639K(13212096K), 0.5955665 secs] 84239108K->72492240K(187275712K), 0.5959881 secs] [Times: user=3.48 sys=1.26, real=0.59 secs] 
2018-04-15T20:32:43.702+0800: 241722.698: [GC (Allocation Failure) 2018-04-15T20:32:43.702+0800: 241722.698: [ParNew: 11848767K->97660K(13212096K), 0.5632994 secs] 84236368K->72489863K(187275712K), 0.5637248 secs] [Times: user=3.71 sys=0.76, real=0.56 secs] 
2018-04-15T20:33:02.513+0800: 241741.509: [GC (Allocation Failure) 2018-04-15T20:33:02.513+0800: 241741.509: [ParNew: 11841788K->110060K(13212096K), 0.4652348 secs] 84233991K->72511488K(187275712K), 0.4656581 secs] [Times: user=3.60 sys=0.08, real=0.46 secs] 
2018-04-15T20:33:26.491+0800: 241765.487: [GC (Allocation Failure) 2018-04-15T20:33:26.491+0800: 241765.487: [ParNew: 11854188K->89404K(13212096K), 0.6123959 secs] 84255616K->72509184K(187275712K), 0.6128325 secs] [Times: user=3.13 sys=1.71, real=0.62 secs] 
2018-04-15T20:33:40.016+0800: 241779.012: [GC (Allocation Failure) 2018-04-15T20:33:40.017+0800: 241779.013: [ParNew: 11833532K->82586K(13212096K), 0.4650554 secs] 84253312K->72509118K(187275712K), 0.4654805 secs] [Times: user=3.66 sys=0.02, real=0.47 secs] 
2018-04-15T20:34:00.075+0800: 241799.071: [GC (Allocation Failure) 2018-04-15T20:34:00.075+0800: 241799.072: [ParNew: 11826714K->88933K(13212096K), 0.4923421 secs] 84253246K->72522741K(187275712K), 0.4927706 secs] [Times: user=3.58 sys=0.33, real=0.49 secs] 
2018-04-15T20:34:38.019+0800: 241837.015: [GC (Allocation Failure) 2018-04-15T20:34:38.019+0800: 241837.015: [ParNew: 11833061K->112328K(13212096K), 0.6714904 secs] 84266869K->72549032K(187275712K), 0.6719243 secs] [Times: user=3.29 sys=1.96, real=0.68 secs] 
2018-04-15T20:35:12.328+0800: 241871.324: [GC (Allocation Failure) 2018-04-15T20:35:12.328+0800: 241871.324: [ParNew: 11856456K->105628K(13212096K), 0.5547639 secs] 84293160K->72546624K(187275712K), 0.5551881 secs] [Times: user=3.65 sys=0.75, real=0.56 secs] 
2018-04-15T20:35:21.479+0800: 241880.475: [GC (Allocation Failure) 2018-04-15T20:35:21.480+0800: 241880.476: [ParNew: 11849756K->92645K(13212096K), 0.4411471 secs] 84290752K->72536531K(187275712K), 0.4415698 secs] [Times: user=3.51 sys=0.00, real=0.44 secs] 
2018-04-15T20:35:30.833+0800: 241889.829: [GC (Allocation Failure) 2018-04-15T20:35:30.834+0800: 241889.830: [ParNew: 11836773K->98556K(13212096K), 0.4681143 secs] 84280659K->72550069K(187275712K), 0.4685367 secs] [Times: user=2.56 sys=1.16, real=0.47 secs] 
2018-04-15T20:35:45.905+0800: 241904.901: [GC (Allocation Failure) 2018-04-15T20:35:45.905+0800: 241904.901: [ParNew: 11842684K->119605K(13212096K), 0.5719166 secs] 84294197K->72573190K(187275712K), 0.5723592 secs] [Times: user=3.25 sys=1.27, real=0.57 secs] 
2018-04-15T20:36:38.364+0800: 241957.360: [GC (Allocation Failure) 2018-04-15T20:36:38.364+0800: 241957.360: [ParNew: 11863733K->110138K(13212096K), 0.6159907 secs] 84317318K->72565794K(187275712K), 0.6164196 secs] [Times: user=3.73 sys=1.16, real=0.61 secs] 
2018-04-15T20:37:43.740+0800: 242022.737: [GC (Allocation Failure) 2018-04-15T20:37:43.741+0800: 242022.737: [ParNew: 11854266K->78879K(13212096K), 0.7762140 secs] 84309922K->72543130K(187275712K), 0.7766549 secs] [Times: user=4.94 sys=1.17, real=0.78 secs] 
2018-04-15T20:40:15.436+0800: 242174.432: [GC (Allocation Failure) 2018-04-15T20:40:15.436+0800: 242174.432: [ParNew: 11823007K->85422K(13212096K), 0.7769595 secs] 84287258K->72552746K(187275712K), 0.7773245 secs] [Times: user=3.82 sys=2.29, real=0.78 secs] 
2018-04-15T20:40:37.221+0800: 242196.217: [GC (Allocation Failure) 2018-04-15T20:40:37.221+0800: 242196.217: [ParNew: 11829550K->119993K(13212096K), 0.6843964 secs] 84296874K->72589521K(187275712K), 0.6848204 secs] [Times: user=5.33 sys=0.12, real=0.69 secs] 
2018-04-15T20:40:56.204+0800: 242215.200: [GC (Allocation Failure) 2018-04-15T20:40:56.205+0800: 242215.201: [ParNew: 11864121K->156473K(13212096K), 0.5367324 secs] 84333649K->72626623K(187275712K), 0.5371582 secs] [Times: user=3.92 sys=0.35, real=0.54 secs] 
2018-04-15T20:41:28.889+0800: 242247.885: [GC (Allocation Failure) 2018-04-15T20:41:28.889+0800: 242247.885: [ParNew: 11900601K->146282K(13212096K), 0.6761453 secs] 84370751K->72621124K(187275712K), 0.6765937 secs] [Times: user=3.81 sys=1.55, real=0.68 secs] 
2018-04-15T20:41:49.859+0800: 242268.855: [GC (Allocation Failure) 2018-04-15T20:41:49.860+0800: 242268.856: [ParNew: 11890410K->112083K(13212096K), 0.5106324 secs] 84365252K->72594416K(187275712K), 0.5110684 secs] [Times: user=3.53 sys=0.53, real=0.51 secs] 
2018-04-15T20:42:06.197+0800: 242285.193: [GC (Allocation Failure) 2018-04-15T20:42:06.198+0800: 242285.194: [ParNew: 11856211K->108068K(13212096K), 0.4380069 secs] 84338544K->72597606K(187275712K), 0.4384328 secs] [Times: user=2.30 sys=1.18, real=0.44 secs] 
2018-04-15T20:42:31.783+0800: 242310.779: [GC (Allocation Failure) 2018-04-15T20:42:31.784+0800: 242310.780: [ParNew: 11852196K->97317K(13212096K), 0.6077468 secs] 84341734K->72596543K(187275712K), 0.6081793 secs] [Times: user=3.06 sys=1.72, real=0.61 secs] 
2018-04-15T20:42:45.277+0800: 242324.273: [GC (Allocation Failure) 2018-04-15T20:42:45.277+0800: 242324.273: [ParNew: 11841445K->72917K(13212096K), 0.4939849 secs] 84340671K->72575972K(187275712K), 0.4944079 secs] [Times: user=3.63 sys=0.30, real=0.50 secs] 
2018-04-15T20:42:58.210+0800: 242337.206: [GC (Allocation Failure) 2018-04-15T20:42:58.210+0800: 242337.206: [ParNew: 11817045K->69535K(13212096K), 0.4426627 secs] 84320100K->72581762K(187275712K), 0.4430806 secs] [Times: user=3.23 sys=0.29, real=0.45 secs] 
2018-04-15T20:43:19.199+0800: 242358.195: [GC (Allocation Failure) 2018-04-15T20:43:19.199+0800: 242358.195: [ParNew: 11813663K->79752K(13212096K), 0.5049352 secs] 84325890K->72607429K(187275712K), 0.5053667 secs] [Times: user=3.54 sys=0.44, real=0.51 secs] 
2018-04-15T20:43:38.326+0800: 242377.322: [GC (Allocation Failure) 2018-04-15T20:43:38.327+0800: 242377.323: [ParNew: 11823880K->71908K(13212096K), 0.5986189 secs] 84351557K->72604230K(187275712K), 0.5990573 secs] [Times: user=3.45 sys=1.27, real=0.60 secs] 
2018-04-15T20:43:46.647+0800: 242385.643: [GC (Allocation Failure) 2018-04-15T20:43:46.647+0800: 242385.643: [ParNew: 11816036K->70987K(13212096K), 0.4761887 secs] 84348358K->72604359K(187275712K), 0.4766073 secs] [Times: user=3.56 sys=0.22, real=0.48 secs] 
2018-04-15T20:43:55.056+0800: 242394.052: [GC (Allocation Failure) 2018-04-15T20:43:55.056+0800: 242394.052: [ParNew: 11815115K->74727K(13212096K), 0.4369731 secs] 84348487K->72610264K(187275712K), 0.4374164 secs] [Times: user=3.43 sys=0.04, real=0.44 secs] 
2018-04-15T20:44:04.398+0800: 242403.394: [GC (Allocation Failure) 2018-04-15T20:44:04.398+0800: 242403.394: [ParNew: 11818855K->103492K(13212096K), 0.4496486 secs] 84354392K->72640372K(187275712K), 0.4500725 secs] [Times: user=3.47 sys=0.10, real=0.45 secs] 
2018-04-15T20:44:20.197+0800: 242419.193: [GC (Allocation Failure) 2018-04-15T20:44:20.198+0800: 242419.194: [ParNew: 11847620K->89087K(13212096K), 0.4990149 secs] 84384500K->72627375K(187275712K), 0.4994457 secs] [Times: user=3.57 sys=0.39, real=0.50 secs] 
2018-04-15T20:44:59.620+0800: 242458.616: [GC (Allocation Failure) 2018-04-15T20:44:59.621+0800: 242458.617: [ParNew: 11833215K->85428K(13212096K), 0.6184375 secs] 84371503K->72628056K(187275712K), 0.6188737 secs] [Times: user=3.16 sys=1.67, real=0.62 secs] 
2018-04-15T20:45:31.675+0800: 242490.671: [GC (Allocation Failure) 2018-04-15T20:45:31.675+0800: 242490.671: [ParNew: 11829556K->73465K(13212096K), 0.5615974 secs] 84372184K->72618775K(187275712K), 0.5620160 secs] [Times: user=3.63 sys=0.83, real=0.56 secs] 
2018-04-15T20:45:46.634+0800: 242505.630: [GC (Allocation Failure) 2018-04-15T20:45:46.635+0800: 242505.631: [ParNew: 11817593K->67165K(13212096K), 0.4243927 secs] 84362903K->72613405K(187275712K), 0.4248354 secs] [Times: user=3.37 sys=0.00, real=0.42 secs] 
2018-04-15T20:46:03.520+0800: 242522.516: [GC (Allocation Failure) 2018-04-15T20:46:03.520+0800: 242522.516: [ParNew: 11811293K->73501K(13212096K), 0.6718394 secs] 84357533K->72621801K(187275712K), 0.6722746 secs] [Times: user=3.55 sys=1.78, real=0.68 secs] 
2018-04-15T20:46:19.743+0800: 242538.739: [GC (Allocation Failure) 2018-04-15T20:46:19.743+0800: 242538.740: [ParNew: 11817629K->68438K(13212096K), 0.4630117 secs] 84365929K->72621047K(187275712K), 0.4634414 secs] [Times: user=3.35 sys=0.33, real=0.46 secs] 
2018-04-15T20:46:45.603+0800: 242564.599: [GC (Allocation Failure) 2018-04-15T20:46:45.603+0800: 242564.599: [ParNew: 11812566K->66954K(13212096K), 0.5569500 secs] 84365175K->72626431K(187275712K), 0.5573677 secs] [Times: user=3.75 sys=0.69, real=0.55 secs] 
2018-04-15T20:49:13.981+0800: 242712.977: [GC (Allocation Failure) 2018-04-15T20:49:13.981+0800: 242712.977: [ParNew: 11811082K->48355K(13212096K), 0.8128673 secs] 84370559K->72618400K(187275712K), 0.8133082 secs] [Times: user=4.01 sys=2.36, real=0.82 secs] 
2018-04-15T20:50:05.791+0800: 242764.787: [GC (Allocation Failure) 2018-04-15T20:50:05.791+0800: 242764.787: [ParNew: 11792483K->89318K(13212096K), 0.6115869 secs] 84362528K->72661832K(187275712K), 0.6120049 secs] [Times: user=4.04 sys=0.79, real=0.62 secs] 
2018-04-15T20:50:40.335+0800: 242799.331: [GC (Allocation Failure) 2018-04-15T20:50:40.335+0800: 242799.331: [ParNew: 11833446K->68187K(13212096K), 0.6399517 secs] 84405960K->72641819K(187275712K), 0.6403857 secs] [Times: user=3.49 sys=1.52, real=0.64 secs] 
2018-04-15T20:51:32.444+0800: 242851.440: [GC (Allocation Failure) 2018-04-15T20:51:32.444+0800: 242851.440: [ParNew: 11812315K->111515K(13212096K), 0.6553886 secs] 84385947K->72685952K(187275712K), 0.6558250 secs] [Times: user=4.02 sys=1.16, real=0.65 secs] 
2018-04-15T20:51:52.143+0800: 242871.139: [GC (Allocation Failure) 2018-04-15T20:51:52.143+0800: 242871.140: [ParNew: 11855643K->155365K(13212096K), 0.6523533 secs] 84430080K->72730359K(187275712K), 0.6527872 secs] [Times: user=4.78 sys=0.36, real=0.65 secs] 
2018-04-15T20:52:03.647+0800: 242882.643: [GC (Allocation Failure) 2018-04-15T20:52:03.648+0800: 242882.644: [ParNew: 11899493K->182266K(13212096K), 0.4813273 secs] 84474487K->72759613K(187275712K), 0.4817472 secs] [Times: user=3.73 sys=0.09, real=0.48 secs] 
2018-04-15T20:52:16.092+0800: 242895.088: [GC (Allocation Failure) 2018-04-15T20:52:16.092+0800: 242895.088: [ParNew: 11926394K->164049K(13212096K), 0.4693141 secs] 84503741K->72752977K(187275712K), 0.4698256 secs] [Times: user=3.55 sys=0.16, real=0.47 secs] 
2018-04-15T20:52:38.534+0800: 242917.530: [GC (Allocation Failure) 2018-04-15T20:52:38.534+0800: 242917.530: [ParNew: 11908177K->77015K(13212096K), 0.4786533 secs] 84497105K->72672997K(187275712K), 0.4790914 secs] [Times: user=3.43 sys=0.36, real=0.48 secs] 
2018-04-15T20:53:52.783+0800: 242991.779: [GC (Allocation Failure) 2018-04-15T20:53:52.783+0800: 242991.779: [ParNew: 11821143K->82504K(13212096K), 0.8052285 secs] 84417125K->72683108K(187275712K), 0.8056513 secs] [Times: user=3.77 sys=2.61, real=0.80 secs] 
2018-04-15T20:55:29.734+0800: 243088.730: [GC (Allocation Failure) 2018-04-15T20:55:29.735+0800: 243088.731: [ParNew: 11826632K->82525K(13212096K), 0.7313752 secs] 84427236K->72689843K(187275712K), 0.7318075 secs] [Times: user=4.34 sys=1.44, real=0.73 secs] 
2018-04-15T20:56:02.575+0800: 243121.571: [GC (Allocation Failure) 2018-04-15T20:56:02.575+0800: 243121.571: [ParNew: 11826653K->94593K(13212096K), 0.5904990 secs] 84433971K->72704834K(187275712K), 0.5909201 secs] [Times: user=3.66 sys=1.04, real=0.59 secs] 
2018-04-15T20:56:44.281+0800: 243163.277: [GC (Allocation Failure) 2018-04-15T20:56:44.281+0800: 243163.277: [ParNew: 11838721K->83995K(13212096K), 0.6942938 secs] 84448962K->72695830K(187275712K), 0.6947129 secs] [Times: user=5.51 sys=0.00, real=0.69 secs] 
2018-04-15T20:57:26.749+0800: 243205.745: [GC (Allocation Failure) 2018-04-15T20:57:26.750+0800: 243205.746: [ParNew: 11828123K->87169K(13212096K), 0.6958629 secs] 84439958K->72699884K(187275712K), 0.6962997 secs] [Times: user=3.48 sys=2.03, real=0.70 secs] 
2018-04-15T20:58:24.386+0800: 243263.382: [GC (Allocation Failure) 2018-04-15T20:58:24.386+0800: 243263.382: [ParNew: 11831297K->92058K(13212096K), 0.5221187 secs] 84444012K->72706625K(187275712K), 0.5225489 secs] [Times: user=3.39 sys=0.76, real=0.52 secs] 
2018-04-15T20:58:54.466+0800: 243293.462: [GC (Allocation Failure) 2018-04-15T20:58:54.466+0800: 243293.462: [ParNew: 11836186K->99473K(13212096K), 0.6210225 secs] 84450753K->72719774K(187275712K), 0.6214575 secs] [Times: user=3.38 sys=1.52, real=0.62 secs] 
2018-04-15T20:59:24.501+0800: 243323.497: [GC (Allocation Failure) 2018-04-15T20:59:24.502+0800: 243323.498: [ParNew: 11843601K->99722K(13212096K), 0.5588782 secs] 84463902K->72727540K(187275712K), 0.5593123 secs] [Times: user=3.86 sys=0.58, real=0.55 secs] 
2018-04-15T20:59:48.323+0800: 243347.319: [GC (Allocation Failure) 2018-04-15T20:59:48.323+0800: 243347.319: [ParNew: 11843850K->111863K(13212096K), 0.5441615 secs] 84471668K->72741793K(187275712K), 0.5445188 secs] [Times: user=4.00 sys=0.34, real=0.54 secs] 
2018-04-15T21:00:11.767+0800: 243370.763: [GC (Allocation Failure) 2018-04-15T21:00:11.767+0800: 243370.763: [ParNew: 11855991K->102860K(13212096K), 0.5781425 secs] 84485921K->72746979K(187275712K), 0.5785045 secs] [Times: user=3.31 sys=1.25, real=0.58 secs] 
2018-04-15T21:00:42.230+0800: 243401.226: [GC (Allocation Failure) 2018-04-15T21:00:42.230+0800: 243401.226: [ParNew: 11846988K->91288K(13212096K), 0.5123632 secs] 84491107K->72738489K(187275712K), 0.5127900 secs] [Times: user=3.70 sys=0.36, real=0.52 secs] 
2018-04-15T21:01:01.027+0800: 243420.023: [GC (Allocation Failure) 2018-04-15T21:01:01.027+0800: 243420.023: [ParNew: 11835416K->102623K(13212096K), 0.4877236 secs] 84482617K->72754666K(187275712K), 0.4881377 secs] [Times: user=3.62 sys=0.25, real=0.49 secs] 
2018-04-15T21:01:26.131+0800: 243445.128: [GC (Allocation Failure) 2018-04-15T21:01:26.132+0800: 243445.128: [ParNew: 11846751K->77617K(13212096K), 0.5936986 secs] 84498794K->72732729K(187275712K), 0.5941437 secs] [Times: user=3.39 sys=1.29, real=0.59 secs] 
2018-04-15T21:01:44.484+0800: 243463.480: [GC (Allocation Failure) 2018-04-15T21:01:44.485+0800: 243463.481: [ParNew: 11821745K->79020K(13212096K), 0.4895722 secs] 84476857K->72736639K(187275712K), 0.4899884 secs] [Times: user=3.57 sys=0.31, real=0.49 secs] 
2018-04-15T21:02:04.824+0800: 243483.821: [GC (Allocation Failure) 2018-04-15T21:02:04.825+0800: 243483.821: [ParNew: 11823148K->87893K(13212096K), 0.4470221 secs] 84480767K->72747153K(187275712K), 0.4474430 secs] [Times: user=3.44 sys=0.12, real=0.45 secs] 
2018-04-15T21:02:23.196+0800: 243502.192: [GC (Allocation Failure) 2018-04-15T21:02:23.196+0800: 243502.192: [ParNew: 11832021K->91295K(13212096K), 0.5991725 secs] 84491281K->72754950K(187275712K), 0.5996237 secs] [Times: user=3.31 sys=1.44, real=0.60 secs] 
2018-04-15T21:02:45.891+0800: 243524.887: [GC (Allocation Failure) 2018-04-15T21:02:45.891+0800: 243524.887: [ParNew: 11835423K->98488K(13212096K), 0.5653167 secs] 84499078K->72765633K(187275712K), 0.5657428 secs] [Times: user=3.92 sys=0.58, real=0.57 secs] 
2018-04-15T21:03:01.516+0800: 243540.512: [GC (Allocation Failure) 2018-04-15T21:03:01.517+0800: 243540.513: [ParNew: 11842616K->117879K(13212096K), 0.4598191 secs] 84509761K->72786605K(187275712K), 0.4602364 secs] [Times: user=2.46 sys=1.20, real=0.46 secs] 
2018-04-15T21:03:19.365+0800: 243558.361: [GC (Allocation Failure) 2018-04-15T21:03:19.366+0800: 243558.362: [ParNew: 11862007K->133271K(13212096K), 0.4893846 secs] 84530733K->72804237K(187275712K), 0.4898122 secs] [Times: user=3.68 sys=0.20, real=0.49 secs] 
2018-04-15T21:03:35.520+0800: 243574.516: [GC (Allocation Failure) 2018-04-15T21:03:35.520+0800: 243574.516: [ParNew: 11877399K->149267K(13212096K), 0.5795403 secs] 84548365K->72824194K(187275712K), 0.5799656 secs] [Times: user=3.03 sys=1.56, real=0.58 secs] 
2018-04-15T21:03:52.986+0800: 243591.982: [GC (Allocation Failure) 2018-04-15T21:03:52.986+0800: 243591.982: [ParNew: 11893395K->118379K(13212096K), 0.4974595 secs] 84568322K->72796765K(187275712K), 0.4978798 secs] [Times: user=3.56 sys=0.39, real=0.50 secs] 
2018-04-15T21:04:04.609+0800: 243603.605: [GC (Allocation Failure) 2018-04-15T21:04:04.609+0800: 243603.605: [ParNew: 11862507K->112136K(13212096K), 0.4558412 secs] 84540893K->72794854K(187275712K), 0.4562535 secs] [Times: user=3.52 sys=0.09, real=0.46 secs] 
2018-04-15T21:04:14.222+0800: 243613.219: [GC (Allocation Failure) 2018-04-15T21:04:14.223+0800: 243613.219: [ParNew: 11856264K->110019K(13212096K), 0.4201642 secs] 84538982K->72794961K(187275712K), 0.4205803 secs] [Times: user=3.33 sys=0.00, real=0.42 secs] 
2018-04-15T21:04:26.068+0800: 243625.064: [GC (Allocation Failure) 2018-04-15T21:04:26.069+0800: 243625.065: [ParNew: 11854147K->114303K(13212096K), 0.5776227 secs] 84539089K->72801967K(187275712K), 0.5780491 secs] [Times: user=3.40 sys=1.16, real=0.58 secs] 
2018-04-15T21:04:33.586+0800: 243632.583: [GC (Allocation Failure) 2018-04-15T21:04:33.587+0800: 243632.583: [ParNew: 11858431K->113060K(13212096K), 0.4200111 secs] 84546095K->72804282K(187275712K), 0.4204329 secs] [Times: user=3.34 sys=0.00, real=0.42 secs] 
2018-04-15T21:04:44.060+0800: 243643.056: [GC (Allocation Failure) 2018-04-15T21:04:44.061+0800: 243643.057: [ParNew: 11857188K->91208K(13212096K), 0.4413348 secs] 84548410K->72785682K(187275712K), 0.4417497 secs] [Times: user=3.40 sys=0.11, real=0.45 secs] 
2018-04-15T21:04:55.690+0800: 243654.686: [GC (Allocation Failure) 2018-04-15T21:04:55.690+0800: 243654.686: [ParNew: 11835336K->98530K(13212096K), 0.4859693 secs] 84529810K->72797228K(187275712K), 0.4863750 secs] [Times: user=3.65 sys=0.20, real=0.49 secs] 
2018-04-15T21:05:17.861+0800: 243676.858: [GC (Allocation Failure) 2018-04-15T21:05:17.862+0800: 243676.858: [ParNew: 11842658K->101521K(13212096K), 0.6642971 secs] 84541356K->72803225K(187275712K), 0.6647290 secs] [Times: user=4.56 sys=0.69, real=0.66 secs] 
2018-04-15T21:06:40.917+0800: 243759.913: [GC (Allocation Failure) 2018-04-15T21:06:40.917+0800: 243759.913: [ParNew: 11845649K->83079K(13212096K), 0.6285850 secs] 84547353K->72788862K(187275712K), 0.6290103 secs] [Times: user=3.60 sys=1.39, real=0.63 secs] 
2018-04-15T21:07:07.543+0800: 243786.539: [GC (Allocation Failure) 2018-04-15T21:07:07.543+0800: 243786.539: [ParNew: 11827207K->118671K(13212096K), 0.6159936 secs] 84532990K->72827909K(187275712K), 0.6164308 secs] [Times: user=3.21 sys=1.66, real=0.61 secs] 
2018-04-15T21:08:19.413+0800: 243858.409: [GC (Allocation Failure) 2018-04-15T21:08:19.413+0800: 243858.409: [ParNew: 11862799K->121690K(13212096K), 0.6578272 secs] 84572037K->72832580K(187275712K), 0.6581849 secs] [Times: user=3.92 sys=1.25, real=0.65 secs] 
2018-04-15T21:09:29.908+0800: 243928.904: [GC (Allocation Failure) 2018-04-15T21:09:29.909+0800: 243928.905: [ParNew: 11865818K->149729K(13212096K), 0.7982649 secs] 84576708K->72861888K(187275712K), 0.7987222 secs] [Times: user=4.67 sys=1.62, real=0.80 secs] 
2018-04-15T21:09:37.228+0800: 243936.224: [GC (Allocation Failure) 2018-04-15T21:09:37.228+0800: 243936.224: [ParNew: 11893857K->157584K(13212096K), 0.4461092 secs] 84606016K->72871970K(187275712K), 0.4465360 secs] [Times: user=3.55 sys=0.00, real=0.45 secs] 
2018-04-15T21:09:49.878+0800: 243948.874: [GC (Allocation Failure) 2018-04-15T21:09:49.878+0800: 243948.874: [ParNew: 11901712K->197692K(13212096K), 0.5367813 secs] 84616098K->72916858K(187275712K), 0.5371964 secs] [Times: user=3.82 sys=0.44, real=0.54 secs] 
2018-04-15T21:10:15.689+0800: 243974.685: [GC (Allocation Failure) 2018-04-15T21:10:15.689+0800: 243974.685: [ParNew: 11941820K->205919K(13212096K), 0.6363551 secs] 84660986K->72943302K(187275712K), 0.6368003 secs] [Times: user=3.65 sys=1.36, real=0.64 secs] 
2018-04-15T21:10:30.529+0800: 243989.525: [GC (Allocation Failure) 2018-04-15T21:10:30.529+0800: 243989.525: [ParNew: 11950047K->167133K(13212096K), 0.4569843 secs] 84687430K->72910321K(187275712K), 0.4574099 secs] [Times: user=3.47 sys=0.16, real=0.46 secs] 
2018-04-15T21:10:46.853+0800: 244005.849: [GC (Allocation Failure) 2018-04-15T21:10:46.853+0800: 244005.849: [ParNew: 11911261K->137238K(13212096K), 0.5251951 secs] 84654449K->72895675K(187275712K), 0.5256139 secs] [Times: user=3.80 sys=0.35, real=0.52 secs] 
2018-04-15T21:10:57.088+0800: 244016.084: [GC (Allocation Failure) 2018-04-15T21:10:57.088+0800: 244016.084: [ParNew: 11881366K->140248K(13212096K), 0.5007642 secs] 84639803K->72917199K(187275712K), 0.5011816 secs] [Times: user=3.82 sys=0.14, real=0.50 secs] 
2018-04-15T21:11:10.615+0800: 244029.611: [GC (Allocation Failure) 2018-04-15T21:11:10.615+0800: 244029.611: [ParNew: 11884376K->135033K(13212096K), 0.5989337 secs] 84661327K->72914788K(187275712K), 0.5993659 secs] [Times: user=3.18 sys=1.55, real=0.60 secs] 
2018-04-15T21:11:23.617+0800: 244042.613: [GC (Allocation Failure) 2018-04-15T21:11:23.617+0800: 244042.613: [ParNew: 11879161K->135345K(13212096K), 0.4981867 secs] 84658916K->72918594K(187275712K), 0.4986052 secs] [Times: user=3.69 sys=0.26, real=0.50 secs] 
2018-04-15T21:11:43.792+0800: 244062.788: [GC (Allocation Failure) 2018-04-15T21:11:43.792+0800: 244062.788: [ParNew: 11879473K->67233K(13212096K), 0.5390893 secs] 84662722K->72854362K(187275712K), 0.5395067 secs] [Times: user=3.83 sys=0.47, real=0.54 secs] 
2018-04-15T21:12:44.093+0800: 244123.089: [GC (Allocation Failure) 2018-04-15T21:12:44.094+0800: 244123.090: [ParNew: 11811361K->121255K(13212096K), 0.6537355 secs] 84598490K->72911198K(187275712K), 0.6541851 secs] [Times: user=3.68 sys=1.42, real=0.65 secs] 
2018-04-15T21:15:12.801+0800: 244271.797: [GC (Allocation Failure) 2018-04-15T21:15:12.801+0800: 244271.797: [ParNew: 11865383K->117578K(13212096K), 0.7817859 secs] 84655326K->72912920K(187275712K), 0.7822166 secs] [Times: user=5.28 sys=0.92, real=0.79 secs] 
2018-04-15T21:18:03.692+0800: 244442.688: [GC (Allocation Failure) 2018-04-15T21:18:03.692+0800: 244442.688: [ParNew: 11861706K->102946K(13212096K), 0.9511104 secs] 84657048K->72900661K(187275712K), 0.9514712 secs] [Times: user=5.37 sys=2.18, real=0.95 secs] 
2018-04-15T21:18:44.786+0800: 244483.782: [GC (Allocation Failure) 2018-04-15T21:18:44.787+0800: 244483.783: [ParNew: 11847074K->127870K(13212096K), 0.5759867 secs] 84644789K->72928169K(187275712K), 0.5764080 secs] [Times: user=3.83 sys=0.72, real=0.58 secs] 
2018-04-15T21:20:04.025+0800: 244563.021: [GC (Allocation Failure) 2018-04-15T21:20:04.026+0800: 244563.022: [ParNew: 11871998K->127842K(13212096K), 0.7876602 secs] 84672297K->72929715K(187275712K), 0.7880317 secs] [Times: user=3.95 sys=2.27, real=0.79 secs] 
2018-04-15T21:21:08.308+0800: 244627.304: [GC (Allocation Failure) 2018-04-15T21:21:08.308+0800: 244627.304: [ParNew: 11871970K->126856K(13212096K), 0.6356538 secs] 84673843K->72932288K(187275712K), 0.6361019 secs] [Times: user=4.12 sys=0.91, real=0.64 secs] 
2018-04-15T21:21:26.509+0800: 244645.505: [GC (Allocation Failure) 2018-04-15T21:21:26.509+0800: 244645.505: [ParNew: 11870984K->113192K(13212096K), 0.6225804 secs] 84676416K->72931108K(187275712K), 0.6230174 secs] [Times: user=3.61 sys=1.30, real=0.63 secs] 
2018-04-15T21:21:38.881+0800: 244657.877: [GC (Allocation Failure) 2018-04-15T21:21:38.881+0800: 244657.877: [ParNew: 11857320K->114790K(13212096K), 0.5075884 secs] 84675236K->72941916K(187275712K), 0.5080197 secs] [Times: user=3.54 sys=0.49, real=0.50 secs] 
2018-04-15T21:21:51.236+0800: 244670.232: [GC (Allocation Failure) 2018-04-15T21:21:51.236+0800: 244670.232: [ParNew: 11858918K->75220K(13212096K), 0.4313635 secs] 84686044K->72920721K(187275712K), 0.4317864 secs] [Times: user=2.31 sys=1.07, real=0.43 secs] 
2018-04-15T21:22:08.431+0800: 244687.427: [GC (Allocation Failure) 2018-04-15T21:22:08.432+0800: 244687.428: [ParNew: 11819348K->75294K(13212096K), 0.4167555 secs] 84664849K->72925692K(187275712K), 0.4171746 secs] [Times: user=3.23 sys=0.07, real=0.41 secs] 
2018-04-15T21:22:51.261+0800: 244730.257: [GC (Allocation Failure) 2018-04-15T21:22:51.262+0800: 244730.258: [ParNew: 11819422K->54281K(13212096K), 0.7219106 secs] 84669820K->72910024K(187275712K), 0.7223741 secs] [Times: user=3.58 sys=2.12, real=0.72 secs] 
2018-04-15T21:23:29.079+0800: 244768.075: [GC (Allocation Failure) 2018-04-15T21:23:29.079+0800: 244768.075: [ParNew: 11798409K->67768K(13212096K), 0.4649907 secs] 84654152K->72930691K(187275712K), 0.4654196 secs] [Times: user=3.26 sys=0.42, real=0.47 secs] 
2018-04-15T21:23:42.096+0800: 244781.092: [GC (Allocation Failure) 2018-04-15T21:23:42.097+0800: 244781.093: [ParNew: 11811896K->68484K(13212096K), 0.5728341 secs] 84674819K->72932874K(187275712K), 0.5732590 secs] [Times: user=3.41 sys=1.13, real=0.57 secs] 
2018-04-15T21:25:17.937+0800: 244876.934: [GC (Allocation Failure) 2018-04-15T21:25:17.938+0800: 244876.934: [ParNew: 11812612K->61200K(13212096K), 0.8174319 secs] 84677002K->72926476K(187275712K), 0.8178577 secs] [Times: user=4.54 sys=1.96, real=0.82 secs] 
2018-04-15T21:25:46.247+0800: 244905.243: [GC (Allocation Failure) 2018-04-15T21:25:46.247+0800: 244905.243: [ParNew: 11805328K->108076K(13212096K), 0.6284085 secs] 84670604K->72975597K(187275712K), 0.6288384 secs] [Times: user=3.49 sys=1.47, real=0.63 secs] 
2018-04-15T21:27:07.388+0800: 244986.384: [GC (Allocation Failure) 2018-04-15T21:27:07.388+0800: 244986.384: [ParNew: 11852204K->110317K(13212096K), 0.6798595 secs] 84719725K->72978805K(187275712K), 0.6802915 secs] [Times: user=3.73 sys=1.62, real=0.68 secs] 
2018-04-15T21:29:10.126+0800: 245109.122: [GC (Allocation Failure) 2018-04-15T21:29:10.127+0800: 245109.123: [ParNew: 11854445K->105262K(13212096K), 0.9624836 secs] 84722933K->72977002K(187275712K), 0.9629176 secs] [Times: user=4.81 sys=2.79, real=0.96 secs] 
2018-04-15T21:30:27.732+0800: 245186.728: [GC (Allocation Failure) 2018-04-15T21:30:27.732+0800: 245186.729: [ParNew: 11849390K->120852K(13212096K), 0.6936994 secs] 84721130K->72996059K(187275712K), 0.6941363 secs] [Times: user=3.35 sys=2.11, real=0.69 secs] 
2018-04-15T21:31:46.943+0800: 245265.939: [GC (Allocation Failure) 2018-04-15T21:31:46.943+0800: 245265.939: [ParNew: 11864980K->123232K(13212096K), 0.8362885 secs] 84740187K->72999830K(187275712K), 0.8367385 secs] [Times: user=4.98 sys=1.66, real=0.83 secs] 
2018-04-15T21:32:37.145+0800: 245316.141: [GC (Allocation Failure) 2018-04-15T21:32:37.145+0800: 245316.142: [ParNew: 11867360K->152740K(13212096K), 0.6547034 secs] 84743958K->73034700K(187275712K), 0.6550778 secs] [Times: user=3.80 sys=1.38, real=0.65 secs] 
2018-04-15T21:33:13.728+0800: 245352.724: [GC (Allocation Failure) 2018-04-15T21:33:13.728+0800: 245352.724: [ParNew: 11896868K->152447K(13212096K), 0.7310145 secs] 84778828K->73043133K(187275712K), 0.7314450 secs] [Times: user=3.57 sys=2.22, real=0.73 secs] 
2018-04-15T21:34:01.926+0800: 245400.923: [GC (Allocation Failure) 2018-04-15T21:34:01.927+0800: 245400.923: [ParNew: 11896575K->108371K(13212096K), 0.9172778 secs] 84787261K->73009301K(187275712K), 0.9176985 secs] [Times: user=5.65 sys=1.64, real=0.92 secs] 
2018-04-15T21:34:24.152+0800: 245423.148: [GC (Allocation Failure) 2018-04-15T21:34:24.152+0800: 245423.148: [ParNew: 11852499K->105864K(13212096K), 0.4846408 secs] 84753429K->73019984K(187275712K), 0.4850575 secs] [Times: user=2.54 sys=1.31, real=0.48 secs] 
2018-04-15T21:34:39.431+0800: 245438.427: [GC (Allocation Failure) 2018-04-15T21:34:39.431+0800: 245438.427: [ParNew: 11849992K->96871K(13212096K), 0.5623908 secs] 84764112K->73017134K(187275712K), 0.5628197 secs] [Times: user=3.26 sys=1.18, real=0.57 secs] 
2018-04-15T21:34:57.542+0800: 245456.538: [GC (Allocation Failure) 2018-04-15T21:34:57.542+0800: 245456.538: [ParNew: 11840999K->94061K(13212096K), 0.4682491 secs] 84761262K->73027128K(187275712K), 0.4686591 secs] [Times: user=3.36 sys=0.35, real=0.46 secs] 
2018-04-15T21:35:30.588+0800: 245489.584: [GC (Allocation Failure) 2018-04-15T21:35:30.589+0800: 245489.585: [ParNew: 11838189K->91759K(13212096K), 0.5817464 secs] 84771256K->73033375K(187275712K), 0.5821543 secs] [Times: user=3.85 sys=0.77, real=0.58 secs] 
2018-04-15T21:35:55.412+0800: 245514.408: [GC (Allocation Failure) 2018-04-15T21:35:55.412+0800: 245514.408: [ParNew: 11835887K->85184K(13212096K), 0.5948048 secs] 84777503K->73031901K(187275712K), 0.5952227 secs] [Times: user=3.39 sys=1.32, real=0.59 secs] 
2018-04-15T21:36:15.087+0800: 245534.083: [GC (Allocation Failure) 2018-04-15T21:36:15.087+0800: 245534.083: [ParNew: 11829312K->124321K(13212096K), 0.5653522 secs] 84776029K->73076744K(187275712K), 0.5657780 secs] [Times: user=3.72 sys=0.78, real=0.57 secs] 
2018-04-15T21:36:42.237+0800: 245561.233: [GC (Allocation Failure) 2018-04-15T21:36:42.238+0800: 245561.234: [ParNew: 11868449K->143187K(13212096K), 0.6308777 secs] 84820872K->73096935K(187275712K), 0.6312998 secs] [Times: user=3.40 sys=1.60, real=0.63 secs] 
2018-04-15T21:36:50.597+0800: 245569.593: [GC (Allocation Failure) 2018-04-15T21:36:50.597+0800: 245569.593: [ParNew: 11887315K->91734K(13212096K), 0.3934435 secs] 84841063K->73046228K(187275712K), 0.3938552 secs] [Times: user=2.38 sys=0.76, real=0.39 secs] 
2018-04-15T21:36:55.707+0800: 245574.703: [GC (Allocation Failure) 2018-04-15T21:36:55.707+0800: 245574.703: [ParNew: 11835862K->114080K(13212096K), 0.3937844 secs] 84790356K->73070532K(187275712K), 0.3941496 secs] [Times: user=3.14 sys=0.00, real=0.39 secs] 
2018-04-15T21:37:02.587+0800: 245581.583: [GC (Allocation Failure) 2018-04-15T21:37:02.587+0800: 245581.583: [ParNew: 11858208K->69410K(13212096K), 0.4105199 secs] 84814660K->73029201K(187275712K), 0.4108958 secs] [Times: user=3.26 sys=0.00, real=0.41 secs] 
2018-04-15T21:37:10.637+0800: 245589.633: [GC (Allocation Failure) 2018-04-15T21:37:10.637+0800: 245589.633: [ParNew: 11813538K->82575K(13212096K), 0.4579681 secs] 84773329K->73052205K(187275712K), 0.4583743 secs] [Times: user=3.56 sys=0.08, real=0.46 secs] 
2018-04-15T21:37:25.231+0800: 245604.227: [GC (Allocation Failure) 2018-04-15T21:37:25.231+0800: 245604.227: [ParNew: 11826703K->63735K(13212096K), 0.4366446 secs] 84796333K->73043497K(187275712K), 0.4370513 secs] [Times: user=2.38 sys=1.09, real=0.44 secs] 
2018-04-15T21:37:30.903+0800: 245609.899: [GC (Allocation Failure) 2018-04-15T21:37:30.904+0800: 245609.900: [ParNew: 11807863K->75465K(13212096K), 0.5676293 secs] 84787625K->73060415K(187275712K), 0.5680598 secs] [Times: user=2.93 sys=1.57, real=0.57 secs] 
2018-04-15T21:37:38.174+0800: 245617.170: [GC (Allocation Failure) 2018-04-15T21:37:38.174+0800: 245617.170: [ParNew: 11819593K->83013K(13212096K), 0.4377920 secs] 84804543K->73068921K(187275712K), 0.4381880 secs] [Times: user=2.65 sys=0.84, real=0.44 secs] 
2018-04-15T21:37:47.738+0800: 245626.734: [GC (Allocation Failure) 2018-04-15T21:37:47.739+0800: 245626.735: [ParNew: 11827141K->86292K(13212096K), 0.4727295 secs] 84813049K->73072412K(187275712K), 0.4731304 secs] [Times: user=3.54 sys=0.23, real=0.48 secs] 
2018-04-15T21:38:03.560+0800: 245642.556: [GC (Allocation Failure) 2018-04-15T21:38:03.560+0800: 245642.556: [ParNew: 11830420K->71898K(13212096K), 0.4607092 secs] 84816540K->73058353K(187275712K), 0.4611317 secs] [Times: user=3.42 sys=0.25, real=0.47 secs] 
2018-04-15T21:38:22.818+0800: 245661.814: [GC (Allocation Failure) 2018-04-15T21:38:22.818+0800: 245661.814: [ParNew: 11816026K->86844K(13212096K), 0.4502021 secs] 84802481K->73074773K(187275712K), 0.4506001 secs] [Times: user=3.48 sys=0.11, real=0.45 secs] 
2018-04-15T21:38:36.749+0800: 245675.745: [GC (Allocation Failure) 2018-04-15T21:38:36.749+0800: 245675.745: [ParNew: 11830972K->73231K(13212096K), 0.5414400 secs] 84818901K->73062874K(187275712K), 0.5418582 secs] [Times: user=3.15 sys=1.13, real=0.54 secs] 
2018-04-15T21:38:57.664+0800: 245696.660: [GC (Allocation Failure) 2018-04-15T21:38:57.664+0800: 245696.660: [ParNew: 11817359K->65532K(13212096K), 0.5380921 secs] 84807002K->73057498K(187275712K), 0.5384898 secs] [Times: user=3.54 sys=0.75, real=0.54 secs] 
2018-04-15T21:39:39.610+0800: 245738.606: [GC (Allocation Failure) 2018-04-15T21:39:39.610+0800: 245738.606: [ParNew: 11809660K->77907K(13212096K), 0.6156972 secs] 84801626K->73071851K(187275712K), 0.6161606 secs] [Times: user=4.89 sys=0.00, real=0.62 secs] 
2018-04-15T21:40:07.205+0800: 245766.201: [GC (Allocation Failure) 2018-04-15T21:40:07.205+0800: 245766.201: [ParNew: 11822035K->87145K(13212096K), 0.5993760 secs] 84815979K->73084820K(187275712K), 0.5997874 secs] [Times: user=2.94 sys=1.82, real=0.60 secs] 
2018-04-15T21:40:28.940+0800: 245787.936: [GC (Allocation Failure) 2018-04-15T21:40:28.940+0800: 245787.937: [ParNew: 11831273K->89368K(13212096K), 0.5472053 secs] 84828948K->73091134K(187275712K), 0.5476142 secs] [Times: user=3.71 sys=0.63, real=0.55 secs] 
2018-04-15T21:40:39.764+0800: 245798.760: [GC (Allocation Failure) 2018-04-15T21:40:39.764+0800: 245798.760: [ParNew: 11833496K->108969K(13212096K), 0.4494212 secs] 84835262K->73112906K(187275712K), 0.4498272 secs] [Times: user=2.57 sys=1.01, real=0.45 secs] 
2018-04-15T21:40:52.661+0800: 245811.657: [GC (Allocation Failure) 2018-04-15T21:40:52.661+0800: 245811.657: [ParNew: 11853097K->131681K(13212096K), 0.5808599 secs] 84857034K->73136677K(187275712K), 0.5812746 secs] [Times: user=3.28 sys=1.32, real=0.59 secs] 
2018-04-15T21:41:11.730+0800: 245830.726: [GC (Allocation Failure) 2018-04-15T21:41:11.730+0800: 245830.726: [ParNew: 11875809K->136432K(13212096K), 0.5875985 secs] 84880805K->73146935K(187275712K), 0.5880122 secs] [Times: user=3.88 sys=0.79, real=0.59 secs] 
2018-04-15T21:41:28.627+0800: 245847.623: [GC (Allocation Failure) 2018-04-15T21:41:28.627+0800: 245847.623: [ParNew: 11880560K->96846K(13212096K), 0.4970991 secs] 84891063K->73110517K(187275712K), 0.4974983 secs] [Times: user=3.60 sys=0.35, real=0.50 secs] 
2018-04-15T21:42:32.752+0800: 245911.748: [GC (Allocation Failure) 2018-04-15T21:42:32.752+0800: 245911.748: [ParNew: 11840974K->144409K(13212096K), 0.8435604 secs] 84854645K->73159318K(187275712K), 0.8439736 secs] [Times: user=5.49 sys=1.17, real=0.84 secs] 
2018-04-15T21:43:32.620+0800: 245971.616: [GC (Allocation Failure) 2018-04-15T21:43:32.621+0800: 245971.617: [ParNew: 11888537K->105442K(13212096K), 0.6191790 secs] 84903446K->73122221K(187275712K), 0.6195872 secs] [Times: user=3.93 sys=0.98, real=0.62 secs] 
2018-04-15T21:43:54.474+0800: 245993.470: [GC (Allocation Failure) 2018-04-15T21:43:54.474+0800: 245993.470: [ParNew: 11849570K->91574K(13212096K), 0.5814496 secs] 84866349K->73110704K(187275712K), 0.5818548 secs] [Times: user=4.17 sys=0.46, real=0.58 secs] 
2018-04-15T21:45:45.496+0800: 246104.492: [GC (Allocation Failure) 2018-04-15T21:45:45.496+0800: 246104.492: [ParNew: 11835702K->108299K(13212096K), 0.9713259 secs] 84854832K->73132073K(187275712K), 0.9717554 secs] [Times: user=5.77 sys=1.88, real=0.97 secs] 
2018-04-15T21:48:07.005+0800: 246246.001: [GC (Allocation Failure) 2018-04-15T21:48:07.005+0800: 246246.001: [ParNew: 11852427K->93257K(13212096K), 0.8490392 secs] 84876201K->73120542K(187275712K), 0.8494679 secs] [Times: user=5.35 sys=1.36, real=0.85 secs] 
2018-04-15T21:50:01.645+0800: 246360.641: [GC (Allocation Failure) 2018-04-15T21:50:01.646+0800: 246360.642: [ParNew: 11837385K->114437K(13212096K), 0.9008345 secs] 84864670K->73143621K(187275712K), 0.9012494 secs] [Times: user=5.10 sys=2.04, real=0.90 secs] 
2018-04-15T21:50:25.463+0800: 246384.460: [GC (Allocation Failure) 2018-04-15T21:50:25.464+0800: 246384.460: [ParNew: 11858565K->146080K(13212096K), 0.6179379 secs] 84887749K->73188049K(187275712K), 0.6183631 secs] [Times: user=3.46 sys=1.41, real=0.62 secs] 
2018-04-15T21:50:41.460+0800: 246400.456: [GC (Allocation Failure) 2018-04-15T21:50:41.461+0800: 246400.457: [ParNew: 11890208K->191294K(13212096K), 0.6157305 secs] 84932177K->73240908K(187275712K), 0.6161412 secs] [Times: user=4.12 sys=0.75, real=0.62 secs] 
2018-04-15T21:50:52.240+0800: 246411.236: [GC (Allocation Failure) 2018-04-15T21:50:52.240+0800: 246411.236: [ParNew: 11935422K->202065K(13212096K), 0.4804519 secs] 84985036K->73254931K(187275712K), 0.4808606 secs] [Times: user=3.64 sys=0.17, real=0.48 secs] 
2018-04-15T21:51:09.957+0800: 246428.953: [GC (Allocation Failure) 2018-04-15T21:51:09.957+0800: 246428.953: [ParNew: 11946193K->173139K(13212096K), 0.6192056 secs] 84999059K->73235092K(187275712K), 0.6196421 secs] [Times: user=2.98 sys=1.90, real=0.62 secs] 
2018-04-15T21:52:55.891+0800: 246534.887: [GC (Allocation Failure) 2018-04-15T21:52:55.891+0800: 246534.887: [ParNew: 11917267K->98066K(13212096K), 0.7178672 secs] 84979220K->73170213K(187275712K), 0.7182835 secs] [Times: user=5.35 sys=0.35, real=0.72 secs] 
2018-04-15T21:55:04.218+0800: 246663.214: [GC (Allocation Failure) 2018-04-15T21:55:04.218+0800: 246663.214: [ParNew: 11842194K->104251K(13212096K), 0.8970231 secs] 84914341K->73184486K(187275712K), 0.8974442 secs] [Times: user=5.14 sys=1.91, real=0.90 secs] 
2018-04-15T21:56:21.010+0800: 246740.007: [GC (Allocation Failure) 2018-04-15T21:56:21.011+0800: 246740.007: [ParNew: 11848379K->140758K(13212096K), 0.7803744 secs] 84928614K->73222820K(187275712K), 0.7808097 secs] [Times: user=4.74 sys=1.41, real=0.79 secs] 
2018-04-15T21:57:05.202+0800: 246784.198: [GC (Allocation Failure) 2018-04-15T21:57:05.202+0800: 246784.199: [ParNew: 11884886K->136252K(13212096K), 0.6701003 secs] 84966948K->73220855K(187275712K), 0.6705063 secs] [Times: user=4.84 sys=0.47, real=0.67 secs] 
2018-04-15T21:58:35.804+0800: 246874.800: [GC (Allocation Failure) 2018-04-15T21:58:35.805+0800: 246874.801: [ParNew: 11880380K->96687K(13212096K), 1.0576695 secs] 84964983K->73183367K(187275712K), 1.0580827 secs] [Times: user=5.41 sys=2.99, real=1.06 secs] 
2018-04-15T21:58:48.899+0800: 246887.895: [GC (Allocation Failure) 2018-04-15T21:58:48.899+0800: 246887.896: [ParNew: 11840815K->84964K(13212096K), 0.5481514 secs] 84927495K->73172789K(187275712K), 0.5485608 secs] [Times: user=3.94 sys=0.43, real=0.55 secs] 
2018-04-15T21:59:10.572+0800: 246909.568: [GC (Allocation Failure) 2018-04-15T21:59:10.572+0800: 246909.568: [ParNew: 11829092K->88883K(13212096K), 0.5233073 secs] 84916917K->73191938K(187275712K), 0.5237240 secs] [Times: user=3.81 sys=0.34, real=0.52 secs] 
2018-04-15T21:59:32.864+0800: 246931.860: [GC (Allocation Failure) 2018-04-15T21:59:32.864+0800: 246931.860: [ParNew: 11833011K->43824K(13212096K), 0.6176453 secs] 84936066K->73165186K(187275712K), 0.6180711 secs] [Times: user=3.32 sys=1.55, real=0.62 secs] 
2018-04-15T21:59:58.553+0800: 246957.549: [GC (Allocation Failure) 2018-04-15T21:59:58.553+0800: 246957.549: [ParNew: 11787952K->31795K(13212096K), 0.4509789 secs] 84909314K->73160969K(187275712K), 0.4513857 secs] [Times: user=2.20 sys=1.38, real=0.45 secs] 
2018-04-15T22:00:43.700+0800: 247002.696: [GC (Allocation Failure) 2018-04-15T22:00:43.700+0800: 247002.696: [ParNew: 11775923K->36548K(13212096K), 0.7379972 secs] 84905097K->73170557K(187275712K), 0.7384287 secs] [Times: user=3.90 sys=1.92, real=0.74 secs] 
2018-04-15T22:00:56.373+0800: 247015.369: [GC (Allocation Failure) 2018-04-15T22:00:56.373+0800: 247015.370: [ParNew: 11780676K->31313K(13212096K), 0.4331613 secs] 84914685K->73167888K(187275712K), 0.4335306 secs] [Times: user=3.45 sys=0.00, real=0.43 secs] 
2018-04-15T22:01:13.563+0800: 247032.559: [GC (Allocation Failure) 2018-04-15T22:01:13.563+0800: 247032.559: [ParNew: 11775441K->42990K(13212096K), 0.5223626 secs] 84912016K->73179860K(187275712K), 0.5227257 secs] [Times: user=3.52 sys=0.65, real=0.52 secs] 
2018-04-15T22:02:01.105+0800: 247080.101: [GC (Allocation Failure) 2018-04-15T22:02:01.105+0800: 247080.101: [ParNew: 11787118K->74963K(13212096K), 0.5406696 secs] 84923988K->73212411K(187275712K), 0.5411374 secs] [Times: user=4.23 sys=0.04, real=0.54 secs] 
2018-04-15T22:02:15.715+0800: 247094.711: [GC (Allocation Failure) 2018-04-15T22:02:15.716+0800: 247094.712: [ParNew: 11819091K->115716K(13212096K), 0.6248039 secs] 84956539K->73253763K(187275712K), 0.6252055 secs] [Times: user=3.63 sys=1.32, real=0.62 secs] 
2018-04-15T22:02:28.335+0800: 247107.331: [GC (Allocation Failure) 2018-04-15T22:02:28.336+0800: 247107.332: [ParNew: 11859844K->136523K(13212096K), 0.4931990 secs] 84997891K->73275090K(187275712K), 0.4936092 secs] [Times: user=3.58 sys=0.35, real=0.49 secs] 
2018-04-15T22:02:46.989+0800: 247125.985: [GC (Allocation Failure) 2018-04-15T22:02:46.989+0800: 247125.985: [ParNew: 11880651K->86794K(13212096K), 0.4549590 secs] 85019218K->73227694K(187275712K), 0.4553798 secs] [Times: user=3.25 sys=0.35, real=0.46 secs] 
2018-04-15T22:05:16.608+0800: 247275.604: [GC (Allocation Failure) 2018-04-15T22:05:16.608+0800: 247275.604: [ParNew: 11830922K->58568K(13212096K), 1.2520822 secs] 84971822K->73200697K(187275712K), 1.2525041 secs] [Times: user=6.68 sys=3.25, real=1.25 secs] 
2018-04-15T22:05:58.391+0800: 247317.387: [GC (Allocation Failure) 2018-04-15T22:05:58.391+0800: 247317.387: [ParNew: 11802696K->68237K(13212096K), 0.4636036 secs] 84944825K->73211733K(187275712K), 0.4640152 secs] [Times: user=3.30 sys=0.37, real=0.46 secs] 
2018-04-15T22:06:33.739+0800: 247352.735: [GC (Allocation Failure) 2018-04-15T22:06:33.740+0800: 247352.736: [ParNew: 11812365K->63883K(13212096K), 0.6474622 secs] 84955861K->73210723K(187275712K), 0.6478784 secs] [Times: user=3.27 sys=1.82, real=0.65 secs] 
2018-04-15T22:07:15.428+0800: 247394.424: [GC (Allocation Failure) 2018-04-15T22:07:15.428+0800: 247394.424: [ParNew: 11808011K->79039K(13212096K), 0.7054011 secs] 84954851K->73226749K(187275712K), 0.7058110 secs] [Times: user=4.38 sys=1.23, real=0.71 secs] 
2018-04-15T22:07:50.606+0800: 247429.602: [GC (Allocation Failure) 2018-04-15T22:07:50.606+0800: 247429.602: [ParNew: 11823167K->61332K(13212096K), 0.6363838 secs] 84970877K->73209682K(187275712K), 0.6367977 secs] [Times: user=4.30 sys=0.73, real=0.64 secs] 
2018-04-15T22:08:14.370+0800: 247453.366: [GC (Allocation Failure) 2018-04-15T22:08:14.370+0800: 247453.366: [ParNew: 11805460K->63068K(13212096K), 0.4869865 secs] 84953810K->73212127K(187275712K), 0.4873944 secs] [Times: user=3.36 sys=0.51, real=0.49 secs] 
2018-04-15T22:08:26.648+0800: 247465.644: [GC (Allocation Failure) 2018-04-15T22:08:26.648+0800: 247465.644: [ParNew: 11807196K->53070K(13212096K), 0.4899679 secs] 84956255K->73209887K(187275712K), 0.4903752 secs] [Times: user=2.62 sys=1.27, real=0.49 secs] 
2018-04-15T22:08:42.637+0800: 247481.633: [GC (Allocation Failure) 2018-04-15T22:08:42.637+0800: 247481.633: [ParNew: 11797198K->57744K(13212096K), 0.6186786 secs] 84954015K->73217115K(187275712K), 0.6190992 secs] [Times: user=3.59 sys=1.31, real=0.62 secs] 
2018-04-15T22:08:53.261+0800: 247492.257: [GC (Allocation Failure) 2018-04-15T22:08:53.261+0800: 247492.257: [ParNew: 11801872K->45412K(13212096K), 0.4231207 secs] 84961243K->73208372K(187275712K), 0.4235264 secs] [Times: user=3.36 sys=0.00, real=0.42 secs] 
2018-04-15T22:09:01.554+0800: 247500.550: [GC (Allocation Failure) 2018-04-15T22:09:01.554+0800: 247500.550: [ParNew: 11789540K->42894K(13212096K), 0.4331671 secs] 84952500K->73210070K(187275712K), 0.4335813 secs] [Times: user=2.64 sys=0.80, real=0.43 secs] 
2018-04-15T22:09:12.401+0800: 247511.397: [GC (Allocation Failure) 2018-04-15T22:09:12.401+0800: 247511.397: [ParNew: 11787022K->42349K(13212096K), 0.4560207 secs] 84954198K->73211886K(187275712K), 0.4564454 secs] [Times: user=3.46 sys=0.17, real=0.46 secs] 
2018-04-15T22:09:27.612+0800: 247526.608: [GC (Allocation Failure) 2018-04-15T22:09:27.612+0800: 247526.608: [ParNew: 11786477K->37423K(13212096K), 0.4887281 secs] 84956014K->73208276K(187275712K), 0.4891283 secs] [Times: user=3.49 sys=0.40, real=0.49 secs] 
2018-04-15T22:09:42.380+0800: 247541.376: [GC (Allocation Failure) 2018-04-15T22:09:42.380+0800: 247541.376: [ParNew: 11781551K->35409K(13212096K), 0.6057768 secs] 84952404K->73207076K(187275712K), 0.6061898 secs] [Times: user=3.37 sys=1.43, real=0.61 secs] 
2018-04-15T22:10:05.675+0800: 247564.671: [GC (Allocation Failure) 2018-04-15T22:10:05.675+0800: 247564.671: [ParNew: 11779537K->39135K(13212096K), 0.4859253 secs] 84951204K->73211760K(187275712K), 0.4863270 secs] [Times: user=3.30 sys=0.56, real=0.49 secs] 
2018-04-15T22:10:18.447+0800: 247577.443: [GC (Allocation Failure) 2018-04-15T22:10:18.448+0800: 247577.444: [ParNew: 11783263K->33099K(13212096K), 0.4259962 secs] 84955888K->73209582K(187275712K), 0.4264000 secs] [Times: user=2.20 sys=1.19, real=0.43 secs] 
2018-04-15T22:10:38.172+0800: 247597.168: [GC (Allocation Failure) 2018-04-15T22:10:38.172+0800: 247597.168: [ParNew: 11777227K->40090K(13212096K), 0.5536729 secs] 84953710K->73216868K(187275712K), 0.5540783 secs] [Times: user=4.02 sys=0.37, real=0.55 secs] 
2018-04-15T22:10:52.857+0800: 247611.853: [GC (Allocation Failure) 2018-04-15T22:10:52.858+0800: 247611.854: [ParNew: 11784218K->38396K(13212096K), 0.5468879 secs] 84960996K->73215629K(187275712K), 0.5472877 secs] [Times: user=2.99 sys=1.35, real=0.55 secs] 
2018-04-15T22:11:53.729+0800: 247672.725: [GC (Allocation Failure) 2018-04-15T22:11:53.729+0800: 247672.725: [ParNew: 11782524K->44457K(13212096K), 0.6129137 secs] 84959757K->73222411K(187275712K), 0.6133141 secs] [Times: user=3.82 sys=1.05, real=0.62 secs] 
2018-04-15T22:12:13.415+0800: 247692.411: [GC (Allocation Failure) 2018-04-15T22:12:13.415+0800: 247692.411: [ParNew: 11788585K->44683K(13212096K), 0.6103816 secs] 84966539K->73223613K(187275712K), 0.6107979 secs] [Times: user=3.07 sys=1.75, real=0.61 secs] 
2018-04-15T22:12:28.031+0800: 247707.028: [GC (Allocation Failure) 2018-04-15T22:12:28.032+0800: 247707.028: [ParNew: 11788811K->50931K(13212096K), 0.4551116 secs] 84967741K->73234441K(187275712K), 0.4555211 secs] [Times: user=3.50 sys=0.11, real=0.45 secs] 
2018-04-15T22:12:53.153+0800: 247732.149: [GC (Allocation Failure) 2018-04-15T22:12:53.153+0800: 247732.149: [ParNew: 11795059K->82969K(13212096K), 0.5891859 secs] 84978569K->73270746K(187275712K), 0.5895830 secs] [Times: user=3.90 sys=0.78, real=0.59 secs] 
2018-04-15T22:13:09.052+0800: 247748.048: [GC (Allocation Failure) 2018-04-15T22:13:09.053+0800: 247748.049: [ParNew: 11827097K->106402K(13212096K), 0.5374417 secs] 85014874K->73295953K(187275712K), 0.5378557 secs] [Times: user=3.80 sys=0.46, real=0.53 secs] 
2018-04-15T22:13:24.241+0800: 247763.237: [GC (Allocation Failure) 2018-04-15T22:13:24.241+0800: 247763.237: [ParNew: 11850530K->108792K(13212096K), 0.4925765 secs] 85040081K->73298986K(187275712K), 0.4930079 secs] [Times: user=3.57 sys=0.32, real=0.50 secs] 
2018-04-15T22:13:35.747+0800: 247774.743: [GC (Allocation Failure) 2018-04-15T22:13:35.747+0800: 247774.743: [ParNew: 11852920K->100947K(13212096K), 0.4513841 secs] 85043114K->73295074K(187275712K), 0.4517888 secs] [Times: user=3.37 sys=0.21, real=0.45 secs] 
2018-04-15T22:13:48.180+0800: 247787.176: [GC (Allocation Failure) 2018-04-15T22:13:48.180+0800: 247787.176: [ParNew: 11845075K->72141K(13212096K), 0.4293135 secs] 85039202K->73267854K(187275712K), 0.4297238 secs] [Times: user=3.30 sys=0.12, real=0.43 secs] 
2018-04-15T22:13:55.992+0800: 247794.988: [GC (Allocation Failure) 2018-04-15T22:13:55.992+0800: 247794.988: [ParNew: 11816269K->76326K(13212096K), 0.3954506 secs] 85011982K->73274766K(187275712K), 0.3958577 secs] [Times: user=2.31 sys=0.83, real=0.39 secs] 
2018-04-15T22:14:07.171+0800: 247806.167: [GC (Allocation Failure) 2018-04-15T22:14:07.171+0800: 247806.167: [ParNew: 11820454K->77452K(13212096K), 0.5852233 secs] 85018894K->73279731K(187275712K), 0.5856715 secs] [Times: user=3.30 sys=1.33, real=0.59 secs] 
2018-04-15T22:14:36.661+0800: 247835.657: [GC (Allocation Failure) 2018-04-15T22:14:36.661+0800: 247835.657: [ParNew: 11821580K->68625K(13212096K), 0.5910646 secs] 85023859K->73275786K(187275712K), 0.5914723 secs] [Times: user=3.92 sys=0.76, real=0.60 secs] 
2018-04-15T22:15:17.255+0800: 247876.251: [GC (Allocation Failure) 2018-04-15T22:15:17.255+0800: 247876.251: [ParNew: 11812753K->118473K(13212096K), 0.5516726 secs] 85019914K->73327234K(187275712K), 0.5520719 secs] [Times: user=3.81 sys=0.58, real=0.55 secs] 
2018-04-15T22:15:46.054+0800: 247905.050: [GC (Allocation Failure) 2018-04-15T22:15:46.055+0800: 247905.051: [ParNew: 11862601K->117462K(13212096K), 0.5970832 secs] 85071362K->73326734K(187275712K), 0.5975032 secs] [Times: user=2.99 sys=1.73, real=0.60 secs] 
2018-04-15T22:16:04.222+0800: 247923.218: [GC (Allocation Failure) 2018-04-15T22:16:04.222+0800: 247923.218: [ParNew: 11861590K->130651K(13212096K), 0.5843503 secs] 85070862K->73340579K(187275712K), 0.5847643 secs] [Times: user=3.92 sys=0.72, real=0.58 secs] 
2018-04-15T22:16:25.334+0800: 247944.330: [GC (Allocation Failure) 2018-04-15T22:16:25.334+0800: 247944.330: [ParNew: 11874779K->143084K(13212096K), 0.4835643 secs] 85084707K->73353520K(187275712K), 0.4840337 secs] [Times: user=2.53 sys=1.31, real=0.48 secs] 
2018-04-15T22:16:52.066+0800: 247971.062: [GC (Allocation Failure) 2018-04-15T22:16:52.067+0800: 247971.063: [ParNew: 11887212K->125961K(13212096K), 0.6029543 secs] 85097648K->73337568K(187275712K), 0.6033636 secs] [Times: user=3.22 sys=1.55, real=0.60 secs] 
2018-04-15T22:18:38.335+0800: 248077.331: [GC (Allocation Failure) 2018-04-15T22:18:38.335+0800: 248077.331: [ParNew: 11870089K->83652K(13212096K), 0.8112712 secs] 85081696K->73298014K(187275712K), 0.8116930 secs] [Times: user=4.09 sys=2.32, real=0.81 secs] 
2018-04-15T22:21:06.002+0800: 248224.998: [GC (Allocation Failure) 2018-04-15T22:21:06.002+0800: 248224.999: [ParNew: 11827780K->82406K(13212096K), 0.6211355 secs] 85042142K->73299293K(187275712K), 0.6215474 secs] [Times: user=4.72 sys=0.17, real=0.62 secs] 
2018-04-15T22:23:24.724+0800: 248363.720: [GC (Allocation Failure) 2018-04-15T22:23:24.724+0800: 248363.720: [ParNew: 11826534K->143078K(13212096K), 0.9340336 secs] 85043421K->73360964K(187275712K), 0.9344807 secs] [Times: user=6.10 sys=1.30, real=0.93 secs] 
2018-04-15T22:24:05.718+0800: 248404.714: [GC (Allocation Failure) 2018-04-15T22:24:05.719+0800: 248404.715: [ParNew: 11887206K->188352K(13212096K), 0.5177875 secs] 85105092K->73410102K(187275712K), 0.5182026 secs] [Times: user=3.53 sys=0.57, real=0.52 secs] 
2018-04-15T22:25:26.211+0800: 248485.207: [GC (Allocation Failure) 2018-04-15T22:25:26.211+0800: 248485.207: [ParNew: 11932480K->138641K(13212096K), 0.7168271 secs] 85154230K->73362312K(187275712K), 0.7172543 secs] [Times: user=3.77 sys=1.90, real=0.72 secs] 
2018-04-15T22:28:32.334+0800: 248671.330: [GC (Allocation Failure) 2018-04-15T22:28:32.334+0800: 248671.330: [ParNew: 11882769K->120892K(13212096K), 1.0287531 secs] 85106440K->73345116K(187275712K), 1.0291638 secs] [Times: user=5.95 sys=2.19, real=1.03 secs] 
2018-04-15T22:29:59.703+0800: 248758.700: [GC (Allocation Failure) 2018-04-15T22:29:59.704+0800: 248758.700: [ParNew: 11865020K->169076K(13212096K), 0.8883221 secs] 85089244K->73401388K(187275712K), 0.8887531 secs] [Times: user=4.80 sys=2.20, real=0.89 secs] 
2018-04-15T22:30:28.665+0800: 248787.661: [GC (Allocation Failure) 2018-04-15T22:30:28.665+0800: 248787.661: [ParNew: 11913204K->167480K(13212096K), 0.5418997 secs] 85145516K->73405197K(187275712K), 0.5423217 secs] [Times: user=3.70 sys=0.60, real=0.54 secs] 
2018-04-15T22:30:50.853+0800: 248809.849: [GC (Allocation Failure) 2018-04-15T22:30:50.853+0800: 248809.849: [ParNew: 11911608K->155566K(13212096K), 0.6103832 secs] 85149325K->73402185K(187275712K), 0.6108353 secs] [Times: user=3.38 sys=1.41, real=0.61 secs] 
2018-04-15T22:31:16.598+0800: 248835.594: [GC (Allocation Failure) 2018-04-15T22:31:16.599+0800: 248835.595: [ParNew: 11899694K->93414K(13212096K), 0.4972776 secs] 85146313K->73350510K(187275712K), 0.4977089 secs] [Times: user=3.38 sys=0.57, real=0.50 secs] 
2018-04-15T22:31:34.946+0800: 248853.942: [GC (Allocation Failure) 2018-04-15T22:31:34.946+0800: 248853.942: [ParNew: 11837542K->101267K(13212096K), 0.4577138 secs] 85094638K->73373684K(187275712K), 0.4581280 secs] [Times: user=3.40 sys=0.20, real=0.46 secs] 
2018-04-15T22:32:17.430+0800: 248896.426: [GC (Allocation Failure) 2018-04-15T22:32:17.430+0800: 248896.426: [ParNew: 11845395K->89865K(13212096K), 0.6585565 secs] 85117812K->73374138K(187275712K), 0.6589351 secs] [Times: user=3.56 sys=1.60, real=0.66 secs] 
2018-04-15T22:34:46.107+0800: 249045.103: [GC (Allocation Failure) 2018-04-15T22:34:46.108+0800: 249045.104: [ParNew: 11833993K->101704K(13212096K), 0.9692009 secs] 85118266K->73392002K(187275712K), 0.9696319 secs] [Times: user=5.53 sys=2.04, real=0.97 secs] 
2018-04-15T22:36:01.028+0800: 249120.024: [GC (Allocation Failure) 2018-04-15T22:36:01.028+0800: 249120.024: [ParNew: 11845832K->114076K(13212096K), 0.6054073 secs] 85136130K->73406631K(187275712K), 0.6058226 secs] [Times: user=4.74 sys=0.07, real=0.61 secs] 
2018-04-15T22:36:52.432+0800: 249171.428: [GC (Allocation Failure) 2018-04-15T22:36:52.432+0800: 249171.428: [ParNew: 11858204K->120764K(13212096K), 0.6734277 secs] 85150759K->73415553K(187275712K), 0.6738579 secs] [Times: user=4.76 sys=0.52, real=0.67 secs] 
2018-04-15T22:37:47.313+0800: 249226.309: [GC (Allocation Failure) 2018-04-15T22:37:47.314+0800: 249226.310: [ParNew: 11864892K->112042K(13212096K), 0.7597251 secs] 85159681K->73408817K(187275712K), 0.7601424 secs] [Times: user=5.15 sys=0.87, real=0.76 secs] 
2018-04-15T22:38:26.975+0800: 249265.971: [GC (Allocation Failure) 2018-04-15T22:38:26.975+0800: 249265.971: [ParNew: 11856170K->98441K(13212096K), 0.6367753 secs] 85152945K->73398115K(187275712K), 0.6372026 secs] [Times: user=3.42 sys=1.63, real=0.64 secs] 
2018-04-15T22:38:47.551+0800: 249286.547: [GC (Allocation Failure) 2018-04-15T22:38:47.551+0800: 249286.547: [ParNew: 11842569K->113401K(13212096K), 0.5295893 secs] 85142243K->73418868K(187275712K), 0.5300165 secs] [Times: user=3.63 sys=0.57, real=0.53 secs] 
2018-04-15T22:39:01.656+0800: 249300.652: [GC (Allocation Failure) 2018-04-15T22:39:01.656+0800: 249300.652: [ParNew: 11857529K->112736K(13212096K), 0.4775445 secs] 85162996K->73431380K(187275712K), 0.4779663 secs] [Times: user=2.65 sys=1.13, real=0.48 secs] 
2018-04-15T22:39:23.020+0800: 249322.016: [GC (Allocation Failure) 2018-04-15T22:39:23.020+0800: 249322.016: [ParNew: 11856864K->134294K(13212096K), 0.6869979 secs] 85175508K->73465791K(187275712K), 0.6874381 secs] [Times: user=3.76 sys=1.65, real=0.69 secs] 
2018-04-15T22:39:41.289+0800: 249340.285: [GC (Allocation Failure) 2018-04-15T22:39:41.289+0800: 249340.285: [ParNew: 11878422K->121926K(13212096K), 0.5178940 secs] 85209919K->73459444K(187275712K), 0.5183086 secs] [Times: user=3.66 sys=0.45, real=0.52 secs] 
2018-04-15T22:40:15.450+0800: 249374.446: [GC (Allocation Failure) 2018-04-15T22:40:15.451+0800: 249374.447: [ParNew: 11866054K->95675K(13212096K), 0.5713833 secs] 85203572K->73439447K(187275712K), 0.5717946 secs] [Times: user=3.76 sys=0.78, real=0.58 secs] 
2018-04-15T22:41:13.754+0800: 249432.750: [GC (Allocation Failure) 2018-04-15T22:41:13.754+0800: 249432.750: [ParNew: 11839803K->73313K(13212096K), 0.7488279 secs] 85183575K->73418190K(187275712K), 0.7492583 secs] [Times: user=3.85 sys=2.08, real=0.75 secs] 
2018-04-15T22:42:09.393+0800: 249488.389: [GC (Allocation Failure) 2018-04-15T22:42:09.393+0800: 249488.389: [ParNew: 11817441K->77378K(13212096K), 0.6667953 secs] 85162318K->73423770K(187275712K), 0.6672138 secs] [Times: user=4.93 sys=0.37, real=0.66 secs] 
2018-04-15T22:43:02.186+0800: 249541.182: [GC (Allocation Failure) 2018-04-15T22:43:02.186+0800: 249541.182: [ParNew: 11821506K->86010K(13212096K), 0.6679668 secs] 85167898K->73435203K(187275712K), 0.6684039 secs] [Times: user=4.09 sys=1.15, real=0.67 secs] 
2018-04-15T22:43:14.553+0800: 249553.549: [GC (Allocation Failure) 2018-04-15T22:43:14.553+0800: 249553.549: [ParNew: 11830138K->97924K(13212096K), 0.6203262 secs] 85179331K->73451982K(187275712K), 0.6207440 secs] [Times: user=4.05 sys=0.88, real=0.62 secs] 
2018-04-15T22:43:26.142+0800: 249565.138: [GC (Allocation Failure) 2018-04-15T22:43:26.142+0800: 249565.138: [ParNew: 11842052K->119000K(13212096K), 0.4569336 secs] 85196110K->73473899K(187275712K), 0.4573523 secs] [Times: user=2.44 sys=1.20, real=0.45 secs] 
2018-04-15T22:43:39.376+0800: 249578.372: [GC (Allocation Failure) 2018-04-15T22:43:39.376+0800: 249578.372: [ParNew: 11863128K->144123K(13212096K), 0.4909895 secs] 85218027K->73504631K(187275712K), 0.4914214 secs] [Times: user=3.67 sys=0.22, real=0.49 secs] 
2018-04-15T22:43:52.185+0800: 249591.181: [GC (Allocation Failure) 2018-04-15T22:43:52.185+0800: 249591.181: [ParNew: 11888251K->149277K(13212096K), 0.5971006 secs] 85248759K->73521343K(187275712K), 0.5975394 secs] [Times: user=3.47 sys=1.22, real=0.60 secs] 
2018-04-15T22:44:08.818+0800: 249607.815: [GC (Allocation Failure) 2018-04-15T22:44:08.819+0800: 249607.815: [ParNew: 11893405K->69387K(13212096K), 0.4686522 secs] 85265471K->73445362K(187275712K), 0.4690741 secs] [Times: user=3.52 sys=0.21, real=0.47 secs] 
2018-04-15T22:45:34.193+0800: 249693.189: [GC (Allocation Failure) 2018-04-15T22:45:34.193+0800: 249693.189: [ParNew: 11813515K->58306K(13212096K), 0.8240445 secs] 85189490K->73438967K(187275712K), 0.8244619 secs] [Times: user=5.71 sys=0.82, real=0.82 secs] 
2018-04-15T22:45:55.257+0800: 249714.253: [GC (Allocation Failure) 2018-04-15T22:45:55.257+0800: 249714.253: [ParNew: 11802434K->71064K(13212096K), 0.6026730 secs] 85183095K->73452280K(187275712K), 0.6031128 secs] [Times: user=2.96 sys=1.81, real=0.60 secs] 
2018-04-15T22:46:23.540+0800: 249742.536: [GC (Allocation Failure) 2018-04-15T22:46:23.540+0800: 249742.536: [ParNew: 11815192K->65077K(13212096K), 0.6197221 secs] 85196408K->73446494K(187275712K), 0.6201459 secs] [Times: user=3.75 sys=1.18, real=0.62 secs] 
2018-04-15T22:47:13.133+0800: 249792.129: [GC (Allocation Failure) 2018-04-15T22:47:13.134+0800: 249792.130: [ParNew: 11809205K->71038K(13212096K), 0.7679895 secs] 85190622K->73454671K(187275712K), 0.7684175 secs] [Times: user=3.66 sys=2.41, real=0.77 secs] 
2018-04-15T22:47:43.620+0800: 249822.616: [GC (Allocation Failure) 2018-04-15T22:47:43.621+0800: 249822.617: [ParNew: 11814663K->65842K(13212096K), 0.5602244 secs] 85198297K->73450976K(187275712K), 0.5606525 secs] [Times: user=3.72 sys=0.74, real=0.56 secs] 
2018-04-15T22:48:21.458+0800: 249860.454: [GC (Allocation Failure) 2018-04-15T22:48:21.458+0800: 249860.454: [ParNew: 11809970K->79125K(13212096K), 0.5934267 secs] 85195104K->73464971K(187275712K), 0.5937869 secs] [Times: user=3.97 sys=0.75, real=0.60 secs] 
2018-04-15T22:49:01.662+0800: 249900.658: [GC (Allocation Failure) 2018-04-15T22:49:01.662+0800: 249900.658: [ParNew: 11823253K->74164K(13212096K), 0.5529611 secs] 85209099K->73465968K(187275712K), 0.5534038 secs] [Times: user=3.30 sys=1.06, real=0.55 secs] 
2018-04-15T22:49:19.007+0800: 249918.003: [GC (Allocation Failure) 2018-04-15T22:49:19.007+0800: 249918.003: [ParNew: 11818292K->67363K(13212096K), 0.5344311 secs] 85210096K->73464462K(187275712K), 0.5348605 secs] [Times: user=3.66 sys=0.59, real=0.54 secs] 
2018-04-15T22:49:37.050+0800: 249936.046: [GC (Allocation Failure) 2018-04-15T22:49:37.050+0800: 249936.046: [ParNew: 11811491K->60562K(13212096K), 0.4578089 secs] 85208590K->73458711K(187275712K), 0.4582280 secs] [Times: user=3.41 sys=0.23, real=0.46 secs] 
2018-04-15T22:49:58.187+0800: 249957.183: [GC (Allocation Failure) 2018-04-15T22:49:58.188+0800: 249957.184: [ParNew: 11804690K->68075K(13212096K), 0.5889831 secs] 85202839K->73470915K(187275712K), 0.5894163 secs] [Times: user=3.48 sys=1.18, real=0.59 secs] 
2018-04-15T22:50:10.312+0800: 249969.308: [GC (Allocation Failure) 2018-04-15T22:50:10.312+0800: 249969.308: [ParNew: 11812203K->85922K(13212096K), 0.5044131 secs] 85215043K->73490000K(187275712K), 0.5048341 secs] [Times: user=3.64 sys=0.37, real=0.50 secs] 
2018-04-15T22:50:25.390+0800: 249984.386: [GC (Allocation Failure) 2018-04-15T22:50:25.390+0800: 249984.386: [ParNew: 11830050K->97616K(13212096K), 0.5465518 secs] 85234128K->73504994K(187275712K), 0.5469744 secs] [Times: user=3.79 sys=0.56, real=0.55 secs] 
2018-04-15T22:50:42.859+0800: 250001.855: [GC (Allocation Failure) 2018-04-15T22:50:42.859+0800: 250001.855: [ParNew: 11841744K->76916K(13212096K), 0.4966740 secs] 85249122K->73486943K(187275712K), 0.4970982 secs] [Times: user=3.60 sys=0.35, real=0.50 secs] 
2018-04-15T22:50:56.797+0800: 250015.793: [GC (Allocation Failure) 2018-04-15T22:50:56.797+0800: 250015.793: [ParNew: 11821044K->59613K(13212096K), 0.5797234 secs] 85231071K->73470504K(187275712K), 0.5801617 secs] [Times: user=3.17 sys=1.42, real=0.58 secs] 
2018-04-15T22:51:10.732+0800: 250029.728: [GC (Allocation Failure) 2018-04-15T22:51:10.732+0800: 250029.728: [ParNew: 11803741K->74033K(13212096K), 0.5036385 secs] 85214632K->73486481K(187275712K), 0.5040623 secs] [Times: user=3.72 sys=0.29, real=0.50 secs] 
2018-04-15T22:51:24.435+0800: 250043.431: [GC (Allocation Failure) 2018-04-15T22:51:24.435+0800: 250043.431: [ParNew: 11818161K->110140K(13212096K), 0.5392037 secs] 85230609K->73527348K(187275712K), 0.5396365 secs] [Times: user=3.84 sys=0.45, real=0.54 secs] 
2018-04-15T22:51:41.786+0800: 250060.782: [GC (Allocation Failure) 2018-04-15T22:51:41.787+0800: 250060.783: [ParNew: 11854268K->111906K(13212096K), 0.5288908 secs] 85271476K->73530538K(187275712K), 0.5293151 secs] [Times: user=3.76 sys=0.44, real=0.53 secs] 
2018-04-15T22:51:50.143+0800: 250069.139: [GC (Allocation Failure) 2018-04-15T22:51:50.143+0800: 250069.139: [ParNew: 11856034K->85508K(13212096K), 0.6044482 secs] 85274666K->73505337K(187275712K), 0.6048791 secs] [Times: user=2.99 sys=1.79, real=0.60 secs] 
2018-04-15T22:52:02.355+0800: 250081.351: [GC (Allocation Failure) 2018-04-15T22:52:02.355+0800: 250081.351: [ParNew: 11829636K->89685K(13212096K), 0.4483161 secs] 85249465K->73510577K(187275712K), 0.4487275 secs] [Times: user=3.57 sys=0.00, real=0.45 secs] 
2018-04-15T22:52:33.357+0800: 250112.353: [GC (Allocation Failure) 2018-04-15T22:52:33.357+0800: 250112.353: [ParNew: 11833813K->84707K(13212096K), 0.6940801 secs] 85254705K->73507622K(187275712K), 0.6944999 secs] [Times: user=4.13 sys=1.40, real=0.70 secs] 
2018-04-15T22:52:47.365+0800: 250126.361: [GC (Allocation Failure) 2018-04-15T22:52:47.365+0800: 250126.361: [ParNew: 11828835K->72499K(13212096K), 0.5356742 secs] 85251750K->73499399K(187275712K), 0.5360976 secs] [Times: user=3.88 sys=0.38, real=0.54 secs] 
2018-04-15T22:52:58.520+0800: 250137.516: [GC (Allocation Failure) 2018-04-15T22:52:58.520+0800: 250137.516: [ParNew: 11816627K->66873K(13212096K), 0.6218642 secs] 85243527K->73498449K(187275712K), 0.6222999 secs] [Times: user=3.30 sys=1.61, real=0.63 secs] 
2018-04-15T22:53:06.551+0800: 250145.547: [GC (Allocation Failure) 2018-04-15T22:53:06.551+0800: 250145.547: [ParNew: 11811001K->55335K(13212096K), 0.3927944 secs] 85242577K->73499784K(187275712K), 0.3931885 secs] [Times: user=3.11 sys=0.00, real=0.39 secs] 
2018-04-15T22:53:20.880+0800: 250159.876: [GC (Allocation Failure) 2018-04-15T22:53:20.881+0800: 250159.877: [ParNew: 11799463K->56806K(13212096K), 0.4941335 secs] 85243912K->73504840K(187275712K), 0.4945315 secs] [Times: user=3.67 sys=0.25, real=0.50 secs] 
2018-04-15T22:54:37.336+0800: 250236.332: [GC (Allocation Failure) 2018-04-15T22:54:37.336+0800: 250236.332: [ParNew: 11800934K->97274K(13212096K), 0.8856919 secs] 85248968K->73547755K(187275712K), 0.8861254 secs] [Times: user=4.74 sys=2.27, real=0.89 secs] 
2018-04-15T22:55:01.290+0800: 250260.286: [GC (Allocation Failure) 2018-04-15T22:55:01.291+0800: 250260.287: [ParNew: 11841402K->101240K(13212096K), 0.5664164 secs] 85291883K->73556074K(187275712K), 0.5668347 secs] [Times: user=4.06 sys=0.43, real=0.57 secs] 
2018-04-15T22:55:12.136+0800: 250271.132: [GC (Allocation Failure) 2018-04-15T22:55:12.136+0800: 250271.132: [ParNew: 11845368K->123598K(13212096K), 0.4839971 secs] 85300202K->73579650K(187275712K), 0.4844238 secs] [Times: user=3.74 sys=0.10, real=0.48 secs] 
2018-04-15T22:55:27.767+0800: 250286.763: [GC (Allocation Failure) 2018-04-15T22:55:27.767+0800: 250286.764: [ParNew: 11867726K->127804K(13212096K), 0.4779612 secs] 85323778K->73584308K(187275712K), 0.4783701 secs] [Times: user=3.60 sys=0.20, real=0.48 secs] 
2018-04-15T22:56:12.118+0800: 250331.114: [GC (Allocation Failure) 2018-04-15T22:56:12.118+0800: 250331.114: [ParNew: 11871932K->97829K(13212096K), 0.6614715 secs] 85328436K->73554545K(187275712K), 0.6619050 secs] [Times: user=3.67 sys=1.57, real=0.66 secs] 
2018-04-15T22:56:28.065+0800: 250347.061: [GC (Allocation Failure) 2018-04-15T22:56:28.065+0800: 250347.061: [ParNew: 11841957K->74009K(13212096K), 0.4564549 secs] 85298673K->73532954K(187275712K), 0.4568787 secs] [Times: user=3.35 sys=0.27, real=0.46 secs] 
2018-04-15T22:58:20.949+0800: 250459.945: [GC (Allocation Failure) 2018-04-15T22:58:20.949+0800: 250459.945: [ParNew: 11818137K->60023K(13212096K), 0.9444136 secs] 85277082K->73527345K(187275712K), 0.9447691 secs] [Times: user=5.15 sys=2.30, real=0.95 secs] 
2018-04-15T23:01:26.562+0800: 250645.558: [GC (Allocation Failure) 2018-04-15T23:01:26.563+0800: 250645.559: [ParNew: 11804151K->62889K(13212096K), 0.9622716 secs] 85271473K->73532040K(187275712K), 0.9626987 secs] [Times: user=5.17 sys=2.47, real=0.96 secs] 
2018-04-15T23:01:53.160+0800: 250672.156: [GC (Allocation Failure) 2018-04-15T23:01:53.160+0800: 250672.156: [ParNew: 11807017K->75836K(13212096K), 0.5720813 secs] 85276168K->73546007K(187275712K), 0.5725375 secs] [Times: user=3.14 sys=1.39, real=0.58 secs] 
2018-04-15T23:02:10.055+0800: 250689.051: [GC (Allocation Failure) 2018-04-15T23:02:10.055+0800: 250689.051: [ParNew: 11819964K->97087K(13212096K), 0.6148350 secs] 85290135K->73568569K(187275712K), 0.6152704 secs] [Times: user=4.10 sys=0.81, real=0.61 secs] 
2018-04-15T23:02:28.753+0800: 250707.749: [GC (Allocation Failure) 2018-04-15T23:02:28.753+0800: 250707.749: [ParNew: 11841215K->81921K(13212096K), 0.4623991 secs] 85312697K->73555007K(187275712K), 0.4628243 secs] [Times: user=3.42 sys=0.26, real=0.46 secs] 
2018-04-15T23:02:51.665+0800: 250730.661: [GC (Allocation Failure) 2018-04-15T23:02:51.665+0800: 250730.661: [ParNew: 11826049K->65671K(13212096K), 0.4240746 secs] 85299135K->73539699K(187275712K), 0.4244903 secs] [Times: user=2.35 sys=1.03, real=0.42 secs] 
2018-04-15T23:03:05.627+0800: 250744.623: [GC (Allocation Failure) 2018-04-15T23:03:05.628+0800: 250744.624: [ParNew: 11809799K->68281K(13212096K), 0.5699472 secs] 85283827K->73550557K(187275712K), 0.5703735 secs] [Times: user=3.09 sys=1.40, real=0.57 secs] 
2018-04-15T23:05:04.683+0800: 250863.679: [GC (Allocation Failure) 2018-04-15T23:05:04.683+0800: 250863.679: [ParNew: 11812409K->78520K(13212096K), 0.7733240 secs] 85294685K->73568711K(187275712K), 0.7737679 secs] [Times: user=4.24 sys=1.90, real=0.77 secs] 
2018-04-15T23:06:27.960+0800: 250946.956: [GC (Allocation Failure) 2018-04-15T23:06:27.960+0800: 250946.956: [ParNew: 11822648K->80891K(13212096K), 0.8989079 secs] 85312839K->73573752K(187275712K), 0.8993482 secs] [Times: user=5.39 sys=1.74, real=0.90 secs] 
2018-04-15T23:08:09.375+0800: 251048.371: [GC (Allocation Failure) 2018-04-15T23:08:09.375+0800: 251048.371: [ParNew: 11825019K->95654K(13212096K), 0.7377772 secs] 85317880K->73589154K(187275712K), 0.7381973 secs] [Times: user=3.82 sys=2.02, real=0.74 secs] 
2018-04-15T23:10:59.654+0800: 251218.651: [GC (Allocation Failure) 2018-04-15T23:10:59.655+0800: 251218.651: [ParNew: 11839782K->94518K(13212096K), 0.7840349 secs] 85333282K->73588834K(187275712K), 0.7844583 secs] [Times: user=5.42 sys=0.73, real=0.78 secs] 
2018-04-15T23:13:20.014+0800: 251359.010: [GC (Allocation Failure) 2018-04-15T23:13:20.014+0800: 251359.010: [ParNew: 11838646K->110754K(13212096K), 0.7883139 secs] 85332962K->73605310K(187275712K), 0.7887488 secs] [Times: user=5.18 sys=0.89, real=0.79 secs] 
2018-04-15T23:14:34.807+0800: 251433.803: [GC (Allocation Failure) 2018-04-15T23:14:34.808+0800: 251433.804: [ParNew: 11854882K->122146K(13212096K), 0.6458883 secs] 85349438K->73617303K(187275712K), 0.6463215 secs] [Times: user=3.64 sys=1.50, real=0.65 secs] 
2018-04-15T23:15:16.550+0800: 251475.546: [GC (Allocation Failure) 2018-04-15T23:15:16.550+0800: 251475.546: [ParNew: 11866274K->141180K(13212096K), 0.6660931 secs] 85361431K->73641908K(187275712K), 0.6665329 secs] [Times: user=4.57 sys=0.70, real=0.67 secs] 
2018-04-15T23:16:45.011+0800: 251564.007: [GC (Allocation Failure) 2018-04-15T23:16:45.011+0800: 251564.007: [ParNew: 11885308K->124088K(13212096K), 0.8594243 secs] 85386036K->73630740K(187275712K), 0.8598630 secs] [Times: user=5.21 sys=1.56, real=0.86 secs] 
2018-04-15T23:17:06.495+0800: 251585.491: [GC (Allocation Failure) 2018-04-15T23:17:06.495+0800: 251585.491: [ParNew: 11868216K->81668K(13212096K), 0.5335669 secs] 85374868K->73595901K(187275712K), 0.5339842 secs] [Times: user=3.59 sys=0.64, real=0.53 secs] 
2018-04-15T23:17:27.005+0800: 251606.001: [GC (Allocation Failure) 2018-04-15T23:17:27.005+0800: 251606.001: [ParNew: 11825796K->94916K(13212096K), 0.4705848 secs] 85340029K->73617675K(187275712K), 0.4710140 secs] [Times: user=3.39 sys=0.34, real=0.47 secs] 
2018-04-15T23:17:41.084+0800: 251620.081: [GC (Allocation Failure) 2018-04-15T23:17:41.085+0800: 251620.081: [ParNew: 11839044K->71797K(13212096K), 0.5506289 secs] 85361803K->73605705K(187275712K), 0.5510437 secs] [Times: user=2.85 sys=1.50, real=0.55 secs] 
2018-04-15T23:17:54.991+0800: 251633.987: [GC (Allocation Failure) 2018-04-15T23:17:54.991+0800: 251633.987: [ParNew: 11815925K->68976K(13212096K), 0.4588051 secs] 85349833K->73606088K(187275712K), 0.4592385 secs] [Times: user=2.58 sys=1.07, real=0.46 secs] 
2018-04-15T23:18:09.537+0800: 251648.533: [GC (Allocation Failure) 2018-04-15T23:18:09.537+0800: 251648.533: [ParNew: 11813104K->56308K(13212096K), 0.5173559 secs] 85350216K->73604234K(187275712K), 0.5177683 secs] [Times: user=3.54 sys=0.55, real=0.52 secs] 
2018-04-15T23:19:15.930+0800: 251714.926: [GC (Allocation Failure) 2018-04-15T23:19:15.931+0800: 251714.927: [ParNew: 11800436K->50771K(13212096K), 0.7348894 secs] 85348362K->73610682K(187275712K), 0.7353306 secs] [Times: user=4.42 sys=1.37, real=0.74 secs] 
2018-04-15T23:20:21.289+0800: 251780.285: [GC (Allocation Failure) 2018-04-15T23:20:21.290+0800: 251780.286: [ParNew: 11794899K->79878K(13212096K), 0.7974546 secs] 85354810K->73640423K(187275712K), 0.7978698 secs] [Times: user=4.48 sys=1.86, real=0.80 secs] 
2018-04-15T23:20:37.646+0800: 251796.642: [GC (Allocation Failure) 2018-04-15T23:20:37.646+0800: 251796.642: [ParNew: 11824006K->113498K(13212096K), 0.5329655 secs] 85384551K->73674663K(187275712K), 0.5333753 secs] [Times: user=3.82 sys=0.42, real=0.53 secs] 
2018-04-15T23:21:00.752+0800: 251819.748: [GC (Allocation Failure) 2018-04-15T23:21:00.752+0800: 251819.748: [ParNew: 11857626K->92116K(13212096K), 0.5668366 secs] 85418791K->73654152K(187275712K), 0.5672737 secs] [Times: user=3.09 sys=1.39, real=0.56 secs] 
2018-04-15T23:21:19.281+0800: 251838.277: [GC (Allocation Failure) 2018-04-15T23:21:19.281+0800: 251838.277: [ParNew: 11836244K->73410K(13212096K), 0.5094211 secs] 85398280K->73636324K(187275712K), 0.5098415 secs] [Times: user=3.65 sys=0.41, real=0.51 secs] 
2018-04-15T23:21:38.582+0800: 251857.578: [GC (Allocation Failure) 2018-04-15T23:21:38.582+0800: 251857.578: [ParNew: 11817538K->59837K(13212096K), 0.4933462 secs] 85380452K->73623206K(187275712K), 0.4937876 secs] [Times: user=3.44 sys=0.48, real=0.49 secs] 
2018-04-15T23:22:45.788+0800: 251924.784: [GC (Allocation Failure) 2018-04-15T23:22:45.788+0800: 251924.784: [ParNew: 11803965K->38958K(13212096K), 0.5974015 secs] 85367334K->73604316K(187275712K), 0.5978317 secs] [Times: user=3.39 sys=1.31, real=0.60 secs] 
2018-04-15T23:23:17.258+0800: 251956.254: [GC (Allocation Failure) 2018-04-15T23:23:17.258+0800: 251956.254: [ParNew: 11783086K->63488K(13212096K), 0.5657512 secs] 85348444K->73631910K(187275712K), 0.5661067 secs] [Times: user=3.60 sys=0.89, real=0.57 secs] 
2018-04-15T23:24:30.886+0800: 252029.882: [GC (Allocation Failure) 2018-04-15T23:24:30.887+0800: 252029.883: [ParNew: 11807616K->61995K(13212096K), 0.6855024 secs] 85376038K->73630739K(187275712K), 0.6859668 secs] [Times: user=3.43 sys=2.00, real=0.69 secs] 
2018-04-15T23:24:52.294+0800: 252051.291: [GC (Allocation Failure) 2018-04-15T23:24:52.295+0800: 252051.291: [ParNew: 11806123K->81786K(13212096K), 0.4759173 secs] 85374867K->73651029K(187275712K), 0.4763301 secs] [Times: user=3.49 sys=0.30, real=0.47 secs] 
2018-04-15T23:25:13.307+0800: 252072.303: [GC (Allocation Failure) 2018-04-15T23:25:13.308+0800: 252072.304: [ParNew: 11825914K->89506K(13212096K), 0.5169052 secs] 85395157K->73659419K(187275712K), 0.5172557 secs] [Times: user=3.69 sys=0.43, real=0.52 secs] 
2018-04-15T23:26:23.998+0800: 252142.994: [GC (Allocation Failure) 2018-04-15T23:26:23.998+0800: 252142.994: [ParNew: 11833634K->59645K(13212096K), 0.9154869 secs] 85403547K->73631072K(187275712K), 0.9159088 secs] [Times: user=5.37 sys=1.90, real=0.92 secs] 
2018-04-15T23:26:47.414+0800: 252166.410: [GC (Allocation Failure) 2018-04-15T23:26:47.414+0800: 252166.410: [ParNew: 11803773K->49261K(13212096K), 0.5141592 secs] 85375200K->73624476K(187275712K), 0.5145801 secs] [Times: user=3.56 sys=0.52, real=0.51 secs] 
2018-04-15T23:27:12.960+0800: 252191.956: [GC (Allocation Failure) 2018-04-15T23:27:12.961+0800: 252191.957: [ParNew: 11793389K->53936K(13212096K), 0.6260642 secs] 85368604K->73636150K(187275712K), 0.6264884 secs] [Times: user=3.15 sys=1.79, real=0.63 secs] 
2018-04-15T23:27:45.410+0800: 252224.406: [GC (Allocation Failure) 2018-04-15T23:27:45.410+0800: 252224.406: [ParNew: 11798064K->51606K(13212096K), 0.4974601 secs] 85380278K->73638428K(187275712K), 0.4978734 secs] [Times: user=3.67 sys=0.29, real=0.50 secs] 
2018-04-15T23:28:00.490+0800: 252239.486: [GC (Allocation Failure) 2018-04-15T23:28:00.490+0800: 252239.486: [ParNew: 11795734K->44896K(13212096K), 0.4112009 secs] 85382556K->73633085K(187275712K), 0.4116161 secs] [Times: user=3.10 sys=0.17, real=0.42 secs] 
2018-04-15T23:28:17.329+0800: 252256.325: [GC (Allocation Failure) 2018-04-15T23:28:17.330+0800: 252256.326: [ParNew: 11789024K->49697K(13212096K), 0.4506541 secs] 85377213K->73638509K(187275712K), 0.4510678 secs] [Times: user=3.35 sys=0.24, real=0.45 secs] 
2018-04-15T23:28:34.330+0800: 252273.326: [GC (Allocation Failure) 2018-04-15T23:28:34.330+0800: 252273.326: [ParNew: 11793825K->44157K(13212096K), 0.6026022 secs] 85382637K->73635382K(187275712K), 0.6030369 secs] [Times: user=3.23 sys=1.53, real=0.61 secs] 
2018-04-15T23:29:07.772+0800: 252306.768: [GC (Allocation Failure) 2018-04-15T23:29:07.773+0800: 252306.769: [ParNew: 11788285K->64802K(13212096K), 0.5169137 secs] 85379510K->73657841K(187275712K), 0.5173370 secs] [Times: user=3.64 sys=0.47, real=0.51 secs] 
2018-04-15T23:29:26.500+0800: 252325.496: [GC (Allocation Failure) 2018-04-15T23:29:26.500+0800: 252325.496: [ParNew: 11808930K->54841K(13212096K), 0.4250497 secs] 85401969K->73654046K(187275712K), 0.4254812 secs] [Times: user=3.11 sys=0.26, real=0.43 secs] 
2018-04-15T23:29:54.552+0800: 252353.548: [GC (Allocation Failure) 2018-04-15T23:29:54.553+0800: 252353.549: [ParNew: 11798969K->46051K(13212096K), 0.6124090 secs] 85398174K->73646464K(187275712K), 0.6128359 secs] [Times: user=3.55 sys=1.30, real=0.61 secs] 
2018-04-15T23:30:13.713+0800: 252372.709: [GC (Allocation Failure) 2018-04-15T23:30:13.713+0800: 252372.709: [ParNew: 11790179K->72344K(13212096K), 0.5641153 secs] 85390592K->73674341K(187275712K), 0.5645385 secs] [Times: user=3.64 sys=0.84, real=0.56 secs] 
2018-04-15T23:30:41.442+0800: 252400.438: [GC (Allocation Failure) 2018-04-15T23:30:41.442+0800: 252400.438: [ParNew: 11816472K->84952K(13212096K), 0.5246336 secs] 85418469K->73687979K(187275712K), 0.5250505 secs] [Times: user=3.81 sys=0.37, real=0.52 secs] 
2018-04-15T23:31:24.101+0800: 252443.097: [GC (Allocation Failure) 2018-04-15T23:31:24.101+0800: 252443.097: [ParNew: 11829080K->84036K(13212096K), 0.6008451 secs] 85432107K->73688483K(187275712K), 0.6012789 secs] [Times: user=3.34 sys=1.40, real=0.61 secs] 
2018-04-15T23:32:11.867+0800: 252490.863: [GC (Allocation Failure) 2018-04-15T23:32:11.867+0800: 252490.864: [ParNew: 11828164K->108726K(13212096K), 0.5182349 secs] 85432611K->73716309K(187275712K), 0.5186583 secs] [Times: user=3.28 sys=0.82, real=0.52 secs] 
2018-04-15T23:32:47.205+0800: 252526.201: [GC (Allocation Failure) 2018-04-15T23:32:47.206+0800: 252526.202: [ParNew: 11852854K->99429K(13212096K), 0.5954283 secs] 85460437K->73708237K(187275712K), 0.5958749 secs] [Times: user=3.22 sys=1.48, real=0.60 secs] 
2018-04-15T23:33:14.075+0800: 252553.071: [GC (Allocation Failure) 2018-04-15T23:33:14.075+0800: 252553.071: [ParNew: 11843557K->85223K(13212096K), 0.4641476 secs] 85452365K->73695935K(187275712K), 0.4645701 secs] [Times: user=3.35 sys=0.34, real=0.46 secs] 
2018-04-15T23:33:35.153+0800: 252574.149: [GC (Allocation Failure) 2018-04-15T23:33:35.154+0800: 252574.150: [ParNew: 11829351K->84215K(13212096K), 0.4673454 secs] 85440063K->73696548K(187275712K), 0.4677696 secs] [Times: user=3.41 sys=0.30, real=0.47 secs] 
2018-04-15T23:33:52.497+0800: 252591.493: [GC (Allocation Failure) 2018-04-15T23:33:52.497+0800: 252591.493: [ParNew: 11828343K->90468K(13212096K), 0.4513796 secs] 85440676K->73705525K(187275712K), 0.4517984 secs] [Times: user=3.11 sys=0.47, real=0.45 secs] 
2018-04-15T23:34:10.842+0800: 252609.839: [GC (Allocation Failure) 2018-04-15T23:34:10.843+0800: 252609.839: [ParNew: 11834596K->78622K(13212096K), 0.4682279 secs] 85449653K->73699208K(187275712K), 0.4686504 secs] [Times: user=3.37 sys=0.35, real=0.47 secs] 
2018-04-15T23:34:28.609+0800: 252627.605: [GC (Allocation Failure) 2018-04-15T23:34:28.610+0800: 252627.606: [ParNew: 11822750K->69906K(13212096K), 0.5069451 secs] 85443336K->73697833K(187275712K), 0.5073654 secs] [Times: user=3.54 sys=0.47, real=0.51 secs] 
2018-04-15T23:34:41.791+0800: 252640.787: [GC (Allocation Failure) 2018-04-15T23:34:41.791+0800: 252640.787: [ParNew: 11814034K->98083K(13212096K), 0.4851651 secs] 85441961K->73727765K(187275712K), 0.4855769 secs] [Times: user=3.54 sys=0.31, real=0.49 secs] 
2018-04-15T23:34:57.502+0800: 252656.498: [GC (Allocation Failure) 2018-04-15T23:34:57.502+0800: 252656.498: [ParNew: 11842211K->135655K(13212096K), 0.5790249 secs] 85471893K->73767712K(187275712K), 0.5794602 secs] [Times: user=3.06 sys=1.53, real=0.58 secs] 
2018-04-15T23:35:14.620+0800: 252673.616: [GC (Allocation Failure) 2018-04-15T23:35:14.620+0800: 252673.616: [ParNew: 11879783K->115696K(13212096K), 0.4267056 secs] 85511840K->73750442K(187275712K), 0.4271204 secs] [Times: user=3.39 sys=0.00, real=0.43 secs] 
2018-04-15T23:35:42.313+0800: 252701.309: [GC (Allocation Failure) 2018-04-15T23:35:42.313+0800: 252701.309: [ParNew: 11859824K->85410K(13212096K), 0.4886170 secs] 85494570K->73721513K(187275712K), 0.4890316 secs] [Times: user=3.40 sys=0.49, real=0.49 secs] 
2018-04-15T23:35:54.044+0800: 252713.040: [GC (Allocation Failure) 2018-04-15T23:35:54.044+0800: 252713.040: [ParNew: 11829538K->112012K(13212096K), 0.4464375 secs] 85465641K->73749868K(187275712K), 0.4468460 secs] [Times: user=3.48 sys=0.07, real=0.44 secs] 
2018-04-15T23:37:15.370+0800: 252794.366: [GC (Allocation Failure) 2018-04-15T23:37:15.370+0800: 252794.366: [ParNew: 11856140K->95166K(13212096K), 0.7379058 secs] 85493996K->73736593K(187275712K), 0.7383311 secs] [Times: user=4.10 sys=1.75, real=0.74 secs] 
2018-04-15T23:39:48.931+0800: 252947.927: [GC (Allocation Failure) 2018-04-15T23:39:48.931+0800: 252947.927: [ParNew: 11839294K->87112K(13212096K), 0.8877475 secs] 85480721K->73732144K(187275712K), 0.8882050 secs] [Times: user=4.40 sys=2.62, real=0.89 secs] 
2018-04-15T23:42:52.129+0800: 253131.125: [GC (Allocation Failure) 2018-04-15T23:42:52.129+0800: 253131.125: [ParNew: 11831240K->89744K(13212096K), 0.8426368 secs] 85476272K->73736472K(187275712K), 0.8430666 secs] [Times: user=5.77 sys=0.93, real=0.85 secs] 
2018-04-15T23:44:16.848+0800: 253215.844: [GC (Allocation Failure) 2018-04-15T23:44:16.848+0800: 253215.844: [ParNew: 11833872K->118544K(13212096K), 0.7744569 secs] 85480600K->73767262K(187275712K), 0.7748948 secs] [Times: user=5.09 sys=1.05, real=0.78 secs] 
2018-04-15T23:44:38.156+0800: 253237.152: [GC (Allocation Failure) 2018-04-15T23:44:38.157+0800: 253237.153: [ParNew: 11862672K->140249K(13212096K), 0.5373269 secs] 85511390K->73791983K(187275712K), 0.5377481 secs] [Times: user=3.65 sys=0.62, real=0.54 secs] 
2018-04-15T23:44:55.150+0800: 253254.146: [GC (Allocation Failure) 2018-04-15T23:44:55.150+0800: 253254.146: [ParNew: 11884377K->106769K(13212096K), 0.4055049 secs] 85536111K->73759596K(187275712K), 0.4059421 secs] [Times: user=3.23 sys=0.00, real=0.41 secs] 
2018-04-15T23:45:13.444+0800: 253272.440: [GC (Allocation Failure) 2018-04-15T23:45:13.444+0800: 253272.440: [ParNew: 11850897K->103860K(13212096K), 0.5607131 secs] 85503724K->73768268K(187275712K), 0.5611445 secs] [Times: user=3.35 sys=1.09, real=0.56 secs] 
2018-04-15T23:45:24.464+0800: 253283.460: [GC (Allocation Failure) 2018-04-15T23:45:24.465+0800: 253283.461: [ParNew: 11847988K->134510K(13212096K), 0.5121545 secs] 85512396K->73812628K(187275712K), 0.5125700 secs] [Times: user=3.78 sys=0.26, real=0.51 secs] 
2018-04-15T23:47:05.592+0800: 253384.588: [GC (Allocation Failure) 2018-04-15T23:47:05.592+0800: 253384.588: [ParNew: 11878638K->95401K(13212096K), 0.7683585 secs] 85556756K->73789073K(187275712K), 0.7687896 secs] [Times: user=3.80 sys=2.24, real=0.76 secs] 
2018-04-15T23:49:48.135+0800: 253547.131: [GC (Allocation Failure) 2018-04-15T23:49:48.135+0800: 253547.131: [ParNew: 11839529K->85048K(13212096K), 1.0455724 secs] 85533201K->73781034K(187275712K), 1.0460014 secs] [Times: user=6.46 sys=1.77, real=1.04 secs] 
2018-04-15T23:51:41.704+0800: 253660.700: [GC (Allocation Failure) 2018-04-15T23:51:41.704+0800: 253660.700: [ParNew: 11829176K->104568K(13212096K), 0.9679206 secs] 85525162K->73800816K(187275712K), 0.9683476 secs] [Times: user=5.31 sys=2.23, real=0.97 secs] 
2018-04-15T23:53:42.434+0800: 253781.430: [GC (Allocation Failure) 2018-04-15T23:53:42.434+0800: 253781.430: [ParNew: 11848696K->103822K(13212096K), 0.8221502 secs] 85544944K->73800393K(187275712K), 0.8226076 secs] [Times: user=4.08 sys=2.36, real=0.82 secs] 
2018-04-15T23:54:14.627+0800: 253813.623: [GC (Allocation Failure) 2018-04-15T23:54:14.628+0800: 253813.624: [ParNew: 11847950K->122725K(13212096K), 0.5421000 secs] 85544521K->73820367K(187275712K), 0.5425227 secs] [Times: user=3.75 sys=0.56, real=0.54 secs] 
2018-04-15T23:55:07.101+0800: 253866.097: [GC (Allocation Failure) 2018-04-15T23:55:07.101+0800: 253866.097: [ParNew: 11866853K->146479K(13212096K), 0.6862032 secs] 85564495K->73849183K(187275712K), 0.6866338 secs] [Times: user=3.54 sys=1.89, real=0.69 secs] 
2018-04-15T23:56:01.215+0800: 253920.211: [GC (Allocation Failure) 2018-04-15T23:56:01.215+0800: 253920.211: [ParNew: 11890607K->134786K(13212096K), 0.6265760 secs] 85593311K->73843804K(187275712K), 0.6270054 secs] [Times: user=4.72 sys=0.26, real=0.63 secs] 
2018-04-15T23:56:30.438+0800: 253949.434: [GC (Allocation Failure) 2018-04-15T23:56:30.438+0800: 253949.434: [ParNew: 11878914K->111863K(13212096K), 0.6348691 secs] 85587932K->73832116K(187275712K), 0.6353031 secs] [Times: user=3.24 sys=1.78, real=0.64 secs] 
2018-04-15T23:57:01.104+0800: 253980.100: [GC (Allocation Failure) 2018-04-15T23:57:01.104+0800: 253980.100: [ParNew: 11855991K->76923K(13212096K), 0.5967968 secs] 85576244K->73807821K(187275712K), 0.5972223 secs] [Times: user=3.53 sys=1.21, real=0.60 secs] 
2018-04-15T23:57:44.138+0800: 254023.134: [GC (Allocation Failure) 2018-04-15T23:57:44.138+0800: 254023.134: [ParNew: 11821051K->71786K(13212096K), 0.5909759 secs] 85551949K->73815124K(187275712K), 0.5913943 secs] [Times: user=3.96 sys=0.73, real=0.59 secs] 
2018-04-15T23:57:54.068+0800: 254033.064: [GC (Allocation Failure) 2018-04-15T23:57:54.068+0800: 254033.065: [ParNew: 11815914K->54320K(13212096K), 0.5794215 secs] 85559252K->73799701K(187275712K), 0.5798518 secs] [Times: user=3.36 sys=1.22, real=0.58 secs] 
2018-04-15T23:58:06.592+0800: 254045.588: [GC (Allocation Failure) 2018-04-15T23:58:06.592+0800: 254045.588: [ParNew: 11798448K->47975K(13212096K), 0.4564574 secs] 85543829K->73804635K(187275712K), 0.4568626 secs] [Times: user=3.44 sys=0.17, real=0.45 secs] 
2018-04-15T23:58:34.235+0800: 254073.231: [GC (Allocation Failure) 2018-04-15T23:58:34.235+0800: 254073.231: [ParNew: 11792103K->46254K(13212096K), 0.5259838 secs] 85548763K->73816422K(187275712K), 0.5264138 secs] [Times: user=3.38 sys=0.79, real=0.53 secs] 
2018-04-15T23:59:00.462+0800: 254099.459: [GC (Allocation Failure) 2018-04-15T23:59:00.463+0800: 254099.459: [ParNew: 11790382K->41855K(13212096K), 0.5887155 secs] 85560550K->73812601K(187275712K), 0.5891796 secs] [Times: user=3.24 sys=1.40, real=0.59 secs] 
2018-04-16T00:00:57.596+0800: 254216.592: [GC (Allocation Failure) 2018-04-16T00:00:57.597+0800: 254216.593: [ParNew: 11785983K->55094K(13212096K), 0.6880284 secs] 85556729K->73826582K(187275712K), 0.6884345 secs] [Times: user=3.92 sys=1.54, real=0.69 secs] 
2018-04-16T00:01:21.326+0800: 254240.322: [GC (Allocation Failure) 2018-04-16T00:01:21.327+0800: 254240.323: [ParNew: 11799222K->97066K(13212096K), 0.6085214 secs] 85570710K->73869386K(187275712K), 0.6089575 secs] [Times: user=3.15 sys=1.64, real=0.61 secs] 
2018-04-16T00:01:34.550+0800: 254253.546: [GC (Allocation Failure) 2018-04-16T00:01:34.551+0800: 254253.547: [ParNew: 11841194K->148282K(13212096K), 0.5043349 secs] 85613514K->73920995K(187275712K), 0.5047593 secs] [Times: user=3.64 sys=0.37, real=0.51 secs] 
2018-04-16T00:01:48.406+0800: 254267.402: [GC (Allocation Failure) 2018-04-16T00:01:48.406+0800: 254267.402: [ParNew: 11892410K->145638K(13212096K), 0.5660756 secs] 85665123K->73918632K(187275712K), 0.5664922 secs] [Times: user=4.50 sys=0.00, real=0.57 secs] 
2018-04-16T00:02:06.462+0800: 254285.458: [GC (Allocation Failure) 2018-04-16T00:02:06.462+0800: 254285.458: [ParNew: 11889766K->107719K(13212096K), 0.4196397 secs] 85662760K->73881452K(187275712K), 0.4200455 secs] [Times: user=2.32 sys=1.02, real=0.42 secs] 
2018-04-16T00:03:23.981+0800: 254362.977: [GC (Allocation Failure) 2018-04-16T00:03:23.982+0800: 254362.978: [ParNew: 11851847K->100794K(13212096K), 0.8014091 secs] 85625580K->73876677K(187275712K), 0.8018376 secs] [Times: user=3.85 sys=2.49, real=0.80 secs] 
2018-04-16T00:03:52.018+0800: 254391.014: [GC (Allocation Failure) 2018-04-16T00:03:52.018+0800: 254391.014: [ParNew: 11844922K->122378K(13212096K), 0.5023933 secs] 85620805K->73902901K(187275712K), 0.5028155 secs] [Times: user=3.50 sys=0.49, real=0.50 secs] 
2018-04-16T00:04:11.052+0800: 254410.048: [GC (Allocation Failure) 2018-04-16T00:04:11.052+0800: 254410.048: [ParNew: 11866506K->122466K(13212096K), 0.5911134 secs] 85647029K->73904603K(187275712K), 0.5915448 secs] [Times: user=3.95 sys=0.71, real=0.59 secs] 
2018-04-16T00:04:55.470+0800: 254454.466: [GC (Allocation Failure) 2018-04-16T00:04:55.470+0800: 254454.466: [ParNew: 11866594K->86579K(13212096K), 0.6921588 secs] 85648731K->73874752K(187275712K), 0.6925781 secs] [Times: user=3.95 sys=1.55, real=0.70 secs] 
2018-04-16T00:06:00.409+0800: 254519.405: [GC (Allocation Failure) 2018-04-16T00:06:00.409+0800: 254519.405: [ParNew: 11830707K->79921K(13212096K), 0.7405284 secs] 85618880K->73870035K(187275712K), 0.7409751 secs] [Times: user=3.83 sys=1.97, real=0.74 secs] 
2018-04-16T00:06:24.379+0800: 254543.375: [GC (Allocation Failure) 2018-04-16T00:06:24.379+0800: 254543.375: [ParNew: 11824049K->72521K(13212096K), 0.5603400 secs] 85614163K->73864068K(187275712K), 0.5607639 secs] [Times: user=3.55 sys=0.90, real=0.56 secs] 
2018-04-16T00:06:37.939+0800: 254556.935: [GC (Allocation Failure) 2018-04-16T00:06:37.939+0800: 254556.935: [ParNew: 11816649K->78402K(13212096K), 0.4643675 secs] 85608196K->73875319K(187275712K), 0.4648008 secs] [Times: user=3.49 sys=0.20, real=0.47 secs] 
2018-04-16T00:07:10.238+0800: 254589.234: [GC (Allocation Failure) 2018-04-16T00:07:10.238+0800: 254589.234: [ParNew: 11822530K->75977K(13212096K), 0.6088332 secs] 85619447K->73874964K(187275712K), 0.6092751 secs] [Times: user=3.35 sys=1.45, real=0.61 secs] 
2018-04-16T00:07:32.297+0800: 254611.293: [GC (Allocation Failure) 2018-04-16T00:07:32.297+0800: 254611.293: [ParNew: 11820105K->65213K(13212096K), 0.4801081 secs] 85619092K->73866845K(187275712K), 0.4805307 secs] [Times: user=3.38 sys=0.44, real=0.48 secs] 
2018-04-16T00:07:46.302+0800: 254625.298: [GC (Allocation Failure) 2018-04-16T00:07:46.302+0800: 254625.298: [ParNew: 11809341K->61237K(13212096K), 0.4591804 secs] 85610973K->73866590K(187275712K), 0.4596144 secs] [Times: user=3.46 sys=0.21, real=0.46 secs] 
2018-04-16T00:08:00.169+0800: 254639.165: [GC (Allocation Failure) 2018-04-16T00:08:00.170+0800: 254639.166: [ParNew: 11805365K->49532K(13212096K), 0.4749584 secs] 85610718K->73863346K(187275712K), 0.4753839 secs] [Times: user=3.52 sys=0.24, real=0.48 secs] 
2018-04-16T00:08:52.383+0800: 254691.379: [GC (Allocation Failure) 2018-04-16T00:08:52.383+0800: 254691.379: [ParNew: 11793660K->37659K(13212096K), 0.7367156 secs] 85607474K->73853689K(187275712K), 0.7371586 secs] [Times: user=4.75 sys=1.09, real=0.73 secs] 
2018-04-16T00:09:09.944+0800: 254708.940: [GC (Allocation Failure) 2018-04-16T00:09:09.944+0800: 254708.940: [ParNew: 11781787K->31543K(13212096K), 0.4495871 secs] 85597817K->73848719K(187275712K), 0.4500123 secs] [Times: user=3.23 sys=0.34, real=0.45 secs] 
2018-04-16T00:09:31.342+0800: 254730.338: [GC (Allocation Failure) 2018-04-16T00:09:31.342+0800: 254730.338: [ParNew: 11775671K->32485K(13212096K), 0.4878447 secs] 85592847K->73851258K(187275712K), 0.4882607 secs] [Times: user=3.43 sys=0.45, real=0.48 secs] 
2018-04-16T00:09:47.298+0800: 254746.294: [GC (Allocation Failure) 2018-04-16T00:09:47.298+0800: 254746.294: [ParNew: 11776613K->43959K(13212096K), 0.5647092 secs] 85595386K->73863470K(187275712K), 0.5651468 secs] [Times: user=3.31 sys=1.16, real=0.57 secs] 
2018-04-16T00:10:13.770+0800: 254772.766: [GC (Allocation Failure) 2018-04-16T00:10:13.770+0800: 254772.766: [ParNew: 11788087K->39179K(13212096K), 0.5560822 secs] 85607598K->73859108K(187275712K), 0.5565024 secs] [Times: user=3.39 sys=1.05, real=0.56 secs] 
2018-04-16T00:10:36.225+0800: 254795.221: [GC (Allocation Failure) 2018-04-16T00:10:36.226+0800: 254795.222: [ParNew: 11783307K->42275K(13212096K), 0.4469092 secs] 85603236K->73862563K(187275712K), 0.4473273 secs] [Times: user=3.19 sys=0.36, real=0.45 secs] 
2018-04-16T00:11:28.222+0800: 254847.218: [GC (Allocation Failure) 2018-04-16T00:11:28.222+0800: 254847.218: [ParNew: 11786403K->36229K(13212096K), 0.7606602 secs] 85606691K->73857772K(187275712K), 0.7610845 secs] [Times: user=5.12 sys=0.92, real=0.76 secs] 
2018-04-16T00:11:59.756+0800: 254878.753: [GC (Allocation Failure) 2018-04-16T00:11:59.757+0800: 254878.753: [ParNew: 11780357K->36704K(13212096K), 0.6391156 secs] 85601900K->73859698K(187275712K), 0.6395443 secs] [Times: user=4.19 sys=0.90, real=0.64 secs] 
2018-04-16T00:12:09.836+0800: 254888.832: [GC (Allocation Failure) 2018-04-16T00:12:09.836+0800: 254888.832: [ParNew: 11780832K->49516K(13212096K), 0.4137893 secs] 85603826K->73873639K(187275712K), 0.4142006 secs] [Times: user=3.24 sys=0.05, real=0.41 secs] 
2018-04-16T00:12:20.039+0800: 254899.035: [GC (Allocation Failure) 2018-04-16T00:12:20.039+0800: 254899.035: [ParNew: 11793644K->47615K(13212096K), 0.3827104 secs] 85617767K->73873209K(187275712K), 0.3831142 secs] [Times: user=2.16 sys=0.88, real=0.39 secs] 
2018-04-16T00:12:34.133+0800: 254913.129: [GC (Allocation Failure) 2018-04-16T00:12:34.134+0800: 254913.130: [ParNew: 11791743K->48778K(13212096K), 0.5436290 secs] 85617337K->73875340K(187275712K), 0.5440453 secs] [Times: user=3.19 sys=1.11, real=0.54 secs] 
2018-04-16T00:12:57.334+0800: 254936.330: [GC (Allocation Failure) 2018-04-16T00:12:57.335+0800: 254936.331: [ParNew: 11792906K->45958K(13212096K), 0.4911257 secs] 85619468K->73874328K(187275712K), 0.4915419 secs] [Times: user=3.43 sys=0.48, real=0.49 secs] 
2018-04-16T00:13:14.797+0800: 254953.793: [GC (Allocation Failure) 2018-04-16T00:13:14.798+0800: 254953.794: [ParNew: 11790086K->64185K(13212096K), 0.4669447 secs] 85618456K->73895098K(187275712K), 0.4673502 secs] [Times: user=3.39 sys=0.31, real=0.47 secs] 
2018-04-16T00:13:31.805+0800: 254970.801: [GC (Allocation Failure) 2018-04-16T00:13:31.805+0800: 254970.801: [ParNew: 11808313K->56277K(13212096K), 0.4643361 secs] 85639226K->73892441K(187275712K), 0.4650800 secs] [Times: user=3.23 sys=0.47, real=0.46 secs] 
2018-04-16T00:13:55.795+0800: 254994.791: [GC (Allocation Failure) 2018-04-16T00:13:55.795+0800: 254994.791: [ParNew: 11800405K->30016K(13212096K), 0.5772849 secs] 85636569K->73867446K(187275712K), 0.5777049 secs] [Times: user=3.02 sys=1.56, real=0.58 secs] 
2018-04-16T00:15:29.511+0800: 255088.508: [GC (Allocation Failure) 2018-04-16T00:15:29.512+0800: 255088.508: [ParNew: 11774144K->28490K(13212096K), 0.5969529 secs] 85611574K->73867384K(187275712K), 0.5973753 secs] [Times: user=3.68 sys=1.05, real=0.59 secs] 
2018-04-16T00:17:46.360+0800: 255225.356: [GC (Allocation Failure) 2018-04-16T00:17:46.360+0800: 255225.356: [ParNew: 11772618K->44598K(13212096K), 0.9648752 secs] 85611512K->73884126K(187275712K), 0.9653021 secs] [Times: user=5.73 sys=1.91, real=0.97 secs] 
2018-04-16T00:19:27.692+0800: 255326.688: [GC (Allocation Failure) 2018-04-16T00:19:27.693+0800: 255326.689: [ParNew: 11788726K->88606K(13212096K), 0.7628794 secs] 85628254K->73929233K(187275712K), 0.7633127 secs] [Times: user=4.84 sys=1.18, real=0.76 secs] 
2018-04-16T00:19:42.672+0800: 255341.668: [GC (Allocation Failure) 2018-04-16T00:19:42.672+0800: 255341.668: [ParNew: 11832734K->143826K(13212096K), 0.5355801 secs] 85673361K->73985953K(187275712K), 0.5360022 secs] [Times: user=3.83 sys=0.43, real=0.53 secs] 
2018-04-16T00:19:59.826+0800: 255358.822: [GC (Allocation Failure) 2018-04-16T00:19:59.826+0800: 255358.823: [ParNew: 11887954K->153418K(13212096K), 0.6250966 secs] 85730081K->73995780K(187275712K), 0.6255229 secs] [Times: user=4.98 sys=0.00, real=0.63 secs] 
2018-04-16T00:20:20.022+0800: 255379.018: [GC (Allocation Failure) 2018-04-16T00:20:20.022+0800: 255379.018: [ParNew: 11897546K->109257K(13212096K), 0.5874842 secs] 85739908K->73951752K(187275712K), 0.5879157 secs] [Times: user=3.10 sys=1.56, real=0.58 secs] 
2018-04-16T00:20:48.020+0800: 255407.016: [GC (Allocation Failure) 2018-04-16T00:20:48.020+0800: 255407.016: [ParNew: 11853385K->63213K(13212096K), 0.4371026 secs] 85695880K->73909085K(187275712K), 0.4375336 secs] [Times: user=2.52 sys=0.95, real=0.44 secs] 
2018-04-16T00:25:18.574+0800: 255677.570: [GC (Allocation Failure) 2018-04-16T00:25:18.574+0800: 255677.570: [ParNew: 11807341K->64228K(13212096K), 0.9679284 secs] 85653213K->73921038K(187275712K), 0.9683679 secs] [Times: user=5.45 sys=2.20, real=0.97 secs] 
2018-04-16T00:27:54.535+0800: 255833.531: [GC (Allocation Failure) 2018-04-16T00:27:54.535+0800: 255833.531: [ParNew: 11808356K->59586K(13212096K), 0.7291731 secs] 85665166K->73925789K(187275712K), 0.7295928 secs] [Times: user=5.03 sys=0.75, real=0.73 secs] 
2018-04-16T00:28:46.075+0800: 255885.071: [GC (Allocation Failure) 2018-04-16T00:28:46.075+0800: 255885.071: [ParNew: 11803714K->61252K(13212096K), 0.6397313 secs] 85669917K->73927854K(187275712K), 0.6401625 secs] [Times: user=3.37 sys=1.70, real=0.64 secs] 
2018-04-16T00:30:30.331+0800: 255989.327: [GC (Allocation Failure) 2018-04-16T00:30:30.331+0800: 255989.327: [ParNew: 11805380K->67481K(13212096K), 0.6922426 secs] 85671982K->73934234K(187275712K), 0.6926558 secs] [Times: user=4.28 sys=1.22, real=0.70 secs] 
2018-04-16T00:30:48.657+0800: 256007.653: [GC (Allocation Failure) 2018-04-16T00:30:48.657+0800: 256007.653: [ParNew: 11811609K->71826K(13212096K), 0.5743445 secs] 85678362K->73938709K(187275712K), 0.5747902 secs] [Times: user=3.03 sys=1.51, real=0.58 secs] 
2018-04-16T00:31:05.087+0800: 256024.083: [GC (Allocation Failure) 2018-04-16T00:31:05.087+0800: 256024.083: [ParNew: 11815954K->64162K(13212096K), 0.5048237 secs] 85682837K->73931303K(187275712K), 0.5052505 secs] [Times: user=3.61 sys=0.41, real=0.51 secs] 
2018-04-16T00:31:23.675+0800: 256042.671: [GC (Allocation Failure) 2018-04-16T00:31:23.675+0800: 256042.671: [ParNew: 11808290K->51952K(13212096K), 0.4973468 secs] 85675431K->73928758K(187275712K), 0.4977665 secs] [Times: user=2.49 sys=1.45, real=0.50 secs] 
2018-04-16T00:31:48.854+0800: 256067.850: [GC (Allocation Failure) 2018-04-16T00:31:48.855+0800: 256067.851: [ParNew: 11796080K->48699K(13212096K), 0.4704892 secs] 85672886K->73931337K(187275712K), 0.4709200 secs] [Times: user=2.52 sys=1.21, real=0.47 secs] 
2018-04-16T00:31:56.305+0800: 256075.301: [GC (Allocation Failure) 2018-04-16T00:31:56.305+0800: 256075.301: [ParNew: 11792827K->60343K(13212096K), 0.5607377 secs] 85675465K->73944417K(187275712K), 0.5611577 secs] [Times: user=2.84 sys=1.59, real=0.56 secs] 
2018-04-16T00:32:08.593+0800: 256087.589: [GC (Allocation Failure) 2018-04-16T00:32:08.593+0800: 256087.589: [ParNew: 11804471K->62610K(13212096K), 0.4042292 secs] 85688545K->73953247K(187275712K), 0.4046538 secs] [Times: user=2.18 sys=1.02, real=0.40 secs] 
2018-04-16T00:32:23.057+0800: 256102.053: [GC (Allocation Failure) 2018-04-16T00:32:23.058+0800: 256102.054: [ParNew: 11806738K->53269K(13212096K), 0.5119010 secs] 85697375K->73945374K(187275712K), 0.5123221 secs] [Times: user=3.59 sys=0.47, real=0.51 secs] 
2018-04-16T00:32:47.188+0800: 256126.184: [GC (Allocation Failure) 2018-04-16T00:32:47.188+0800: 256126.184: [ParNew: 11797397K->66618K(13212096K), 0.6263857 secs] 85689502K->73959514K(187275712K), 0.6268081 secs] [Times: user=3.34 sys=1.62, real=0.63 secs] 
2018-04-16T00:33:24.744+0800: 256163.740: [GC (Allocation Failure) 2018-04-16T00:33:24.744+0800: 256163.740: [ParNew: 11810746K->73176K(13212096K), 0.5211082 secs] 85703642K->73966558K(187275712K), 0.5215269 secs] [Times: user=3.52 sys=0.64, real=0.52 secs] 
2018-04-16T00:34:02.516+0800: 256201.512: [GC (Allocation Failure) 2018-04-16T00:34:02.516+0800: 256201.512: [ParNew: 11817304K->75046K(13212096K), 0.7231838 secs] 85710686K->73972463K(187275712K), 0.7236101 secs] [Times: user=5.56 sys=0.18, real=0.72 secs] 
2018-04-16T00:39:03.985+0800: 256502.981: [GC (Allocation Failure) 2018-04-16T00:39:03.986+0800: 256502.982: [ParNew: 11819174K->58400K(13212096K), 1.0915980 secs] 85716591K->73956342K(187275712K), 1.0920357 secs] [Times: user=6.21 sys=2.45, real=1.09 secs] 
2018-04-16T00:39:53.390+0800: 256552.386: [GC (Allocation Failure) 2018-04-16T00:39:53.390+0800: 256552.386: [ParNew: 11802528K->97673K(13212096K), 0.5390925 secs] 85700470K->73996017K(187275712K), 0.5395154 secs] [Times: user=3.63 sys=0.65, real=0.54 secs] 
2018-04-16T00:40:08.135+0800: 256567.131: [GC (Allocation Failure) 2018-04-16T00:40:08.135+0800: 256567.131: [ParNew: 11841801K->134642K(13212096K), 0.5841972 secs] 85740145K->74033125K(187275712K), 0.5846252 secs] [Times: user=3.19 sys=1.44, real=0.58 secs] 
2018-04-16T00:40:23.266+0800: 256582.262: [GC (Allocation Failure) 2018-04-16T00:40:23.266+0800: 256582.262: [ParNew: 11878770K->139242K(13212096K), 0.4538582 secs] 85777253K->74038756K(187275712K), 0.4542846 secs] [Times: user=3.54 sys=0.07, real=0.45 secs] 
2018-04-16T00:40:38.466+0800: 256597.462: [GC (Allocation Failure) 2018-04-16T00:40:38.466+0800: 256597.462: [ParNew: 11883370K->88439K(13212096K), 0.5099446 secs] 85782884K->73990308K(187275712K), 0.5103776 secs] [Times: user=3.70 sys=0.37, real=0.51 secs] 
2018-04-16T00:43:00.462+0800: 256739.458: [GC (Allocation Failure) 2018-04-16T00:43:00.462+0800: 256739.458: [ParNew: 11832567K->75662K(13212096K), 0.8721399 secs] 85734436K->73979409K(187275712K), 0.8725793 secs] [Times: user=4.58 sys=2.31, real=0.87 secs] 
2018-04-16T00:43:50.341+0800: 256789.337: [GC (Allocation Failure) 2018-04-16T00:43:50.341+0800: 256789.337: [ParNew: 11819790K->48565K(13212096K), 0.7481170 secs] 85723537K->73961139K(187275712K), 0.7485398 secs] [Times: user=4.95 sys=1.00, real=0.75 secs] 
2018-04-16T00:44:36.797+0800: 256835.793: [GC (Allocation Failure) 2018-04-16T00:44:36.797+0800: 256835.793: [ParNew: 11792693K->47505K(13212096K), 0.6194527 secs] 85705267K->73962613K(187275712K), 0.6198946 secs] [Times: user=3.02 sys=1.88, real=0.62 secs] 
2018-04-16T00:45:05.606+0800: 256864.602: [GC (Allocation Failure) 2018-04-16T00:45:05.606+0800: 256864.602: [ParNew: 11791633K->53933K(13212096K), 0.5435204 secs] 85706741K->73969496K(187275712K), 0.5439510 secs] [Times: user=3.52 sys=0.81, real=0.54 secs] 
2018-04-16T00:45:50.614+0800: 256909.610: [GC (Allocation Failure) 2018-04-16T00:45:50.614+0800: 256909.610: [ParNew: 11798061K->53266K(13212096K), 0.5153606 secs] 85713624K->73969416K(187275712K), 0.5157796 secs] [Times: user=3.45 sys=0.65, real=0.51 secs] 
2018-04-16T00:46:06.421+0800: 256925.417: [GC (Allocation Failure) 2018-04-16T00:46:06.421+0800: 256925.417: [ParNew: 11797394K->42559K(13212096K), 0.5441053 secs] 85713544K->73959709K(187275712K), 0.5445454 secs] [Times: user=3.19 sys=1.13, real=0.55 secs] 
2018-04-16T00:46:35.847+0800: 256954.843: [GC (Allocation Failure) 2018-04-16T00:46:35.847+0800: 256954.843: [ParNew: 11786687K->43951K(13212096K), 0.5191437 secs] 85703837K->73967718K(187275712K), 0.5195688 secs] [Times: user=3.33 sys=0.79, real=0.52 secs] 
2018-04-16T00:46:52.044+0800: 256971.040: [GC (Allocation Failure) 2018-04-16T00:46:52.044+0800: 256971.040: [ParNew: 11788079K->47966K(13212096K), 0.5107111 secs] 85711846K->73972552K(187275712K), 0.5111312 secs] [Times: user=3.54 sys=0.51, real=0.51 secs] 
2018-04-16T00:47:00.974+0800: 256979.970: [GC (Allocation Failure) 2018-04-16T00:47:00.974+0800: 256979.970: [ParNew: 11792094K->57223K(13212096K), 0.4320679 secs] 85716680K->73982871K(187275712K), 0.4327742 secs] [Times: user=3.43 sys=0.00, real=0.43 secs] 
2018-04-16T00:47:11.395+0800: 256990.391: [GC (Allocation Failure) 2018-04-16T00:47:11.395+0800: 256990.391: [ParNew: 11801351K->67272K(13212096K), 0.5253336 secs] 85726999K->73993952K(187275712K), 0.5257615 secs] [Times: user=3.26 sys=0.91, real=0.52 secs] 
2018-04-16T00:47:22.111+0800: 257001.107: [GC (Allocation Failure) 2018-04-16T00:47:22.111+0800: 257001.107: [ParNew: 11811400K->63224K(13212096K), 0.4183693 secs] 85738080K->73995049K(187275712K), 0.4187898 secs] [Times: user=3.17 sys=0.16, real=0.42 secs] 
2018-04-16T00:47:37.748+0800: 257016.744: [GC (Allocation Failure) 2018-04-16T00:47:37.748+0800: 257016.745: [ParNew: 11807352K->56822K(13212096K), 0.4105037 secs] 85739177K->73989276K(187275712K), 0.4109354 secs] [Times: user=3.05 sys=0.22, real=0.41 secs] 
2018-04-16T00:49:00.356+0800: 257099.352: [GC (Allocation Failure) 2018-04-16T00:49:00.357+0800: 257099.353: [ParNew: 11800950K->28615K(13212096K), 0.6673003 secs] 85733404K->73962850K(187275712K), 0.6677303 secs] [Times: user=3.22 sys=2.06, real=0.67 secs] 
2018-04-16T00:49:25.109+0800: 257124.105: [GC (Allocation Failure) 2018-04-16T00:49:25.109+0800: 257124.105: [ParNew: 11772743K->23560K(13212096K), 0.4757145 secs] 85706978K->73959795K(187275712K), 0.4761318 secs] [Times: user=3.42 sys=0.36, real=0.48 secs] 
2018-04-16T00:51:16.038+0800: 257235.034: [GC (Allocation Failure) 2018-04-16T00:51:16.038+0800: 257235.034: [ParNew: 11767688K->48144K(13212096K), 0.6003771 secs] 85703923K->73984791K(187275712K), 0.6007271 secs] [Times: user=3.93 sys=0.85, real=0.60 secs] 
2018-04-16T00:51:31.091+0800: 257250.087: [GC (Allocation Failure) 2018-04-16T00:51:31.091+0800: 257250.087: [ParNew: 11792272K->47096K(13212096K), 0.6070564 secs] 85728919K->73984092K(187275712K), 0.6074851 secs] [Times: user=4.24 sys=0.55, real=0.61 secs] 
2018-04-16T00:54:10.950+0800: 257409.946: [GC (Allocation Failure) 2018-04-16T00:54:10.950+0800: 257409.946: [ParNew: 11791224K->41415K(13212096K), 0.8807775 secs] 85728220K->73978858K(187275712K), 0.8811978 secs] [Times: user=6.41 sys=0.60, real=0.88 secs] 
2018-04-16T00:58:13.266+0800: 257652.262: [GC (Allocation Failure) 2018-04-16T00:58:13.266+0800: 257652.262: [ParNew: 11785543K->48183K(13212096K), 1.1069728 secs] 85722986K->73985961K(187275712K), 1.1074020 secs] [Times: user=6.09 sys=2.69, real=1.11 secs] 
2018-04-16T00:58:41.942+0800: 257680.938: [GC (Allocation Failure) 2018-04-16T00:58:41.943+0800: 257680.939: [ParNew: 11792311K->117648K(13212096K), 0.5951823 secs] 85730089K->74057257K(187275712K), 0.5956243 secs] [Times: user=3.06 sys=1.64, real=0.59 secs] 
2018-04-16T00:58:53.969+0800: 257692.965: [GC (Allocation Failure) 2018-04-16T00:58:53.969+0800: 257692.965: [ParNew: 11861776K->115640K(13212096K), 0.4488430 secs] 85801385K->74055913K(187275712K), 0.4492844 secs] [Times: user=3.33 sys=0.24, real=0.45 secs] 
2018-04-16T00:59:10.494+0800: 257709.490: [GC (Allocation Failure) 2018-04-16T00:59:10.495+0800: 257709.491: [ParNew: 11859730K->84671K(13212096K), 0.5336863 secs] 85800002K->74034715K(187275712K), 0.5341106 secs] [Times: user=3.79 sys=0.45, real=0.53 secs] 
2018-04-16T00:59:36.939+0800: 257735.935: [GC (Allocation Failure) 2018-04-16T00:59:36.939+0800: 257735.935: [ParNew: 11828799K->43351K(13212096K), 0.5700045 secs] 85778843K->73993579K(187275712K), 0.5704580 secs] [Times: user=3.24 sys=1.28, real=0.57 secs] 
2018-04-16T01:01:47.873+0800: 257866.869: [GC (Allocation Failure) 2018-04-16T01:01:47.874+0800: 257866.870: [ParNew: 11787479K->51845K(13212096K), 1.0471431 secs] 85737707K->74005306K(187275712K), 1.0475662 secs] [Times: user=5.44 sys=2.84, real=1.04 secs] 
2018-04-16T01:02:50.512+0800: 257929.508: [GC (Allocation Failure) 2018-04-16T01:02:50.512+0800: 257929.509: [ParNew: 11795973K->43544K(13212096K), 0.6759151 secs] 85749434K->74000857K(187275712K), 0.6763390 secs] [Times: user=3.81 sys=1.56, real=0.67 secs] 
2018-04-16T01:03:20.307+0800: 257959.303: [GC (Allocation Failure) 2018-04-16T01:03:20.307+0800: 257959.303: [ParNew: 11787672K->30904K(13212096K), 0.5562427 secs] 85744985K->73990436K(187275712K), 0.5566628 secs] [Times: user=3.99 sys=0.43, real=0.56 secs] 
2018-04-16T01:03:39.747+0800: 257978.743: [GC (Allocation Failure) 2018-04-16T01:03:39.747+0800: 257978.743: [ParNew: 11775032K->33914K(13212096K), 0.5887967 secs] 85734564K->73993546K(187275712K), 0.5892259 secs] [Times: user=2.73 sys=1.94, real=0.59 secs] 
2018-04-16T01:04:25.856+0800: 258024.852: [GC (Allocation Failure) 2018-04-16T01:04:25.856+0800: 258024.852: [ParNew: 11778042K->28986K(13212096K), 0.7579275 secs] 85737674K->73988787K(187275712K), 0.7583545 secs] [Times: user=4.49 sys=1.53, real=0.76 secs] 
2018-04-16T01:04:34.429+0800: 258033.425: [GC (Allocation Failure) 2018-04-16T01:04:34.429+0800: 258033.425: [ParNew: 11773114K->35627K(13212096K), 0.3936474 secs] 85732915K->73995862K(187275712K), 0.3940733 secs] [Times: user=3.13 sys=0.00, real=0.40 secs] 
2018-04-16T01:05:34.821+0800: 258093.817: [GC (Allocation Failure) 2018-04-16T01:05:34.821+0800: 258093.817: [ParNew: 11779755K->28179K(13212096K), 0.6512080 secs] 85739990K->73993607K(187275712K), 0.6516526 secs] [Times: user=3.69 sys=1.44, real=0.66 secs] 
2018-04-16T01:06:30.983+0800: 258149.979: [GC (Allocation Failure) 2018-04-16T01:06:30.983+0800: 258149.979: [ParNew: 11772307K->33267K(13212096K), 0.6125935 secs] 85737735K->73999777K(187275712K), 0.6130029 secs] [Times: user=3.74 sys=1.12, real=0.61 secs] 
2018-04-16T01:07:42.770+0800: 258221.766: [GC (Allocation Failure) 2018-04-16T01:07:42.771+0800: 258221.767: [ParNew: 11777395K->31814K(13212096K), 0.6822649 secs] 85743905K->73998656K(187275712K), 0.6826821 secs] [Times: user=4.56 sys=0.82, real=0.69 secs] 
2018-04-16T01:07:53.897+0800: 258232.893: [GC (Allocation Failure) 2018-04-16T01:07:53.897+0800: 258232.893: [ParNew: 11775942K->31405K(13212096K), 0.4212501 secs] 85742784K->73998421K(187275712K), 0.4216696 secs] [Times: user=2.36 sys=1.00, real=0.42 secs] 
2018-04-16T01:08:40.718+0800: 258279.714: [GC (Allocation Failure) 2018-04-16T01:08:40.718+0800: 258279.714: [ParNew: 11775533K->52507K(13212096K), 0.6646397 secs] 85742549K->74020602K(187275712K), 0.6649930 secs] [Times: user=4.25 sys=1.04, real=0.67 secs] 
2018-04-16T01:09:28.748+0800: 258327.744: [GC (Allocation Failure) 2018-04-16T01:09:28.748+0800: 258327.744: [ParNew: 11796635K->81377K(13212096K), 0.6276223 secs] 85764730K->74049579K(187275712K), 0.6280589 secs] [Times: user=3.35 sys=1.60, real=0.63 secs] 
2018-04-16T01:10:07.310+0800: 258366.306: [GC (Allocation Failure) 2018-04-16T01:10:07.311+0800: 258366.307: [ParNew: 11825505K->98983K(13212096K), 0.6712763 secs] 85793707K->74069082K(187275712K), 0.6716936 secs] [Times: user=4.28 sys=1.04, real=0.68 secs] 
2018-04-16T01:13:44.006+0800: 258583.002: [GC (Allocation Failure) 2018-04-16T01:13:44.006+0800: 258583.002: [ParNew: 11843111K->74402K(13212096K), 0.8160980 secs] 85813210K->74046622K(187275712K), 0.8165264 secs] [Times: user=4.69 sys=1.77, real=0.82 secs] 
2018-04-16T01:17:48.366+0800: 258827.362: [GC (Allocation Failure) 2018-04-16T01:17:48.367+0800: 258827.363: [ParNew: 11818530K->61881K(13212096K), 1.0203365 secs] 85790750K->74035989K(187275712K), 1.0207531 secs] [Times: user=7.04 sys=1.06, real=1.02 secs] 
2018-04-16T01:19:15.368+0800: 258914.364: [GC (Allocation Failure) 2018-04-16T01:19:15.368+0800: 258914.364: [ParNew: 11806009K->78249K(13212096K), 0.8946099 secs] 85780117K->74052535K(187275712K), 0.8950481 secs] [Times: user=4.88 sys=2.21, real=0.90 secs] 
2018-04-16T01:19:30.780+0800: 258929.776: [GC (Allocation Failure) 2018-04-16T01:19:30.780+0800: 258929.776: [ParNew: 11822377K->122806K(13212096K), 0.4935354 secs] 85796663K->74098078K(187275712K), 0.4939480 secs] [Times: user=3.63 sys=0.30, real=0.50 secs] 
2018-04-16T01:19:43.058+0800: 258942.054: [GC (Allocation Failure) 2018-04-16T01:19:43.058+0800: 258942.054: [ParNew: 11866934K->154034K(13212096K), 0.4914359 secs] 85842206K->74131360K(187275712K), 0.4918445 secs] [Times: user=3.67 sys=0.24, real=0.49 secs] 
2018-04-16T01:19:53.412+0800: 258952.408: [GC (Allocation Failure) 2018-04-16T01:19:53.412+0800: 258952.408: [ParNew: 11898162K->162293K(13212096K), 0.4285351 secs] 85875488K->74141795K(187275712K), 0.4288944 secs] [Times: user=3.41 sys=0.00, real=0.42 secs] 
2018-04-16T01:20:06.399+0800: 258965.395: [GC (Allocation Failure) 2018-04-16T01:20:06.399+0800: 258965.395: [ParNew: 11906421K->125478K(13212096K), 0.5943646 secs] 85885923K->74109569K(187275712K), 0.5948061 secs] [Times: user=3.53 sys=1.17, real=0.60 secs] 
2018-04-16T01:20:18.605+0800: 258977.601: [GC (Allocation Failure) 2018-04-16T01:20:18.605+0800: 258977.601: [ParNew: 11869606K->105974K(13212096K), 0.4590494 secs] 85853697K->74101129K(187275712K), 0.4594722 secs] [Times: user=3.38 sys=0.25, real=0.46 secs] 
2018-04-16T01:21:05.247+0800: 259024.243: [GC (Allocation Failure) 2018-04-16T01:21:05.247+0800: 259024.243: [ParNew: 11850102K->62400K(13212096K), 0.5960431 secs] 85845257K->74070036K(187275712K), 0.5964614 secs] [Times: user=3.79 sys=0.93, real=0.60 secs] 
2018-04-16T01:21:22.118+0800: 259041.114: [GC (Allocation Failure) 2018-04-16T01:21:22.118+0800: 259041.114: [ParNew: 11806528K->57400K(13212096K), 0.6499033 secs] 85814164K->74066063K(187275712K), 0.6503146 secs] [Times: user=3.43 sys=1.71, real=0.65 secs] 
2018-04-16T01:21:44.901+0800: 259063.897: [GC (Allocation Failure) 2018-04-16T01:21:44.901+0800: 259063.897: [ParNew: 11801528K->69387K(13212096K), 0.5723727 secs] 85810191K->74078396K(187275712K), 0.5727791 secs] [Times: user=3.91 sys=0.64, real=0.58 secs] 
2018-04-16T01:21:54.967+0800: 259073.963: [GC (Allocation Failure) 2018-04-16T01:21:54.968+0800: 259073.964: [ParNew: 11813515K->61103K(13212096K), 0.3898418 secs] 85822524K->74070760K(187275712K), 0.3902486 secs] [Times: user=3.11 sys=0.00, real=0.39 secs] 
2018-04-16T01:22:04.608+0800: 259083.604: [GC (Allocation Failure) 2018-04-16T01:22:04.608+0800: 259083.604: [ParNew: 11805231K->57509K(13212096K), 0.4558992 secs] 85814888K->74067989K(187275712K), 0.4563776 secs] [Times: user=3.58 sys=0.04, real=0.46 secs] 
2018-04-16T01:22:17.085+0800: 259096.081: [GC (Allocation Failure) 2018-04-16T01:22:17.085+0800: 259096.081: [ParNew: 11801637K->58656K(13212096K), 0.5764058 secs] 85812117K->74069646K(187275712K), 0.5768068 secs] [Times: user=2.84 sys=1.71, real=0.58 secs] 
2018-04-16T01:22:30.381+0800: 259109.377: [GC (Allocation Failure) 2018-04-16T01:22:30.381+0800: 259109.377: [ParNew: 11802784K->67302K(13212096K), 0.5616579 secs] 85813774K->74082003K(187275712K), 0.5620694 secs] [Times: user=3.67 sys=0.79, real=0.57 secs] 
2018-04-16T01:22:45.170+0800: 259124.167: [GC (Allocation Failure) 2018-04-16T01:22:45.171+0800: 259124.167: [ParNew: 11811430K->67814K(13212096K), 0.4675249 secs] 85826131K->74083116K(187275712K), 0.4680152 secs] [Times: user=2.42 sys=1.30, real=0.47 secs] 
2018-04-16T01:24:17.248+0800: 259216.244: [GC (Allocation Failure) 2018-04-16T01:24:17.249+0800: 259216.245: [ParNew: 11811942K->61882K(13212096K), 0.7944896 secs] 85827244K->74079937K(187275712K), 0.7949263 secs] [Times: user=5.15 sys=1.08, real=0.80 secs] 
2018-04-16T01:24:48.168+0800: 259247.164: [GC (Allocation Failure) 2018-04-16T01:24:48.168+0800: 259247.164: [ParNew: 11806010K->58756K(13212096K), 0.5090810 secs] 85824065K->74077306K(187275712K), 0.5094430 secs] [Times: user=3.54 sys=0.51, real=0.51 secs] 
2018-04-16T01:26:13.091+0800: 259332.087: [GC (Allocation Failure) 2018-04-16T01:26:13.091+0800: 259332.087: [ParNew: 11802884K->77219K(13212096K), 0.7357225 secs] 85821434K->74096353K(187275712K), 0.7361442 secs] [Times: user=4.92 sys=0.91, real=0.74 secs] 
2018-04-16T01:28:14.024+0800: 259453.020: [GC (Allocation Failure) 2018-04-16T01:28:14.024+0800: 259453.020: [ParNew: 11821347K->95181K(13212096K), 1.0715873 secs] 85840481K->74115037K(187275712K), 1.0720057 secs] [Times: user=6.55 sys=1.89, real=1.07 secs] 
2018-04-16T01:31:31.969+0800: 259650.965: [GC (Allocation Failure) 2018-04-16T01:31:31.969+0800: 259650.965: [ParNew: 11839309K->97741K(13212096K), 1.0096007 secs] 85859165K->74119047K(187275712K), 1.0100269 secs] [Times: user=5.69 sys=2.26, real=1.01 secs] 
2018-04-16T01:33:35.925+0800: 259774.921: [GC (Allocation Failure) 2018-04-16T01:33:35.925+0800: 259774.921: [ParNew: 11841869K->107153K(13212096K), 0.8036789 secs] 85863175K->74129189K(187275712K), 0.8041060 secs] [Times: user=4.13 sys=2.17, real=0.80 secs] 
2018-04-16T01:35:29.304+0800: 259888.300: [GC (Allocation Failure) 2018-04-16T01:35:29.304+0800: 259888.300: [ParNew: 11851281K->99761K(13212096K), 0.9873118 secs] 85873317K->74125197K(187275712K), 0.9877313 secs] [Times: user=5.75 sys=2.09, real=0.99 secs] 
2018-04-16T01:36:08.510+0800: 259927.506: [GC (Allocation Failure) 2018-04-16T01:36:08.510+0800: 259927.506: [ParNew: 11843889K->83375K(13212096K), 0.4985624 secs] 85869325K->74110735K(187275712K), 0.4989866 secs] [Times: user=3.61 sys=0.36, real=0.50 secs] 
2018-04-16T01:36:19.147+0800: 259938.144: [GC (Allocation Failure) 2018-04-16T01:36:19.148+0800: 259938.144: [ParNew: 11827503K->101582K(13212096K), 0.5453378 secs] 85854863K->74132595K(187275712K), 0.5457766 secs] [Times: user=3.36 sys=0.97, real=0.55 secs] 
2018-04-16T01:36:59.224+0800: 259978.221: [GC (Allocation Failure) 2018-04-16T01:36:59.225+0800: 259978.221: [ParNew: 11845710K->87891K(13212096K), 0.4695292 secs] 85876723K->74127559K(187275712K), 0.4699499 secs] [Times: user=2.34 sys=1.39, real=0.47 secs] 
2018-04-16T01:37:24.914+0800: 260003.910: [GC (Allocation Failure) 2018-04-16T01:37:24.914+0800: 260003.910: [ParNew: 11832019K->75979K(13212096K), 0.5336340 secs] 85871687K->74127107K(187275712K), 0.5340510 secs] [Times: user=3.70 sys=0.53, real=0.53 secs] 
2018-04-16T01:37:40.957+0800: 260019.953: [GC (Allocation Failure) 2018-04-16T01:37:40.957+0800: 260019.953: [ParNew: 11820107K->111264K(13212096K), 0.6393835 secs] 85871235K->74173282K(187275712K), 0.6398170 secs] [Times: user=3.54 sys=1.47, real=0.64 secs] 
2018-04-16T01:37:55.092+0800: 260034.088: [GC (Allocation Failure) 2018-04-16T01:37:55.093+0800: 260034.089: [ParNew: 11855392K->143286K(13212096K), 0.4518371 secs] 85917410K->74209193K(187275712K), 0.4522485 secs] [Times: user=3.53 sys=0.04, real=0.45 secs] 
2018-04-16T01:38:25.572+0800: 260064.568: [GC (Allocation Failure) 2018-04-16T01:38:25.572+0800: 260064.568: [ParNew: 11887414K->110132K(13212096K), 0.5749795 secs] 85953321K->74178562K(187275712K), 0.5753836 secs] [Times: user=3.73 sys=0.83, real=0.57 secs] 
2018-04-16T01:38:46.894+0800: 260085.890: [GC (Allocation Failure) 2018-04-16T01:38:46.894+0800: 260085.890: [ParNew: 11854260K->69480K(13212096K), 0.6085885 secs] 85922690K->74141594K(187275712K), 0.6090039 secs] [Times: user=2.76 sys=2.03, real=0.61 secs] 
2018-04-16T01:40:04.883+0800: 260163.879: [GC (Allocation Failure) 2018-04-16T01:40:04.884+0800: 260163.880: [ParNew: 11813608K->76975K(13212096K), 0.6974707 secs] 85885722K->74152980K(187275712K), 0.6978897 secs] [Times: user=4.20 sys=1.33, real=0.70 secs] 
2018-04-16T01:40:35.613+0800: 260194.609: [GC (Allocation Failure) 2018-04-16T01:40:35.613+0800: 260194.609: [ParNew: 11821103K->101538K(13212096K), 0.5959757 secs] 85897108K->74178707K(187275712K), 0.5963856 secs] [Times: user=4.28 sys=0.46, real=0.59 secs] 
2018-04-16T01:41:08.648+0800: 260227.644: [GC (Allocation Failure) 2018-04-16T01:41:08.648+0800: 260227.644: [ParNew: 11845666K->114750K(13212096K), 0.6162751 secs] 85922835K->74197970K(187275712K), 0.6167049 secs] [Times: user=3.52 sys=1.34, real=0.62 secs] 
2018-04-16T01:41:49.643+0800: 260268.639: [GC (Allocation Failure) 2018-04-16T01:41:49.643+0800: 260268.639: [ParNew: 11858878K->134400K(13212096K), 0.4826593 secs] 85942098K->74221022K(187275712K), 0.4830679 secs] [Times: user=3.27 sys=0.55, real=0.48 secs] 
2018-04-16T01:42:28.488+0800: 260307.484: [GC (Allocation Failure) 2018-04-16T01:42:28.488+0800: 260307.484: [ParNew: 11878528K->144682K(13212096K), 0.6427974 secs] 85965150K->74243276K(187275712K), 0.6432212 secs] [Times: user=3.34 sys=1.73, real=0.65 secs] 
2018-04-16T01:42:52.087+0800: 260331.083: [GC (Allocation Failure) 2018-04-16T01:42:52.087+0800: 260331.083: [ParNew: 11888810K->164195K(13212096K), 0.5044184 secs] 85987404K->74264128K(187275712K), 0.5048204 secs] [Times: user=3.42 sys=0.59, real=0.51 secs] 
2018-04-16T01:43:23.468+0800: 260362.464: [GC (Allocation Failure) 2018-04-16T01:43:23.468+0800: 260362.464: [ParNew: 11908323K->158048K(13212096K), 0.5963141 secs] 86008256K->74265139K(187275712K), 0.5967113 secs] [Times: user=3.93 sys=0.79, real=0.60 secs] 
2018-04-16T01:43:54.300+0800: 260393.296: [GC (Allocation Failure) 2018-04-16T01:43:54.301+0800: 260393.297: [ParNew: 11902176K->157847K(13212096K), 0.6110696 secs] 86009267K->74269167K(187275712K), 0.6114943 secs] [Times: user=3.24 sys=1.57, real=0.62 secs] 
2018-04-16T01:44:17.791+0800: 260416.787: [GC (Allocation Failure) 2018-04-16T01:44:17.792+0800: 260416.788: [ParNew: 11901975K->88256K(13212096K), 0.4539554 secs] 86013295K->74204449K(187275712K), 0.4543698 secs] [Times: user=3.22 sys=0.39, real=0.45 secs] 
2018-04-16T01:44:41.159+0800: 260440.155: [GC (Allocation Failure) 2018-04-16T01:44:41.159+0800: 260440.155: [ParNew: 11832384K->107529K(13212096K), 0.6236995 secs] 85948577K->74229495K(187275712K), 0.6241092 secs] [Times: user=3.34 sys=1.59, real=0.63 secs] 
2018-04-16T01:44:54.506+0800: 260453.502: [GC (Allocation Failure) 2018-04-16T01:44:54.506+0800: 260453.502: [ParNew: 11851657K->149859K(13212096K), 0.4872833 secs] 85973623K->74277191K(187275712K), 0.4876948 secs] [Times: user=3.81 sys=0.06, real=0.49 secs] 
2018-04-16T01:45:07.572+0800: 260466.568: [GC (Allocation Failure) 2018-04-16T01:45:07.573+0800: 260466.569: [ParNew: 11893987K->197497K(13212096K), 0.5246673 secs] 86021319K->74327524K(187275712K), 0.5250659 secs] [Times: user=3.84 sys=0.33, real=0.52 secs] 
2018-04-16T01:45:18.776+0800: 260477.772: [GC (Allocation Failure) 2018-04-16T01:45:18.776+0800: 260477.772: [ParNew: 11941625K->175648K(13212096K), 0.4791969 secs] 86071652K->74308206K(187275712K), 0.4796035 secs] [Times: user=3.67 sys=0.15, real=0.48 secs] 
2018-04-16T01:45:26.571+0800: 260485.567: [GC (Allocation Failure) 2018-04-16T01:45:26.571+0800: 260485.567: [ParNew: 11919776K->117026K(13212096K), 0.3942864 secs] 86052334K->74252746K(187275712K), 0.3946928 secs] [Times: user=3.14 sys=0.00, real=0.40 secs] 
2018-04-16T01:45:36.922+0800: 260495.918: [GC (Allocation Failure) 2018-04-16T01:45:36.922+0800: 260495.918: [ParNew: 11861154K->112004K(13212096K), 0.5549102 secs] 85996874K->74249632K(187275712K), 0.5553393 secs] [Times: user=2.84 sys=1.56, real=0.55 secs] 
2018-04-16T01:45:49.287+0800: 260508.283: [GC (Allocation Failure) 2018-04-16T01:45:49.287+0800: 260508.283: [ParNew: 11856132K->81170K(13212096K), 0.4599459 secs] 85993760K->74224203K(187275712K), 0.4603448 secs] [Times: user=2.62 sys=1.04, real=0.46 secs] 
2018-04-16T01:46:03.958+0800: 260522.954: [GC (Allocation Failure) 2018-04-16T01:46:03.959+0800: 260522.955: [ParNew: 11825298K->81447K(13212096K), 0.4618167 secs] 85968331K->74227674K(187275712K), 0.4622126 secs] [Times: user=3.30 sys=0.37, real=0.46 secs] 
2018-04-16T01:46:21.803+0800: 260540.799: [GC (Allocation Failure) 2018-04-16T01:46:21.803+0800: 260540.799: [ParNew: 11825575K->68844K(13212096K), 0.4778730 secs] 85971802K->74217821K(187275712K), 0.4782709 secs] [Times: user=3.41 sys=0.38, real=0.47 secs] 
2018-04-16T01:46:34.974+0800: 260553.970: [GC (Allocation Failure) 2018-04-16T01:46:34.974+0800: 260553.970: [ParNew: 11812972K->73555K(13212096K), 0.5804941 secs] 85961949K->74224213K(187275712K), 0.5808959 secs] [Times: user=2.95 sys=1.65, real=0.58 secs] 
2018-04-16T01:46:56.049+0800: 260575.045: [GC (Allocation Failure) 2018-04-16T01:46:56.049+0800: 260575.045: [ParNew: 11817683K->100715K(13212096K), 0.6549191 secs] 85968341K->74252738K(187275712K), 0.6553298 secs] [Times: user=4.43 sys=0.76, real=0.66 secs] 
2018-04-16T01:47:03.163+0800: 260582.159: [GC (Allocation Failure) 2018-04-16T01:47:03.163+0800: 260582.159: [ParNew: 11844843K->108935K(13212096K), 0.4146460 secs] 85996866K->74261849K(187275712K), 0.4150487 secs] [Times: user=3.30 sys=0.00, real=0.41 secs] 
2018-04-16T01:47:09.514+0800: 260588.510: [GC (Allocation Failure) 2018-04-16T01:47:09.514+0800: 260588.510: [ParNew: 11853063K->88969K(13212096K), 0.3974258 secs] 86005977K->74245109K(187275712K), 0.3978309 secs] [Times: user=3.16 sys=0.00, real=0.40 secs] 
2018-04-16T01:47:21.513+0800: 260600.509: [GC (Allocation Failure) 2018-04-16T01:47:21.514+0800: 260600.510: [ParNew: 11833097K->60701K(13212096K), 0.4430823 secs] 85989237K->74218893K(187275712K), 0.4434771 secs] [Times: user=3.29 sys=0.23, real=0.44 secs] 
2018-04-16T01:47:35.851+0800: 260614.847: [GC (Allocation Failure) 2018-04-16T01:47:35.851+0800: 260614.847: [ParNew: 11804829K->54302K(13212096K), 0.5447448 secs] 85963021K->74214820K(187275712K), 0.5451436 secs] [Times: user=3.27 sys=1.04, real=0.55 secs] 
2018-04-16T01:47:42.725+0800: 260621.721: [GC (Allocation Failure) 2018-04-16T01:47:42.725+0800: 260621.721: [ParNew: 11798430K->58655K(13212096K), 0.4748570 secs] 85958948K->74222792K(187275712K), 0.4752608 secs] [Times: user=3.73 sys=0.05, real=0.47 secs] 
2018-04-16T01:47:48.928+0800: 260627.924: [GC (Allocation Failure) 2018-04-16T01:47:48.929+0800: 260627.925: [ParNew: 11802783K->47260K(13212096K), 0.4102901 secs] 85966920K->74219746K(187275712K), 0.4106898 secs] [Times: user=2.27 sys=0.99, real=0.41 secs] 
2018-04-16T01:47:57.361+0800: 260636.357: [GC (Allocation Failure) 2018-04-16T01:47:57.362+0800: 260636.358: [ParNew: 11791388K->33480K(13212096K), 0.4424431 secs] 85963874K->74207503K(187275712K), 0.4428406 secs] [Times: user=3.38 sys=0.15, real=0.44 secs] 
2018-04-16T01:48:06.894+0800: 260645.890: [GC (Allocation Failure) 2018-04-16T01:48:06.895+0800: 260645.891: [ParNew: 11777608K->37046K(13212096K), 0.4650930 secs] 85951631K->74212702K(187275712K), 0.4654914 secs] [Times: user=3.58 sys=0.12, real=0.46 secs] 
2018-04-16T01:48:21.915+0800: 260660.911: [GC (Allocation Failure) 2018-04-16T01:48:21.915+0800: 260660.911: [ParNew: 11781174K->42853K(13212096K), 0.4280349 secs] 85956830K->74219570K(187275712K), 0.4284191 secs] [Times: user=2.71 sys=0.69, real=0.43 secs] 
2018-04-16T01:48:31.767+0800: 260670.764: [GC (Allocation Failure) 2018-04-16T01:48:31.768+0800: 260670.764: [ParNew: 11786981K->40705K(13212096K), 0.5540387 secs] 85963698K->74218457K(187275712K), 0.5544445 secs] [Times: user=2.29 sys=2.10, real=0.56 secs] 
2018-04-16T01:48:40.255+0800: 260679.251: [GC (Allocation Failure) 2018-04-16T01:48:40.255+0800: 260679.251: [ParNew: 11784833K->50092K(13212096K), 0.4243170 secs] 85962585K->74229365K(187275712K), 0.4247103 secs] [Times: user=3.37 sys=0.00, real=0.42 secs] 
2018-04-16T01:48:51.923+0800: 260690.919: [GC (Allocation Failure) 2018-04-16T01:48:51.923+0800: 260690.919: [ParNew: 11794220K->55162K(13212096K), 0.4411332 secs] 85973493K->74234809K(187275712K), 0.4415316 secs] [Times: user=2.61 sys=0.89, real=0.44 secs] 
2018-04-16T01:49:22.482+0800: 260721.478: [GC (Allocation Failure) 2018-04-16T01:49:22.483+0800: 260721.479: [ParNew: 11799290K->47863K(13212096K), 0.4692231 secs] 85978937K->74227915K(187275712K), 0.4696814 secs] [Times: user=3.34 sys=0.38, real=0.47 secs] 
2018-04-16T01:51:54.673+0800: 260873.669: [GC (Allocation Failure) 2018-04-16T01:51:54.673+0800: 260873.669: [ParNew: 11791991K->66953K(13212096K), 1.0001638 secs] 85972043K->74247660K(187275712K), 1.0005911 secs] [Times: user=5.29 sys=2.62, real=1.00 secs] 
2018-04-16T01:53:05.589+0800: 260944.585: [GC (Allocation Failure) 2018-04-16T01:53:05.589+0800: 260944.585: [ParNew: 11811081K->134230K(13212096K), 0.7484985 secs] 85991788K->74316944K(187275712K), 0.7489400 secs] [Times: user=4.54 sys=1.38, real=0.75 secs] 
2018-04-16T01:54:42.459+0800: 261041.455: [GC (Allocation Failure) 2018-04-16T01:54:42.459+0800: 261041.455: [ParNew: 11878358K->151313K(13212096K), 0.8713982 secs] 86061072K->74334972K(187275712K), 0.8718518 secs] [Times: user=5.09 sys=1.74, real=0.87 secs] 
2018-04-16T01:57:17.519+0800: 261196.516: [GC (Allocation Failure) 2018-04-16T01:57:17.520+0800: 261196.516: [ParNew: 11895441K->127086K(13212096K), 1.0813503 secs] 86079100K->74311834K(187275712K), 1.0817948 secs] [Times: user=6.77 sys=1.65, real=1.09 secs] 
2018-04-16T01:58:37.911+0800: 261276.907: [GC (Allocation Failure) 2018-04-16T01:58:37.911+0800: 261276.907: [ParNew: 11871214K->164816K(13212096K), 0.7172875 secs] 86055962K->74351826K(187275712K), 0.7177130 secs] [Times: user=4.01 sys=1.65, real=0.72 secs] 
2018-04-16T02:01:18.338+0800: 261437.334: [GC (Allocation Failure) 2018-04-16T02:01:18.338+0800: 261437.334: [ParNew: 11908944K->151476K(13212096K), 1.0576316 secs] 86095954K->74339695K(187275712K), 1.0580547 secs] [Times: user=5.96 sys=2.41, real=1.06 secs] 
2018-04-16T02:01:58.884+0800: 261477.880: [GC (Allocation Failure) 2018-04-16T02:01:58.884+0800: 261477.880: [ParNew: 11895604K->171780K(13212096K), 0.6229235 secs] 86083823K->74366503K(187275712K), 0.6233420 secs] [Times: user=3.82 sys=1.11, real=0.62 secs] 
2018-04-16T02:02:10.241+0800: 261489.237: [GC (Allocation Failure) 2018-04-16T02:02:10.241+0800: 261489.237: [ParNew: 11915908K->181572K(13212096K), 0.4269127 secs] 86110631K->74388428K(187275712K), 0.4273395 secs] [Times: user=3.38 sys=0.00, real=0.43 secs] 
2018-04-16T02:02:32.652+0800: 261511.648: [GC (Allocation Failure) 2018-04-16T02:02:32.652+0800: 261511.649: [ParNew: 11925700K->113121K(13212096K), 0.6421833 secs] 86132556K->74332821K(187275712K), 0.6426141 secs] [Times: user=4.01 sys=1.05, real=0.64 secs] 
2018-04-16T02:02:56.584+0800: 261535.580: [GC (Allocation Failure) 2018-04-16T02:02:56.585+0800: 261535.581: [ParNew: 11857249K->99713K(13212096K), 0.6128719 secs] 86076949K->74330949K(187275712K), 0.6132949 secs] [Times: user=3.85 sys=1.01, real=0.61 secs] 
2018-04-16T02:03:14.799+0800: 261553.795: [GC (Allocation Failure) 2018-04-16T02:03:14.799+0800: 261553.795: [ParNew: 11843841K->91859K(13212096K), 0.5409224 secs] 86075077K->74339686K(187275712K), 0.5413432 secs] [Times: user=3.72 sys=0.56, real=0.54 secs] 
2018-04-16T02:03:32.608+0800: 261571.604: [GC (Allocation Failure) 2018-04-16T02:03:32.608+0800: 261571.604: [ParNew: 11835987K->100237K(13212096K), 0.6101729 secs] 86083814K->74356950K(187275712K), 0.6105907 secs] [Times: user=3.18 sys=1.64, real=0.61 secs] 
2018-04-16T02:04:40.769+0800: 261639.765: [GC (Allocation Failure) 2018-04-16T02:04:40.770+0800: 261639.766: [ParNew: 11844365K->84520K(13212096K), 0.6189024 secs] 86101078K->74343948K(187275712K), 0.6193190 secs] [Times: user=3.74 sys=1.18, real=0.62 secs] 
2018-04-16T02:05:29.794+0800: 261688.790: [GC (Allocation Failure) 2018-04-16T02:05:29.794+0800: 261688.790: [ParNew: 11828648K->56105K(13212096K), 0.6638922 secs] 86088076K->74316870K(187275712K), 0.6643162 secs] [Times: user=4.54 sys=0.71, real=0.66 secs] 
2018-04-16T02:05:48.897+0800: 261707.893: [GC (Allocation Failure) 2018-04-16T02:05:48.897+0800: 261707.893: [ParNew: 11800233K->66286K(13212096K), 0.4826454 secs] 86060998K->74328090K(187275712K), 0.4830519 secs] [Times: user=3.60 sys=0.23, real=0.48 secs] 
2018-04-16T02:06:16.257+0800: 261735.253: [GC (Allocation Failure) 2018-04-16T02:06:16.258+0800: 261735.254: [ParNew: 11810414K->64310K(13212096K), 0.4911021 secs] 86072218K->74326928K(187275712K), 0.4915165 secs] [Times: user=2.32 sys=1.59, real=0.49 secs] 
2018-04-16T02:06:32.072+0800: 261751.068: [GC (Allocation Failure) 2018-04-16T02:06:32.072+0800: 261751.068: [ParNew: 11808438K->67395K(13212096K), 0.5142761 secs] 86071056K->74332681K(187275712K), 0.5146810 secs] [Times: user=3.73 sys=0.37, real=0.51 secs] 
2018-04-16T02:06:43.129+0800: 261762.125: [GC (Allocation Failure) 2018-04-16T02:06:43.129+0800: 261762.125: [ParNew: 11811523K->61281K(13212096K), 0.6183852 secs] 86076809K->74342616K(187275712K), 0.6188025 secs] [Times: user=3.23 sys=1.64, real=0.62 secs] 
2018-04-16T02:07:01.247+0800: 261780.243: [GC (Allocation Failure) 2018-04-16T02:07:01.247+0800: 261780.243: [ParNew: 11805409K->42280K(13212096K), 0.4645619 secs] 86086744K->74327180K(187275712K), 0.4649736 secs] [Times: user=3.48 sys=0.20, real=0.47 secs] 
2018-04-16T02:07:23.621+0800: 261802.618: [GC (Allocation Failure) 2018-04-16T02:07:23.622+0800: 261802.618: [ParNew: 11786408K->39866K(13212096K), 0.5544291 secs] 86071308K->74330645K(187275712K), 0.5548396 secs] [Times: user=3.77 sys=0.62, real=0.55 secs] 
2018-04-16T02:08:23.738+0800: 261862.734: [GC (Allocation Failure) 2018-04-16T02:08:23.738+0800: 261862.734: [ParNew: 11783994K->33206K(13212096K), 0.6861239 secs] 86074773K->74325061K(187275712K), 0.6865861 secs] [Times: user=4.15 sys=1.24, real=0.69 secs] 
2018-04-16T02:08:44.875+0800: 261883.871: [GC (Allocation Failure) 2018-04-16T02:08:44.875+0800: 261883.871: [ParNew: 11777334K->37444K(13212096K), 0.4451180 secs] 86069189K->74330658K(187275712K), 0.4455270 secs] [Times: user=3.33 sys=0.20, real=0.44 secs] 
2018-04-16T02:11:19.961+0800: 262038.957: [GC (Allocation Failure) 2018-04-16T02:11:19.961+0800: 262038.957: [ParNew: 11781572K->55089K(13212096K), 0.9200937 secs] 86074786K->74349030K(187275712K), 0.9205216 secs] [Times: user=5.77 sys=1.45, real=0.93 secs] 
2018-04-16T02:12:23.318+0800: 262102.314: [GC (Allocation Failure) 2018-04-16T02:12:23.319+0800: 262102.315: [ParNew: 11799217K->56784K(13212096K), 0.5930903 secs] 86093158K->74351041K(187275712K), 0.5934540 secs] [Times: user=4.47 sys=0.25, real=0.60 secs] 
2018-04-16T02:13:28.286+0800: 262167.282: [GC (Allocation Failure) 2018-04-16T02:13:28.286+0800: 262167.282: [ParNew: 11800912K->72744K(13212096K), 0.6561565 secs] 86095169K->74367601K(187275712K), 0.6565816 secs] [Times: user=3.63 sys=1.54, real=0.66 secs] 
2018-04-16T02:13:39.283+0800: 262178.279: [GC (Allocation Failure) 2018-04-16T02:13:39.283+0800: 262178.279: [ParNew: 11816872K->80722K(13212096K), 0.4308123 secs] 86111729K->74376468K(187275712K), 0.4312190 secs] [Times: user=3.29 sys=0.14, real=0.43 secs] 
2018-04-16T02:13:49.114+0800: 262188.110: [GC (Allocation Failure) 2018-04-16T02:13:49.114+0800: 262188.110: [ParNew: 11824850K->102640K(13212096K), 0.4732567 secs] 86120596K->74401816K(187275712K), 0.4736688 secs] [Times: user=3.53 sys=0.22, real=0.47 secs] 
2018-04-16T02:14:02.079+0800: 262201.075: [GC (Allocation Failure) 2018-04-16T02:14:02.080+0800: 262201.076: [ParNew: 11846768K->131407K(13212096K), 0.4444198 secs] 86145944K->74432453K(187275712K), 0.4448227 secs] [Times: user=3.03 sys=0.51, real=0.45 secs] 
2018-04-16T02:14:11.616+0800: 262210.612: [GC (Allocation Failure) 2018-04-16T02:14:11.616+0800: 262210.612: [ParNew: 11875535K->124422K(13212096K), 0.4041858 secs] 86176581K->74435170K(187275712K), 0.4046037 secs] [Times: user=3.21 sys=0.00, real=0.40 secs] 
2018-04-16T02:14:22.932+0800: 262221.928: [GC (Allocation Failure) 2018-04-16T02:14:22.932+0800: 262221.928: [ParNew: 11868550K->77493K(13212096K), 0.5446639 secs] 86179298K->74391042K(187275712K), 0.5450914 secs] [Times: user=3.15 sys=1.15, real=0.54 secs] 
2018-04-16T02:14:38.618+0800: 262237.614: [GC (Allocation Failure) 2018-04-16T02:14:38.619+0800: 262237.615: [ParNew: 11821621K->58265K(13212096K), 0.4982292 secs] 86135170K->74383382K(187275712K), 0.4986382 secs] [Times: user=3.49 sys=0.46, real=0.50 secs] 
2018-04-16T02:15:38.271+0800: 262297.267: [GC (Allocation Failure) 2018-04-16T02:15:38.271+0800: 262297.267: [ParNew: 11802393K->59214K(13212096K), 0.6418077 secs] 86127510K->74385764K(187275712K), 0.6425070 secs] [Times: user=5.00 sys=0.11, real=0.65 secs] 
2018-04-16T02:15:48.377+0800: 262307.373: [GC (Allocation Failure) 2018-04-16T02:15:48.377+0800: 262307.373: [ParNew: 11803342K->86864K(13212096K), 0.5871628 secs] 86129892K->74414853K(187275712K), 0.5875819 secs] [Times: user=2.90 sys=1.76, real=0.59 secs] 
2018-04-16T02:15:54.995+0800: 262313.991: [GC (Allocation Failure) 2018-04-16T02:15:54.995+0800: 262313.991: [ParNew: 11830992K->97531K(13212096K), 0.4279695 secs] 86158981K->74427128K(187275712K), 0.4283717 secs] [Times: user=3.36 sys=0.04, real=0.43 secs] 
2018-04-16T02:16:03.987+0800: 262322.983: [GC (Allocation Failure) 2018-04-16T02:16:03.987+0800: 262322.983: [ParNew: 11841659K->101671K(13212096K), 0.4745154 secs] 86171256K->74431644K(187275712K), 0.4749228 secs] [Times: user=3.56 sys=0.22, real=0.48 secs] 
2018-04-16T02:16:34.576+0800: 262353.572: [GC (Allocation Failure) 2018-04-16T02:16:34.576+0800: 262353.573: [ParNew: 11845799K->86800K(13212096K), 0.5435451 secs] 86175772K->74417055K(187275712K), 0.5452941 secs] [Times: user=3.95 sys=0.36, real=0.55 secs] 
2018-04-16T02:17:43.171+0800: 262422.167: [GC (Allocation Failure) 2018-04-16T02:17:43.171+0800: 262422.167: [ParNew: 11830928K->82459K(13212096K), 0.9726054 secs] 86161183K->74413283K(187275712K), 0.9729743 secs] [Times: user=5.58 sys=2.13, real=0.98 secs] 
2018-04-16T02:18:21.086+0800: 262460.082: [GC (Allocation Failure) 2018-04-16T02:18:21.087+0800: 262460.083: [ParNew: 11826587K->84740K(13212096K), 0.6013329 secs] 86157411K->74427395K(187275712K), 0.6017091 secs] [Times: user=4.04 sys=0.71, real=0.60 secs] 
2018-04-16T02:18:46.949+0800: 262485.945: [GC (Allocation Failure) 2018-04-16T02:18:46.949+0800: 262485.945: [ParNew: 11828868K->102413K(13212096K), 0.5835118 secs] 86171523K->74446173K(187275712K), 0.5838956 secs] [Times: user=3.28 sys=1.34, real=0.59 secs] 
2018-04-16T02:19:13.921+0800: 262512.917: [GC (Allocation Failure) 2018-04-16T02:19:13.922+0800: 262512.918: [ParNew: 11846541K->129923K(13212096K), 0.6085899 secs] 86190301K->74473956K(187275712K), 0.6089624 secs] [Times: user=3.67 sys=1.17, real=0.60 secs] 
2018-04-16T02:19:38.051+0800: 262537.047: [GC (Allocation Failure) 2018-04-16T02:19:38.051+0800: 262537.047: [ParNew: 11874051K->126720K(13212096K), 0.6599821 secs] 86218084K->74471111K(187275712K), 0.6603959 secs] [Times: user=3.62 sys=1.60, real=0.66 secs] 
2018-04-16T02:20:06.554+0800: 262565.550: [GC (Allocation Failure) 2018-04-16T02:20:06.554+0800: 262565.550: [ParNew: 11870848K->97969K(13212096K), 0.5858916 secs] 86215239K->74444143K(187275712K), 0.5863000 secs] [Times: user=4.66 sys=0.00, real=0.58 secs] 
2018-04-16T02:20:24.517+0800: 262583.513: [GC (Allocation Failure) 2018-04-16T02:20:24.518+0800: 262583.514: [ParNew: 11842097K->113871K(13212096K), 0.5183740 secs] 86188271K->74464590K(187275712K), 0.5187838 secs] [Times: user=3.69 sys=0.44, real=0.52 secs] 
2018-04-16T02:20:41.137+0800: 262600.133: [GC (Allocation Failure) 2018-04-16T02:20:41.137+0800: 262600.133: [ParNew: 11857999K->129093K(13212096K), 0.6573156 secs] 86208718K->74484416K(187275712K), 0.6577378 secs] [Times: user=3.51 sys=1.67, real=0.66 secs] 
2018-04-16T02:20:56.766+0800: 262615.762: [GC (Allocation Failure) 2018-04-16T02:20:56.766+0800: 262615.762: [ParNew: 11873221K->91310K(13212096K), 0.4343954 secs] 86228544K->74450355K(187275712K), 0.4347973 secs] [Times: user=3.45 sys=0.00, real=0.43 secs] 
2018-04-16T02:21:14.834+0800: 262633.830: [GC (Allocation Failure) 2018-04-16T02:21:14.834+0800: 262633.830: [ParNew: 11835438K->80715K(13212096K), 0.5399101 secs] 86194483K->74444013K(187275712K), 0.5403181 secs] [Times: user=3.64 sys=0.65, real=0.54 secs] 
2018-04-16T02:21:35.973+0800: 262654.969: [GC (Allocation Failure) 2018-04-16T02:21:35.973+0800: 262654.969: [ParNew: 11824843K->80870K(13212096K), 0.4458364 secs] 86188141K->74446193K(187275712K), 0.4462357 secs] [Times: user=3.26 sys=0.28, real=0.44 secs] 
2018-04-16T02:22:12.437+0800: 262691.433: [GC (Allocation Failure) 2018-04-16T02:22:12.437+0800: 262691.433: [ParNew: 11824998K->89572K(13212096K), 0.5744836 secs] 86190321K->74458948K(187275712K), 0.5749167 secs] [Times: user=4.31 sys=0.24, real=0.58 secs] 
2018-04-16T02:22:46.803+0800: 262725.799: [GC (Allocation Failure) 2018-04-16T02:22:46.803+0800: 262725.799: [ParNew: 11833700K->85917K(13212096K), 0.5326166 secs] 86203076K->74459046K(187275712K), 0.5330424 secs] [Times: user=3.40 sys=0.83, real=0.53 secs] 
2018-04-16T02:23:12.516+0800: 262751.512: [GC (Allocation Failure) 2018-04-16T02:23:12.516+0800: 262751.512: [ParNew: 11830045K->83682K(13212096K), 0.4340247 secs] 86203174K->74458594K(187275712K), 0.4349972 secs] [Times: user=3.41 sys=0.04, real=0.43 secs] 
2018-04-16T02:23:42.019+0800: 262781.015: [GC (Allocation Failure) 2018-04-16T02:23:42.019+0800: 262781.016: [ParNew: 11827810K->111369K(13212096K), 0.5723052 secs] 86202722K->74487686K(187275712K), 0.5726717 secs] [Times: user=2.98 sys=1.56, real=0.58 secs] 
2018-04-16T02:24:19.795+0800: 262818.791: [GC (Allocation Failure) 2018-04-16T02:24:19.795+0800: 262818.791: [ParNew: 11855497K->137447K(13212096K), 0.6462762 secs] 86231814K->74516684K(187275712K), 0.6466206 secs] [Times: user=5.04 sys=0.10, real=0.65 secs] 
2018-04-16T02:24:52.081+0800: 262851.077: [GC (Allocation Failure) 2018-04-16T02:24:52.081+0800: 262851.077: [ParNew: 11881575K->135282K(13212096K), 0.6622515 secs] 86260812K->74516605K(187275712K), 0.6626792 secs] [Times: user=4.58 sys=0.67, real=0.67 secs] 
2018-04-16T02:25:17.808+0800: 262876.804: [GC (Allocation Failure) 2018-04-16T02:25:17.808+0800: 262876.804: [ParNew: 11879410K->140035K(13212096K), 0.5446554 secs] 86260733K->74530670K(187275712K), 0.5450898 secs] [Times: user=3.67 sys=0.66, real=0.55 secs] 
2018-04-16T02:25:37.278+0800: 262896.274: [GC (Allocation Failure) 2018-04-16T02:25:37.278+0800: 262896.274: [ParNew: 11884163K->142946K(13212096K), 0.4199425 secs] 86274798K->74542360K(187275712K), 0.4203729 secs] [Times: user=3.33 sys=0.00, real=0.42 secs] 
2018-04-16T02:26:45.850+0800: 262964.846: [GC (Allocation Failure) 2018-04-16T02:26:45.850+0800: 262964.846: [ParNew: 11887074K->119859K(13212096K), 0.8962623 secs] 86286488K->74522987K(187275712K), 0.8967192 secs] [Times: user=4.76 sys=2.29, real=0.90 secs] 
2018-04-16T02:28:55.533+0800: 263094.529: [GC (Allocation Failure) 2018-04-16T02:28:55.534+0800: 263094.530: [ParNew: 11863987K->111544K(13212096K), 0.9458718 secs] 86267115K->74518583K(187275712K), 0.9463181 secs] [Times: user=3.76 sys=3.64, real=0.94 secs] 
2018-04-16T02:30:37.332+0800: 263196.328: [GC (Allocation Failure) 2018-04-16T02:30:37.332+0800: 263196.328: [ParNew: 11855672K->122999K(13212096K), 1.0480036 secs] 86262711K->74538788K(187275712K), 1.0484334 secs] [Times: user=5.58 sys=2.66, real=1.04 secs] 
2018-04-16T02:33:06.972+0800: 263345.968: [GC (Allocation Failure) 2018-04-16T02:33:06.972+0800: 263345.968: [ParNew: 11867127K->117412K(13212096K), 1.0104648 secs] 86282916K->74540021K(187275712K), 1.0108981 secs] [Times: user=5.65 sys=2.26, real=1.01 secs] 
2018-04-16T02:35:19.031+0800: 263478.027: [GC (Allocation Failure) 2018-04-16T02:35:19.031+0800: 263478.027: [ParNew: 11861540K->171173K(13212096K), 0.6388376 secs] 86284149K->74595820K(187275712K), 0.6392667 secs] [Times: user=4.17 sys=0.88, real=0.64 secs] 
2018-04-16T02:37:50.024+0800: 263629.020: [GC (Allocation Failure) 2018-04-16T02:37:50.024+0800: 263629.020: [ParNew: 11915301K->152019K(13212096K), 1.0189481 secs] 86339948K->74577648K(187275712K), 1.0193709 secs] [Times: user=5.81 sys=2.29, real=1.02 secs] 
2018-04-16T02:41:15.160+0800: 263834.156: [GC (Allocation Failure) 2018-04-16T02:41:15.160+0800: 263834.156: [ParNew: 11896147K->121066K(13212096K), 0.9848238 secs] 86321776K->74553092K(187275712K), 0.9852619 secs] [Times: user=6.23 sys=1.54, real=0.99 secs] 
2018-04-16T02:42:00.937+0800: 263879.933: [GC (Allocation Failure) 2018-04-16T02:42:00.937+0800: 263879.933: [ParNew: 11865194K->123851K(13212096K), 0.5629877 secs] 86297220K->74564467K(187275712K), 0.5634146 secs] [Times: user=3.72 sys=0.75, real=0.56 secs] 
2018-04-16T02:42:14.241+0800: 263893.237: [GC (Allocation Failure) 2018-04-16T02:42:14.242+0800: 263893.238: [ParNew: 11867979K->106894K(13212096K), 0.4392120 secs] 86308595K->74554503K(187275712K), 0.4396429 secs] [Times: user=3.40 sys=0.08, real=0.43 secs] 
2018-04-16T02:42:31.797+0800: 263910.793: [GC (Allocation Failure) 2018-04-16T02:42:31.797+0800: 263910.793: [ParNew: 11851022K->107370K(13212096K), 0.5751435 secs] 86298631K->74563255K(187275712K), 0.5755841 secs] [Times: user=3.11 sys=1.44, real=0.58 secs] 
2018-04-16T02:46:26.454+0800: 264145.450: [GC (Allocation Failure) 2018-04-16T02:46:26.454+0800: 264145.450: [ParNew: 11851498K->65422K(13212096K), 1.1252363 secs] 86307383K->74532041K(187275712K), 1.1256033 secs] [Times: user=6.97 sys=1.96, real=1.12 secs] 
2018-04-16T02:47:37.707+0800: 264216.703: [GC (Allocation Failure) 2018-04-16T02:47:37.707+0800: 264216.703: [ParNew: 11809550K->53991K(13212096K), 0.6741430 secs] 86276169K->74538580K(187275712K), 0.6745786 secs] [Times: user=4.15 sys=1.13, real=0.68 secs] 
2018-04-16T02:48:22.480+0800: 264261.476: [GC (Allocation Failure) 2018-04-16T02:48:22.480+0800: 264261.476: [ParNew: 11798119K->50408K(13212096K), 0.6638995 secs] 86282708K->74539698K(187275712K), 0.6643221 secs] [Times: user=4.53 sys=0.74, real=0.67 secs] 
2018-04-16T02:49:40.319+0800: 264339.315: [GC (Allocation Failure) 2018-04-16T02:49:40.319+0800: 264339.315: [ParNew: 11794536K->65185K(13212096K), 0.7126459 secs] 86283826K->74554791K(187275712K), 0.7130712 secs] [Times: user=4.75 sys=0.88, real=0.72 secs] 
2018-04-16T02:49:53.927+0800: 264352.923: [GC (Allocation Failure) 2018-04-16T02:49:53.928+0800: 264352.924: [ParNew: 11809313K->78397K(13212096K), 0.4661773 secs] 86298919K->74568085K(187275712K), 0.4665887 secs] [Times: user=3.53 sys=0.18, real=0.47 secs] 
2018-04-16T02:50:04.377+0800: 264363.373: [GC (Allocation Failure) 2018-04-16T02:50:04.377+0800: 264363.374: [ParNew: 11822525K->97186K(13212096K), 0.4784353 secs] 86312213K->74587005K(187275712K), 0.4788440 secs] [Times: user=3.62 sys=0.20, real=0.48 secs] 
2018-04-16T02:50:57.489+0800: 264416.485: [GC (Allocation Failure) 2018-04-16T02:50:57.489+0800: 264416.485: [ParNew: 11841314K->74076K(13212096K), 0.6678335 secs] 86331133K->74568157K(187275712K), 0.6682581 secs] [Times: user=3.71 sys=1.57, real=0.67 secs] 
2018-04-16T02:51:45.194+0800: 264464.190: [GC (Allocation Failure) 2018-04-16T02:51:45.195+0800: 264464.191: [ParNew: 11818204K->54577K(13212096K), 0.5869261 secs] 86312285K->74550684K(187275712K), 0.5873452 secs] [Times: user=3.68 sys=0.98, real=0.59 secs] 
2018-04-16T02:51:51.520+0800: 264470.516: [GC (Allocation Failure) 2018-04-16T02:51:51.521+0800: 264470.517: [ParNew: 11798705K->56498K(13212096K), 0.4464197 secs] 86294812K->74554848K(187275712K), 0.4468291 secs] [Times: user=3.46 sys=0.09, real=0.45 secs] 
2018-04-16T02:52:25.192+0800: 264504.188: [GC (Allocation Failure) 2018-04-16T02:52:25.192+0800: 264504.188: [ParNew: 11800626K->52857K(13212096K), 0.6167803 secs] 86298976K->74556193K(187275712K), 0.6172005 secs] [Times: user=3.28 sys=1.59, real=0.61 secs] 
2018-04-16T02:52:54.926+0800: 264533.922: [GC (Allocation Failure) 2018-04-16T02:52:54.926+0800: 264533.922: [ParNew: 11796985K->54717K(13212096K), 0.5156080 secs] 86300321K->74558584K(187275712K), 0.5160158 secs] [Times: user=3.60 sys=0.50, real=0.52 secs] 
2018-04-16T02:53:13.431+0800: 264552.427: [GC (Allocation Failure) 2018-04-16T02:53:13.431+0800: 264552.427: [ParNew: 11798845K->80183K(13212096K), 0.4539562 secs] 86302712K->74584489K(187275712K), 0.4543639 secs] [Times: user=3.38 sys=0.23, real=0.46 secs] 
2018-04-16T02:53:23.829+0800: 264562.825: [GC (Allocation Failure) 2018-04-16T02:53:23.830+0800: 264562.826: [ParNew: 11824311K->75550K(13212096K), 0.4559332 secs] 86328617K->74583373K(187275712K), 0.4563368 secs] [Times: user=2.37 sys=1.24, real=0.46 secs] 
2018-04-16T02:53:34.192+0800: 264573.188: [GC (Allocation Failure) 2018-04-16T02:53:34.192+0800: 264573.188: [ParNew: 11819678K->65974K(13212096K), 0.5854355 secs] 86327501K->74577816K(187275712K), 0.5858752 secs] [Times: user=3.27 sys=1.35, real=0.58 secs] 
2018-04-16T02:54:19.687+0800: 264618.683: [GC (Allocation Failure) 2018-04-16T02:54:19.688+0800: 264618.684: [ParNew: 11810102K->39172K(13212096K), 0.5235379 secs] 86321944K->74551115K(187275712K), 0.5239488 secs] [Times: user=3.35 sys=0.80, real=0.53 secs] 
2018-04-16T02:55:54.551+0800: 264713.547: [GC (Allocation Failure) 2018-04-16T02:55:54.551+0800: 264713.547: [ParNew: 11783300K->77516K(13212096K), 0.7596721 secs] 86295243K->74590689K(187275712K), 0.7600936 secs] [Times: user=3.95 sys=2.06, real=0.76 secs] 
2018-04-16T02:56:37.312+0800: 264756.308: [GC (Allocation Failure) 2018-04-16T02:56:37.312+0800: 264756.308: [ParNew: 11821644K->100763K(13212096K), 0.6214541 secs] 86334817K->74615154K(187275712K), 0.6218684 secs] [Times: user=3.66 sys=1.29, real=0.62 secs] 
2018-04-16T02:57:42.332+0800: 264821.328: [GC (Allocation Failure) 2018-04-16T02:57:42.333+0800: 264821.329: [ParNew: 11844891K->91096K(13212096K), 0.7387249 secs] 86359282K->74607515K(187275712K), 0.7391833 secs] [Times: user=4.03 sys=1.82, real=0.74 secs] 
2018-04-16T02:58:23.809+0800: 264862.805: [GC (Allocation Failure) 2018-04-16T02:58:23.809+0800: 264862.805: [ParNew: 11835224K->118900K(13212096K), 0.5037414 secs] 86351643K->74635891K(187275712K), 0.5041661 secs] [Times: user=3.48 sys=0.53, real=0.51 secs] 
2018-04-16T02:59:05.804+0800: 264904.801: [GC (Allocation Failure) 2018-04-16T02:59:05.805+0800: 264904.801: [ParNew: 11863028K->114649K(13212096K), 0.6527608 secs] 86380019K->74632449K(187275712K), 0.6531866 secs] [Times: user=4.22 sys=0.94, real=0.65 secs] 
2018-04-16T02:59:24.667+0800: 264923.663: [GC (Allocation Failure) 2018-04-16T02:59:24.668+0800: 264923.664: [ParNew: 11858777K->80505K(13212096K), 0.5256123 secs] 86376577K->74601860K(187275712K), 0.5260301 secs] [Times: user=3.74 sys=0.45, real=0.53 secs] 
2018-04-16T02:59:39.119+0800: 264938.115: [GC (Allocation Failure) 2018-04-16T02:59:39.120+0800: 264938.116: [ParNew: 11824633K->82777K(13212096K), 0.4637692 secs] 86345988K->74613608K(187275712K), 0.4641791 secs] [Times: user=3.41 sys=0.25, real=0.47 secs] 
2018-04-16T02:59:52.373+0800: 264951.369: [GC (Allocation Failure) 2018-04-16T02:59:52.373+0800: 264951.369: [ParNew: 11826905K->112309K(13212096K), 0.5689826 secs] 86357736K->74646079K(187275712K), 0.5693916 secs] [Times: user=4.02 sys=0.50, real=0.57 secs] 
2018-04-16T03:00:01.995+0800: 264960.991: [GC (Allocation Failure) 2018-04-16T03:00:01.995+0800: 264960.991: [ParNew: 11856437K->131847K(13212096K), 0.4249251 secs] 86390207K->74669034K(187275712K), 0.4252819 secs] [Times: user=3.38 sys=0.00, real=0.42 secs] 
2018-04-16T03:00:11.726+0800: 264970.722: [GC (Allocation Failure) 2018-04-16T03:00:11.726+0800: 264970.722: [ParNew: 11875975K->139105K(13212096K), 0.5689208 secs] 86413162K->74683551K(187275712K), 0.5694625 secs] [Times: user=3.30 sys=1.19, real=0.57 secs] 
2018-04-16T03:00:23.866+0800: 264982.862: [GC (Allocation Failure) 2018-04-16T03:00:23.866+0800: 264982.862: [ParNew: 11883230K->72280K(13212096K), 0.4192114 secs] 86427676K->74622161K(187275712K), 0.4195806 secs] [Times: user=3.26 sys=0.07, real=0.42 secs] 
2018-04-16T03:00:33.416+0800: 264992.412: [GC (Allocation Failure) 2018-04-16T03:00:33.416+0800: 264992.412: [ParNew: 11816408K->51345K(13212096K), 0.4414642 secs] 86366289K->74602591K(187275712K), 0.4418263 secs] [Times: user=2.45 sys=1.05, real=0.44 secs] 
2018-04-16T03:00:39.538+0800: 264998.534: [GC (Allocation Failure) 2018-04-16T03:00:39.539+0800: 264998.535: [ParNew: 11795473K->62192K(13212096K), 0.4083838 secs] 86346719K->74614963K(187275712K), 0.4087551 secs] [Times: user=3.25 sys=0.00, real=0.41 secs] 
2018-04-16T03:00:45.972+0800: 265004.968: [GC (Allocation Failure) 2018-04-16T03:00:45.972+0800: 265004.968: [ParNew: 11806320K->65777K(13212096K), 0.3896217 secs] 86359091K->74619975K(187275712K), 0.3899956 secs] [Times: user=3.10 sys=0.00, real=0.39 secs] 
2018-04-16T03:00:53.489+0800: 265012.485: [GC (Allocation Failure) 2018-04-16T03:00:53.489+0800: 265012.485: [ParNew: 11809905K->69407K(13212096K), 0.4173210 secs] 86364103K->74624795K(187275712K), 0.4177336 secs] [Times: user=2.43 sys=0.89, real=0.42 secs] 
2018-04-16T03:01:10.691+0800: 265029.687: [GC (Allocation Failure) 2018-04-16T03:01:10.692+0800: 265029.688: [ParNew: 11813535K->57912K(13212096K), 0.5694681 secs] 86368923K->74613800K(187275712K), 0.5698892 secs] [Times: user=3.22 sys=1.29, real=0.57 secs] 
2018-04-16T03:01:26.409+0800: 265045.405: [GC (Allocation Failure) 2018-04-16T03:01:26.409+0800: 265045.405: [ParNew: 11802040K->26180K(13212096K), 0.4564579 secs] 86357928K->74586612K(187275712K), 0.4568624 secs] [Times: user=3.27 sys=0.36, real=0.46 secs] 
2018-04-16T03:01:45.460+0800: 265064.456: [GC (Allocation Failure) 2018-04-16T03:01:45.461+0800: 265064.457: [ParNew: 11770308K->23346K(13212096K), 0.4162941 secs] 86330740K->74584889K(187275712K), 0.4167136 secs] [Times: user=3.06 sys=0.26, real=0.42 secs] 
2018-04-16T03:05:32.889+0800: 265291.886: [GC (Allocation Failure) 2018-04-16T03:05:32.890+0800: 265291.886: [ParNew: 11767474K->33139K(13212096K), 1.1189734 secs] 86329017K->74595260K(187275712K), 1.1194000 secs] [Times: user=5.98 sys=2.87, real=1.12 secs] 
2018-04-16T03:08:53.121+0800: 265492.117: [GC (Allocation Failure) 2018-04-16T03:08:53.122+0800: 265492.118: [ParNew: 11777267K->54474K(13212096K), 1.1535122 secs] 86339388K->74616939K(187275712K), 1.1539329 secs] [Times: user=5.50 sys=3.59, real=1.15 secs] 
2018-04-16T03:11:03.211+0800: 265622.207: [GC (Allocation Failure) 2018-04-16T03:11:03.212+0800: 265622.208: [ParNew: 11798602K->117740K(13212096K), 0.8319842 secs] 86361067K->74680380K(187275712K), 0.8324176 secs] [Times: user=3.88 sys=2.57, real=0.83 secs] 
2018-04-16T03:13:48.802+0800: 265787.798: [GC (Allocation Failure) 2018-04-16T03:13:48.803+0800: 265787.799: [ParNew: 11861868K->102480K(13212096K), 0.8372096 secs] 86424508K->74665859K(187275712K), 0.8376251 secs] [Times: user=5.83 sys=0.73, real=0.83 secs] 
2018-04-16T03:15:53.223+0800: 265912.219: [GC (Allocation Failure) 2018-04-16T03:15:53.224+0800: 265912.220: [ParNew: 11846608K->113093K(13212096K), 0.9927414 secs] 86409987K->74676583K(187275712K), 0.9931602 secs] [Times: user=5.32 sys=2.52, real=0.99 secs] 
2018-04-16T03:19:14.680+0800: 266113.676: [GC (Allocation Failure) 2018-04-16T03:19:14.680+0800: 266113.676: [ParNew: 11857221K->120574K(13212096K), 0.8825228 secs] 86420711K->74684259K(187275712K), 0.8828932 secs] [Times: user=5.70 sys=1.24, real=0.89 secs] 
2018-04-16T03:20:18.134+0800: 266177.130: [GC (Allocation Failure) 2018-04-16T03:20:18.134+0800: 266177.130: [ParNew: 11864702K->136012K(13212096K), 0.6754772 secs] 86428387K->74703927K(187275712K), 0.6758961 secs] [Times: user=3.75 sys=1.62, real=0.67 secs] 
2018-04-16T03:20:34.613+0800: 266193.609: [GC (Allocation Failure) 2018-04-16T03:20:34.613+0800: 266193.609: [ParNew: 11880140K->165100K(13212096K), 0.4546345 secs] 86448055K->74740729K(187275712K), 0.4550366 secs] [Times: user=3.44 sys=0.14, real=0.45 secs] 
2018-04-16T03:20:52.762+0800: 266211.758: [GC (Allocation Failure) 2018-04-16T03:20:52.762+0800: 266211.758: [ParNew: 11909228K->167050K(13212096K), 0.6225652 secs] 86484857K->74749818K(187275712K), 0.6229948 secs] [Times: user=4.79 sys=0.15, real=0.62 secs] 
2018-04-16T03:21:07.157+0800: 266226.153: [GC (Allocation Failure) 2018-04-16T03:21:07.157+0800: 266226.153: [ParNew: 11911178K->133723K(13212096K), 0.5333026 secs] 86493946K->74727312K(187275712K), 0.5337135 secs] [Times: user=3.67 sys=0.57, real=0.53 secs] 
2018-04-16T03:21:47.172+0800: 266266.168: [GC (Allocation Failure) 2018-04-16T03:21:47.172+0800: 266266.168: [ParNew: 11877851K->70704K(13212096K), 0.6086020 secs] 86471440K->74676240K(187275712K), 0.6090231 secs] [Times: user=3.83 sys=1.00, real=0.60 secs] 
2018-04-16T03:22:03.320+0800: 266282.316: [GC (Allocation Failure) 2018-04-16T03:22:03.321+0800: 266282.317: [ParNew: 11814832K->47231K(13212096K), 0.6070126 secs] 86420368K->74663724K(187275712K), 0.6074298 secs] [Times: user=3.76 sys=1.01, real=0.61 secs] 
2018-04-16T03:22:11.606+0800: 266290.602: [GC (Allocation Failure) 2018-04-16T03:22:11.606+0800: 266290.602: [ParNew: 11791359K->39238K(13212096K), 0.4352872 secs] 86407852K->74667983K(187275712K), 0.4356997 secs] [Times: user=3.45 sys=0.00, real=0.44 secs] 
2018-04-16T03:22:25.516+0800: 266304.512: [GC (Allocation Failure) 2018-04-16T03:22:25.516+0800: 266304.512: [ParNew: 11783366K->33556K(13212096K), 0.4158488 secs] 86412111K->74663453K(187275712K), 0.4162421 secs] [Times: user=3.13 sys=0.18, real=0.42 secs] 
2018-04-16T03:22:41.435+0800: 266320.431: [GC (Allocation Failure) 2018-04-16T03:22:41.435+0800: 266320.431: [ParNew: 11777684K->31427K(13212096K), 0.4359859 secs] 86407581K->74661877K(187275712K), 0.4363830 secs] [Times: user=3.23 sys=0.24, real=0.44 secs] 
2018-04-16T03:23:18.589+0800: 266357.585: [GC (Allocation Failure) 2018-04-16T03:23:18.589+0800: 266357.585: [ParNew: 11775555K->40326K(13212096K), 0.6298937 secs] 86406005K->74671164K(187275712K), 0.6303169 secs] [Times: user=2.92 sys=2.06, real=0.63 secs] 
2018-04-16T03:23:40.182+0800: 266379.178: [GC (Allocation Failure) 2018-04-16T03:23:40.182+0800: 266379.178: [ParNew: 11784454K->43050K(13212096K), 0.4463562 secs] 86415292K->74675055K(187275712K), 0.4467225 secs] [Times: user=3.25 sys=0.30, real=0.44 secs] 
2018-04-16T03:24:18.898+0800: 266417.894: [GC (Allocation Failure) 2018-04-16T03:24:18.898+0800: 266417.894: [ParNew: 11787178K->53972K(13212096K), 0.6426599 secs] 86419183K->74686455K(187275712K), 0.6430671 secs] [Times: user=4.15 sys=0.97, real=0.64 secs] 
2018-04-16T03:24:46.271+0800: 266445.267: [GC (Allocation Failure) 2018-04-16T03:24:46.272+0800: 266445.268: [ParNew: 11798100K->56222K(13212096K), 0.5716923 secs] 86430583K->74688795K(187275712K), 0.5721119 secs] [Times: user=3.12 sys=1.40, real=0.57 secs] 
2018-04-16T03:25:10.785+0800: 266469.781: [GC (Allocation Failure) 2018-04-16T03:25:10.785+0800: 266469.781: [ParNew: 11800350K->61222K(13212096K), 0.5239425 secs] 86432923K->74694437K(187275712K), 0.5243526 secs] [Times: user=3.44 sys=0.74, real=0.52 secs] 
2018-04-16T03:25:27.938+0800: 266486.935: [GC (Allocation Failure) 2018-04-16T03:25:27.939+0800: 266486.935: [ParNew: 11805350K->54862K(13212096K), 0.4535615 secs] 86438565K->74688946K(187275712K), 0.4539646 secs] [Times: user=3.36 sys=0.25, real=0.46 secs] 
2018-04-16T03:26:12.731+0800: 266531.727: [GC (Allocation Failure) 2018-04-16T03:26:12.732+0800: 266531.728: [ParNew: 11798990K->44107K(13212096K), 0.6859323 secs] 86433074K->74683352K(187275712K), 0.6863504 secs] [Times: user=3.47 sys=1.95, real=0.68 secs] 
2018-04-16T03:26:29.733+0800: 266548.729: [GC (Allocation Failure) 2018-04-16T03:26:29.733+0800: 266548.729: [ParNew: 11788235K->43024K(13212096K), 0.4996944 secs] 86427480K->74684053K(187275712K), 0.5001079 secs] [Times: user=2.57 sys=1.40, real=0.50 secs] 
2018-04-16T03:26:57.293+0800: 266576.289: [GC (Allocation Failure) 2018-04-16T03:26:57.294+0800: 266576.290: [ParNew: 11787152K->77748K(13212096K), 0.4696168 secs] 86428181K->74719831K(187275712K), 0.4699932 secs] [Times: user=3.57 sys=0.17, real=0.47 secs] 
2018-04-16T03:27:20.031+0800: 266599.027: [GC (Allocation Failure) 2018-04-16T03:27:20.031+0800: 266599.027: [ParNew: 11821876K->83179K(13212096K), 0.5903156 secs] 86463959K->74725839K(187275712K), 0.5906947 secs] [Times: user=2.87 sys=1.81, real=0.60 secs] 
2018-04-16T03:27:38.405+0800: 266617.401: [GC (Allocation Failure) 2018-04-16T03:27:38.405+0800: 266617.401: [ParNew: 11827307K->73372K(13212096K), 0.4940258 secs] 86469967K->74716542K(187275712K), 0.4943991 secs] [Times: user=3.48 sys=0.44, real=0.49 secs] 
2018-04-16T03:27:59.812+0800: 266638.808: [GC (Allocation Failure) 2018-04-16T03:27:59.812+0800: 266638.808: [ParNew: 11817500K->83487K(13212096K), 0.4856733 secs] 86460670K->74728218K(187275712K), 0.4860709 secs] [Times: user=3.44 sys=0.43, real=0.48 secs] 
2018-04-16T03:28:35.563+0800: 266674.559: [GC (Allocation Failure) 2018-04-16T03:28:35.564+0800: 266674.560: [ParNew: 11827615K->63581K(13212096K), 0.6792854 secs] 86472346K->74710886K(187275712K), 0.6797005 secs] [Times: user=3.61 sys=1.77, real=0.68 secs] 
2018-04-16T03:28:58.556+0800: 266697.552: [GC (Allocation Failure) 2018-04-16T03:28:58.557+0800: 266697.553: [ParNew: 11807709K->44463K(13212096K), 0.4939905 secs] 86455014K->74693345K(187275712K), 0.4943803 secs] [Times: user=3.40 sys=0.53, real=0.49 secs] 
2018-04-16T03:29:07.515+0800: 266706.511: [GC (Allocation Failure) 2018-04-16T03:29:07.515+0800: 266706.511: [ParNew: 11788591K->62514K(13212096K), 0.4148577 secs] 86437473K->74714194K(187275712K), 0.4152348 secs] [Times: user=3.30 sys=0.00, real=0.41 secs] 
2018-04-16T03:29:15.730+0800: 266714.727: [GC (Allocation Failure) 2018-04-16T03:29:15.731+0800: 266714.727: [ParNew: 11806642K->59388K(13212096K), 0.3893179 secs] 86458322K->74712266K(187275712K), 0.3896957 secs] [Times: user=2.34 sys=0.76, real=0.39 secs] 
2018-04-16T03:29:26.027+0800: 266725.024: [GC (Allocation Failure) 2018-04-16T03:29:26.028+0800: 266725.024: [ParNew: 11803516K->77464K(13212096K), 0.5901515 secs] 86456394K->74731070K(187275712K), 0.5905320 secs] [Times: user=2.93 sys=1.75, real=0.59 secs] 
2018-04-16T03:29:42.277+0800: 266741.273: [GC (Allocation Failure) 2018-04-16T03:29:42.277+0800: 266741.274: [ParNew: 11821592K->85196K(13212096K), 0.4400812 secs] 86475198K->74743781K(187275712K), 0.4404544 secs] [Times: user=2.89 sys=0.61, real=0.44 secs] 
2018-04-16T03:30:00.246+0800: 266759.242: [GC (Allocation Failure) 2018-04-16T03:30:00.246+0800: 266759.242: [ParNew: 11829324K->46533K(13212096K), 0.4838601 secs] 86487909K->74707810K(187275712K), 0.4842564 secs] [Times: user=3.43 sys=0.43, real=0.48 secs] 
2018-04-16T03:30:24.426+0800: 266783.422: [GC (Allocation Failure) 2018-04-16T03:30:24.427+0800: 266783.423: [ParNew: 11790661K->53109K(13212096K), 0.6210498 secs] 86451938K->74715392K(187275712K), 0.6214630 secs] [Times: user=2.92 sys=1.99, real=0.62 secs] 
2018-04-16T03:30:35.382+0800: 266794.378: [GC (Allocation Failure) 2018-04-16T03:30:35.382+0800: 266794.378: [ParNew: 11797237K->60277K(13212096K), 0.4846817 secs] 86459520K->74724394K(187275712K), 0.4850737 secs] [Times: user=3.81 sys=0.05, real=0.48 secs] 
2018-04-16T03:30:45.557+0800: 266804.553: [GC (Allocation Failure) 2018-04-16T03:30:45.558+0800: 266804.554: [ParNew: 11804405K->49670K(13212096K), 0.4406425 secs] 86468522K->74715573K(187275712K), 0.4410326 secs] [Times: user=3.40 sys=0.11, real=0.44 secs] 
2018-04-16T03:30:55.201+0800: 266814.197: [GC (Allocation Failure) 2018-04-16T03:30:55.201+0800: 266814.197: [ParNew: 11793798K->50820K(13212096K), 0.4815492 secs] 86459701K->74718061K(187275712K), 0.4819437 secs] [Times: user=3.57 sys=0.26, real=0.49 secs] 
2018-04-16T03:31:05.429+0800: 266824.425: [GC (Allocation Failure) 2018-04-16T03:31:05.429+0800: 266824.425: [ParNew: 11794948K->53271K(13212096K), 0.4590585 secs] 86462189K->74721726K(187275712K), 0.4594544 secs] [Times: user=3.55 sys=0.11, real=0.46 secs] 
2018-04-16T03:31:16.263+0800: 266835.259: [GC (Allocation Failure) 2018-04-16T03:31:16.263+0800: 266835.259: [ParNew: 11797399K->49440K(13212096K), 0.3830838 secs] 86465854K->74722331K(187275712K), 0.3834787 secs] [Times: user=3.05 sys=0.00, real=0.38 secs] 
2018-04-16T03:31:37.327+0800: 266856.324: [GC (Allocation Failure) 2018-04-16T03:31:37.328+0800: 266856.324: [ParNew: 11793568K->31348K(13212096K), 0.5844697 secs] 86466459K->74705703K(187275712K), 0.5848701 secs] [Times: user=3.97 sys=0.65, real=0.59 secs] 
2018-04-16T03:32:43.024+0800: 266922.020: [GC (Allocation Failure) 2018-04-16T03:32:43.024+0800: 266922.020: [ParNew: 11775476K->44034K(13212096K), 0.6414646 secs] 86449831K->74719443K(187275712K), 0.6418621 secs] [Times: user=5.00 sys=0.10, real=0.64 secs] 
2018-04-16T03:32:55.015+0800: 266934.011: [GC (Allocation Failure) 2018-04-16T03:32:55.015+0800: 266934.011: [ParNew: 11788162K->45195K(13212096K), 0.6051311 secs] 86463571K->74722258K(187275712K), 0.6055373 secs] [Times: user=3.26 sys=1.52, real=0.60 secs] 
2018-04-16T03:33:16.442+0800: 266955.438: [GC (Allocation Failure) 2018-04-16T03:33:16.442+0800: 266955.438: [ParNew: 11789323K->42255K(13212096K), 0.4075970 secs] 86466386K->74721780K(187275712K), 0.4080020 secs] [Times: user=3.23 sys=0.00, real=0.40 secs] 
2018-04-16T03:36:09.992+0800: 267128.988: [GC (Allocation Failure) 2018-04-16T03:36:09.993+0800: 267128.989: [ParNew: 11786383K->58544K(13212096K), 1.0467894 secs] 86465908K->74738487K(187275712K), 1.0471929 secs] [Times: user=6.20 sys=2.10, real=1.04 secs] 
2018-04-16T03:38:52.088+0800: 267291.084: [GC (Allocation Failure) 2018-04-16T03:38:52.089+0800: 267291.085: [ParNew: 11802672K->82489K(13212096K), 0.9520055 secs] 86482615K->74762850K(187275712K), 0.9524143 secs] [Times: user=6.24 sys=1.32, real=0.95 secs] 
2018-04-16T03:40:34.084+0800: 267393.080: [GC (Allocation Failure) 2018-04-16T03:40:34.085+0800: 267393.081: [ParNew: 11826617K->109069K(13212096K), 0.9466070 secs] 86506978K->74790241K(187275712K), 0.9470032 secs] [Times: user=5.34 sys=2.17, real=0.95 secs] 
2018-04-16T03:41:02.248+0800: 267421.244: [GC (Allocation Failure) 2018-04-16T03:41:02.248+0800: 267421.244: [ParNew: 11853197K->113353K(13212096K), 0.6721600 secs] 86534369K->74801012K(187275712K), 0.6725616 secs] [Times: user=4.09 sys=1.25, real=0.67 secs] 
2018-04-16T03:41:24.778+0800: 267443.774: [GC (Allocation Failure) 2018-04-16T03:41:24.778+0800: 267443.774: [ParNew: 11857481K->118197K(13212096K), 0.6006753 secs] 86545140K->74806139K(187275712K), 0.6010959 secs] [Times: user=3.23 sys=1.53, real=0.60 secs] 
2018-04-16T03:41:44.817+0800: 267463.813: [GC (Allocation Failure) 2018-04-16T03:41:44.817+0800: 267463.813: [ParNew: 11862325K->107198K(13212096K), 0.4374389 secs] 86550267K->74795475K(187275712K), 0.4378348 secs] [Times: user=3.44 sys=0.05, real=0.44 secs] 
2018-04-16T03:42:45.269+0800: 267524.265: [GC (Allocation Failure) 2018-04-16T03:42:45.269+0800: 267524.265: [ParNew: 11851326K->138479K(13212096K), 0.5489753 secs] 86539603K->74835776K(187275712K), 0.5493770 secs] [Times: user=3.77 sys=0.59, real=0.55 secs] 
2018-04-16T03:45:42.861+0800: 267701.857: [GC (Allocation Failure) 2018-04-16T03:45:42.861+0800: 267701.857: [ParNew: 11882607K->91699K(13212096K), 1.3432519 secs] 86579904K->74795693K(187275712K), 1.3436604 secs] [Times: user=6.75 sys=3.92, real=1.34 secs] 
2018-04-16T03:48:10.262+0800: 267849.258: [GC (Allocation Failure) 2018-04-16T03:48:10.262+0800: 267849.258: [ParNew: 11835827K->87136K(13212096K), 0.9254825 secs] 86539821K->74797729K(187275712K), 0.9259096 secs] [Times: user=5.40 sys=1.81, real=0.92 secs] 
2018-04-16T03:51:10.766+0800: 268029.762: [GC (Allocation Failure) 2018-04-16T03:51:10.766+0800: 268029.762: [ParNew: 11831264K->121342K(13212096K), 1.0248044 secs] 86541857K->74834446K(187275712K), 1.0252240 secs] [Times: user=5.71 sys=2.29, real=1.03 secs] 
2018-04-16T03:53:09.697+0800: 268148.694: [GC (Allocation Failure) 2018-04-16T03:53:09.698+0800: 268148.694: [ParNew: 11865470K->129319K(13212096K), 0.8584128 secs] 86578574K->74850259K(187275712K), 0.8588588 secs] [Times: user=5.14 sys=1.54, real=0.86 secs] 
2018-04-16T03:55:04.820+0800: 268263.816: [GC (Allocation Failure) 2018-04-16T03:55:04.821+0800: 268263.817: [ParNew: 11873447K->111952K(13212096K), 0.8509764 secs] 86594387K->74834215K(187275712K), 0.8516737 secs] [Times: user=5.78 sys=0.97, real=0.86 secs] 
2018-04-16T03:55:44.432+0800: 268303.428: [GC (Allocation Failure) 2018-04-16T03:55:44.432+0800: 268303.428: [ParNew: 11856080K->118066K(13212096K), 0.5863307 secs] 86578343K->74842684K(187275712K), 0.5868325 secs] [Times: user=3.90 sys=0.75, real=0.58 secs] 
2018-04-16T03:56:36.610+0800: 268355.606: [GC (Allocation Failure) 2018-04-16T03:56:36.610+0800: 268355.606: [ParNew: 11862194K->127649K(13212096K), 0.5783372 secs] 86586812K->74857784K(187275712K), 0.5787467 secs] [Times: user=3.89 sys=0.67, real=0.58 secs] 
2018-04-16T03:56:50.764+0800: 268369.760: [GC (Allocation Failure) 2018-04-16T03:56:50.765+0800: 268369.761: [ParNew: 11871777K->172953K(13212096K), 0.5963657 secs] 86601912K->74911478K(187275712K), 0.5967960 secs] [Times: user=3.55 sys=1.17, real=0.60 secs] 
2018-04-16T03:57:03.475+0800: 268382.471: [GC (Allocation Failure) 2018-04-16T03:57:03.475+0800: 268382.471: [ParNew: 11917081K->152697K(13212096K), 0.4566982 secs] 86655606K->74900489K(187275712K), 0.4571018 secs] [Times: user=3.53 sys=0.09, real=0.46 secs] 
2018-04-16T03:57:14.591+0800: 268393.587: [GC (Allocation Failure) 2018-04-16T03:57:14.591+0800: 268393.587: [ParNew: 11896825K->156139K(13212096K), 0.4905603 secs] 86644617K->74914043K(187275712K), 0.4909570 secs] [Times: user=3.61 sys=0.29, real=0.50 secs] 
2018-04-16T03:57:27.189+0800: 268406.185: [GC (Allocation Failure) 2018-04-16T03:57:27.189+0800: 268406.185: [ParNew: 11900267K->112031K(13212096K), 0.4470829 secs] 86658171K->74888331K(187275712K), 0.4474996 secs] [Times: user=3.46 sys=0.08, real=0.45 secs] 
2018-04-16T03:57:50.183+0800: 268429.179: [GC (Allocation Failure) 2018-04-16T03:57:50.183+0800: 268429.179: [ParNew: 11856159K->50966K(13212096K), 0.6968285 secs] 86632459K->74832687K(187275712K), 0.6972561 secs] [Times: user=3.93 sys=1.59, real=0.69 secs] 
2018-04-16T03:58:14.465+0800: 268453.461: [GC (Allocation Failure) 2018-04-16T03:58:14.465+0800: 268453.461: [ParNew: 11795094K->32385K(13212096K), 0.5455329 secs] 86576815K->74820517K(187275712K), 0.5459389 secs] [Times: user=3.56 sys=0.75, real=0.55 secs] 
2018-04-16T03:58:28.218+0800: 268467.214: [GC (Allocation Failure) 2018-04-16T03:58:28.218+0800: 268467.214: [ParNew: 11776513K->27093K(13212096K), 0.4139829 secs] 86564645K->74816936K(187275712K), 0.4143836 secs] [Times: user=3.17 sys=0.13, real=0.42 secs] 
2018-04-16T03:59:08.357+0800: 268507.353: [GC (Allocation Failure) 2018-04-16T03:59:08.357+0800: 268507.353: [ParNew: 11771221K->32588K(13212096K), 0.6830104 secs] 86561064K->74823036K(187275712K), 0.6834420 secs] [Times: user=3.82 sys=1.60, real=0.68 secs] 
2018-04-16T03:59:27.096+0800: 268526.092: [GC (Allocation Failure) 2018-04-16T03:59:27.096+0800: 268526.092: [ParNew: 11776716K->33482K(13212096K), 0.5714915 secs] 86567164K->74824202K(187275712K), 0.5719052 secs] [Times: user=3.72 sys=0.81, real=0.57 secs] 
2018-04-16T03:59:48.330+0800: 268547.326: [GC (Allocation Failure) 2018-04-16T03:59:48.330+0800: 268547.326: [ParNew: 11777610K->35735K(13212096K), 0.5527296 secs] 86568330K->74826609K(187275712K), 0.5531382 secs] [Times: user=3.74 sys=0.65, real=0.56 secs] 
2018-04-16T04:01:42.595+0800: 268661.591: [GC (Allocation Failure) 2018-04-16T04:01:42.595+0800: 268661.591: [ParNew: 11779863K->51343K(13212096K), 0.8923311 secs] 86570737K->74843128K(187275712K), 0.8927430 secs] [Times: user=4.06 sys=3.01, real=0.89 secs] 
2018-04-16T04:02:55.174+0800: 268734.170: [GC (Allocation Failure) 2018-04-16T04:02:55.174+0800: 268734.170: [ParNew: 11795471K->64926K(13212096K), 0.7357594 secs] 86587256K->74859148K(187275712K), 0.7361820 secs] [Times: user=4.68 sys=1.16, real=0.73 secs] 
2018-04-16T04:04:10.934+0800: 268809.930: [GC (Allocation Failure) 2018-04-16T04:04:10.934+0800: 268809.930: [ParNew: 11809054K->73096K(13212096K), 0.9249054 secs] 86603276K->74867625K(187275712K), 0.9253287 secs] [Times: user=4.72 sys=2.65, real=0.92 secs] 
2018-04-16T04:04:58.638+0800: 268857.634: [GC (Allocation Failure) 2018-04-16T04:04:58.638+0800: 268857.634: [ParNew: 11817224K->52244K(13212096K), 0.6433772 secs] 86611753K->74849347K(187275712K), 0.6438034 secs] [Times: user=3.36 sys=1.72, real=0.65 secs] 
2018-04-16T04:05:14.597+0800: 268873.593: [GC (Allocation Failure) 2018-04-16T04:05:14.597+0800: 268873.593: [ParNew: 11796372K->77270K(13212096K), 0.4583105 secs] 86593475K->74875695K(187275712K), 0.4587273 secs] [Times: user=3.54 sys=0.11, real=0.46 secs] 
2018-04-16T04:05:27.995+0800: 268886.992: [GC (Allocation Failure) 2018-04-16T04:05:27.996+0800: 268886.992: [ParNew: 11821398K->74299K(13212096K), 0.4780091 secs] 86619823K->74873672K(187275712K), 0.4784235 secs] [Times: user=3.43 sys=0.39, real=0.48 secs] 
2018-04-16T04:05:44.567+0800: 268903.563: [GC (Allocation Failure) 2018-04-16T04:05:44.567+0800: 268903.563: [ParNew: 11818427K->49936K(13212096K), 0.4536784 secs] 86617800K->74858565K(187275712K), 0.4541741 secs] [Times: user=3.31 sys=0.29, real=0.45 secs] 
2018-04-16T04:06:22.020+0800: 268941.016: [GC (Allocation Failure) 2018-04-16T04:06:22.021+0800: 268941.017: [ParNew: 11794064K->49112K(13212096K), 0.5728908 secs] 86602693K->74862147K(187275712K), 0.5733525 secs] [Times: user=3.22 sys=1.30, real=0.58 secs] 
2018-04-16T04:06:37.990+0800: 268956.986: [GC (Allocation Failure) 2018-04-16T04:06:37.990+0800: 268956.986: [ParNew: 11793240K->54128K(13212096K), 0.4793974 secs] 86606275K->74875152K(187275712K), 0.4798196 secs] [Times: user=3.35 sys=0.45, real=0.48 secs] 
2018-04-16T04:06:53.357+0800: 268972.353: [GC (Allocation Failure) 2018-04-16T04:06:53.357+0800: 268972.353: [ParNew: 11798256K->60032K(13212096K), 0.4869800 secs] 86619280K->74884271K(187275712K), 0.4874123 secs] [Times: user=2.69 sys=1.19, real=0.49 secs] 
2018-04-16T04:07:17.676+0800: 268996.672: [GC (Allocation Failure) 2018-04-16T04:07:17.676+0800: 268996.672: [ParNew: 11804160K->75238K(13212096K), 0.6857897 secs] 86628399K->74901203K(187275712K), 0.6862213 secs] [Times: user=3.78 sys=1.66, real=0.69 secs] 
2018-04-16T04:07:40.502+0800: 269019.498: [GC (Allocation Failure) 2018-04-16T04:07:40.503+0800: 269019.499: [ParNew: 11819366K->79036K(13212096K), 0.5032915 secs] 86645331K->74905479K(187275712K), 0.5037146 secs] [Times: user=3.68 sys=0.32, real=0.50 secs] 
2018-04-16T04:08:00.612+0800: 269039.608: [GC (Allocation Failure) 2018-04-16T04:08:00.613+0800: 269039.609: [ParNew: 11823164K->76524K(13212096K), 0.4592858 secs] 86649607K->74904557K(187275712K), 0.4597120 secs] [Times: user=3.39 sys=0.26, real=0.46 secs] 
2018-04-16T04:08:30.624+0800: 269069.620: [GC (Allocation Failure) 2018-04-16T04:08:30.624+0800: 269069.620: [ParNew: 11820652K->80504K(13212096K), 0.6564643 secs] 86648685K->74910972K(187275712K), 0.6568940 secs] [Times: user=3.31 sys=1.87, real=0.65 secs] 
2018-04-16T04:08:51.140+0800: 269090.136: [GC (Allocation Failure) 2018-04-16T04:08:51.140+0800: 269090.137: [ParNew: 11824632K->85428K(13212096K), 0.5435282 secs] 86655100K->74917212K(187275712K), 0.5439385 secs] [Times: user=3.69 sys=0.64, real=0.55 secs] 
2018-04-16T04:09:17.550+0800: 269116.546: [GC (Allocation Failure) 2018-04-16T04:09:17.550+0800: 269116.546: [ParNew: 11829556K->80949K(13212096K), 0.5033905 secs] 86661340K->74913145K(187275712K), 0.5038184 secs] [Times: user=3.57 sys=0.43, real=0.51 secs] 
2018-04-16T04:09:26.174+0800: 269125.170: [GC (Allocation Failure) 2018-04-16T04:09:26.174+0800: 269125.170: [ParNew: 11825077K->81350K(13212096K), 0.4742244 secs] 86657273K->74916674K(187275712K), 0.4746389 secs] [Times: user=3.66 sys=0.12, real=0.47 secs] 
2018-04-16T04:09:39.491+0800: 269138.487: [GC (Allocation Failure) 2018-04-16T04:09:39.491+0800: 269138.487: [ParNew: 11825478K->60388K(13212096K), 0.5728113 secs] 86660802K->74897982K(187275712K), 0.5732252 secs] [Times: user=3.36 sys=1.17, real=0.58 secs] 
2018-04-16T04:10:03.535+0800: 269162.531: [GC (Allocation Failure) 2018-04-16T04:10:03.535+0800: 269162.531: [ParNew: 11804516K->38498K(13212096K), 0.4855632 secs] 86642110K->74876667K(187275712K), 0.4859794 secs] [Times: user=3.47 sys=0.39, real=0.48 secs] 
2018-04-16T04:10:24.882+0800: 269183.878: [GC (Allocation Failure) 2018-04-16T04:10:24.882+0800: 269183.878: [ParNew: 11782626K->62903K(13212096K), 0.4795593 secs] 86620795K->74903266K(187275712K), 0.4799759 secs] [Times: user=3.42 sys=0.39, real=0.48 secs] 
2018-04-16T04:10:51.938+0800: 269210.934: [GC (Allocation Failure) 2018-04-16T04:10:51.938+0800: 269210.934: [ParNew: 11807031K->62248K(13212096K), 0.6154179 secs] 86647394K->74903874K(187275712K), 0.6158439 secs] [Times: user=4.17 sys=0.70, real=0.62 secs] 
2018-04-16T04:11:23.623+0800: 269242.619: [GC (Allocation Failure) 2018-04-16T04:11:23.623+0800: 269242.619: [ParNew: 11806376K->70978K(13212096K), 0.5883915 secs] 86648002K->74913824K(187275712K), 0.5888195 secs] [Times: user=3.73 sys=0.95, real=0.59 secs] 
2018-04-16T04:11:39.703+0800: 269258.699: [GC (Allocation Failure) 2018-04-16T04:11:39.703+0800: 269258.699: [ParNew: 11815106K->78307K(13212096K), 0.4221790 secs] 86657952K->74921748K(187275712K), 0.4225935 secs] [Times: user=3.25 sys=0.11, real=0.42 secs] 
2018-04-16T04:11:57.649+0800: 269276.645: [GC (Allocation Failure) 2018-04-16T04:11:57.649+0800: 269276.645: [ParNew: 11822435K->57446K(13212096K), 0.4185498 secs] 86665876K->74901952K(187275712K), 0.4189926 secs] [Times: user=3.26 sys=0.06, real=0.42 secs] 
2018-04-16T04:12:14.301+0800: 269293.297: [GC (Allocation Failure) 2018-04-16T04:12:14.301+0800: 269293.297: [ParNew: 11801574K->53062K(13212096K), 0.5948623 secs] 86646080K->74900309K(187275712K), 0.5952844 secs] [Times: user=3.16 sys=1.54, real=0.59 secs] 
2018-04-16T04:12:39.564+0800: 269318.560: [GC (Allocation Failure) 2018-04-16T04:12:39.564+0800: 269318.560: [ParNew: 11797190K->74191K(13212096K), 0.5750810 secs] 86644437K->74925506K(187275712K), 0.5755042 secs] [Times: user=3.78 sys=0.80, real=0.57 secs] 
2018-04-16T04:12:50.891+0800: 269329.887: [GC (Allocation Failure) 2018-04-16T04:12:50.891+0800: 269329.887: [ParNew: 11818319K->107381K(13212096K), 0.5069880 secs] 86669634K->74960796K(187275712K), 0.5074084 secs] [Times: user=3.80 sys=0.24, real=0.51 secs] 
2018-04-16T04:12:59.516+0800: 269338.512: [GC (Allocation Failure) 2018-04-16T04:12:59.516+0800: 269338.512: [ParNew: 11851509K->128924K(13212096K), 0.4155228 secs] 86704924K->74988067K(187275712K), 0.4159323 secs] [Times: user=3.31 sys=0.00, real=0.42 secs] 
2018-04-16T04:13:07.028+0800: 269346.024: [GC (Allocation Failure) 2018-04-16T04:13:07.029+0800: 269346.025: [ParNew: 11873052K->138017K(13212096K), 0.5723918 secs] 86732195K->74998770K(187275712K), 0.5728230 secs] [Times: user=3.00 sys=1.53, real=0.58 secs] 
2018-04-16T04:13:18.272+0800: 269357.268: [GC (Allocation Failure) 2018-04-16T04:13:18.273+0800: 269357.269: [ParNew: 11882145K->136953K(13212096K), 0.4362387 secs] 86742898K->74999543K(187275712K), 0.4366587 secs] [Times: user=3.41 sys=0.05, real=0.43 secs] 
2018-04-16T04:14:31.070+0800: 269430.066: [GC (Allocation Failure) 2018-04-16T04:14:31.070+0800: 269430.066: [ParNew: 11881081K->84158K(13212096K), 0.6019009 secs] 86743671K->74947893K(187275712K), 0.6023820 secs] [Times: user=3.79 sys=0.99, real=0.61 secs] 
2018-04-16T04:18:13.388+0800: 269652.384: [GC (Allocation Failure) 2018-04-16T04:18:13.388+0800: 269652.384: [ParNew: 11828286K->46219K(13212096K), 1.0871315 secs] 86692021K->74914114K(187275712K), 1.0874935 secs] [Times: user=5.92 sys=2.69, real=1.09 secs] 
2018-04-16T04:21:43.168+0800: 269862.164: [GC (Allocation Failure) 2018-04-16T04:21:43.169+0800: 269862.165: [ParNew: 11790347K->64533K(13212096K), 0.8734346 secs] 86658242K->74934392K(187275712K), 0.8738715 secs] [Times: user=5.30 sys=1.60, real=0.88 secs] 
2018-04-16T04:23:23.899+0800: 269962.895: [GC (Allocation Failure) 2018-04-16T04:23:23.899+0800: 269962.895: [ParNew: 11808661K->84549K(13212096K), 0.8236460 secs] 86678520K->74955335K(187275712K), 0.8240777 secs] [Times: user=4.67 sys=1.88, real=0.83 secs] 
2018-04-16T04:24:54.396+0800: 270053.392: [GC (Allocation Failure) 2018-04-16T04:24:54.396+0800: 270053.392: [ParNew: 11828677K->69799K(13212096K), 0.6246067 secs] 86699463K->74941026K(187275712K), 0.6250494 secs] [Times: user=3.50 sys=1.45, real=0.62 secs] 
2018-04-16T04:25:28.847+0800: 270087.843: [GC (Allocation Failure) 2018-04-16T04:25:28.847+0800: 270087.843: [ParNew: 11813927K->114799K(13212096K), 0.6059066 secs] 86685154K->74986474K(187275712K), 0.6063331 secs] [Times: user=4.32 sys=0.49, real=0.61 secs] 
2018-04-16T04:26:22.368+0800: 270141.364: [GC (Allocation Failure) 2018-04-16T04:26:22.369+0800: 270141.365: [ParNew: 11858927K->86868K(13212096K), 0.6595420 secs] 86730602K->74961562K(187275712K), 0.6599858 secs] [Times: user=4.58 sys=0.64, real=0.66 secs] 
2018-04-16T04:26:37.206+0800: 270156.202: [GC (Allocation Failure) 2018-04-16T04:26:37.206+0800: 270156.202: [ParNew: 11830996K->72952K(13212096K), 0.4683813 secs] 86705690K->74958520K(187275712K), 0.4687993 secs] [Times: user=2.51 sys=1.21, real=0.47 secs] 
2018-04-16T04:26:50.732+0800: 270169.728: [GC (Allocation Failure) 2018-04-16T04:26:50.732+0800: 270169.728: [ParNew: 11817080K->66685K(13212096K), 0.4655592 secs] 86702648K->74958426K(187275712K), 0.4659808 secs] [Times: user=2.49 sys=1.21, real=0.46 secs] 
2018-04-16T04:27:04.884+0800: 270183.880: [GC (Allocation Failure) 2018-04-16T04:27:04.884+0800: 270183.880: [ParNew: 11810813K->43774K(13212096K), 0.4737775 secs] 86702554K->74941394K(187275712K), 0.4742382 secs] [Times: user=3.49 sys=0.27, real=0.47 secs] 
2018-04-16T04:27:29.371+0800: 270208.367: [GC (Allocation Failure) 2018-04-16T04:27:29.371+0800: 270208.367: [ParNew: 11787902K->49580K(13212096K), 0.6093667 secs] 86685522K->74950550K(187275712K), 0.6098016 secs] [Times: user=3.47 sys=1.35, real=0.61 secs] 
2018-04-16T04:27:54.258+0800: 270233.254: [GC (Allocation Failure) 2018-04-16T04:27:54.258+0800: 270233.254: [ParNew: 11793708K->51897K(13212096K), 0.4670423 secs] 86694678K->74957254K(187275712K), 0.4674763 secs] [Times: user=3.33 sys=0.38, real=0.47 secs] 
2018-04-16T04:29:45.995+0800: 270344.991: [GC (Allocation Failure) 2018-04-16T04:29:45.995+0800: 270344.991: [ParNew: 11796025K->57896K(13212096K), 0.7754801 secs] 86701382K->74966606K(187275712K), 0.7759036 secs] [Times: user=3.83 sys=2.17, real=0.77 secs] 
2018-04-16T04:30:14.538+0800: 270373.534: [GC (Allocation Failure) 2018-04-16T04:30:14.538+0800: 270373.534: [ParNew: 11802024K->98182K(13212096K), 0.5473595 secs] 86710734K->75007994K(187275712K), 0.5477605 secs] [Times: user=3.62 sys=0.73, real=0.55 secs] 
2018-04-16T04:30:29.605+0800: 270388.601: [GC (Allocation Failure) 2018-04-16T04:30:29.605+0800: 270388.601: [ParNew: 11842310K->142741K(13212096K), 0.4461826 secs] 86752122K->75053163K(187275712K), 0.4465899 secs] [Times: user=3.48 sys=0.04, real=0.45 secs] 
2018-04-16T04:31:13.088+0800: 270432.084: [GC (Allocation Failure) 2018-04-16T04:31:13.088+0800: 270432.084: [ParNew: 11886869K->92759K(13212096K), 0.6206187 secs] 86797291K->75003665K(187275712K), 0.6210396 secs] [Times: user=3.41 sys=1.50, real=0.62 secs] 
2018-04-16T04:33:38.785+0800: 270577.781: [GC (Allocation Failure) 2018-04-16T04:33:38.785+0800: 270577.781: [ParNew: 11836887K->83974K(13212096K), 0.8875052 secs] 86747793K->74995655K(187275712K), 0.8879126 secs] [Times: user=4.85 sys=2.09, real=0.89 secs] 
2018-04-16T04:36:01.525+0800: 270720.522: [GC (Allocation Failure) 2018-04-16T04:36:01.526+0800: 270720.522: [ParNew: 11828102K->119470K(13212096K), 0.8289993 secs] 86739783K->75032304K(187275712K), 0.8294322 secs] [Times: user=4.20 sys=2.31, real=0.83 secs] 
2018-04-16T04:36:44.972+0800: 270763.968: [GC (Allocation Failure) 2018-04-16T04:36:44.972+0800: 270763.968: [ParNew: 11863598K->139563K(13212096K), 0.5988607 secs] 86776432K->75060766K(187275712K), 0.5992860 secs] [Times: user=4.09 sys=0.66, real=0.59 secs] 
2018-04-16T04:37:21.099+0800: 270800.095: [GC (Allocation Failure) 2018-04-16T04:37:21.100+0800: 270800.096: [ParNew: 11883691K->154189K(13212096K), 0.6640900 secs] 86804894K->75076604K(187275712K), 0.6645342 secs] [Times: user=3.81 sys=1.46, real=0.67 secs] 
2018-04-16T04:38:44.528+0800: 270883.524: [GC (Allocation Failure) 2018-04-16T04:38:44.528+0800: 270883.524: [ParNew: 11898317K->130556K(13212096K), 0.6551210 secs] 86820732K->75054997K(187275712K), 0.6555468 secs] [Times: user=3.85 sys=1.33, real=0.66 secs] 
2018-04-16T04:40:18.450+0800: 270977.446: [GC (Allocation Failure) 2018-04-16T04:40:18.450+0800: 270977.446: [ParNew: 11874684K->125035K(13212096K), 0.8898898 secs] 86799125K->75052785K(187275712K), 0.8903140 secs] [Times: user=5.23 sys=1.84, real=0.89 secs] 
2018-04-16T04:40:42.199+0800: 271001.195: [GC (Allocation Failure) 2018-04-16T04:40:42.199+0800: 271001.195: [ParNew: 11869163K->110020K(13212096K), 0.4865442 secs] 86796913K->75049505K(187275712K), 0.4869674 secs] [Times: user=2.74 sys=1.12, real=0.49 secs] 
2018-04-16T04:41:08.388+0800: 271027.384: [GC (Allocation Failure) 2018-04-16T04:41:08.388+0800: 271027.384: [ParNew: 11854148K->87236K(13212096K), 0.6082161 secs] 86793633K->75038648K(187275712K), 0.6086405 secs] [Times: user=3.32 sys=1.48, real=0.61 secs] 
2018-04-16T04:42:00.287+0800: 271079.283: [GC (Allocation Failure) 2018-04-16T04:42:00.287+0800: 271079.283: [ParNew: 11831364K->100947K(13212096K), 0.7166297 secs] 86782776K->75059307K(187275712K), 0.7170707 secs] [Times: user=5.17 sys=0.53, real=0.72 secs] 
2018-04-16T04:42:46.872+0800: 271125.868: [GC (Allocation Failure) 2018-04-16T04:42:46.872+0800: 271125.868: [ParNew: 11845075K->81996K(13212096K), 0.6106573 secs] 86803435K->75041408K(187275712K), 0.6110979 secs] [Times: user=3.48 sys=1.33, real=0.61 secs] 
2018-04-16T04:42:54.423+0800: 271133.419: [GC (Allocation Failure) 2018-04-16T04:42:54.424+0800: 271133.420: [ParNew: 11826124K->112734K(13212096K), 0.4821654 secs] 86785536K->75078410K(187275712K), 0.4825667 secs] [Times: user=3.65 sys=0.18, real=0.48 secs] 
2018-04-16T04:43:01.367+0800: 271140.363: [GC (Allocation Failure) 2018-04-16T04:43:01.368+0800: 271140.364: [ParNew: 11856862K->117241K(13212096K), 0.4382332 secs] 86822538K->75090632K(187275712K), 0.4386459 secs] [Times: user=3.45 sys=0.02, real=0.44 secs] 
2018-04-16T04:43:08.181+0800: 271147.177: [GC (Allocation Failure) 2018-04-16T04:43:08.181+0800: 271147.177: [ParNew: 11861369K->134220K(13212096K), 0.5631651 secs] 86834760K->75111080K(187275712K), 0.5635790 secs] [Times: user=4.05 sys=0.43, real=0.57 secs] 
2018-04-16T04:43:15.244+0800: 271154.240: [GC (Allocation Failure) 2018-04-16T04:43:15.245+0800: 271154.241: [ParNew: 11878348K->158893K(13212096K), 0.4720150 secs] 86855208K->75136543K(187275712K), 0.4724297 secs] [Times: user=3.65 sys=0.10, real=0.47 secs] 
2018-04-16T04:43:21.134+0800: 271160.130: [GC (Allocation Failure) 2018-04-16T04:43:21.134+0800: 271160.130: [ParNew: 11903021K->159525K(13212096K), 0.5739246 secs] 86880671K->75152351K(187275712K), 0.5743688 secs] [Times: user=3.19 sys=1.34, real=0.57 secs] 
2018-04-16T04:43:26.567+0800: 271165.563: [GC (Allocation Failure) 2018-04-16T04:43:26.568+0800: 271165.564: [ParNew: 11903653K->162662K(13212096K), 0.4297159 secs] 86896479K->75167936K(187275712K), 0.4301463 secs] [Times: user=2.54 sys=0.87, real=0.43 secs] 
2018-04-16T04:43:30.916+0800: 271169.912: [GC (Allocation Failure) 2018-04-16T04:43:30.916+0800: 271169.912: [ParNew: 11906786K->115851K(13212096K), 0.4087819 secs] 86912060K->75124959K(187275712K), 0.4092046 secs] [Times: user=3.25 sys=0.00, real=0.41 secs] 
2018-04-16T04:43:35.665+0800: 271174.661: [GC (Allocation Failure) 2018-04-16T04:43:35.665+0800: 271174.661: [ParNew: 11859979K->120499K(13212096K), 0.4528942 secs] 86869087K->75132318K(187275712K), 0.4533158 secs] [Times: user=2.56 sys=1.04, real=0.45 secs] 
2018-04-16T04:43:44.940+0800: 271183.936: [GC (Allocation Failure) 2018-04-16T04:43:44.941+0800: 271183.937: [ParNew: 11864627K->54829K(13212096K), 0.4029826 secs] 86876446K->75067982K(187275712K), 0.4033922 secs] [Times: user=3.21 sys=0.00, real=0.41 secs] 
2018-04-16T04:43:56.015+0800: 271195.011: [GC (Allocation Failure) 2018-04-16T04:43:56.015+0800: 271195.011: [ParNew: 11798957K->30737K(13212096K), 0.4080861 secs] 86812110K->75044832K(187275712K), 0.4085070 secs] [Times: user=3.25 sys=0.00, real=0.41 secs] 
2018-04-16T04:44:17.255+0800: 271216.251: [GC (Allocation Failure) 2018-04-16T04:44:17.256+0800: 271216.252: [ParNew: 11774865K->37088K(13212096K), 0.5798467 secs] 86788960K->75051895K(187275712K), 0.5802754 secs] [Times: user=3.52 sys=1.07, real=0.58 secs] 
2018-04-16T04:44:25.666+0800: 271224.662: [GC (Allocation Failure) 2018-04-16T04:44:25.666+0800: 271224.662: [ParNew: 11781216K->42824K(13212096K), 0.3960854 secs] 86796023K->75058427K(187275712K), 0.3965074 secs] [Times: user=3.15 sys=0.00, real=0.40 secs] 
2018-04-16T04:44:31.872+0800: 271230.868: [GC (Allocation Failure) 2018-04-16T04:44:31.872+0800: 271230.868: [ParNew: 11786952K->53186K(13212096K), 0.3893767 secs] 86802555K->75069049K(187275712K), 0.3897963 secs] [Times: user=3.10 sys=0.00, real=0.39 secs] 
2018-04-16T04:44:38.000+0800: 271236.996: [GC (Allocation Failure) 2018-04-16T04:44:38.000+0800: 271236.996: [ParNew: 11797314K->56428K(13212096K), 0.3870729 secs] 86813177K->75072845K(187275712K), 0.3874828 secs] [Times: user=2.18 sys=0.90, real=0.39 secs] 
2018-04-16T04:44:44.727+0800: 271243.723: [GC (Allocation Failure) 2018-04-16T04:44:44.727+0800: 271243.723: [ParNew: 11800556K->50970K(13212096K), 0.3878968 secs] 86816973K->75068028K(187275712K), 0.3882869 secs] [Times: user=3.09 sys=0.00, real=0.39 secs] 
2018-04-16T04:44:52.558+0800: 271251.554: [GC (Allocation Failure) 2018-04-16T04:44:52.559+0800: 271251.555: [ParNew: 11795098K->38761K(13212096K), 0.3790487 secs] 86812156K->75056852K(187275712K), 0.3794507 secs] [Times: user=2.84 sys=0.17, real=0.38 secs] 
2018-04-16T04:45:00.590+0800: 271259.586: [GC (Allocation Failure) 2018-04-16T04:45:00.590+0800: 271259.586: [ParNew: 11782889K->34054K(13212096K), 0.3657611 secs] 86800980K->75057815K(187275712K), 0.3661807 secs] [Times: user=2.17 sys=0.74, real=0.37 secs] 
2018-04-16T04:45:09.049+0800: 271268.045: [GC (Allocation Failure) 2018-04-16T04:45:09.049+0800: 271268.045: [ParNew: 11778182K->35861K(13212096K), 0.5454873 secs] 86801943K->75061312K(187275712K), 0.5458662 secs] [Times: user=3.13 sys=1.19, real=0.55 secs] 
2018-04-16T04:45:17.457+0800: 271276.453: [GC (Allocation Failure) 2018-04-16T04:45:17.458+0800: 271276.454: [ParNew: 11779989K->37634K(13212096K), 0.3946963 secs] 86805440K->75063904K(187275712K), 0.3950610 secs] [Times: user=2.25 sys=0.89, real=0.40 secs] 
2018-04-16T04:45:35.424+0800: 271294.420: [GC (Allocation Failure) 2018-04-16T04:45:35.424+0800: 271294.420: [ParNew: 11781762K->38285K(13212096K), 0.5661228 secs] 86808032K->75064859K(187275712K), 0.5664896 secs] [Times: user=3.81 sys=0.69, real=0.56 secs] 
2018-04-16T04:47:43.045+0800: 271422.041: [GC (Allocation Failure) 2018-04-16T04:47:43.045+0800: 271422.041: [ParNew: 11782413K->34143K(13212096K), 0.8424193 secs] 86808987K->75060930K(187275712K), 0.8428487 secs] [Times: user=5.75 sys=0.92, real=0.84 secs] 
2018-04-16T04:48:29.194+0800: 271468.190: [GC (Allocation Failure) 2018-04-16T04:48:29.195+0800: 271468.191: [ParNew: 11778271K->45697K(13212096K), 0.6438230 secs] 86805058K->75073007K(187275712K), 0.6442292 secs] [Times: user=3.82 sys=1.29, real=0.64 secs] 
2018-04-16T04:50:51.568+0800: 271610.564: [GC (Allocation Failure) 2018-04-16T04:50:51.568+0800: 271610.564: [ParNew: 11789825K->47453K(13212096K), 0.9802124 secs] 86817135K->75075260K(187275712K), 0.9806412 secs] [Times: user=6.27 sys=1.50, real=0.98 secs] 
2018-04-16T04:52:29.580+0800: 271708.576: [GC (Allocation Failure) 2018-04-16T04:52:29.580+0800: 271708.576: [ParNew: 11791581K->81990K(13212096K), 1.0116756 secs] 86819388K->75110638K(187275712K), 1.0120823 secs] [Times: user=5.80 sys=2.24, real=1.02 secs] 
2018-04-16T04:52:45.873+0800: 271724.869: [GC (Allocation Failure) 2018-04-16T04:52:45.873+0800: 271724.869: [ParNew: 11826118K->143045K(13212096K), 0.6162795 secs] 86854766K->75172449K(187275712K), 0.6167019 secs] [Times: user=3.67 sys=1.23, real=0.61 secs] 
2018-04-16T04:52:54.947+0800: 271733.943: [GC (Allocation Failure) 2018-04-16T04:52:54.947+0800: 271733.944: [ParNew: 11887173K->109941K(13212096K), 0.4170210 secs] 86916577K->75139919K(187275712K), 0.4174403 secs] [Times: user=2.51 sys=0.81, real=0.42 secs] 
2018-04-16T04:54:08.982+0800: 271807.978: [GC (Allocation Failure) 2018-04-16T04:54:08.982+0800: 271807.978: [ParNew: 11854069K->75132K(13212096K), 0.8708067 secs] 86884047K->75111272K(187275712K), 0.8712240 secs] [Times: user=5.85 sys=1.05, real=0.87 secs] 
2018-04-16T04:54:23.242+0800: 271822.238: [GC (Allocation Failure) 2018-04-16T04:54:23.242+0800: 271822.238: [ParNew: 11819260K->73889K(13212096K), 0.5330183 secs] 86855400K->75112767K(187275712K), 0.5334289 secs] [Times: user=3.79 sys=0.44, real=0.53 secs] 
2018-04-16T04:54:47.519+0800: 271846.515: [GC (Allocation Failure) 2018-04-16T04:54:47.519+0800: 271846.515: [ParNew: 11818017K->65656K(13212096K), 0.5711553 secs] 86856895K->75109471K(187275712K), 0.5715817 secs] [Times: user=3.19 sys=1.32, real=0.57 secs] 
2018-04-16T04:55:01.662+0800: 271860.658: [GC (Allocation Failure) 2018-04-16T04:55:01.664+0800: 271860.660: [ParNew: 11809784K->53230K(13212096K), 0.4847749 secs] 86853599K->75105200K(187275712K), 0.4871346 secs] [Times: user=3.45 sys=0.40, real=0.48 secs] 
2018-04-16T04:55:34.488+0800: 271893.484: [GC (Allocation Failure) 2018-04-16T04:55:34.489+0800: 271893.485: [ParNew: 11797358K->32709K(13212096K), 0.5329290 secs] 86849328K->75085976K(187275712K), 0.5333561 secs] [Times: user=3.52 sys=0.72, real=0.54 secs] 
2018-04-16T04:56:20.586+0800: 271939.582: [GC (Allocation Failure) 2018-04-16T04:56:20.586+0800: 271939.582: [ParNew: 11776837K->42236K(13212096K), 0.6539377 secs] 86830104K->75096435K(187275712K), 0.6543616 secs] [Times: user=4.43 sys=0.74, real=0.65 secs] 
2018-04-16T04:57:00.218+0800: 271979.214: [GC (Allocation Failure) 2018-04-16T04:57:00.218+0800: 271979.214: [ParNew: 11786364K->35825K(13212096K), 0.5399085 secs] 86840563K->75094029K(187275712K), 0.5403162 secs] [Times: user=3.46 sys=0.83, real=0.54 secs] 
2018-04-16T04:57:34.578+0800: 272013.574: [GC (Allocation Failure) 2018-04-16T04:57:34.578+0800: 272013.574: [ParNew: 11779953K->42944K(13212096K), 0.7155747 secs] 86838157K->75101688K(187275712K), 0.7160044 secs] [Times: user=3.91 sys=1.76, real=0.72 secs] 
2018-04-16T04:57:41.870+0800: 272020.866: [GC (Allocation Failure) 2018-04-16T04:57:41.870+0800: 272020.866: [ParNew: 11787072K->43410K(13212096K), 0.3887365 secs] 86845816K->75103035K(187275712K), 0.3891521 secs] [Times: user=3.10 sys=0.00, real=0.39 secs] 
2018-04-16T04:57:49.132+0800: 272028.128: [GC (Allocation Failure) 2018-04-16T04:57:49.132+0800: 272028.128: [ParNew: 11787538K->49808K(13212096K), 0.4012495 secs] 86847163K->75109623K(187275712K), 0.4016654 secs] [Times: user=2.22 sys=0.97, real=0.40 secs] 
2018-04-16T04:57:58.081+0800: 272037.077: [GC (Allocation Failure) 2018-04-16T04:57:58.081+0800: 272037.077: [ParNew: 11793936K->56758K(13212096K), 0.4115366 secs] 86853751K->75117136K(187275712K), 0.4119475 secs] [Times: user=3.18 sys=0.09, real=0.42 secs] 
2018-04-16T04:58:07.365+0800: 272046.361: [GC (Allocation Failure) 2018-04-16T04:58:07.365+0800: 272046.361: [ParNew: 11800886K->60695K(13212096K), 0.4295071 secs] 86861264K->75127164K(187275712K), 0.4299144 secs] [Times: user=3.34 sys=0.08, real=0.43 secs] 
2018-04-16T04:58:20.323+0800: 272059.319: [GC (Allocation Failure) 2018-04-16T04:58:20.323+0800: 272059.319: [ParNew: 11804823K->62544K(13212096K), 0.4572699 secs] 86871292K->75134252K(187275712K), 0.4576713 secs] [Times: user=3.45 sys=0.18, real=0.45 secs] 
2018-04-16T04:58:42.565+0800: 272081.561: [GC (Allocation Failure) 2018-04-16T04:58:42.566+0800: 272081.562: [ParNew: 11806672K->71728K(13212096K), 0.6691079 secs] 86878380K->75146391K(187275712K), 0.6695300 secs] [Times: user=3.77 sys=1.53, real=0.67 secs] 
2018-04-16T04:59:14.368+0800: 272113.364: [GC (Allocation Failure) 2018-04-16T04:59:14.369+0800: 272113.365: [ParNew: 11815856K->63740K(13212096K), 0.5014278 secs] 86890519K->75138911K(187275712K), 0.5017958 secs] [Times: user=3.31 sys=0.65, real=0.50 secs] 
2018-04-16T05:00:17.235+0800: 272176.231: [GC (Allocation Failure) 2018-04-16T05:00:17.235+0800: 272176.231: [ParNew: 11807868K->41124K(13212096K), 0.6313749 secs] 86883039K->75116754K(187275712K), 0.6318053 secs] [Times: user=3.25 sys=1.68, real=0.63 secs] 
2018-04-16T05:02:04.383+0800: 272283.379: [GC (Allocation Failure) 2018-04-16T05:02:04.383+0800: 272283.379: [ParNew: 11785252K->83559K(13212096K), 0.8893799 secs] 86860882K->75159620K(187275712K), 0.8897988 secs] [Times: user=5.87 sys=1.20, real=0.89 secs] 
2018-04-16T05:03:11.523+0800: 272350.519: [GC (Allocation Failure) 2018-04-16T05:03:11.523+0800: 272350.519: [ParNew: 11827687K->66829K(13212096K), 0.6956583 secs] 86903748K->75143247K(187275712K), 0.6960964 secs] [Times: user=3.92 sys=1.57, real=0.69 secs] 
2018-04-16T05:03:43.356+0800: 272382.352: [GC (Allocation Failure) 2018-04-16T05:03:43.357+0800: 272382.353: [ParNew: 11810957K->108821K(13212096K), 0.5296487 secs] 86887375K->75186036K(187275712K), 0.5300639 secs] [Times: user=3.62 sys=0.59, real=0.53 secs] 
2018-04-16T05:03:55.980+0800: 272394.976: [GC (Allocation Failure) 2018-04-16T05:03:55.980+0800: 272394.976: [ParNew: 11852949K->156552K(13212096K), 0.4759966 secs] 86930164K->75235172K(187275712K), 0.4764176 secs] [Times: user=2.65 sys=1.12, real=0.48 secs] 
2018-04-16T05:04:22.403+0800: 272421.399: [GC (Allocation Failure) 2018-04-16T05:04:22.403+0800: 272421.399: [ParNew: 11900680K->124607K(13212096K), 0.6196615 secs] 86979300K->75206756K(187275712K), 0.6201143 secs] [Times: user=3.17 sys=1.62, real=0.62 secs] 
2018-04-16T05:05:04.679+0800: 272463.675: [GC (Allocation Failure) 2018-04-16T05:05:04.679+0800: 272463.675: [ParNew: 11868735K->101137K(13212096K), 0.6085470 secs] 86950884K->75187600K(187275712K), 0.6089687 secs] [Times: user=3.68 sys=1.12, real=0.61 secs] 
2018-04-16T05:05:22.169+0800: 272481.165: [GC (Allocation Failure) 2018-04-16T05:05:22.169+0800: 272481.165: [ParNew: 11845265K->116624K(13212096K), 0.4525753 secs] 86931728K->75211561K(187275712K), 0.4529906 secs] [Times: user=3.36 sys=0.22, real=0.46 secs] 
2018-04-16T05:05:41.275+0800: 272500.271: [GC (Allocation Failure) 2018-04-16T05:05:41.275+0800: 272500.271: [ParNew: 11860752K->115703K(13212096K), 0.6353007 secs] 86955689K->75214913K(187275712K), 0.6357277 secs] [Times: user=4.51 sys=0.51, real=0.63 secs] 
2018-04-16T05:05:56.342+0800: 272515.338: [GC (Allocation Failure) 2018-04-16T05:05:56.343+0800: 272515.339: [ParNew: 11859831K->113321K(13212096K), 0.4798604 secs] 86959041K->75215901K(187275712K), 0.4802695 secs] [Times: user=3.53 sys=0.28, real=0.48 secs] 
2018-04-16T05:06:13.937+0800: 272532.933: [GC (Allocation Failure) 2018-04-16T05:06:13.938+0800: 272532.934: [ParNew: 11857449K->93312K(13212096K), 0.4915884 secs] 86960029K->75198535K(187275712K), 0.4919965 secs] [Times: user=2.36 sys=1.55, real=0.49 secs] 
2018-04-16T05:06:37.556+0800: 272556.552: [GC (Allocation Failure) 2018-04-16T05:06:37.557+0800: 272556.553: [ParNew: 11837440K->91630K(13212096K), 0.6716669 secs] 86942663K->75206129K(187275712K), 0.6720863 secs] [Times: user=4.71 sys=0.61, real=0.67 secs] 
2018-04-16T05:06:51.984+0800: 272570.980: [GC (Allocation Failure) 2018-04-16T05:06:51.985+0800: 272570.981: [ParNew: 11835758K->100543K(13212096K), 0.4706478 secs] 86950257K->75223701K(187275712K), 0.4710586 secs] [Times: user=3.69 sys=0.04, real=0.47 secs] 
2018-04-16T05:07:36.283+0800: 272615.279: [GC (Allocation Failure) 2018-04-16T05:07:36.284+0800: 272615.280: [ParNew: 11844671K->119169K(13212096K), 0.6086353 secs] 86967829K->75243877K(187275712K), 0.6090494 secs] [Times: user=4.84 sys=0.00, real=0.61 secs] 
2018-04-16T05:08:37.631+0800: 272676.627: [GC (Allocation Failure) 2018-04-16T05:08:37.631+0800: 272676.627: [ParNew: 11863297K->121493K(13212096K), 0.6583847 secs] 86988005K->75249612K(187275712K), 0.6588233 secs] [Times: user=4.29 sys=0.90, real=0.66 secs] 
2018-04-16T05:11:39.451+0800: 272858.447: [GC (Allocation Failure) 2018-04-16T05:11:39.452+0800: 272858.448: [ParNew: 11865621K->92668K(13212096K), 0.9501702 secs] 86993740K->75222914K(187275712K), 0.9505793 secs] [Times: user=6.46 sys=1.06, real=0.95 secs] 
2018-04-16T05:14:13.173+0800: 273012.169: [GC (Allocation Failure) 2018-04-16T05:14:13.173+0800: 273012.169: [ParNew: 11836796K->91116K(13212096K), 0.9317952 secs] 86967042K->75223186K(187275712K), 0.9322239 secs] [Times: user=5.32 sys=2.06, real=0.93 secs] 
2018-04-16T05:14:45.733+0800: 273044.729: [GC (Allocation Failure) 2018-04-16T05:14:45.734+0800: 273044.730: [ParNew: 11835244K->132291K(13212096K), 0.5452184 secs] 86967314K->75266638K(187275712K), 0.5456448 secs] [Times: user=3.95 sys=0.38, real=0.54 secs] 
2018-04-16T05:14:56.257+0800: 273055.253: [GC (Allocation Failure) 2018-04-16T05:14:56.257+0800: 273055.253: [ParNew: 11876419K->162197K(13212096K), 0.4835029 secs] 87010766K->75298214K(187275712K), 0.4839292 secs] [Times: user=3.67 sys=0.17, real=0.48 secs] 
2018-04-16T05:15:05.327+0800: 273064.323: [GC (Allocation Failure) 2018-04-16T05:15:05.327+0800: 273064.323: [ParNew: 11906325K->135085K(13212096K), 0.4933147 secs] 87042342K->75277959K(187275712K), 0.4937364 secs] [Times: user=3.52 sys=0.39, real=0.49 secs] 
2018-04-16T05:15:55.975+0800: 273114.971: [GC (Allocation Failure) 2018-04-16T05:15:55.975+0800: 273114.971: [ParNew: 11879213K->68609K(13212096K), 0.6199472 secs] 87022087K->75224945K(187275712K), 0.6203695 secs] [Times: user=3.74 sys=1.17, real=0.62 secs] 
2018-04-16T05:16:22.757+0800: 273141.753: [GC (Allocation Failure) 2018-04-16T05:16:22.757+0800: 273141.753: [ParNew: 11812737K->63687K(13212096K), 0.4702159 secs] 86969073K->75231385K(187275712K), 0.4706373 secs] [Times: user=2.57 sys=1.16, real=0.47 secs] 
2018-04-16T05:16:39.207+0800: 273158.203: [GC (Allocation Failure) 2018-04-16T05:16:39.208+0800: 273158.204: [ParNew: 11807815K->40266K(13212096K), 0.5576294 secs] 86975513K->75227648K(187275712K), 0.5580511 secs] [Times: user=3.14 sys=1.25, real=0.56 secs] 
2018-04-16T05:16:50.917+0800: 273169.913: [GC (Allocation Failure) 2018-04-16T05:16:50.917+0800: 273169.913: [ParNew: 11784394K->38408K(13212096K), 0.4548786 secs] 86971776K->75227487K(187275712K), 0.4553014 secs] [Times: user=3.26 sys=0.36, real=0.46 secs] 
2018-04-16T05:17:08.086+0800: 273187.082: [GC (Allocation Failure) 2018-04-16T05:17:08.086+0800: 273187.082: [ParNew: 11782536K->37204K(13212096K), 0.4895891 secs] 86971615K->75227119K(187275712K), 0.4900085 secs] [Times: user=3.44 sys=0.46, real=0.49 secs] 
2018-04-16T05:17:18.344+0800: 273197.340: [GC (Allocation Failure) 2018-04-16T05:17:18.344+0800: 273197.340: [ParNew: 11781332K->39420K(13212096K), 0.3776937 secs] 86971247K->75229491K(187275712K), 0.3780967 secs] [Times: user=2.09 sys=0.91, real=0.38 secs] 
2018-04-16T05:17:48.324+0800: 273227.320: [GC (Allocation Failure) 2018-04-16T05:17:48.325+0800: 273227.321: [ParNew: 11783548K->38243K(13212096K), 0.5997058 secs] 86973619K->75232065K(187275712K), 0.6001245 secs] [Times: user=3.13 sys=1.63, real=0.60 secs] 
2018-04-16T05:19:07.944+0800: 273306.940: [GC (Allocation Failure) 2018-04-16T05:19:07.944+0800: 273306.940: [ParNew: 11782371K->49330K(13212096K), 0.7060824 secs] 86976193K->75244014K(187275712K), 0.7064998 secs] [Times: user=4.89 sys=0.72, real=0.70 secs] 
2018-04-16T05:19:49.327+0800: 273348.324: [GC (Allocation Failure) 2018-04-16T05:19:49.328+0800: 273348.324: [ParNew: 11793458K->44769K(13212096K), 0.6128164 secs] 86988142K->75240335K(187275712K), 0.6132372 secs] [Times: user=3.23 sys=1.63, real=0.61 secs] 
2018-04-16T05:22:22.429+0800: 273501.425: [GC (Allocation Failure) 2018-04-16T05:22:22.430+0800: 273501.426: [ParNew: 11788897K->67627K(13212096K), 1.0932472 secs] 86984463K->75263918K(187275712K), 1.0936675 secs] [Times: user=5.65 sys=3.01, real=1.10 secs] 
2018-04-16T05:22:38.213+0800: 273517.209: [GC (Allocation Failure) 2018-04-16T05:22:38.213+0800: 273517.209: [ParNew: 11811755K->67206K(13212096K), 0.5005024 secs] 87008046K->75263744K(187275712K), 0.5009167 secs] [Times: user=3.60 sys=0.38, real=0.50 secs] 
2018-04-16T05:23:55.916+0800: 273594.913: [GC (Allocation Failure) 2018-04-16T05:23:55.917+0800: 273594.913: [ParNew: 11811334K->50900K(13212096K), 0.6726265 secs] 87007872K->75247701K(187275712K), 0.6730585 secs] [Times: user=3.51 sys=1.80, real=0.67 secs] 
2018-04-16T05:24:28.707+0800: 273627.703: [GC (Allocation Failure) 2018-04-16T05:24:28.707+0800: 273627.703: [ParNew: 11795028K->56375K(13212096K), 0.5142919 secs] 86991829K->75261112K(187275712K), 0.5147294 secs] [Times: user=3.39 sys=0.68, real=0.52 secs] 
2018-04-16T05:24:50.627+0800: 273649.623: [GC (Allocation Failure) 2018-04-16T05:24:50.627+0800: 273649.623: [ParNew: 11800503K->52842K(13212096K), 0.4931748 secs] 87005240K->75260361K(187275712K), 0.4936078 secs] [Times: user=3.53 sys=0.38, real=0.49 secs] 
2018-04-16T05:25:04.011+0800: 273663.007: [GC (Allocation Failure) 2018-04-16T05:25:04.011+0800: 273663.007: [ParNew: 11796970K->64740K(13212096K), 0.4465684 secs] 87004489K->75273995K(187275712K), 0.4470016 secs] [Times: user=3.42 sys=0.13, real=0.45 secs] 
2018-04-16T05:25:29.409+0800: 273688.405: [GC (Allocation Failure) 2018-04-16T05:25:29.409+0800: 273688.405: [ParNew: 11808868K->63216K(13212096K), 0.7041459 secs] 87018123K->75280823K(187275712K), 0.7045994 secs] [Times: user=3.57 sys=1.99, real=0.71 secs] 
2018-04-16T05:25:43.355+0800: 273702.351: [GC (Allocation Failure) 2018-04-16T05:25:43.355+0800: 273702.351: [ParNew: 11807344K->67587K(13212096K), 0.5346642 secs] 87024951K->75286135K(187275712K), 0.5351017 secs] [Times: user=3.84 sys=0.40, real=0.53 secs] 
2018-04-16T05:25:56.732+0800: 273715.728: [GC (Allocation Failure) 2018-04-16T05:25:56.732+0800: 273715.728: [ParNew: 11811715K->99058K(13212096K), 0.4402060 secs] 87030263K->75320464K(187275712K), 0.4406227 secs] [Times: user=3.39 sys=0.11, real=0.44 secs] 
2018-04-16T05:26:08.955+0800: 273727.951: [GC (Allocation Failure) 2018-04-16T05:26:08.955+0800: 273727.951: [ParNew: 11843186K->130515K(13212096K), 0.4584696 secs] 87064592K->75355245K(187275712K), 0.4588607 secs] [Times: user=3.64 sys=0.00, real=0.46 secs] 
2018-04-16T05:26:31.814+0800: 273750.810: [GC (Allocation Failure) 2018-04-16T05:26:31.814+0800: 273750.810: [ParNew: 11874643K->128067K(13212096K), 0.7573649 secs] 87099373K->75353844K(187275712K), 0.7577908 secs] [Times: user=3.63 sys=2.38, real=0.76 secs] 
2018-04-16T05:27:00.085+0800: 273779.081: [GC (Allocation Failure) 2018-04-16T05:27:00.085+0800: 273779.081: [ParNew: 11872195K->77561K(13212096K), 0.5756331 secs] 87097972K->75304360K(187275712K), 0.5760631 secs] [Times: user=3.78 sys=0.80, real=0.57 secs] 
2018-04-16T05:27:51.257+0800: 273830.253: [GC (Allocation Failure) 2018-04-16T05:27:51.257+0800: 273830.253: [ParNew: 11821689K->75167K(13212096K), 0.6183738 secs] 87048488K->75303704K(187275712K), 0.6188145 secs] [Times: user=3.30 sys=1.57, real=0.62 secs] 
2018-04-16T05:28:13.591+0800: 273852.587: [GC (Allocation Failure) 2018-04-16T05:28:13.591+0800: 273852.587: [ParNew: 11819295K->57623K(13212096K), 0.4912507 secs] 87047832K->75287547K(187275712K), 0.4916641 secs] [Times: user=3.40 sys=0.50, real=0.49 secs] 
2018-04-16T05:28:28.625+0800: 273867.621: [GC (Allocation Failure) 2018-04-16T05:28:28.625+0800: 273867.621: [ParNew: 11801751K->48692K(13212096K), 0.4921920 secs] 87031675K->75279480K(187275712K), 0.4925956 secs] [Times: user=3.57 sys=0.35, real=0.49 secs] 
2018-04-16T05:28:47.573+0800: 273886.569: [GC (Allocation Failure) 2018-04-16T05:28:47.573+0800: 273886.569: [ParNew: 11792820K->37623K(13212096K), 0.3961593 secs] 87023608K->75268945K(187275712K), 0.3965751 secs] [Times: user=2.15 sys=0.99, real=0.39 secs] 
2018-04-16T05:30:32.903+0800: 273991.899: [GC (Allocation Failure) 2018-04-16T05:30:32.903+0800: 273991.900: [ParNew: 11781751K->55394K(13212096K), 0.9891333 secs] 87013073K->75287859K(187275712K), 0.9895566 secs] [Times: user=5.53 sys=2.28, real=0.99 secs] 
2018-04-16T05:30:55.037+0800: 274014.033: [GC (Allocation Failure) 2018-04-16T05:30:55.037+0800: 274014.033: [ParNew: 11799522K->66458K(13212096K), 0.5367968 secs] 87031987K->75300400K(187275712K), 0.5372212 secs] [Times: user=3.75 sys=0.52, real=0.54 secs] 
2018-04-16T05:31:28.544+0800: 274047.541: [GC (Allocation Failure) 2018-04-16T05:31:28.545+0800: 274047.541: [ParNew: 11810586K->104258K(13212096K), 0.6039394 secs] 87044528K->75343718K(187275712K), 0.6043796 secs] [Times: user=3.23 sys=1.51, real=0.60 secs] 
2018-04-16T05:32:01.706+0800: 274080.702: [GC (Allocation Failure) 2018-04-16T05:32:01.706+0800: 274080.702: [ParNew: 11848386K->120574K(13212096K), 0.4882055 secs] 87087846K->75361931K(187275712K), 0.4886455 secs] [Times: user=3.33 sys=0.55, real=0.49 secs] 
2018-04-16T05:32:28.774+0800: 274107.770: [GC (Allocation Failure) 2018-04-16T05:32:28.774+0800: 274107.770: [ParNew: 11864702K->119429K(13212096K), 0.4684160 secs] 87106059K->75361316K(187275712K), 0.4688296 secs] [Times: user=2.54 sys=1.18, real=0.47 secs] 
2018-04-16T05:33:39.568+0800: 274178.564: [GC (Allocation Failure) 2018-04-16T05:33:39.568+0800: 274178.564: [ParNew: 11863557K->104827K(13212096K), 0.6690514 secs] 87105444K->75347456K(187275712K), 0.6694842 secs] [Times: user=3.22 sys=2.05, real=0.67 secs] 
2018-04-16T05:33:56.131+0800: 274195.127: [GC (Allocation Failure) 2018-04-16T05:33:56.131+0800: 274195.127: [ParNew: 11848955K->108530K(13212096K), 0.5024430 secs] 87091584K->75360451K(187275712K), 0.5028631 secs] [Times: user=2.62 sys=1.34, real=0.51 secs] 
2018-04-16T05:34:57.200+0800: 274256.196: [GC (Allocation Failure) 2018-04-16T05:34:57.200+0800: 274256.196: [ParNew: 11852658K->89953K(13212096K), 0.6707941 secs] 87104579K->75343327K(187275712K), 0.6712192 secs] [Times: user=3.40 sys=1.86, real=0.68 secs] 
2018-04-16T05:35:56.352+0800: 274315.348: [GC (Allocation Failure) 2018-04-16T05:35:56.352+0800: 274315.348: [ParNew: 11834081K->83573K(13212096K), 0.4914957 secs] 87087455K->75341100K(187275712K), 0.4919112 secs] [Times: user=3.37 sys=0.51, real=0.49 secs] 
2018-04-16T05:36:08.539+0800: 274327.535: [GC (Allocation Failure) 2018-04-16T05:36:08.539+0800: 274327.535: [ParNew: 11827670K->89174K(13212096K), 0.4406548 secs] 87085197K->75350693K(187275712K), 0.4410750 secs] [Times: user=3.38 sys=0.13, real=0.44 secs] 
2018-04-16T05:36:21.801+0800: 274340.797: [GC (Allocation Failure) 2018-04-16T05:36:21.801+0800: 274340.797: [ParNew: 11833302K->67590K(13212096K), 0.6449296 secs] 87094821K->75333642K(187275712K), 0.6453470 secs] [Times: user=3.42 sys=1.66, real=0.65 secs] 
2018-04-16T05:36:39.383+0800: 274358.379: [GC (Allocation Failure) 2018-04-16T05:36:39.383+0800: 274358.379: [ParNew: 11811718K->63944K(13212096K), 0.4165461 secs] 87077770K->75334098K(187275712K), 0.4169622 secs] [Times: user=3.31 sys=0.00, real=0.41 secs] 
2018-04-16T05:36:52.488+0800: 274371.484: [GC (Allocation Failure) 2018-04-16T05:36:52.488+0800: 274371.484: [ParNew: 11808072K->62010K(13212096K), 0.4408356 secs] 87078226K->75341338K(187275712K), 0.4412484 secs] [Times: user=2.86 sys=0.64, real=0.44 secs] 
2018-04-16T05:37:10.583+0800: 274389.579: [GC (Allocation Failure) 2018-04-16T05:37:10.583+0800: 274389.579: [ParNew: 11806138K->59109K(13212096K), 0.4300131 secs] 87085466K->75346546K(187275712K), 0.4304311 secs] [Times: user=3.18 sys=0.22, real=0.43 secs] 
2018-04-16T05:37:27.750+0800: 274406.746: [GC (Allocation Failure) 2018-04-16T05:37:27.750+0800: 274406.746: [ParNew: 11803237K->70678K(13212096K), 0.6050036 secs] 87090674K->75365043K(187275712K), 0.6054167 secs] [Times: user=3.06 sys=1.71, real=0.61 secs] 
2018-04-16T05:37:49.154+0800: 274428.150: [GC (Allocation Failure) 2018-04-16T05:37:49.154+0800: 274428.150: [ParNew: 11814806K->52429K(13212096K), 0.5618503 secs] 87109171K->75347096K(187275712K), 0.5622634 secs] [Times: user=3.62 sys=0.86, real=0.56 secs] 
2018-04-16T05:38:00.610+0800: 274439.606: [GC (Allocation Failure) 2018-04-16T05:38:00.611+0800: 274439.607: [ParNew: 11796557K->46510K(13212096K), 0.4695154 secs] 87091224K->75343138K(187275712K), 0.4699358 secs] [Times: user=3.42 sys=0.32, real=0.47 secs] 
2018-04-16T05:38:25.591+0800: 274464.587: [GC (Allocation Failure) 2018-04-16T05:38:25.592+0800: 274464.588: [ParNew: 11790638K->46931K(13212096K), 0.4699606 secs] 87087266K->75344406K(187275712K), 0.4703742 secs] [Times: user=3.46 sys=0.28, real=0.47 secs] 
2018-04-16T05:38:54.892+0800: 274493.888: [GC (Allocation Failure) 2018-04-16T05:38:54.892+0800: 274493.888: [ParNew: 11791059K->54430K(13212096K), 0.6276292 secs] 87088534K->75352699K(187275712K), 0.6280500 secs] [Times: user=2.77 sys=2.16, real=0.62 secs] 
2018-04-16T05:39:59.531+0800: 274558.527: [GC (Allocation Failure) 2018-04-16T05:39:59.531+0800: 274558.527: [ParNew: 11798558K->76770K(13212096K), 0.6677013 secs] 87096827K->75379056K(187275712K), 0.6681078 secs] [Times: user=4.95 sys=0.35, real=0.67 secs] 
2018-04-16T05:40:19.415+0800: 274578.411: [GC (Allocation Failure) 2018-04-16T05:40:19.416+0800: 274578.412: [ParNew: 11820898K->75353K(13212096K), 0.5768588 secs] 87123184K->75380546K(187275712K), 0.5772879 secs] [Times: user=3.00 sys=1.55, real=0.58 secs] 
2018-04-16T05:40:49.745+0800: 274608.742: [GC (Allocation Failure) 2018-04-16T05:40:49.746+0800: 274608.742: [ParNew: 11819481K->74550K(13212096K), 0.6259357 secs] 87124674K->75381893K(187275712K), 0.6263537 secs] [Times: user=3.67 sys=1.30, real=0.63 secs] 
2018-04-16T05:41:15.356+0800: 274634.352: [GC (Allocation Failure) 2018-04-16T05:41:15.356+0800: 274634.352: [ParNew: 11818678K->86241K(13212096K), 0.4750960 secs] 87126021K->75394159K(187275712K), 0.4755161 secs] [Times: user=3.36 sys=0.41, real=0.48 secs] 
2018-04-16T05:41:54.134+0800: 274673.130: [GC (Allocation Failure) 2018-04-16T05:41:54.135+0800: 274673.131: [ParNew: 11830369K->113998K(13212096K), 0.6286836 secs] 87138287K->75423698K(187275712K), 0.6291298 secs] [Times: user=4.40 sys=0.53, real=0.63 secs] 
2018-04-16T05:42:16.960+0800: 274695.956: [GC (Allocation Failure) 2018-04-16T05:42:16.960+0800: 274695.956: [ParNew: 11858126K->128552K(13212096K), 0.4818665 secs] 87167826K->75441662K(187275712K), 0.4822865 secs] [Times: user=3.43 sys=0.37, real=0.49 secs] 
2018-04-16T05:43:02.480+0800: 274741.476: [GC (Allocation Failure) 2018-04-16T05:43:02.480+0800: 274741.476: [ParNew: 11872680K->127006K(13212096K), 0.6835925 secs] 87185790K->75446491K(187275712K), 0.6840447 secs] [Times: user=3.67 sys=1.72, real=0.69 secs] 
2018-04-16T05:43:23.467+0800: 274762.463: [GC (Allocation Failure) 2018-04-16T05:43:23.467+0800: 274762.463: [ParNew: 11871134K->168990K(13212096K), 0.5382040 secs] 87190619K->75491159K(187275712K), 0.5386302 secs] [Times: user=3.73 sys=0.53, real=0.54 secs] 
2018-04-16T05:43:34.287+0800: 274773.283: [GC (Allocation Failure) 2018-04-16T05:43:34.287+0800: 274773.283: [ParNew: 11913118K->142719K(13212096K), 0.4902528 secs] 87235287K->75471467K(187275712K), 0.4906857 secs] [Times: user=3.61 sys=0.28, real=0.49 secs] 
2018-04-16T05:43:59.409+0800: 274798.405: [GC (Allocation Failure) 2018-04-16T05:43:59.409+0800: 274798.405: [ParNew: 11886847K->121720K(13212096K), 0.4523422 secs] 87215595K->75456151K(187275712K), 0.4527898 secs] [Times: user=2.29 sys=1.29, real=0.46 secs] 
2018-04-16T05:46:02.451+0800: 274921.447: [GC (Allocation Failure) 2018-04-16T05:46:02.452+0800: 274921.448: [ParNew: 11865848K->97362K(13212096K), 0.8260314 secs] 87200279K->75443761K(187275712K), 0.8264669 secs] [Times: user=3.66 sys=2.83, real=0.82 secs] 
2018-04-16T05:48:44.672+0800: 275083.668: [GC (Allocation Failure) 2018-04-16T05:48:44.673+0800: 275083.669: [ParNew: 11841490K->113174K(13212096K), 0.9483442 secs] 87187889K->75463022K(187275712K), 0.9487786 secs] [Times: user=5.86 sys=1.62, real=0.95 secs] 
2018-04-16T05:49:25.048+0800: 275124.044: [GC (Allocation Failure) 2018-04-16T05:49:25.048+0800: 275124.044: [ParNew: 11857302K->94596K(13212096K), 0.6650971 secs] 87207150K->75450081K(187275712K), 0.6655226 secs] [Times: user=5.07 sys=0.22, real=0.67 secs] 
2018-04-16T05:50:27.421+0800: 275186.417: [GC (Allocation Failure) 2018-04-16T05:50:27.421+0800: 275186.417: [ParNew: 11838724K->87385K(13212096K), 0.7010938 secs] 87194209K->75448122K(187275712K), 0.7015334 secs] [Times: user=4.77 sys=0.74, real=0.71 secs] 
2018-04-16T05:51:11.711+0800: 275230.707: [GC (Allocation Failure) 2018-04-16T05:51:11.711+0800: 275230.707: [ParNew: 11831513K->103671K(13212096K), 0.6246883 secs] 87192250K->75466235K(187275712K), 0.6251238 secs] [Times: user=4.74 sys=0.22, real=0.62 secs] 
2018-04-16T05:51:30.086+0800: 275249.082: [GC (Allocation Failure) 2018-04-16T05:51:30.086+0800: 275249.082: [ParNew: 11847799K->82933K(13212096K), 0.4759897 secs] 87210363K->75451427K(187275712K), 0.4764149 secs] [Times: user=3.43 sys=0.34, real=0.48 secs] 
2018-04-16T05:51:49.596+0800: 275268.592: [GC (Allocation Failure) 2018-04-16T05:51:49.596+0800: 275268.592: [ParNew: 11827061K->80631K(13212096K), 0.6070477 secs] 87195555K->75460499K(187275712K), 0.6074829 secs] [Times: user=2.92 sys=1.82, real=0.61 secs] 
2018-04-16T05:52:03.915+0800: 275282.911: [GC (Allocation Failure) 2018-04-16T05:52:03.916+0800: 275282.912: [ParNew: 11824759K->63364K(13212096K), 0.4109115 secs] 87204627K->75449832K(187275712K), 0.4113394 secs] [Times: user=3.06 sys=0.20, real=0.41 secs] 
2018-04-16T05:52:52.294+0800: 275331.290: [GC (Allocation Failure) 2018-04-16T05:52:52.294+0800: 275331.290: [ParNew: 11807492K->61910K(13212096K), 0.5237011 secs] 87193960K->75453019K(187275712K), 0.5241203 secs] [Times: user=3.36 sys=0.79, real=0.52 secs] 
2018-04-16T05:53:31.775+0800: 275370.771: [GC (Allocation Failure) 2018-04-16T05:53:31.775+0800: 275370.771: [ParNew: 11806038K->41678K(13212096K), 0.6830529 secs] 87197147K->75449214K(187275712K), 0.6834931 secs] [Times: user=3.67 sys=1.70, real=0.68 secs] 
2018-04-16T05:55:07.144+0800: 275466.140: [GC (Allocation Failure) 2018-04-16T05:55:07.144+0800: 275466.141: [ParNew: 11785806K->58115K(13212096K), 0.9474207 secs] 87193342K->75468745K(187275712K), 0.9478562 secs] [Times: user=4.64 sys=2.85, real=0.95 secs] 
2018-04-16T05:55:46.364+0800: 275505.360: [GC (Allocation Failure) 2018-04-16T05:55:46.364+0800: 275505.360: [ParNew: 11802243K->80745K(13212096K), 0.6773448 secs] 87212873K->75493467K(187275712K), 0.6777789 secs] [Times: user=3.52 sys=1.83, real=0.68 secs] 
2018-04-16T05:57:05.962+0800: 275584.958: [GC (Allocation Failure) 2018-04-16T05:57:05.963+0800: 275584.959: [ParNew: 11824873K->91533K(13212096K), 0.7313019 secs] 87237595K->75506691K(187275712K), 0.7317347 secs] [Times: user=4.18 sys=1.64, real=0.73 secs] 
2018-04-16T05:57:45.069+0800: 275624.065: [GC (Allocation Failure) 2018-04-16T05:57:45.069+0800: 275624.065: [ParNew: 11835661K->111475K(13212096K), 0.6664057 secs] 87250819K->75527471K(187275712K), 0.6668298 secs] [Times: user=3.71 sys=1.58, real=0.67 secs] 
2018-04-16T05:58:31.222+0800: 275670.218: [GC (Allocation Failure) 2018-04-16T05:58:31.222+0800: 275670.218: [ParNew: 11855603K->158276K(13212096K), 0.6949911 secs] 87271599K->75575718K(187275712K), 0.6954099 secs] [Times: user=4.02 sys=1.52, real=0.69 secs] 
2018-04-16T05:59:31.277+0800: 275730.273: [GC (Allocation Failure) 2018-04-16T05:59:31.277+0800: 275730.273: [ParNew: 11902404K->131245K(13212096K), 0.6789625 secs] 87319846K->75551234K(187275712K), 0.6793944 secs] [Times: user=4.21 sys=1.15, real=0.68 secs] 
2018-04-16T05:59:47.884+0800: 275746.881: [GC (Allocation Failure) 2018-04-16T05:59:47.885+0800: 275746.881: [ParNew: 11875373K->160502K(13212096K), 0.5595286 secs] 87295362K->75586213K(187275712K), 0.5599521 secs] [Times: user=3.70 sys=0.74, real=0.56 secs] 
2018-04-16T06:00:06.664+0800: 275765.660: [GC (Allocation Failure) 2018-04-16T06:00:06.664+0800: 275765.660: [ParNew: 11904630K->137184K(13212096K), 0.4451385 secs] 87330341K->75566502K(187275712K), 0.4455430 secs] [Times: user=3.19 sys=0.35, real=0.44 secs] 
2018-04-16T06:00:54.925+0800: 275813.921: [GC (Allocation Failure) 2018-04-16T06:00:54.926+0800: 275813.922: [ParNew: 11881312K->88647K(13212096K), 0.6607940 secs] 87310630K->75524215K(187275712K), 0.6612208 secs] [Times: user=3.38 sys=1.81, real=0.66 secs] 
2018-04-16T06:02:47.886+0800: 275926.882: [GC (Allocation Failure) 2018-04-16T06:02:47.886+0800: 275926.882: [ParNew: 11832775K->70531K(13212096K), 0.7656411 secs] 87268343K->75517989K(187275712K), 0.7660012 secs] [Times: user=5.24 sys=0.83, real=0.77 secs] 
2018-04-16T06:04:03.661+0800: 276002.657: [GC (Allocation Failure) 2018-04-16T06:04:03.662+0800: 276002.658: [ParNew: 11814659K->78158K(13212096K), 0.5767467 secs] 87262117K->75529101K(187275712K), 0.5771805 secs] [Times: user=3.17 sys=1.36, real=0.57 secs] 
2018-04-16T06:04:37.050+0800: 276036.046: [GC (Allocation Failure) 2018-04-16T06:04:37.050+0800: 276036.046: [ParNew: 11822286K->97245K(13212096K), 0.6089743 secs] 87273229K->75553020K(187275712K), 0.6093795 secs] [Times: user=3.71 sys=1.13, real=0.61 secs] 
2018-04-16T06:06:28.783+0800: 276147.779: [GC (Allocation Failure) 2018-04-16T06:06:28.783+0800: 276147.779: [ParNew: 11841373K->70833K(13212096K), 0.8486895 secs] 87297148K->75528341K(187275712K), 0.8491087 secs] [Times: user=4.49 sys=2.20, real=0.85 secs] 
2018-04-16T06:08:12.661+0800: 276251.657: [GC (Allocation Failure) 2018-04-16T06:08:12.662+0800: 276251.658: [ParNew: 11814961K->72587K(13212096K), 0.8673718 secs] 87272469K->75531808K(187275712K), 0.8677929 secs] [Times: user=5.47 sys=1.43, real=0.86 secs] 
2018-04-16T06:08:43.316+0800: 276282.312: [GC (Allocation Failure) 2018-04-16T06:08:43.316+0800: 276282.312: [ParNew: 11816715K->71126K(13212096K), 0.6681136 secs] 87275936K->75533717K(187275712K), 0.6685245 secs] [Times: user=4.89 sys=0.41, real=0.67 secs] 
2018-04-16T06:09:03.487+0800: 276302.484: [GC (Allocation Failure) 2018-04-16T06:09:03.488+0800: 276302.484: [ParNew: 11815254K->72507K(13212096K), 0.6261077 secs] 87277845K->75541030K(187275712K), 0.6265324 secs] [Times: user=4.55 sys=0.41, real=0.63 secs] 
2018-04-16T06:09:55.655+0800: 276354.651: [GC (Allocation Failure) 2018-04-16T06:09:55.655+0800: 276354.651: [ParNew: 11816635K->56701K(13212096K), 0.6106576 secs] 87285158K->75527522K(187275712K), 0.6110836 secs] [Times: user=4.02 sys=0.84, real=0.61 secs] 
2018-04-16T06:10:19.933+0800: 276378.929: [GC (Allocation Failure) 2018-04-16T06:10:19.934+0800: 276378.930: [ParNew: 11800829K->40290K(13212096K), 0.5053141 secs] 87271650K->75512148K(187275712K), 0.5059809 secs] [Times: user=3.68 sys=0.34, real=0.50 secs] 
2018-04-16T06:10:43.774+0800: 276402.770: [GC (Allocation Failure) 2018-04-16T06:10:43.774+0800: 276402.771: [ParNew: 11784418K->41491K(13212096K), 0.5791104 secs] 87256276K->75518175K(187275712K), 0.5795344 secs] [Times: user=4.10 sys=0.48, real=0.58 secs] 
2018-04-16T06:11:00.671+0800: 276419.667: [GC (Allocation Failure) 2018-04-16T06:11:00.671+0800: 276419.668: [ParNew: 11785619K->38424K(13212096K), 0.4699201 secs] 87262303K->75525241K(187275712K), 0.4703345 secs] [Times: user=3.47 sys=0.26, real=0.47 secs] 
2018-04-16T06:11:11.149+0800: 276430.145: [GC (Allocation Failure) 2018-04-16T06:11:11.149+0800: 276430.145: [ParNew: 11782552K->26722K(13212096K), 0.5193605 secs] 87269369K->75514407K(187275712K), 0.5197820 secs] [Times: user=3.61 sys=0.52, real=0.52 secs] 
2018-04-16T06:11:21.731+0800: 276440.727: [GC (Allocation Failure) 2018-04-16T06:11:21.732+0800: 276440.728: [ParNew: 11770850K->33339K(13212096K), 0.4213803 secs] 87258535K->75521840K(187275712K), 0.4217883 secs] [Times: user=3.33 sys=0.03, real=0.42 secs] 
2018-04-16T06:11:30.800+0800: 276449.796: [GC (Allocation Failure) 2018-04-16T06:11:30.800+0800: 276449.796: [ParNew: 11777467K->36596K(13212096K), 0.5457906 secs] 87265968K->75526637K(187275712K), 0.5462214 secs] [Times: user=3.08 sys=1.24, real=0.55 secs] 
2018-04-16T06:11:38.762+0800: 276457.758: [GC (Allocation Failure) 2018-04-16T06:11:38.763+0800: 276457.759: [ParNew: 11780724K->32704K(13212096K), 0.4182851 secs] 87270765K->75526577K(187275712K), 0.4187116 secs] [Times: user=3.31 sys=0.03, real=0.42 secs] 
2018-04-16T06:11:54.027+0800: 276473.023: [GC (Allocation Failure) 2018-04-16T06:11:54.027+0800: 276473.023: [ParNew: 11776832K->26503K(13212096K), 0.4707375 secs] 87270705K->75522685K(187275712K), 0.4711542 secs] [Times: user=3.54 sys=0.20, real=0.47 secs] 
2018-04-16T06:12:19.946+0800: 276498.943: [GC (Allocation Failure) 2018-04-16T06:12:19.947+0800: 276498.943: [ParNew: 11770631K->23655K(13212096K), 0.4524738 secs] 87266813K->75520438K(187275712K), 0.4531818 secs] [Times: user=3.19 sys=0.40, real=0.45 secs] 
2018-04-16T06:12:30.729+0800: 276509.725: [GC (Allocation Failure) 2018-04-16T06:12:30.730+0800: 276509.726: [ParNew: 11767783K->39197K(13212096K), 0.5530746 secs] 87264566K->75536614K(187275712K), 0.5534921 secs] [Times: user=3.01 sys=1.35, real=0.56 secs] 
2018-04-16T06:12:43.236+0800: 276522.232: [GC (Allocation Failure) 2018-04-16T06:12:43.236+0800: 276522.232: [ParNew: 11783325K->36778K(13212096K), 0.4609040 secs] 87280742K->75534783K(187275712K), 0.4613263 secs] [Times: user=3.30 sys=0.36, real=0.46 secs] 
2018-04-16T06:12:58.434+0800: 276537.430: [GC (Allocation Failure) 2018-04-16T06:12:58.434+0800: 276537.430: [ParNew: 11780906K->33547K(13212096K), 0.4515363 secs] 87278911K->75531855K(187275712K), 0.4519546 secs] [Times: user=3.29 sys=0.31, real=0.45 secs] 
2018-04-16T06:13:09.277+0800: 276548.273: [GC (Allocation Failure) 2018-04-16T06:13:09.277+0800: 276548.273: [ParNew: 11777675K->33887K(13212096K), 0.4043645 secs] 87275983K->75532519K(187275712K), 0.4047817 secs] [Times: user=2.08 sys=1.13, real=0.41 secs] 
2018-04-16T06:13:16.781+0800: 276555.777: [GC (Allocation Failure) 2018-04-16T06:13:16.781+0800: 276555.777: [ParNew: 11778015K->35927K(13212096K), 0.4075507 secs] 87276647K->75535073K(187275712K), 0.4092142 secs] [Times: user=3.22 sys=0.00, real=0.40 secs] 
2018-04-16T06:13:23.342+0800: 276562.338: [GC (Allocation Failure) 2018-04-16T06:13:23.342+0800: 276562.338: [ParNew: 11780055K->33049K(13212096K), 0.5674642 secs] 87279201K->75536481K(187275712K), 0.5678534 secs] [Times: user=2.84 sys=1.64, real=0.56 secs] 
2018-04-16T06:13:30.665+0800: 276569.661: [GC (Allocation Failure) 2018-04-16T06:13:30.665+0800: 276569.661: [ParNew: 11777177K->30663K(13212096K), 0.4615180 secs] 87280609K->75535812K(187275712K), 0.4618781 secs] [Times: user=3.55 sys=0.12, real=0.46 secs] 
2018-04-16T06:13:39.470+0800: 276578.466: [GC (Allocation Failure) 2018-04-16T06:13:39.470+0800: 276578.467: [ParNew: 11774791K->43259K(13212096K), 0.4445505 secs] 87279940K->75549660K(187275712K), 0.4449307 secs] [Times: user=2.35 sys=1.20, real=0.45 secs] 
2018-04-16T06:14:02.719+0800: 276601.715: [GC (Allocation Failure) 2018-04-16T06:14:02.719+0800: 276601.715: [ParNew: 11787387K->64274K(13212096K), 0.4465300 secs] 87293788K->75571941K(187275712K), 0.4469002 secs] [Times: user=3.05 sys=0.50, real=0.45 secs] 
2018-04-16T06:15:03.975+0800: 276662.971: [GC (Allocation Failure) 2018-04-16T06:15:03.976+0800: 276662.972: [ParNew: 11808402K->66148K(13212096K), 0.7299985 secs] 87316069K->75574098K(187275712K), 0.7303813 secs] [Times: user=3.57 sys=2.21, real=0.73 secs] 
2018-04-16T06:16:31.881+0800: 276750.877: [GC (Allocation Failure) 2018-04-16T06:16:31.881+0800: 276750.877: [ParNew: 11810276K->113179K(13212096K), 0.6835464 secs] 87318226K->75621482K(187275712K), 0.6839189 secs] [Times: user=3.83 sys=1.59, real=0.69 secs] 
2018-04-16T06:16:48.532+0800: 276767.528: [GC (Allocation Failure) 2018-04-16T06:16:48.533+0800: 276767.529: [ParNew: 11857307K->134746K(13212096K), 0.5720495 secs] 87365610K->75643515K(187275712K), 0.5724589 secs] [Times: user=3.30 sys=1.24, real=0.57 secs] 
2018-04-16T06:17:00.858+0800: 276779.854: [GC (Allocation Failure) 2018-04-16T06:17:00.858+0800: 276779.854: [ParNew: 11878874K->117307K(13212096K), 0.4586946 secs] 87387643K->75626302K(187275712K), 0.4590931 secs] [Times: user=3.49 sys=0.15, real=0.46 secs] 
2018-04-16T06:18:11.671+0800: 276850.667: [GC (Allocation Failure) 2018-04-16T06:18:11.672+0800: 276850.668: [ParNew: 11861435K->65330K(13212096K), 0.6468722 secs] 87370430K->75575598K(187275712K), 0.6472766 secs] [Times: user=3.90 sys=1.25, real=0.64 secs] 
2018-04-16T06:18:39.443+0800: 276878.439: [GC (Allocation Failure) 2018-04-16T06:18:39.443+0800: 276878.439: [ParNew: 11809458K->70324K(13212096K), 0.6079730 secs] 87319726K->75582731K(187275712K), 0.6083839 secs] [Times: user=2.99 sys=1.80, real=0.61 secs] 
2018-04-16T06:19:56.467+0800: 276955.463: [GC (Allocation Failure) 2018-04-16T06:19:56.468+0800: 276955.464: [ParNew: 11814452K->73942K(13212096K), 0.7391014 secs] 87326859K->75590600K(187275712K), 0.7395101 secs] [Times: user=5.54 sys=0.32, real=0.74 secs] 
2018-04-16T06:20:31.780+0800: 276990.776: [GC (Allocation Failure) 2018-04-16T06:20:31.780+0800: 276990.776: [ParNew: 11818070K->51755K(13212096K), 0.6282008 secs] 87334728K->75575303K(187275712K), 0.6286274 secs] [Times: user=3.43 sys=1.53, real=0.63 secs] 
2018-04-16T06:20:42.690+0800: 277001.686: [GC (Allocation Failure) 2018-04-16T06:20:42.690+0800: 277001.686: [ParNew: 11795883K->52152K(13212096K), 0.3968888 secs] 87319431K->75578149K(187275712K), 0.3973173 secs] [Times: user=2.67 sys=0.49, real=0.40 secs] 
2018-04-16T06:20:55.704+0800: 277014.700: [GC (Allocation Failure) 2018-04-16T06:20:55.705+0800: 277014.701: [ParNew: 11796280K->51058K(13212096K), 0.4229859 secs] 87322277K->75577596K(187275712K), 0.4233914 secs] [Times: user=3.24 sys=0.13, real=0.42 secs] 
2018-04-16T06:21:05.414+0800: 277024.410: [GC (Allocation Failure) 2018-04-16T06:21:05.414+0800: 277024.410: [ParNew: 11795186K->54121K(13212096K), 0.4210281 secs] 87321724K->75586028K(187275712K), 0.4214408 secs] [Times: user=2.28 sys=1.07, real=0.42 secs] 
2018-04-16T06:21:17.124+0800: 277036.120: [GC (Allocation Failure) 2018-04-16T06:21:17.124+0800: 277036.120: [ParNew: 11798249K->48748K(13212096K), 0.5860763 secs] 87330156K->75582965K(187275712K), 0.5865061 secs] [Times: user=2.96 sys=1.67, real=0.58 secs] 
2018-04-16T06:22:42.206+0800: 277121.202: [GC (Allocation Failure) 2018-04-16T06:22:42.206+0800: 277121.202: [ParNew: 11792876K->51584K(13212096K), 0.5326489 secs] 87327093K->75591444K(187275712K), 0.5330146 secs] [Times: user=3.45 sys=0.78, real=0.53 secs] 
2018-04-16T06:23:00.144+0800: 277139.140: [GC (Allocation Failure) 2018-04-16T06:23:00.144+0800: 277139.140: [ParNew: 11795712K->42577K(13212096K), 0.4671801 secs] 87335572K->75584233K(187275712K), 0.4675930 secs] [Times: user=3.49 sys=0.22, real=0.47 secs] 
2018-04-16T06:25:21.707+0800: 277280.703: [GC (Allocation Failure) 2018-04-16T06:25:21.707+0800: 277280.703: [ParNew: 11786705K->62072K(13212096K), 0.9785315 secs] 87328361K->75603968K(187275712K), 0.9789620 secs] [Times: user=5.03 sys=2.72, real=0.98 secs] 
2018-04-16T06:27:47.881+0800: 277426.877: [GC (Allocation Failure) 2018-04-16T06:27:47.882+0800: 277426.878: [ParNew: 11806200K->66237K(13212096K), 0.7748384 secs] 87348096K->75608238K(187275712K), 0.7752799 secs] [Times: user=4.83 sys=1.28, real=0.77 secs] 
2018-04-16T06:33:06.431+0800: 277745.427: [GC (Allocation Failure) 2018-04-16T06:33:06.431+0800: 277745.427: [ParNew: 11810365K->69478K(13212096K), 1.2555870 secs] 87352366K->75611622K(187275712K), 1.2560065 secs] [Times: user=8.13 sys=1.84, real=1.26 secs] 
2018-04-16T06:35:18.025+0800: 277877.021: [GC (Allocation Failure) 2018-04-16T06:35:18.025+0800: 277877.021: [ParNew: 11813606K->136628K(13212096K), 0.9554971 secs] 87355750K->75678863K(187275712K), 0.9559209 secs] [Times: user=4.44 sys=3.14, real=0.95 secs] 
2018-04-16T06:35:56.853+0800: 277915.849: [GC (Allocation Failure) 2018-04-16T06:35:56.854+0800: 277915.850: [ParNew: 11880756K->104444K(13212096K), 0.5352310 secs] 87422991K->75653809K(187275712K), 0.5356667 secs] [Times: user=3.53 sys=0.72, real=0.53 secs] 
2018-04-16T06:36:12.531+0800: 277931.527: [GC (Allocation Failure) 2018-04-16T06:36:12.531+0800: 277931.527: [ParNew: 11848572K->91207K(13212096K), 0.5854654 secs] 87397937K->75641646K(187275712K), 0.5859054 secs] [Times: user=2.89 sys=1.74, real=0.58 secs] 
2018-04-16T06:36:38.036+0800: 277957.032: [GC (Allocation Failure) 2018-04-16T06:36:38.036+0800: 277957.032: [ParNew: 11835335K->111711K(13212096K), 0.5714624 secs] 87385774K->75667444K(187275712K), 0.5718829 secs] [Times: user=3.62 sys=0.93, real=0.57 secs] 
2018-04-16T06:38:42.310+0800: 278081.306: [GC (Allocation Failure) 2018-04-16T06:38:42.310+0800: 278081.306: [ParNew: 11855839K->88154K(13212096K), 0.8520331 secs] 87411572K->75648207K(187275712K), 0.8524651 secs] [Times: user=4.16 sys=2.57, real=0.86 secs] 
2018-04-16T06:41:18.507+0800: 278237.503: [GC (Allocation Failure) 2018-04-16T06:41:18.507+0800: 278237.504: [ParNew: 11832282K->62110K(13212096K), 0.7656249 secs] 87392335K->75628942K(187275712K), 0.7659841 secs] [Times: user=5.69 sys=0.37, real=0.77 secs] 
2018-04-16T06:44:07.101+0800: 278406.097: [GC (Allocation Failure) 2018-04-16T06:44:07.102+0800: 278406.098: [ParNew: 11806238K->70849K(13212096K), 1.0928058 secs] 87373070K->75647157K(187275712K), 1.0932332 secs] [Times: user=5.61 sys=3.05, real=1.09 secs] 
2018-04-16T06:44:24.747+0800: 278423.744: [GC (Allocation Failure) 2018-04-16T06:44:24.748+0800: 278423.744: [ParNew: 11814977K->106377K(13212096K), 0.4644864 secs] 87391285K->75682798K(187275712K), 0.4649020 secs] [Times: user=3.52 sys=0.17, real=0.47 secs] 
2018-04-16T06:44:42.347+0800: 278441.343: [GC (Allocation Failure) 2018-04-16T06:44:42.347+0800: 278441.343: [ParNew: 11850505K->126300K(13212096K), 0.4069730 secs] 87426926K->75702789K(187275712K), 0.4073906 secs] [Times: user=3.24 sys=0.00, real=0.41 secs] 
2018-04-16T06:45:06.378+0800: 278465.374: [GC (Allocation Failure) 2018-04-16T06:45:06.379+0800: 278465.375: [ParNew: 11870428K->99777K(13212096K), 0.5782404 secs] 87446917K->75678498K(187275712K), 0.5786687 secs] [Times: user=3.48 sys=1.11, real=0.58 secs] 
2018-04-16T06:45:44.725+0800: 278503.721: [GC (Allocation Failure) 2018-04-16T06:45:44.726+0800: 278503.722: [ParNew: 11843905K->130055K(13212096K), 0.5839753 secs] 87422626K->75716492K(187275712K), 0.5843774 secs] [Times: user=3.88 sys=0.76, real=0.58 secs] 
2018-04-16T06:45:59.991+0800: 278518.988: [GC (Allocation Failure) 2018-04-16T06:45:59.992+0800: 278518.988: [ParNew: 11874183K->137664K(13212096K), 0.4257994 secs] 87460620K->75732456K(187275712K), 0.4262264 secs] [Times: user=3.38 sys=0.00, real=0.42 secs] 
2018-04-16T06:46:09.785+0800: 278528.781: [GC (Allocation Failure) 2018-04-16T06:46:09.785+0800: 278528.781: [ParNew: 11881792K->102612K(13212096K), 0.5700866 secs] 87476584K->75708081K(187275712K), 0.5705104 secs] [Times: user=3.12 sys=1.39, real=0.57 secs] 
2018-04-16T06:46:19.340+0800: 278538.336: [GC (Allocation Failure) 2018-04-16T06:46:19.340+0800: 278538.336: [ParNew: 11846740K->107564K(13212096K), 0.4831708 secs] 87452209K->75724109K(187275712K), 0.4835895 secs] [Times: user=3.79 sys=0.05, real=0.49 secs] 
2018-04-16T06:46:27.709+0800: 278546.705: [GC (Allocation Failure) 2018-04-16T06:46:27.709+0800: 278546.705: [ParNew: 11851692K->106835K(13212096K), 0.4163781 secs] 87468237K->75724951K(187275712K), 0.4167904 secs] [Times: user=3.31 sys=0.00, real=0.42 secs] 
2018-04-16T06:46:35.424+0800: 278554.420: [GC (Allocation Failure) 2018-04-16T06:46:35.424+0800: 278554.420: [ParNew: 11850963K->108560K(13212096K), 0.4278292 secs] 87469079K->75728839K(187275712K), 0.4282432 secs] [Times: user=3.35 sys=0.04, real=0.43 secs] 
2018-04-16T06:46:42.182+0800: 278561.178: [GC (Allocation Failure) 2018-04-16T06:46:42.182+0800: 278561.178: [ParNew: 11852688K->88502K(13212096K), 0.4191798 secs] 87472967K->75714871K(187275712K), 0.4195885 secs] [Times: user=3.33 sys=0.00, real=0.42 secs] 
2018-04-16T06:46:50.641+0800: 278569.637: [GC (Allocation Failure) 2018-04-16T06:46:50.642+0800: 278569.638: [ParNew: 11832630K->87465K(13212096K), 0.4212472 secs] 87458999K->75715860K(187275712K), 0.4216583 secs] [Times: user=3.36 sys=0.00, real=0.42 secs] 
2018-04-16T06:47:00.784+0800: 278579.780: [GC (Allocation Failure) 2018-04-16T06:47:00.785+0800: 278579.781: [ParNew: 11831593K->57202K(13212096K), 0.4519015 secs] 87459988K->75687108K(187275712K), 0.4523401 secs] [Times: user=3.58 sys=0.01, real=0.45 secs] 
2018-04-16T06:47:19.507+0800: 278598.503: [GC (Allocation Failure) 2018-04-16T06:47:19.507+0800: 278598.503: [ParNew: 11801330K->80176K(13212096K), 0.5553629 secs] 87431236K->75711336K(187275712K), 0.5557703 secs] [Times: user=3.24 sys=1.16, real=0.56 secs] 
2018-04-16T06:47:36.866+0800: 278615.862: [GC (Allocation Failure) 2018-04-16T06:47:36.867+0800: 278615.863: [ParNew: 11824304K->81416K(13212096K), 0.4651830 secs] 87455464K->75713068K(187275712K), 0.4655880 secs] [Times: user=3.42 sys=0.27, real=0.47 secs] 
2018-04-16T06:47:50.233+0800: 278629.229: [GC (Allocation Failure) 2018-04-16T06:47:50.233+0800: 278629.229: [ParNew: 11825544K->82235K(13212096K), 0.5069720 secs] 87457196K->75714622K(187275712K), 0.5073635 secs] [Times: user=3.57 sys=0.47, real=0.50 secs] 
2018-04-16T06:48:14.273+0800: 278653.269: [GC (Allocation Failure) 2018-04-16T06:48:14.273+0800: 278653.269: [ParNew: 11826363K->102237K(13212096K), 0.5754322 secs] 87458750K->75735474K(187275712K), 0.5758626 secs] [Times: user=2.89 sys=1.68, real=0.57 secs] 
2018-04-16T06:48:26.014+0800: 278665.010: [GC (Allocation Failure) 2018-04-16T06:48:26.014+0800: 278665.010: [ParNew: 11846365K->102919K(13212096K), 0.4516237 secs] 87479602K->75736744K(187275712K), 0.4520270 secs] [Times: user=3.51 sys=0.09, real=0.45 secs] 
2018-04-16T06:48:40.091+0800: 278679.087: [GC (Allocation Failure) 2018-04-16T06:48:40.091+0800: 278679.087: [ParNew: 11847047K->103715K(13212096K), 0.4557523 secs] 87480872K->75738798K(187275712K), 0.4561535 secs] [Times: user=3.44 sys=0.19, real=0.46 secs] 
2018-04-16T06:48:47.939+0800: 278686.935: [GC (Allocation Failure) 2018-04-16T06:48:47.939+0800: 278686.935: [ParNew: 11847843K->76109K(13212096K), 0.4227037 secs] 87482926K->75715134K(187275712K), 0.4231194 secs] [Times: user=3.36 sys=0.00, real=0.43 secs] 
2018-04-16T06:48:55.814+0800: 278694.810: [GC (Allocation Failure) 2018-04-16T06:48:55.814+0800: 278694.810: [ParNew: 11820237K->81432K(13212096K), 0.4196197 secs] 87459262K->75723241K(187275712K), 0.4200093 secs] [Times: user=3.34 sys=0.00, real=0.42 secs] 
2018-04-16T06:49:08.947+0800: 278707.943: [GC (Allocation Failure) 2018-04-16T06:49:08.947+0800: 278707.943: [ParNew: 11825560K->105045K(13212096K), 0.5607021 secs] 87467369K->75748344K(187275712K), 0.5611196 secs] [Times: user=2.86 sys=1.59, real=0.56 secs] 
2018-04-16T06:49:23.291+0800: 278722.287: [GC (Allocation Failure) 2018-04-16T06:49:23.291+0800: 278722.288: [ParNew: 11849173K->95186K(13212096K), 0.5097227 secs] 87492472K->75742500K(187275712K), 0.5101296 secs] [Times: user=3.75 sys=0.31, real=0.51 secs] 
2018-04-16T06:49:42.694+0800: 278741.690: [GC (Allocation Failure) 2018-04-16T06:49:42.694+0800: 278741.690: [ParNew: 11839314K->98748K(13212096K), 0.5133893 secs] 87486628K->75748504K(187275712K), 0.5137909 secs] [Times: user=3.42 sys=0.67, real=0.51 secs] 
2018-04-16T06:50:10.018+0800: 278769.015: [GC (Allocation Failure) 2018-04-16T06:50:10.019+0800: 278769.015: [ParNew: 11842876K->90193K(13212096K), 0.6098464 secs] 87492632K->75740995K(187275712K), 0.6102588 secs] [Times: user=2.69 sys=2.13, real=0.61 secs] 
2018-04-16T06:50:21.542+0800: 278780.538: [GC (Allocation Failure) 2018-04-16T06:50:21.542+0800: 278780.538: [ParNew: 11834321K->65062K(13212096K), 0.4318497 secs] 87485123K->75717114K(187275712K), 0.4322553 secs] [Times: user=3.44 sys=0.00, real=0.43 secs] 
2018-04-16T06:50:34.297+0800: 278793.293: [GC (Allocation Failure) 2018-04-16T06:50:34.297+0800: 278793.293: [ParNew: 11809190K->78515K(13212096K), 0.4240574 secs] 87461242K->75732017K(187275712K), 0.4244606 secs] [Times: user=3.29 sys=0.09, real=0.43 secs] 
2018-04-16T06:50:55.803+0800: 278814.799: [GC (Allocation Failure) 2018-04-16T06:50:55.803+0800: 278814.799: [ParNew: 11822643K->78995K(13212096K), 0.4665015 secs] 87476145K->75735346K(187275712K), 0.4669108 secs] [Times: user=3.37 sys=0.34, real=0.46 secs] 
2018-04-16T06:51:12.293+0800: 278831.289: [GC (Allocation Failure) 2018-04-16T06:51:12.293+0800: 278831.289: [ParNew: 11823123K->75901K(13212096K), 0.5939220 secs] 87479474K->75733848K(187275712K), 0.5943451 secs] [Times: user=3.23 sys=1.47, real=0.59 secs] 
2018-04-16T06:51:44.141+0800: 278863.137: [GC (Allocation Failure) 2018-04-16T06:51:44.141+0800: 278863.137: [ParNew: 11820029K->103848K(13212096K), 0.5704781 secs] 87477976K->75764737K(187275712K), 0.5708998 secs] [Times: user=3.85 sys=0.67, real=0.58 secs] 
2018-04-16T06:53:39.932+0800: 278978.928: [GC (Allocation Failure) 2018-04-16T06:53:39.933+0800: 278978.929: [ParNew: 11847976K->87376K(13212096K), 0.9696666 secs] 87508865K->75753681K(187275712K), 0.9701191 secs] [Times: user=5.31 sys=2.37, real=0.97 secs] 
2018-04-16T06:55:47.469+0800: 279106.465: [GC (Allocation Failure) 2018-04-16T06:55:47.469+0800: 279106.466: [ParNew: 11831504K->101663K(13212096K), 0.7124309 secs] 87497809K->75768937K(187275712K), 0.7128483 secs] [Times: user=3.85 sys=1.80, real=0.72 secs] 
2018-04-16T06:58:31.608+0800: 279270.604: [GC (Allocation Failure) 2018-04-16T06:58:31.608+0800: 279270.604: [ParNew: 11845791K->111412K(13212096K), 1.3548371 secs] 87513065K->75780210K(187275712K), 1.3552723 secs] [Times: user=7.74 sys=3.01, real=1.36 secs] 
2018-04-16T06:59:33.492+0800: 279332.488: [GC (Allocation Failure) 2018-04-16T06:59:33.492+0800: 279332.488: [ParNew: 11855540K->154172K(13212096K), 0.7218731 secs] 87524338K->75825413K(187275712K), 0.7223084 secs] [Times: user=4.21 sys=1.51, real=0.72 secs] 
2018-04-16T07:02:47.439+0800: 279526.435: [GC (Allocation Failure) 2018-04-16T07:02:47.440+0800: 279526.436: [ParNew: 11898300K->111448K(13212096K), 1.1937499 secs] 87569541K->75784289K(187275712K), 1.1941766 secs] [Times: user=7.13 sys=2.34, real=1.20 secs] 
2018-04-16T07:06:09.271+0800: 279728.267: [GC (Allocation Failure) 2018-04-16T07:06:09.271+0800: 279728.267: [ParNew: 11855576K->127232K(13212096K), 1.2639520 secs] 87528417K->75802917K(187275712K), 1.2643821 secs] [Times: user=6.73 sys=3.29, real=1.27 secs] 
2018-04-16T07:07:25.522+0800: 279804.518: [GC (Allocation Failure) 2018-04-16T07:07:25.522+0800: 279804.518: [ParNew: 11871360K->119884K(13212096K), 0.6728170 secs] 87547045K->75803619K(187275712K), 0.6732484 secs] [Times: user=4.30 sys=1.03, real=0.67 secs] 
2018-04-16T07:08:03.026+0800: 279842.022: [GC (Allocation Failure) 2018-04-16T07:08:03.026+0800: 279842.022: [ParNew: 11864012K->120930K(13212096K), 0.6623375 secs] 87547747K->75811236K(187275712K), 0.6627752 secs] [Times: user=3.72 sys=1.53, real=0.66 secs] 
2018-04-16T07:08:33.969+0800: 279872.965: [GC (Allocation Failure) 2018-04-16T07:08:33.970+0800: 279872.966: [ParNew: 11865058K->132016K(13212096K), 0.6417749 secs] 87555364K->75828687K(187275712K), 0.6421952 secs] [Times: user=3.81 sys=1.28, real=0.65 secs] 
2018-04-16T07:08:49.988+0800: 279888.984: [GC (Allocation Failure) 2018-04-16T07:08:49.988+0800: 279888.984: [ParNew: 11876144K->107034K(13212096K), 0.4281746 secs] 87572815K->75807783K(187275712K), 0.4285894 secs] [Times: user=3.34 sys=0.07, real=0.43 secs] 
2018-04-16T07:09:03.864+0800: 279902.860: [GC (Allocation Failure) 2018-04-16T07:09:03.865+0800: 279902.861: [ParNew: 11851162K->82707K(13212096K), 0.5814787 secs] 87551911K->75793490K(187275712K), 0.5819094 secs] [Times: user=3.12 sys=1.48, real=0.58 secs] 
2018-04-16T07:12:02.405+0800: 280081.401: [GC (Allocation Failure) 2018-04-16T07:12:02.405+0800: 280081.401: [ParNew: 11826835K->71171K(13212096K), 0.9656975 secs] 87537618K->75790527K(187275712K), 0.9661218 secs] [Times: user=6.17 sys=1.47, real=0.96 secs] 
2018-04-16T07:13:26.889+0800: 280165.885: [GC (Allocation Failure) 2018-04-16T07:13:26.889+0800: 280165.885: [ParNew: 11815299K->114145K(13212096K), 0.6915211 secs] 87534655K->75842487K(187275712K), 0.6919478 secs] [Times: user=3.51 sys=1.93, real=0.69 secs] 
2018-04-16T07:13:49.462+0800: 280188.458: [GC (Allocation Failure) 2018-04-16T07:13:49.462+0800: 280188.458: [ParNew: 11858273K->96594K(13212096K), 0.4819646 secs] 87586615K->75827952K(187275712K), 0.4823382 secs] [Times: user=2.41 sys=1.42, real=0.48 secs] 
2018-04-16T07:14:34.139+0800: 280233.135: [GC (Allocation Failure) 2018-04-16T07:14:34.139+0800: 280233.135: [ParNew: 11840722K->71347K(13212096K), 0.6483338 secs] 87572080K->75803431K(187275712K), 0.6487075 secs] [Times: user=4.31 sys=0.82, real=0.65 secs] 
2018-04-16T07:15:40.774+0800: 280299.770: [GC (Allocation Failure) 2018-04-16T07:15:40.774+0800: 280299.770: [ParNew: 11815475K->46587K(13212096K), 0.7160700 secs] 87547559K->75779451K(187275712K), 0.7164883 secs] [Times: user=4.88 sys=0.82, real=0.71 secs] 
2018-04-16T07:16:02.316+0800: 280321.312: [GC (Allocation Failure) 2018-04-16T07:16:02.316+0800: 280321.312: [ParNew: 11790715K->62657K(13212096K), 0.4360597 secs] 87523579K->75796503K(187275712K), 0.4365105 secs] [Times: user=3.40 sys=0.07, real=0.44 secs] 
2018-04-16T07:16:20.637+0800: 280339.633: [GC (Allocation Failure) 2018-04-16T07:16:20.637+0800: 280339.633: [ParNew: 11806785K->68389K(13212096K), 0.6652533 secs] 87540631K->75811800K(187275712K), 0.6656637 secs] [Times: user=3.62 sys=1.64, real=0.67 secs] 
2018-04-16T07:16:58.419+0800: 280377.415: [GC (Allocation Failure) 2018-04-16T07:16:58.419+0800: 280377.415: [ParNew: 11812517K->56120K(13212096K), 0.6022255 secs] 87555928K->75803903K(187275712K), 0.6026336 secs] [Times: user=3.69 sys=1.08, real=0.61 secs] 
2018-04-16T07:17:22.025+0800: 280401.021: [GC (Allocation Failure) 2018-04-16T07:17:22.025+0800: 280401.021: [ParNew: 11800248K->44062K(13212096K), 0.6259924 secs] 87548031K->75794051K(187275712K), 0.6264196 secs] [Times: user=3.23 sys=1.73, real=0.63 secs] 
2018-04-16T07:17:35.949+0800: 280414.945: [GC (Allocation Failure) 2018-04-16T07:17:35.949+0800: 280414.945: [ParNew: 11788190K->66267K(13212096K), 0.4903254 secs] 87538179K->75817797K(187275712K), 0.4907428 secs] [Times: user=3.66 sys=0.24, real=0.49 secs] 
2018-04-16T07:17:42.216+0800: 280421.212: [GC (Allocation Failure) 2018-04-16T07:17:42.217+0800: 280421.213: [ParNew: 11810395K->77790K(13212096K), 0.4453085 secs] 87561925K->75832642K(187275712K), 0.4457159 secs] [Times: user=2.47 sys=1.08, real=0.45 secs] 
2018-04-16T07:17:50.903+0800: 280429.899: [GC (Allocation Failure) 2018-04-16T07:17:50.904+0800: 280429.900: [ParNew: 11821918K->63031K(13212096K), 0.4430677 secs] 87576770K->75822621K(187275712K), 0.4434897 secs] [Times: user=2.37 sys=1.15, real=0.44 secs] 
2018-04-16T07:18:13.188+0800: 280452.184: [GC (Allocation Failure) 2018-04-16T07:18:13.189+0800: 280452.185: [ParNew: 11807159K->81117K(13212096K), 0.5758474 secs] 87566749K->75846507K(187275712K), 0.5762617 secs] [Times: user=4.01 sys=0.57, real=0.58 secs] 
2018-04-16T07:19:13.435+0800: 280512.431: [GC (Allocation Failure) 2018-04-16T07:19:13.435+0800: 280512.431: [ParNew: 11825245K->86270K(13212096K), 0.8165205 secs] 87590635K->75853597K(187275712K), 0.8169449 secs] [Times: user=4.60 sys=1.87, real=0.82 secs] 
2018-04-16T07:20:25.994+0800: 280584.990: [GC (Allocation Failure) 2018-04-16T07:20:25.994+0800: 280584.990: [ParNew: 11830398K->119444K(13212096K), 0.7351128 secs] 87597725K->75888706K(187275712K), 0.7355383 secs] [Times: user=4.60 sys=1.22, real=0.73 secs] 
2018-04-16T07:22:51.477+0800: 280730.473: [GC (Allocation Failure) 2018-04-16T07:22:51.477+0800: 280730.473: [ParNew: 11863572K->84762K(13212096K), 0.9103847 secs] 87632834K->75855821K(187275712K), 0.9108114 secs] [Times: user=6.09 sys=1.16, real=0.91 secs] 
2018-04-16T07:23:50.666+0800: 280789.662: [GC (Allocation Failure) 2018-04-16T07:23:50.666+0800: 280789.662: [ParNew: 11828890K->93976K(13212096K), 0.7722931 secs] 87599949K->75865209K(187275712K), 0.7727303 secs] [Times: user=4.97 sys=1.14, real=0.77 secs] 
2018-04-16T07:24:11.597+0800: 280810.593: [GC (Allocation Failure) 2018-04-16T07:24:11.598+0800: 280810.594: [ParNew: 11838104K->126785K(13212096K), 0.5123756 secs] 87609337K->75898150K(187275712K), 0.5128028 secs] [Times: user=3.52 sys=0.55, real=0.51 secs] 
2018-04-16T07:24:29.459+0800: 280828.455: [GC (Allocation Failure) 2018-04-16T07:24:29.459+0800: 280828.455: [ParNew: 11870913K->149343K(13212096K), 0.4872003 secs] 87642278K->75922297K(187275712K), 0.4876184 secs] [Times: user=3.56 sys=0.31, real=0.49 secs] 
2018-04-16T07:24:47.981+0800: 280846.977: [GC (Allocation Failure) 2018-04-16T07:24:47.981+0800: 280846.977: [ParNew: 11893471K->179355K(13212096K), 0.6218888 secs] 87666425K->75955351K(187275712K), 0.6223348 secs] [Times: user=3.64 sys=1.27, real=0.63 secs] 
2018-04-16T07:25:02.047+0800: 280861.043: [GC (Allocation Failure) 2018-04-16T07:25:02.047+0800: 280861.043: [ParNew: 11923483K->138047K(13212096K), 0.4928870 secs] 87699479K->75920112K(187275712K), 0.4933183 secs] [Times: user=3.57 sys=0.34, real=0.49 secs] 
2018-04-16T07:25:43.329+0800: 280902.325: [GC (Allocation Failure) 2018-04-16T07:25:43.329+0800: 280902.326: [ParNew: 11882175K->113481K(13212096K), 0.6069220 secs] 87664240K->75912461K(187275712K), 0.6073435 secs] [Times: user=3.66 sys=1.14, real=0.61 secs] 
2018-04-16T07:25:56.968+0800: 280915.964: [GC (Allocation Failure) 2018-04-16T07:25:56.968+0800: 280915.964: [ParNew: 11857609K->69699K(13212096K), 0.5729329 secs] 87656589K->75874519K(187275712K), 0.5733616 secs] [Times: user=3.10 sys=1.43, real=0.58 secs] 
2018-04-16T07:26:31.139+0800: 280950.135: [GC (Allocation Failure) 2018-04-16T07:26:31.139+0800: 280950.135: [ParNew: 11813827K->57511K(13212096K), 0.6718542 secs] 87618647K->75865874K(187275712K), 0.6722765 secs] [Times: user=4.18 sys=1.16, real=0.68 secs] 
2018-04-16T07:26:39.122+0800: 280958.118: [GC (Allocation Failure) 2018-04-16T07:26:39.122+0800: 280958.118: [ParNew: 11801639K->70547K(13212096K), 0.4412536 secs] 87610002K->75879973K(187275712K), 0.4416649 secs] [Times: user=3.47 sys=0.04, real=0.44 secs] 
2018-04-16T07:26:46.631+0800: 280965.628: [GC (Allocation Failure) 2018-04-16T07:26:46.632+0800: 280965.628: [ParNew: 11814675K->61459K(13212096K), 0.3973632 secs] 87624101K->75871985K(187275712K), 0.3977857 secs] [Times: user=3.16 sys=0.00, real=0.39 secs] 
2018-04-16T07:26:54.871+0800: 280973.867: [GC (Allocation Failure) 2018-04-16T07:26:54.871+0800: 280973.867: [ParNew: 11805587K->67508K(13212096K), 0.4207494 secs] 87616113K->75880565K(187275712K), 0.4211581 secs] [Times: user=3.34 sys=0.00, real=0.43 secs] 
2018-04-16T07:27:04.254+0800: 280983.250: [GC (Allocation Failure) 2018-04-16T07:27:04.254+0800: 280983.250: [ParNew: 11811636K->54517K(13212096K), 0.6167240 secs] 87624693K->75878014K(187275712K), 0.6171572 secs] [Times: user=4.00 sys=0.87, real=0.62 secs] 
2018-04-16T07:27:14.447+0800: 280993.443: [GC (Allocation Failure) 2018-04-16T07:27:14.447+0800: 280993.443: [ParNew: 11798645K->40868K(13212096K), 0.3937660 secs] 87622142K->75866646K(187275712K), 0.3941689 secs] [Times: user=2.15 sys=0.98, real=0.40 secs] 
2018-04-16T07:27:22.157+0800: 281001.153: [GC (Allocation Failure) 2018-04-16T07:27:22.157+0800: 281001.153: [ParNew: 11784996K->45792K(13212096K), 0.5083175 secs] 87610774K->75879125K(187275712K), 0.5087208 secs] [Times: user=3.73 sys=0.32, real=0.51 secs] 
2018-04-16T07:27:31.112+0800: 281010.108: [GC (Allocation Failure) 2018-04-16T07:27:31.112+0800: 281010.108: [ParNew: 11789920K->37930K(13212096K), 0.4250936 secs] 87623253K->75871844K(187275712K), 0.4255206 secs] [Times: user=3.35 sys=0.04, real=0.42 secs] 
2018-04-16T07:27:41.725+0800: 281020.721: [GC (Allocation Failure) 2018-04-16T07:27:41.725+0800: 281020.721: [ParNew: 11782058K->45591K(13212096K), 0.4335258 secs] 87615972K->75880638K(187275712K), 0.4339395 secs] [Times: user=3.28 sys=0.17, real=0.43 secs] 
2018-04-16T07:27:51.322+0800: 281030.318: [GC (Allocation Failure) 2018-04-16T07:27:51.322+0800: 281030.318: [ParNew: 11789719K->53325K(13212096K), 0.4394673 secs] 87624766K->75889595K(187275712K), 0.4398811 secs] [Times: user=3.48 sys=0.00, real=0.44 secs] 
2018-04-16T07:28:02.916+0800: 281041.912: [GC (Allocation Failure) 2018-04-16T07:28:02.916+0800: 281041.912: [ParNew: 11797453K->67268K(13212096K), 0.5899219 secs] 87633723K->75904979K(187275712K), 0.5903352 secs] [Times: user=3.36 sys=1.29, real=0.59 secs] 
2018-04-16T07:28:36.173+0800: 281075.169: [GC (Allocation Failure) 2018-04-16T07:28:36.173+0800: 281075.169: [ParNew: 11811396K->73811K(13212096K), 0.5699882 secs] 87649107K->75912844K(187275712K), 0.5704001 secs] [Times: user=3.45 sys=1.07, real=0.57 secs] 
2018-04-16T07:29:49.085+0800: 281148.081: [GC (Allocation Failure) 2018-04-16T07:29:49.086+0800: 281148.082: [ParNew: 11817939K->54820K(13212096K), 0.6550921 secs] 87656972K->75894702K(187275712K), 0.6555273 secs] [Times: user=3.12 sys=2.02, real=0.65 secs] 
2018-04-16T07:30:01.057+0800: 281160.053: [GC (Allocation Failure) 2018-04-16T07:30:01.057+0800: 281160.053: [ParNew: 11798948K->64374K(13212096K), 0.4892239 secs] 87638830K->75905084K(187275712K), 0.4896559 secs] [Times: user=3.59 sys=0.30, real=0.49 secs] 
2018-04-16T07:30:32.334+0800: 281191.330: [GC (Allocation Failure) 2018-04-16T07:30:32.334+0800: 281191.330: [ParNew: 11808502K->68191K(13212096K), 0.5209217 secs] 87649212K->75909837K(187275712K), 0.5213459 secs] [Times: user=3.47 sys=0.66, real=0.52 secs] 
2018-04-16T07:31:42.915+0800: 281261.911: [GC (Allocation Failure) 2018-04-16T07:31:42.915+0800: 281261.911: [ParNew: 11812319K->72340K(13212096K), 0.8354586 secs] 87653965K->75915946K(187275712K), 0.8358937 secs] [Times: user=4.38 sys=2.24, real=0.83 secs] 
2018-04-16T07:33:07.317+0800: 281346.313: [GC (Allocation Failure) 2018-04-16T07:33:07.318+0800: 281346.314: [ParNew: 11816468K->103552K(13212096K), 0.7578200 secs] 87660074K->75949599K(187275712K), 0.7582621 secs] [Times: user=3.66 sys=2.26, real=0.76 secs] 
2018-04-16T07:35:50.054+0800: 281509.050: [GC (Allocation Failure) 2018-04-16T07:35:50.054+0800: 281509.050: [ParNew: 11847680K->116297K(13212096K), 0.9800254 secs] 87693727K->75964536K(187275712K), 0.9804396 secs] [Times: user=5.97 sys=1.79, real=0.98 secs] 
2018-04-16T07:37:14.554+0800: 281593.550: [GC (Allocation Failure) 2018-04-16T07:37:14.554+0800: 281593.550: [ParNew: 11860425K->115228K(13212096K), 0.7665179 secs] 87708664K->75970599K(187275712K), 0.7669621 secs] [Times: user=4.90 sys=1.12, real=0.77 secs] 
2018-04-16T07:39:39.748+0800: 281738.744: [GC (Allocation Failure) 2018-04-16T07:39:39.748+0800: 281738.744: [ParNew: 11859356K->130814K(13212096K), 1.0158957 secs] 87714727K->75986820K(187275712K), 1.0163218 secs] [Times: user=5.91 sys=2.11, real=1.02 secs] 
2018-04-16T07:40:35.918+0800: 281794.914: [GC (Allocation Failure) 2018-04-16T07:40:35.919+0800: 281794.915: [ParNew: 11874942K->131044K(13212096K), 0.7902998 secs] 87730948K->75988653K(187275712K), 0.7907531 secs] [Times: user=5.41 sys=0.82, real=0.79 secs] 
2018-04-16T07:40:56.512+0800: 281815.508: [GC (Allocation Failure) 2018-04-16T07:40:56.512+0800: 281815.508: [ParNew: 11875172K->122479K(13212096K), 0.4690998 secs] 87732781K->75982755K(187275712K), 0.4695277 secs] [Times: user=3.41 sys=0.32, real=0.47 secs] 
2018-04-16T07:41:10.790+0800: 281829.786: [GC (Allocation Failure) 2018-04-16T07:41:10.791+0800: 281829.787: [ParNew: 11866607K->145354K(13212096K), 0.5241691 secs] 87726883K->76016147K(187275712K), 0.5245913 secs] [Times: user=3.73 sys=0.43, real=0.53 secs] 
2018-04-16T07:41:22.869+0800: 281841.865: [GC (Allocation Failure) 2018-04-16T07:41:22.870+0800: 281841.866: [ParNew: 11889482K->138517K(13212096K), 0.4325751 secs] 87760275K->76020658K(187275712K), 0.4329922 secs] [Times: user=3.37 sys=0.05, real=0.44 secs] 
2018-04-16T07:41:35.253+0800: 281854.249: [GC (Allocation Failure) 2018-04-16T07:41:35.253+0800: 281854.249: [ParNew: 11882645K->128403K(13212096K), 0.5665694 secs] 87764786K->76033737K(187275712K), 0.5670034 secs] [Times: user=3.01 sys=1.43, real=0.56 secs] 
2018-04-16T07:41:53.795+0800: 281872.791: [GC (Allocation Failure) 2018-04-16T07:41:53.795+0800: 281872.791: [ParNew: 11872531K->105907K(13212096K), 0.5157369 secs] 87777865K->76024186K(187275712K), 0.5161606 secs] [Times: user=3.69 sys=0.40, real=0.51 secs] 
2018-04-16T07:42:05.274+0800: 281884.270: [GC (Allocation Failure) 2018-04-16T07:42:05.274+0800: 281884.270: [ParNew: 11850035K->60812K(13212096K), 0.4558310 secs] 87768314K->75989540K(187275712K), 0.4562562 secs] [Times: user=3.37 sys=0.24, real=0.45 secs] 
2018-04-16T07:42:42.963+0800: 281921.959: [GC (Allocation Failure) 2018-04-16T07:42:42.963+0800: 281921.960: [ParNew: 11804940K->98525K(13212096K), 0.6671997 secs] 87733668K->76031920K(187275712K), 0.6676244 secs] [Times: user=3.24 sys=2.01, real=0.66 secs] 
2018-04-16T07:43:04.560+0800: 281943.556: [GC (Allocation Failure) 2018-04-16T07:43:04.560+0800: 281943.556: [ParNew: 11842653K->121294K(13212096K), 0.4703101 secs] 87776048K->76055424K(187275712K), 0.4707264 secs] [Times: user=3.58 sys=0.16, real=0.47 secs] 
2018-04-16T07:43:31.751+0800: 281970.747: [GC (Allocation Failure) 2018-04-16T07:43:31.752+0800: 281970.748: [ParNew: 11865422K->126559K(13212096K), 0.5804913 secs] 87799552K->76061923K(187275712K), 0.5808986 secs] [Times: user=3.80 sys=0.81, real=0.58 secs] 
2018-04-16T07:44:19.076+0800: 282018.072: [GC (Allocation Failure) 2018-04-16T07:44:19.076+0800: 282018.072: [ParNew: 11870687K->122727K(13212096K), 0.6652396 secs] 87806051K->76059146K(187275712K), 0.6656682 secs] [Times: user=3.19 sys=2.06, real=0.67 secs] 
2018-04-16T07:44:39.218+0800: 282038.214: [GC (Allocation Failure) 2018-04-16T07:44:39.219+0800: 282038.215: [ParNew: 11866855K->121299K(13212096K), 0.5142267 secs] 87803274K->76061325K(187275712K), 0.5146435 secs] [Times: user=3.60 sys=0.48, real=0.52 secs] 
2018-04-16T07:44:53.760+0800: 282052.756: [GC (Allocation Failure) 2018-04-16T07:44:53.760+0800: 282052.756: [ParNew: 11865427K->194943K(13212096K), 0.5528082 secs] 87805453K->76135663K(187275712K), 0.5532202 secs] [Times: user=3.94 sys=0.44, real=0.56 secs] 
2018-04-16T07:45:27.138+0800: 282086.134: [GC (Allocation Failure) 2018-04-16T07:45:27.138+0800: 282086.134: [ParNew: 11939071K->137578K(13212096K), 0.6490953 secs] 87879791K->76081731K(187275712K), 0.6495178 secs] [Times: user=3.53 sys=1.60, real=0.65 secs] 
2018-04-16T07:47:34.498+0800: 282213.495: [GC (Allocation Failure) 2018-04-16T07:47:34.499+0800: 282213.495: [ParNew: 11881706K->115477K(13212096K), 0.8780247 secs] 87825859K->76062135K(187275712K), 0.8784781 secs] [Times: user=5.74 sys=1.18, real=0.88 secs] 
2018-04-16T07:49:46.633+0800: 282345.629: [GC (Allocation Failure) 2018-04-16T07:49:46.633+0800: 282345.629: [ParNew: 11859605K->107090K(13212096K), 0.9000011 secs] 87806263K->76059066K(187275712K), 0.9004184 secs] [Times: user=4.60 sys=2.50, real=0.90 secs] 
2018-04-16T07:50:41.993+0800: 282400.989: [GC (Allocation Failure) 2018-04-16T07:50:41.993+0800: 282400.989: [ParNew: 11851218K->110892K(13212096K), 0.7098134 secs] 87803194K->76079241K(187275712K), 0.7102576 secs] [Times: user=4.42 sys=1.13, real=0.71 secs] 
2018-04-16T07:51:22.681+0800: 282441.677: [GC (Allocation Failure) 2018-04-16T07:51:22.681+0800: 282441.677: [ParNew: 11855020K->147010K(13212096K), 0.7061142 secs] 87823369K->76118631K(187275712K), 0.7065367 secs] [Times: user=3.99 sys=1.62, real=0.71 secs] 
2018-04-16T07:52:31.822+0800: 282510.818: [GC (Allocation Failure) 2018-04-16T07:52:31.822+0800: 282510.819: [ParNew: 11891138K->125766K(13212096K), 0.7527917 secs] 87862759K->76101572K(187275712K), 0.7532303 secs] [Times: user=4.77 sys=1.17, real=0.75 secs] 
2018-04-16T07:52:48.453+0800: 282527.449: [GC (Allocation Failure) 2018-04-16T07:52:48.453+0800: 282527.449: [ParNew: 11869894K->89894K(13212096K), 0.4170443 secs] 87845700K->76067975K(187275712K), 0.4174701 secs] [Times: user=3.23 sys=0.09, real=0.41 secs] 
2018-04-16T07:52:59.840+0800: 282538.836: [GC (Allocation Failure) 2018-04-16T07:52:59.840+0800: 282538.836: [ParNew: 11834022K->104593K(13212096K), 0.4290844 secs] 87812103K->76095033K(187275712K), 0.4294972 secs] [Times: user=3.31 sys=0.09, real=0.43 secs] 
2018-04-16T07:53:12.279+0800: 282551.275: [GC (Allocation Failure) 2018-04-16T07:53:12.279+0800: 282551.275: [ParNew: 11848721K->90990K(13212096K), 0.4093037 secs] 87839161K->76097733K(187275712K), 0.4097361 secs] [Times: user=3.22 sys=0.01, real=0.41 secs] 
2018-04-16T07:53:33.168+0800: 282572.164: [GC (Allocation Failure) 2018-04-16T07:53:33.169+0800: 282572.165: [ParNew: 11835118K->75502K(13212096K), 0.6038873 secs] 87841861K->76087392K(187275712K), 0.6043338 secs] [Times: user=2.77 sys=1.99, real=0.61 secs] 
2018-04-16T07:53:58.141+0800: 282597.137: [GC (Allocation Failure) 2018-04-16T07:53:58.141+0800: 282597.137: [ParNew: 11819630K->75072K(13212096K), 0.5687804 secs] 87831520K->76097831K(187275712K), 0.5692021 secs] [Times: user=3.56 sys=0.94, real=0.56 secs] 
2018-04-16T07:54:18.826+0800: 282617.822: [GC (Allocation Failure) 2018-04-16T07:54:18.826+0800: 282617.822: [ParNew: 11819200K->73190K(13212096K), 0.5291016 secs] 87841959K->76107355K(187275712K), 0.5295232 secs] [Times: user=3.65 sys=0.56, real=0.53 secs] 
2018-04-16T07:54:38.766+0800: 282637.762: [GC (Allocation Failure) 2018-04-16T07:54:38.767+0800: 282637.763: [ParNew: 11817318K->56546K(13212096K), 0.6296737 secs] 87851483K->76091938K(187275712K), 0.6301059 secs] [Times: user=3.26 sys=1.70, real=0.63 secs] 
2018-04-16T07:55:08.931+0800: 282667.927: [GC (Allocation Failure) 2018-04-16T07:55:08.931+0800: 282667.927: [ParNew: 11800674K->50014K(13212096K), 0.5003431 secs] 87836066K->76086709K(187275712K), 0.5007600 secs] [Times: user=3.25 sys=0.74, real=0.51 secs] 
2018-04-16T07:55:40.337+0800: 282699.333: [GC (Allocation Failure) 2018-04-16T07:55:40.337+0800: 282699.333: [ParNew: 11794142K->46488K(13212096K), 0.4789890 secs] 87830837K->76085739K(187275712K), 0.4794142 secs] [Times: user=3.35 sys=0.46, real=0.48 secs] 
2018-04-16T07:56:03.733+0800: 282722.729: [GC (Allocation Failure) 2018-04-16T07:56:03.733+0800: 282722.729: [ParNew: 11790616K->50160K(13212096K), 0.6142340 secs] 87829867K->76091296K(187275712K), 0.6146741 secs] [Times: user=3.12 sys=1.72, real=0.61 secs] 
2018-04-16T07:56:26.607+0800: 282745.603: [GC (Allocation Failure) 2018-04-16T07:56:26.608+0800: 282745.604: [ParNew: 11794288K->33657K(13212096K), 0.5804430 secs] 87835424K->76076886K(187275712K), 0.5808697 secs] [Times: user=3.63 sys=1.00, real=0.58 secs] 
2018-04-16T07:56:44.794+0800: 282763.790: [GC (Allocation Failure) 2018-04-16T07:56:44.794+0800: 282763.790: [ParNew: 11777785K->43401K(13212096K), 0.5160379 secs] 87821014K->76087488K(187275712K), 0.5164470 secs] [Times: user=3.80 sys=0.30, real=0.51 secs] 
2018-04-16T07:57:17.537+0800: 282796.533: [GC (Allocation Failure) 2018-04-16T07:57:17.537+0800: 282796.533: [ParNew: 11787529K->51881K(13212096K), 0.7468436 secs] 87831616K->76096563K(187275712K), 0.7472723 secs] [Times: user=4.60 sys=1.30, real=0.75 secs] 
2018-04-16T07:57:44.627+0800: 282823.623: [GC (Allocation Failure) 2018-04-16T07:57:44.627+0800: 282823.623: [ParNew: 11796009K->55381K(13212096K), 0.5171016 secs] 87840691K->76100939K(187275712K), 0.5175187 secs] [Times: user=4.10 sys=0.00, real=0.52 secs] 
2018-04-16T07:57:59.237+0800: 282838.233: [GC (Allocation Failure) 2018-04-16T07:57:59.237+0800: 282838.233: [ParNew: 11799509K->49210K(13212096K), 0.4093058 secs] 87845067K->76096279K(187275712K), 0.4097304 secs] [Times: user=3.25 sys=0.00, real=0.41 secs] 
2018-04-16T07:58:19.678+0800: 282858.674: [GC (Allocation Failure) 2018-04-16T07:58:19.679+0800: 282858.675: [ParNew: 11793338K->63889K(13212096K), 0.6138183 secs] 87840407K->76112900K(187275712K), 0.6142514 secs] [Times: user=4.30 sys=0.55, real=0.62 secs] 
2018-04-16T07:58:32.351+0800: 282871.347: [GC (Allocation Failure) 2018-04-16T07:58:32.351+0800: 282871.347: [ParNew: 11808017K->63577K(13212096K), 0.4263728 secs] 87857028K->76113297K(187275712K), 0.4267977 secs] [Times: user=3.26 sys=0.13, real=0.43 secs] 
2018-04-16T07:58:39.769+0800: 282878.765: [GC (Allocation Failure) 2018-04-16T07:58:39.769+0800: 282878.765: [ParNew: 11807705K->75141K(13212096K), 0.4446889 secs] 87857425K->76126869K(187275712K), 0.4451068 secs] [Times: user=3.49 sys=0.05, real=0.45 secs] 
2018-04-16T07:58:49.081+0800: 282888.077: [GC (Allocation Failure) 2018-04-16T07:58:49.081+0800: 282888.077: [ParNew: 11819269K->84283K(13212096K), 0.5125330 secs] 87870997K->76140341K(187275712K), 0.5129573 secs] [Times: user=3.74 sys=0.34, real=0.52 secs] 
2018-04-16T07:59:03.536+0800: 282902.532: [GC (Allocation Failure) 2018-04-16T07:59:03.537+0800: 282902.533: [ParNew: 11828411K->90759K(13212096K), 0.5995711 secs] 87884469K->76151932K(187275712K), 0.5999911 secs] [Times: user=3.80 sys=0.95, real=0.60 secs] 
2018-04-16T07:59:22.908+0800: 282921.904: [GC (Allocation Failure) 2018-04-16T07:59:22.909+0800: 282921.905: [ParNew: 11834887K->85443K(13212096K), 0.5025734 secs] 87896060K->76149264K(187275712K), 0.5029959 secs] [Times: user=3.30 sys=0.71, real=0.51 secs] 
2018-04-16T07:59:35.858+0800: 282934.854: [GC (Allocation Failure) 2018-04-16T07:59:35.859+0800: 282934.855: [ParNew: 11829571K->109616K(13212096K), 0.4691772 secs] 87893392K->76177067K(187275712K), 0.4696034 secs] [Times: user=2.39 sys=1.32, real=0.47 secs] 
2018-04-16T07:59:46.719+0800: 282945.715: [GC (Allocation Failure) 2018-04-16T07:59:46.719+0800: 282945.715: [ParNew: 11853744K->115441K(13212096K), 0.4579385 secs] 87921195K->76183540K(187275712K), 0.4583552 secs] [Times: user=2.55 sys=1.09, real=0.46 secs] 
2018-04-16T07:59:54.127+0800: 282953.123: [GC (Allocation Failure) 2018-04-16T07:59:54.127+0800: 282953.123: [ParNew: 11859569K->116719K(13212096K), 0.4164371 secs] 87927668K->76185439K(187275712K), 0.4168544 secs] [Times: user=3.32 sys=0.00, real=0.42 secs] 
2018-04-16T08:00:04.612+0800: 282963.608: [GC (Allocation Failure) 2018-04-16T08:00:04.612+0800: 282963.608: [ParNew: 11860847K->99884K(13212096K), 0.5861524 secs] 87929567K->76169209K(187275712K), 0.5865350 secs] [Times: user=3.02 sys=1.62, real=0.58 secs] 
2018-04-16T08:00:25.632+0800: 282984.628: [GC (Allocation Failure) 2018-04-16T08:00:25.632+0800: 282984.628: [ParNew: 11844012K->48556K(13212096K), 0.4531287 secs] 87913337K->76119812K(187275712K), 0.4534759 secs] [Times: user=2.30 sys=1.30, real=0.45 secs] 
2018-04-16T08:00:49.562+0800: 283008.558: [GC (Allocation Failure) 2018-04-16T08:00:49.562+0800: 283008.558: [ParNew: 11792684K->48250K(13212096K), 0.4885527 secs] 87863940K->76122270K(187275712K), 0.4889126 secs] [Times: user=3.32 sys=0.55, real=0.49 secs] 
2018-04-16T08:01:00.716+0800: 283019.712: [GC (Allocation Failure) 2018-04-16T08:01:00.717+0800: 283019.713: [ParNew: 11792378K->48970K(13212096K), 0.3805631 secs] 87866398K->76127766K(187275712K), 0.3809760 secs] [Times: user=3.02 sys=0.00, real=0.38 secs] 
2018-04-16T08:01:09.374+0800: 283028.370: [GC (Allocation Failure) 2018-04-16T08:01:09.374+0800: 283028.370: [ParNew: 11793098K->46522K(13212096K), 0.5825174 secs] 87871894K->76126877K(187275712K), 0.5829727 secs] [Times: user=2.85 sys=1.75, real=0.58 secs] 
2018-04-16T08:01:25.263+0800: 283044.259: [GC (Allocation Failure) 2018-04-16T08:01:25.263+0800: 283044.259: [ParNew: 11790650K->38012K(13212096K), 0.4814432 secs] 87871005K->76119498K(187275712K), 0.4818555 secs] [Times: user=3.42 sys=0.42, real=0.48 secs] 
2018-04-16T08:01:41.188+0800: 283060.184: [GC (Allocation Failure) 2018-04-16T08:01:41.188+0800: 283060.184: [ParNew: 11782140K->59786K(13212096K), 0.4434803 secs] 87863626K->76144200K(187275712K), 0.4438952 secs] [Times: user=3.23 sys=0.28, real=0.45 secs] 
2018-04-16T08:02:36.698+0800: 283115.694: [GC (Allocation Failure) 2018-04-16T08:02:36.698+0800: 283115.694: [ParNew: 11803914K->58350K(13212096K), 0.7120832 secs] 87888328K->76145314K(187275712K), 0.7125296 secs] [Times: user=3.66 sys=1.93, real=0.71 secs] 
2018-04-16T08:05:05.435+0800: 283264.431: [GC (Allocation Failure) 2018-04-16T08:05:05.435+0800: 283264.431: [ParNew: 11802478K->76359K(13212096K), 1.0028708 secs] 87889442K->76166179K(187275712K), 1.0032803 secs] [Times: user=6.00 sys=1.97, real=1.00 secs] 
2018-04-16T08:07:23.110+0800: 283402.106: [GC (Allocation Failure) 2018-04-16T08:07:23.110+0800: 283402.106: [ParNew: 11820487K->84398K(13212096K), 0.9182546 secs] 87910307K->76175200K(187275712K), 0.9186835 secs] [Times: user=5.34 sys=1.93, real=0.92 secs] 
2018-04-16T08:10:43.895+0800: 283602.891: [GC (Allocation Failure) 2018-04-16T08:10:43.896+0800: 283602.892: [ParNew: 11828526K->92785K(13212096K), 0.9818092 secs] 87919328K->76184130K(187275712K), 0.9822432 secs] [Times: user=5.57 sys=2.16, real=0.98 secs] 
2018-04-16T08:12:22.579+0800: 283701.575: [GC (Allocation Failure) 2018-04-16T08:12:22.579+0800: 283701.575: [ParNew: 11836913K->116627K(13212096K), 1.0010565 secs] 87928258K->76208588K(187275712K), 1.0014755 secs] [Times: user=5.86 sys=2.08, real=1.00 secs] 
2018-04-16T08:12:54.316+0800: 283733.312: [GC (Allocation Failure) 2018-04-16T08:12:54.317+0800: 283733.313: [ParNew: 11860755K->149346K(13212096K), 0.5195242 secs] 87952716K->76242670K(187275712K), 0.5199551 secs] [Times: user=3.63 sys=0.51, real=0.52 secs] 
2018-04-16T08:13:38.288+0800: 283777.284: [GC (Allocation Failure) 2018-04-16T08:13:38.289+0800: 283777.285: [ParNew: 11893474K->137332K(13212096K), 0.5983369 secs] 87986798K->76234340K(187275712K), 0.5987728 secs] [Times: user=4.38 sys=0.30, real=0.60 secs] 
2018-04-16T08:14:39.760+0800: 283838.756: [GC (Allocation Failure) 2018-04-16T08:14:39.760+0800: 283838.756: [ParNew: 11881460K->152667K(13212096K), 0.6032929 secs] 87978468K->76258408K(187275712K), 0.6037232 secs] [Times: user=3.68 sys=1.05, real=0.61 secs] 
2018-04-16T08:16:47.291+0800: 283966.287: [GC (Allocation Failure) 2018-04-16T08:16:47.291+0800: 283966.287: [ParNew: 11896795K->132150K(13212096K), 0.9472357 secs] 88002536K->76245168K(187275712K), 0.9476594 secs] [Times: user=4.65 sys=2.86, real=0.95 secs] 
2018-04-16T08:18:07.534+0800: 284046.530: [GC (Allocation Failure) 2018-04-16T08:18:07.534+0800: 284046.530: [ParNew: 11876278K->135324K(13212096K), 0.8210415 secs] 87989296K->76256363K(187275712K), 0.8214753 secs] [Times: user=5.06 sys=1.43, real=0.82 secs] 
2018-04-16T08:18:39.895+0800: 284078.891: [GC (Allocation Failure) 2018-04-16T08:18:39.896+0800: 284078.892: [ParNew: 11879452K->137726K(13212096K), 0.5891431 secs] 88000491K->76266837K(187275712K), 0.5895701 secs] [Times: user=3.25 sys=1.41, real=0.59 secs] 
2018-04-16T08:18:52.064+0800: 284091.060: [GC (Allocation Failure) 2018-04-16T08:18:52.064+0800: 284091.060: [ParNew: 11881854K->158403K(13212096K), 0.5164719 secs] 88010965K->76288345K(187275712K), 0.5168817 secs] [Times: user=3.73 sys=0.37, real=0.51 secs] 
2018-04-16T08:19:38.243+0800: 284137.239: [GC (Allocation Failure) 2018-04-16T08:19:38.243+0800: 284137.239: [ParNew: 11902531K->150307K(13212096K), 0.7455328 secs] 88032473K->76284351K(187275712K), 0.7459550 secs] [Times: user=3.84 sys=2.04, real=0.74 secs] 
2018-04-16T08:21:46.224+0800: 284265.220: [GC (Allocation Failure) 2018-04-16T08:21:46.224+0800: 284265.220: [ParNew: 11894435K->117902K(13212096K), 0.9592803 secs] 88028479K->76257653K(187275712K), 0.9596769 secs] [Times: user=6.13 sys=1.49, real=0.96 secs] 
2018-04-16T08:23:37.257+0800: 284376.253: [GC (Allocation Failure) 2018-04-16T08:23:37.257+0800: 284376.253: [ParNew: 11862030K->121269K(13212096K), 0.7359288 secs] 88001781K->76271885K(187275712K), 0.7363477 secs] [Times: user=4.66 sys=1.12, real=0.74 secs] 
2018-04-16T08:26:24.001+0800: 284542.997: [GC (Allocation Failure) 2018-04-16T08:26:24.001+0800: 284542.997: [ParNew: 11865397K->119712K(13212096K), 1.1091291 secs] 88016013K->76280114K(187275712K), 1.1095531 secs] [Times: user=6.47 sys=2.29, real=1.11 secs] 
2018-04-16T08:29:44.300+0800: 284743.296: [GC (Allocation Failure) 2018-04-16T08:29:44.301+0800: 284743.297: [ParNew: 11863840K->121907K(13212096K), 0.9833421 secs] 88024242K->76283147K(187275712K), 0.9837638 secs] [Times: user=5.85 sys=1.81, real=0.99 secs] 
2018-04-16T08:30:20.883+0800: 284779.880: [GC (Allocation Failure) 2018-04-16T08:30:20.884+0800: 284779.880: [ParNew: 11866035K->131288K(13212096K), 0.5893553 secs] 88027275K->76292661K(187275712K), 0.5897764 secs] [Times: user=3.71 sys=0.99, real=0.59 secs] 
2018-04-16T08:31:43.113+0800: 284862.109: [GC (Allocation Failure) 2018-04-16T08:31:43.113+0800: 284862.109: [ParNew: 11875416K->105029K(13212096K), 0.7295409 secs] 88036789K->76268385K(187275712K), 0.7299557 secs] [Times: user=4.95 sys=0.82, real=0.73 secs] 
2018-04-16T08:32:10.736+0800: 284889.732: [GC (Allocation Failure) 2018-04-16T08:32:10.736+0800: 284889.732: [ParNew: 11849157K->127888K(13212096K), 0.4832998 secs] 88012513K->76298140K(187275712K), 0.4837100 secs] [Times: user=3.55 sys=0.28, real=0.48 secs] 
2018-04-16T08:32:23.344+0800: 284902.340: [GC (Allocation Failure) 2018-04-16T08:32:23.344+0800: 284902.340: [ParNew: 11872016K->134559K(13212096K), 0.4755079 secs] 88042268K->76319515K(187275712K), 0.4759208 secs] [Times: user=3.56 sys=0.21, real=0.47 secs] 
2018-04-16T08:32:32.278+0800: 284911.274: [GC (Allocation Failure) 2018-04-16T08:32:32.278+0800: 284911.274: [ParNew: 11878687K->129568K(13212096K), 0.4426794 secs] 88063643K->76324759K(187275712K), 0.4430946 secs] [Times: user=3.51 sys=0.01, real=0.45 secs] 
2018-04-16T08:32:40.457+0800: 284919.453: [GC (Allocation Failure) 2018-04-16T08:32:40.457+0800: 284919.453: [ParNew: 11873696K->106862K(13212096K), 0.5807404 secs] 88068887K->76313380K(187275712K), 0.5811587 secs] [Times: user=3.01 sys=1.58, real=0.58 secs] 
2018-04-16T08:32:57.636+0800: 284936.632: [GC (Allocation Failure) 2018-04-16T08:32:57.636+0800: 284936.632: [ParNew: 11850990K->67261K(13212096K), 0.4210398 secs] 88057508K->76282811K(187275712K), 0.4214514 secs] [Times: user=2.32 sys=1.02, real=0.42 secs] 
2018-04-16T08:33:09.852+0800: 284948.848: [GC (Allocation Failure) 2018-04-16T08:33:09.852+0800: 284948.848: [ParNew: 11811389K->70734K(13212096K), 0.4408008 secs] 88026939K->76292765K(187275712K), 0.4411960 secs] [Times: user=2.30 sys=1.20, real=0.44 secs] 
2018-04-16T08:33:23.436+0800: 284962.432: [GC (Allocation Failure) 2018-04-16T08:33:23.437+0800: 284962.433: [ParNew: 11814862K->61447K(13212096K), 0.4081334 secs] 88036893K->76288603K(187275712K), 0.4085421 secs] [Times: user=2.84 sys=0.40, real=0.41 secs] 
2018-04-16T08:33:36.086+0800: 284975.082: [GC (Allocation Failure) 2018-04-16T08:33:36.086+0800: 284975.082: [ParNew: 11805575K->38197K(13212096K), 0.3829313 secs] 88032731K->76266258K(187275712K), 0.3837663 secs] [Times: user=2.11 sys=0.93, real=0.38 secs] 
2018-04-16T08:33:52.823+0800: 284991.819: [GC (Allocation Failure) 2018-04-16T08:33:52.824+0800: 284991.820: [ParNew: 11782325K->38948K(13212096K), 0.5889732 secs] 88010386K->76270209K(187275712K), 0.5893862 secs] [Times: user=2.78 sys=1.87, real=0.59 secs] 
2018-04-16T08:34:51.752+0800: 285050.748: [GC (Allocation Failure) 2018-04-16T08:34:51.752+0800: 285050.748: [ParNew: 11783076K->49511K(13212096K), 0.6057227 secs] 88014337K->76280915K(187275712K), 0.6061335 secs] [Times: user=3.69 sys=1.12, real=0.60 secs] 
2018-04-16T08:35:36.036+0800: 285095.032: [GC (Allocation Failure) 2018-04-16T08:35:36.036+0800: 285095.032: [ParNew: 11793639K->43770K(13212096K), 0.5973325 secs] 88025043K->76275657K(187275712K), 0.5977802 secs] [Times: user=2.94 sys=1.77, real=0.60 secs] 
2018-04-16T08:36:42.017+0800: 285161.013: [GC (Allocation Failure) 2018-04-16T08:36:42.017+0800: 285161.013: [ParNew: 11787898K->59782K(13212096K), 0.6367400 secs] 88019785K->76292298K(187275712K), 0.6371021 secs] [Times: user=3.74 sys=1.32, real=0.64 secs] 
2018-04-16T08:37:06.846+0800: 285185.843: [GC (Allocation Failure) 2018-04-16T08:37:06.847+0800: 285185.843: [ParNew: 11803910K->56473K(13212096K), 0.5727524 secs] 88036426K->76289393K(187275712K), 0.5731589 secs] [Times: user=3.25 sys=1.29, real=0.57 secs] 
2018-04-16T08:37:57.620+0800: 285236.616: [GC (Allocation Failure) 2018-04-16T08:37:57.620+0800: 285236.616: [ParNew: 11800601K->58932K(13212096K), 0.5977781 secs] 88033521K->76291960K(187275712K), 0.5981857 secs] [Times: user=3.59 sys=1.17, real=0.60 secs] 
2018-04-16T08:38:14.809+0800: 285253.805: [GC (Allocation Failure) 2018-04-16T08:38:14.809+0800: 285253.805: [ParNew: 11803060K->67513K(13212096K), 0.3850655 secs] 88036088K->76301226K(187275712K), 0.3854687 secs] [Times: user=3.06 sys=0.00, real=0.39 secs] 
2018-04-16T08:38:30.362+0800: 285269.358: [GC (Allocation Failure) 2018-04-16T08:38:30.362+0800: 285269.358: [ParNew: 11811641K->60669K(13212096K), 0.5538180 secs] 88045354K->76303027K(187275712K), 0.5542420 secs] [Times: user=2.99 sys=1.34, real=0.55 secs] 
2018-04-16T08:38:42.668+0800: 285281.664: [GC (Allocation Failure) 2018-04-16T08:38:42.668+0800: 285281.664: [ParNew: 11804797K->67930K(13212096K), 0.4158074 secs] 88047155K->76312227K(187275712K), 0.4162142 secs] [Times: user=3.18 sys=0.12, real=0.42 secs] 
2018-04-16T08:39:00.358+0800: 285299.354: [GC (Allocation Failure) 2018-04-16T08:39:00.358+0800: 285299.354: [ParNew: 11812058K->83924K(13212096K), 0.5067547 secs] 88056355K->76335916K(187275712K), 0.5071658 secs] [Times: user=3.59 sys=0.42, real=0.51 secs] 
2018-04-16T08:39:30.670+0800: 285329.666: [GC (Allocation Failure) 2018-04-16T08:39:30.670+0800: 285329.666: [ParNew: 11828052K->77712K(13212096K), 0.6104388 secs] 88080044K->76330603K(187275712K), 0.6108627 secs] [Times: user=3.00 sys=1.83, real=0.61 secs] 
2018-04-16T08:39:59.100+0800: 285358.096: [GC (Allocation Failure) 2018-04-16T08:39:59.100+0800: 285358.096: [ParNew: 11821840K->91077K(13212096K), 0.4988199 secs] 88074731K->76347811K(187275712K), 0.4992335 secs] [Times: user=3.62 sys=0.33, real=0.50 secs] 
2018-04-16T08:40:14.867+0800: 285373.863: [GC (Allocation Failure) 2018-04-16T08:40:14.867+0800: 285373.863: [ParNew: 11835205K->74599K(13212096K), 0.4634066 secs] 88091939K->76333232K(187275712K), 0.4638142 secs] [Times: user=3.51 sys=0.18, real=0.46 secs] 
2018-04-16T08:40:26.143+0800: 285385.139: [GC (Allocation Failure) 2018-04-16T08:40:26.143+0800: 285385.139: [ParNew: 11818727K->83344K(13212096K), 0.4610341 secs] 88077360K->76343500K(187275712K), 0.4614432 secs] [Times: user=3.47 sys=0.20, real=0.46 secs] 
2018-04-16T08:40:41.999+0800: 285400.995: [GC (Allocation Failure) 2018-04-16T08:40:41.999+0800: 285400.995: [ParNew: 11827472K->66179K(13212096K), 0.6083375 secs] 88087628K->76327971K(187275712K), 0.6087653 secs] [Times: user=3.44 sys=1.37, real=0.61 secs] 
2018-04-16T08:41:02.382+0800: 285421.378: [GC (Allocation Failure) 2018-04-16T08:41:02.382+0800: 285421.378: [ParNew: 11810307K->70026K(13212096K), 0.5847279 secs] 88072099K->76333898K(187275712K), 0.5851363 secs] [Times: user=4.63 sys=0.03, real=0.58 secs] 
2018-04-16T08:41:20.877+0800: 285439.873: [GC (Allocation Failure) 2018-04-16T08:41:20.877+0800: 285439.873: [ParNew: 11814154K->88108K(13212096K), 0.5274212 secs] 88078026K->76352601K(187275712K), 0.5278267 secs] [Times: user=3.70 sys=0.50, real=0.53 secs] 
2018-04-16T08:41:41.498+0800: 285460.494: [GC (Allocation Failure) 2018-04-16T08:41:41.499+0800: 285460.495: [ParNew: 11832236K->75766K(13212096K), 0.6271947 secs] 88096729K->76341329K(187275712K), 0.6276075 secs] [Times: user=3.33 sys=1.64, real=0.63 secs] 
2018-04-16T08:42:02.141+0800: 285481.137: [GC (Allocation Failure) 2018-04-16T08:42:02.141+0800: 285481.137: [ParNew: 11819894K->67660K(13212096K), 0.4328676 secs] 88085457K->76334153K(187275712K), 0.4332750 secs] [Times: user=3.43 sys=0.01, real=0.43 secs] 
2018-04-16T08:42:19.576+0800: 285498.572: [GC (Allocation Failure) 2018-04-16T08:42:19.576+0800: 285498.572: [ParNew: 11811788K->80268K(13212096K), 0.4580346 secs] 88078281K->76347295K(187275712K), 0.4584437 secs] [Times: user=3.37 sys=0.28, real=0.46 secs] 
2018-04-16T08:42:37.659+0800: 285516.656: [GC (Allocation Failure) 2018-04-16T08:42:37.660+0800: 285516.656: [ParNew: 11824396K->75256K(13212096K), 0.4829532 secs] 88091423K->76343883K(187275712K), 0.4833471 secs] [Times: user=3.49 sys=0.36, real=0.49 secs] 
2018-04-16T08:42:53.991+0800: 285532.987: [GC (Allocation Failure) 2018-04-16T08:42:53.991+0800: 285532.987: [ParNew: 11819384K->102622K(13212096K), 0.5928238 secs] 88088011K->76372926K(187275712K), 0.5932536 secs] [Times: user=3.14 sys=1.53, real=0.60 secs] 
2018-04-16T08:43:10.474+0800: 285549.470: [GC (Allocation Failure) 2018-04-16T08:43:10.475+0800: 285549.471: [ParNew: 11846750K->101087K(13212096K), 0.4791427 secs] 88117054K->76374985K(187275712K), 0.4795449 secs] [Times: user=3.57 sys=0.24, real=0.48 secs] 
2018-04-16T08:43:20.851+0800: 285559.847: [GC (Allocation Failure) 2018-04-16T08:43:20.851+0800: 285559.847: [ParNew: 11845215K->101809K(13212096K), 0.4509024 secs] 88119113K->76378354K(187275712K), 0.4513130 secs] [Times: user=3.34 sys=0.23, real=0.46 secs] 
2018-04-16T08:43:39.055+0800: 285578.051: [GC (Allocation Failure) 2018-04-16T08:43:39.055+0800: 285578.051: [ParNew: 11845937K->87333K(13212096K), 0.5078718 secs] 88122482K->76371315K(187275712K), 0.5082863 secs] [Times: user=3.63 sys=0.40, real=0.51 secs] 
2018-04-16T08:43:58.540+0800: 285597.536: [GC (Allocation Failure) 2018-04-16T08:43:58.540+0800: 285597.536: [ParNew: 11831461K->61655K(13212096K), 0.5920372 secs] 88115443K->76349864K(187275712K), 0.5925061 secs] [Times: user=3.95 sys=0.72, real=0.60 secs] 
2018-04-16T08:44:18.432+0800: 285617.428: [GC (Allocation Failure) 2018-04-16T08:44:18.432+0800: 285617.428: [ParNew: 11805783K->68260K(13212096K), 0.4586715 secs] 88093992K->76361281K(187275712K), 0.4590854 secs] [Times: user=3.33 sys=0.32, real=0.45 secs] 
2018-04-16T08:45:13.664+0800: 285672.660: [GC (Allocation Failure) 2018-04-16T08:45:13.665+0800: 285672.661: [ParNew: 11812388K->91635K(13212096K), 0.5731545 secs] 88105409K->76387696K(187275712K), 0.5735716 secs] [Times: user=4.54 sys=0.00, real=0.57 secs] 
2018-04-16T08:45:46.346+0800: 285705.342: [GC (Allocation Failure) 2018-04-16T08:45:46.346+0800: 285705.342: [ParNew: 11835763K->92609K(13212096K), 0.6637227 secs] 88131824K->76392042K(187275712K), 0.6641576 secs] [Times: user=3.37 sys=1.89, real=0.66 secs] 
2018-04-16T08:46:44.087+0800: 285763.083: [GC (Allocation Failure) 2018-04-16T08:46:44.088+0800: 285763.084: [ParNew: 11836737K->97355K(13212096K), 0.8238966 secs] 88136170K->76399523K(187275712K), 0.8243175 secs] [Times: user=5.61 sys=0.95, real=0.83 secs] 
2018-04-16T08:48:58.998+0800: 285897.995: [GC (Allocation Failure) 2018-04-16T08:48:58.999+0800: 285897.995: [ParNew: 11841483K->91761K(13212096K), 0.7818078 secs] 88143651K->76395863K(187275712K), 0.7822453 secs] [Times: user=4.00 sys=2.19, real=0.78 secs] 
2018-04-16T08:50:45.953+0800: 286004.949: [GC (Allocation Failure) 2018-04-16T08:50:45.953+0800: 286004.949: [ParNew: 11835889K->108542K(13212096K), 0.9079750 secs] 88139991K->76414982K(187275712K), 0.9084177 secs] [Times: user=4.50 sys=2.69, real=0.91 secs] 
2018-04-16T08:51:32.204+0800: 286051.200: [GC (Allocation Failure) 2018-04-16T08:51:32.204+0800: 286051.200: [ParNew: 11852670K->106341K(13212096K), 0.6059784 secs] 88159110K->76415526K(187275712K), 0.6064045 secs] [Times: user=3.52 sys=1.31, real=0.60 secs] 
2018-04-16T08:51:45.750+0800: 286064.746: [GC (Allocation Failure) 2018-04-16T08:51:45.750+0800: 286064.746: [ParNew: 11850469K->115782K(13212096K), 0.4973439 secs] 88159654K->76430856K(187275712K), 0.4977690 secs] [Times: user=2.69 sys=1.25, real=0.50 secs] 
2018-04-16T08:53:22.828+0800: 286161.824: [GC (Allocation Failure) 2018-04-16T08:53:22.828+0800: 286161.824: [ParNew: 11859910K->85121K(13212096K), 0.7575255 secs] 88174984K->76404321K(187275712K), 0.7579779 secs] [Times: user=5.00 sys=1.00, real=0.76 secs] 
2018-04-16T08:56:53.897+0800: 286372.893: [GC (Allocation Failure) 2018-04-16T08:56:53.897+0800: 286372.893: [ParNew: 11829249K->87565K(13212096K), 1.0272321 secs] 88148449K->76411490K(187275712K), 1.0276533 secs] [Times: user=6.32 sys=1.81, real=1.03 secs] 
2018-04-16T08:58:15.677+0800: 286454.673: [GC (Allocation Failure) 2018-04-16T08:58:15.677+0800: 286454.673: [ParNew: 11831693K->82017K(13212096K), 0.7824942 secs] 88155618K->76414476K(187275712K), 0.7829266 secs] [Times: user=4.65 sys=1.45, real=0.78 secs] 
2018-04-16T08:59:18.180+0800: 286517.176: [GC (Allocation Failure) 2018-04-16T08:59:18.180+0800: 286517.176: [ParNew: 11826145K->89194K(13212096K), 0.5974008 secs] 88158604K->76434931K(187275712K), 0.5978236 secs] [Times: user=4.72 sys=0.00, real=0.60 secs] 
